
> app@0.0.0 test
> vitest run


[1m[46m RUN [49m[22m [36mv4.0.18 [39m[90mC:/Users/chris/Dev/Projects/TheFantasyWorldSimulator[39m

21.18.22 [vite] (ssr) warning: Duplicate key "loyalty_ambition" in object literal
76 |          honesty_cunning: 0.0,
77 |          sacrifice_survival: 0.4,
78 |          loyalty_ambition: 0.5,
   |          ^
79 |          tradition_novelty: 0.1,
80 |          preservation_transformation: -0.2,

  Plugin: vite:esbuild
  File: C:/Users/chris/Dev/Projects/TheFantasyWorldSimulator/src/engine/__tests__/traceBuffer-integration.test.ts
21.18.22 [vite] (ssr) warning: Duplicate key "mercy_ruthlessness" in object literal
79 |          tradition_novelty: 0.1,
80 |          preservation_transformation: -0.2,
81 |          mercy_ruthlessness: 0.0,
   |          ^
82 |          asceticism_extravagance: 0.3,
83 |        },

  Plugin: vite:esbuild
  File: C:/Users/chris/Dev/Projects/TheFantasyWorldSimulator/src/engine/__tests__/traceBuffer-integration.test.ts
21.18.22 [vite] (ssr) warning: Duplicate key "loyalty_ambition" in object literal
26 |        honesty_cunning: -0.4,
27 |        sacrifice_survival: 0.1,
28 |        loyalty_ambition: 0.5,
   |        ^
29 |        tradition_novelty: -0.2,
30 |        restraint_indulgence: 0.0,

  Plugin: vite:esbuild
  File: C:/Users/chris/Dev/Projects/TheFantasyWorldSimulator/src/engine/__tests__/content-layer1-integration.test.ts
21.18.22 [vite] (ssr) warning: Duplicate key "loyalty_ambition" in object literal
72 |          honesty_cunning: 0.0,
73 |          sacrifice_survival: 0.4,
74 |          loyalty_ambition: 0.5,
   |          ^
75 |          tradition_novelty: 0.1,
76 |          preservation_transformation: -0.2,

  Plugin: vite:esbuild
  File: C:/Users/chris/Dev/Projects/TheFantasyWorldSimulator/src/engine/__tests__/visibility-integration.test.ts
21.18.22 [vite] (ssr) warning: Duplicate key "mercy_ruthlessness" in object literal
75 |          tradition_novelty: 0.1,
76 |          preservation_transformation: -0.2,
77 |          mercy_ruthlessness: 0.0,
   |          ^
78 |          asceticism_extravagance: 0.3,
79 |        },

  Plugin: vite:esbuild
  File: C:/Users/chris/Dev/Projects/TheFantasyWorldSimulator/src/engine/__tests__/visibility-integration.test.ts
21.18.22 [vite] (ssr) warning: Duplicate key "loyalty_ambition" in object literal
67 |          honesty_cunning: 0.0,
68 |          sacrifice_survival: 0.4,
69 |          loyalty_ambition: 0.5,
   |          ^
70 |          tradition_novelty: 0.1,
71 |          preservation_transformation: -0.2,

  Plugin: vite:esbuild
  File: C:/Users/chris/Dev/Projects/TheFantasyWorldSimulator/src/engine/__tests__/traceBuffer-orchestrator.test.ts
21.18.22 [vite] (ssr) warning: Duplicate key "mercy_ruthlessness" in object literal
70 |          tradition_novelty: 0.1,
71 |          preservation_transformation: -0.2,
72 |          mercy_ruthlessness: 0.0,
   |          ^
73 |          asceticism_extravagance: 0.3,
74 |        },

  Plugin: vite:esbuild
  File: C:/Users/chris/Dev/Projects/TheFantasyWorldSimulator/src/engine/__tests__/traceBuffer-orchestrator.test.ts
21.18.22 [vite] (ssr) warning: Duplicate key "loyalty_ambition" in object literal
79 |          honesty_cunning: 0.0,
80 |          sacrifice_survival: 0.4,
81 |          loyalty_ambition: 0.5,
   |          ^
82 |          tradition_novelty: 0.1,
83 |          preservation_transformation: -0.2,

  Plugin: vite:esbuild
  File: C:/Users/chris/Dev/Projects/TheFantasyWorldSimulator/src/engine/__tests__/orchestrator.test.ts
21.18.22 [vite] (ssr) warning: Duplicate key "mercy_ruthlessness" in object literal
82 |          tradition_novelty: 0.1,
83 |          preservation_transformation: -0.2,
84 |          mercy_ruthlessness: 0.0,
   |          ^
85 |          asceticism_extravagance: 0.3,
86 |        },

  Plugin: vite:esbuild
  File: C:/Users/chris/Dev/Projects/TheFantasyWorldSimulator/src/engine/__tests__/orchestrator.test.ts
21.18.22 [vite] (ssr) warning: Duplicate key "loyalty_ambition" in object literal
128 |        honesty_cunning: 0.4,
129 |        sacrifice_survival: 0.8, // strong devotion → temple quarter preference
130 |        loyalty_ambition: 0.5,
    |        ^
131 |        tradition_novelty: 0.5,
132 |        preservation_transformation: 0.5,

  Plugin: vite:esbuild
  File: C:/Users/chris/Dev/Projects/TheFantasyWorldSimulator/src/engine/__tests__/sublocation-integration.test.ts
21.18.22 [vite] (ssr) warning: Duplicate key "mercy_ruthlessness" in object literal
131 |        tradition_novelty: 0.5,
132 |        preservation_transformation: 0.5,
133 |        mercy_ruthlessness: 0.5,
    |        ^
134 |        asceticism_extravagance: -0.2, // slightly greedy → weak market square preference
135 |      };

  Plugin: vite:esbuild
  File: C:/Users/chris/Dev/Projects/TheFantasyWorldSimulator/src/engine/__tests__/sublocation-integration.test.ts
 [31m❯[39m src/data/__tests__/movement-content.test.ts [2m([22m[2m77 tests[22m[2m | [22m[31m1 failed[39m[2m)[22m[32m 10[2mms[22m[39m
       [32m✓[39m exports TERRAIN_TAXES record[32m 1[2mms[22m[39m
       [32m✓[39m grassland terrain tax is 0[32m 0[2mms[22m[39m
       [32m✓[39m farmland terrain tax is 0[32m 0[2mms[22m[39m
       [32m✓[39m savanna terrain tax is 0[32m 0[2mms[22m[39m
       [32m✓[39m steppe terrain tax is 0[32m 0[2mms[22m[39m
       [32m✓[39m floodplain terrain tax is 0[32m 0[2mms[22m[39m
       [32m✓[39m coast terrain tax is 0[32m 0[2mms[22m[39m
       [32m✓[39m oasis terrain tax is 0[32m 0[2mms[22m[39m
       [32m✓[39m temperate_forest terrain tax is 0.5[32m 0[2mms[22m[39m
       [32m✓[39m light_forest terrain tax is 0.5[32m 0[2mms[22m[39m
       [32m✓[39m tropical_forest terrain tax is 0.5[32m 0[2mms[22m[39m
       [32m✓[39m evergreen_forest terrain tax is 0.5[32m 0[2mms[22m[39m
       [32m✓[39m hills terrain tax is 0.5[32m 0[2mms[22m[39m
       [32m✓[39m moor_bog terrain tax is 0.5[32m 0[2mms[22m[39m
       [32m✓[39m tundra terrain tax is 0.5[32m 0[2mms[22m[39m
       [32m✓[39m boreal_forest terrain tax is 0.5[32m 0[2mms[22m[39m
       [32m✓[39m forested_hills terrain tax is 0.5[32m 0[2mms[22m[39m
       [32m✓[39m plateau terrain tax is 0.5[32m 0[2mms[22m[39m
       [32m✓[39m coastal_shallows terrain tax is 0.5[32m 0[2mms[22m[39m
       [32m✓[39m swamp terrain tax is 1[32m 0[2mms[22m[39m
       [32m✓[39m marsh terrain tax is 1[32m 0[2mms[22m[39m
       [32m✓[39m desert terrain tax is 1[32m 0[2mms[22m[39m
       [32m✓[39m rocky_desert terrain tax is 1[32m 0[2mms[22m[39m
       [32m✓[39m sand_dunes terrain tax is 1[32m 0[2mms[22m[39m
       [32m✓[39m dead_forest terrain tax is 1[32m 0[2mms[22m[39m
       [32m✓[39m arctic terrain tax is 1[32m 0[2mms[22m[39m
       [32m✓[39m snow_fields terrain tax is 1[32m 0[2mms[22m[39m
       [32m✓[39m jungle terrain tax is 1[32m 0[2mms[22m[39m
       [32m✓[39m badlands terrain tax is 1[32m 0[2mms[22m[39m
       [32m✓[39m broken_lands terrain tax is 1[32m 0[2mms[22m[39m
       [32m✓[39m great_home_trees terrain tax is 1[32m 0[2mms[22m[39m
       [32m✓[39m dense_forest terrain tax is 1[32m 0[2mms[22m[39m
       [32m✓[39m mountains terrain tax is 1.5[32m 0[2mms[22m[39m
       [32m✓[39m high_mountains terrain tax is 1.5[32m 0[2mms[22m[39m
       [32m✓[39m volcano terrain tax is 1.5[32m 0[2mms[22m[39m
       [32m✓[39m glacier terrain tax is 1.5[32m 0[2mms[22m[39m
       [32m✓[39m mountain_pass terrain tax is 0.5[32m 0[2mms[22m[39m
       [32m✓[39m ocean terrain tax is Infinity[32m 0[2mms[22m[39m
       [32m✓[39m deep_ocean terrain tax is Infinity[32m 0[2mms[22m[39m
       [32m✓[39m tropical_ocean terrain tax is Infinity[32m 0[2mms[22m[39m
       [32m✓[39m reef terrain tax is Infinity[32m 0[2mms[22m[39m
       [32m✓[39m lake terrain tax is Infinity[32m 0[2mms[22m[39m
[31m       [31m×[31m river terrain tax is Infinity[39m[32m 4[2mms[22m[39m
       [32m✓[39m all terrain taxes are non-negative[32m 0[2mms[22m[39m
       [32m✓[39m all terrain keys are valid TerrainType values[32m 1[2mms[22m[39m
       [32m✓[39m exports LOCATION_ENTRY_TAXES record[32m 0[2mms[22m[39m
       [32m✓[39m wilderness location entry tax is 0[32m 0[2mms[22m[39m
       [32m✓[39m hamlet location entry tax is 0[32m 0[2mms[22m[39m
       [32m✓[39m camp location entry tax is 0[32m 0[2mms[22m[39m
       [32m✓[39m farmland location entry tax is 0[32m 0[2mms[22m[39m
       [32m✓[39m battleground location entry tax is 0[32m 0[2mms[22m[39m
       [32m✓[39m oasis location entry tax is 0[32m 0[2mms[22m[39m
       [32m✓[39m unexplored_poi location entry tax is 0[32m 0[2mms[22m[39m
       [32m✓[39m town location entry tax is 0.5[32m 0[2mms[22m[39m
       [32m✓[39m shrine location entry tax is 0.5[32m 0[2mms[22m[39m
       [32m✓[39m ruins location entry tax is 0.5[32m 0[2mms[22m[39m
       [32m✓[39m ruined_tower location entry tax is 0.5[32m 0[2mms[22m[39m
       [32m✓[39m ruined_village location entry tax is 0.5[32m 0[2mms[22m[39m
       [32m✓[39m mining location entry tax is 0.5[32m 0[2mms[22m[39m
       [32m✓[39m tower location entry tax is 0.5[32m 0[2mms[22m[39m
       [32m✓[39m city location entry tax is 1[32m 0[2mms[22m[39m
       [32m✓[39m castle location entry tax is 1[32m 0[2mms[22m[39m
       [32m✓[39m ruined_city location entry tax is 1[32m 0[2mms[22m[39m
       [32m✓[39m capital location entry tax is 1.5[32m 0[2mms[22m[39m
       [32m✓[39m fort location entry tax is 1.5[32m 0[2mms[22m[39m
       [32m✓[39m temple location entry tax is 1.5[32m 0[2mms[22m[39m
       [32m✓[39m all location taxes are non-negative[32m 0[2mms[22m[39m
       [32m✓[39m all location keys are valid LocationSubtype values[32m 0[2mms[22m[39m
       [32m✓[39m DISTANCE_DECAY_FACTOR is defined and positive[32m 0[2mms[22m[39m
       [32m✓[39m DISTANCE_DECAY_FACTOR equals 0.15[32m 0[2mms[22m[39m
       [32m✓[39m DEFAULT_LOCATION_ENTRY_TAX is defined and non-negative[32m 0[2mms[22m[39m
       [32m✓[39m DEFAULT_LOCATION_ENTRY_TAX equals 0[32m 0[2mms[22m[39m
       [32m✓[39m MIN_EDGE_COST is defined and positive[32m 0[2mms[22m[39m
       [32m✓[39m MIN_EDGE_COST equals 0.5[32m 0[2mms[22m[39m
       [32m✓[39m getTerrainTax returns correct tax for known terrain[32m 0[2mms[22m[39m
       [32m✓[39m getLocationEntryTax returns correct tax for known location[32m 0[2mms[22m[39m
       [32m✓[39m getLocationEntryTax returns DEFAULT_LOCATION_ENTRY_TAX for unknown location[32m 0[2mms[22m[39m
21.18.22 [vite] (client) warning: Duplicate key "loyalty_ambition" in object literal
68 |        honesty_cunning: 0.4,
69 |        sacrifice_survival: 0.8,
70 |        loyalty_ambition: 0.3,
   |        ^
71 |        tradition_novelty: 0.5,
72 |        humility_pride: 0.6,

  Plugin: vite:esbuild
  File: C:/Users/chris/Dev/Projects/TheFantasyWorldSimulator/src/components/Game/__tests__/GameView-interaction.test.tsx
21.18.22 [vite] (client) warning: Duplicate key "mercy_ruthlessness" in object literal
71 |        tradition_novelty: 0.5,
72 |        humility_pride: 0.6,
73 |        mercy_ruthlessness: -0.2,
   |        ^
74 |        asceticism_extravagance: -0.1,
75 |      },

  Plugin: vite:esbuild
  File: C:/Users/chris/Dev/Projects/TheFantasyWorldSimulator/src/components/Game/__tests__/GameView-interaction.test.tsx
stderr | src/engine/__tests__/sublocation-integration.test.ts > Integration Test 1: Full pipeline (arrival → creation → selection → placement) > full pipeline: agent arrives at city → selects sublocation → gets encounter candidates → UI data shows sublocation grouping
[GraphSchema] Edge "located_at" source should be "actor", got "location" (edge edge-location-type-link)

stderr | src/engine/__tests__/sublocation-integration.test.ts > Integration Test 2: Fallback (wilderness location with no sublocation types) > fallback: location with no sublocation type mappings → ensureSublocations returns empty
[GraphSchema] Edge "located_at" source should be "actor", got "location" (edge edge-wilderness-type-link)

stderr | src/engine/__tests__/npcSeeding.test.ts > seedNpcsAtLocations > creates ambient NPCs at hamlet locations
[GraphSchema] Edge "belongs_to" target should be "actor", got "culture" (edge edge_loc_cult)
[GraphSchema] Edge "belongs_to" target should be "actor", got "culture" (edge edge_culture_npc_0_culture_0)
[GraphSchema] Edge "belongs_to" target should be "actor", got "culture" (edge edge_culture_npc_1_culture_0)
[GraphSchema] Edge "belongs_to" target should be "actor", got "culture" (edge edge_culture_npc_2_culture_0)
[GraphSchema] Edge "belongs_to" target should be "actor", got "culture" (edge edge_culture_npc_3_culture_0)

 [31m❯[39m src/engine/__tests__/sublocation-integration.test.ts [2m([22m[2m3 tests[22m[2m | [22m[31m1 failed[39m[2m)[22m[32m 9[2mms[22m[39m
[31m     [31m×[31m full pipeline: agent arrives at city → selects sublocation → gets encounter candidates → UI data shows sublocation grouping[39m[32m 6[2mms[22m[39m
     [32m✓[39m fallback: location with no sublocation type mappings → ensureSublocations returns empty[32m 1[2mms[22m[39m
     [32m✓[39m divine sublocation lifecycle: create → agent visits → dissolves on encounter_completed[32m 1[2mms[22m[39m
stderr | src/engine/__tests__/npcSeeding.test.ts > seedNpcsAtLocations > creates more NPCs at city than hamlet
[GraphSchema] Edge "belongs_to" target should be "actor", got "culture" (edge edge_loc_cult)
[GraphSchema] Edge "belongs_to" target should be "actor", got "culture" (edge edge_culture_npc_4_culture_0)
[GraphSchema] Edge "belongs_to" target should be "actor", got "culture" (edge edge_culture_npc_5_culture_0)
[GraphSchema] Edge "belongs_to" target should be "actor", got "culture" (edge edge_culture_npc_6_culture_0)
[GraphSchema] Edge "belongs_to" target should be "actor", got "culture" (edge edge_culture_npc_7_culture_0)
[GraphSchema] Edge "belongs_to" target should be "actor", got "culture" (edge edge_loc_cult)
[GraphSchema] Edge "belongs_to" target should be "actor", got "culture" (edge edge_culture_npc_8_culture_0)
[GraphSchema] Edge "belongs_to" target should be "actor", got "culture" (edge edge_culture_npc_9_culture_0)
[GraphSchema] Edge "belongs_to" target should be "actor", got "culture" (edge edge_culture_npc_10_culture_0)
[GraphSchema] Edge "belongs_to" target should be "actor", got "culture" (edge edge_culture_npc_11_culture_0)
[GraphSchema] Edge "belongs_to" target should be "actor", got "culture" (edge edge_culture_npc_12_culture_0)
[GraphSchema] Edge "belongs_to" target should be "actor", got "culture" (edge edge_culture_npc_13_culture_0)
[GraphSchema] Edge "belongs_to" target should be "actor", got "culture" (edge edge_culture_npc_14_culture_0)
[GraphSchema] Edge "belongs_to" target should be "actor", got "culture" (edge edge_culture_npc_15_culture_0)
[GraphSchema] Edge "belongs_to" target should be "actor", got "culture" (edge edge_culture_npc_16_culture_0)
[GraphSchema] Edge "belongs_to" target should be "actor", got "culture" (edge edge_culture_npc_17_culture_0)
[GraphSchema] Edge "belongs_to" target should be "actor", got "culture" (edge edge_culture_npc_18_culture_0)
[GraphSchema] Edge "belongs_to" target should be "actor", got "culture" (edge edge_culture_npc_19_culture_0)
[GraphSchema] Edge "belongs_to" target should be "actor", got "culture" (edge edge_culture_npc_20_culture_0)
[GraphSchema] Edge "belongs_to" target should be "actor", got "culture" (edge edge_culture_npc_21_culture_0)
[GraphSchema] Edge "belongs_to" target should be "actor", got "culture" (edge edge_culture_npc_22_culture_0)

stderr | src/engine/__tests__/npcSeeding.test.ts > seedNpcsAtLocations > creates no NPCs at lair locations
[GraphSchema] Edge "belongs_to" target should be "actor", got "culture" (edge edge_loc_cult)

stderr | src/engine/__tests__/npcSeeding.test.ts > seedNpcsAtLocations > creates no NPCs at ruin locations
[GraphSchema] Edge "belongs_to" target should be "actor", got "culture" (edge edge_loc_cult)

stderr | src/engine/__tests__/npcSeeding.test.ts > seedNpcsAtLocations > all seeded NPCs have actorType individual, spotlightTier ambient, npcRole set, importance 0
[GraphSchema] Edge "belongs_to" target should be "actor", got "culture" (edge edge_loc_cult)
[GraphSchema] Edge "belongs_to" target should be "actor", got "culture" (edge edge_culture_npc_23_culture_0)
[GraphSchema] Edge "belongs_to" target should be "actor", got "culture" (edge edge_culture_npc_24_culture_0)
[GraphSchema] Edge "belongs_to" target should be "actor", got "culture" (edge edge_culture_npc_25_culture_0)
[GraphSchema] Edge "belongs_to" target should be "actor", got "culture" (edge edge_culture_npc_26_culture_0)
[GraphSchema] Edge "belongs_to" target should be "actor", got "culture" (edge edge_culture_npc_27_culture_0)
[GraphSchema] Edge "belongs_to" target should be "actor", got "culture" (edge edge_culture_npc_28_culture_0)
[GraphSchema] Edge "belongs_to" target should be "actor", got "culture" (edge edge_culture_npc_29_culture_0)
[GraphSchema] Edge "belongs_to" target should be "actor", got "culture" (edge edge_culture_npc_30_culture_0)

stderr | src/engine/__tests__/npcSeeding.test.ts > seedNpcsAtLocations > NPCs get belongs_to culture edges
[GraphSchema] Edge "belongs_to" target should be "actor", got "culture" (edge edge_loc_cult)
[GraphSchema] Edge "belongs_to" target should be "actor", got "culture" (edge edge_culture_npc_31_culture_0)
[GraphSchema] Edge "belongs_to" target should be "actor", got "culture" (edge edge_culture_npc_32_culture_0)
[GraphSchema] Edge "belongs_to" target should be "actor", got "culture" (edge edge_culture_npc_33_culture_0)
[GraphSchema] Edge "belongs_to" target should be "actor", got "culture" (edge edge_culture_npc_34_culture_0)

stderr | src/engine/__tests__/npcSeeding.test.ts > seedNpcsAtLocations > NPCs get located_at edges to their location
[GraphSchema] Edge "belongs_to" target should be "actor", got "culture" (edge edge_loc_cult)
[GraphSchema] Edge "belongs_to" target should be "actor", got "culture" (edge edge_culture_npc_35_culture_0)
[GraphSchema] Edge "belongs_to" target should be "actor", got "culture" (edge edge_culture_npc_36_culture_0)
[GraphSchema] Edge "belongs_to" target should be "actor", got "culture" (edge edge_culture_npc_37_culture_0)
[GraphSchema] Edge "belongs_to" target should be "actor", got "culture" (edge edge_culture_npc_38_culture_0)

stderr | src/engine/__tests__/npcSeeding.test.ts > seedNpcsAtLocations > respects hamlet population cap
[GraphSchema] Edge "belongs_to" target should be "actor", got "culture" (edge edge_loc_cult)
[GraphSchema] Edge "belongs_to" target should be "actor", got "culture" (edge edge_culture_npc_39_culture_0)
[GraphSchema] Edge "belongs_to" target should be "actor", got "culture" (edge edge_culture_npc_40_culture_0)

stderr | src/engine/__tests__/npcSeeding.test.ts > seedNpcsAtLocations > respects city population cap
[GraphSchema] Edge "belongs_to" target should be "actor", got "culture" (edge edge_loc_cult)
[GraphSchema] Edge "belongs_to" target should be "actor", got "culture" (edge edge_culture_npc_41_culture_0)
[GraphSchema] Edge "belongs_to" target should be "actor", got "culture" (edge edge_culture_npc_42_culture_0)
[GraphSchema] Edge "belongs_to" target should be "actor", got "culture" (edge edge_culture_npc_43_culture_0)
[GraphSchema] Edge "belongs_to" target should be "actor", got "culture" (edge edge_culture_npc_44_culture_0)
[GraphSchema] Edge "belongs_to" target should be "actor", got "culture" (edge edge_culture_npc_45_culture_0)
[GraphSchema] Edge "belongs_to" target should be "actor", got "culture" (edge edge_culture_npc_46_culture_0)
[GraphSchema] Edge "belongs_to" target should be "actor", got "culture" (edge edge_culture_npc_47_culture_0)
[GraphSchema] Edge "belongs_to" target should be "actor", got "culture" (edge edge_culture_npc_48_culture_0)
[GraphSchema] Edge "belongs_to" target should be "actor", got "culture" (edge edge_culture_npc_49_culture_0)
[GraphSchema] Edge "belongs_to" target should be "actor", got "culture" (edge edge_culture_npc_50_culture_0)
[GraphSchema] Edge "belongs_to" target should be "actor", got "culture" (edge edge_culture_npc_51_culture_0)
[GraphSchema] Edge "belongs_to" target should be "actor", got "culture" (edge edge_culture_npc_52_culture_0)
[GraphSchema] Edge "belongs_to" target should be "actor", got "culture" (edge edge_culture_npc_53_culture_0)
[GraphSchema] Edge "belongs_to" target should be "actor", got "culture" (edge edge_culture_npc_54_culture_0)
[GraphSchema] Edge "belongs_to" target should be "actor", got "culture" (edge edge_culture_npc_55_culture_0)

stderr | src/engine/__tests__/npcSeeding.test.ts > seedNpcsAtLocations > is deterministic — same seed produces same NPCs
[GraphSchema] Edge "belongs_to" target should be "actor", got "culture" (edge edge_loc_cult)
[GraphSchema] Edge "belongs_to" target should be "actor", got "culture" (edge edge_culture_npc_56_culture_0)
[GraphSchema] Edge "belongs_to" target should be "actor", got "culture" (edge edge_culture_npc_57_culture_0)
[GraphSchema] Edge "belongs_to" target should be "actor", got "culture" (edge edge_culture_npc_58_culture_0)
[GraphSchema] Edge "belongs_to" target should be "actor", got "culture" (edge edge_culture_npc_59_culture_0)
[GraphSchema] Edge "belongs_to" target should be "actor", got "culture" (edge edge_culture_npc_60_culture_0)
[GraphSchema] Edge "belongs_to" target should be "actor", got "culture" (edge edge_culture_npc_61_culture_0)
[GraphSchema] Edge "belongs_to" target should be "actor", got "culture" (edge edge_culture_npc_62_culture_0)
[GraphSchema] Edge "belongs_to" target should be "actor", got "culture" (edge edge_culture_npc_63_culture_0)
[GraphSchema] Edge "belongs_to" target should be "actor", got "culture" (edge edge_loc_cult)
[GraphSchema] Edge "belongs_to" target should be "actor", got "culture" (edge edge_culture_npc_64_culture_0)
[GraphSchema] Edge "belongs_to" target should be "actor", got "culture" (edge edge_culture_npc_65_culture_0)
[GraphSchema] Edge "belongs_to" target should be "actor", got "culture" (edge edge_culture_npc_66_culture_0)
[GraphSchema] Edge "belongs_to" target should be "actor", got "culture" (edge edge_culture_npc_67_culture_0)
[GraphSchema] Edge "belongs_to" target should be "actor", got "culture" (edge edge_culture_npc_68_culture_0)
[GraphSchema] Edge "belongs_to" target should be "actor", got "culture" (edge edge_culture_npc_69_culture_0)
[GraphSchema] Edge "belongs_to" target should be "actor", got "culture" (edge edge_culture_npc_70_culture_0)
[GraphSchema] Edge "belongs_to" target should be "actor", got "culture" (edge edge_culture_npc_71_culture_0)

stderr | src/engine/__tests__/npcSeeding.test.ts > seedNpcsAtLocations > emits NpcSeededTrace for each seeded NPC
[GraphSchema] Edge "belongs_to" target should be "actor", got "culture" (edge edge_loc_cult)
[GraphSchema] Edge "belongs_to" target should be "actor", got "culture" (edge edge_culture_npc_72_culture_0)
[GraphSchema] Edge "belongs_to" target should be "actor", got "culture" (edge edge_culture_npc_73_culture_0)
[GraphSchema] Edge "belongs_to" target should be "actor", got "culture" (edge edge_culture_npc_74_culture_0)
[GraphSchema] Edge "belongs_to" target should be "actor", got "culture" (edge edge_culture_npc_75_culture_0)
[GraphSchema] Edge "belongs_to" target should be "actor", got "culture" (edge edge_culture_npc_76_culture_0)
[GraphSchema] Edge "belongs_to" target should be "actor", got "culture" (edge edge_culture_npc_77_culture_0)
[GraphSchema] Edge "belongs_to" target should be "actor", got "culture" (edge edge_culture_npc_78_culture_0)
[GraphSchema] Edge "belongs_to" target should be "actor", got "culture" (edge edge_culture_npc_79_culture_0)

stderr | src/engine/__tests__/npcSeeding.test.ts > seedNpcsAtLocations > creates member_of edges when factionLocationMap is provided
[GraphSchema] Edge "belongs_to" target should be "actor", got "culture" (edge edge_loc_cult)
[GraphSchema] Edge "belongs_to" target should be "actor", got "culture" (edge edge_culture_npc_80_culture_0)
[GraphSchema] Edge "member_of" target should be "actor", got "faction" (edge npc_80_member_of_faction_0)
[GraphSchema] Edge "belongs_to" target should be "actor", got "culture" (edge edge_culture_npc_81_culture_0)
[GraphSchema] Edge "member_of" target should be "actor", got "faction" (edge npc_81_member_of_faction_0)
[GraphSchema] Edge "belongs_to" target should be "actor", got "culture" (edge edge_culture_npc_82_culture_0)
[GraphSchema] Edge "member_of" target should be "actor", got "faction" (edge npc_82_member_of_faction_0)
[GraphSchema] Edge "belongs_to" target should be "actor", got "culture" (edge edge_culture_npc_83_culture_0)
[GraphSchema] Edge "member_of" target should be "actor", got "faction" (edge npc_83_member_of_faction_0)

stderr | src/engine/__tests__/npcSeeding.test.ts > seedNpcsAtLocations > does not create member_of edges when location is not in factionLocationMap
[GraphSchema] Edge "belongs_to" target should be "actor", got "culture" (edge edge_loc_cult)
[GraphSchema] Edge "belongs_to" target should be "actor", got "culture" (edge edge_culture_npc_84_culture_0)
[GraphSchema] Edge "belongs_to" target should be "actor", got "culture" (edge edge_culture_npc_85_culture_0)
[GraphSchema] Edge "belongs_to" target should be "actor", got "culture" (edge edge_culture_npc_86_culture_0)
[GraphSchema] Edge "belongs_to" target should be "actor", got "culture" (edge edge_culture_npc_87_culture_0)

stderr | src/engine/__tests__/npcSeeding.test.ts > seedNpcsAtLocations > processes multiple locations independently
[GraphSchema] Edge "belongs_to" target should be "actor", got "culture" (edge edge_loc_cult_0)
[GraphSchema] Edge "belongs_to" target should be "actor", got "culture" (edge edge_loc_cult_1)
[GraphSchema] Edge "belongs_to" target should be "actor", got "culture" (edge edge_loc_cult_2)
[GraphSchema] Edge "belongs_to" target should be "actor", got "culture" (edge edge_culture_npc_88_culture_0)
[GraphSchema] Edge "belongs_to" target should be "actor", got "culture" (edge edge_culture_npc_89_culture_0)
[GraphSchema] Edge "belongs_to" target should be "actor", got "culture" (edge edge_culture_npc_90_culture_0)
[GraphSchema] Edge "belongs_to" target should be "actor", got "culture" (edge edge_culture_npc_91_culture_0)
[GraphSchema] Edge "belongs_to" target should be "actor", got "culture" (edge edge_culture_npc_92_culture_0)
[GraphSchema] Edge "belongs_to" target should be "actor", got "culture" (edge edge_culture_npc_93_culture_0)
[GraphSchema] Edge "belongs_to" target should be "actor", got "culture" (edge edge_culture_npc_94_culture_0)
[GraphSchema] Edge "belongs_to" target should be "actor", got "culture" (edge edge_culture_npc_95_culture_0)
[GraphSchema] Edge "belongs_to" target should be "actor", got "culture" (edge edge_culture_npc_96_culture_0)
[GraphSchema] Edge "belongs_to" target should be "actor", got "culture" (edge edge_culture_npc_97_culture_0)
[GraphSchema] Edge "belongs_to" target should be "actor", got "culture" (edge edge_culture_npc_98_culture_0)
[GraphSchema] Edge "belongs_to" target should be "actor", got "culture" (edge edge_culture_npc_99_culture_0)
[GraphSchema] Edge "belongs_to" target should be "actor", got "culture" (edge edge_culture_npc_100_culture_0)
[GraphSchema] Edge "belongs_to" target should be "actor", got "culture" (edge edge_culture_npc_101_culture_0)
[GraphSchema] Edge "belongs_to" target should be "actor", got "culture" (edge edge_culture_npc_102_culture_0)
[GraphSchema] Edge "belongs_to" target should be "actor", got "culture" (edge edge_culture_npc_103_culture_0)
[GraphSchema] Edge "belongs_to" target should be "actor", got "culture" (edge edge_culture_npc_104_culture_0)
[GraphSchema] Edge "belongs_to" target should be "actor", got "culture" (edge edge_culture_npc_105_culture_0)
[GraphSchema] Edge "belongs_to" target should be "actor", got "culture" (edge edge_culture_npc_106_culture_0)

stderr | src/engine/__tests__/npcSeeding.test.ts > seedNpcsAtLocations > handles temple subtypes (maps temple → temple roster)
[GraphSchema] Edge "belongs_to" target should be "actor", got "culture" (edge edge_loc_cult)
[GraphSchema] Edge "belongs_to" target should be "actor", got "culture" (edge edge_culture_npc_107_culture_0)
[GraphSchema] Edge "belongs_to" target should be "actor", got "culture" (edge edge_culture_npc_108_culture_0)
[GraphSchema] Edge "belongs_to" target should be "actor", got "culture" (edge edge_culture_npc_109_culture_0)

stderr | src/engine/__tests__/npcSeeding.test.ts > seedNpcsAtLocations > handles shrine subtype (maps to temple roster)
[GraphSchema] Edge "belongs_to" target should be "actor", got "culture" (edge edge_loc_cult)
[GraphSchema] Edge "belongs_to" target should be "actor", got "culture" (edge edge_culture_npc_110_culture_0)
[GraphSchema] Edge "belongs_to" target should be "actor", got "culture" (edge edge_culture_npc_111_culture_0)
[GraphSchema] Edge "belongs_to" target should be "actor", got "culture" (edge edge_culture_npc_112_culture_0)

stderr | src/engine/__tests__/npcSeeding.test.ts > seedNpcsAtLocations > NPC IDs are unique across multiple calls with counter incrementing
[GraphSchema] Edge "belongs_to" target should be "actor", got "culture" (edge edge_loc_cult_0)
[GraphSchema] Edge "belongs_to" target should be "actor", got "culture" (edge edge_loc_cult_1)
[GraphSchema] Edge "belongs_to" target should be "actor", got "culture" (edge edge_culture_npc_113_culture_0)
[GraphSchema] Edge "belongs_to" target should be "actor", got "culture" (edge edge_culture_npc_114_culture_0)
[GraphSchema] Edge "belongs_to" target should be "actor", got "culture" (edge edge_culture_npc_115_culture_0)
[GraphSchema] Edge "belongs_to" target should be "actor", got "culture" (edge edge_culture_npc_116_culture_0)
[GraphSchema] Edge "belongs_to" target should be "actor", got "culture" (edge edge_culture_npc_117_culture_0)
[GraphSchema] Edge "belongs_to" target should be "actor", got "culture" (edge edge_culture_npc_118_culture_0)
[GraphSchema] Edge "belongs_to" target should be "actor", got "culture" (edge edge_culture_npc_119_culture_0)
[GraphSchema] Edge "belongs_to" target should be "actor", got "culture" (edge edge_culture_npc_120_culture_0)
[GraphSchema] Edge "belongs_to" target should be "actor", got "culture" (edge edge_culture_npc_121_culture_0)
[GraphSchema] Edge "belongs_to" target should be "actor", got "culture" (edge edge_culture_npc_122_culture_0)
[GraphSchema] Edge "belongs_to" target should be "actor", got "culture" (edge edge_culture_npc_123_culture_0)
[GraphSchema] Edge "belongs_to" target should be "actor", got "culture" (edge edge_culture_npc_124_culture_0)

 [31m❯[39m src/engine/__tests__/npcSeeding.test.ts [2m([22m[2m17 tests[22m[2m | [22m[31m1 failed[39m[2m)[22m[32m 12[2mms[22m[39m
     [32m✓[39m creates ambient NPCs at hamlet locations[32m 2[2mms[22m[39m
     [32m✓[39m creates more NPCs at city than hamlet[32m 1[2mms[22m[39m
     [32m✓[39m creates no NPCs at lair locations[32m 0[2mms[22m[39m
     [32m✓[39m creates no NPCs at ruin locations[32m 0[2mms[22m[39m
     [32m✓[39m all seeded NPCs have actorType individual, spotlightTier ambient, npcRole set, importance 0[32m 1[2mms[22m[39m
     [32m✓[39m NPCs get belongs_to culture edges[32m 0[2mms[22m[39m
     [32m✓[39m NPCs get located_at edges to their location[32m 0[2mms[22m[39m
     [32m✓[39m respects hamlet population cap[32m 0[2mms[22m[39m
     [32m✓[39m respects city population cap[32m 0[2mms[22m[39m
     [32m✓[39m is deterministic — same seed produces same NPCs[32m 0[2mms[22m[39m
     [32m✓[39m emits NpcSeededTrace for each seeded NPC[32m 0[2mms[22m[39m
     [32m✓[39m creates member_of edges when factionLocationMap is provided[32m 0[2mms[22m[39m
     [32m✓[39m does not create member_of edges when location is not in factionLocationMap[32m 0[2mms[22m[39m
     [32m✓[39m processes multiple locations independently[32m 1[2mms[22m[39m
[31m     [31m×[31m handles temple subtypes (maps temple → temple roster)[39m[32m 3[2mms[22m[39m
     [32m✓[39m handles shrine subtype (maps to temple roster)[32m 0[2mms[22m[39m
     [32m✓[39m NPC IDs are unique across multiple calls with counter incrementing[32m 0[2mms[22m[39m
 [31m❯[39m src/engine/__tests__/contracts/rewardPipeline.contract.test.ts [2m([22m[2m7 tests[22m[2m | [22m[31m1 failed[39m[2m)[22m[32m 12[2mms[22m[39m
     [32m✓[39m full pipeline: template recipe → resolve → assemble → draw → instantiate (success)[32m 3[2mms[22m[39m
     [32m✓[39m full pipeline: critical failure → bad outcome → condition/curse drawn[32m 3[2mms[22m[39m
     [32m✓[39m template node is not consumed — can be drawn again[32m 1[2mms[22m[39m
     [32m✓[39m bestowed power category draws from real bestowed templates[32m 0[2mms[22m[39m
[31m     [31m×[31m empty pool when no matching templates exist[39m[32m 4[2mms[22m[39m
     [32m✓[39m bad outcome with thematic tagFilters still draws conditions when tagFilters cleared[32m 0[2mms[22m[39m
     [32m✓[39m tag filters narrow the pool to matching templates[32m 0[2mms[22m[39m
 [31m❯[39m src/engine/__tests__/revelationGate.test.ts [2m([22m[2m10 tests[22m[2m | [22m[31m8 failed[39m[2m)[22m[32m 7[2mms[22m[39m
[31m     [31m×[31m filters out templates for unrevealed layers[39m[32m 3[2mms[22m[39m
[31m     [31m×[31m allows templates for revealed layers[39m[32m 0[2mms[22m[39m
[31m     [31m×[31m bypasses revelation gate for Create actions (crudType: create)[39m[32m 1[2mms[22m[39m
[31m     [31m×[31m bypasses revelation gate when bypassRevelationGate is true[39m[32m 0[2mms[22m[39m
[31m     [31m×[31m backward compat: templates without narrativeLayer are not gated[39m[32m 0[2mms[22m[39m
[31m     [31m×[31m fail-soft: missing hexRevelation map filters layer-gated non-Create templates[39m[32m 0[2mms[22m[39m
[31m     [31m×[31m fail-soft: missing hex entry in revelation map treats layers as unrevealed[39m[32m 0[2mms[22m[39m
     [32m✓[39m skips revelation gating for targets without position (non-hex)[32m 1[2mms[22m[39m
[31m     [31m×[31m land layer auto-reveals do not gate land templates when revealed[39m[32m 0[2mms[22m[39m
     [32m✓[39m creates all-false revelation state[32m 0[2mms[22m[39m
 [31m❯[39m src/audio/__tests__/terrainSoundKey.test.ts [2m([22m[2m7 tests[22m[2m | [22m[31m1 failed[39m[2m)[22m[32m 6[2mms[22m[39m
[31m     [31m×[31m maps every TerrainType to a valid sound key[39m[32m 5[2mms[22m[39m
     [32m✓[39m maps water terrains to water[32m 0[2mms[22m[39m
     [32m✓[39m maps forest terrains to forest[32m 0[2mms[22m[39m
     [32m✓[39m maps desert terrains to desert[32m 0[2mms[22m[39m
     [32m✓[39m maps cold terrains to tundra[32m 0[2mms[22m[39m
     [32m✓[39m maps volcano to volcanic[32m 0[2mms[22m[39m
     [32m✓[39m falls back to grassland with a warning for unknown terrain[32m 0[2mms[22m[39m
 [31m❯[39m src/utils/__tests__/portraitCompositor.test.ts [2m([22m[2m14 tests[22m[2m | [22m[31m7 failed[39m[2m)[22m[32m 8[2mms[22m[39m
       [32m✓[39m exports default dimensions[32m 1[2mms[22m[39m
       [32m✓[39m returns an object with get and clear methods[32m 0[2mms[22m[39m
       [32m✓[39m clear empties the cache without error[32m 0[2mms[22m[39m
       [32m✓[39m getComposed returns a promise[32m 0[2mms[22m[39m
       [32m✓[39m getCircular returns a promise[32m 0[2mms[22m[39m
       [32m✓[39m returns the same promise result on repeated calls (cache hit)[32m 0[2mms[22m[39m
[31m       [31m×[31m clear allows fresh composition after clearing[39m[32m 2[2mms[22m[39m
[31m       [31m×[31m returns an HTMLCanvasElement (mock) on success[39m[32m 0[2mms[22m[39m
       [32m✓[39m calls drawImage twice (portrait layer + frame layer)[32m 0[2mms[22m[39m
[31m       [31m×[31m accepts custom width and height[39m[32m 1[2mms[22m[39m
[31m       [31m×[31m works with all sphere types[39m[32m 0[2mms[22m[39m
[31m       [31m×[31m returns an HTMLCanvasElement (mock) on success[39m[32m 0[2mms[22m[39m
[31m       [31m×[31m uses arc + clip for circular masking[39m[32m 0[2mms[22m[39m
[31m       [31m×[31m accepts custom diameter[39m[32m 0[2mms[22m[39m
 [31m❯[39m src/components/HexMapV2/scene/__tests__/AgentSpriteMesh.test.ts [2m([22m[2m25 tests[22m[2m | [22m[31m1 failed[39m[2m)[22m[33m 776[2mms[22m[39m
     [33m[2m✓[22m[39m returns an AgentSpriteGroup with a single group [33m 697[2mms[22m[39m
     [32m✓[39m group.renderOrder equals RENDER_ORDER.AGENTS (10)[32m 3[2mms[22m[39m
     [32m✓[39m returns empty group for empty agents array[32m 4[2mms[22m[39m
     [32m✓[39m creates exactly one sprite per agent[32m 3[2mms[22m[39m
     [32m✓[39m spriteMap entry has sprite, materials, and scales[32m 2[2mms[22m[39m
     [32m✓[39m stores baseScale in sprite.userData[32m 5[2mms[22m[39m
     [32m✓[39m multiple agents on same hex get different positions[32m 7[2mms[22m[39m
     [32m✓[39m creates continental material for retinue agents[32m 2[2mms[22m[39m
     [32m✓[39m does not create continental material for non-retinue agents[32m 2[2mms[22m[39m
     [32m✓[39m dispose function exists and can be called[32m 3[2mms[22m[39m
     [32m✓[39m hero-local tier: portrait material and scale[32m 2[2mms[22m[39m
     [32m✓[39m regional tier: dot material and scale[32m 2[2mms[22m[39m
     [32m✓[39m continental tier: all agents get dot material (agents_dot=true takes precedence)[32m 2[2mms[22m[39m
     [32m✓[39m full-world tier: sprite hidden[32m 3[2mms[22m[39m
     [32m✓[39m updates baseScale on zoom swap for settle bounce[32m 1[2mms[22m[39m
     [32m✓[39m is async and resolves without throwing (fail-soft on load errors)[32m 2[2mms[22m[39m
     [32m✓[39m avatar sprite gets AVATAR_SCALE_MULTIPLIER (1.3×) scale boost[32m 5[2mms[22m[39m
     [32m✓[39m avatar sprite gets z-bump above normal agents[32m 4[2mms[22m[39m
     [32m✓[39m avatar gets a pulse ring sprite[32m 2[2mms[22m[39m
     [32m✓[39m non-avatar agents have no pulse ring sprite[32m 2[2mms[22m[39m
     [32m✓[39m pulse ring sprite tracks avatar sprite position[32m 5[2mms[22m[39m
[31m     [31m×[31m pulse ring visibility tracks portrait tier visibility[39m[32m 8[2mms[22m[39m
     [32m✓[39m tickAvatarPulse updates ring opacity over time[32m 3[2mms[22m[39m
     [32m✓[39m dispose cleans up pulse ring material[32m 3[2mms[22m[39m
     [32m✓[39m avatar animation target moves both main sprite and pulse ring[32m 3[2mms[22m[39m
 [31m❯[39m src/data/__tests__/influence-content.test.ts [2m([22m[2m5 tests[22m[2m | [22m[31m1 failed[39m[2m)[22m[32m 6[2mms[22m[39m
[31m     [31m×[31m exports tier names with valid tier labels[39m[32m 4[2mms[22m[39m
     [32m✓[39m exports tier maintenance costs[32m 0[2mms[22m[39m
     [32m✓[39m exports promotion thresholds[32m 0[2mms[22m[39m
     [32m✓[39m exports economy constants[32m 0[2mms[22m[39m
     [32m✓[39m exports action cost constants[32m 0[2mms[22m[39m
 [31m❯[39m src/engine/__tests__/gameState.test.ts [2m([22m[2m6 tests[22m[2m | [22m[31m1 failed[39m[2m)[22m[32m 10[2mms[22m[39m
     [32m✓[39m exports MAX_RECENT_EVENTS constant[32m 1[2mms[22m[39m
     [32m✓[39m exports STEALTH_DECAY_PER_TICK constant[32m 0[2mms[22m[39m
[31m     [31m×[31m exports DEFAULT_DOOM_TICKS constant[39m[32m 5[2mms[22m[39m
     [32m✓[39m exports all 7 doom archetypes[32m 1[2mms[22m[39m
     [32m✓[39m can construct a TickEvent[32m 0[2mms[22m[39m
     [32m✓[39m GamePhase covers all four phases[32m 0[2mms[22m[39m
 [31m❯[39m src/data/__tests__/encounter-reward-wiring.test.ts [2m([22m[2m4 tests[22m[2m | [22m[31m2 failed[39m[2m)[22m[32m 16[2mms[22m[39m
     [32m✓[39m reward-eligible encounters have rewardPool on final step onSuccess[32m 1[2mms[22m[39m
[31m     [31m×[31m reward pools on final steps have same recipe on both onSuccess and onFailure[39m[32m 5[2mms[22m[39m
[31m     [31m×[31m non-reward types (hire/lead/build) do not have rewardPool[39m[32m 4[2mms[22m[39m
     [32m✓[39m reward pools do not contain tierCurve or badOutcomeChance (resolved at runtime)[32m 4[2mms[22m[39m
 [31m❯[39m src/components/Remembrance/__tests__/RemembranceFlow.test.tsx [2m([22m[2m4 tests[22m[2m | [22m[31m2 failed[39m[2m)[22m[32m 237[2mms[22m[39m
     [32m✓[39m renders the Stirring beat initially[32m 158[2mms[22m[39m
     [32m✓[39m shows stirring images[32m 15[2mms[22m[39m
[31m     [31m×[31m transitions from stirring to origin on double-click (focus then confirm)[39m[32m 45[2mms[22m[39m
[31m     [31m×[31m shows origin fragments after stirring selection[39m[32m 19[2mms[22m[39m
 [31m❯[39m src/data/__tests__/unified-action-templates.test.ts [2m([22m[2m68 tests[22m[2m | [22m[31m1 failed[39m[2m)[22m[32m 92[2mms[22m[39m
     [32m✓[39m produces exactly 1 step per action template[32m 3[2mms[22m[39m
     [32m✓[39m preserves id, name, reach, crudType[32m 0[2mms[22m[39m
     [32m✓[39m maps faction affinity to regional scale[32m 0[2mms[22m[39m
     [32m✓[39m maps individual-only affinity to personal scale[32m 0[2mms[22m[39m
     [32m✓[39m defaults to regional scale when no affinity set[32m 0[2mms[22m[39m
     [32m✓[39m preserves step difficulty, duration, and GraphOps[32m 1[2mms[22m[39m
     [32m✓[39m apCost is 1[32m 0[2mms[22m[39m
     [32m✓[39m converts each encounter step to an ActionStep with difficulty 0-1[32m 10[2mms[22m[39m
     [32m✓[39m step count matches original encounter step count[32m 5[2mms[22m[39m
     [32m✓[39m scale is always local[32m 2[2mms[22m[39m
     [32m✓[39m reach is reachPrimary from the encounter[32m 0[2mms[22m[39m
     [32m✓[39m actorAffinities is [individual][32m 0[2mms[22m[39m
     [32m✓[39m has no duplicate IDs[32m 0[2mms[22m[39m
[31m     [31m×[31m every template has at least 1 motivation OR is a divine/NPC template[39m[32m 9[2mms[22m[39m
     [32m✓[39m every step has difficulty in [0, 1][32m 15[2mms[22m[39m
     [32m✓[39m every step has duration.min <= duration.max[32m 8[2mms[22m[39m
     [32m✓[39m every step has duration.min >= 1[32m 11[2mms[22m[39m
     [32m✓[39m action templates are present[32m 0[2mms[22m[39m
     [32m✓[39m all encounter templates are present[32m 0[2mms[22m[39m
     [32m✓[39m divine templates are present[32m 0[2mms[22m[39m
     [32m✓[39m total template count is substantial[32m 0[2mms[22m[39m
     [32m✓[39m scoped templates include action.* and divine.* and hex.* categories[32m 0[2mms[22m[39m
     [32m✓[39m every template has spellName and description (Phase 17)[32m 2[2mms[22m[39m
     [32m✓[39m spellName is max 4 words for all scoped templates[32m 1[2mms[22m[39m
     [32m✓[39m description has no raw multi-digit numbers[32m 2[2mms[22m[39m
     [32m✓[39m migrateActionTemplate passes through spellName and description[32m 0[2mms[22m[39m
     [32m✓[39m returns template by exact id[32m 0[2mms[22m[39m
     [32m✓[39m returns undefined for unknown id[32m 0[2mms[22m[39m
     [32m✓[39m every template has rarityTier defined[32m 4[2mms[22m[39m
     [32m✓[39m every rarityTier is 1, 2, 3, or 4[32m 4[2mms[22m[39m
     [32m✓[39m at most 2 Legendary (tier 4) templates[32m 0[2mms[22m[39m
     [32m✓[39m at least 50% of templates are tier 1 (Mundane)[32m 0[2mms[22m[39m
     [32m✓[39m migrateActionTemplate passes through rarityTier from ActionTemplateData[32m 0[2mms[22m[39m
     [32m✓[39m migrateActionTemplate defaults to tier 1 when rarityTier absent[32m 0[2mms[22m[39m
     [32m✓[39m migrateEncounterTemplate always produces tier 1[32m 2[2mms[22m[39m
     [32m✓[39m all have scale cosmic[32m 0[2mms[22m[39m
     [32m✓[39m all have essenceCost > 0[32m 0[2mms[22m[39m
     [32m✓[39m all have actorAffinities containing ascendant[32m 0[2mms[22m[39m
     [32m✓[39m each step onSuccess contains exactly 1 apply_influence GraphOp[32m 1[2mms[22m[39m
     [32m✓[39m all have 1 step with duration {min:1, max:1}[32m 1[2mms[22m[39m
     [32m✓[39m covers all 8 intervention types[32m 0[2mms[22m[39m
     [32m✓[39m all 13 new templates are registered[32m 0[2mms[22m[39m
     [32m✓[39m all land templates have narrativeLayer: land[32m 0[2mms[22m[39m
     [32m✓[39m all soul templates have narrativeLayer: soul[32m 0[2mms[22m[39m
     [32m✓[39m all target hex category[32m 0[2mms[22m[39m
     [32m✓[39m all are ascendant-only[32m 0[2mms[22m[39m
     [32m✓[39m Create actions bypass revelation gate[32m 0[2mms[22m[39m
     [32m✓[39m Find actions have crudType read[32m 0[2mms[22m[39m
     [32m✓[39m all have at least 1 motivation[32m 0[2mms[22m[39m
     [32m✓[39m essence costs match design doc[32m 0[2mms[22m[39m
     [32m✓[39m all 20 new templates are registered[32m 0[2mms[22m[39m
     [32m✓[39m all people templates have narrativeLayer: people[32m 0[2mms[22m[39m
     [32m✓[39m all ruins templates have narrativeLayer: ruins[32m 0[2mms[22m[39m
     [32m✓[39m all target hex category[32m 0[2mms[22m[39m
     [32m✓[39m all are ascendant-only[32m 0[2mms[22m[39m
     [32m✓[39m Create actions bypass revelation gate[32m 0[2mms[22m[39m
     [32m✓[39m essence costs match design doc[32m 0[2mms[22m[39m
     [32m✓[39m Smite is the most expensive people action[32m 0[2mms[22m[39m
     [32m✓[39m all 15 control templates are registered[32m 0[2mms[22m[39m
     [32m✓[39m all have durationMode sustained[32m 0[2mms[22m[39m
     [32m✓[39m all have controlSpec with perTickCost[32m 0[2mms[22m[39m
     [32m✓[39m all have controlSpec.narrativeTemplates with required fields[32m 0[2mms[22m[39m
     [32m✓[39m all have contestPrerequisites with at least one path[32m 0[2mms[22m[39m
     [32m✓[39m income-generating effects have perTickIncome[32m 0[2mms[22m[39m
     [32m✓[39m Tap the Source generates net positive income[32m 0[2mms[22m[39m
     [32m✓[39m layer assignments are correct[32m 0[2mms[22m[39m
     [32m✓[39m all target hex category[32m 0[2mms[22m[39m
     [32m✓[39m all are ascendant-only[32m 0[2mms[22m[39m
 [31m❯[39m src/components/Game/chronicle/__tests__/cards.test.tsx [2m([22m[2m25 tests[22m[2m | [22m[31m1 failed[39m[2m)[22m[33m 321[2mms[22m[39m
     [32m✓[39m renders name and subtype[32m 61[2mms[22m[39m
     [32m✓[39m renders agent count[32m 6[2mms[22m[39m
     [32m✓[39m renders flavor text when provided[32m 5[2mms[22m[39m
     [32m✓[39m fires onClick on single click[32m 104[2mms[22m[39m
     [32m✓[39m hides agent count when zero[32m 6[2mms[22m[39m
     [32m✓[39m renders subtype label for settlement[32m 3[2mms[22m[39m
     [32m✓[39m renders subtype label for landmark[32m 2[2mms[22m[39m
     [32m✓[39m renders subtype label for ruin[32m 2[2mms[22m[39m
     [32m✓[39m renders subtype label for unknown subtype[32m 3[2mms[22m[39m
     [32m✓[39m fires onClick on Enter key[32m 26[2mms[22m[39m
     [32m✓[39m has correct accessibility label[32m 5[2mms[22m[39m
     [32m✓[39m singular soul text[32m 3[2mms[22m[39m
[31m     [31m×[31m renders name and location[39m[32m 11[2mms[22m[39m
     [32m✓[39m renders archetype when provided[32m 5[2mms[22m[39m
     [32m✓[39m does not render archetype when not provided[32m 4[2mms[22m[39m
     [32m✓[39m renders flavor text when provided[32m 3[2mms[22m[39m
     [32m✓[39m fires onClick on click[32m 35[2mms[22m[39m
     [32m✓[39m fires onClick on Enter key[32m 19[2mms[22m[39m
     [32m✓[39m has correct accessibility label[32m 3[2mms[22m[39m
     [32m✓[39m renders label and text[32m 3[2mms[22m[39m
     [32m✓[39m renders label as uppercase[32m 2[2mms[22m[39m
     [32m✓[39m renders with correct structure[32m 3[2mms[22m[39m
     [32m✓[39m renders text with diamond glyph[32m 3[2mms[22m[39m
     [32m✓[39m renders multiple lines of text[32m 3[2mms[22m[39m
     [32m✓[39m glyph appears before text[32m 1[2mms[22m[39m
 [31m❯[39m src/engine/__tests__/unifiedIdleSelection.test.ts [2m([22m[2m9 tests[22m[2m | [22m[31m1 failed[39m[2m)[22m[32m 12[2mms[22m[39m
[31m     [31m×[31m creates unified actions for idle actors when roll < ACTION_ATTEMPT_CHANCE[39m[32m 6[2mms[22m[39m
     [32m✓[39m skips actors that already have active unified actions[32m 1[2mms[22m[39m
     [32m✓[39m generates routine events for mid-range rolls[32m 1[2mms[22m[39m
     [32m✓[39m does nothing for high rolls[32m 0[2mms[22m[39m
     [32m✓[39m generates notable event at NOTABLE_EVENT_INTERVAL[32m 0[2mms[22m[39m
     [32m✓[39m created actions have correct structure[32m 1[2mms[22m[39m
     [32m✓[39m handles actors without locations gracefully[32m 1[2mms[22m[39m
     [32m✓[39m handles actors without axiological profiles gracefully[32m 1[2mms[22m[39m
     [32m✓[39m preserves existing tick events[32m 1[2mms[22m[39m
21.18.24 [vite] (ssr) warning: Duplicate key "loyalty_ambition" in object literal
20 |      honesty_cunning: -0.4,
21 |      sacrifice_survival: 0.1,
22 |      loyalty_ambition: 0.5,
   |      ^
23 |      tradition_novelty: -0.2,
24 |      restraint_indulgence: 0.0,

  Plugin: vite:esbuild
  File: C:/Users/chris/Dev/Projects/TheFantasyWorldSimulator/src/engine/__tests__/orchestrator-divine.test.ts
 [31m❯[39m src/engine/__tests__/phaseAgentDecision.gateDutySupport.test.ts [2m([22m[2m1 test[22m[2m | [22m[31m1 failed[39m[2m)[22m[32m 11[2mms[22m[39m
[31m     [31m×[31m starts Gate Duty as a unified action and binds a reuse-first support bundle[39m[32m 10[2mms[22m[39m
 [31m❯[39m src/engine/__tests__/phaseAgentDecision.unified.test.ts [2m([22m[2m2 tests[22m[2m | [22m[31m1 failed[39m[2m)[22m[32m 13[2mms[22m[39m
[31m     [31m×[31m starts migrated encounter templates as unified actions instead of legacy encounter progress[39m[32m 11[2mms[22m[39m
     [32m✓[39m treats recently completed unified actions as cooldown history for the same template[32m 1[2mms[22m[39m
21.18.24 [vite] (client) warning: Duplicate key "loyalty_ambition" in object literal
68 |          honesty_cunning: 0.5,
69 |          sacrifice_survival: 0.5,
70 |          loyalty_ambition: 0.5,
   |          ^
71 |          tradition_novelty: 0.5,
72 |          humility_pride: 0.5,

  Plugin: vite:esbuild
  File: C:/Users/chris/Dev/Projects/TheFantasyWorldSimulator/src/components/Game/__tests__/GameView-debug.test.tsx
21.18.24 [vite] (client) warning: Duplicate key "mercy_ruthlessness" in object literal
71 |          tradition_novelty: 0.5,
72 |          humility_pride: 0.5,
73 |          mercy_ruthlessness: 0.5,
   |          ^
74 |          asceticism_extravagance: 0.5,
75 |        },

  Plugin: vite:esbuild
  File: C:/Users/chris/Dev/Projects/TheFantasyWorldSimulator/src/components/Game/__tests__/GameView-debug.test.tsx
 [31m❯[39m src/engine/__tests__/contestation-integration.test.ts [2m([22m[2m5 tests[22m[2m | [22m[31m1 failed[39m[2m)[22m[32m 14[2mms[22m[39m
     [32m✓[39m threat-reactive scoring boosts defend when siege is active[32m 1[2mms[22m[39m
     [32m✓[39m two opposing actions completing on same tick trigger contestation[32m 3[2mms[22m[39m
     [32m✓[39m contested pair produces one winner and one loser (or mutual failure)[32m 1[2mms[22m[39m
[31m     [31m×[31m uncontested actions at same location resolve normally alongside contested ones[39m[32m 6[2mms[22m[39m
     [32m✓[39m deterministic: same seed produces same contestation outcome[32m 1[2mms[22m[39m
 [31m❯[39m src/engine/__tests__/unifiedPipeline-integration.test.ts [2m([22m[2m6 tests[22m[2m | [22m[31m3 failed[39m[2m)[22m[32m 44[2mms[22m[39m
stderr | src/engine/__tests__/seedAttachments.test.ts > seedAttachments > adds all starter possession nodes to the graph
[GraphSchema] Edge "belongs_to" source should be ["actor","location"], got "region" (edge edge_hist_territory_region_0_hist_culture_0)

     [32m✓[39m runs 10 ticks without crashing[32m 8[2mms[22m[39m
[31m     [31m×[31m idle agents pick up actions over multiple ticks[39m[32m 12[2mms[22m[39m
[31m     [31m×[31m actions resolve over time[39m[32m 10[2mms[22m[39m
     [32m✓[39m events are generated during the run[32m 5[2mms[22m[39m
[31m     [31m×[31m state.unifiedActions accumulates actions across ticks[39m[32m 4[2mms[22m[39m
     [32m✓[39m deterministic: same seed produces same results[32m 4[2mms[22m[39m
stderr | src/engine/__tests__/seedAttachments.test.ts > seedAttachments > adds all starter condition nodes to the graph
[GraphSchema] Edge "belongs_to" source should be ["actor","location"], got "region" (edge edge_hist_territory_region_0_hist_culture_0)

stderr | src/engine/__tests__/seedAttachments.test.ts > seedAttachments > ind_0 — well-equipped warrior > possesses starter_iron_blade with correct modifiers
[GraphSchema] Edge "belongs_to" source should be ["actor","location"], got "region" (edge edge_hist_territory_region_0_hist_culture_0)

stderr | src/engine/__tests__/seedAttachments.test.ts > seedAttachments > ind_0 — well-equipped warrior > possesses starter_traveler_cloak
[GraphSchema] Edge "belongs_to" source should be ["actor","location"], got "region" (edge edge_hist_territory_region_0_hist_culture_0)

stderr | src/engine/__tests__/seedAttachments.test.ts > seedAttachments > ind_0 — well-equipped warrior > has_trait starter_bruised_ribs with ticksRemaining and acquiredTick
[GraphSchema] Edge "belongs_to" source should be ["actor","location"], got "region" (edge edge_hist_territory_region_0_hist_culture_0)

stderr | src/engine/__tests__/seedAttachments.test.ts > seedAttachments > ind_1 — mounted scout > possesses starter_ashenmane_horse with cavalry grants
[GraphSchema] Edge "belongs_to" source should be ["actor","location"], got "region" (edge edge_hist_territory_region_0_hist_culture_0)

stderr | src/engine/__tests__/seedAttachments.test.ts > seedAttachments > ind_1 — mounted scout > has_trait starter_sun_touched with correct ticksRemaining
[GraphSchema] Edge "belongs_to" source should be ["actor","location"], got "region" (edge edge_hist_territory_region_0_hist_culture_0)

stderr | src/engine/__tests__/seedAttachments.test.ts > seedAttachments > ind_2 — scholar/mystic > possesses starter_burned_codex
[GraphSchema] Edge "belongs_to" source should be ["actor","location"], got "region" (edge edge_hist_territory_region_0_hist_culture_0)

stderr | src/engine/__tests__/seedAttachments.test.ts > seedAttachments > ind_2 — scholar/mystic > possesses starter_whispering_eye with veil modifier
[GraphSchema] Edge "belongs_to" source should be ["actor","location"], got "region" (edge edge_hist_territory_region_0_hist_culture_0)

21.18.24 [vite] (ssr) warning: Duplicate key "loyalty_ambition" in object literal
20 |        honesty_cunning: -0.4,
21 |        sacrifice_survival: 0.1,
22 |        loyalty_ambition: 0.5,
   |        ^
23 |        tradition_novelty: -0.2,
24 |        restraint_indulgence: 0.0,

  Plugin: vite:esbuild
  File: C:/Users/chris/Dev/Projects/TheFantasyWorldSimulator/src/engine/__tests__/gameInit.test.ts
stderr | src/engine/__tests__/seedAttachments.test.ts > seedAttachments > ind_2 — scholar/mystic > has_trait starter_revelation with correct modifiers from condition node
[GraphSchema] Edge "belongs_to" source should be ["actor","location"], got "region" (edge edge_hist_territory_region_0_hist_culture_0)

stderr | src/engine/__tests__/seedAttachments.test.ts > seedAttachments > ind_3 — plague-touched traveler > possesses starter_road_worn_mule
[GraphSchema] Edge "belongs_to" source should be ["actor","location"], got "region" (edge edge_hist_territory_region_0_hist_culture_0)

stderr | src/engine/__tests__/seedAttachments.test.ts > seedAttachments > ind_3 — plague-touched traveler > possesses starter_copper_market_rations
[GraphSchema] Edge "belongs_to" source should be ["actor","location"], got "region" (edge edge_hist_territory_region_0_hist_culture_0)

stderr | src/engine/__tests__/seedAttachments.test.ts > seedAttachments > ind_3 — plague-touched traveler > has_trait starter_plague_touched with correct ticksRemaining
[GraphSchema] Edge "belongs_to" source should be ["actor","location"], got "region" (edge edge_hist_territory_region_0_hist_culture_0)

stderr | src/engine/__tests__/seedAttachments.test.ts > seedAttachments > ind_4 — elite with named weapon > is bonded_to starter_ashenmane_fang with intimidate grant
[GraphSchema] Edge "belongs_to" source should be ["actor","location"], got "region" (edge edge_hist_territory_region_0_hist_culture_0)

stderr | src/engine/__tests__/seedAttachments.test.ts > seedAttachments > agents ind_5 and above have no starter attachment edges
[GraphSchema] Edge "belongs_to" source should be ["actor","location"], got "region" (edge edge_hist_territory_region_0_hist_culture_0)

 [31m❯[39m src/engine/__tests__/seedAttachments.test.ts [2m([22m[2m15 tests[22m[2m | [22m[31m2 failed[39m[2m)[22m[32m 71[2mms[22m[39m
     [32m✓[39m adds all starter possession nodes to the graph[32m 13[2mms[22m[39m
     [32m✓[39m adds all starter condition nodes to the graph[32m 4[2mms[22m[39m
       [32m✓[39m possesses starter_iron_blade with correct modifiers[32m 4[2mms[22m[39m
       [32m✓[39m possesses starter_traveler_cloak[32m 4[2mms[22m[39m
       [32m✓[39m has_trait starter_bruised_ribs with ticksRemaining and acquiredTick[32m 4[2mms[22m[39m
       [32m✓[39m possesses starter_ashenmane_horse with cavalry grants[32m 5[2mms[22m[39m
       [32m✓[39m has_trait starter_sun_touched with correct ticksRemaining[32m 4[2mms[22m[39m
       [32m✓[39m possesses starter_burned_codex[32m 3[2mms[22m[39m
       [32m✓[39m possesses starter_whispering_eye with veil modifier[32m 4[2mms[22m[39m
[31m       [31m×[31m has_trait starter_revelation with correct modifiers from condition node[39m[32m 9[2mms[22m[39m
       [32m✓[39m possesses starter_road_worn_mule[32m 4[2mms[22m[39m
       [32m✓[39m possesses starter_copper_market_rations[32m 2[2mms[22m[39m
[31m       [31m×[31m has_trait starter_plague_touched with correct ticksRemaining[39m[32m 4[2mms[22m[39m
       [32m✓[39m is bonded_to starter_ashenmane_fang with intimidate grant[32m 3[2mms[22m[39m
     [32m✓[39m agents ind_5 and above have no starter attachment edges[32m 4[2mms[22m[39m
stderr | src/components/HexMap/__tests__/HexTile.test.tsx > HexTile fog rendering > renders normally when visibility is visible
An empty string ("") was passed to the href attribute. To fix this, either do not render the element at all or pass null to href instead of an empty string.

stderr | src/components/HexMap/__tests__/HexTile.test.tsx > HexTile fog rendering > renders dimmed when visibility is remembered
An empty string ("") was passed to the href attribute. To fix this, either do not render the element at all or pass null to href instead of an empty string.

stderr | src/components/HexMap/__tests__/HexTile.test.tsx > avatar hex overlay > renders pulsing ring when isAvatarHex is true
An empty string ("") was passed to the href attribute. To fix this, either do not render the element at all or pass null to href instead of an empty string.

stderr | src/components/HexMap/__tests__/HexTile.test.tsx > avatar hex overlay > does not render pulsing ring when isAvatarHex is false
An empty string ("") was passed to the href attribute. To fix this, either do not render the element at all or pass null to href instead of an empty string.

stderr | src/components/HexMap/__tests__/HexTile.test.tsx > avatar hex overlay > avatar ring uses correct sphere color
An empty string ("") was passed to the href attribute. To fix this, either do not render the element at all or pass null to href instead of an empty string.

stderr | src/components/HexMap/__tests__/HexTile.test.tsx > hex tile image rendering > renders an <image> element for visible tiles
An empty string ("") was passed to the href attribute. To fix this, either do not render the element at all or pass null to href instead of an empty string.

stderr | src/components/HexMap/__tests__/HexTile.test.tsx > hex tile image rendering > image href points to correct terrain tile
An empty string ("") was passed to the href attribute. To fix this, either do not render the element at all or pass null to href instead of an empty string.

stderr | src/components/HexMap/__tests__/HexTile.test.tsx > hex tile image rendering > still renders biome-colored polygon as fallback behind image
An empty string ("") was passed to the href attribute. To fix this, either do not render the element at all or pass null to href instead of an empty string.

stderr | src/components/HexMap/__tests__/HexTile.test.tsx > hex tile image rendering > does not render emoji text anymore
An empty string ("") was passed to the href attribute. To fix this, either do not render the element at all or pass null to href instead of an empty string.

stderr | src/components/HexMap/__tests__/HexTile.test.tsx > hex tile image rendering > renders image with clipPath for hex clipping
An empty string ("") was passed to the href attribute. To fix this, either do not render the element at all or pass null to href instead of an empty string.

stderr | src/components/HexMap/__tests__/HexTile.test.tsx > hex tile image rendering > remembered tiles render dimmed image
An empty string ("") was passed to the href attribute. To fix this, either do not render the element at all or pass null to href instead of an empty string.

 [31m❯[39m src/components/HexMap/__tests__/HexTile.test.tsx [2m([22m[2m13 tests[22m[2m | [22m[31m1 failed[39m[2m)[22m[32m 58[2mms[22m[39m
     [32m✓[39m renders normally when visibility is visible[32m 22[2mms[22m[39m
     [32m✓[39m renders dark when visibility is unexplored[32m 2[2mms[22m[39m
     [32m✓[39m renders dimmed when visibility is remembered[32m 3[2mms[22m[39m
     [32m✓[39m renders pulsing ring when isAvatarHex is true[32m 4[2mms[22m[39m
     [32m✓[39m does not render pulsing ring when isAvatarHex is false[32m 4[2mms[22m[39m
     [32m✓[39m avatar ring uses correct sphere color[32m 2[2mms[22m[39m
     [32m✓[39m renders an <image> element for visible tiles[32m 2[2mms[22m[39m
[31m     [31m×[31m image href points to correct terrain tile[39m[32m 5[2mms[22m[39m
     [32m✓[39m still renders biome-colored polygon as fallback behind image[32m 2[2mms[22m[39m
     [32m✓[39m does not render emoji text anymore[32m 2[2mms[22m[39m
     [32m✓[39m renders image with clipPath for hex clipping[32m 3[2mms[22m[39m
     [32m✓[39m remembered tiles render dimmed image[32m 3[2mms[22m[39m
     [32m✓[39m unexplored tiles do not render an image[32m 1[2mms[22m[39m
[90mstdout[2m | src/engine/__tests__/gameInit.test.ts[2m > [22m[2mGame Initialization[2m > [22m[2mreturns a valid GameState with all required fields
[22m[39m[WorldGen] Pass 'province' completed in 4.2ms
[WorldGen] Pass 'elevation' completed in 7.0ms
[WorldGen] Pass 'coastline' completed in 2.4ms
[WorldGen] Pass 'climate' completed in 14.3ms
[WorldGen] Pass 'hydrology' completed in 5.1ms
[WorldGen] Pass 'tempReassess' completed in 0.1ms
[WorldGen] Pass 'biome' completed in 1.0ms
[WorldGen] Culture terrain nudge: 42 hexes modified
[WorldGen] Pass 'cultureTerrainNudge' completed in 0.3ms
[WorldGen] Pass 'smoothing' completed in 1.3ms
[WorldGen] Pass 'validation' completed in 2.3ms

stderr | src/engine/__tests__/gameInit.test.ts > Game Initialization > returns a valid GameState with all required fields
[WorldGen] Validation errors: [ 'Ocean fraction too low: 7.4%' ]
[GraphSchema] Edge "belongs_to" source should be ["actor","location"], got "region" (edge edge_hist_territory_region_15_hist_culture_0)
[GraphSchema] Edge "belongs_to" source should be ["actor","location"], got "region" (edge edge_hist_territory_region_19_hist_culture_1)
[GraphSchema] Edge "belongs_to" source should be ["actor","location"], got "region" (edge edge_hist_territory_region_3_hist_culture_2)
[GraphSchema] Edge "belongs_to" source should be ["actor","location"], got "region" (edge edge_hist_territory_region_13_hist_culture_0)
[GraphSchema] Edge "belongs_to" source should be ["actor","location"], got "region" (edge edge_hist_territory_region_14_hist_culture_1)
[GraphSchema] Edge "belongs_to" source should be ["actor","location"], got "region" (edge edge_hist_territory_region_12_hist_culture_2)
[GraphSchema] Edge "belongs_to" source should be ["actor","location"], got "region" (edge edge_hist_territory_region_16_hist_culture_0)
[GraphSchema] Edge "belongs_to" source should be ["actor","location"], got "region" (edge edge_hist_territory_region_18_hist_culture_1)
[GraphSchema] Edge "belongs_to" source should be ["actor","location"], got "region" (edge edge_hist_territory_region_17_hist_culture_2)
[GraphSchema] Edge "belongs_to" source should be ["actor","location"], got "region" (edge edge_hist_territory_region_7_hist_culture_0)
[GraphSchema] Edge "belongs_to" source should be ["actor","location"], got "region" (edge edge_hist_territory_region_9_hist_culture_2)
[GraphSchema] Edge "belongs_to" source should be ["actor","location"], got "region" (edge edge_hist_territory_region_11_hist_culture_0)
[GraphSchema] Edge "belongs_to" source should be ["actor","location"], got "region" (edge edge_hist_territory_region_2_hist_culture_2)
[GraphSchema] Edge "belongs_to" source should be ["actor","location"], got "region" (edge edge_hist_territory_region_0_hist_culture_0)
[GraphSchema] Edge "belongs_to" source should be ["actor","location"], got "region" (edge edge_hist_territory_region_6_hist_culture_2)
[GraphSchema] Edge "belongs_to" source should be ["actor","location"], got "region" (edge edge_hist_territory_region_10_hist_culture_0)
[GraphSchema] Edge "belongs_to" source should be ["actor","location"], got "region" (edge edge_hist_territory_region_1_hist_culture_2)
[GraphSchema] Edge "belongs_to" source should be ["actor","location"], got "region" (edge edge_hist_territory_region_5_hist_culture_0)

 [31m❯[39m src/components/Game/__tests__/useAgentInteraction-effects.test.tsx [2m([22m[2m11 tests[22m[2m | [22m[31m3 failed[39m[2m)[22m[32m 44[2mms[22m[39m
       [32m✓[39m exposes playingCardId from the hook[32m 13[2mms[22m[39m
       [32m✓[39m initializes playingCardId as null[32m 2[2mms[22m[39m
       [32m✓[39m playingCardId is of type object (null)[32m 2[2mms[22m[39m
     [32m✓[39m refreshes threadedNodes when thread edges are added to the in-place graph[32m 4[2mms[22m[39m
[31m     [31m×[31m calls playCastSound via useInterventionAudio on target_action click[39m[32m 11[2mms[22m[39m
[31m     [31m×[31m pushes sphere-colored toast to onPushToast on target_action dispatch[39m[32m 3[2mms[22m[39m
     [32m✓[39m hook accepts onPushToast callback parameter[32m 2[2mms[22m[39m
     [32m✓[39m hook works without onPushToast callback (optional parameter)[32m 2[2mms[22m[39m
[31m     [31m×[31m pushes narrative event to recentEvents with isInterventionBeat=true after dispatch[39m[32m 3[2mms[22m[39m
     [32m✓[39m uses consequenceMessage.success from template when available[32m 1[2mms[22m[39m
     [32m✓[39m falls back to narrativeTemplates.success when consequenceMessage absent[32m 0[2mms[22m[39m
[90mstdout[2m | src/engine/__tests__/gameInit.test.ts[2m > [22m[2mGame Initialization[2m > [22m[2mreturns tiles array with expected dimensions (default 20x15)
[22m[39m[WorldGen] Pass 'province' completed in 2.3ms
[WorldGen] Pass 'elevation' completed in 3.7ms
[WorldGen] Pass 'coastline' completed in 2.4ms
[WorldGen] Pass 'climate' completed in 9.7ms
[WorldGen] Pass 'hydrology' completed in 1.5ms
[WorldGen] Pass 'tempReassess' completed in 0.0ms
[WorldGen] Pass 'biome' completed in 0.4ms
[WorldGen] Culture terrain nudge: 42 hexes modified
[WorldGen] Pass 'cultureTerrainNudge' completed in 0.9ms
[WorldGen] Pass 'smoothing' completed in 0.8ms
[WorldGen] Pass 'validation' completed in 1.1ms

stderr | src/engine/__tests__/actionNarrative-integration.test.ts > Action Narrative System — full flow > agenda → effects → decay → overlay → feedback
[WorldGen] Validation errors: [ 'Ocean fraction too low: 7.4%' ]
[GraphSchema] Edge "belongs_to" source should be ["actor","location"], got "region" (edge edge_hist_territory_region_15_hist_culture_0)
[GraphSchema] Edge "belongs_to" source should be ["actor","location"], got "region" (edge edge_hist_territory_region_19_hist_culture_1)
[GraphSchema] Edge "belongs_to" source should be ["actor","location"], got "region" (edge edge_hist_territory_region_3_hist_culture_2)
[GraphSchema] Edge "belongs_to" source should be ["actor","location"], got "region" (edge edge_hist_territory_region_13_hist_culture_0)
[GraphSchema] Edge "belongs_to" source should be ["actor","location"], got "region" (edge edge_hist_territory_region_14_hist_culture_1)
[90mstdout[2m | src/engine/__tests__/actionNarrative-integration.test.ts[2m > [22m[2mAction Narrative System — full flow[2m > [22m[2magenda → effects → decay → overlay → feedback
[22m[39m[WorldGen] Pass 'province' completed in 7.4ms
[WorldGen] Pass 'elevation' completed in 9.2ms
[WorldGen] Pass 'coastline' completed in 5.6ms
[WorldGen] Pass 'climate' completed in 18.0ms
[WorldGen] Pass 'hydrology' completed in 5.5ms
[WorldGen] Pass 'tempReassess' completed in 0.2ms
[WorldGen] Pass 'biome' completed in 2.4ms
[WorldGen] Culture terrain nudge: 42 hexes modified
[WorldGen] Pass 'cultureTerrainNudge' completed in 0.7ms
[WorldGen] Pass 'smoothing' completed in 2.1ms
[WorldGen] Pass 'validation' completed in 3.0ms
[GraphSchema] Edge "belongs_to" source should be ["actor","location"], got "region" (edge edge_hist_territory_region_12_hist_culture_2)
[GraphSchema] Edge "belongs_to" source should be ["actor","location"], got "region" (edge edge_hist_territory_region_16_hist_culture_0)
[GraphSchema] Edge "belongs_to" source should be ["actor","location"], got "region" (edge edge_hist_territory_region_18_hist_culture_1)
[GraphSchema] Edge "belongs_to" source should be ["actor","location"], got "region" (edge edge_hist_territory_region_17_hist_culture_2)
[GraphSchema] Edge "belongs_to" source should be ["actor","location"], got "region" (edge edge_hist_territory_region_7_hist_culture_0)
[GraphSchema] Edge "belongs_to" source should be ["actor","location"], got "region" (edge edge_hist_territory_region_9_hist_culture_2)
[GraphSchema] Edge "belongs_to" source should be ["actor","location"], got "region" (edge edge_hist_territory_region_11_hist_culture_0)
[GraphSchema] Edge "belongs_to" source should be ["actor","location"], got "region" (edge edge_hist_territory_region_2_hist_culture_2)

[GraphSchema] Edge "belongs_to" source should be ["actor","location"], got "region" (edge edge_hist_territory_region_0_hist_culture_0)
[GraphSchema] Edge "belongs_to" source should be ["actor","location"], got "region" (edge edge_hist_territory_region_6_hist_culture_2)
[GraphSchema] Edge "belongs_to" source should be ["actor","location"], got "region" (edge edge_hist_territory_region_10_hist_culture_0)
[GraphSchema] Edge "belongs_to" source should be ["actor","location"], got "region" (edge edge_hist_territory_region_1_hist_culture_2)
[GraphSchema] Edge "belongs_to" source should be ["actor","location"], got "region" (edge edge_hist_territory_region_5_hist_culture_0)

stderr | src/engine/__tests__/gameInit.test.ts > Game Initialization > returns tiles array with expected dimensions (default 20x15)
[WorldGen] Validation errors: [ 'Ocean fraction too low: 7.4%' ]
[GraphSchema] Edge "belongs_to" source should be ["actor","location"], got "region" (edge edge_hist_territory_region_15_hist_culture_0)
[GraphSchema] Edge "belongs_to" source should be ["actor","location"], got "region" (edge edge_hist_territory_region_19_hist_culture_1)
[GraphSchema] Edge "belongs_to" source should be ["actor","location"], got "region" (edge edge_hist_territory_region_3_hist_culture_2)
[GraphSchema] Edge "belongs_to" source should be ["actor","location"], got "region" (edge edge_hist_territory_region_13_hist_culture_0)
[GraphSchema] Edge "belongs_to" source should be ["actor","location"], got "region" (edge edge_hist_territory_region_14_hist_culture_1)
[GraphSchema] Edge "belongs_to" source should be ["actor","location"], got "region" (edge edge_hist_territory_region_12_hist_culture_2)
[GraphSchema] Edge "belongs_to" source should be ["actor","location"], got "region" (edge edge_hist_territory_region_16_hist_culture_0)
[GraphSchema] Edge "belongs_to" source should be ["actor","location"], got "region" (edge edge_hist_territory_region_18_hist_culture_1)
[GraphSchema] Edge "belongs_to" source should be ["actor","location"], got "region" (edge edge_hist_territory_region_17_hist_culture_2)
[GraphSchema] Edge "belongs_to" source should be ["actor","location"], got "region" (edge edge_hist_territory_region_7_hist_culture_0)
[GraphSchema] Edge "belongs_to" source should be ["actor","location"], got "region" (edge edge_hist_territory_region_9_hist_culture_2)
[GraphSchema] Edge "belongs_to" source should be ["actor","location"], got "region" (edge edge_hist_territory_region_11_hist_culture_0)
[GraphSchema] Edge "belongs_to" source should be ["actor","location"], got "region" (edge edge_hist_territory_region_2_hist_culture_2)
[GraphSchema] Edge "belongs_to" source should be ["actor","location"], got "region" (edge edge_hist_territory_region_0_hist_culture_0)
[GraphSchema] Edge "belongs_to" source should be ["actor","location"], got "region" (edge edge_hist_territory_region_6_hist_culture_2)
[GraphSchema] Edge "belongs_to" source should be ["actor","location"], got "region" (edge edge_hist_territory_region_10_hist_culture_0)
[GraphSchema] Edge "belongs_to" source should be ["actor","location"], got "region" (edge edge_hist_territory_region_1_hist_culture_2)
[GraphSchema] Edge "belongs_to" source should be ["actor","location"], got "region" (edge edge_hist_territory_region_5_hist_culture_0)

stderr | src/engine/__tests__/gameInit.test.ts > Game Initialization > tiles array has 768 tiles by default (32 cols × 24 rows)
[WorldGen] Validation errors: [ 'Ocean fraction too low: 7.4%' ]
[GraphSchema] Edge "belongs_to" source should be ["actor","location"], got "region" (edge edge_hist_territory_region_15_hist_culture_0)
[GraphSchema] Edge "belongs_to" source should be ["actor","location"], got "region" (edge edge_hist_territory_region_19_hist_culture_1)
[GraphSchema] Edge "belongs_to" source should be ["actor","location"], got "region" (edge edge_hist_territory_region_3_hist_culture_2)
[GraphSchema] Edge "belongs_to" source should be ["actor","location"], got "region" (edge edge_hist_territory_region_13_hist_culture_0)
[GraphSchema] Edge "belongs_to" source should be ["actor","location"], got "region" (edge edge_hist_territory_region_14_hist_culture_1)
[GraphSchema] Edge "belongs_to" source should be ["actor","location"], got "region" (edge edge_hist_territory_region_12_hist_culture_2)
[GraphSchema] Edge "belongs_to" source should be ["actor","location"], got "region" (edge edge_hist_territory_region_16_hist_culture_0)
[GraphSchema] Edge "belongs_to" source should be ["actor","location"], got "region" (edge edge_hist_territory_region_18_hist_culture_1)
[GraphSchema] Edge "belongs_to" source should be ["actor","location"], got "region" (edge edge_hist_territory_region_17_hist_culture_2)
[GraphSchema] Edge "belongs_to" source should be ["actor","location"], got "region" (edge edge_hist_territory_region_7_hist_culture_0)
[GraphSchema] Edge "belongs_to" source should be ["actor","location"], got "region" (edge edge_hist_territory_region_9_hist_culture_2)
[GraphSchema] Edge "belongs_to" source should be ["actor","location"], got "region" (edge edge_hist_territory_region_11_hist_culture_0)
[GraphSchema] Edge "belongs_to" source should be ["actor","location"], got "region" (edge edge_hist_territory_region_2_hist_culture_2)
[GraphSchema] Edge "belongs_to" source should be ["actor","location"], got "region" (edge edge_hist_territory_region_0_hist_culture_0)
[GraphSchema] Edge "belongs_to" source should be ["actor","location"], got "region" (edge edge_hist_territory_region_6_hist_culture_2)
[GraphSchema] Edge "belongs_to" source should be ["actor","location"], got "region" (edge edge_hist_territory_region_10_hist_culture_0)
[GraphSchema] Edge "belongs_to" source should be ["actor","location"], got "region" (edge edge_hist_territory_region_1_hist_culture_2)
[GraphSchema] Edge "belongs_to" source should be ["actor","location"], got "region" (edge edge_hist_territory_region_5_hist_culture_0)

[90mstdout[2m | src/engine/__tests__/gameInit.test.ts[2m > [22m[2mGame Initialization[2m > [22m[2mtiles array has 768 tiles by default (32 cols × 24 rows)
[22m[39m[WorldGen] Pass 'province' completed in 2.3ms
[WorldGen] Pass 'elevation' completed in 2.6ms
[WorldGen] Pass 'coastline' completed in 2.7ms
[WorldGen] Pass 'climate' completed in 4.6ms
[WorldGen] Pass 'hydrology' completed in 2.0ms
[WorldGen] Pass 'tempReassess' completed in 0.0ms
[WorldGen] Pass 'biome' completed in 0.6ms
[WorldGen] Culture terrain nudge: 42 hexes modified
[WorldGen] Pass 'cultureTerrainNudge' completed in 0.2ms
[WorldGen] Pass 'smoothing' completed in 1.5ms
[WorldGen] Pass 'validation' completed in 1.9ms

[90mstdout[2m | src/engine/__tests__/actionNarrative-integration.test.ts[2m > [22m[2mAction Narrative System — full flow[2m > [22m[2mexpired influences are filtered from overlay
[22m[39m[WorldGen] Pass 'province' completed in 2.4ms
[WorldGen] Pass 'elevation' completed in 6.2ms
[WorldGen] Pass 'coastline' completed in 2.7ms
[WorldGen] Pass 'climate' completed in 4.3ms
[WorldGen] Pass 'hydrology' completed in 3.1ms
[WorldGen] Pass 'tempReassess' completed in 0.0ms
[WorldGen] Pass 'biome' completed in 0.9ms
[WorldGen] Culture terrain nudge: 42 hexes modified
[WorldGen] Pass 'cultureTerrainNudge' completed in 0.2ms
[WorldGen] Pass 'smoothing' completed in 1.3ms
[WorldGen] Pass 'validation' completed in 2.5ms

stderr | src/engine/__tests__/actionNarrative-integration.test.ts > Action Narrative System — full flow > expired influences are filtered from overlay
[WorldGen] Validation errors: [ 'Ocean fraction too low: 7.4%' ]
[GraphSchema] Edge "belongs_to" source should be ["actor","location"], got "region" (edge edge_hist_territory_region_15_hist_culture_0)
[GraphSchema] Edge "belongs_to" source should be ["actor","location"], got "region" (edge edge_hist_territory_region_19_hist_culture_1)
[GraphSchema] Edge "belongs_to" source should be ["actor","location"], got "region" (edge edge_hist_territory_region_3_hist_culture_2)
[GraphSchema] Edge "belongs_to" source should be ["actor","location"], got "region" (edge edge_hist_territory_region_13_hist_culture_0)
[GraphSchema] Edge "belongs_to" source should be ["actor","location"], got "region" (edge edge_hist_territory_region_14_hist_culture_1)
[GraphSchema] Edge "belongs_to" source should be ["actor","location"], got "region" (edge edge_hist_territory_region_12_hist_culture_2)
[GraphSchema] Edge "belongs_to" source should be ["actor","location"], got "region" (edge edge_hist_territory_region_16_hist_culture_0)
[GraphSchema] Edge "belongs_to" source should be ["actor","location"], got "region" (edge edge_hist_territory_region_18_hist_culture_1)
[GraphSchema] Edge "belongs_to" source should be ["actor","location"], got "region" (edge edge_hist_territory_region_17_hist_culture_2)
[GraphSchema] Edge "belongs_to" source should be ["actor","location"], got "region" (edge edge_hist_territory_region_7_hist_culture_0)
[GraphSchema] Edge "belongs_to" source should be ["actor","location"], got "region" (edge edge_hist_territory_region_9_hist_culture_2)
[GraphSchema] Edge "belongs_to" source should be ["actor","location"], got "region" (edge edge_hist_territory_region_11_hist_culture_0)
[GraphSchema] Edge "belongs_to" source should be ["actor","location"], got "region" (edge edge_hist_territory_region_2_hist_culture_2)
[GraphSchema] Edge "belongs_to" source should be ["actor","location"], got "region" (edge edge_hist_territory_region_0_hist_culture_0)
[GraphSchema] Edge "belongs_to" source should be ["actor","location"], got "region" (edge edge_hist_territory_region_6_hist_culture_2)
[GraphSchema] Edge "belongs_to" source should be ["actor","location"], got "region" (edge edge_hist_territory_region_10_hist_culture_0)
[GraphSchema] Edge "belongs_to" source should be ["actor","location"], got "region" (edge edge_hist_territory_region_1_hist_culture_2)
[GraphSchema] Edge "belongs_to" source should be ["actor","location"], got "region" (edge edge_hist_territory_region_5_hist_culture_0)

21.18.25 [vite] (client) warning: Duplicate key "loyalty_ambition" in object literal
25 |          honesty_cunning: -0.5,
26 |          sacrifice_survival: 0.7,
27 |          loyalty_ambition: 0.9,
   |          ^
28 |          tradition_novelty: 0.1,
29 |          humility_pride: -0.2,

  Plugin: vite:esbuild
  File: C:/Users/chris/Dev/Projects/TheFantasyWorldSimulator/src/components/Game/__tests__/ScryOverlay.test.tsx
21.18.25 [vite] (client) warning: Duplicate key "mercy_ruthlessness" in object literal
28 |          tradition_novelty: 0.1,
29 |          humility_pride: -0.2,
30 |          mercy_ruthlessness: 0.4,
   |          ^
31 |          asceticism_extravagance: -0.3,
32 |        },

  Plugin: vite:esbuild
  File: C:/Users/chris/Dev/Projects/TheFantasyWorldSimulator/src/components/Game/__tests__/ScryOverlay.test.tsx
21.18.25 [vite] (client) warning: Duplicate key "loyalty_ambition" in object literal
57 |          honesty_cunning: 0.4,
58 |          sacrifice_survival: 0.6,
59 |          loyalty_ambition: 0.8,
   |          ^
60 |          tradition_novelty: -0.2,
61 |          humility_pride: 0.0,

  Plugin: vite:esbuild
  File: C:/Users/chris/Dev/Projects/TheFantasyWorldSimulator/src/components/Game/__tests__/ScryOverlay.test.tsx
21.18.25 [vite] (client) warning: Duplicate key "mercy_ruthlessness" in object literal
60 |          tradition_novelty: -0.2,
61 |          humility_pride: 0.0,
62 |          mercy_ruthlessness: 0.3,
   |          ^
63 |          asceticism_extravagance: 0.2,
64 |        },

  Plugin: vite:esbuild
  File: C:/Users/chris/Dev/Projects/TheFantasyWorldSimulator/src/components/Game/__tests__/ScryOverlay.test.tsx
[90mstdout[2m | src/engine/__tests__/gameInit.test.ts[2m > [22m[2mGame Initialization[2m > [22m[2minitializes essencePool with all spheres at 50
[22m[39m[WorldGen] Pass 'province' completed in 1.7ms
[WorldGen] Pass 'elevation' completed in 2.6ms
[WorldGen] Pass 'coastline' completed in 2.0ms
[WorldGen] Pass 'climate' completed in 2.7ms
[WorldGen] Pass 'hydrology' completed in 0.9ms
[WorldGen] Pass 'tempReassess' completed in 0.0ms
[WorldGen] Pass 'biome' completed in 1.5ms
[WorldGen] Culture terrain nudge: 42 hexes modified
[WorldGen] Pass 'cultureTerrainNudge' completed in 0.1ms
[WorldGen] Pass 'smoothing' completed in 1.5ms
[WorldGen] Pass 'validation' completed in 0.8ms

stderr | src/engine/__tests__/gameInit.test.ts > Game Initialization > initializes essencePool with all spheres at 50
[WorldGen] Validation errors: [ 'Ocean fraction too low: 7.4%' ]
[GraphSchema] Edge "belongs_to" source should be ["actor","location"], got "region" (edge edge_hist_territory_region_15_hist_culture_0)
[GraphSchema] Edge "belongs_to" source should be ["actor","location"], got "region" (edge edge_hist_territory_region_19_hist_culture_1)
[GraphSchema] Edge "belongs_to" source should be ["actor","location"], got "region" (edge edge_hist_territory_region_3_hist_culture_2)
[GraphSchema] Edge "belongs_to" source should be ["actor","location"], got "region" (edge edge_hist_territory_region_13_hist_culture_0)
[GraphSchema] Edge "belongs_to" source should be ["actor","location"], got "region" (edge edge_hist_territory_region_14_hist_culture_1)
[GraphSchema] Edge "belongs_to" source should be ["actor","location"], got "region" (edge edge_hist_territory_region_12_hist_culture_2)
[GraphSchema] Edge "belongs_to" source should be ["actor","location"], got "region" (edge edge_hist_territory_region_16_hist_culture_0)
[GraphSchema] Edge "belongs_to" source should be ["actor","location"], got "region" (edge edge_hist_territory_region_18_hist_culture_1)
[GraphSchema] Edge "belongs_to" source should be ["actor","location"], got "region" (edge edge_hist_territory_region_17_hist_culture_2)
[GraphSchema] Edge "belongs_to" source should be ["actor","location"], got "region" (edge edge_hist_territory_region_7_hist_culture_0)
[GraphSchema] Edge "belongs_to" source should be ["actor","location"], got "region" (edge edge_hist_territory_region_9_hist_culture_2)
[GraphSchema] Edge "belongs_to" source should be ["actor","location"], got "region" (edge edge_hist_territory_region_11_hist_culture_0)
[GraphSchema] Edge "belongs_to" source should be ["actor","location"], got "region" (edge edge_hist_territory_region_2_hist_culture_2)
[GraphSchema] Edge "belongs_to" source should be ["actor","location"], got "region" (edge edge_hist_territory_region_0_hist_culture_0)
[GraphSchema] Edge "belongs_to" source should be ["actor","location"], got "region" (edge edge_hist_territory_region_6_hist_culture_2)
[GraphSchema] Edge "belongs_to" source should be ["actor","location"], got "region" (edge edge_hist_territory_region_10_hist_culture_0)
[GraphSchema] Edge "belongs_to" source should be ["actor","location"], got "region" (edge edge_hist_territory_region_1_hist_culture_2)
[GraphSchema] Edge "belongs_to" source should be ["actor","location"], got "region" (edge edge_hist_territory_region_5_hist_culture_0)

[90mstdout[2m | src/engine/__tests__/actionNarrative-integration.test.ts[2m > [22m[2mAction Narrative System — full flow[2m > [22m[2mmultiple agendas can be tested sequentially
[22m[39m[WorldGen] Pass 'province' completed in 2.1ms
[WorldGen] Pass 'elevation' completed in 7.2ms
[WorldGen] Pass 'coastline' completed in 2.5ms
[WorldGen] Pass 'climate' completed in 2.6ms
[WorldGen] Pass 'hydrology' completed in 0.8ms
[WorldGen] Pass 'tempReassess' completed in 0.0ms
[WorldGen] Pass 'biome' completed in 0.3ms
[WorldGen] Culture terrain nudge: 42 hexes modified
[WorldGen] Pass 'cultureTerrainNudge' completed in 0.2ms
[WorldGen] Pass 'smoothing' completed in 1.2ms
[WorldGen] Pass 'validation' completed in 1.1ms

stderr | src/engine/__tests__/actionNarrative-integration.test.ts > Action Narrative System — full flow > multiple agendas can be tested sequentially
[WorldGen] Validation errors: [ 'Ocean fraction too low: 7.4%' ]
[GraphSchema] Edge "belongs_to" source should be ["actor","location"], got "region" (edge edge_hist_territory_region_15_hist_culture_0)
[GraphSchema] Edge "belongs_to" source should be ["actor","location"], got "region" (edge edge_hist_territory_region_19_hist_culture_1)
[GraphSchema] Edge "belongs_to" source should be ["actor","location"], got "region" (edge edge_hist_territory_region_3_hist_culture_2)
[GraphSchema] Edge "belongs_to" source should be ["actor","location"], got "region" (edge edge_hist_territory_region_13_hist_culture_0)
[GraphSchema] Edge "belongs_to" source should be ["actor","location"], got "region" (edge edge_hist_territory_region_14_hist_culture_1)
[GraphSchema] Edge "belongs_to" source should be ["actor","location"], got "region" (edge edge_hist_territory_region_12_hist_culture_2)
[GraphSchema] Edge "belongs_to" source should be ["actor","location"], got "region" (edge edge_hist_territory_region_16_hist_culture_0)
[GraphSchema] Edge "belongs_to" source should be ["actor","location"], got "region" (edge edge_hist_territory_region_18_hist_culture_1)
[GraphSchema] Edge "belongs_to" source should be ["actor","location"], got "region" (edge edge_hist_territory_region_17_hist_culture_2)
[GraphSchema] Edge "belongs_to" source should be ["actor","location"], got "region" (edge edge_hist_territory_region_7_hist_culture_0)
[GraphSchema] Edge "belongs_to" source should be ["actor","location"], got "region" (edge edge_hist_territory_region_9_hist_culture_2)
[GraphSchema] Edge "belongs_to" source should be ["actor","location"], got "region" (edge edge_hist_territory_region_11_hist_culture_0)
[GraphSchema] Edge "belongs_to" source should be ["actor","location"], got "region" (edge edge_hist_territory_region_2_hist_culture_2)
[GraphSchema] Edge "belongs_to" source should be ["actor","location"], got "region" (edge edge_hist_territory_region_0_hist_culture_0)
[GraphSchema] Edge "belongs_to" source should be ["actor","location"], got "region" (edge edge_hist_territory_region_6_hist_culture_2)
[GraphSchema] Edge "belongs_to" source should be ["actor","location"], got "region" (edge edge_hist_territory_region_10_hist_culture_0)
[GraphSchema] Edge "belongs_to" source should be ["actor","location"], got "region" (edge edge_hist_territory_region_1_hist_culture_2)
[GraphSchema] Edge "belongs_to" source should be ["actor","location"], got "region" (edge edge_hist_territory_region_5_hist_culture_0)

[90mstdout[2m | src/engine/__tests__/gameInit.test.ts[2m > [22m[2mGame Initialization[2m > [22m[2minitializes cosmology in state
[22m[39m[WorldGen] Pass 'province' completed in 1.3ms
[WorldGen] Pass 'elevation' completed in 2.0ms
[WorldGen] Pass 'coastline' completed in 0.7ms
[WorldGen] Pass 'climate' completed in 1.3ms
[WorldGen] Pass 'hydrology' completed in 0.6ms
[WorldGen] Pass 'tempReassess' completed in 0.0ms
[WorldGen] Pass 'biome' completed in 0.3ms
[WorldGen] Culture terrain nudge: 42 hexes modified
[WorldGen] Pass 'cultureTerrainNudge' completed in 0.1ms
[WorldGen] Pass 'smoothing' completed in 1.3ms
[WorldGen] Pass 'validation' completed in 0.6ms

stderr | src/engine/__tests__/gameInit.test.ts > Game Initialization > initializes cosmology in state
[WorldGen] Validation errors: [ 'Ocean fraction too low: 7.4%' ]
[GraphSchema] Edge "belongs_to" source should be ["actor","location"], got "region" (edge edge_hist_territory_region_15_hist_culture_0)
[GraphSchema] Edge "belongs_to" source should be ["actor","location"], got "region" (edge edge_hist_territory_region_19_hist_culture_1)
[GraphSchema] Edge "belongs_to" source should be ["actor","location"], got "region" (edge edge_hist_territory_region_3_hist_culture_2)
[GraphSchema] Edge "belongs_to" source should be ["actor","location"], got "region" (edge edge_hist_territory_region_13_hist_culture_0)
[GraphSchema] Edge "belongs_to" source should be ["actor","location"], got "region" (edge edge_hist_territory_region_14_hist_culture_1)
[GraphSchema] Edge "belongs_to" source should be ["actor","location"], got "region" (edge edge_hist_territory_region_12_hist_culture_2)
[GraphSchema] Edge "belongs_to" source should be ["actor","location"], got "region" (edge edge_hist_territory_region_16_hist_culture_0)
[GraphSchema] Edge "belongs_to" source should be ["actor","location"], got "region" (edge edge_hist_territory_region_18_hist_culture_1)
[GraphSchema] Edge "belongs_to" source should be ["actor","location"], got "region" (edge edge_hist_territory_region_17_hist_culture_2)
[GraphSchema] Edge "belongs_to" source should be ["actor","location"], got "region" (edge edge_hist_territory_region_7_hist_culture_0)
[GraphSchema] Edge "belongs_to" source should be ["actor","location"], got "region" (edge edge_hist_territory_region_9_hist_culture_2)
[GraphSchema] Edge "belongs_to" source should be ["actor","location"], got "region" (edge edge_hist_territory_region_11_hist_culture_0)
[GraphSchema] Edge "belongs_to" source should be ["actor","location"], got "region" (edge edge_hist_territory_region_2_hist_culture_2)
[GraphSchema] Edge "belongs_to" source should be ["actor","location"], got "region" (edge edge_hist_territory_region_0_hist_culture_0)
[GraphSchema] Edge "belongs_to" source should be ["actor","location"], got "region" (edge edge_hist_territory_region_6_hist_culture_2)
[GraphSchema] Edge "belongs_to" source should be ["actor","location"], got "region" (edge edge_hist_territory_region_10_hist_culture_0)
[GraphSchema] Edge "belongs_to" source should be ["actor","location"], got "region" (edge edge_hist_territory_region_1_hist_culture_2)
[GraphSchema] Edge "belongs_to" source should be ["actor","location"], got "region" (edge edge_hist_territory_region_5_hist_culture_0)

[90mstdout[2m | src/engine/__tests__/actionNarrative-integration.test.ts[2m > [22m[2mAction Narrative System — full flow[2m > [22m[2mdecay parameters vary by intervention type
[22m[39m[WorldGen] Pass 'province' completed in 3.7ms
[WorldGen] Pass 'elevation' completed in 1.6ms
[WorldGen] Pass 'coastline' completed in 1.3ms
[WorldGen] Pass 'climate' completed in 1.5ms
[WorldGen] Pass 'hydrology' completed in 0.7ms
[WorldGen] Pass 'tempReassess' completed in 0.0ms
[WorldGen] Pass 'biome' completed in 0.2ms
[WorldGen] Culture terrain nudge: 42 hexes modified
[WorldGen] Pass 'cultureTerrainNudge' completed in 0.0ms
[WorldGen] Pass 'smoothing' completed in 0.4ms
[WorldGen] Pass 'validation' completed in 0.4ms

stderr | src/engine/__tests__/actionNarrative-integration.test.ts > Action Narrative System — full flow > decay parameters vary by intervention type
[WorldGen] Validation errors: [ 'Ocean fraction too low: 7.4%' ]
[GraphSchema] Edge "belongs_to" source should be ["actor","location"], got "region" (edge edge_hist_territory_region_15_hist_culture_0)
[GraphSchema] Edge "belongs_to" source should be ["actor","location"], got "region" (edge edge_hist_territory_region_19_hist_culture_1)
[GraphSchema] Edge "belongs_to" source should be ["actor","location"], got "region" (edge edge_hist_territory_region_3_hist_culture_2)
[GraphSchema] Edge "belongs_to" source should be ["actor","location"], got "region" (edge edge_hist_territory_region_13_hist_culture_0)
[GraphSchema] Edge "belongs_to" source should be ["actor","location"], got "region" (edge edge_hist_territory_region_14_hist_culture_1)
[GraphSchema] Edge "belongs_to" source should be ["actor","location"], got "region" (edge edge_hist_territory_region_12_hist_culture_2)
[GraphSchema] Edge "belongs_to" source should be ["actor","location"], got "region" (edge edge_hist_territory_region_16_hist_culture_0)
[GraphSchema] Edge "belongs_to" source should be ["actor","location"], got "region" (edge edge_hist_territory_region_18_hist_culture_1)
[GraphSchema] Edge "belongs_to" source should be ["actor","location"], got "region" (edge edge_hist_territory_region_17_hist_culture_2)
[GraphSchema] Edge "belongs_to" source should be ["actor","location"], got "region" (edge edge_hist_territory_region_7_hist_culture_0)
[GraphSchema] Edge "belongs_to" source should be ["actor","location"], got "region" (edge edge_hist_territory_region_9_hist_culture_2)
[GraphSchema] Edge "belongs_to" source should be ["actor","location"], got "region" (edge edge_hist_territory_region_11_hist_culture_0)
[GraphSchema] Edge "belongs_to" source should be ["actor","location"], got "region" (edge edge_hist_territory_region_2_hist_culture_2)
[GraphSchema] Edge "belongs_to" source should be ["actor","location"], got "region" (edge edge_hist_territory_region_0_hist_culture_0)
[GraphSchema] Edge "belongs_to" source should be ["actor","location"], got "region" (edge edge_hist_territory_region_6_hist_culture_2)
[GraphSchema] Edge "belongs_to" source should be ["actor","location"], got "region" (edge edge_hist_territory_region_10_hist_culture_0)
[GraphSchema] Edge "belongs_to" source should be ["actor","location"], got "region" (edge edge_hist_territory_region_1_hist_culture_2)
[GraphSchema] Edge "belongs_to" source should be ["actor","location"], got "region" (edge edge_hist_territory_region_5_hist_culture_0)

 [31m❯[39m src/engine/__tests__/actionNarrative-integration.test.ts [2m([22m[2m4 tests[22m[2m | [22m[31m4 failed[39m[2m)[22m[33m 352[2mms[22m[39m
[31m     [31m×[31m agenda → effects → decay → overlay → feedback[39m[32m 139[2mms[22m[39m
[31m     [31m×[31m expired influences are filtered from overlay[39m[32m 87[2mms[22m[39m
[31m     [31m×[31m multiple agendas can be tested sequentially[39m[32m 74[2mms[22m[39m
[31m     [31m×[31m decay parameters vary by intervention type[39m[32m 51[2mms[22m[39m
[90mstdout[2m | src/engine/__tests__/gameInit.test.ts[2m > [22m[2mGame Initialization[2m > [22m[2minitializes clock with default values
[22m[39m[WorldGen] Pass 'province' completed in 1.5ms
[WorldGen] Pass 'elevation' completed in 1.9ms
[WorldGen] Pass 'coastline' completed in 0.8ms
[WorldGen] Pass 'climate' completed in 2.2ms
[WorldGen] Pass 'hydrology' completed in 0.7ms
[WorldGen] Pass 'tempReassess' completed in 0.0ms
[WorldGen] Pass 'biome' completed in 0.2ms
[WorldGen] Culture terrain nudge: 42 hexes modified
[WorldGen] Pass 'cultureTerrainNudge' completed in 0.1ms
[WorldGen] Pass 'smoothing' completed in 0.8ms
[WorldGen] Pass 'validation' completed in 0.6ms

stderr | src/engine/__tests__/gameInit.test.ts > Game Initialization > initializes clock with default values
[WorldGen] Validation errors: [ 'Ocean fraction too low: 7.4%' ]
[GraphSchema] Edge "belongs_to" source should be ["actor","location"], got "region" (edge edge_hist_territory_region_15_hist_culture_0)
[GraphSchema] Edge "belongs_to" source should be ["actor","location"], got "region" (edge edge_hist_territory_region_19_hist_culture_1)
[GraphSchema] Edge "belongs_to" source should be ["actor","location"], got "region" (edge edge_hist_territory_region_3_hist_culture_2)
[GraphSchema] Edge "belongs_to" source should be ["actor","location"], got "region" (edge edge_hist_territory_region_13_hist_culture_0)
[GraphSchema] Edge "belongs_to" source should be ["actor","location"], got "region" (edge edge_hist_territory_region_14_hist_culture_1)
[GraphSchema] Edge "belongs_to" source should be ["actor","location"], got "region" (edge edge_hist_territory_region_12_hist_culture_2)
[GraphSchema] Edge "belongs_to" source should be ["actor","location"], got "region" (edge edge_hist_territory_region_16_hist_culture_0)
[GraphSchema] Edge "belongs_to" source should be ["actor","location"], got "region" (edge edge_hist_territory_region_18_hist_culture_1)
[GraphSchema] Edge "belongs_to" source should be ["actor","location"], got "region" (edge edge_hist_territory_region_17_hist_culture_2)
[GraphSchema] Edge "belongs_to" source should be ["actor","location"], got "region" (edge edge_hist_territory_region_7_hist_culture_0)
[GraphSchema] Edge "belongs_to" source should be ["actor","location"], got "region" (edge edge_hist_territory_region_9_hist_culture_2)
[GraphSchema] Edge "belongs_to" source should be ["actor","location"], got "region" (edge edge_hist_territory_region_11_hist_culture_0)
[GraphSchema] Edge "belongs_to" source should be ["actor","location"], got "region" (edge edge_hist_territory_region_2_hist_culture_2)
[GraphSchema] Edge "belongs_to" source should be ["actor","location"], got "region" (edge edge_hist_territory_region_0_hist_culture_0)
[GraphSchema] Edge "belongs_to" source should be ["actor","location"], got "region" (edge edge_hist_territory_region_6_hist_culture_2)
[GraphSchema] Edge "belongs_to" source should be ["actor","location"], got "region" (edge edge_hist_territory_region_10_hist_culture_0)
[GraphSchema] Edge "belongs_to" source should be ["actor","location"], got "region" (edge edge_hist_territory_region_1_hist_culture_2)
[GraphSchema] Edge "belongs_to" source should be ["actor","location"], got "region" (edge edge_hist_territory_region_5_hist_culture_0)

[90mstdout[2m | src/engine/__tests__/gameInit.test.ts[2m > [22m[2mGame Initialization[2m > [22m[2mcreates world with seeded random — same seed produces same state
[22m[39m[WorldGen] Pass 'province' completed in 1.4ms
[WorldGen] Pass 'elevation' completed in 1.4ms
[WorldGen] Pass 'coastline' completed in 0.7ms
[WorldGen] Pass 'climate' completed in 1.9ms
[WorldGen] Pass 'hydrology' completed in 0.8ms
[WorldGen] Pass 'tempReassess' completed in 0.0ms
[WorldGen] Pass 'biome' completed in 0.3ms
[WorldGen] Culture terrain nudge: 42 hexes modified
[WorldGen] Pass 'cultureTerrainNudge' completed in 0.1ms
[WorldGen] Pass 'smoothing' completed in 0.4ms
[WorldGen] Pass 'validation' completed in 0.4ms
[WorldGen] Pass 'province' completed in 0.7ms
[WorldGen] Pass 'elevation' completed in 2.3ms
[WorldGen] Pass 'coastline' completed in 3.7ms
[WorldGen] Pass 'climate' completed in 1.8ms
[WorldGen] Pass 'hydrology' completed in 0.9ms
[WorldGen] Pass 'tempReassess' completed in 0.0ms
[WorldGen] Pass 'biome' completed in 0.3ms
[WorldGen] Culture terrain nudge: 42 hexes modified
[WorldGen] Pass 'cultureTerrainNudge' completed in 0.1ms
[WorldGen] Pass 'smoothing' completed in 0.7ms
[WorldGen] Pass 'validation' completed in 0.5ms

stderr | src/engine/__tests__/gameInit.test.ts > Game Initialization > creates world with seeded random — same seed produces same state
[WorldGen] Validation errors: [ 'Ocean fraction too low: 7.4%' ]
[GraphSchema] Edge "belongs_to" source should be ["actor","location"], got "region" (edge edge_hist_territory_region_15_hist_culture_0)
[GraphSchema] Edge "belongs_to" source should be ["actor","location"], got "region" (edge edge_hist_territory_region_19_hist_culture_1)
[GraphSchema] Edge "belongs_to" source should be ["actor","location"], got "region" (edge edge_hist_territory_region_3_hist_culture_2)
[GraphSchema] Edge "belongs_to" source should be ["actor","location"], got "region" (edge edge_hist_territory_region_13_hist_culture_0)
[GraphSchema] Edge "belongs_to" source should be ["actor","location"], got "region" (edge edge_hist_territory_region_14_hist_culture_1)
[GraphSchema] Edge "belongs_to" source should be ["actor","location"], got "region" (edge edge_hist_territory_region_12_hist_culture_2)
[GraphSchema] Edge "belongs_to" source should be ["actor","location"], got "region" (edge edge_hist_territory_region_16_hist_culture_0)
[GraphSchema] Edge "belongs_to" source should be ["actor","location"], got "region" (edge edge_hist_territory_region_18_hist_culture_1)
[GraphSchema] Edge "belongs_to" source should be ["actor","location"], got "region" (edge edge_hist_territory_region_17_hist_culture_2)
[GraphSchema] Edge "belongs_to" source should be ["actor","location"], got "region" (edge edge_hist_territory_region_7_hist_culture_0)
[GraphSchema] Edge "belongs_to" source should be ["actor","location"], got "region" (edge edge_hist_territory_region_9_hist_culture_2)
[GraphSchema] Edge "belongs_to" source should be ["actor","location"], got "region" (edge edge_hist_territory_region_11_hist_culture_0)
[GraphSchema] Edge "belongs_to" source should be ["actor","location"], got "region" (edge edge_hist_territory_region_2_hist_culture_2)
[GraphSchema] Edge "belongs_to" source should be ["actor","location"], got "region" (edge edge_hist_territory_region_0_hist_culture_0)
[GraphSchema] Edge "belongs_to" source should be ["actor","location"], got "region" (edge edge_hist_territory_region_6_hist_culture_2)
[GraphSchema] Edge "belongs_to" source should be ["actor","location"], got "region" (edge edge_hist_territory_region_10_hist_culture_0)
[GraphSchema] Edge "belongs_to" source should be ["actor","location"], got "region" (edge edge_hist_territory_region_1_hist_culture_2)
[GraphSchema] Edge "belongs_to" source should be ["actor","location"], got "region" (edge edge_hist_territory_region_5_hist_culture_0)
[WorldGen] Validation errors: [ 'Ocean fraction too low: 7.4%' ]
[GraphSchema] Edge "belongs_to" source should be ["actor","location"], got "region" (edge edge_hist_territory_region_15_hist_culture_0)
[GraphSchema] Edge "belongs_to" source should be ["actor","location"], got "region" (edge edge_hist_territory_region_19_hist_culture_1)
[GraphSchema] Edge "belongs_to" source should be ["actor","location"], got "region" (edge edge_hist_territory_region_3_hist_culture_2)
[GraphSchema] Edge "belongs_to" source should be ["actor","location"], got "region" (edge edge_hist_territory_region_13_hist_culture_0)
[GraphSchema] Edge "belongs_to" source should be ["actor","location"], got "region" (edge edge_hist_territory_region_14_hist_culture_1)
[GraphSchema] Edge "belongs_to" source should be ["actor","location"], got "region" (edge edge_hist_territory_region_12_hist_culture_2)
[GraphSchema] Edge "belongs_to" source should be ["actor","location"], got "region" (edge edge_hist_territory_region_16_hist_culture_0)
[GraphSchema] Edge "belongs_to" source should be ["actor","location"], got "region" (edge edge_hist_territory_region_18_hist_culture_1)
[GraphSchema] Edge "belongs_to" source should be ["actor","location"], got "region" (edge edge_hist_territory_region_17_hist_culture_2)
[GraphSchema] Edge "belongs_to" source should be ["actor","location"], got "region" (edge edge_hist_territory_region_7_hist_culture_0)
[GraphSchema] Edge "belongs_to" source should be ["actor","location"], got "region" (edge edge_hist_territory_region_9_hist_culture_2)
[GraphSchema] Edge "belongs_to" source should be ["actor","location"], got "region" (edge edge_hist_territory_region_11_hist_culture_0)
[GraphSchema] Edge "belongs_to" source should be ["actor","location"], got "region" (edge edge_hist_territory_region_2_hist_culture_2)
[GraphSchema] Edge "belongs_to" source should be ["actor","location"], got "region" (edge edge_hist_territory_region_0_hist_culture_0)
[GraphSchema] Edge "belongs_to" source should be ["actor","location"], got "region" (edge edge_hist_territory_region_6_hist_culture_2)
[GraphSchema] Edge "belongs_to" source should be ["actor","location"], got "region" (edge edge_hist_territory_region_10_hist_culture_0)
[GraphSchema] Edge "belongs_to" source should be ["actor","location"], got "region" (edge edge_hist_territory_region_1_hist_culture_2)
[GraphSchema] Edge "belongs_to" source should be ["actor","location"], got "region" (edge edge_hist_territory_region_5_hist_culture_0)

 [31m❯[39m src/components/Game/__tests__/AgentInfoCard.test.tsx [2m([22m[2m29 tests[22m[2m | [22m[31m8 failed[39m[2m)[22m[33m 538[2mms[22m[39m
     [32m✓[39m renders agent name at all knowledge levels[32m 33[2mms[22m[39m
     [32m✓[39m renders location name[32m 19[2mms[22m[39m
     [32m✓[39m hides domains at stranger level[32m 3[2mms[22m[39m
     [32m✓[39m hides archetype at stranger level[32m 3[2mms[22m[39m
     [32m✓[39m hides faction at stranger level[32m 3[2mms[22m[39m
     [32m✓[39m shows archetype label at recognised level[32m 11[2mms[22m[39m
     [32m✓[39m shows faction at recognised level[32m 4[2mms[22m[39m
     [32m✓[39m shows one domain at recognised level[32m 5[2mms[22m[39m
     [32m✓[39m shows one value at recognised level[32m 5[2mms[22m[39m
     [32m✓[39m shows domain words in "word in domain" format at known level[32m 7[2mms[22m[39m
     [32m✓[39m shows all top values at known level[32m 13[2mms[22m[39m
     [32m✓[39m shows bonds with strength word at known level[32m 8[2mms[22m[39m
     [32m✓[39m shows one quote at known level[32m 7[2mms[22m[39m
     [32m✓[39m shows culture name at known level[32m 5[2mms[22m[39m
[31m     [31m×[31m shows all 9 domains at intimate level[39m[32m 27[2mms[22m[39m
[31m     [31m×[31m shows cooperation strategy at intimate level[39m[32m 27[2mms[22m[39m
[31m     [31m×[31m shows reputation word at intimate level[39m[32m 16[2mms[22m[39m
[31m     [31m×[31m shows all traits at intimate level[39m[32m 15[2mms[22m[39m
[31m     [31m×[31m shows backstory paragraph at intimate level[39m[32m 20[2mms[22m[39m
[31m     [31m×[31m shows all bonds at intimate level[39m[32m 26[2mms[22m[39m
     [32m✓[39m shows View Profile button[32m 123[2mms[22m[39m
     [32m✓[39m calls onViewProfile when View Profile button clicked[32m 40[2mms[22m[39m
     [32m✓[39m shows back button[32m 29[2mms[22m[39m
     [32m✓[39m calls onBack when back button clicked[32m 26[2mms[22m[39m
     [32m✓[39m shows knowledge level indicator[32m 5[2mms[22m[39m
[31m     [31m×[31m shows correct knowledge level label for different levels[39m[32m 26[2mms[22m[39m
     [32m✓[39m handles missing optional fields gracefully[32m 2[2mms[22m[39m
     [32m✓[39m displays sentiment color indicators for bonds when present[32m 8[2mms[22m[39m
[31m     [31m×[31m shows multiple values formatted correctly[39m[32m 18[2mms[22m[39m
[90mstdout[2m | src/engine/__tests__/gameInit.test.ts[2m > [22m[2mGame Initialization[2m > [22m[2mdifferent seeds produce different worlds
[22m[39m[WorldGen] Pass 'province' completed in 1.1ms
[WorldGen] Pass 'elevation' completed in 2.8ms
[WorldGen] Pass 'coastline' completed in 1.9ms
[WorldGen] Pass 'climate' completed in 2.4ms
[WorldGen] Pass 'hydrology' completed in 2.6ms
[WorldGen] Pass 'tempReassess' completed in 0.0ms
[WorldGen] Pass 'biome' completed in 0.3ms
[WorldGen] Culture terrain nudge: 42 hexes modified
[WorldGen] Pass 'cultureTerrainNudge' completed in 0.1ms
[WorldGen] Pass 'smoothing' completed in 1.5ms
[WorldGen] Pass 'validation' completed in 0.5ms
[WorldGen] Pass 'province' completed in 1.3ms
[WorldGen] Pass 'elevation' completed in 4.3ms
[WorldGen] Pass 'coastline' completed in 1.9ms
[WorldGen] Pass 'climate' completed in 7.3ms
[WorldGen] Pass 'hydrology' completed in 1.0ms
[WorldGen] Pass 'tempReassess' completed in 1.1ms
[WorldGen] Pass 'biome' completed in 0.7ms
[WorldGen] Culture terrain nudge: 12 hexes modified
[WorldGen] Pass 'cultureTerrainNudge' completed in 0.1ms
[WorldGen] Pass 'smoothing' completed in 1.2ms
[WorldGen] Pass 'validation' completed in 0.8ms

stderr | src/engine/__tests__/gameInit.test.ts > Game Initialization > different seeds produce different worlds
[WorldGen] Validation errors: [ 'Ocean fraction too low: 7.4%' ]
[GraphSchema] Edge "belongs_to" source should be ["actor","location"], got "region" (edge edge_hist_territory_region_15_hist_culture_0)
[GraphSchema] Edge "belongs_to" source should be ["actor","location"], got "region" (edge edge_hist_territory_region_19_hist_culture_1)
[GraphSchema] Edge "belongs_to" source should be ["actor","location"], got "region" (edge edge_hist_territory_region_3_hist_culture_2)
[GraphSchema] Edge "belongs_to" source should be ["actor","location"], got "region" (edge edge_hist_territory_region_13_hist_culture_0)
[GraphSchema] Edge "belongs_to" source should be ["actor","location"], got "region" (edge edge_hist_territory_region_14_hist_culture_1)
[GraphSchema] Edge "belongs_to" source should be ["actor","location"], got "region" (edge edge_hist_territory_region_12_hist_culture_2)
[GraphSchema] Edge "belongs_to" source should be ["actor","location"], got "region" (edge edge_hist_territory_region_16_hist_culture_0)
[GraphSchema] Edge "belongs_to" source should be ["actor","location"], got "region" (edge edge_hist_territory_region_18_hist_culture_1)
[GraphSchema] Edge "belongs_to" source should be ["actor","location"], got "region" (edge edge_hist_territory_region_17_hist_culture_2)
[GraphSchema] Edge "belongs_to" source should be ["actor","location"], got "region" (edge edge_hist_territory_region_7_hist_culture_0)
[GraphSchema] Edge "belongs_to" source should be ["actor","location"], got "region" (edge edge_hist_territory_region_9_hist_culture_2)
[GraphSchema] Edge "belongs_to" source should be ["actor","location"], got "region" (edge edge_hist_territory_region_11_hist_culture_0)
[GraphSchema] Edge "belongs_to" source should be ["actor","location"], got "region" (edge edge_hist_territory_region_2_hist_culture_2)
[GraphSchema] Edge "belongs_to" source should be ["actor","location"], got "region" (edge edge_hist_territory_region_0_hist_culture_0)
[GraphSchema] Edge "belongs_to" source should be ["actor","location"], got "region" (edge edge_hist_territory_region_6_hist_culture_2)
[GraphSchema] Edge "belongs_to" source should be ["actor","location"], got "region" (edge edge_hist_territory_region_10_hist_culture_0)
[GraphSchema] Edge "belongs_to" source should be ["actor","location"], got "region" (edge edge_hist_territory_region_1_hist_culture_2)
[GraphSchema] Edge "belongs_to" source should be ["actor","location"], got "region" (edge edge_hist_territory_region_5_hist_culture_0)
[WorldGen] Validation errors: [ 'Ocean fraction too low: 6.6%' ]
[GraphSchema] Edge "belongs_to" source should be ["actor","location"], got "region" (edge edge_hist_territory_region_8_hist_culture_0)
[GraphSchema] Edge "belongs_to" source should be ["actor","location"], got "region" (edge edge_hist_territory_region_14_hist_culture_1)
[GraphSchema] Edge "belongs_to" source should be ["actor","location"], got "region" (edge edge_hist_territory_region_10_hist_culture_0)
[GraphSchema] Edge "belongs_to" source should be ["actor","location"], got "region" (edge edge_hist_territory_region_11_hist_culture_1)
[GraphSchema] Edge "belongs_to" source should be ["actor","location"], got "region" (edge edge_hist_territory_region_5_hist_culture_0)
[GraphSchema] Edge "belongs_to" source should be ["actor","location"], got "region" (edge edge_hist_territory_region_16_hist_culture_1)
[GraphSchema] Edge "belongs_to" source should be ["actor","location"], got "region" (edge edge_hist_territory_region_1_hist_culture_0)
[GraphSchema] Edge "belongs_to" source should be ["actor","location"], got "region" (edge edge_hist_territory_region_19_hist_culture_1)
[GraphSchema] Edge "belongs_to" source should be ["actor","location"], got "region" (edge edge_hist_territory_region_2_hist_culture_0)
[GraphSchema] Edge "belongs_to" source should be ["actor","location"], got "region" (edge edge_hist_territory_region_13_hist_culture_1)
[GraphSchema] Edge "belongs_to" source should be ["actor","location"], got "region" (edge edge_hist_territory_region_7_hist_culture_0)
[GraphSchema] Edge "belongs_to" source should be ["actor","location"], got "region" (edge edge_hist_territory_region_15_hist_culture_1)
[GraphSchema] Edge "belongs_to" source should be ["actor","location"], got "region" (edge edge_hist_territory_region_3_hist_culture_0)
[GraphSchema] Edge "belongs_to" source should be ["actor","location"], got "region" (edge edge_hist_territory_region_12_hist_culture_1)
[GraphSchema] Edge "belongs_to" source should be ["actor","location"], got "region" (edge edge_hist_territory_region_17_hist_culture_0)
[GraphSchema] Edge "belongs_to" source should be ["actor","location"], got "region" (edge edge_hist_territory_region_9_hist_culture_1)
[GraphSchema] Edge "belongs_to" source should be ["actor","location"], got "region" (edge edge_hist_territory_region_6_hist_culture_0)

[90mstdout[2m | src/engine/__tests__/coastline-integration.test.ts[2m > [22m[2mcoastline integration[2m > [22m[2mproduces coastline from game-generated world
[22m[39m[WorldGen] Pass 'province' completed in 3.4ms
[WorldGen] Pass 'elevation' completed in 6.1ms
[WorldGen] Pass 'coastline' completed in 4.9ms
[WorldGen] Pass 'climate' completed in 13.4ms
[WorldGen] Pass 'hydrology' completed in 4.9ms
[WorldGen] Pass 'tempReassess' completed in 0.2ms
[WorldGen] Pass 'biome' completed in 0.8ms
[WorldGen] Culture terrain nudge: 0 hexes modified
[WorldGen] Pass 'cultureTerrainNudge' completed in 0.3ms
[WorldGen] Pass 'smoothing' completed in 1.1ms
[WorldGen] Pass 'validation' completed in 1.6ms

[90mstdout[2m | src/engine/__tests__/gameInit.test.ts[2m > [22m[2mGame Initialization[2m > [22m[2mascendant node exists in graph with correct type
[22m[39m[WorldGen] Pass 'province' completed in 2.1ms
[WorldGen] Pass 'elevation' completed in 3.1ms
[WorldGen] Pass 'coastline' completed in 3.2ms
[WorldGen] Pass 'climate' completed in 3.1ms
[WorldGen] Pass 'hydrology' completed in 1.2ms
[WorldGen] Pass 'tempReassess' completed in 0.0ms
[WorldGen] Pass 'biome' completed in 1.0ms
[WorldGen] Culture terrain nudge: 42 hexes modified
[WorldGen] Pass 'cultureTerrainNudge' completed in 0.3ms
[WorldGen] Pass 'smoothing' completed in 2.8ms
[WorldGen] Pass 'validation' completed in 1.1ms

stderr | src/engine/__tests__/gameInit.test.ts > Game Initialization > ascendant node exists in graph with correct type
[WorldGen] Validation errors: [ 'Ocean fraction too low: 7.4%' ]
[GraphSchema] Edge "belongs_to" source should be ["actor","location"], got "region" (edge edge_hist_territory_region_15_hist_culture_0)
[GraphSchema] Edge "belongs_to" source should be ["actor","location"], got "region" (edge edge_hist_territory_region_19_hist_culture_1)
[GraphSchema] Edge "belongs_to" source should be ["actor","location"], got "region" (edge edge_hist_territory_region_3_hist_culture_2)
[GraphSchema] Edge "belongs_to" source should be ["actor","location"], got "region" (edge edge_hist_territory_region_13_hist_culture_0)
[GraphSchema] Edge "belongs_to" source should be ["actor","location"], got "region" (edge edge_hist_territory_region_14_hist_culture_1)
[GraphSchema] Edge "belongs_to" source should be ["actor","location"], got "region" (edge edge_hist_territory_region_12_hist_culture_2)
[GraphSchema] Edge "belongs_to" source should be ["actor","location"], got "region" (edge edge_hist_territory_region_16_hist_culture_0)
[GraphSchema] Edge "belongs_to" source should be ["actor","location"], got "region" (edge edge_hist_territory_region_18_hist_culture_1)
[GraphSchema] Edge "belongs_to" source should be ["actor","location"], got "region" (edge edge_hist_territory_region_17_hist_culture_2)
[GraphSchema] Edge "belongs_to" source should be ["actor","location"], got "region" (edge edge_hist_territory_region_7_hist_culture_0)
[GraphSchema] Edge "belongs_to" source should be ["actor","location"], got "region" (edge edge_hist_territory_region_9_hist_culture_2)
[GraphSchema] Edge "belongs_to" source should be ["actor","location"], got "region" (edge edge_hist_territory_region_11_hist_culture_0)
[GraphSchema] Edge "belongs_to" source should be ["actor","location"], got "region" (edge edge_hist_territory_region_2_hist_culture_2)
[GraphSchema] Edge "belongs_to" source should be ["actor","location"], got "region" (edge edge_hist_territory_region_0_hist_culture_0)
[GraphSchema] Edge "belongs_to" source should be ["actor","location"], got "region" (edge edge_hist_territory_region_6_hist_culture_2)
[GraphSchema] Edge "belongs_to" source should be ["actor","location"], got "region" (edge edge_hist_territory_region_10_hist_culture_0)
[GraphSchema] Edge "belongs_to" source should be ["actor","location"], got "region" (edge edge_hist_territory_region_1_hist_culture_2)
[GraphSchema] Edge "belongs_to" source should be ["actor","location"], got "region" (edge edge_hist_territory_region_5_hist_culture_0)

[90mstdout[2m | src/engine/worldgen/__tests__/elevation.test.ts[2m > [22m[2mElevation generation[2m > [22m[2melevation values in [0, 1] range for all hexes
[22m[39m[WorldGen] Pass 'province' completed in 4.9ms
[WorldGen] Pass 'elevation' completed in 6.2ms
[WorldGen] Pass 'coastline' completed in 3.8ms
[WorldGen] Pass 'climate' completed in 6.2ms
[WorldGen] Pass 'hydrology' completed in 5.1ms
[WorldGen] Pass 'tempReassess' completed in 1.1ms
[WorldGen] Pass 'biome' completed in 5.3ms
[WorldGen] Culture terrain nudge: 0 hexes modified
[WorldGen] Pass 'cultureTerrainNudge' completed in 0.3ms
[WorldGen] Pass 'smoothing' completed in 7.4ms
[WorldGen] Pass 'validation' completed in 11.6ms

[90mstdout[2m | src/engine/worldgen/__tests__/elevation.test.ts[2m > [22m[2mElevation generation[2m > [22m[2mridges array populated with correct count
[22m[39m[WorldGen] Pass 'province' completed in 5.1ms
[WorldGen] Pass 'elevation' completed in 1.7ms
[WorldGen] Pass 'coastline' completed in 2.2ms
[WorldGen] Pass 'climate' completed in 14.4ms
[WorldGen] Pass 'hydrology' completed in 2.5ms
[WorldGen] Pass 'tempReassess' completed in 0.2ms
[WorldGen] Pass 'biome' completed in 4.1ms
[WorldGen] Culture terrain nudge: 0 hexes modified
[WorldGen] Pass 'cultureTerrainNudge' completed in 0.0ms
[WorldGen] Pass 'smoothing' completed in 0.6ms
[WorldGen] Pass 'validation' completed in 5.0ms

 [31m❯[39m src/components/Game/__tests__/AgentProfileModal.test.tsx [2m([22m[2m32 tests[22m[2m | [22m[31m3 failed[39m[2m)[22m[33m 608[2mms[22m[39m
     [32m✓[39m renders as full-screen overlay with dialog role[32m 163[2mms[22m[39m
     [32m✓[39m shows portrait silhouette placeholder at stranger level[32m 7[2mms[22m[39m
     [32m✓[39m displays agent name prominently[32m 6[2mms[22m[39m
     [32m✓[39m renders 5 tab buttons[32m 6[2mms[22m[39m
     [32m✓[39m defaults to Overview tab showing identity section[32m 23[2mms[22m[39m
     [32m✓[39m shows archetype label in Overview tab at recognised level[32m 10[2mms[22m[39m
     [32m✓[39m shows faction and culture in Overview tab at recognised level[32m 10[2mms[22m[39m
     [32m✓[39m shows quotes section in Overview tab at known level[32m 8[2mms[22m[39m
     [32m✓[39m shows values section in Overview tab at known level[32m 10[2mms[22m[39m
     [32m✓[39m shows backstory in Overview tab at intimate level[32m 7[2mms[22m[39m
     [32m✓[39m shows traits in Overview tab at intimate level[32m 11[2mms[22m[39m
     [32m✓[39m clicking Prowess tab shows domain grid[32m 40[2mms[22m[39m
[31m     [31m×[31m clicking Prowess tab shows prowess section with domain descriptors at known level[39m[32m 22[2mms[22m[39m
     [32m✓[39m clicking Bonds tab shows faction section[32m 9[2mms[22m[39m
     [32m✓[39m clicking Bonds tab shows bonds section at known level[32m 12[2mms[22m[39m
     [32m✓[39m clicking Bonds tab shows disposition section at intimate level[32m 12[2mms[22m[39m
     [32m✓[39m clicking Chronicle tab shows full backstory at transparent level[32m 19[2mms[22m[39m
     [32m✓[39m clicking Chronicle tab shows history timeline at transparent level[32m 15[2mms[22m[39m
     [32m✓[39m clicking Chronicle tab shows disposition record at transparent level[32m 13[2mms[22m[39m
     [32m✓[39m closes on Escape key[32m 6[2mms[22m[39m
     [32m✓[39m closes when backdrop is clicked[32m 6[2mms[22m[39m
     [32m✓[39m contains no raw decimal numbers (verbal descriptors only)[32m 8[2mms[22m[39m
     [32m✓[39m omits sections when data is not present[32m 5[2mms[22m[39m
[31m     [31m×[31m renders possessions section in Prowess tab at intimate level[39m[32m 23[2mms[22m[39m
     [32m✓[39m renders afflictions section in Prowess tab at recognised level[32m 15[2mms[22m[39m
     [32m✓[39m renders gifts & burdens section in Prowess tab at intimate level[32m 24[2mms[22m[39m
[31m     [31m×[31m opens attachment detail overlay when vignette is clicked in Prowess tab[39m[32m 18[2mms[22m[39m
     [32m✓[39m does not show attachment sections when no attachments[32m 60[2mms[22m[39m
     [32m✓[39m renders gradient silhouette with no img for stranger agents[32m 7[2mms[22m[39m
     [32m✓[39m renders portrait image for recognised+ agents with portraitUrl[32m 9[2mms[22m[39m
     [32m✓[39m renders gradient fallback for recognised+ agents without portraitUrl[32m 16[2mms[22m[39m
     [32m✓[39m does not render portrait image for stranger even if portraitUrl present[32m 4[2mms[22m[39m
[90mstdout[2m | src/engine/__tests__/gameInit.test.ts[2m > [22m[2mGame Initialization[2m > [22m[2mcreates start location (loc.start) in graph
[22m[39m[WorldGen] Pass 'province' completed in 0.7ms
[WorldGen] Pass 'elevation' completed in 3.1ms
[WorldGen] Pass 'coastline' completed in 2.6ms
[WorldGen] Pass 'climate' completed in 5.0ms
[WorldGen] Pass 'hydrology' completed in 1.5ms
[WorldGen] Pass 'tempReassess' completed in 0.0ms
[WorldGen] Pass 'biome' completed in 0.6ms
[WorldGen] Culture terrain nudge: 42 hexes modified
[WorldGen] Pass 'cultureTerrainNudge' completed in 0.1ms
[WorldGen] Pass 'smoothing' completed in 1.8ms
[WorldGen] Pass 'validation' completed in 2.4ms

stderr | src/engine/__tests__/gameInit.test.ts > Game Initialization > creates start location (loc.start) in graph
[WorldGen] Validation errors: [ 'Ocean fraction too low: 7.4%' ]
[GraphSchema] Edge "belongs_to" source should be ["actor","location"], got "region" (edge edge_hist_territory_region_15_hist_culture_0)
[GraphSchema] Edge "belongs_to" source should be ["actor","location"], got "region" (edge edge_hist_territory_region_19_hist_culture_1)
[GraphSchema] Edge "belongs_to" source should be ["actor","location"], got "region" (edge edge_hist_territory_region_3_hist_culture_2)
[GraphSchema] Edge "belongs_to" source should be ["actor","location"], got "region" (edge edge_hist_territory_region_13_hist_culture_0)
[GraphSchema] Edge "belongs_to" source should be ["actor","location"], got "region" (edge edge_hist_territory_region_14_hist_culture_1)
[GraphSchema] Edge "belongs_to" source should be ["actor","location"], got "region" (edge edge_hist_territory_region_12_hist_culture_2)
[GraphSchema] Edge "belongs_to" source should be ["actor","location"], got "region" (edge edge_hist_territory_region_16_hist_culture_0)
[GraphSchema] Edge "belongs_to" source should be ["actor","location"], got "region" (edge edge_hist_territory_region_18_hist_culture_1)
[GraphSchema] Edge "belongs_to" source should be ["actor","location"], got "region" (edge edge_hist_territory_region_17_hist_culture_2)
[GraphSchema] Edge "belongs_to" source should be ["actor","location"], got "region" (edge edge_hist_territory_region_7_hist_culture_0)
[GraphSchema] Edge "belongs_to" source should be ["actor","location"], got "region" (edge edge_hist_territory_region_9_hist_culture_2)
[GraphSchema] Edge "belongs_to" source should be ["actor","location"], got "region" (edge edge_hist_territory_region_11_hist_culture_0)
[GraphSchema] Edge "belongs_to" source should be ["actor","location"], got "region" (edge edge_hist_territory_region_2_hist_culture_2)
[GraphSchema] Edge "belongs_to" source should be ["actor","location"], got "region" (edge edge_hist_territory_region_0_hist_culture_0)
[GraphSchema] Edge "belongs_to" source should be ["actor","location"], got "region" (edge edge_hist_territory_region_6_hist_culture_2)
[GraphSchema] Edge "belongs_to" source should be ["actor","location"], got "region" (edge edge_hist_territory_region_10_hist_culture_0)
[GraphSchema] Edge "belongs_to" source should be ["actor","location"], got "region" (edge edge_hist_territory_region_1_hist_culture_2)
[GraphSchema] Edge "belongs_to" source should be ["actor","location"], got "region" (edge edge_hist_territory_region_5_hist_culture_0)

stderr | src/engine/__tests__/visibility-integration.test.ts > visibility integration > seedWorld initializes visibility map with avatar area visible
[GraphSchema] Edge "belongs_to" source should be ["actor","location"], got "region" (edge edge_hist_territory_region_0_hist_culture_0)

[90mstdout[2m | src/engine/__tests__/gameInit.test.ts[2m > [22m[2mGame Initialization[2m > [22m[2maccepts custom cols and rows parameters
[22m[39m[WorldGen] Pass 'province' completed in 0.4ms
[WorldGen] Pass 'elevation' completed in 0.2ms
[WorldGen] Pass 'coastline' completed in 0.1ms
[WorldGen] Pass 'climate' completed in 0.2ms
[WorldGen] Pass 'hydrology' completed in 0.3ms
[WorldGen] Pass 'tempReassess' completed in 0.0ms
[WorldGen] Pass 'biome' completed in 0.1ms
[WorldGen] Culture terrain nudge: 8 hexes modified
[WorldGen] Pass 'cultureTerrainNudge' completed in 0.0ms
[WorldGen] Pass 'smoothing' completed in 0.1ms
[WorldGen] Pass 'validation' completed in 0.1ms

stderr | src/engine/__tests__/gameInit.test.ts > Game Initialization > accepts custom cols and rows parameters
[WorldGen] Validation errors: [ 'Ocean fraction too low: 0.0%' ]
[GraphSchema] Edge "belongs_to" source should be ["actor","location"], got "region" (edge edge_hist_territory_region_2_hist_culture_0)
[GraphSchema] Edge "belongs_to" source should be ["actor","location"], got "region" (edge edge_hist_territory_region_0_hist_culture_1)
[GraphSchema] Edge "belongs_to" source should be ["actor","location"], got "region" (edge edge_hist_territory_region_1_hist_culture_2)

stderr | src/engine/__tests__/orchestrator.test.ts > Orchestrator > phaseDoom advances the doom clock
[GraphSchema] Edge "belongs_to" source should be ["actor","location"], got "region" (edge edge_hist_territory_region_0_hist_culture_0)

stderr | src/engine/__tests__/orchestrator.test.ts > Orchestrator > phaseDoom emits doom_escalation event on stage change
[GraphSchema] Edge "belongs_to" source should be ["actor","location"], got "region" (edge edge_hist_territory_region_0_hist_culture_0)

 [32m✓[39m src/components/Game/__tests__/DebugPanel.test.tsx [2m([22m[2m15 tests[22m[2m)[22m[33m 865[2mms[22m[39m
stderr | src/engine/__tests__/orchestrator.test.ts > Orchestrator > phaseRivalActions fires rival events periodically
[GraphSchema] Edge "belongs_to" source should be ["actor","location"], got "region" (edge edge_hist_territory_region_0_hist_culture_0)

stderr | src/engine/__tests__/orchestrator.test.ts > Orchestrator > phaseStealth decays exposure
[GraphSchema] Edge "belongs_to" source should be ["actor","location"], got "region" (edge edge_hist_territory_region_0_hist_culture_0)

stderr | src/engine/__tests__/orchestrator.test.ts > Orchestrator > phaseStealth does not go below zero
[GraphSchema] Edge "belongs_to" source should be ["actor","location"], got "region" (edge edge_hist_territory_region_0_hist_culture_0)

stderr | src/engine/__tests__/orchestrator.test.ts > Orchestrator > phaseDoomExpiry triggers twilight when doom expires
[GraphSchema] Edge "belongs_to" source should be ["actor","location"], got "region" (edge edge_hist_territory_region_0_hist_culture_0)

stderr | src/engine/__tests__/orchestrator.test.ts > Orchestrator > phaseDoomExpiry does nothing when doom is active
[GraphSchema] Edge "belongs_to" source should be ["actor","location"], got "region" (edge edge_hist_territory_region_0_hist_culture_0)

stderr | src/engine/__tests__/orchestrator.test.ts > Orchestrator > phaseMandate does not produce fake progress when conditions not met
[GraphSchema] Edge "belongs_to" source should be ["actor","location"], got "region" (edge edge_hist_territory_region_0_hist_culture_0)

stderr | src/engine/__tests__/orchestrator.test.ts > Orchestrator > phaseMandate returns empty object when no mandate is active
[GraphSchema] Edge "belongs_to" source should be ["actor","location"], got "region" (edge edge_hist_territory_region_0_hist_culture_0)

[90mstdout[2m | src/engine/__tests__/gameInit.test.ts[2m > [22m[2mGame Initialization[2m > [22m[2minitializes echoes as empty arrays
[22m[39m[WorldGen] Pass 'province' completed in 0.7ms
[WorldGen] Pass 'elevation' completed in 2.6ms
[WorldGen] Pass 'coastline' completed in 1.2ms
[WorldGen] Pass 'climate' completed in 3.6ms
[WorldGen] Pass 'hydrology' completed in 0.9ms
[WorldGen] Pass 'tempReassess' completed in 0.0ms
[WorldGen] Pass 'biome' completed in 0.3ms
[WorldGen] Culture terrain nudge: 42 hexes modified
[WorldGen] Pass 'cultureTerrainNudge' completed in 1.8ms
[WorldGen] Pass 'smoothing' completed in 0.7ms
[WorldGen] Pass 'validation' completed in 0.5ms

stderr | src/engine/__tests__/gameInit.test.ts > Game Initialization > initializes echoes as empty arrays
[WorldGen] Validation errors: [ 'Ocean fraction too low: 7.4%' ]
[GraphSchema] Edge "belongs_to" source should be ["actor","location"], got "region" (edge edge_hist_territory_region_15_hist_culture_0)
[GraphSchema] Edge "belongs_to" source should be ["actor","location"], got "region" (edge edge_hist_territory_region_19_hist_culture_1)
[GraphSchema] Edge "belongs_to" source should be ["actor","location"], got "region" (edge edge_hist_territory_region_3_hist_culture_2)
[GraphSchema] Edge "belongs_to" source should be ["actor","location"], got "region" (edge edge_hist_territory_region_13_hist_culture_0)
[GraphSchema] Edge "belongs_to" source should be ["actor","location"], got "region" (edge edge_hist_territory_region_14_hist_culture_1)
[GraphSchema] Edge "belongs_to" source should be ["actor","location"], got "region" (edge edge_hist_territory_region_12_hist_culture_2)
[GraphSchema] Edge "belongs_to" source should be ["actor","location"], got "region" (edge edge_hist_territory_region_16_hist_culture_0)
[GraphSchema] Edge "belongs_to" source should be ["actor","location"], got "region" (edge edge_hist_territory_region_18_hist_culture_1)
[GraphSchema] Edge "belongs_to" source should be ["actor","location"], got "region" (edge edge_hist_territory_region_17_hist_culture_2)
[GraphSchema] Edge "belongs_to" source should be ["actor","location"], got "region" (edge edge_hist_territory_region_7_hist_culture_0)
[GraphSchema] Edge "belongs_to" source should be ["actor","location"], got "region" (edge edge_hist_territory_region_9_hist_culture_2)
[GraphSchema] Edge "belongs_to" source should be ["actor","location"], got "region" (edge edge_hist_territory_region_11_hist_culture_0)
[GraphSchema] Edge "belongs_to" source should be ["actor","location"], got "region" (edge edge_hist_territory_region_2_hist_culture_2)
[GraphSchema] Edge "belongs_to" source should be ["actor","location"], got "region" (edge edge_hist_territory_region_0_hist_culture_0)
[GraphSchema] Edge "belongs_to" source should be ["actor","location"], got "region" (edge edge_hist_territory_region_6_hist_culture_2)
[GraphSchema] Edge "belongs_to" source should be ["actor","location"], got "region" (edge edge_hist_territory_region_10_hist_culture_0)
[GraphSchema] Edge "belongs_to" source should be ["actor","location"], got "region" (edge edge_hist_territory_region_1_hist_culture_2)
[GraphSchema] Edge "belongs_to" source should be ["actor","location"], got "region" (edge edge_hist_territory_region_5_hist_culture_0)

[90mstdout[2m | src/engine/__tests__/familiarity-integration.test.ts[2m > [22m[2mfamiliarity integration[2m > [22m[2minitializes familiarity map in GameState
[22m[39m[WorldGen] Pass 'province' completed in 4.0ms
[WorldGen] Pass 'elevation' completed in 6.0ms
[WorldGen] Pass 'coastline' completed in 2.6ms
[WorldGen] Pass 'climate' completed in 31.2ms
[WorldGen] Pass 'hydrology' completed in 9.5ms
[WorldGen] Pass 'tempReassess' completed in 1.3ms
[WorldGen] Pass 'biome' completed in 2.6ms
[WorldGen] Culture terrain nudge: 3 hexes modified
[WorldGen] Pass 'cultureTerrainNudge' completed in 0.5ms
[WorldGen] Pass 'smoothing' completed in 6.4ms
[WorldGen] Pass 'validation' completed in 24.7ms

stderr | src/engine/__tests__/familiarity-integration.test.ts > familiarity integration > initializes familiarity map in GameState
[WorldGen] Validation errors: [
  'Ocean fraction too low: 4.7%',
  'Drainage guarantee violated: some land hexes have no downhill path to the sea'
]
[GraphSchema] Edge "belongs_to" source should be ["actor","location"], got "region" (edge edge_hist_territory_region_1_hist_culture_0)
[GraphSchema] Edge "belongs_to" source should be ["actor","location"], got "region" (edge edge_hist_territory_region_6_hist_culture_1)
[GraphSchema] Edge "belongs_to" source should be ["actor","location"], got "region" (edge edge_hist_territory_region_4_hist_culture_2)
[GraphSchema] Edge "belongs_to" source should be ["actor","location"], got "region" (edge edge_hist_territory_region_2_hist_culture_0)
[GraphSchema] Edge "belongs_to" source should be ["actor","location"], got "region" (edge edge_hist_territory_region_5_hist_culture_1)
[GraphSchema] Edge "belongs_to" source should be ["actor","location"], got "region" (edge edge_hist_territory_region_3_hist_culture_0)
[GraphSchema] Edge "belongs_to" source should be ["actor","location"], got "region" (edge edge_hist_territory_region_8_hist_culture_1)
[GraphSchema] Edge "belongs_to" source should be ["actor","location"], got "region" (edge edge_hist_territory_region_0_hist_culture_0)
[GraphSchema] Edge "belongs_to" source should be ["actor","location"], got "region" (edge edge_hist_territory_region_7_hist_culture_1)

[90mstdout[2m | src/engine/__tests__/coastline-integration.test.ts[2m > [22m[2mcoastline integration[2m > [22m[2mperformance: computes in < 500ms for 20×15 grid
[22m[39m[WorldGen] Pass 'province' completed in 2.9ms
[WorldGen] Pass 'elevation' completed in 4.0ms
[WorldGen] Pass 'coastline' completed in 3.5ms
[WorldGen] Pass 'climate' completed in 5.8ms
[WorldGen] Pass 'hydrology' completed in 1.2ms
[WorldGen] Pass 'tempReassess' completed in 0.0ms
[WorldGen] Pass 'biome' completed in 0.3ms
[WorldGen] Culture terrain nudge: 0 hexes modified
[WorldGen] Pass 'cultureTerrainNudge' completed in 0.0ms
[WorldGen] Pass 'smoothing' completed in 0.7ms
[WorldGen] Pass 'validation' completed in 0.8ms

[90mstdout[2m | src/engine/__tests__/gameInit.test.ts[2m > [22m[2mGame Initialization[2m > [22m[2minitializes tickEvents and recentEvents as empty arrays
[22m[39m[WorldGen] Pass 'province' completed in 0.8ms
[WorldGen] Pass 'elevation' completed in 2.3ms
[WorldGen] Pass 'coastline' completed in 1.0ms
[WorldGen] Pass 'climate' completed in 4.3ms
[WorldGen] Pass 'hydrology' completed in 0.8ms
[WorldGen] Pass 'tempReassess' completed in 0.0ms
[WorldGen] Pass 'biome' completed in 0.3ms
[WorldGen] Culture terrain nudge: 42 hexes modified
[WorldGen] Pass 'cultureTerrainNudge' completed in 0.1ms
[WorldGen] Pass 'smoothing' completed in 0.6ms
[WorldGen] Pass 'validation' completed in 0.5ms

stderr | src/engine/__tests__/gameInit.test.ts > Game Initialization > initializes tickEvents and recentEvents as empty arrays
[WorldGen] Validation errors: [ 'Ocean fraction too low: 7.4%' ]
[GraphSchema] Edge "belongs_to" source should be ["actor","location"], got "region" (edge edge_hist_territory_region_15_hist_culture_0)
[GraphSchema] Edge "belongs_to" source should be ["actor","location"], got "region" (edge edge_hist_territory_region_19_hist_culture_1)
[GraphSchema] Edge "belongs_to" source should be ["actor","location"], got "region" (edge edge_hist_territory_region_3_hist_culture_2)
[GraphSchema] Edge "belongs_to" source should be ["actor","location"], got "region" (edge edge_hist_territory_region_13_hist_culture_0)
[GraphSchema] Edge "belongs_to" source should be ["actor","location"], got "region" (edge edge_hist_territory_region_14_hist_culture_1)
[GraphSchema] Edge "belongs_to" source should be ["actor","location"], got "region" (edge edge_hist_territory_region_12_hist_culture_2)
[GraphSchema] Edge "belongs_to" source should be ["actor","location"], got "region" (edge edge_hist_territory_region_16_hist_culture_0)
[GraphSchema] Edge "belongs_to" source should be ["actor","location"], got "region" (edge edge_hist_territory_region_18_hist_culture_1)
[GraphSchema] Edge "belongs_to" source should be ["actor","location"], got "region" (edge edge_hist_territory_region_17_hist_culture_2)
[GraphSchema] Edge "belongs_to" source should be ["actor","location"], got "region" (edge edge_hist_territory_region_7_hist_culture_0)
[GraphSchema] Edge "belongs_to" source should be ["actor","location"], got "region" (edge edge_hist_territory_region_9_hist_culture_2)
[GraphSchema] Edge "belongs_to" source should be ["actor","location"], got "region" (edge edge_hist_territory_region_11_hist_culture_0)
[GraphSchema] Edge "belongs_to" source should be ["actor","location"], got "region" (edge edge_hist_territory_region_2_hist_culture_2)
[GraphSchema] Edge "belongs_to" source should be ["actor","location"], got "region" (edge edge_hist_territory_region_0_hist_culture_0)
[GraphSchema] Edge "belongs_to" source should be ["actor","location"], got "region" (edge edge_hist_territory_region_6_hist_culture_2)
[GraphSchema] Edge "belongs_to" source should be ["actor","location"], got "region" (edge edge_hist_territory_region_10_hist_culture_0)
[GraphSchema] Edge "belongs_to" source should be ["actor","location"], got "region" (edge edge_hist_territory_region_1_hist_culture_2)
[GraphSchema] Edge "belongs_to" source should be ["actor","location"], got "region" (edge edge_hist_territory_region_5_hist_culture_0)

[90mstdout[2m | src/engine/worldgen/__tests__/elevation.test.ts[2m > [22m[2mElevation generation[2m > [22m[2mridge spine hexes have elevation >= RIDGE_PEAK_ELEVATION * 0.8
[22m[39m[WorldGen] Pass 'province' completed in 24.5ms
[WorldGen] Pass 'elevation' completed in 57.4ms
[WorldGen] Pass 'coastline' completed in 26.1ms
[WorldGen] Pass 'climate' completed in 69.2ms
[WorldGen] Pass 'hydrology' completed in 25.3ms
[WorldGen] Pass 'tempReassess' completed in 1.5ms
[WorldGen] Pass 'biome' completed in 5.1ms
[WorldGen] Culture terrain nudge: 129 hexes modified
[WorldGen] Pass 'cultureTerrainNudge' completed in 0.9ms
[WorldGen] Pass 'smoothing' completed in 22.3ms
[WorldGen] Pass 'validation' completed in 12.0ms

[90mstdout[2m | src/engine/__tests__/interventionEffects-integration.test.ts[2m > [22m[2mintervention effects — full integration[2m > [22m[2mdream intervention → divine influence stored → decays to zero
[22m[39m[WorldGen] Pass 'province' completed in 6.9ms
[WorldGen] Pass 'elevation' completed in 12.4ms
[WorldGen] Pass 'coastline' completed in 11.6ms
[WorldGen] Pass 'climate' completed in 69.3ms
[WorldGen] Pass 'hydrology' completed in 34.6ms
[WorldGen] Pass 'tempReassess' completed in 0.2ms
[WorldGen] Pass 'biome' completed in 2.7ms
[WorldGen] Culture terrain nudge: 42 hexes modified
[WorldGen] Pass 'cultureTerrainNudge' completed in 3.3ms
[WorldGen] Pass 'smoothing' completed in 42.9ms
[WorldGen] Pass 'validation' completed in 15.1ms

stderr | src/engine/__tests__/interventionEffects-integration.test.ts > intervention effects — full integration > dream intervention → divine influence stored → decays to zero
[WorldGen] Validation errors: [ 'Ocean fraction too low: 7.4%' ]
[GraphSchema] Edge "belongs_to" source should be ["actor","location"], got "region" (edge edge_hist_territory_region_15_hist_culture_0)
[GraphSchema] Edge "belongs_to" source should be ["actor","location"], got "region" (edge edge_hist_territory_region_19_hist_culture_1)
[GraphSchema] Edge "belongs_to" source should be ["actor","location"], got "region" (edge edge_hist_territory_region_3_hist_culture_2)
[GraphSchema] Edge "belongs_to" source should be ["actor","location"], got "region" (edge edge_hist_territory_region_13_hist_culture_0)
[GraphSchema] Edge "belongs_to" source should be ["actor","location"], got "region" (edge edge_hist_territory_region_14_hist_culture_1)
[GraphSchema] Edge "belongs_to" source should be ["actor","location"], got "region" (edge edge_hist_territory_region_12_hist_culture_2)
[GraphSchema] Edge "belongs_to" source should be ["actor","location"], got "region" (edge edge_hist_territory_region_16_hist_culture_0)
[GraphSchema] Edge "belongs_to" source should be ["actor","location"], got "region" (edge edge_hist_territory_region_18_hist_culture_1)
[GraphSchema] Edge "belongs_to" source should be ["actor","location"], got "region" (edge edge_hist_territory_region_17_hist_culture_2)
[GraphSchema] Edge "belongs_to" source should be ["actor","location"], got "region" (edge edge_hist_territory_region_7_hist_culture_0)
[GraphSchema] Edge "belongs_to" source should be ["actor","location"], got "region" (edge edge_hist_territory_region_9_hist_culture_2)
[GraphSchema] Edge "belongs_to" source should be ["actor","location"], got "region" (edge edge_hist_territory_region_11_hist_culture_0)
[GraphSchema] Edge "belongs_to" source should be ["actor","location"], got "region" (edge edge_hist_territory_region_2_hist_culture_2)
[GraphSchema] Edge "belongs_to" source should be ["actor","location"], got "region" (edge edge_hist_territory_region_0_hist_culture_0)
[GraphSchema] Edge "belongs_to" source should be ["actor","location"], got "region" (edge edge_hist_territory_region_6_hist_culture_2)
[GraphSchema] Edge "belongs_to" source should be ["actor","location"], got "region" (edge edge_hist_territory_region_10_hist_culture_0)
[GraphSchema] Edge "belongs_to" source should be ["actor","location"], got "region" (edge edge_hist_territory_region_1_hist_culture_2)
[GraphSchema] Edge "belongs_to" source should be ["actor","location"], got "region" (edge edge_hist_territory_region_5_hist_culture_0)

[90mstdout[2m | src/engine/__tests__/orchestrator-divine.test.ts[2m > [22m[2mphaseDivineInfluenceDecay[2m > [22m[2mkeeps active influences with strength > 0
[22m[39m[WorldGen] Pass 'province' completed in 6.2ms
[WorldGen] Pass 'elevation' completed in 14.2ms
[WorldGen] Pass 'coastline' completed in 4.4ms
[WorldGen] Pass 'climate' completed in 56.6ms
[WorldGen] Pass 'hydrology' completed in 6.8ms
[WorldGen] Pass 'tempReassess' completed in 0.2ms
[WorldGen] Pass 'biome' completed in 1.6ms
[WorldGen] Culture terrain nudge: 42 hexes modified
[WorldGen] Pass 'cultureTerrainNudge' completed in 0.6ms
[WorldGen] Pass 'smoothing' completed in 3.3ms
[WorldGen] Pass 'validation' completed in 2.6ms

stderr | src/engine/__tests__/orchestrator-divine.test.ts > phaseDivineInfluenceDecay > keeps active influences with strength > 0
[WorldGen] Validation errors: [ 'Ocean fraction too low: 7.4%' ]
[GraphSchema] Edge "belongs_to" source should be ["actor","location"], got "region" (edge edge_hist_territory_region_15_hist_culture_0)
[GraphSchema] Edge "belongs_to" source should be ["actor","location"], got "region" (edge edge_hist_territory_region_19_hist_culture_1)
[GraphSchema] Edge "belongs_to" source should be ["actor","location"], got "region" (edge edge_hist_territory_region_3_hist_culture_2)
[GraphSchema] Edge "belongs_to" source should be ["actor","location"], got "region" (edge edge_hist_territory_region_13_hist_culture_0)
[GraphSchema] Edge "belongs_to" source should be ["actor","location"], got "region" (edge edge_hist_territory_region_14_hist_culture_1)
[GraphSchema] Edge "belongs_to" source should be ["actor","location"], got "region" (edge edge_hist_territory_region_12_hist_culture_2)
[GraphSchema] Edge "belongs_to" source should be ["actor","location"], got "region" (edge edge_hist_territory_region_16_hist_culture_0)
[GraphSchema] Edge "belongs_to" source should be ["actor","location"], got "region" (edge edge_hist_territory_region_18_hist_culture_1)
[GraphSchema] Edge "belongs_to" source should be ["actor","location"], got "region" (edge edge_hist_territory_region_17_hist_culture_2)
[GraphSchema] Edge "belongs_to" source should be ["actor","location"], got "region" (edge edge_hist_territory_region_7_hist_culture_0)
[GraphSchema] Edge "belongs_to" source should be ["actor","location"], got "region" (edge edge_hist_territory_region_9_hist_culture_2)
[GraphSchema] Edge "belongs_to" source should be ["actor","location"], got "region" (edge edge_hist_territory_region_11_hist_culture_0)
[GraphSchema] Edge "belongs_to" source should be ["actor","location"], got "region" (edge edge_hist_territory_region_2_hist_culture_2)
[GraphSchema] Edge "belongs_to" source should be ["actor","location"], got "region" (edge edge_hist_territory_region_0_hist_culture_0)
[GraphSchema] Edge "belongs_to" source should be ["actor","location"], got "region" (edge edge_hist_territory_region_6_hist_culture_2)
[GraphSchema] Edge "belongs_to" source should be ["actor","location"], got "region" (edge edge_hist_territory_region_10_hist_culture_0)
[GraphSchema] Edge "belongs_to" source should be ["actor","location"], got "region" (edge edge_hist_territory_region_1_hist_culture_2)
[GraphSchema] Edge "belongs_to" source should be ["actor","location"], got "region" (edge edge_hist_territory_region_5_hist_culture_0)

stderr | src/engine/__tests__/orchestrator.test.ts > Orchestrator > runTick advances tick counter
[GraphSchema] Edge "belongs_to" source should be ["actor","location"], got "region" (edge edge_hist_territory_region_0_hist_culture_0)

[90mstdout[2m | src/engine/__tests__/gameInit.test.ts[2m > [22m[2mGame Initialization[2m > [22m[2mcreates world soul with fundament and resonance
[22m[39m[WorldGen] Pass 'province' completed in 0.9ms
[WorldGen] Pass 'elevation' completed in 11.7ms
[WorldGen] Pass 'coastline' completed in 10.0ms
[WorldGen] Pass 'climate' completed in 2.8ms
[WorldGen] Pass 'hydrology' completed in 1.6ms
[WorldGen] Pass 'tempReassess' completed in 0.0ms
[WorldGen] Pass 'biome' completed in 0.2ms
[WorldGen] Culture terrain nudge: 42 hexes modified
[WorldGen] Pass 'cultureTerrainNudge' completed in 0.1ms
[WorldGen] Pass 'smoothing' completed in 0.7ms
[WorldGen] Pass 'validation' completed in 0.5ms

stderr | src/engine/__tests__/gameInit.test.ts > Game Initialization > creates world soul with fundament and resonance
[WorldGen] Validation errors: [ 'Ocean fraction too low: 7.4%' ]
[GraphSchema] Edge "belongs_to" source should be ["actor","location"], got "region" (edge edge_hist_territory_region_15_hist_culture_0)
[GraphSchema] Edge "belongs_to" source should be ["actor","location"], got "region" (edge edge_hist_territory_region_19_hist_culture_1)
[GraphSchema] Edge "belongs_to" source should be ["actor","location"], got "region" (edge edge_hist_territory_region_3_hist_culture_2)
[GraphSchema] Edge "belongs_to" source should be ["actor","location"], got "region" (edge edge_hist_territory_region_13_hist_culture_0)
[GraphSchema] Edge "belongs_to" source should be ["actor","location"], got "region" (edge edge_hist_territory_region_14_hist_culture_1)
[GraphSchema] Edge "belongs_to" source should be ["actor","location"], got "region" (edge edge_hist_territory_region_12_hist_culture_2)
[GraphSchema] Edge "belongs_to" source should be ["actor","location"], got "region" (edge edge_hist_territory_region_16_hist_culture_0)
[GraphSchema] Edge "belongs_to" source should be ["actor","location"], got "region" (edge edge_hist_territory_region_18_hist_culture_1)
[GraphSchema] Edge "belongs_to" source should be ["actor","location"], got "region" (edge edge_hist_territory_region_17_hist_culture_2)
[GraphSchema] Edge "belongs_to" source should be ["actor","location"], got "region" (edge edge_hist_territory_region_7_hist_culture_0)
[GraphSchema] Edge "belongs_to" source should be ["actor","location"], got "region" (edge edge_hist_territory_region_9_hist_culture_2)
[GraphSchema] Edge "belongs_to" source should be ["actor","location"], got "region" (edge edge_hist_territory_region_11_hist_culture_0)
[GraphSchema] Edge "belongs_to" source should be ["actor","location"], got "region" (edge edge_hist_territory_region_2_hist_culture_2)
[GraphSchema] Edge "belongs_to" source should be ["actor","location"], got "region" (edge edge_hist_territory_region_0_hist_culture_0)
[GraphSchema] Edge "belongs_to" source should be ["actor","location"], got "region" (edge edge_hist_territory_region_6_hist_culture_2)
[GraphSchema] Edge "belongs_to" source should be ["actor","location"], got "region" (edge edge_hist_territory_region_10_hist_culture_0)
[GraphSchema] Edge "belongs_to" source should be ["actor","location"], got "region" (edge edge_hist_territory_region_1_hist_culture_2)
[GraphSchema] Edge "belongs_to" source should be ["actor","location"], got "region" (edge edge_hist_territory_region_5_hist_culture_0)

stderr | src/engine/__tests__/traceBuffer-orchestrator.test.ts > orchestrator tick_summary trace > emits tick_summary trace after each tick
[GraphSchema] Edge "belongs_to" source should be ["actor","location"], got "region" (edge edge_hist_territory_region_0_hist_culture_0)

[90mstdout[2m | src/engine/__tests__/familiarity-integration.test.ts[2m > [22m[2mfamiliarity integration[2m > [22m[2mgame starts with empty familiarity map (no initial threads)
[22m[39m[WorldGen] Pass 'province' completed in 2.0ms
[WorldGen] Pass 'elevation' completed in 1.7ms
[WorldGen] Pass 'coastline' completed in 1.5ms
[WorldGen] Pass 'climate' completed in 18.3ms
[WorldGen] Pass 'hydrology' completed in 0.8ms
[WorldGen] Pass 'tempReassess' completed in 0.3ms
[WorldGen] Pass 'biome' completed in 0.3ms
[WorldGen] Culture terrain nudge: 3 hexes modified
[WorldGen] Pass 'cultureTerrainNudge' completed in 0.1ms
[WorldGen] Pass 'smoothing' completed in 0.5ms
[WorldGen] Pass 'validation' completed in 0.6ms

stderr | src/engine/__tests__/familiarity-integration.test.ts > familiarity integration > game starts with empty familiarity map (no initial threads)
[WorldGen] Validation errors: [
  'Ocean fraction too low: 4.7%',
  'Drainage guarantee violated: some land hexes have no downhill path to the sea'
]
[GraphSchema] Edge "belongs_to" source should be ["actor","location"], got "region" (edge edge_hist_territory_region_1_hist_culture_0)
[GraphSchema] Edge "belongs_to" source should be ["actor","location"], got "region" (edge edge_hist_territory_region_6_hist_culture_1)
[GraphSchema] Edge "belongs_to" source should be ["actor","location"], got "region" (edge edge_hist_territory_region_4_hist_culture_2)
[GraphSchema] Edge "belongs_to" source should be ["actor","location"], got "region" (edge edge_hist_territory_region_2_hist_culture_0)
[GraphSchema] Edge "belongs_to" source should be ["actor","location"], got "region" (edge edge_hist_territory_region_5_hist_culture_1)
[GraphSchema] Edge "belongs_to" source should be ["actor","location"], got "region" (edge edge_hist_territory_region_3_hist_culture_0)
[GraphSchema] Edge "belongs_to" source should be ["actor","location"], got "region" (edge edge_hist_territory_region_8_hist_culture_1)
[GraphSchema] Edge "belongs_to" source should be ["actor","location"], got "region" (edge edge_hist_territory_region_0_hist_culture_0)
[GraphSchema] Edge "belongs_to" source should be ["actor","location"], got "region" (edge edge_hist_territory_region_7_hist_culture_1)

[90mstdout[2m | src/engine/__tests__/orchestrator-divine.test.ts[2m > [22m[2mphaseDivineInfluenceDecay[2m > [22m[2mremoves expired influences (elapsed >= maxDuration)
[22m[39m[WorldGen] Pass 'province' completed in 4.2ms
[WorldGen] Pass 'elevation' completed in 4.9ms
[WorldGen] Pass 'coastline' completed in 4.3ms
[WorldGen] Pass 'climate' completed in 8.4ms
[WorldGen] Pass 'hydrology' completed in 4.1ms
[WorldGen] Pass 'tempReassess' completed in 0.0ms
[WorldGen] Pass 'biome' completed in 0.4ms
[WorldGen] Culture terrain nudge: 42 hexes modified
[WorldGen] Pass 'cultureTerrainNudge' completed in 0.2ms
[WorldGen] Pass 'smoothing' completed in 1.2ms
[WorldGen] Pass 'validation' completed in 1.2ms

stderr | src/engine/__tests__/orchestrator-divine.test.ts > phaseDivineInfluenceDecay > removes expired influences (elapsed >= maxDuration)
[WorldGen] Validation errors: [ 'Ocean fraction too low: 7.4%' ]
[GraphSchema] Edge "belongs_to" source should be ["actor","location"], got "region" (edge edge_hist_territory_region_15_hist_culture_0)
[GraphSchema] Edge "belongs_to" source should be ["actor","location"], got "region" (edge edge_hist_territory_region_19_hist_culture_1)
[GraphSchema] Edge "belongs_to" source should be ["actor","location"], got "region" (edge edge_hist_territory_region_3_hist_culture_2)
[GraphSchema] Edge "belongs_to" source should be ["actor","location"], got "region" (edge edge_hist_territory_region_13_hist_culture_0)
[GraphSchema] Edge "belongs_to" source should be ["actor","location"], got "region" (edge edge_hist_territory_region_14_hist_culture_1)
[GraphSchema] Edge "belongs_to" source should be ["actor","location"], got "region" (edge edge_hist_territory_region_12_hist_culture_2)
[GraphSchema] Edge "belongs_to" source should be ["actor","location"], got "region" (edge edge_hist_territory_region_16_hist_culture_0)
[GraphSchema] Edge "belongs_to" source should be ["actor","location"], got "region" (edge edge_hist_territory_region_18_hist_culture_1)
[GraphSchema] Edge "belongs_to" source should be ["actor","location"], got "region" (edge edge_hist_territory_region_17_hist_culture_2)
[GraphSchema] Edge "belongs_to" source should be ["actor","location"], got "region" (edge edge_hist_territory_region_7_hist_culture_0)
[GraphSchema] Edge "belongs_to" source should be ["actor","location"], got "region" (edge edge_hist_territory_region_9_hist_culture_2)
[GraphSchema] Edge "belongs_to" source should be ["actor","location"], got "region" (edge edge_hist_territory_region_11_hist_culture_0)
[GraphSchema] Edge "belongs_to" source should be ["actor","location"], got "region" (edge edge_hist_territory_region_2_hist_culture_2)
[GraphSchema] Edge "belongs_to" source should be ["actor","location"], got "region" (edge edge_hist_territory_region_0_hist_culture_0)
[GraphSchema] Edge "belongs_to" source should be ["actor","location"], got "region" (edge edge_hist_territory_region_6_hist_culture_2)
[GraphSchema] Edge "belongs_to" source should be ["actor","location"], got "region" (edge edge_hist_territory_region_10_hist_culture_0)
[GraphSchema] Edge "belongs_to" source should be ["actor","location"], got "region" (edge edge_hist_territory_region_1_hist_culture_2)
[GraphSchema] Edge "belongs_to" source should be ["actor","location"], got "region" (edge edge_hist_territory_region_5_hist_culture_0)

[90mstdout[2m | src/engine/__tests__/gameInit.test.ts[2m > [22m[2mGame Initialization[2m > [22m[2mcreates great chronicle
[22m[39m[WorldGen] Pass 'province' completed in 2.3ms
[WorldGen] Pass 'elevation' completed in 3.1ms
[WorldGen] Pass 'coastline' completed in 1.0ms
[WorldGen] Pass 'climate' completed in 2.5ms
[WorldGen] Pass 'hydrology' completed in 1.3ms
[WorldGen] Pass 'tempReassess' completed in 0.0ms
[WorldGen] Pass 'biome' completed in 0.3ms
[WorldGen] Culture terrain nudge: 42 hexes modified
[WorldGen] Pass 'cultureTerrainNudge' completed in 0.1ms
[WorldGen] Pass 'smoothing' completed in 15.8ms
[WorldGen] Pass 'validation' completed in 0.8ms

stderr | src/engine/__tests__/gameInit.test.ts > Game Initialization > creates great chronicle
[WorldGen] Validation errors: [ 'Ocean fraction too low: 7.4%' ]
[GraphSchema] Edge "belongs_to" source should be ["actor","location"], got "region" (edge edge_hist_territory_region_15_hist_culture_0)
[GraphSchema] Edge "belongs_to" source should be ["actor","location"], got "region" (edge edge_hist_territory_region_19_hist_culture_1)
[GraphSchema] Edge "belongs_to" source should be ["actor","location"], got "region" (edge edge_hist_territory_region_3_hist_culture_2)
[GraphSchema] Edge "belongs_to" source should be ["actor","location"], got "region" (edge edge_hist_territory_region_13_hist_culture_0)
[GraphSchema] Edge "belongs_to" source should be ["actor","location"], got "region" (edge edge_hist_territory_region_14_hist_culture_1)
[GraphSchema] Edge "belongs_to" source should be ["actor","location"], got "region" (edge edge_hist_territory_region_12_hist_culture_2)
[GraphSchema] Edge "belongs_to" source should be ["actor","location"], got "region" (edge edge_hist_territory_region_16_hist_culture_0)
[GraphSchema] Edge "belongs_to" source should be ["actor","location"], got "region" (edge edge_hist_territory_region_18_hist_culture_1)
[GraphSchema] Edge "belongs_to" source should be ["actor","location"], got "region" (edge edge_hist_territory_region_17_hist_culture_2)
[GraphSchema] Edge "belongs_to" source should be ["actor","location"], got "region" (edge edge_hist_territory_region_7_hist_culture_0)
[GraphSchema] Edge "belongs_to" source should be ["actor","location"], got "region" (edge edge_hist_territory_region_9_hist_culture_2)
[GraphSchema] Edge "belongs_to" source should be ["actor","location"], got "region" (edge edge_hist_territory_region_11_hist_culture_0)
[GraphSchema] Edge "belongs_to" source should be ["actor","location"], got "region" (edge edge_hist_territory_region_2_hist_culture_2)
[GraphSchema] Edge "belongs_to" source should be ["actor","location"], got "region" (edge edge_hist_territory_region_0_hist_culture_0)
[GraphSchema] Edge "belongs_to" source should be ["actor","location"], got "region" (edge edge_hist_territory_region_6_hist_culture_2)
[GraphSchema] Edge "belongs_to" source should be ["actor","location"], got "region" (edge edge_hist_territory_region_10_hist_culture_0)
[GraphSchema] Edge "belongs_to" source should be ["actor","location"], got "region" (edge edge_hist_territory_region_1_hist_culture_2)
[GraphSchema] Edge "belongs_to" source should be ["actor","location"], got "region" (edge edge_hist_territory_region_5_hist_culture_0)

[90mstdout[2m | src/engine/__tests__/interventionEffects-integration.test.ts[2m > [22m[2mintervention effects — full integration[2m > [22m[2mcoincidence boosts sphere influence at actor location
[22m[39m[WorldGen] Pass 'province' completed in 2.7ms
[WorldGen] Pass 'elevation' completed in 13.7ms
[WorldGen] Pass 'coastline' completed in 3.0ms
[WorldGen] Pass 'climate' completed in 5.7ms
[WorldGen] Pass 'hydrology' completed in 3.3ms
[WorldGen] Pass 'tempReassess' completed in 0.0ms
[WorldGen] Pass 'biome' completed in 1.3ms
[WorldGen] Culture terrain nudge: 42 hexes modified
[WorldGen] Pass 'cultureTerrainNudge' completed in 0.3ms
[WorldGen] Pass 'smoothing' completed in 2.0ms
[WorldGen] Pass 'validation' completed in 2.2ms

stderr | src/engine/__tests__/interventionEffects-integration.test.ts > intervention effects — full integration > coincidence boosts sphere influence at actor location
[WorldGen] Validation errors: [ 'Ocean fraction too low: 7.4%' ]
[GraphSchema] Edge "belongs_to" source should be ["actor","location"], got "region" (edge edge_hist_territory_region_15_hist_culture_0)
[GraphSchema] Edge "belongs_to" source should be ["actor","location"], got "region" (edge edge_hist_territory_region_19_hist_culture_1)
[GraphSchema] Edge "belongs_to" source should be ["actor","location"], got "region" (edge edge_hist_territory_region_3_hist_culture_2)
[GraphSchema] Edge "belongs_to" source should be ["actor","location"], got "region" (edge edge_hist_territory_region_13_hist_culture_0)
[GraphSchema] Edge "belongs_to" source should be ["actor","location"], got "region" (edge edge_hist_territory_region_14_hist_culture_1)
[GraphSchema] Edge "belongs_to" source should be ["actor","location"], got "region" (edge edge_hist_territory_region_12_hist_culture_2)
[GraphSchema] Edge "belongs_to" source should be ["actor","location"], got "region" (edge edge_hist_territory_region_16_hist_culture_0)
[GraphSchema] Edge "belongs_to" source should be ["actor","location"], got "region" (edge edge_hist_territory_region_18_hist_culture_1)
[GraphSchema] Edge "belongs_to" source should be ["actor","location"], got "region" (edge edge_hist_territory_region_17_hist_culture_2)
[GraphSchema] Edge "belongs_to" source should be ["actor","location"], got "region" (edge edge_hist_territory_region_7_hist_culture_0)
[GraphSchema] Edge "belongs_to" source should be ["actor","location"], got "region" (edge edge_hist_territory_region_9_hist_culture_2)
[GraphSchema] Edge "belongs_to" source should be ["actor","location"], got "region" (edge edge_hist_territory_region_11_hist_culture_0)
[GraphSchema] Edge "belongs_to" source should be ["actor","location"], got "region" (edge edge_hist_territory_region_2_hist_culture_2)
[GraphSchema] Edge "belongs_to" source should be ["actor","location"], got "region" (edge edge_hist_territory_region_0_hist_culture_0)
[GraphSchema] Edge "belongs_to" source should be ["actor","location"], got "region" (edge edge_hist_territory_region_6_hist_culture_2)
[GraphSchema] Edge "belongs_to" source should be ["actor","location"], got "region" (edge edge_hist_territory_region_10_hist_culture_0)
[GraphSchema] Edge "belongs_to" source should be ["actor","location"], got "region" (edge edge_hist_territory_region_1_hist_culture_2)
[GraphSchema] Edge "belongs_to" source should be ["actor","location"], got "region" (edge edge_hist_territory_region_5_hist_culture_0)

stderr | src/engine/__tests__/traceBuffer-orchestrator.test.ts > orchestrator tick_summary trace > tick_summary has human-readable summary
[GraphSchema] Edge "belongs_to" source should be ["actor","location"], got "region" (edge edge_hist_territory_region_0_hist_culture_0)
[Orchestrator] Tick crashed, returning previous state: Error: Trait not found: trait.reputation.power.renown
    at assignTrait (C:/Users/chris/Dev/Projects/TheFantasyWorldSimulator/src/engine/traits.ts:44:25)
    at syncReputationTrait (C:/Users/chris/Dev/Projects/TheFantasyWorldSimulator/src/engine/phaseReputationTraits.ts:297:5)
    at phaseReputationTraits (C:/Users/chris/Dev/Projects/TheFantasyWorldSimulator/src/engine/phaseReputationTraits.ts:273:7)
    at runTick (C:/Users/chris/Dev/Projects/TheFantasyWorldSimulator/src/engine/orchestrator.ts:1896:18)
    at C:/Users/chris/Dev/Projects/TheFantasyWorldSimulator/src/engine/__tests__/traceBuffer-orchestrator.test.ts:162:13
    at file:///C:/Users/chris/Dev/Projects/TheFantasyWorldSimulator/node_modules/@vitest/runner/dist/index.js:145:11
    at file:///C:/Users/chris/Dev/Projects/TheFantasyWorldSimulator/node_modules/@vitest/runner/dist/index.js:915:26
    at file:///C:/Users/chris/Dev/Projects/TheFantasyWorldSimulator/node_modules/@vitest/runner/dist/index.js:1243:20
    at new Promise (<anonymous>)
    at runWithTimeout (file:///C:/Users/chris/Dev/Projects/TheFantasyWorldSimulator/node_modules/@vitest/runner/dist/index.js:1209:10)

[90mstdout[2m | src/engine/__tests__/gameInit.test.ts[2m > [22m[2mGame Initialization[2m > [22m[2minitializes stealthExposure to 0
[22m[39m[WorldGen] Pass 'province' completed in 0.9ms
[WorldGen] Pass 'elevation' completed in 2.3ms
[WorldGen] Pass 'coastline' completed in 0.9ms
[WorldGen] Pass 'climate' completed in 2.1ms
[WorldGen] Pass 'hydrology' completed in 0.6ms
[WorldGen] Pass 'tempReassess' completed in 0.0ms
[WorldGen] Pass 'biome' completed in 0.2ms
[WorldGen] Culture terrain nudge: 42 hexes modified
[WorldGen] Pass 'cultureTerrainNudge' completed in 0.3ms
[WorldGen] Pass 'smoothing' completed in 0.6ms
[WorldGen] Pass 'validation' completed in 0.4ms

stderr | src/engine/__tests__/gameInit.test.ts > Game Initialization > initializes stealthExposure to 0
[WorldGen] Validation errors: [ 'Ocean fraction too low: 7.4%' ]
[GraphSchema] Edge "belongs_to" source should be ["actor","location"], got "region" (edge edge_hist_territory_region_15_hist_culture_0)
[GraphSchema] Edge "belongs_to" source should be ["actor","location"], got "region" (edge edge_hist_territory_region_19_hist_culture_1)
[GraphSchema] Edge "belongs_to" source should be ["actor","location"], got "region" (edge edge_hist_territory_region_3_hist_culture_2)
[GraphSchema] Edge "belongs_to" source should be ["actor","location"], got "region" (edge edge_hist_territory_region_13_hist_culture_0)
[GraphSchema] Edge "belongs_to" source should be ["actor","location"], got "region" (edge edge_hist_territory_region_14_hist_culture_1)
[GraphSchema] Edge "belongs_to" source should be ["actor","location"], got "region" (edge edge_hist_territory_region_12_hist_culture_2)
[GraphSchema] Edge "belongs_to" source should be ["actor","location"], got "region" (edge edge_hist_territory_region_16_hist_culture_0)
[GraphSchema] Edge "belongs_to" source should be ["actor","location"], got "region" (edge edge_hist_territory_region_18_hist_culture_1)
[GraphSchema] Edge "belongs_to" source should be ["actor","location"], got "region" (edge edge_hist_territory_region_17_hist_culture_2)
[GraphSchema] Edge "belongs_to" source should be ["actor","location"], got "region" (edge edge_hist_territory_region_7_hist_culture_0)
[GraphSchema] Edge "belongs_to" source should be ["actor","location"], got "region" (edge edge_hist_territory_region_9_hist_culture_2)
[GraphSchema] Edge "belongs_to" source should be ["actor","location"], got "region" (edge edge_hist_territory_region_11_hist_culture_0)
[GraphSchema] Edge "belongs_to" source should be ["actor","location"], got "region" (edge edge_hist_territory_region_2_hist_culture_2)
[GraphSchema] Edge "belongs_to" source should be ["actor","location"], got "region" (edge edge_hist_territory_region_0_hist_culture_0)
[GraphSchema] Edge "belongs_to" source should be ["actor","location"], got "region" (edge edge_hist_territory_region_6_hist_culture_2)
[GraphSchema] Edge "belongs_to" source should be ["actor","location"], got "region" (edge edge_hist_territory_region_10_hist_culture_0)
[GraphSchema] Edge "belongs_to" source should be ["actor","location"], got "region" (edge edge_hist_territory_region_1_hist_culture_2)
[GraphSchema] Edge "belongs_to" source should be ["actor","location"], got "region" (edge edge_hist_territory_region_5_hist_culture_0)

[90mstdout[2m | src/engine/worldgen/__tests__/elevation.test.ts[2m > [22m[2mElevation generation[2m > [22m[2mridge orientation in valid range [0, 2*PI)
[22m[39m[WorldGen] Pass 'province' completed in 14.4ms
[WorldGen] Pass 'elevation' completed in 65.8ms
[WorldGen] Pass 'coastline' completed in 31.5ms
[WorldGen] Pass 'climate' completed in 70.3ms
[WorldGen] Pass 'hydrology' completed in 11.5ms
[WorldGen] Pass 'tempReassess' completed in 1.1ms
[WorldGen] Pass 'biome' completed in 3.6ms
[WorldGen] Culture terrain nudge: 129 hexes modified
[WorldGen] Pass 'cultureTerrainNudge' completed in 10.4ms
[WorldGen] Pass 'smoothing' completed in 14.6ms
[WorldGen] Pass 'validation' completed in 6.2ms

[90mstdout[2m | src/engine/__tests__/familiarity-integration.test.ts[2m > [22m[2mfamiliarity integration[2m > [22m[2mthreaded retinue member has correct familiarity
[22m[39m[WorldGen] Pass 'province' completed in 13.0ms
[WorldGen] Pass 'elevation' completed in 12.2ms
[WorldGen] Pass 'coastline' completed in 2.7ms
[WorldGen] Pass 'climate' completed in 13.6ms
[WorldGen] Pass 'hydrology' completed in 2.1ms
[WorldGen] Pass 'tempReassess' completed in 0.2ms
[WorldGen] Pass 'biome' completed in 0.5ms
[WorldGen] Culture terrain nudge: 3 hexes modified
[WorldGen] Pass 'cultureTerrainNudge' completed in 0.2ms
[WorldGen] Pass 'smoothing' completed in 0.9ms
[WorldGen] Pass 'validation' completed in 0.9ms

stderr | src/engine/__tests__/familiarity-integration.test.ts > familiarity integration > threaded retinue member has correct familiarity
[WorldGen] Validation errors: [
  'Ocean fraction too low: 4.7%',
  'Drainage guarantee violated: some land hexes have no downhill path to the sea'
]
[GraphSchema] Edge "belongs_to" source should be ["actor","location"], got "region" (edge edge_hist_territory_region_1_hist_culture_0)
[GraphSchema] Edge "belongs_to" source should be ["actor","location"], got "region" (edge edge_hist_territory_region_6_hist_culture_1)
[GraphSchema] Edge "belongs_to" source should be ["actor","location"], got "region" (edge edge_hist_territory_region_4_hist_culture_2)
[GraphSchema] Edge "belongs_to" source should be ["actor","location"], got "region" (edge edge_hist_territory_region_2_hist_culture_0)
[GraphSchema] Edge "belongs_to" source should be ["actor","location"], got "region" (edge edge_hist_territory_region_5_hist_culture_1)
[GraphSchema] Edge "belongs_to" source should be ["actor","location"], got "region" (edge edge_hist_territory_region_3_hist_culture_0)
[GraphSchema] Edge "belongs_to" source should be ["actor","location"], got "region" (edge edge_hist_territory_region_8_hist_culture_1)
[GraphSchema] Edge "belongs_to" source should be ["actor","location"], got "region" (edge edge_hist_territory_region_0_hist_culture_0)
[GraphSchema] Edge "belongs_to" source should be ["actor","location"], got "region" (edge edge_hist_territory_region_7_hist_culture_1)

[90mstdout[2m | src/engine/__tests__/orchestrator-divine.test.ts[2m > [22m[2mphaseDivineInfluenceDecay[2m > [22m[2memits trace for expired influences
[22m[39m[WorldGen] Pass 'province' completed in 5.2ms
[WorldGen] Pass 'elevation' completed in 10.9ms
[WorldGen] Pass 'coastline' completed in 2.6ms
[WorldGen] Pass 'climate' completed in 3.3ms
[WorldGen] Pass 'hydrology' completed in 2.5ms
[WorldGen] Pass 'tempReassess' completed in 0.0ms
[WorldGen] Pass 'biome' completed in 0.7ms
[WorldGen] Culture terrain nudge: 42 hexes modified
[WorldGen] Pass 'cultureTerrainNudge' completed in 0.6ms
[WorldGen] Pass 'smoothing' completed in 1.7ms
[WorldGen] Pass 'validation' completed in 1.7ms

stderr | src/engine/__tests__/orchestrator-divine.test.ts > phaseDivineInfluenceDecay > emits trace for expired influences
[WorldGen] Validation errors: [ 'Ocean fraction too low: 7.4%' ]
[GraphSchema] Edge "belongs_to" source should be ["actor","location"], got "region" (edge edge_hist_territory_region_15_hist_culture_0)
[GraphSchema] Edge "belongs_to" source should be ["actor","location"], got "region" (edge edge_hist_territory_region_19_hist_culture_1)
[GraphSchema] Edge "belongs_to" source should be ["actor","location"], got "region" (edge edge_hist_territory_region_3_hist_culture_2)
[GraphSchema] Edge "belongs_to" source should be ["actor","location"], got "region" (edge edge_hist_territory_region_13_hist_culture_0)
[GraphSchema] Edge "belongs_to" source should be ["actor","location"], got "region" (edge edge_hist_territory_region_14_hist_culture_1)
[GraphSchema] Edge "belongs_to" source should be ["actor","location"], got "region" (edge edge_hist_territory_region_12_hist_culture_2)
[GraphSchema] Edge "belongs_to" source should be ["actor","location"], got "region" (edge edge_hist_territory_region_16_hist_culture_0)
[GraphSchema] Edge "belongs_to" source should be ["actor","location"], got "region" (edge edge_hist_territory_region_18_hist_culture_1)
[GraphSchema] Edge "belongs_to" source should be ["actor","location"], got "region" (edge edge_hist_territory_region_17_hist_culture_2)
[GraphSchema] Edge "belongs_to" source should be ["actor","location"], got "region" (edge edge_hist_territory_region_7_hist_culture_0)
[GraphSchema] Edge "belongs_to" source should be ["actor","location"], got "region" (edge edge_hist_territory_region_9_hist_culture_2)
[GraphSchema] Edge "belongs_to" source should be ["actor","location"], got "region" (edge edge_hist_territory_region_11_hist_culture_0)
[GraphSchema] Edge "belongs_to" source should be ["actor","location"], got "region" (edge edge_hist_territory_region_2_hist_culture_2)
[GraphSchema] Edge "belongs_to" source should be ["actor","location"], got "region" (edge edge_hist_territory_region_0_hist_culture_0)
[GraphSchema] Edge "belongs_to" source should be ["actor","location"], got "region" (edge edge_hist_territory_region_6_hist_culture_2)
[GraphSchema] Edge "belongs_to" source should be ["actor","location"], got "region" (edge edge_hist_territory_region_10_hist_culture_0)
[GraphSchema] Edge "belongs_to" source should be ["actor","location"], got "region" (edge edge_hist_territory_region_1_hist_culture_2)
[GraphSchema] Edge "belongs_to" source should be ["actor","location"], got "region" (edge edge_hist_territory_region_5_hist_culture_0)

[90mstdout[2m | src/engine/__tests__/gameInit.test.ts[2m > [22m[2mGame Initialization[2m > [22m[2mstarts with no threads — ascendant begins alone
[22m[39m[WorldGen] Pass 'province' completed in 0.6ms
[WorldGen] Pass 'elevation' completed in 2.2ms
[WorldGen] Pass 'coastline' completed in 1.0ms
[WorldGen] Pass 'climate' completed in 2.7ms
[WorldGen] Pass 'hydrology' completed in 1.0ms
[WorldGen] Pass 'tempReassess' completed in 0.0ms
[WorldGen] Pass 'biome' completed in 0.3ms
[WorldGen] Culture terrain nudge: 42 hexes modified
[WorldGen] Pass 'cultureTerrainNudge' completed in 0.1ms
[WorldGen] Pass 'smoothing' completed in 0.8ms
[WorldGen] Pass 'validation' completed in 0.6ms

stderr | src/engine/__tests__/gameInit.test.ts > Game Initialization > starts with no threads — ascendant begins alone
[WorldGen] Validation errors: [ 'Ocean fraction too low: 7.4%' ]
[GraphSchema] Edge "belongs_to" source should be ["actor","location"], got "region" (edge edge_hist_territory_region_15_hist_culture_0)
[GraphSchema] Edge "belongs_to" source should be ["actor","location"], got "region" (edge edge_hist_territory_region_19_hist_culture_1)
[GraphSchema] Edge "belongs_to" source should be ["actor","location"], got "region" (edge edge_hist_territory_region_3_hist_culture_2)
[GraphSchema] Edge "belongs_to" source should be ["actor","location"], got "region" (edge edge_hist_territory_region_13_hist_culture_0)
[GraphSchema] Edge "belongs_to" source should be ["actor","location"], got "region" (edge edge_hist_territory_region_14_hist_culture_1)
[GraphSchema] Edge "belongs_to" source should be ["actor","location"], got "region" (edge edge_hist_territory_region_12_hist_culture_2)
[GraphSchema] Edge "belongs_to" source should be ["actor","location"], got "region" (edge edge_hist_territory_region_16_hist_culture_0)
[GraphSchema] Edge "belongs_to" source should be ["actor","location"], got "region" (edge edge_hist_territory_region_18_hist_culture_1)
[GraphSchema] Edge "belongs_to" source should be ["actor","location"], got "region" (edge edge_hist_territory_region_17_hist_culture_2)
[GraphSchema] Edge "belongs_to" source should be ["actor","location"], got "region" (edge edge_hist_territory_region_7_hist_culture_0)
[GraphSchema] Edge "belongs_to" source should be ["actor","location"], got "region" (edge edge_hist_territory_region_9_hist_culture_2)
[GraphSchema] Edge "belongs_to" source should be ["actor","location"], got "region" (edge edge_hist_territory_region_11_hist_culture_0)
[GraphSchema] Edge "belongs_to" source should be ["actor","location"], got "region" (edge edge_hist_territory_region_2_hist_culture_2)
[GraphSchema] Edge "belongs_to" source should be ["actor","location"], got "region" (edge edge_hist_territory_region_0_hist_culture_0)
[GraphSchema] Edge "belongs_to" source should be ["actor","location"], got "region" (edge edge_hist_territory_region_6_hist_culture_2)
[GraphSchema] Edge "belongs_to" source should be ["actor","location"], got "region" (edge edge_hist_territory_region_10_hist_culture_0)
[GraphSchema] Edge "belongs_to" source should be ["actor","location"], got "region" (edge edge_hist_territory_region_1_hist_culture_2)
[GraphSchema] Edge "belongs_to" source should be ["actor","location"], got "region" (edge edge_hist_territory_region_5_hist_culture_0)

 [32m✓[39m src/engine/__tests__/gameInit.test.ts [2m([22m[2m21 tests[22m[2m)[22m[33m 1327[2mms[22m[39m
stderr | src/engine/__tests__/orchestrator.test.ts > Orchestrator > runTick is deterministic
[GraphSchema] Edge "belongs_to" source should be ["actor","location"], got "region" (edge edge_hist_territory_region_0_hist_culture_0)
[GraphSchema] Edge "belongs_to" source should be ["actor","location"], got "region" (edge edge_hist_territory_region_0_hist_culture_0)
[Orchestrator] Tick crashed, returning previous state: Error: Trait not found: trait.reputation.power.renown
    at assignTrait (C:/Users/chris/Dev/Projects/TheFantasyWorldSimulator/src/engine/traits.ts:44:25)
    at syncReputationTrait (C:/Users/chris/Dev/Projects/TheFantasyWorldSimulator/src/engine/phaseReputationTraits.ts:297:5)
    at phaseReputationTraits (C:/Users/chris/Dev/Projects/TheFantasyWorldSimulator/src/engine/phaseReputationTraits.ts:273:7)
    at runTick (C:/Users/chris/Dev/Projects/TheFantasyWorldSimulator/src/engine/orchestrator.ts:1896:18)
    at C:/Users/chris/Dev/Projects/TheFantasyWorldSimulator/src/engine/__tests__/orchestrator.test.ts:275:19
    at file:///C:/Users/chris/Dev/Projects/TheFantasyWorldSimulator/node_modules/@vitest/runner/dist/index.js:145:11
    at file:///C:/Users/chris/Dev/Projects/TheFantasyWorldSimulator/node_modules/@vitest/runner/dist/index.js:915:26
    at file:///C:/Users/chris/Dev/Projects/TheFantasyWorldSimulator/node_modules/@vitest/runner/dist/index.js:1243:20
    at new Promise (<anonymous>)
    at runWithTimeout (file:///C:/Users/chris/Dev/Projects/TheFantasyWorldSimulator/node_modules/@vitest/runner/dist/index.js:1209:10)
[Orchestrator] Tick crashed, returning previous state: Error: Trait not found: trait.reputation.power.renown
    at assignTrait (C:/Users/chris/Dev/Projects/TheFantasyWorldSimulator/src/engine/traits.ts:44:25)
    at syncReputationTrait (C:/Users/chris/Dev/Projects/TheFantasyWorldSimulator/src/engine/phaseReputationTraits.ts:297:5)
    at phaseReputationTraits (C:/Users/chris/Dev/Projects/TheFantasyWorldSimulator/src/engine/phaseReputationTraits.ts:273:7)
    at runTick (C:/Users/chris/Dev/Projects/TheFantasyWorldSimulator/src/engine/orchestrator.ts:1896:18)
    at C:/Users/chris/Dev/Projects/TheFantasyWorldSimulator/src/engine/__tests__/orchestrator.test.ts:277:19
    at file:///C:/Users/chris/Dev/Projects/TheFantasyWorldSimulator/node_modules/@vitest/runner/dist/index.js:145:11
    at file:///C:/Users/chris/Dev/Projects/TheFantasyWorldSimulator/node_modules/@vitest/runner/dist/index.js:915:26
    at file:///C:/Users/chris/Dev/Projects/TheFantasyWorldSimulator/node_modules/@vitest/runner/dist/index.js:1243:20
    at new Promise (<anonymous>)
    at runWithTimeout (file:///C:/Users/chris/Dev/Projects/TheFantasyWorldSimulator/node_modules/@vitest/runner/dist/index.js:1209:10)

[90mstdout[2m | src/engine/__tests__/familiarity-integration.test.ts[2m > [22m[2mfamiliarity integration[2m > [22m[2mproximity phase increases familiarity for agents in avatar hex
[22m[39m[WorldGen] Pass 'province' completed in 1.0ms
[WorldGen] Pass 'elevation' completed in 1.7ms
[WorldGen] Pass 'coastline' completed in 2.1ms
[WorldGen] Pass 'climate' completed in 1.4ms
[WorldGen] Pass 'hydrology' completed in 0.7ms
[WorldGen] Pass 'tempReassess' completed in 0.1ms
[WorldGen] Pass 'biome' completed in 0.2ms
[WorldGen] Culture terrain nudge: 3 hexes modified
[WorldGen] Pass 'cultureTerrainNudge' completed in 0.1ms
[WorldGen] Pass 'smoothing' completed in 0.3ms
[WorldGen] Pass 'validation' completed in 0.5ms

stderr | src/engine/__tests__/familiarity-integration.test.ts > familiarity integration > proximity phase increases familiarity for agents in avatar hex
[WorldGen] Validation errors: [
  'Ocean fraction too low: 4.7%',
  'Drainage guarantee violated: some land hexes have no downhill path to the sea'
]
[GraphSchema] Edge "belongs_to" source should be ["actor","location"], got "region" (edge edge_hist_territory_region_1_hist_culture_0)
[GraphSchema] Edge "belongs_to" source should be ["actor","location"], got "region" (edge edge_hist_territory_region_6_hist_culture_1)
[GraphSchema] Edge "belongs_to" source should be ["actor","location"], got "region" (edge edge_hist_territory_region_4_hist_culture_2)
[GraphSchema] Edge "belongs_to" source should be ["actor","location"], got "region" (edge edge_hist_territory_region_2_hist_culture_0)
[GraphSchema] Edge "belongs_to" source should be ["actor","location"], got "region" (edge edge_hist_territory_region_5_hist_culture_1)
[GraphSchema] Edge "belongs_to" source should be ["actor","location"], got "region" (edge edge_hist_territory_region_3_hist_culture_0)
[GraphSchema] Edge "belongs_to" source should be ["actor","location"], got "region" (edge edge_hist_territory_region_8_hist_culture_1)
[GraphSchema] Edge "belongs_to" source should be ["actor","location"], got "region" (edge edge_hist_territory_region_0_hist_culture_0)
[GraphSchema] Edge "belongs_to" source should be ["actor","location"], got "region" (edge edge_hist_territory_region_7_hist_culture_1)

stderr | src/engine/__tests__/traceBuffer-orchestrator.test.ts > orchestrator tick_summary trace > does not emit tick_summary when tracing is disabled
[GraphSchema] Edge "belongs_to" source should be ["actor","location"], got "region" (edge edge_hist_territory_region_0_hist_culture_0)
[Orchestrator] Tick crashed, returning previous state: Error: Trait not found: trait.reputation.power.renown
    at assignTrait (C:/Users/chris/Dev/Projects/TheFantasyWorldSimulator/src/engine/traits.ts:44:25)
    at syncReputationTrait (C:/Users/chris/Dev/Projects/TheFantasyWorldSimulator/src/engine/phaseReputationTraits.ts:297:5)
    at phaseReputationTraits (C:/Users/chris/Dev/Projects/TheFantasyWorldSimulator/src/engine/phaseReputationTraits.ts:273:7)
    at runTick (C:/Users/chris/Dev/Projects/TheFantasyWorldSimulator/src/engine/orchestrator.ts:1896:18)
    at C:/Users/chris/Dev/Projects/TheFantasyWorldSimulator/src/engine/__tests__/traceBuffer-orchestrator.test.ts:172:13
    at file:///C:/Users/chris/Dev/Projects/TheFantasyWorldSimulator/node_modules/@vitest/runner/dist/index.js:145:11
    at file:///C:/Users/chris/Dev/Projects/TheFantasyWorldSimulator/node_modules/@vitest/runner/dist/index.js:915:26
    at file:///C:/Users/chris/Dev/Projects/TheFantasyWorldSimulator/node_modules/@vitest/runner/dist/index.js:1243:20
    at new Promise (<anonymous>)
    at runWithTimeout (file:///C:/Users/chris/Dev/Projects/TheFantasyWorldSimulator/node_modules/@vitest/runner/dist/index.js:1209:10)

[90mstdout[2m | src/engine/__tests__/interventionEffects-integration.test.ts[2m > [22m[2mintervention effects — full integration[2m > [22m[2mintervention emits intervention_effect trace
[22m[39m[WorldGen] Pass 'province' completed in 2.1ms
[WorldGen] Pass 'elevation' completed in 4.2ms
[WorldGen] Pass 'coastline' completed in 2.4ms
[WorldGen] Pass 'climate' completed in 4.4ms
[WorldGen] Pass 'hydrology' completed in 2.1ms
[WorldGen] Pass 'tempReassess' completed in 0.0ms
[WorldGen] Pass 'biome' completed in 0.6ms
[WorldGen] Culture terrain nudge: 42 hexes modified
[WorldGen] Pass 'cultureTerrainNudge' completed in 0.2ms
[WorldGen] Pass 'smoothing' completed in 2.8ms
[WorldGen] Pass 'validation' completed in 1.9ms

stderr | src/engine/__tests__/interventionEffects-integration.test.ts > intervention effects — full integration > intervention emits intervention_effect trace
[WorldGen] Validation errors: [ 'Ocean fraction too low: 7.4%' ]
[GraphSchema] Edge "belongs_to" source should be ["actor","location"], got "region" (edge edge_hist_territory_region_15_hist_culture_0)
[GraphSchema] Edge "belongs_to" source should be ["actor","location"], got "region" (edge edge_hist_territory_region_19_hist_culture_1)
[GraphSchema] Edge "belongs_to" source should be ["actor","location"], got "region" (edge edge_hist_territory_region_3_hist_culture_2)
[GraphSchema] Edge "belongs_to" source should be ["actor","location"], got "region" (edge edge_hist_territory_region_13_hist_culture_0)
[GraphSchema] Edge "belongs_to" source should be ["actor","location"], got "region" (edge edge_hist_territory_region_14_hist_culture_1)
[GraphSchema] Edge "belongs_to" source should be ["actor","location"], got "region" (edge edge_hist_territory_region_12_hist_culture_2)
[GraphSchema] Edge "belongs_to" source should be ["actor","location"], got "region" (edge edge_hist_territory_region_16_hist_culture_0)
[GraphSchema] Edge "belongs_to" source should be ["actor","location"], got "region" (edge edge_hist_territory_region_18_hist_culture_1)
[GraphSchema] Edge "belongs_to" source should be ["actor","location"], got "region" (edge edge_hist_territory_region_17_hist_culture_2)
[GraphSchema] Edge "belongs_to" source should be ["actor","location"], got "region" (edge edge_hist_territory_region_7_hist_culture_0)
[GraphSchema] Edge "belongs_to" source should be ["actor","location"], got "region" (edge edge_hist_territory_region_9_hist_culture_2)
[GraphSchema] Edge "belongs_to" source should be ["actor","location"], got "region" (edge edge_hist_territory_region_11_hist_culture_0)
[GraphSchema] Edge "belongs_to" source should be ["actor","location"], got "region" (edge edge_hist_territory_region_2_hist_culture_2)
[GraphSchema] Edge "belongs_to" source should be ["actor","location"], got "region" (edge edge_hist_territory_region_0_hist_culture_0)
[GraphSchema] Edge "belongs_to" source should be ["actor","location"], got "region" (edge edge_hist_territory_region_6_hist_culture_2)
[GraphSchema] Edge "belongs_to" source should be ["actor","location"], got "region" (edge edge_hist_territory_region_10_hist_culture_0)
[GraphSchema] Edge "belongs_to" source should be ["actor","location"], got "region" (edge edge_hist_territory_region_1_hist_culture_2)
[GraphSchema] Edge "belongs_to" source should be ["actor","location"], got "region" (edge edge_hist_territory_region_5_hist_culture_0)

[90mstdout[2m | src/engine/__tests__/orchestrator-divine.test.ts[2m > [22m[2mphaseDivineInfluenceDecay[2m > [22m[2mhandles actors with no divine influences gracefully
[22m[39m[WorldGen] Pass 'province' completed in 1.7ms
[WorldGen] Pass 'elevation' completed in 2.7ms
[WorldGen] Pass 'coastline' completed in 4.9ms
[WorldGen] Pass 'climate' completed in 2.7ms
[WorldGen] Pass 'hydrology' completed in 0.9ms
[WorldGen] Pass 'tempReassess' completed in 0.0ms
[WorldGen] Pass 'biome' completed in 0.4ms
[WorldGen] Culture terrain nudge: 42 hexes modified
[WorldGen] Pass 'cultureTerrainNudge' completed in 0.1ms
[WorldGen] Pass 'smoothing' completed in 0.7ms
[WorldGen] Pass 'validation' completed in 0.6ms

stderr | src/engine/__tests__/orchestrator-divine.test.ts > phaseDivineInfluenceDecay > handles actors with no divine influences gracefully
[WorldGen] Validation errors: [ 'Ocean fraction too low: 7.4%' ]
[GraphSchema] Edge "belongs_to" source should be ["actor","location"], got "region" (edge edge_hist_territory_region_15_hist_culture_0)
[GraphSchema] Edge "belongs_to" source should be ["actor","location"], got "region" (edge edge_hist_territory_region_19_hist_culture_1)
[GraphSchema] Edge "belongs_to" source should be ["actor","location"], got "region" (edge edge_hist_territory_region_3_hist_culture_2)
[GraphSchema] Edge "belongs_to" source should be ["actor","location"], got "region" (edge edge_hist_territory_region_13_hist_culture_0)
[GraphSchema] Edge "belongs_to" source should be ["actor","location"], got "region" (edge edge_hist_territory_region_14_hist_culture_1)
[GraphSchema] Edge "belongs_to" source should be ["actor","location"], got "region" (edge edge_hist_territory_region_12_hist_culture_2)
[GraphSchema] Edge "belongs_to" source should be ["actor","location"], got "region" (edge edge_hist_territory_region_16_hist_culture_0)
[GraphSchema] Edge "belongs_to" source should be ["actor","location"], got "region" (edge edge_hist_territory_region_18_hist_culture_1)
[GraphSchema] Edge "belongs_to" source should be ["actor","location"], got "region" (edge edge_hist_territory_region_17_hist_culture_2)
[GraphSchema] Edge "belongs_to" source should be ["actor","location"], got "region" (edge edge_hist_territory_region_7_hist_culture_0)
[GraphSchema] Edge "belongs_to" source should be ["actor","location"], got "region" (edge edge_hist_territory_region_9_hist_culture_2)
[GraphSchema] Edge "belongs_to" source should be ["actor","location"], got "region" (edge edge_hist_territory_region_11_hist_culture_0)
[GraphSchema] Edge "belongs_to" source should be ["actor","location"], got "region" (edge edge_hist_territory_region_2_hist_culture_2)
[GraphSchema] Edge "belongs_to" source should be ["actor","location"], got "region" (edge edge_hist_territory_region_0_hist_culture_0)
[GraphSchema] Edge "belongs_to" source should be ["actor","location"], got "region" (edge edge_hist_territory_region_6_hist_culture_2)
[GraphSchema] Edge "belongs_to" source should be ["actor","location"], got "region" (edge edge_hist_territory_region_10_hist_culture_0)
[GraphSchema] Edge "belongs_to" source should be ["actor","location"], got "region" (edge edge_hist_territory_region_1_hist_culture_2)
[GraphSchema] Edge "belongs_to" source should be ["actor","location"], got "region" (edge edge_hist_territory_region_5_hist_culture_0)

stderr | src/engine/__tests__/traceBuffer-orchestrator.test.ts > orchestrator tick_summary trace > tick_summary includes event counts per phase
[GraphSchema] Edge "belongs_to" source should be ["actor","location"], got "region" (edge edge_hist_territory_region_0_hist_culture_0)
[Orchestrator] Tick crashed, returning previous state: Error: Trait not found: trait.reputation.power.renown
    at assignTrait (C:/Users/chris/Dev/Projects/TheFantasyWorldSimulator/src/engine/traits.ts:44:25)
    at syncReputationTrait (C:/Users/chris/Dev/Projects/TheFantasyWorldSimulator/src/engine/phaseReputationTraits.ts:297:5)
    at phaseReputationTraits (C:/Users/chris/Dev/Projects/TheFantasyWorldSimulator/src/engine/phaseReputationTraits.ts:273:7)
    at runTick (C:/Users/chris/Dev/Projects/TheFantasyWorldSimulator/src/engine/orchestrator.ts:1896:18)
    at C:/Users/chris/Dev/Projects/TheFantasyWorldSimulator/src/engine/__tests__/traceBuffer-orchestrator.test.ts:180:13
    at file:///C:/Users/chris/Dev/Projects/TheFantasyWorldSimulator/node_modules/@vitest/runner/dist/index.js:145:11
    at file:///C:/Users/chris/Dev/Projects/TheFantasyWorldSimulator/node_modules/@vitest/runner/dist/index.js:915:26
    at file:///C:/Users/chris/Dev/Projects/TheFantasyWorldSimulator/node_modules/@vitest/runner/dist/index.js:1243:20
    at new Promise (<anonymous>)
    at runWithTimeout (file:///C:/Users/chris/Dev/Projects/TheFantasyWorldSimulator/node_modules/@vitest/runner/dist/index.js:1209:10)

 [32m✓[39m src/components/Game/__tests__/EncounterVeil.test.tsx [2m([22m[2m22 tests[22m[2m)[22m[33m 1015[2mms[22m[39m
[90mstdout[2m | src/engine/__tests__/contracts/mutation-observability.contract.test.ts[2m > [22m[2mMutation Observability — Cache Invalidation Contracts[2m > [22m[2mensureEncounterCache rebuilds when structuralCacheVersion advances
[22m[39m[WorldGen] Pass 'province' completed in 4.4ms
[WorldGen] Pass 'elevation' completed in 5.3ms
[WorldGen] Pass 'coastline' completed in 25.6ms
[WorldGen] Pass 'climate' completed in 33.6ms
[WorldGen] Pass 'hydrology' completed in 21.3ms
[WorldGen] Pass 'tempReassess' completed in 0.8ms
[WorldGen] Pass 'biome' completed in 37.7ms
[WorldGen] Culture terrain nudge: 3 hexes modified
[WorldGen] Pass 'cultureTerrainNudge' completed in 6.0ms
[WorldGen] Pass 'smoothing' completed in 6.4ms
[WorldGen] Pass 'validation' completed in 25.0ms

[90mstdout[2m | src/engine/__tests__/familiarity-integration.test.ts[2m > [22m[2mfamiliarity integration[2m > [22m[2mfamiliarity gain emits trace
[22m[39m[WorldGen] Pass 'province' completed in 1.3ms
[WorldGen] Pass 'elevation' completed in 1.2ms
[WorldGen] Pass 'coastline' completed in 0.9ms
[WorldGen] Pass 'climate' completed in 2.4ms
[WorldGen] Pass 'hydrology' completed in 1.5ms
[WorldGen] Pass 'tempReassess' completed in 0.1ms
[WorldGen] Pass 'biome' completed in 0.3ms
[WorldGen] Culture terrain nudge: 3 hexes modified
[WorldGen] Pass 'cultureTerrainNudge' completed in 13.1ms
[WorldGen] Pass 'smoothing' completed in 0.7ms
[WorldGen] Pass 'validation' completed in 1.1ms

[90mstdout[2m | src/engine/__tests__/orchestrator-divine.test.ts[2m > [22m[2mphaseDivineInfluenceDecay[2m > [22m[2mhandles multiple divine influences on same actor
[22m[39m[WorldGen] Pass 'province' completed in 1.7ms
[WorldGen] Pass 'elevation' completed in 2.4ms
[WorldGen] Pass 'coastline' completed in 2.3ms
[WorldGen] Pass 'climate' completed in 3.6ms
[WorldGen] Pass 'hydrology' completed in 1.2ms
[WorldGen] Pass 'tempReassess' completed in 0.1ms
[WorldGen] Pass 'biome' completed in 0.3ms
[WorldGen] Culture terrain nudge: 42 hexes modified
[WorldGen] Pass 'cultureTerrainNudge' completed in 0.1ms
[WorldGen] Pass 'smoothing' completed in 2.0ms
[WorldGen] Pass 'validation' completed in 1.0ms

stderr | src/engine/__tests__/contracts/mutation-observability.contract.test.ts > Mutation Observability — Cache Invalidation Contracts > ensureEncounterCache rebuilds when structuralCacheVersion advances
[WorldGen] Validation errors: [
  'Ocean fraction too low: 4.7%',
  'Drainage guarantee violated: some land hexes have no downhill path to the sea'
]
[GraphSchema] Edge "belongs_to" source should be ["actor","location"], got "region" (edge edge_hist_territory_region_1_hist_culture_0)
[GraphSchema] Edge "belongs_to" source should be ["actor","location"], got "region" (edge edge_hist_territory_region_6_hist_culture_1)
[GraphSchema] Edge "belongs_to" source should be ["actor","location"], got "region" (edge edge_hist_territory_region_4_hist_culture_2)
[GraphSchema] Edge "belongs_to" source should be ["actor","location"], got "region" (edge edge_hist_territory_region_2_hist_culture_0)
[GraphSchema] Edge "belongs_to" source should be ["actor","location"], got "region" (edge edge_hist_territory_region_5_hist_culture_1)
[GraphSchema] Edge "belongs_to" source should be ["actor","location"], got "region" (edge edge_hist_territory_region_3_hist_culture_0)
[GraphSchema] Edge "belongs_to" source should be ["actor","location"], got "region" (edge edge_hist_territory_region_8_hist_culture_1)
[GraphSchema] Edge "belongs_to" source should be ["actor","location"], got "region" (edge edge_hist_territory_region_0_hist_culture_0)
[GraphSchema] Edge "belongs_to" source should be ["actor","location"], got "region" (edge edge_hist_territory_region_7_hist_culture_1)

stderr | src/engine/__tests__/familiarity-integration.test.ts > familiarity integration > familiarity gain emits trace
[WorldGen] Validation errors: [
  'Ocean fraction too low: 4.7%',
  'Drainage guarantee violated: some land hexes have no downhill path to the sea'
]
[GraphSchema] Edge "belongs_to" source should be ["actor","location"], got "region" (edge edge_hist_territory_region_1_hist_culture_0)
[GraphSchema] Edge "belongs_to" source should be ["actor","location"], got "region" (edge edge_hist_territory_region_6_hist_culture_1)
[GraphSchema] Edge "belongs_to" source should be ["actor","location"], got "region" (edge edge_hist_territory_region_4_hist_culture_2)
[GraphSchema] Edge "belongs_to" source should be ["actor","location"], got "region" (edge edge_hist_territory_region_2_hist_culture_0)
[GraphSchema] Edge "belongs_to" source should be ["actor","location"], got "region" (edge edge_hist_territory_region_5_hist_culture_1)
[GraphSchema] Edge "belongs_to" source should be ["actor","location"], got "region" (edge edge_hist_territory_region_3_hist_culture_0)
[GraphSchema] Edge "belongs_to" source should be ["actor","location"], got "region" (edge edge_hist_territory_region_8_hist_culture_1)
[GraphSchema] Edge "belongs_to" source should be ["actor","location"], got "region" (edge edge_hist_territory_region_0_hist_culture_0)
[GraphSchema] Edge "belongs_to" source should be ["actor","location"], got "region" (edge edge_hist_territory_region_7_hist_culture_1)

stderr | src/engine/__tests__/orchestrator-divine.test.ts > phaseDivineInfluenceDecay > handles multiple divine influences on same actor
[WorldGen] Validation errors: [ 'Ocean fraction too low: 7.4%' ]
[GraphSchema] Edge "belongs_to" source should be ["actor","location"], got "region" (edge edge_hist_territory_region_15_hist_culture_0)
[GraphSchema] Edge "belongs_to" source should be ["actor","location"], got "region" (edge edge_hist_territory_region_19_hist_culture_1)
[GraphSchema] Edge "belongs_to" source should be ["actor","location"], got "region" (edge edge_hist_territory_region_3_hist_culture_2)
[GraphSchema] Edge "belongs_to" source should be ["actor","location"], got "region" (edge edge_hist_territory_region_13_hist_culture_0)
[GraphSchema] Edge "belongs_to" source should be ["actor","location"], got "region" (edge edge_hist_territory_region_14_hist_culture_1)
[GraphSchema] Edge "belongs_to" source should be ["actor","location"], got "region" (edge edge_hist_territory_region_12_hist_culture_2)
[GraphSchema] Edge "belongs_to" source should be ["actor","location"], got "region" (edge edge_hist_territory_region_16_hist_culture_0)
[GraphSchema] Edge "belongs_to" source should be ["actor","location"], got "region" (edge edge_hist_territory_region_18_hist_culture_1)
[GraphSchema] Edge "belongs_to" source should be ["actor","location"], got "region" (edge edge_hist_territory_region_17_hist_culture_2)
[GraphSchema] Edge "belongs_to" source should be ["actor","location"], got "region" (edge edge_hist_territory_region_7_hist_culture_0)
[GraphSchema] Edge "belongs_to" source should be ["actor","location"], got "region" (edge edge_hist_territory_region_9_hist_culture_2)
[GraphSchema] Edge "belongs_to" source should be ["actor","location"], got "region" (edge edge_hist_territory_region_11_hist_culture_0)
[GraphSchema] Edge "belongs_to" source should be ["actor","location"], got "region" (edge edge_hist_territory_region_2_hist_culture_2)
[GraphSchema] Edge "belongs_to" source should be ["actor","location"], got "region" (edge edge_hist_territory_region_0_hist_culture_0)
[GraphSchema] Edge "belongs_to" source should be ["actor","location"], got "region" (edge edge_hist_territory_region_6_hist_culture_2)
[GraphSchema] Edge "belongs_to" source should be ["actor","location"], got "region" (edge edge_hist_territory_region_10_hist_culture_0)
[GraphSchema] Edge "belongs_to" source should be ["actor","location"], got "region" (edge edge_hist_territory_region_1_hist_culture_2)
[GraphSchema] Edge "belongs_to" source should be ["actor","location"], got "region" (edge edge_hist_territory_region_5_hist_culture_0)

stderr | src/engine/__tests__/visibility-integration.test.ts > visibility integration > runTick recalculates visibility
[GraphSchema] Edge "belongs_to" source should be ["actor","location"], got "region" (edge edge_hist_territory_region_0_hist_culture_0)

[90mstdout[2m | src/engine/__tests__/interventionEffects-integration.test.ts[2m > [22m[2mintervention effects — full integration[2m > [22m[2mall 8 intervention types produce valid results
[22m[39m[WorldGen] Pass 'province' completed in 1.7ms
[WorldGen] Pass 'elevation' completed in 2.6ms
[WorldGen] Pass 'coastline' completed in 1.9ms
[WorldGen] Pass 'climate' completed in 3.2ms
[WorldGen] Pass 'hydrology' completed in 1.2ms
[WorldGen] Pass 'tempReassess' completed in 0.0ms
[WorldGen] Pass 'biome' completed in 0.4ms
[WorldGen] Culture terrain nudge: 42 hexes modified
[WorldGen] Pass 'cultureTerrainNudge' completed in 0.1ms
[WorldGen] Pass 'smoothing' completed in 0.7ms
[WorldGen] Pass 'validation' completed in 0.7ms

stderr | src/engine/__tests__/interventionEffects-integration.test.ts > intervention effects — full integration > all 8 intervention types produce valid results
[WorldGen] Validation errors: [ 'Ocean fraction too low: 7.4%' ]
[GraphSchema] Edge "belongs_to" source should be ["actor","location"], got "region" (edge edge_hist_territory_region_15_hist_culture_0)
[GraphSchema] Edge "belongs_to" source should be ["actor","location"], got "region" (edge edge_hist_territory_region_19_hist_culture_1)
[GraphSchema] Edge "belongs_to" source should be ["actor","location"], got "region" (edge edge_hist_territory_region_3_hist_culture_2)
[GraphSchema] Edge "belongs_to" source should be ["actor","location"], got "region" (edge edge_hist_territory_region_13_hist_culture_0)
[GraphSchema] Edge "belongs_to" source should be ["actor","location"], got "region" (edge edge_hist_territory_region_14_hist_culture_1)
[GraphSchema] Edge "belongs_to" source should be ["actor","location"], got "region" (edge edge_hist_territory_region_12_hist_culture_2)
[GraphSchema] Edge "belongs_to" source should be ["actor","location"], got "region" (edge edge_hist_territory_region_16_hist_culture_0)
[GraphSchema] Edge "belongs_to" source should be ["actor","location"], got "region" (edge edge_hist_territory_region_18_hist_culture_1)
[GraphSchema] Edge "belongs_to" source should be ["actor","location"], got "region" (edge edge_hist_territory_region_17_hist_culture_2)
[GraphSchema] Edge "belongs_to" source should be ["actor","location"], got "region" (edge edge_hist_territory_region_7_hist_culture_0)
[GraphSchema] Edge "belongs_to" source should be ["actor","location"], got "region" (edge edge_hist_territory_region_9_hist_culture_2)
[GraphSchema] Edge "belongs_to" source should be ["actor","location"], got "region" (edge edge_hist_territory_region_11_hist_culture_0)
[GraphSchema] Edge "belongs_to" source should be ["actor","location"], got "region" (edge edge_hist_territory_region_2_hist_culture_2)
[GraphSchema] Edge "belongs_to" source should be ["actor","location"], got "region" (edge edge_hist_territory_region_0_hist_culture_0)
[GraphSchema] Edge "belongs_to" source should be ["actor","location"], got "region" (edge edge_hist_territory_region_6_hist_culture_2)
[GraphSchema] Edge "belongs_to" source should be ["actor","location"], got "region" (edge edge_hist_territory_region_10_hist_culture_0)
[GraphSchema] Edge "belongs_to" source should be ["actor","location"], got "region" (edge edge_hist_territory_region_1_hist_culture_2)
[GraphSchema] Edge "belongs_to" source should be ["actor","location"], got "region" (edge edge_hist_territory_region_5_hist_culture_0)

[90mstdout[2m | src/engine/__tests__/familiarity-integration.test.ts[2m > [22m[2mfamiliarity integration[2m > [22m[2mfamiliarity threshold crossing emits levelChanged flag
[22m[39m[WorldGen] Pass 'province' completed in 0.7ms
[WorldGen] Pass 'elevation' completed in 1.6ms
[WorldGen] Pass 'coastline' completed in 0.6ms
[WorldGen] Pass 'climate' completed in 1.1ms
[WorldGen] Pass 'hydrology' completed in 0.6ms
[WorldGen] Pass 'tempReassess' completed in 0.1ms
[WorldGen] Pass 'biome' completed in 0.1ms
[WorldGen] Culture terrain nudge: 3 hexes modified
[WorldGen] Pass 'cultureTerrainNudge' completed in 0.0ms
[WorldGen] Pass 'smoothing' completed in 0.5ms
[WorldGen] Pass 'validation' completed in 0.6ms

stderr | src/engine/__tests__/familiarity-integration.test.ts > familiarity integration > familiarity threshold crossing emits levelChanged flag
[WorldGen] Validation errors: [
  'Ocean fraction too low: 4.7%',
  'Drainage guarantee violated: some land hexes have no downhill path to the sea'
]
[GraphSchema] Edge "belongs_to" source should be ["actor","location"], got "region" (edge edge_hist_territory_region_1_hist_culture_0)
[GraphSchema] Edge "belongs_to" source should be ["actor","location"], got "region" (edge edge_hist_territory_region_6_hist_culture_1)
[GraphSchema] Edge "belongs_to" source should be ["actor","location"], got "region" (edge edge_hist_territory_region_4_hist_culture_2)
[GraphSchema] Edge "belongs_to" source should be ["actor","location"], got "region" (edge edge_hist_territory_region_2_hist_culture_0)
[GraphSchema] Edge "belongs_to" source should be ["actor","location"], got "region" (edge edge_hist_territory_region_5_hist_culture_1)
[GraphSchema] Edge "belongs_to" source should be ["actor","location"], got "region" (edge edge_hist_territory_region_3_hist_culture_0)
[GraphSchema] Edge "belongs_to" source should be ["actor","location"], got "region" (edge edge_hist_territory_region_8_hist_culture_1)
[GraphSchema] Edge "belongs_to" source should be ["actor","location"], got "region" (edge edge_hist_territory_region_0_hist_culture_0)
[GraphSchema] Edge "belongs_to" source should be ["actor","location"], got "region" (edge edge_hist_territory_region_7_hist_culture_1)

 [32m✓[39m src/components/Game/__tests__/ScryOverlay.test.tsx [2m([22m[2m21 tests[22m[2m)[22m[33m 879[2mms[22m[39m
 [32m✓[39m src/components/Game/__tests__/StrandView.test.tsx [2m([22m[2m14 tests[22m[2m)[22m[33m 1025[2mms[22m[39m
[90mstdout[2m | src/engine/worldgen/__tests__/elevation.test.ts[2m > [22m[2mElevation generation[2m > [22m[2msea level produces >10% land and >10% ocean on medium grid
[22m[39m[WorldGen] Pass 'province' completed in 9.3ms
[WorldGen] Pass 'elevation' completed in 71.4ms
[WorldGen] Pass 'coastline' completed in 18.8ms
[WorldGen] Pass 'climate' completed in 68.9ms
[WorldGen] Pass 'hydrology' completed in 7.1ms
[WorldGen] Pass 'tempReassess' completed in 1.3ms
[WorldGen] Pass 'biome' completed in 1.8ms
[WorldGen] Culture terrain nudge: 129 hexes modified
[WorldGen] Pass 'cultureTerrainNudge' completed in 0.4ms
[WorldGen] Pass 'smoothing' completed in 20.7ms
[WorldGen] Pass 'validation' completed in 28.2ms

stderr | src/engine/__tests__/traceBuffer-orchestrator.test.ts > orchestrator tick_summary trace > tick_summary includes essence and mandate data
[GraphSchema] Edge "belongs_to" source should be ["actor","location"], got "region" (edge edge_hist_territory_region_0_hist_culture_0)
[Orchestrator] Tick crashed, returning previous state: Error: Trait not found: trait.reputation.power.renown
    at assignTrait (C:/Users/chris/Dev/Projects/TheFantasyWorldSimulator/src/engine/traits.ts:44:25)
    at syncReputationTrait (C:/Users/chris/Dev/Projects/TheFantasyWorldSimulator/src/engine/phaseReputationTraits.ts:297:5)
    at phaseReputationTraits (C:/Users/chris/Dev/Projects/TheFantasyWorldSimulator/src/engine/phaseReputationTraits.ts:273:7)
    at runTick (C:/Users/chris/Dev/Projects/TheFantasyWorldSimulator/src/engine/orchestrator.ts:1896:18)
    at C:/Users/chris/Dev/Projects/TheFantasyWorldSimulator/src/engine/__tests__/traceBuffer-orchestrator.test.ts:189:13
    at file:///C:/Users/chris/Dev/Projects/TheFantasyWorldSimulator/node_modules/@vitest/runner/dist/index.js:145:11
    at file:///C:/Users/chris/Dev/Projects/TheFantasyWorldSimulator/node_modules/@vitest/runner/dist/index.js:915:26
    at file:///C:/Users/chris/Dev/Projects/TheFantasyWorldSimulator/node_modules/@vitest/runner/dist/index.js:1243:20
    at new Promise (<anonymous>)
    at runWithTimeout (file:///C:/Users/chris/Dev/Projects/TheFantasyWorldSimulator/node_modules/@vitest/runner/dist/index.js:1209:10)

[90mstdout[2m | src/engine/__tests__/interventionEffects-integration.test.ts[2m > [22m[2mintervention effects — full integration[2m > [22m[2mmultiple interventions on same actor accumulate in influence list
[22m[39m[WorldGen] Pass 'province' completed in 2.0ms
[WorldGen] Pass 'elevation' completed in 2.4ms
[WorldGen] Pass 'coastline' completed in 1.0ms
[WorldGen] Pass 'climate' completed in 3.6ms
[WorldGen] Pass 'hydrology' completed in 1.1ms
[WorldGen] Pass 'tempReassess' completed in 0.1ms
[WorldGen] Pass 'biome' completed in 0.3ms
[WorldGen] Culture terrain nudge: 42 hexes modified
[WorldGen] Pass 'cultureTerrainNudge' completed in 0.1ms
[WorldGen] Pass 'smoothing' completed in 0.7ms
[WorldGen] Pass 'validation' completed in 0.6ms

stderr | src/engine/__tests__/interventionEffects-integration.test.ts > intervention effects — full integration > multiple interventions on same actor accumulate in influence list
[WorldGen] Validation errors: [ 'Ocean fraction too low: 7.4%' ]
[GraphSchema] Edge "belongs_to" source should be ["actor","location"], got "region" (edge edge_hist_territory_region_15_hist_culture_0)
[GraphSchema] Edge "belongs_to" source should be ["actor","location"], got "region" (edge edge_hist_territory_region_19_hist_culture_1)
[GraphSchema] Edge "belongs_to" source should be ["actor","location"], got "region" (edge edge_hist_territory_region_3_hist_culture_2)
[GraphSchema] Edge "belongs_to" source should be ["actor","location"], got "region" (edge edge_hist_territory_region_13_hist_culture_0)
[GraphSchema] Edge "belongs_to" source should be ["actor","location"], got "region" (edge edge_hist_territory_region_14_hist_culture_1)
[GraphSchema] Edge "belongs_to" source should be ["actor","location"], got "region" (edge edge_hist_territory_region_12_hist_culture_2)
[GraphSchema] Edge "belongs_to" source should be ["actor","location"], got "region" (edge edge_hist_territory_region_16_hist_culture_0)
[GraphSchema] Edge "belongs_to" source should be ["actor","location"], got "region" (edge edge_hist_territory_region_18_hist_culture_1)
[GraphSchema] Edge "belongs_to" source should be ["actor","location"], got "region" (edge edge_hist_territory_region_17_hist_culture_2)
[GraphSchema] Edge "belongs_to" source should be ["actor","location"], got "region" (edge edge_hist_territory_region_7_hist_culture_0)
[GraphSchema] Edge "belongs_to" source should be ["actor","location"], got "region" (edge edge_hist_territory_region_9_hist_culture_2)
[GraphSchema] Edge "belongs_to" source should be ["actor","location"], got "region" (edge edge_hist_territory_region_11_hist_culture_0)
[GraphSchema] Edge "belongs_to" source should be ["actor","location"], got "region" (edge edge_hist_territory_region_2_hist_culture_2)
[GraphSchema] Edge "belongs_to" source should be ["actor","location"], got "region" (edge edge_hist_territory_region_0_hist_culture_0)
[GraphSchema] Edge "belongs_to" source should be ["actor","location"], got "region" (edge edge_hist_territory_region_6_hist_culture_2)
[GraphSchema] Edge "belongs_to" source should be ["actor","location"], got "region" (edge edge_hist_territory_region_10_hist_culture_0)
[GraphSchema] Edge "belongs_to" source should be ["actor","location"], got "region" (edge edge_hist_territory_region_1_hist_culture_2)
[GraphSchema] Edge "belongs_to" source should be ["actor","location"], got "region" (edge edge_hist_territory_region_5_hist_culture_0)

 [31m❯[39m src/engine/__tests__/traceBuffer-orchestrator.test.ts [2m([22m[2m5 tests[22m[2m | [22m[31m3 failed[39m[2m)[22m[33m 723[2mms[22m[39m
     [33m[2m✓[22m[39m emits tick_summary trace after each tick [33m 329[2mms[22m[39m
[31m     [31m×[31m tick_summary has human-readable summary[39m[32m 123[2mms[22m[39m
     [32m✓[39m does not emit tick_summary when tracing is disabled[32m 101[2mms[22m[39m
[31m     [31m×[31m tick_summary includes event counts per phase[39m[32m 52[2mms[22m[39m
[31m     [31m×[31m tick_summary includes essence and mandate data[39m[32m 116[2mms[22m[39m
[90mstdout[2m | src/engine/__tests__/familiarity-integration.test.ts[2m > [22m[2mfamiliarity integration[2m > [22m[2magents in avatar hex gain proximity familiarity
[22m[39m[WorldGen] Pass 'province' completed in 0.5ms
[WorldGen] Pass 'elevation' completed in 1.0ms
[WorldGen] Pass 'coastline' completed in 2.5ms
[WorldGen] Pass 'climate' completed in 1.3ms
[WorldGen] Pass 'hydrology' completed in 0.7ms
[WorldGen] Pass 'tempReassess' completed in 0.1ms
[WorldGen] Pass 'biome' completed in 0.1ms
[WorldGen] Culture terrain nudge: 3 hexes modified
[WorldGen] Pass 'cultureTerrainNudge' completed in 0.1ms
[WorldGen] Pass 'smoothing' completed in 1.2ms
[WorldGen] Pass 'validation' completed in 0.3ms

stderr | src/engine/__tests__/familiarity-integration.test.ts > familiarity integration > agents in avatar hex gain proximity familiarity
[WorldGen] Validation errors: [
  'Ocean fraction too low: 4.7%',
  'Drainage guarantee violated: some land hexes have no downhill path to the sea'
]
[GraphSchema] Edge "belongs_to" source should be ["actor","location"], got "region" (edge edge_hist_territory_region_1_hist_culture_0)
[GraphSchema] Edge "belongs_to" source should be ["actor","location"], got "region" (edge edge_hist_territory_region_6_hist_culture_1)
[GraphSchema] Edge "belongs_to" source should be ["actor","location"], got "region" (edge edge_hist_territory_region_4_hist_culture_2)
[GraphSchema] Edge "belongs_to" source should be ["actor","location"], got "region" (edge edge_hist_territory_region_2_hist_culture_0)
[GraphSchema] Edge "belongs_to" source should be ["actor","location"], got "region" (edge edge_hist_territory_region_5_hist_culture_1)
[GraphSchema] Edge "belongs_to" source should be ["actor","location"], got "region" (edge edge_hist_territory_region_3_hist_culture_0)
[GraphSchema] Edge "belongs_to" source should be ["actor","location"], got "region" (edge edge_hist_territory_region_8_hist_culture_1)
[GraphSchema] Edge "belongs_to" source should be ["actor","location"], got "region" (edge edge_hist_territory_region_0_hist_culture_0)
[GraphSchema] Edge "belongs_to" source should be ["actor","location"], got "region" (edge edge_hist_territory_region_7_hist_culture_1)

 [31m❯[39m src/engine/__tests__/familiarity-integration.test.ts [2m([22m[2m7 tests[22m[2m | [22m[31m7 failed[39m[2m)[22m[33m 844[2mms[22m[39m
[31m     [31m×[31m initializes familiarity map in GameState[39m[32m 300[2mms[22m[39m
[31m     [31m×[31m game starts with empty familiarity map (no initial threads)[39m[32m 164[2mms[22m[39m
[31m     [31m×[31m threaded retinue member has correct familiarity[39m[32m 134[2mms[22m[39m
[31m     [31m×[31m proximity phase increases familiarity for agents in avatar hex[39m[32m 43[2mms[22m[39m
[31m     [31m×[31m familiarity gain emits trace[39m[32m 83[2mms[22m[39m
[31m     [31m×[31m familiarity threshold crossing emits levelChanged flag[39m[32m 36[2mms[22m[39m
[31m     [31m×[31m agents in avatar hex gain proximity familiarity[39m[32m 80[2mms[22m[39m
[90mstdout[2m | src/engine/worldgen/__tests__/elevation.test.ts[2m > [22m[2mElevation generation[2m > [22m[2mdeterminism: same seed produces identical elevation array
[22m[39m[WorldGen] Pass 'province' completed in 1.0ms
[WorldGen] Pass 'elevation' completed in 1.0ms
[WorldGen] Pass 'coastline' completed in 1.1ms
[WorldGen] Pass 'climate' completed in 1.6ms
[WorldGen] Pass 'hydrology' completed in 0.8ms
[WorldGen] Pass 'tempReassess' completed in 0.1ms
[WorldGen] Pass 'biome' completed in 0.1ms
[WorldGen] Culture terrain nudge: 0 hexes modified
[WorldGen] Pass 'cultureTerrainNudge' completed in 0.0ms
[WorldGen] Pass 'smoothing' completed in 0.6ms
[WorldGen] Pass 'validation' completed in 0.5ms
[WorldGen] Pass 'province' completed in 0.7ms
[WorldGen] Pass 'elevation' completed in 1.1ms
[WorldGen] Pass 'coastline' completed in 1.1ms
[WorldGen] Pass 'climate' completed in 1.3ms
[WorldGen] Pass 'hydrology' completed in 0.5ms
[WorldGen] Pass 'tempReassess' completed in 0.1ms
[WorldGen] Pass 'biome' completed in 0.1ms
[WorldGen] Culture terrain nudge: 0 hexes modified
[WorldGen] Pass 'cultureTerrainNudge' completed in 0.0ms
[WorldGen] Pass 'smoothing' completed in 0.5ms
[WorldGen] Pass 'validation' completed in 1.8ms

[90mstdout[2m | src/engine/__tests__/coastline-integration.test.ts[2m > [22m[2mcoastline integration[2m > [22m[2mdeterministic across multiple calls
[22m[39m[WorldGen] Pass 'province' completed in 3.4ms
[WorldGen] Pass 'elevation' completed in 7.9ms
[WorldGen] Pass 'coastline' completed in 13.7ms
[WorldGen] Pass 'climate' completed in 5.7ms
[WorldGen] Pass 'hydrology' completed in 1.0ms
[WorldGen] Pass 'tempReassess' completed in 0.0ms
[WorldGen] Pass 'biome' completed in 0.4ms
[WorldGen] Culture terrain nudge: 0 hexes modified
[WorldGen] Pass 'cultureTerrainNudge' completed in 0.1ms
[WorldGen] Pass 'smoothing' completed in 0.8ms
[WorldGen] Pass 'validation' completed in 1.7ms

[90mstdout[2m | src/engine/__tests__/contracts/mutation-observability.contract.test.ts[2m > [22m[2mMutation Observability — Cache Invalidation Contracts[2m > [22m[2mensureDistanceMatrix rebuilds when structuralCacheVersion advances
[22m[39m[WorldGen] Pass 'province' completed in 27.6ms
[WorldGen] Pass 'elevation' completed in 1.9ms
[WorldGen] Pass 'coastline' completed in 1.0ms
[WorldGen] Pass 'climate' completed in 3.5ms
[WorldGen] Pass 'hydrology' completed in 4.3ms
[WorldGen] Pass 'tempReassess' completed in 10.7ms
[WorldGen] Pass 'biome' completed in 12.7ms
[WorldGen] Culture terrain nudge: 3 hexes modified
[WorldGen] Pass 'cultureTerrainNudge' completed in 0.1ms
[WorldGen] Pass 'smoothing' completed in 0.5ms
[WorldGen] Pass 'validation' completed in 3.0ms

stderr | src/engine/__tests__/contracts/mutation-observability.contract.test.ts > Mutation Observability — Cache Invalidation Contracts > ensureDistanceMatrix rebuilds when structuralCacheVersion advances
[WorldGen] Validation errors: [
  'Ocean fraction too low: 4.7%',
  'Drainage guarantee violated: some land hexes have no downhill path to the sea'
]
[GraphSchema] Edge "belongs_to" source should be ["actor","location"], got "region" (edge edge_hist_territory_region_1_hist_culture_0)
[GraphSchema] Edge "belongs_to" source should be ["actor","location"], got "region" (edge edge_hist_territory_region_6_hist_culture_1)
[GraphSchema] Edge "belongs_to" source should be ["actor","location"], got "region" (edge edge_hist_territory_region_4_hist_culture_2)
[GraphSchema] Edge "belongs_to" source should be ["actor","location"], got "region" (edge edge_hist_territory_region_2_hist_culture_0)
[GraphSchema] Edge "belongs_to" source should be ["actor","location"], got "region" (edge edge_hist_territory_region_5_hist_culture_1)
[GraphSchema] Edge "belongs_to" source should be ["actor","location"], got "region" (edge edge_hist_territory_region_3_hist_culture_0)
[GraphSchema] Edge "belongs_to" source should be ["actor","location"], got "region" (edge edge_hist_territory_region_8_hist_culture_1)
[GraphSchema] Edge "belongs_to" source should be ["actor","location"], got "region" (edge edge_hist_territory_region_0_hist_culture_0)
[GraphSchema] Edge "belongs_to" source should be ["actor","location"], got "region" (edge edge_hist_territory_region_7_hist_culture_1)

[90mstdout[2m | src/engine/worldgen/__tests__/elevation.test.ts[2m > [22m[2mElevation generation[2m > [22m[2mdeterminism: same seed produces identical ridges
[22m[39m[WorldGen] Pass 'province' completed in 0.6ms
[WorldGen] Pass 'elevation' completed in 2.1ms
[WorldGen] Pass 'coastline' completed in 1.3ms
[WorldGen] Pass 'climate' completed in 1.2ms
[WorldGen] Pass 'hydrology' completed in 0.7ms
[WorldGen] Pass 'tempReassess' completed in 0.1ms
[WorldGen] Pass 'biome' completed in 0.1ms
[WorldGen] Culture terrain nudge: 0 hexes modified
[WorldGen] Pass 'cultureTerrainNudge' completed in 0.0ms
[WorldGen] Pass 'smoothing' completed in 0.4ms
[WorldGen] Pass 'validation' completed in 0.3ms
[WorldGen] Pass 'province' completed in 2.0ms
[WorldGen] Pass 'elevation' completed in 1.0ms
[WorldGen] Pass 'coastline' completed in 1.0ms
[WorldGen] Pass 'climate' completed in 1.2ms
[WorldGen] Pass 'hydrology' completed in 0.5ms
[WorldGen] Pass 'tempReassess' completed in 0.1ms
[WorldGen] Pass 'biome' completed in 0.1ms
[WorldGen] Culture terrain nudge: 0 hexes modified
[WorldGen] Pass 'cultureTerrainNudge' completed in 0.0ms
[WorldGen] Pass 'smoothing' completed in 0.6ms
[WorldGen] Pass 'validation' completed in 0.5ms

[90mstdout[2m | src/engine/worldgen/__tests__/elevation.test.ts[2m > [22m[2mElevation generation[2m > [22m[2msampleElevation at integer coords matches array value
[22m[39m[WorldGen] Pass 'province' completed in 1.2ms
[WorldGen] Pass 'elevation' completed in 1.0ms
[WorldGen] Pass 'coastline' completed in 1.0ms
[WorldGen] Pass 'climate' completed in 1.6ms
[WorldGen] Pass 'hydrology' completed in 0.4ms
[WorldGen] Pass 'tempReassess' completed in 0.1ms
[WorldGen] Pass 'biome' completed in 0.1ms
[WorldGen] Culture terrain nudge: 0 hexes modified
[WorldGen] Pass 'cultureTerrainNudge' completed in 0.0ms
[WorldGen] Pass 'smoothing' completed in 0.5ms
[WorldGen] Pass 'validation' completed in 0.5ms

[90mstdout[2m | src/engine/__tests__/interventionEffects-integration.test.ts[2m > [22m[2mintervention effects — full integration[2m > [22m[2mintervention with nonexistent target returns failure
[22m[39m[WorldGen] Pass 'province' completed in 1.6ms
[WorldGen] Pass 'elevation' completed in 2.9ms
[WorldGen] Pass 'coastline' completed in 1.3ms
[WorldGen] Pass 'climate' completed in 2.9ms
[WorldGen] Pass 'hydrology' completed in 0.8ms
[WorldGen] Pass 'tempReassess' completed in 0.4ms
[WorldGen] Pass 'biome' completed in 0.3ms
[WorldGen] Culture terrain nudge: 42 hexes modified
[WorldGen] Pass 'cultureTerrainNudge' completed in 0.1ms
[WorldGen] Pass 'smoothing' completed in 0.7ms
[WorldGen] Pass 'validation' completed in 0.5ms

stderr | src/engine/__tests__/interventionEffects-integration.test.ts > intervention effects — full integration > intervention with nonexistent target returns failure
[WorldGen] Validation errors: [ 'Ocean fraction too low: 7.4%' ]
[GraphSchema] Edge "belongs_to" source should be ["actor","location"], got "region" (edge edge_hist_territory_region_15_hist_culture_0)
[GraphSchema] Edge "belongs_to" source should be ["actor","location"], got "region" (edge edge_hist_territory_region_19_hist_culture_1)
[GraphSchema] Edge "belongs_to" source should be ["actor","location"], got "region" (edge edge_hist_territory_region_3_hist_culture_2)
[GraphSchema] Edge "belongs_to" source should be ["actor","location"], got "region" (edge edge_hist_territory_region_13_hist_culture_0)
[GraphSchema] Edge "belongs_to" source should be ["actor","location"], got "region" (edge edge_hist_territory_region_14_hist_culture_1)
[GraphSchema] Edge "belongs_to" source should be ["actor","location"], got "region" (edge edge_hist_territory_region_12_hist_culture_2)
[GraphSchema] Edge "belongs_to" source should be ["actor","location"], got "region" (edge edge_hist_territory_region_16_hist_culture_0)
[GraphSchema] Edge "belongs_to" source should be ["actor","location"], got "region" (edge edge_hist_territory_region_18_hist_culture_1)
[GraphSchema] Edge "belongs_to" source should be ["actor","location"], got "region" (edge edge_hist_territory_region_17_hist_culture_2)
[GraphSchema] Edge "belongs_to" source should be ["actor","location"], got "region" (edge edge_hist_territory_region_7_hist_culture_0)
[GraphSchema] Edge "belongs_to" source should be ["actor","location"], got "region" (edge edge_hist_territory_region_9_hist_culture_2)
[GraphSchema] Edge "belongs_to" source should be ["actor","location"], got "region" (edge edge_hist_territory_region_11_hist_culture_0)
[GraphSchema] Edge "belongs_to" source should be ["actor","location"], got "region" (edge edge_hist_territory_region_2_hist_culture_2)
[GraphSchema] Edge "belongs_to" source should be ["actor","location"], got "region" (edge edge_hist_territory_region_0_hist_culture_0)
[GraphSchema] Edge "belongs_to" source should be ["actor","location"], got "region" (edge edge_hist_territory_region_6_hist_culture_2)
[GraphSchema] Edge "belongs_to" source should be ["actor","location"], got "region" (edge edge_hist_territory_region_10_hist_culture_0)
[GraphSchema] Edge "belongs_to" source should be ["actor","location"], got "region" (edge edge_hist_territory_region_1_hist_culture_2)
[GraphSchema] Edge "belongs_to" source should be ["actor","location"], got "region" (edge edge_hist_territory_region_5_hist_culture_0)

[90mstdout[2m | src/engine/__tests__/contracts/mutation-observability.contract.test.ts[2m > [22m[2mMutation Observability — Cache Invalidation Contracts[2m > [22m[2mresetRuntimeCaches clears caches but preserves version counters
[22m[39m[WorldGen] Pass 'province' completed in 1.0ms
[WorldGen] Pass 'elevation' completed in 1.4ms
[WorldGen] Pass 'coastline' completed in 0.6ms
[WorldGen] Pass 'climate' completed in 2.0ms
[WorldGen] Pass 'hydrology' completed in 3.7ms
[WorldGen] Pass 'tempReassess' completed in 0.1ms
[WorldGen] Pass 'biome' completed in 0.3ms
[WorldGen] Culture terrain nudge: 3 hexes modified
[WorldGen] Pass 'cultureTerrainNudge' completed in 0.1ms
[WorldGen] Pass 'smoothing' completed in 0.4ms
[WorldGen] Pass 'validation' completed in 0.6ms

stderr | src/engine/__tests__/contracts/mutation-observability.contract.test.ts > Mutation Observability — Cache Invalidation Contracts > resetRuntimeCaches clears caches but preserves version counters
[WorldGen] Validation errors: [
  'Ocean fraction too low: 4.7%',
  'Drainage guarantee violated: some land hexes have no downhill path to the sea'
]
[GraphSchema] Edge "belongs_to" source should be ["actor","location"], got "region" (edge edge_hist_territory_region_1_hist_culture_0)
[GraphSchema] Edge "belongs_to" source should be ["actor","location"], got "region" (edge edge_hist_territory_region_6_hist_culture_1)
[GraphSchema] Edge "belongs_to" source should be ["actor","location"], got "region" (edge edge_hist_territory_region_4_hist_culture_2)
[GraphSchema] Edge "belongs_to" source should be ["actor","location"], got "region" (edge edge_hist_territory_region_2_hist_culture_0)
[GraphSchema] Edge "belongs_to" source should be ["actor","location"], got "region" (edge edge_hist_territory_region_5_hist_culture_1)
[GraphSchema] Edge "belongs_to" source should be ["actor","location"], got "region" (edge edge_hist_territory_region_3_hist_culture_0)
[GraphSchema] Edge "belongs_to" source should be ["actor","location"], got "region" (edge edge_hist_territory_region_8_hist_culture_1)
[GraphSchema] Edge "belongs_to" source should be ["actor","location"], got "region" (edge edge_hist_territory_region_0_hist_culture_0)
[GraphSchema] Edge "belongs_to" source should be ["actor","location"], got "region" (edge edge_hist_territory_region_7_hist_culture_1)

[90mstdout[2m | src/engine/__tests__/interventionEffects-integration.test.ts[2m > [22m[2mintervention effects — full integration[2m > [22m[2minspiration intervention creates personality boost and trait
[22m[39m[WorldGen] Pass 'province' completed in 1.7ms
[WorldGen] Pass 'elevation' completed in 2.4ms
[WorldGen] Pass 'coastline' completed in 2.3ms
[WorldGen] Pass 'climate' completed in 3.3ms
[WorldGen] Pass 'hydrology' completed in 0.9ms
[WorldGen] Pass 'tempReassess' completed in 0.0ms
[WorldGen] Pass 'biome' completed in 6.2ms
[WorldGen] Culture terrain nudge: 42 hexes modified
[WorldGen] Pass 'cultureTerrainNudge' completed in 0.1ms
[WorldGen] Pass 'smoothing' completed in 0.8ms
[WorldGen] Pass 'validation' completed in 0.5ms

stderr | src/engine/__tests__/interventionEffects-integration.test.ts > intervention effects — full integration > inspiration intervention creates personality boost and trait
[WorldGen] Validation errors: [ 'Ocean fraction too low: 7.4%' ]
[GraphSchema] Edge "belongs_to" source should be ["actor","location"], got "region" (edge edge_hist_territory_region_15_hist_culture_0)
[GraphSchema] Edge "belongs_to" source should be ["actor","location"], got "region" (edge edge_hist_territory_region_19_hist_culture_1)
[GraphSchema] Edge "belongs_to" source should be ["actor","location"], got "region" (edge edge_hist_territory_region_3_hist_culture_2)
[GraphSchema] Edge "belongs_to" source should be ["actor","location"], got "region" (edge edge_hist_territory_region_13_hist_culture_0)
[GraphSchema] Edge "belongs_to" source should be ["actor","location"], got "region" (edge edge_hist_territory_region_14_hist_culture_1)
[GraphSchema] Edge "belongs_to" source should be ["actor","location"], got "region" (edge edge_hist_territory_region_12_hist_culture_2)
[GraphSchema] Edge "belongs_to" source should be ["actor","location"], got "region" (edge edge_hist_territory_region_16_hist_culture_0)
[GraphSchema] Edge "belongs_to" source should be ["actor","location"], got "region" (edge edge_hist_territory_region_18_hist_culture_1)
[GraphSchema] Edge "belongs_to" source should be ["actor","location"], got "region" (edge edge_hist_territory_region_17_hist_culture_2)
[GraphSchema] Edge "belongs_to" source should be ["actor","location"], got "region" (edge edge_hist_territory_region_7_hist_culture_0)
[GraphSchema] Edge "belongs_to" source should be ["actor","location"], got "region" (edge edge_hist_territory_region_9_hist_culture_2)
[GraphSchema] Edge "belongs_to" source should be ["actor","location"], got "region" (edge edge_hist_territory_region_11_hist_culture_0)
[GraphSchema] Edge "belongs_to" source should be ["actor","location"], got "region" (edge edge_hist_territory_region_2_hist_culture_2)
[GraphSchema] Edge "belongs_to" source should be ["actor","location"], got "region" (edge edge_hist_territory_region_0_hist_culture_0)
[GraphSchema] Edge "belongs_to" source should be ["actor","location"], got "region" (edge edge_hist_territory_region_6_hist_culture_2)
[GraphSchema] Edge "belongs_to" source should be ["actor","location"], got "region" (edge edge_hist_territory_region_10_hist_culture_0)
[GraphSchema] Edge "belongs_to" source should be ["actor","location"], got "region" (edge edge_hist_territory_region_1_hist_culture_2)
[GraphSchema] Edge "belongs_to" source should be ["actor","location"], got "region" (edge edge_hist_territory_region_5_hist_culture_0)

[90mstdout[2m | src/engine/__tests__/interventionEffects-integration.test.ts[2m > [22m[2mintervention effects — full integration[2m > [22m[2mintimidate intervention applies strategy override
[22m[39m[WorldGen] Pass 'province' completed in 0.8ms
[WorldGen] Pass 'elevation' completed in 3.5ms
[WorldGen] Pass 'coastline' completed in 1.5ms
[WorldGen] Pass 'climate' completed in 2.9ms
[WorldGen] Pass 'hydrology' completed in 1.7ms
[WorldGen] Pass 'tempReassess' completed in 0.0ms
[WorldGen] Pass 'biome' completed in 0.4ms
[WorldGen] Culture terrain nudge: 42 hexes modified
[WorldGen] Pass 'cultureTerrainNudge' completed in 0.1ms
[WorldGen] Pass 'smoothing' completed in 0.7ms
[WorldGen] Pass 'validation' completed in 2.4ms

stderr | src/engine/__tests__/interventionEffects-integration.test.ts > intervention effects — full integration > intimidate intervention applies strategy override
[WorldGen] Validation errors: [ 'Ocean fraction too low: 7.4%' ]
[GraphSchema] Edge "belongs_to" source should be ["actor","location"], got "region" (edge edge_hist_territory_region_15_hist_culture_0)
[GraphSchema] Edge "belongs_to" source should be ["actor","location"], got "region" (edge edge_hist_territory_region_19_hist_culture_1)
[GraphSchema] Edge "belongs_to" source should be ["actor","location"], got "region" (edge edge_hist_territory_region_3_hist_culture_2)
[GraphSchema] Edge "belongs_to" source should be ["actor","location"], got "region" (edge edge_hist_territory_region_13_hist_culture_0)
[GraphSchema] Edge "belongs_to" source should be ["actor","location"], got "region" (edge edge_hist_territory_region_14_hist_culture_1)
[GraphSchema] Edge "belongs_to" source should be ["actor","location"], got "region" (edge edge_hist_territory_region_12_hist_culture_2)
[GraphSchema] Edge "belongs_to" source should be ["actor","location"], got "region" (edge edge_hist_territory_region_16_hist_culture_0)
[GraphSchema] Edge "belongs_to" source should be ["actor","location"], got "region" (edge edge_hist_territory_region_18_hist_culture_1)
[GraphSchema] Edge "belongs_to" source should be ["actor","location"], got "region" (edge edge_hist_territory_region_17_hist_culture_2)
[GraphSchema] Edge "belongs_to" source should be ["actor","location"], got "region" (edge edge_hist_territory_region_7_hist_culture_0)
[GraphSchema] Edge "belongs_to" source should be ["actor","location"], got "region" (edge edge_hist_territory_region_9_hist_culture_2)
[GraphSchema] Edge "belongs_to" source should be ["actor","location"], got "region" (edge edge_hist_territory_region_11_hist_culture_0)
[GraphSchema] Edge "belongs_to" source should be ["actor","location"], got "region" (edge edge_hist_territory_region_2_hist_culture_2)
[GraphSchema] Edge "belongs_to" source should be ["actor","location"], got "region" (edge edge_hist_territory_region_0_hist_culture_0)
[GraphSchema] Edge "belongs_to" source should be ["actor","location"], got "region" (edge edge_hist_territory_region_6_hist_culture_2)
[GraphSchema] Edge "belongs_to" source should be ["actor","location"], got "region" (edge edge_hist_territory_region_10_hist_culture_0)
[GraphSchema] Edge "belongs_to" source should be ["actor","location"], got "region" (edge edge_hist_territory_region_1_hist_culture_2)
[GraphSchema] Edge "belongs_to" source should be ["actor","location"], got "region" (edge edge_hist_territory_region_5_hist_culture_0)

[90mstdout[2m | src/engine/worldgen/__tests__/elevation.test.ts[2m > [22m[2mElevation generation[2m > [22m[2mprovince elevation bias: mountain province hexes average higher than lowland
[22m[39m[WorldGen] Pass 'province' completed in 9.8ms
[WorldGen] Pass 'elevation' completed in 61.5ms
[WorldGen] Pass 'coastline' completed in 15.2ms
[WorldGen] Pass 'climate' completed in 57.2ms
[WorldGen] Pass 'hydrology' completed in 8.2ms
[WorldGen] Pass 'tempReassess' completed in 1.1ms
[WorldGen] Pass 'biome' completed in 1.5ms
[WorldGen] Culture terrain nudge: 129 hexes modified
[WorldGen] Pass 'cultureTerrainNudge' completed in 0.5ms
[WorldGen] Pass 'smoothing' completed in 7.1ms
[WorldGen] Pass 'validation' completed in 35.7ms

 [32m✓[39m src/engine/worldgen/__tests__/elevation.test.ts [2m([22m[2m9 tests[22m[2m)[22m[33m 1085[2mms[22m[39m
stderr | src/engine/__tests__/visibility-integration.test.ts > visibility integration > visibility state transitions from visible to remembered when avatar moves away
[GraphSchema] Edge "belongs_to" source should be ["actor","location"], got "region" (edge edge_hist_territory_region_0_hist_culture_0)
[Orchestrator] Tick crashed, returning previous state: Error: Trait not found: trait.reputation.power.renown
    at assignTrait (C:/Users/chris/Dev/Projects/TheFantasyWorldSimulator/src/engine/traits.ts:44:25)
    at syncReputationTrait (C:/Users/chris/Dev/Projects/TheFantasyWorldSimulator/src/engine/phaseReputationTraits.ts:297:5)
    at phaseReputationTraits (C:/Users/chris/Dev/Projects/TheFantasyWorldSimulator/src/engine/phaseReputationTraits.ts:273:7)
    at runTick (C:/Users/chris/Dev/Projects/TheFantasyWorldSimulator/src/engine/orchestrator.ts:1896:18)
    at C:/Users/chris/Dev/Projects/TheFantasyWorldSimulator/src/engine/__tests__/visibility-integration.test.ts:169:17
    at file:///C:/Users/chris/Dev/Projects/TheFantasyWorldSimulator/node_modules/@vitest/runner/dist/index.js:145:11
    at file:///C:/Users/chris/Dev/Projects/TheFantasyWorldSimulator/node_modules/@vitest/runner/dist/index.js:915:26
    at file:///C:/Users/chris/Dev/Projects/TheFantasyWorldSimulator/node_modules/@vitest/runner/dist/index.js:1243:20
    at new Promise (<anonymous>)
    at runWithTimeout (file:///C:/Users/chris/Dev/Projects/TheFantasyWorldSimulator/node_modules/@vitest/runner/dist/index.js:1209:10)

stderr | src/engine/__tests__/visibility-integration.test.ts > visibility integration > visibility map covers entire grid
[GraphSchema] Edge "belongs_to" source should be ["actor","location"], got "region" (edge edge_hist_territory_region_0_hist_culture_0)

 [31m❯[39m src/engine/__tests__/visibility-integration.test.ts [2m([22m[2m4 tests[22m[2m | [22m[31m1 failed[39m[2m)[22m[33m 1096[2mms[22m[39m
     [32m✓[39m seedWorld initializes visibility map with avatar area visible[32m 140[2mms[22m[39m
     [33m[2m✓[22m[39m runTick recalculates visibility [33m 575[2mms[22m[39m
[31m     [31m×[31m visibility state transitions from visible to remembered when avatar moves away[39m[33m 371[2mms[22m[39m
     [32m✓[39m visibility map covers entire grid[32m 8[2mms[22m[39m
[90mstdout[2m | src/engine/__tests__/interventionEffects-integration.test.ts[2m > [22m[2mintervention effects — full integration[2m > [22m[2mafflict_bless creates condition trait
[22m[39m[WorldGen] Pass 'province' completed in 1.0ms
[WorldGen] Pass 'elevation' completed in 8.0ms
[WorldGen] Pass 'coastline' completed in 3.1ms
[WorldGen] Pass 'climate' completed in 3.3ms
[WorldGen] Pass 'hydrology' completed in 1.0ms
[WorldGen] Pass 'tempReassess' completed in 0.0ms
[WorldGen] Pass 'biome' completed in 0.3ms
[WorldGen] Culture terrain nudge: 42 hexes modified
[WorldGen] Pass 'cultureTerrainNudge' completed in 0.1ms
[WorldGen] Pass 'smoothing' completed in 0.7ms
[WorldGen] Pass 'validation' completed in 0.7ms

stderr | src/engine/__tests__/interventionEffects-integration.test.ts > intervention effects — full integration > afflict_bless creates condition trait
[WorldGen] Validation errors: [ 'Ocean fraction too low: 7.4%' ]
[GraphSchema] Edge "belongs_to" source should be ["actor","location"], got "region" (edge edge_hist_territory_region_15_hist_culture_0)
[GraphSchema] Edge "belongs_to" source should be ["actor","location"], got "region" (edge edge_hist_territory_region_19_hist_culture_1)
[GraphSchema] Edge "belongs_to" source should be ["actor","location"], got "region" (edge edge_hist_territory_region_3_hist_culture_2)
[GraphSchema] Edge "belongs_to" source should be ["actor","location"], got "region" (edge edge_hist_territory_region_13_hist_culture_0)
[GraphSchema] Edge "belongs_to" source should be ["actor","location"], got "region" (edge edge_hist_territory_region_14_hist_culture_1)
[GraphSchema] Edge "belongs_to" source should be ["actor","location"], got "region" (edge edge_hist_territory_region_12_hist_culture_2)
[GraphSchema] Edge "belongs_to" source should be ["actor","location"], got "region" (edge edge_hist_territory_region_16_hist_culture_0)
[GraphSchema] Edge "belongs_to" source should be ["actor","location"], got "region" (edge edge_hist_territory_region_18_hist_culture_1)
[GraphSchema] Edge "belongs_to" source should be ["actor","location"], got "region" (edge edge_hist_territory_region_17_hist_culture_2)
[GraphSchema] Edge "belongs_to" source should be ["actor","location"], got "region" (edge edge_hist_territory_region_7_hist_culture_0)
[GraphSchema] Edge "belongs_to" source should be ["actor","location"], got "region" (edge edge_hist_territory_region_9_hist_culture_2)
[GraphSchema] Edge "belongs_to" source should be ["actor","location"], got "region" (edge edge_hist_territory_region_11_hist_culture_0)
[GraphSchema] Edge "belongs_to" source should be ["actor","location"], got "region" (edge edge_hist_territory_region_2_hist_culture_2)
[GraphSchema] Edge "belongs_to" source should be ["actor","location"], got "region" (edge edge_hist_territory_region_0_hist_culture_0)
[GraphSchema] Edge "belongs_to" source should be ["actor","location"], got "region" (edge edge_hist_territory_region_6_hist_culture_2)
[GraphSchema] Edge "belongs_to" source should be ["actor","location"], got "region" (edge edge_hist_territory_region_10_hist_culture_0)
[GraphSchema] Edge "belongs_to" source should be ["actor","location"], got "region" (edge edge_hist_territory_region_1_hist_culture_2)
[GraphSchema] Edge "belongs_to" source should be ["actor","location"], got "region" (edge edge_hist_territory_region_5_hist_culture_0)

[90mstdout[2m | src/engine/__tests__/interventionEffects-integration.test.ts[2m > [22m[2mintervention effects — full integration[2m > [22m[2mdeceive intervention applies deceived condition and value drift
[22m[39m[WorldGen] Pass 'province' completed in 0.7ms
[WorldGen] Pass 'elevation' completed in 2.5ms
[WorldGen] Pass 'coastline' completed in 1.9ms
[WorldGen] Pass 'climate' completed in 2.4ms
[WorldGen] Pass 'hydrology' completed in 1.0ms
[WorldGen] Pass 'tempReassess' completed in 0.0ms
[WorldGen] Pass 'biome' completed in 10.7ms
[WorldGen] Culture terrain nudge: 42 hexes modified
[WorldGen] Pass 'cultureTerrainNudge' completed in 0.2ms
[WorldGen] Pass 'smoothing' completed in 0.7ms
[WorldGen] Pass 'validation' completed in 0.6ms

stderr | src/engine/__tests__/interventionEffects-integration.test.ts > intervention effects — full integration > deceive intervention applies deceived condition and value drift
[WorldGen] Validation errors: [ 'Ocean fraction too low: 7.4%' ]
[GraphSchema] Edge "belongs_to" source should be ["actor","location"], got "region" (edge edge_hist_territory_region_15_hist_culture_0)
[GraphSchema] Edge "belongs_to" source should be ["actor","location"], got "region" (edge edge_hist_territory_region_19_hist_culture_1)
[GraphSchema] Edge "belongs_to" source should be ["actor","location"], got "region" (edge edge_hist_territory_region_3_hist_culture_2)
[GraphSchema] Edge "belongs_to" source should be ["actor","location"], got "region" (edge edge_hist_territory_region_13_hist_culture_0)
[GraphSchema] Edge "belongs_to" source should be ["actor","location"], got "region" (edge edge_hist_territory_region_14_hist_culture_1)
[GraphSchema] Edge "belongs_to" source should be ["actor","location"], got "region" (edge edge_hist_territory_region_12_hist_culture_2)
[GraphSchema] Edge "belongs_to" source should be ["actor","location"], got "region" (edge edge_hist_territory_region_16_hist_culture_0)
[GraphSchema] Edge "belongs_to" source should be ["actor","location"], got "region" (edge edge_hist_territory_region_18_hist_culture_1)
[GraphSchema] Edge "belongs_to" source should be ["actor","location"], got "region" (edge edge_hist_territory_region_17_hist_culture_2)
[GraphSchema] Edge "belongs_to" source should be ["actor","location"], got "region" (edge edge_hist_territory_region_7_hist_culture_0)
[GraphSchema] Edge "belongs_to" source should be ["actor","location"], got "region" (edge edge_hist_territory_region_9_hist_culture_2)
[GraphSchema] Edge "belongs_to" source should be ["actor","location"], got "region" (edge edge_hist_territory_region_11_hist_culture_0)
[GraphSchema] Edge "belongs_to" source should be ["actor","location"], got "region" (edge edge_hist_territory_region_2_hist_culture_2)
[GraphSchema] Edge "belongs_to" source should be ["actor","location"], got "region" (edge edge_hist_territory_region_0_hist_culture_0)
[GraphSchema] Edge "belongs_to" source should be ["actor","location"], got "region" (edge edge_hist_territory_region_6_hist_culture_2)
[GraphSchema] Edge "belongs_to" source should be ["actor","location"], got "region" (edge edge_hist_territory_region_10_hist_culture_0)
[GraphSchema] Edge "belongs_to" source should be ["actor","location"], got "region" (edge edge_hist_territory_region_1_hist_culture_2)
[GraphSchema] Edge "belongs_to" source should be ["actor","location"], got "region" (edge edge_hist_territory_region_5_hist_culture_0)

 [31m❯[39m src/engine/__tests__/interventionEffects-integration.test.ts [2m([22m[2m10 tests[22m[2m | [22m[31m10 failed[39m[2m)[22m[33m 1190[2mms[22m[39m
[31m     [31m×[31m dream intervention → divine influence stored → decays to zero[39m[33m 362[2mms[22m[39m
[31m     [31m×[31m coincidence boosts sphere influence at actor location[39m[32m 166[2mms[22m[39m
[31m     [31m×[31m intervention emits intervention_effect trace[39m[32m 128[2mms[22m[39m
[31m     [31m×[31m all 8 intervention types produce valid results[39m[32m 82[2mms[22m[39m
[31m     [31m×[31m multiple interventions on same actor accumulate in influence list[39m[32m 74[2mms[22m[39m
[31m     [31m×[31m intervention with nonexistent target returns failure[39m[32m 61[2mms[22m[39m
[31m     [31m×[31m inspiration intervention creates personality boost and trait[39m[32m 72[2mms[22m[39m
[31m     [31m×[31m intimidate intervention applies strategy override[39m[32m 111[2mms[22m[39m
[31m     [31m×[31m afflict_bless creates condition trait[39m[32m 68[2mms[22m[39m
[31m     [31m×[31m deceive intervention applies deceived condition and value drift[39m[32m 64[2mms[22m[39m
[90mstdout[2m | src/engine/__tests__/progressive-disclosure-integration.test.ts[2m > [22m[2mprogressive disclosure integration[2m > [22m[2mfull flow: init → stranger → proximity gain → recognised → card shows archetype
[22m[39m[WorldGen] Pass 'province' completed in 4.1ms
[WorldGen] Pass 'elevation' completed in 5.0ms
[WorldGen] Pass 'coastline' completed in 2.4ms
[WorldGen] Pass 'climate' completed in 14.3ms
[WorldGen] Pass 'hydrology' completed in 6.6ms
[WorldGen] Pass 'tempReassess' completed in 0.8ms
[WorldGen] Pass 'biome' completed in 1.2ms
[WorldGen] Culture terrain nudge: 3 hexes modified
[WorldGen] Pass 'cultureTerrainNudge' completed in 0.4ms
[WorldGen] Pass 'smoothing' completed in 1.5ms
[WorldGen] Pass 'validation' completed in 2.8ms

stderr | src/engine/__tests__/progressive-disclosure-integration.test.ts > progressive disclosure integration > full flow: init → stranger → proximity gain → recognised → card shows archetype
[WorldGen] Validation errors: [
  'Ocean fraction too low: 4.7%',
  'Drainage guarantee violated: some land hexes have no downhill path to the sea'
]
[GraphSchema] Edge "belongs_to" source should be ["actor","location"], got "region" (edge edge_hist_territory_region_1_hist_culture_0)
[GraphSchema] Edge "belongs_to" source should be ["actor","location"], got "region" (edge edge_hist_territory_region_6_hist_culture_1)
[GraphSchema] Edge "belongs_to" source should be ["actor","location"], got "region" (edge edge_hist_territory_region_4_hist_culture_2)
[GraphSchema] Edge "belongs_to" source should be ["actor","location"], got "region" (edge edge_hist_territory_region_2_hist_culture_0)
[GraphSchema] Edge "belongs_to" source should be ["actor","location"], got "region" (edge edge_hist_territory_region_5_hist_culture_1)
[GraphSchema] Edge "belongs_to" source should be ["actor","location"], got "region" (edge edge_hist_territory_region_3_hist_culture_0)
[GraphSchema] Edge "belongs_to" source should be ["actor","location"], got "region" (edge edge_hist_territory_region_8_hist_culture_1)
[GraphSchema] Edge "belongs_to" source should be ["actor","location"], got "region" (edge edge_hist_territory_region_0_hist_culture_0)
[GraphSchema] Edge "belongs_to" source should be ["actor","location"], got "region" (edge edge_hist_territory_region_7_hist_culture_1)

[90mstdout[2m | src/engine/__tests__/gateDutyContextTick.test.ts[2m > [22m[2mGate Duty debug context[2m > [22m[2mcreates context on an empty hex without poisoning later ticks
[22m[39m[WorldGen] Pass 'province' completed in 5.8ms
[WorldGen] Pass 'elevation' completed in 8.7ms
[WorldGen] Pass 'coastline' completed in 3.9ms
[WorldGen] Pass 'climate' completed in 60.2ms
[WorldGen] Pass 'hydrology' completed in 17.2ms
[WorldGen] Pass 'tempReassess' completed in 0.4ms
[WorldGen] Pass 'biome' completed in 10.2ms
[WorldGen] Culture terrain nudge: 42 hexes modified
[WorldGen] Pass 'cultureTerrainNudge' completed in 0.6ms
[WorldGen] Pass 'smoothing' completed in 6.1ms
[WorldGen] Pass 'validation' completed in 20.2ms

stderr | src/engine/__tests__/gateDutyContextTick.test.ts > Gate Duty debug context > creates context on an empty hex without poisoning later ticks
[WorldGen] Validation errors: [ 'Ocean fraction too low: 7.4%' ]
[GraphSchema] Edge "belongs_to" source should be ["actor","location"], got "region" (edge edge_hist_territory_region_15_hist_culture_0)
[GraphSchema] Edge "belongs_to" source should be ["actor","location"], got "region" (edge edge_hist_territory_region_19_hist_culture_1)
[GraphSchema] Edge "belongs_to" source should be ["actor","location"], got "region" (edge edge_hist_territory_region_3_hist_culture_2)
[GraphSchema] Edge "belongs_to" source should be ["actor","location"], got "region" (edge edge_hist_territory_region_13_hist_culture_0)
[GraphSchema] Edge "belongs_to" source should be ["actor","location"], got "region" (edge edge_hist_territory_region_14_hist_culture_1)
[GraphSchema] Edge "belongs_to" source should be ["actor","location"], got "region" (edge edge_hist_territory_region_12_hist_culture_2)
[GraphSchema] Edge "belongs_to" source should be ["actor","location"], got "region" (edge edge_hist_territory_region_16_hist_culture_0)
[GraphSchema] Edge "belongs_to" source should be ["actor","location"], got "region" (edge edge_hist_territory_region_18_hist_culture_1)
[GraphSchema] Edge "belongs_to" source should be ["actor","location"], got "region" (edge edge_hist_territory_region_17_hist_culture_2)
[GraphSchema] Edge "belongs_to" source should be ["actor","location"], got "region" (edge edge_hist_territory_region_7_hist_culture_0)
[GraphSchema] Edge "belongs_to" source should be ["actor","location"], got "region" (edge edge_hist_territory_region_9_hist_culture_2)
[GraphSchema] Edge "belongs_to" source should be ["actor","location"], got "region" (edge edge_hist_territory_region_11_hist_culture_0)
[GraphSchema] Edge "belongs_to" source should be ["actor","location"], got "region" (edge edge_hist_territory_region_2_hist_culture_2)
[GraphSchema] Edge "belongs_to" source should be ["actor","location"], got "region" (edge edge_hist_territory_region_0_hist_culture_0)
[GraphSchema] Edge "belongs_to" source should be ["actor","location"], got "region" (edge edge_hist_territory_region_6_hist_culture_2)
[GraphSchema] Edge "belongs_to" source should be ["actor","location"], got "region" (edge edge_hist_territory_region_10_hist_culture_0)
[GraphSchema] Edge "belongs_to" source should be ["actor","location"], got "region" (edge edge_hist_territory_region_1_hist_culture_2)
[GraphSchema] Edge "belongs_to" source should be ["actor","location"], got "region" (edge edge_hist_territory_region_5_hist_culture_0)

[90mstdout[2m | src/engine/__tests__/progressive-disclosure-integration.test.ts[2m > [22m[2mprogressive disclosure integration[2m > [22m[2mscry action grants 0.15 familiarity
[22m[39m[WorldGen] Pass 'province' completed in 3.5ms
[WorldGen] Pass 'elevation' completed in 2.0ms
[WorldGen] Pass 'coastline' completed in 1.2ms
[WorldGen] Pass 'climate' completed in 2.1ms
[WorldGen] Pass 'hydrology' completed in 1.6ms
[WorldGen] Pass 'tempReassess' completed in 0.4ms
[WorldGen] Pass 'biome' completed in 0.9ms
[WorldGen] Culture terrain nudge: 3 hexes modified
[WorldGen] Pass 'cultureTerrainNudge' completed in 0.1ms
[WorldGen] Pass 'smoothing' completed in 0.6ms
[WorldGen] Pass 'validation' completed in 0.6ms

stderr | src/engine/__tests__/progressive-disclosure-integration.test.ts > progressive disclosure integration > scry action grants 0.15 familiarity
[WorldGen] Validation errors: [
  'Ocean fraction too low: 4.7%',
  'Drainage guarantee violated: some land hexes have no downhill path to the sea'
]
[GraphSchema] Edge "belongs_to" source should be ["actor","location"], got "region" (edge edge_hist_territory_region_1_hist_culture_0)
[GraphSchema] Edge "belongs_to" source should be ["actor","location"], got "region" (edge edge_hist_territory_region_6_hist_culture_1)
[GraphSchema] Edge "belongs_to" source should be ["actor","location"], got "region" (edge edge_hist_territory_region_4_hist_culture_2)
[GraphSchema] Edge "belongs_to" source should be ["actor","location"], got "region" (edge edge_hist_territory_region_2_hist_culture_0)
[GraphSchema] Edge "belongs_to" source should be ["actor","location"], got "region" (edge edge_hist_territory_region_5_hist_culture_1)
[GraphSchema] Edge "belongs_to" source should be ["actor","location"], got "region" (edge edge_hist_territory_region_3_hist_culture_0)
[GraphSchema] Edge "belongs_to" source should be ["actor","location"], got "region" (edge edge_hist_territory_region_8_hist_culture_1)
[GraphSchema] Edge "belongs_to" source should be ["actor","location"], got "region" (edge edge_hist_territory_region_0_hist_culture_0)
[GraphSchema] Edge "belongs_to" source should be ["actor","location"], got "region" (edge edge_hist_territory_region_7_hist_culture_1)

[90mstdout[2m | src/engine/__tests__/gateDutyDirectSpawnProgression.test.ts[2m > [22m[2mGate Duty direct debug spawn progression[2m > [22m[2madvances to step 2 and emits a second-step notification after two ticks
[22m[39m[WorldGen] Pass 'province' completed in 5.4ms
[WorldGen] Pass 'elevation' completed in 7.7ms
[WorldGen] Pass 'coastline' completed in 3.7ms
[WorldGen] Pass 'climate' completed in 30.2ms
[WorldGen] Pass 'hydrology' completed in 29.2ms
[WorldGen] Pass 'tempReassess' completed in 0.3ms
[WorldGen] Pass 'biome' completed in 3.7ms
[WorldGen] Culture terrain nudge: 42 hexes modified
[WorldGen] Pass 'cultureTerrainNudge' completed in 0.6ms
[WorldGen] Pass 'smoothing' completed in 3.7ms
[WorldGen] Pass 'validation' completed in 2.6ms

stderr | src/engine/__tests__/gateDutyDirectSpawnProgression.test.ts > Gate Duty direct debug spawn progression > advances to step 2 and emits a second-step notification after two ticks
[WorldGen] Validation errors: [ 'Ocean fraction too low: 7.4%' ]
[GraphSchema] Edge "belongs_to" source should be ["actor","location"], got "region" (edge edge_hist_territory_region_15_hist_culture_0)
[GraphSchema] Edge "belongs_to" source should be ["actor","location"], got "region" (edge edge_hist_territory_region_19_hist_culture_1)
[GraphSchema] Edge "belongs_to" source should be ["actor","location"], got "region" (edge edge_hist_territory_region_3_hist_culture_2)
[GraphSchema] Edge "belongs_to" source should be ["actor","location"], got "region" (edge edge_hist_territory_region_13_hist_culture_0)
[GraphSchema] Edge "belongs_to" source should be ["actor","location"], got "region" (edge edge_hist_territory_region_14_hist_culture_1)
[GraphSchema] Edge "belongs_to" source should be ["actor","location"], got "region" (edge edge_hist_territory_region_12_hist_culture_2)
[GraphSchema] Edge "belongs_to" source should be ["actor","location"], got "region" (edge edge_hist_territory_region_16_hist_culture_0)
[GraphSchema] Edge "belongs_to" source should be ["actor","location"], got "region" (edge edge_hist_territory_region_18_hist_culture_1)
[GraphSchema] Edge "belongs_to" source should be ["actor","location"], got "region" (edge edge_hist_territory_region_17_hist_culture_2)
[GraphSchema] Edge "belongs_to" source should be ["actor","location"], got "region" (edge edge_hist_territory_region_7_hist_culture_0)
[GraphSchema] Edge "belongs_to" source should be ["actor","location"], got "region" (edge edge_hist_territory_region_9_hist_culture_2)
[GraphSchema] Edge "belongs_to" source should be ["actor","location"], got "region" (edge edge_hist_territory_region_11_hist_culture_0)
[GraphSchema] Edge "belongs_to" source should be ["actor","location"], got "region" (edge edge_hist_territory_region_2_hist_culture_2)
[GraphSchema] Edge "belongs_to" source should be ["actor","location"], got "region" (edge edge_hist_territory_region_0_hist_culture_0)
[GraphSchema] Edge "belongs_to" source should be ["actor","location"], got "region" (edge edge_hist_territory_region_6_hist_culture_2)
[GraphSchema] Edge "belongs_to" source should be ["actor","location"], got "region" (edge edge_hist_territory_region_10_hist_culture_0)
[GraphSchema] Edge "belongs_to" source should be ["actor","location"], got "region" (edge edge_hist_territory_region_1_hist_culture_2)
[GraphSchema] Edge "belongs_to" source should be ["actor","location"], got "region" (edge edge_hist_territory_region_5_hist_culture_0)

 [32m✓[39m src/engine/__tests__/gateDutyDirectSpawnProgression.test.ts [2m([22m[2m2 tests[22m[2m)[22m[33m 1143[2mms[22m[39m
     [33m[2m✓[22m[39m advances to step 2 and emits a second-step notification after two ticks [33m 1140[2mms[22m[39m
stderr | src/engine/__tests__/gateDutyContextTick.test.ts > Gate Duty debug context > refuses to spawn a debug settlement on top of an occupied non-settlement hex
[WorldGen] Validation errors: [ 'Ocean fraction too low: 7.4%' ]
[GraphSchema] Edge "belongs_to" source should be ["actor","location"], got "region" (edge edge_hist_territory_region_15_hist_culture_0)
[GraphSchema] Edge "belongs_to" source should be ["actor","location"], got "region" (edge edge_hist_territory_region_19_hist_culture_1)
[GraphSchema] Edge "belongs_to" source should be ["actor","location"], got "region" (edge edge_hist_territory_region_3_hist_culture_2)
[GraphSchema] Edge "belongs_to" source should be ["actor","location"], got "region" (edge edge_hist_territory_region_13_hist_culture_0)
[GraphSchema] Edge "belongs_to" source should be ["actor","location"], got "region" (edge edge_hist_territory_region_14_hist_culture_1)
[90mstdout[2m | src/engine/__tests__/gateDutyContextTick.test.ts[2m > [22m[2mGate Duty debug context[2m > [22m[2mrefuses to spawn a debug settlement on top of an occupied non-settlement hex
[22m[39m[WorldGen] Pass 'province' completed in 6.4ms
[WorldGen] Pass 'elevation' completed in 3.4ms
[WorldGen] Pass 'coastline' completed in 3.5ms
[WorldGen] Pass 'climate' completed in 4.7ms
[WorldGen] Pass 'hydrology' completed in 1.2ms
[WorldGen] Pass 'tempReassess' completed in 0.0ms
[WorldGen] Pass 'biome' completed in 0.5ms
[WorldGen] Culture terrain nudge: 42 hexes modified
[WorldGen] Pass 'cultureTerrainNudge' completed in 1.1ms
[WorldGen] Pass 'smoothing' completed in 0.8ms
[WorldGen] Pass 'validation' completed in 1.1ms
[GraphSchema] Edge "belongs_to" source should be ["actor","location"], got "region" (edge edge_hist_territory_region_12_hist_culture_2)
[GraphSchema] Edge "belongs_to" source should be ["actor","location"], got "region" (edge edge_hist_territory_region_16_hist_culture_0)
[GraphSchema] Edge "belongs_to" source should be ["actor","location"], got "region" (edge edge_hist_territory_region_18_hist_culture_1)
[GraphSchema] Edge "belongs_to" source should be ["actor","location"], got "region" (edge edge_hist_territory_region_17_hist_culture_2)
[GraphSchema] Edge "belongs_to" source should be ["actor","location"], got "region" (edge edge_hist_territory_region_7_hist_culture_0)
[GraphSchema] Edge "belongs_to" source should be ["actor","location"], got "region" (edge edge_hist_territory_region_9_hist_culture_2)

[GraphSchema] Edge "belongs_to" source should be ["actor","location"], got "region" (edge edge_hist_territory_region_11_hist_culture_0)
[GraphSchema] Edge "belongs_to" source should be ["actor","location"], got "region" (edge edge_hist_territory_region_2_hist_culture_2)
[GraphSchema] Edge "belongs_to" source should be ["actor","location"], got "region" (edge edge_hist_territory_region_0_hist_culture_0)
[GraphSchema] Edge "belongs_to" source should be ["actor","location"], got "region" (edge edge_hist_territory_region_6_hist_culture_2)
[GraphSchema] Edge "belongs_to" source should be ["actor","location"], got "region" (edge edge_hist_territory_region_10_hist_culture_0)
[GraphSchema] Edge "belongs_to" source should be ["actor","location"], got "region" (edge edge_hist_territory_region_1_hist_culture_2)
[GraphSchema] Edge "belongs_to" source should be ["actor","location"], got "region" (edge edge_hist_territory_region_5_hist_culture_0)

 [32m✓[39m src/engine/__tests__/gateDutyContextTick.test.ts [2m([22m[2m2 tests[22m[2m)[22m[33m 1353[2mms[22m[39m
     [33m[2m✓[22m[39m creates context on an empty hex without poisoning later ticks [33m 1248[2mms[22m[39m
[90mstdout[2m | src/engine/__tests__/progressive-disclosure-integration.test.ts[2m > [22m[2mprogressive disclosure integration[2m > [22m[2mword scales produce no numeric values in UI data
[22m[39m[WorldGen] Pass 'province' completed in 1.3ms
[WorldGen] Pass 'elevation' completed in 1.6ms
[WorldGen] Pass 'coastline' completed in 1.1ms
[WorldGen] Pass 'climate' completed in 3.2ms
[WorldGen] Pass 'hydrology' completed in 1.2ms
[WorldGen] Pass 'tempReassess' completed in 0.1ms
[WorldGen] Pass 'biome' completed in 0.4ms
[WorldGen] Culture terrain nudge: 3 hexes modified
[WorldGen] Pass 'cultureTerrainNudge' completed in 0.1ms
[WorldGen] Pass 'smoothing' completed in 0.7ms
[WorldGen] Pass 'validation' completed in 1.0ms

stderr | src/engine/__tests__/progressive-disclosure-integration.test.ts > progressive disclosure integration > word scales produce no numeric values in UI data
[WorldGen] Validation errors: [
  'Ocean fraction too low: 4.7%',
  'Drainage guarantee violated: some land hexes have no downhill path to the sea'
]
[GraphSchema] Edge "belongs_to" source should be ["actor","location"], got "region" (edge edge_hist_territory_region_1_hist_culture_0)
[GraphSchema] Edge "belongs_to" source should be ["actor","location"], got "region" (edge edge_hist_territory_region_6_hist_culture_1)
[GraphSchema] Edge "belongs_to" source should be ["actor","location"], got "region" (edge edge_hist_territory_region_4_hist_culture_2)
[GraphSchema] Edge "belongs_to" source should be ["actor","location"], got "region" (edge edge_hist_territory_region_2_hist_culture_0)
[GraphSchema] Edge "belongs_to" source should be ["actor","location"], got "region" (edge edge_hist_territory_region_5_hist_culture_1)
[GraphSchema] Edge "belongs_to" source should be ["actor","location"], got "region" (edge edge_hist_territory_region_3_hist_culture_0)
[GraphSchema] Edge "belongs_to" source should be ["actor","location"], got "region" (edge edge_hist_territory_region_8_hist_culture_1)
[GraphSchema] Edge "belongs_to" source should be ["actor","location"], got "region" (edge edge_hist_territory_region_0_hist_culture_0)
[GraphSchema] Edge "belongs_to" source should be ["actor","location"], got "region" (edge edge_hist_territory_region_7_hist_culture_1)

[90mstdout[2m | src/engine/worldgen/__tests__/hydrology.test.ts[2m > [22m[2mHydrology pass — pass05[2m > [22m[2mhasRiver populated — at least some hexes have rivers
[22m[39m[WorldGen] Pass 'province' completed in 10.3ms
[WorldGen] Pass 'elevation' completed in 15.4ms
[WorldGen] Pass 'coastline' completed in 8.3ms
[WorldGen] Pass 'climate' completed in 22.4ms
[WorldGen] Pass 'hydrology' completed in 23.5ms
[WorldGen] Pass 'tempReassess' completed in 2.8ms
[WorldGen] Pass 'biome' completed in 2.6ms
[WorldGen] Culture terrain nudge: 39 hexes modified
[WorldGen] Pass 'cultureTerrainNudge' completed in 0.7ms
[WorldGen] Pass 'smoothing' completed in 8.9ms
[WorldGen] Pass 'validation' completed in 5.2ms

 [32m✓[39m src/components/Game/__tests__/DebugPanel-commands.test.tsx [2m([22m[2m6 tests[22m[2m)[22m[33m 2064[2mms[22m[39m
     [33m[2m✓[22m[39m runs spawn encounter commands from the in-game CLI tab [33m 458[2mms[22m[39m
     [33m[2m✓[22m[39m runs world spawn commands from the in-game CLI tab [33m 358[2mms[22m[39m
     [33m[2m✓[22m[39m runs attachment spawn commands from the in-game CLI tab [33m 349[2mms[22m[39m
     [33m[2m✓[22m[39m runs move agent commands from the in-game CLI tab [33m 310[2mms[22m[39m
     [33m[2m✓[22m[39m runs a pasted batch of multiline commands in order [33m 328[2mms[22m[39m
[90mstdout[2m | src/engine/__tests__/progressive-disclosure-integration.test.ts[2m > [22m[2mprogressive disclosure integration[2m > [22m[2mall 9 reaches have valid word scales
[22m[39m[WorldGen] Pass 'province' completed in 1.4ms
[WorldGen] Pass 'elevation' completed in 1.0ms
[WorldGen] Pass 'coastline' completed in 2.3ms
[WorldGen] Pass 'climate' completed in 4.9ms
[WorldGen] Pass 'hydrology' completed in 0.6ms
[WorldGen] Pass 'tempReassess' completed in 0.1ms
[WorldGen] Pass 'biome' completed in 0.2ms
[WorldGen] Culture terrain nudge: 3 hexes modified
[WorldGen] Pass 'cultureTerrainNudge' completed in 0.1ms
[WorldGen] Pass 'smoothing' completed in 0.3ms
[WorldGen] Pass 'validation' completed in 0.5ms

stderr | src/engine/__tests__/progressive-disclosure-integration.test.ts > progressive disclosure integration > all 9 reaches have valid word scales
[WorldGen] Validation errors: [
  'Ocean fraction too low: 4.7%',
  'Drainage guarantee violated: some land hexes have no downhill path to the sea'
]
[GraphSchema] Edge "belongs_to" source should be ["actor","location"], got "region" (edge edge_hist_territory_region_1_hist_culture_0)
[GraphSchema] Edge "belongs_to" source should be ["actor","location"], got "region" (edge edge_hist_territory_region_6_hist_culture_1)
[GraphSchema] Edge "belongs_to" source should be ["actor","location"], got "region" (edge edge_hist_territory_region_4_hist_culture_2)
[GraphSchema] Edge "belongs_to" source should be ["actor","location"], got "region" (edge edge_hist_territory_region_2_hist_culture_0)
[GraphSchema] Edge "belongs_to" source should be ["actor","location"], got "region" (edge edge_hist_territory_region_5_hist_culture_1)
[GraphSchema] Edge "belongs_to" source should be ["actor","location"], got "region" (edge edge_hist_territory_region_3_hist_culture_0)
[GraphSchema] Edge "belongs_to" source should be ["actor","location"], got "region" (edge edge_hist_territory_region_8_hist_culture_1)
[GraphSchema] Edge "belongs_to" source should be ["actor","location"], got "region" (edge edge_hist_territory_region_0_hist_culture_0)
[GraphSchema] Edge "belongs_to" source should be ["actor","location"], got "region" (edge edge_hist_territory_region_7_hist_culture_1)

[90mstdout[2m | src/engine/worldgen/__tests__/hydrology.test.ts[2m > [22m[2mHydrology pass — pass05[2m > [22m[2mriverPaths is non-empty
[22m[39m[WorldGen] Pass 'province' completed in 6.8ms
[WorldGen] Pass 'elevation' completed in 31.0ms
[WorldGen] Pass 'coastline' completed in 10.1ms
[WorldGen] Pass 'climate' completed in 10.4ms
[WorldGen] Pass 'hydrology' completed in 2.2ms
[WorldGen] Pass 'tempReassess' completed in 0.7ms
[WorldGen] Pass 'biome' completed in 0.9ms
[WorldGen] Culture terrain nudge: 39 hexes modified
[WorldGen] Pass 'cultureTerrainNudge' completed in 0.5ms
[WorldGen] Pass 'smoothing' completed in 3.4ms
[WorldGen] Pass 'validation' completed in 4.0ms

[90mstdout[2m | src/engine/__tests__/progressive-disclosure-integration.test.ts[2m > [22m[2mprogressive disclosure integration[2m > [22m[2mknowledge level thresholds progress correctly
[22m[39m[WorldGen] Pass 'province' completed in 1.1ms
[WorldGen] Pass 'elevation' completed in 1.2ms
[WorldGen] Pass 'coastline' completed in 0.9ms
[WorldGen] Pass 'climate' completed in 2.4ms
[WorldGen] Pass 'hydrology' completed in 1.0ms
[WorldGen] Pass 'tempReassess' completed in 0.1ms
[WorldGen] Pass 'biome' completed in 0.3ms
[WorldGen] Culture terrain nudge: 3 hexes modified
[WorldGen] Pass 'cultureTerrainNudge' completed in 0.0ms
[WorldGen] Pass 'smoothing' completed in 0.6ms
[WorldGen] Pass 'validation' completed in 0.9ms

stderr | src/engine/__tests__/progressive-disclosure-integration.test.ts > progressive disclosure integration > knowledge level thresholds progress correctly
[WorldGen] Validation errors: [
  'Ocean fraction too low: 4.7%',
  'Drainage guarantee violated: some land hexes have no downhill path to the sea'
]
[GraphSchema] Edge "belongs_to" source should be ["actor","location"], got "region" (edge edge_hist_territory_region_1_hist_culture_0)
[GraphSchema] Edge "belongs_to" source should be ["actor","location"], got "region" (edge edge_hist_territory_region_6_hist_culture_1)
[GraphSchema] Edge "belongs_to" source should be ["actor","location"], got "region" (edge edge_hist_territory_region_4_hist_culture_2)
[GraphSchema] Edge "belongs_to" source should be ["actor","location"], got "region" (edge edge_hist_territory_region_2_hist_culture_0)
[GraphSchema] Edge "belongs_to" source should be ["actor","location"], got "region" (edge edge_hist_territory_region_5_hist_culture_1)
[GraphSchema] Edge "belongs_to" source should be ["actor","location"], got "region" (edge edge_hist_territory_region_3_hist_culture_0)
[GraphSchema] Edge "belongs_to" source should be ["actor","location"], got "region" (edge edge_hist_territory_region_8_hist_culture_1)
[GraphSchema] Edge "belongs_to" source should be ["actor","location"], got "region" (edge edge_hist_territory_region_0_hist_culture_0)
[GraphSchema] Edge "belongs_to" source should be ["actor","location"], got "region" (edge edge_hist_territory_region_7_hist_culture_1)

[90mstdout[2m | src/engine/__tests__/progressive-disclosure-integration.test.ts[2m > [22m[2mprogressive disclosure integration[2m > [22m[2marchetype is revealed at recognised+ but not at stranger
[22m[39m[WorldGen] Pass 'province' completed in 0.5ms
[WorldGen] Pass 'elevation' completed in 1.0ms
[WorldGen] Pass 'coastline' completed in 0.9ms
[WorldGen] Pass 'climate' completed in 1.1ms
[WorldGen] Pass 'hydrology' completed in 0.5ms
[WorldGen] Pass 'tempReassess' completed in 0.1ms
[WorldGen] Pass 'biome' completed in 0.2ms
[WorldGen] Culture terrain nudge: 3 hexes modified
[WorldGen] Pass 'cultureTerrainNudge' completed in 0.0ms
[WorldGen] Pass 'smoothing' completed in 0.3ms
[WorldGen] Pass 'validation' completed in 1.9ms

stderr | src/engine/__tests__/progressive-disclosure-integration.test.ts > progressive disclosure integration > archetype is revealed at recognised+ but not at stranger
[WorldGen] Validation errors: [
  'Ocean fraction too low: 4.7%',
  'Drainage guarantee violated: some land hexes have no downhill path to the sea'
]
[GraphSchema] Edge "belongs_to" source should be ["actor","location"], got "region" (edge edge_hist_territory_region_1_hist_culture_0)
[GraphSchema] Edge "belongs_to" source should be ["actor","location"], got "region" (edge edge_hist_territory_region_6_hist_culture_1)
[GraphSchema] Edge "belongs_to" source should be ["actor","location"], got "region" (edge edge_hist_territory_region_4_hist_culture_2)
[GraphSchema] Edge "belongs_to" source should be ["actor","location"], got "region" (edge edge_hist_territory_region_2_hist_culture_0)
[GraphSchema] Edge "belongs_to" source should be ["actor","location"], got "region" (edge edge_hist_territory_region_5_hist_culture_1)
[GraphSchema] Edge "belongs_to" source should be ["actor","location"], got "region" (edge edge_hist_territory_region_3_hist_culture_0)
[GraphSchema] Edge "belongs_to" source should be ["actor","location"], got "region" (edge edge_hist_territory_region_8_hist_culture_1)
[GraphSchema] Edge "belongs_to" source should be ["actor","location"], got "region" (edge edge_hist_territory_region_0_hist_culture_0)
[GraphSchema] Edge "belongs_to" source should be ["actor","location"], got "region" (edge edge_hist_territory_region_7_hist_culture_1)

[90mstdout[2m | src/engine/worldgen/__tests__/hydrology.test.ts[2m > [22m[2mHydrology pass — pass05[2m > [22m[2msea outlet: at least one river reaches the sea
[22m[39m[WorldGen] Pass 'province' completed in 14.8ms
[WorldGen] Pass 'elevation' completed in 10.6ms
[WorldGen] Pass 'coastline' completed in 6.5ms
[WorldGen] Pass 'climate' completed in 11.6ms
[WorldGen] Pass 'hydrology' completed in 1.9ms
[WorldGen] Pass 'tempReassess' completed in 0.5ms
[WorldGen] Pass 'biome' completed in 0.6ms
[WorldGen] Culture terrain nudge: 39 hexes modified
[WorldGen] Pass 'cultureTerrainNudge' completed in 0.1ms
[WorldGen] Pass 'smoothing' completed in 9.5ms
[WorldGen] Pass 'validation' completed in 2.4ms

[90mstdout[2m | src/engine/__tests__/progressive-disclosure-integration.test.ts[2m > [22m[2mprogressive disclosure integration[2m > [22m[2mdomain visibility increases with knowledge level
[22m[39m[WorldGen] Pass 'province' completed in 0.7ms
[WorldGen] Pass 'elevation' completed in 1.0ms
[WorldGen] Pass 'coastline' completed in 1.8ms
[WorldGen] Pass 'climate' completed in 1.1ms
[WorldGen] Pass 'hydrology' completed in 0.5ms
[WorldGen] Pass 'tempReassess' completed in 0.1ms
[WorldGen] Pass 'biome' completed in 0.2ms
[WorldGen] Culture terrain nudge: 3 hexes modified
[WorldGen] Pass 'cultureTerrainNudge' completed in 0.1ms
[WorldGen] Pass 'smoothing' completed in 0.4ms
[WorldGen] Pass 'validation' completed in 3.1ms

stderr | src/engine/__tests__/progressive-disclosure-integration.test.ts > progressive disclosure integration > domain visibility increases with knowledge level
[WorldGen] Validation errors: [
  'Ocean fraction too low: 4.7%',
  'Drainage guarantee violated: some land hexes have no downhill path to the sea'
]
[GraphSchema] Edge "belongs_to" source should be ["actor","location"], got "region" (edge edge_hist_territory_region_1_hist_culture_0)
[GraphSchema] Edge "belongs_to" source should be ["actor","location"], got "region" (edge edge_hist_territory_region_6_hist_culture_1)
[GraphSchema] Edge "belongs_to" source should be ["actor","location"], got "region" (edge edge_hist_territory_region_4_hist_culture_2)
[GraphSchema] Edge "belongs_to" source should be ["actor","location"], got "region" (edge edge_hist_territory_region_2_hist_culture_0)
[GraphSchema] Edge "belongs_to" source should be ["actor","location"], got "region" (edge edge_hist_territory_region_5_hist_culture_1)
[GraphSchema] Edge "belongs_to" source should be ["actor","location"], got "region" (edge edge_hist_territory_region_3_hist_culture_0)
[GraphSchema] Edge "belongs_to" source should be ["actor","location"], got "region" (edge edge_hist_territory_region_8_hist_culture_1)
[GraphSchema] Edge "belongs_to" source should be ["actor","location"], got "region" (edge edge_hist_territory_region_0_hist_culture_0)
[GraphSchema] Edge "belongs_to" source should be ["actor","location"], got "region" (edge edge_hist_territory_region_7_hist_culture_1)

[90mstdout[2m | src/engine/worldgen/__tests__/hydrology.test.ts[2m > [22m[2mHydrology pass — pass05[2m > [22m[2mrivers flow downhill — each hex in a path has elevation <= previous (using drainageElevation)
[22m[39m[WorldGen] Pass 'province' completed in 2.7ms
[WorldGen] Pass 'elevation' completed in 8.4ms
[WorldGen] Pass 'coastline' completed in 3.8ms
[WorldGen] Pass 'climate' completed in 8.5ms
[WorldGen] Pass 'hydrology' completed in 2.2ms
[WorldGen] Pass 'tempReassess' completed in 0.4ms
[WorldGen] Pass 'biome' completed in 0.5ms
[WorldGen] Culture terrain nudge: 39 hexes modified
[WorldGen] Pass 'cultureTerrainNudge' completed in 0.1ms
[WorldGen] Pass 'smoothing' completed in 6.2ms
[WorldGen] Pass 'validation' completed in 2.3ms

[90mstdout[2m | src/engine/__tests__/wanderingHealerAftermathProgression.test.ts[2m > [22m[2mwandering healer unified encounter[2m > [22m[2muses @hero as the ascendant avatar and emits an aftermath notification after resolution
[22m[39m[WorldGen] Pass 'province' completed in 7.0ms
[WorldGen] Pass 'elevation' completed in 7.9ms
[WorldGen] Pass 'coastline' completed in 8.2ms
[WorldGen] Pass 'climate' completed in 109.0ms
[WorldGen] Pass 'hydrology' completed in 26.8ms
[WorldGen] Pass 'tempReassess' completed in 0.2ms
[WorldGen] Pass 'biome' completed in 3.0ms
[WorldGen] Culture terrain nudge: 42 hexes modified
[WorldGen] Pass 'cultureTerrainNudge' completed in 0.5ms
[WorldGen] Pass 'smoothing' completed in 2.3ms
[WorldGen] Pass 'validation' completed in 44.2ms

stderr | src/engine/__tests__/wanderingHealerAftermathProgression.test.ts > wandering healer unified encounter > uses @hero as the ascendant avatar and emits an aftermath notification after resolution
[WorldGen] Validation errors: [ 'Ocean fraction too low: 7.4%' ]
[GraphSchema] Edge "belongs_to" source should be ["actor","location"], got "region" (edge edge_hist_territory_region_15_hist_culture_0)
[GraphSchema] Edge "belongs_to" source should be ["actor","location"], got "region" (edge edge_hist_territory_region_19_hist_culture_1)
[GraphSchema] Edge "belongs_to" source should be ["actor","location"], got "region" (edge edge_hist_territory_region_3_hist_culture_2)
[GraphSchema] Edge "belongs_to" source should be ["actor","location"], got "region" (edge edge_hist_territory_region_13_hist_culture_0)
[GraphSchema] Edge "belongs_to" source should be ["actor","location"], got "region" (edge edge_hist_territory_region_14_hist_culture_1)
[GraphSchema] Edge "belongs_to" source should be ["actor","location"], got "region" (edge edge_hist_territory_region_12_hist_culture_2)
[GraphSchema] Edge "belongs_to" source should be ["actor","location"], got "region" (edge edge_hist_territory_region_16_hist_culture_0)
[GraphSchema] Edge "belongs_to" source should be ["actor","location"], got "region" (edge edge_hist_territory_region_18_hist_culture_1)
[GraphSchema] Edge "belongs_to" source should be ["actor","location"], got "region" (edge edge_hist_territory_region_17_hist_culture_2)
[GraphSchema] Edge "belongs_to" source should be ["actor","location"], got "region" (edge edge_hist_territory_region_7_hist_culture_0)
[GraphSchema] Edge "belongs_to" source should be ["actor","location"], got "region" (edge edge_hist_territory_region_9_hist_culture_2)
[GraphSchema] Edge "belongs_to" source should be ["actor","location"], got "region" (edge edge_hist_territory_region_11_hist_culture_0)
[GraphSchema] Edge "belongs_to" source should be ["actor","location"], got "region" (edge edge_hist_territory_region_2_hist_culture_2)
[GraphSchema] Edge "belongs_to" source should be ["actor","location"], got "region" (edge edge_hist_territory_region_0_hist_culture_0)
[GraphSchema] Edge "belongs_to" source should be ["actor","location"], got "region" (edge edge_hist_territory_region_6_hist_culture_2)
[GraphSchema] Edge "belongs_to" source should be ["actor","location"], got "region" (edge edge_hist_territory_region_10_hist_culture_0)
[GraphSchema] Edge "belongs_to" source should be ["actor","location"], got "region" (edge edge_hist_territory_region_1_hist_culture_2)
[GraphSchema] Edge "belongs_to" source should be ["actor","location"], got "region" (edge edge_hist_territory_region_5_hist_culture_0)

 [32m✓[39m src/engine/__tests__/wanderingHealerAftermathProgression.test.ts [2m([22m[2m1 test[22m[2m)[22m[33m 1588[2mms[22m[39m
     [33m[2m✓[22m[39m uses @hero as the ascendant avatar and emits an aftermath notification after resolution [33m 1586[2mms[22m[39m
[90mstdout[2m | src/engine/worldgen/__tests__/hydrology.test.ts[2m > [22m[2mHydrology pass — pass05[2m > [22m[2mlake formation: at least one lake exists
[22m[39m[WorldGen] Pass 'province' completed in 2.3ms
[WorldGen] Pass 'elevation' completed in 8.1ms
[WorldGen] Pass 'coastline' completed in 4.0ms
[WorldGen] Pass 'climate' completed in 10.1ms
[WorldGen] Pass 'hydrology' completed in 2.4ms
[WorldGen] Pass 'tempReassess' completed in 0.3ms
[WorldGen] Pass 'biome' completed in 0.5ms
[WorldGen] Culture terrain nudge: 39 hexes modified
[WorldGen] Pass 'cultureTerrainNudge' completed in 0.1ms
[WorldGen] Pass 'smoothing' completed in 1.8ms
[WorldGen] Pass 'validation' completed in 5.1ms

 [32m✓[39m src/components/Game/__tests__/AvatarHUD.test.tsx [2m([22m[2m6 tests[22m[2m)[22m[33m 916[2mms[22m[39m
     [33m[2m✓[22m[39m renders Move, Actions, and Investiture buttons [33m 414[2mms[22m[39m
[90mstdout[2m | src/engine/__tests__/orchestrator-divine.test.ts[2m > [22m[2mphaseDivineInfluenceDecay[2m > [22m[2mis called during runTick without crashing
[22m[39m[WorldGen] Pass 'province' completed in 1.8ms
[WorldGen] Pass 'elevation' completed in 2.4ms
[WorldGen] Pass 'coastline' completed in 1.0ms
[WorldGen] Pass 'climate' completed in 2.6ms
[WorldGen] Pass 'hydrology' completed in 0.8ms
[WorldGen] Pass 'tempReassess' completed in 0.0ms
[WorldGen] Pass 'biome' completed in 0.4ms
[WorldGen] Culture terrain nudge: 42 hexes modified
[WorldGen] Pass 'cultureTerrainNudge' completed in 0.2ms
[WorldGen] Pass 'smoothing' completed in 0.8ms
[WorldGen] Pass 'validation' completed in 0.9ms

stderr | src/engine/__tests__/orchestrator-divine.test.ts > phaseDivineInfluenceDecay > is called during runTick without crashing
[WorldGen] Validation errors: [ 'Ocean fraction too low: 7.4%' ]
[GraphSchema] Edge "belongs_to" source should be ["actor","location"], got "region" (edge edge_hist_territory_region_15_hist_culture_0)
[GraphSchema] Edge "belongs_to" source should be ["actor","location"], got "region" (edge edge_hist_territory_region_19_hist_culture_1)
[GraphSchema] Edge "belongs_to" source should be ["actor","location"], got "region" (edge edge_hist_territory_region_3_hist_culture_2)
[GraphSchema] Edge "belongs_to" source should be ["actor","location"], got "region" (edge edge_hist_territory_region_13_hist_culture_0)
[GraphSchema] Edge "belongs_to" source should be ["actor","location"], got "region" (edge edge_hist_territory_region_14_hist_culture_1)
[GraphSchema] Edge "belongs_to" source should be ["actor","location"], got "region" (edge edge_hist_territory_region_12_hist_culture_2)
[GraphSchema] Edge "belongs_to" source should be ["actor","location"], got "region" (edge edge_hist_territory_region_16_hist_culture_0)
[GraphSchema] Edge "belongs_to" source should be ["actor","location"], got "region" (edge edge_hist_territory_region_18_hist_culture_1)
[GraphSchema] Edge "belongs_to" source should be ["actor","location"], got "region" (edge edge_hist_territory_region_17_hist_culture_2)
[GraphSchema] Edge "belongs_to" source should be ["actor","location"], got "region" (edge edge_hist_territory_region_7_hist_culture_0)
[GraphSchema] Edge "belongs_to" source should be ["actor","location"], got "region" (edge edge_hist_territory_region_9_hist_culture_2)
[GraphSchema] Edge "belongs_to" source should be ["actor","location"], got "region" (edge edge_hist_territory_region_11_hist_culture_0)
[GraphSchema] Edge "belongs_to" source should be ["actor","location"], got "region" (edge edge_hist_territory_region_2_hist_culture_2)
[GraphSchema] Edge "belongs_to" source should be ["actor","location"], got "region" (edge edge_hist_territory_region_0_hist_culture_0)
[GraphSchema] Edge "belongs_to" source should be ["actor","location"], got "region" (edge edge_hist_territory_region_6_hist_culture_2)
[GraphSchema] Edge "belongs_to" source should be ["actor","location"], got "region" (edge edge_hist_territory_region_10_hist_culture_0)
[GraphSchema] Edge "belongs_to" source should be ["actor","location"], got "region" (edge edge_hist_territory_region_1_hist_culture_2)
[GraphSchema] Edge "belongs_to" source should be ["actor","location"], got "region" (edge edge_hist_territory_region_5_hist_culture_0)

 [32m✓[39m src/engine/__tests__/orchestrator-divine.test.ts [2m([22m[2m6 tests[22m[2m)[22m[33m 1479[2mms[22m[39m
     [33m[2m✓[22m[39m is called during runTick without crashing [33m 891[2mms[22m[39m
[90mstdout[2m | src/engine/__tests__/progressive-disclosure-integration.test.ts[2m > [22m[2mprogressive disclosure integration[2m > [22m[2mgame starts with no threads (alpha — ascendant begins alone)
[22m[39m[WorldGen] Pass 'province' completed in 0.5ms
[WorldGen] Pass 'elevation' completed in 0.9ms
[WorldGen] Pass 'coastline' completed in 0.4ms
[WorldGen] Pass 'climate' completed in 1.1ms
[WorldGen] Pass 'hydrology' completed in 0.5ms
[WorldGen] Pass 'tempReassess' completed in 0.1ms
[WorldGen] Pass 'biome' completed in 0.2ms
[WorldGen] Culture terrain nudge: 3 hexes modified
[WorldGen] Pass 'cultureTerrainNudge' completed in 0.0ms
[WorldGen] Pass 'smoothing' completed in 0.3ms
[WorldGen] Pass 'validation' completed in 0.4ms

stderr | src/engine/__tests__/progressive-disclosure-integration.test.ts > progressive disclosure integration > game starts with no threads (alpha — ascendant begins alone)
[WorldGen] Validation errors: [
  'Ocean fraction too low: 4.7%',
  'Drainage guarantee violated: some land hexes have no downhill path to the sea'
]
[GraphSchema] Edge "belongs_to" source should be ["actor","location"], got "region" (edge edge_hist_territory_region_1_hist_culture_0)
[GraphSchema] Edge "belongs_to" source should be ["actor","location"], got "region" (edge edge_hist_territory_region_6_hist_culture_1)
[GraphSchema] Edge "belongs_to" source should be ["actor","location"], got "region" (edge edge_hist_territory_region_4_hist_culture_2)
[GraphSchema] Edge "belongs_to" source should be ["actor","location"], got "region" (edge edge_hist_territory_region_2_hist_culture_0)
[GraphSchema] Edge "belongs_to" source should be ["actor","location"], got "region" (edge edge_hist_territory_region_5_hist_culture_1)
[GraphSchema] Edge "belongs_to" source should be ["actor","location"], got "region" (edge edge_hist_territory_region_3_hist_culture_0)
[GraphSchema] Edge "belongs_to" source should be ["actor","location"], got "region" (edge edge_hist_territory_region_8_hist_culture_1)
[GraphSchema] Edge "belongs_to" source should be ["actor","location"], got "region" (edge edge_hist_territory_region_0_hist_culture_0)
[GraphSchema] Edge "belongs_to" source should be ["actor","location"], got "region" (edge edge_hist_territory_region_7_hist_culture_1)

 [31m❯[39m src/engine/__tests__/progressive-disclosure-integration.test.ts [2m([22m[2m8 tests[22m[2m | [22m[31m8 failed[39m[2m)[22m[33m 543[2mms[22m[39m
[31m     [31m×[31m full flow: init → stranger → proximity gain → recognised → card shows archetype[39m[32m 142[2mms[22m[39m
[31m     [31m×[31m scry action grants 0.15 familiarity[39m[32m 61[2mms[22m[39m
[31m     [31m×[31m word scales produce no numeric values in UI data[39m[32m 100[2mms[22m[39m
[31m     [31m×[31m all 9 reaches have valid word scales[39m[32m 55[2mms[22m[39m
[31m     [31m×[31m knowledge level thresholds progress correctly[39m[32m 42[2mms[22m[39m
[31m     [31m×[31m archetype is revealed at recognised+ but not at stranger[39m[32m 36[2mms[22m[39m
[31m     [31m×[31m domain visibility increases with knowledge level[39m[32m 37[2mms[22m[39m
[31m     [31m×[31m game starts with no threads (alpha — ascendant begins alone)[39m[32m 67[2mms[22m[39m
[90mstdout[2m | src/engine/worldgen/__tests__/hydrology.test.ts[2m > [22m[2mHydrology pass — pass05[2m > [22m[2mdrainage guarantee: every land hex has a downhill neighbor or is coastal
[22m[39m[WorldGen] Pass 'province' completed in 4.1ms
[WorldGen] Pass 'elevation' completed in 7.4ms
[WorldGen] Pass 'coastline' completed in 4.8ms
[WorldGen] Pass 'climate' completed in 8.1ms
[WorldGen] Pass 'hydrology' completed in 3.4ms
[WorldGen] Pass 'tempReassess' completed in 0.3ms
[WorldGen] Pass 'biome' completed in 0.5ms
[WorldGen] Culture terrain nudge: 39 hexes modified
[WorldGen] Pass 'cultureTerrainNudge' completed in 0.1ms
[WorldGen] Pass 'smoothing' completed in 2.7ms
[WorldGen] Pass 'validation' completed in 1.5ms

[90mstdout[2m | src/engine/worldgen/__tests__/hydrology.test.ts[2m > [22m[2mHydrology pass — pass05[2m > [22m[2mriver deltas: forking near coast — at least one river branches near coast
[22m[39m[WorldGen] Pass 'province' completed in 2.7ms
[WorldGen] Pass 'elevation' completed in 8.2ms
[WorldGen] Pass 'coastline' completed in 4.5ms
[WorldGen] Pass 'climate' completed in 7.9ms
[WorldGen] Pass 'hydrology' completed in 1.9ms
[WorldGen] Pass 'tempReassess' completed in 0.3ms
[WorldGen] Pass 'biome' completed in 0.4ms
[WorldGen] Culture terrain nudge: 39 hexes modified
[WorldGen] Pass 'cultureTerrainNudge' completed in 0.1ms
[WorldGen] Pass 'smoothing' completed in 1.7ms
[WorldGen] Pass 'validation' completed in 0.8ms

21.18.27 [vite] (client) warning: Duplicate key "loyalty_ambition" in object literal
22 |    profile: {
23 |      loyalty_ambition: 0.8, courage_prudence: 0.3, mercy_ruthlessness: -0.6,
24 |      honesty_cunning: 0.1, sacrifice_survival: 0.5, loyalty_ambition: -0.2,
   |                                                     ^
25 |      tradition_novelty: 0.0, humility_pride: 0.4, mercy_ruthlessness: -0.3, asceticism_extravagance: 0.1,
26 |    },

  Plugin: vite:esbuild
  File: C:/Users/chris/Dev/Projects/TheFantasyWorldSimulator/src/components/Game/__tests__/AgentDetailPanel.test.tsx
21.18.27 [vite] (client) warning: Duplicate key "mercy_ruthlessness" in object literal
23 |      loyalty_ambition: 0.8, courage_prudence: 0.3, mercy_ruthlessness: -0.6,
24 |      honesty_cunning: 0.1, sacrifice_survival: 0.5, loyalty_ambition: -0.2,
25 |      tradition_novelty: 0.0, humility_pride: 0.4, mercy_ruthlessness: -0.3, asceticism_extravagance: 0.1,
   |                                                   ^
26 |    },
27 |    domainCapabilities: {

  Plugin: vite:esbuild
  File: C:/Users/chris/Dev/Projects/TheFantasyWorldSimulator/src/components/Game/__tests__/AgentDetailPanel.test.tsx
[90mstdout[2m | src/engine/worldgen/__tests__/hydrology.test.ts[2m > [22m[2mHydrology pass — pass05[2m > [22m[2mlake effect ready — lakeIds has data for tempReassess to use (or is gracefully empty)
[22m[39m[WorldGen] Pass 'province' completed in 3.2ms
[WorldGen] Pass 'elevation' completed in 7.7ms
[WorldGen] Pass 'coastline' completed in 5.5ms
[WorldGen] Pass 'climate' completed in 11.3ms
[WorldGen] Pass 'hydrology' completed in 2.0ms
[WorldGen] Pass 'tempReassess' completed in 0.3ms
[WorldGen] Pass 'biome' completed in 0.4ms
[WorldGen] Culture terrain nudge: 39 hexes modified
[WorldGen] Pass 'cultureTerrainNudge' completed in 0.2ms
[WorldGen] Pass 'smoothing' completed in 2.0ms
[WorldGen] Pass 'validation' completed in 1.2ms

[90mstdout[2m | src/engine/__tests__/contracts/mutation-observability.contract.test.ts[2m > [22m[2mMutation Observability — runTick Version Bumps[2m > [22m[2mrunTick with runtime bumps worldVersion on every tick
[22m[39m[WorldGen] Pass 'province' completed in 1.7ms
[WorldGen] Pass 'elevation' completed in 1.1ms
[WorldGen] Pass 'coastline' completed in 0.8ms
[WorldGen] Pass 'climate' completed in 2.3ms
[WorldGen] Pass 'hydrology' completed in 3.0ms
[WorldGen] Pass 'tempReassess' completed in 0.1ms
[WorldGen] Pass 'biome' completed in 0.2ms
[WorldGen] Culture terrain nudge: 3 hexes modified
[WorldGen] Pass 'cultureTerrainNudge' completed in 2.8ms
[WorldGen] Pass 'smoothing' completed in 0.3ms
[WorldGen] Pass 'validation' completed in 1.3ms

stderr | src/engine/__tests__/contracts/mutation-observability.contract.test.ts > Mutation Observability — runTick Version Bumps > runTick with runtime bumps worldVersion on every tick
[WorldGen] Validation errors: [
  'Ocean fraction too low: 4.7%',
  'Drainage guarantee violated: some land hexes have no downhill path to the sea'
]
[GraphSchema] Edge "belongs_to" source should be ["actor","location"], got "region" (edge edge_hist_territory_region_1_hist_culture_0)
[GraphSchema] Edge "belongs_to" source should be ["actor","location"], got "region" (edge edge_hist_territory_region_6_hist_culture_1)
[GraphSchema] Edge "belongs_to" source should be ["actor","location"], got "region" (edge edge_hist_territory_region_4_hist_culture_2)
[GraphSchema] Edge "belongs_to" source should be ["actor","location"], got "region" (edge edge_hist_territory_region_2_hist_culture_0)
[GraphSchema] Edge "belongs_to" source should be ["actor","location"], got "region" (edge edge_hist_territory_region_5_hist_culture_1)
[GraphSchema] Edge "belongs_to" source should be ["actor","location"], got "region" (edge edge_hist_territory_region_3_hist_culture_0)
[GraphSchema] Edge "belongs_to" source should be ["actor","location"], got "region" (edge edge_hist_territory_region_8_hist_culture_1)
[GraphSchema] Edge "belongs_to" source should be ["actor","location"], got "region" (edge edge_hist_territory_region_0_hist_culture_0)
[GraphSchema] Edge "belongs_to" source should be ["actor","location"], got "region" (edge edge_hist_territory_region_7_hist_culture_1)

 [32m✓[39m src/components/Game/__tests__/InterventionConfirm.test.tsx [2m([22m[2m9 tests[22m[2m)[22m[33m 460[2mms[22m[39m
[90mstdout[2m | src/engine/worldgen/__tests__/hydrology.test.ts[2m > [22m[2mHydrology pass — pass05[2m > [22m[2mdeterminism: same seed produces identical hasRiver and lakeIds
[22m[39m[WorldGen] Pass 'province' completed in 4.2ms
[WorldGen] Pass 'elevation' completed in 7.9ms
[WorldGen] Pass 'coastline' completed in 3.8ms
[WorldGen] Pass 'climate' completed in 9.1ms
[WorldGen] Pass 'hydrology' completed in 2.0ms
[WorldGen] Pass 'tempReassess' completed in 0.4ms
[WorldGen] Pass 'biome' completed in 0.9ms
[WorldGen] Culture terrain nudge: 39 hexes modified
[WorldGen] Pass 'cultureTerrainNudge' completed in 0.1ms
[WorldGen] Pass 'smoothing' completed in 1.6ms
[WorldGen] Pass 'validation' completed in 1.1ms
[WorldGen] Pass 'province' completed in 1.7ms
[WorldGen] Pass 'elevation' completed in 8.0ms
[WorldGen] Pass 'coastline' completed in 3.7ms
[WorldGen] Pass 'climate' completed in 17.7ms
[WorldGen] Pass 'hydrology' completed in 1.6ms
[WorldGen] Pass 'tempReassess' completed in 0.4ms
[WorldGen] Pass 'biome' completed in 0.4ms
[WorldGen] Culture terrain nudge: 39 hexes modified
[WorldGen] Pass 'cultureTerrainNudge' completed in 0.1ms
[WorldGen] Pass 'smoothing' completed in 1.6ms
[WorldGen] Pass 'validation' completed in 1.1ms

[90mstdout[2m | src/engine/worldgen/__tests__/hydrology.test.ts[2m > [22m[2mHydrology pass — pass05[2m > [22m[2mdrainageElevation is populated after hydrology pass
[22m[39m[WorldGen] Pass 'province' completed in 3.9ms
[WorldGen] Pass 'elevation' completed in 8.4ms
[WorldGen] Pass 'coastline' completed in 4.0ms
[WorldGen] Pass 'climate' completed in 9.2ms
[WorldGen] Pass 'hydrology' completed in 3.0ms
[WorldGen] Pass 'tempReassess' completed in 0.4ms
[WorldGen] Pass 'biome' completed in 0.4ms
[WorldGen] Culture terrain nudge: 39 hexes modified
[WorldGen] Pass 'cultureTerrainNudge' completed in 0.1ms
[WorldGen] Pass 'smoothing' completed in 1.5ms
[WorldGen] Pass 'validation' completed in 1.1ms

 [32m✓[39m src/engine/worldgen/__tests__/hydrology.test.ts [2m([22m[2m10 tests[22m[2m)[22m[33m 594[2mms[22m[39m
stderr | src/engine/__tests__/traceBuffer-integration.test.ts > trace buffer integration > traces contain all required base fields
[Orchestrator] Tick crashed, returning previous state: Error: Trait not found: trait.reputation.power.renown
    at assignTrait (C:/Users/chris/Dev/Projects/TheFantasyWorldSimulator/src/engine/traits.ts:44:25)
    at syncReputationTrait (C:/Users/chris/Dev/Projects/TheFantasyWorldSimulator/src/engine/phaseReputationTraits.ts:297:5)
    at phaseReputationTraits (C:/Users/chris/Dev/Projects/TheFantasyWorldSimulator/src/engine/phaseReputationTraits.ts:273:7)
    at runTick (C:/Users/chris/Dev/Projects/TheFantasyWorldSimulator/src/engine/orchestrator.ts:1896:18)
    at C:/Users/chris/Dev/Projects/TheFantasyWorldSimulator/src/engine/__tests__/traceBuffer-integration.test.ts:179:15
    at file:///C:/Users/chris/Dev/Projects/TheFantasyWorldSimulator/node_modules/@vitest/runner/dist/index.js:145:11
    at file:///C:/Users/chris/Dev/Projects/TheFantasyWorldSimulator/node_modules/@vitest/runner/dist/index.js:915:26
    at file:///C:/Users/chris/Dev/Projects/TheFantasyWorldSimulator/node_modules/@vitest/runner/dist/index.js:1243:20
    at new Promise (<anonymous>)
    at runWithTimeout (file:///C:/Users/chris/Dev/Projects/TheFantasyWorldSimulator/node_modules/@vitest/runner/dist/index.js:1209:10)
[Orchestrator] Tick crashed, returning previous state: Error: Trait not found: trait.reputation.power.renown
    at assignTrait (C:/Users/chris/Dev/Projects/TheFantasyWorldSimulator/src/engine/traits.ts:44:25)
    at syncReputationTrait (C:/Users/chris/Dev/Projects/TheFantasyWorldSimulator/src/engine/phaseReputationTraits.ts:297:5)
    at phaseReputationTraits (C:/Users/chris/Dev/Projects/TheFantasyWorldSimulator/src/engine/phaseReputationTraits.ts:273:7)
    at runTick (C:/Users/chris/Dev/Projects/TheFantasyWorldSimulator/src/engine/orchestrator.ts:1896:18)
    at C:/Users/chris/Dev/Projects/TheFantasyWorldSimulator/src/engine/__tests__/traceBuffer-integration.test.ts:179:15
    at file:///C:/Users/chris/Dev/Projects/TheFantasyWorldSimulator/node_modules/@vitest/runner/dist/index.js:145:11
    at file:///C:/Users/chris/Dev/Projects/TheFantasyWorldSimulator/node_modules/@vitest/runner/dist/index.js:915:26
    at file:///C:/Users/chris/Dev/Projects/TheFantasyWorldSimulator/node_modules/@vitest/runner/dist/index.js:1243:20
    at new Promise (<anonymous>)
    at runWithTimeout (file:///C:/Users/chris/Dev/Projects/TheFantasyWorldSimulator/node_modules/@vitest/runner/dist/index.js:1209:10)
[Orchestrator] Tick crashed, returning previous state: Error: Trait not found: trait.reputation.power.renown
    at assignTrait (C:/Users/chris/Dev/Projects/TheFantasyWorldSimulator/src/engine/traits.ts:44:25)
    at syncReputationTrait (C:/Users/chris/Dev/Projects/TheFantasyWorldSimulator/src/engine/phaseReputationTraits.ts:297:5)
    at phaseReputationTraits (C:/Users/chris/Dev/Projects/TheFantasyWorldSimulator/src/engine/phaseReputationTraits.ts:273:7)
    at runTick (C:/Users/chris/Dev/Projects/TheFantasyWorldSimulator/src/engine/orchestrator.ts:1896:18)
    at C:/Users/chris/Dev/Projects/TheFantasyWorldSimulator/src/engine/__tests__/traceBuffer-integration.test.ts:179:15
    at file:///C:/Users/chris/Dev/Projects/TheFantasyWorldSimulator/node_modules/@vitest/runner/dist/index.js:145:11
    at file:///C:/Users/chris/Dev/Projects/TheFantasyWorldSimulator/node_modules/@vitest/runner/dist/index.js:915:26
    at file:///C:/Users/chris/Dev/Projects/TheFantasyWorldSimulator/node_modules/@vitest/runner/dist/index.js:1243:20
    at new Promise (<anonymous>)
    at runWithTimeout (file:///C:/Users/chris/Dev/Projects/TheFantasyWorldSimulator/node_modules/@vitest/runner/dist/index.js:1209:10)
[Orchestrator] Tick crashed, returning previous state: Error: Trait not found: trait.reputation.power.renown
    at assignTrait (C:/Users/chris/Dev/Projects/TheFantasyWorldSimulator/src/engine/traits.ts:44:25)
    at syncReputationTrait (C:/Users/chris/Dev/Projects/TheFantasyWorldSimulator/src/engine/phaseReputationTraits.ts:297:5)
    at phaseReputationTraits (C:/Users/chris/Dev/Projects/TheFantasyWorldSimulator/src/engine/phaseReputationTraits.ts:273:7)
    at runTick (C:/Users/chris/Dev/Projects/TheFantasyWorldSimulator/src/engine/orchestrator.ts:1896:18)
    at C:/Users/chris/Dev/Projects/TheFantasyWorldSimulator/src/engine/__tests__/traceBuffer-integration.test.ts:179:15
    at file:///C:/Users/chris/Dev/Projects/TheFantasyWorldSimulator/node_modules/@vitest/runner/dist/index.js:145:11
    at file:///C:/Users/chris/Dev/Projects/TheFantasyWorldSimulator/node_modules/@vitest/runner/dist/index.js:915:26
    at file:///C:/Users/chris/Dev/Projects/TheFantasyWorldSimulator/node_modules/@vitest/runner/dist/index.js:1243:20
    at new Promise (<anonymous>)
    at runWithTimeout (file:///C:/Users/chris/Dev/Projects/TheFantasyWorldSimulator/node_modules/@vitest/runner/dist/index.js:1209:10)
[Orchestrator] Tick crashed, returning previous state: Error: Trait not found: trait.reputation.power.renown
    at assignTrait (C:/Users/chris/Dev/Projects/TheFantasyWorldSimulator/src/engine/traits.ts:44:25)
    at syncReputationTrait (C:/Users/chris/Dev/Projects/TheFantasyWorldSimulator/src/engine/phaseReputationTraits.ts:297:5)
    at phaseReputationTraits (C:/Users/chris/Dev/Projects/TheFantasyWorldSimulator/src/engine/phaseReputationTraits.ts:273:7)
    at runTick (C:/Users/chris/Dev/Projects/TheFantasyWorldSimulator/src/engine/orchestrator.ts:1896:18)
    at C:/Users/chris/Dev/Projects/TheFantasyWorldSimulator/src/engine/__tests__/traceBuffer-integration.test.ts:179:15
    at file:///C:/Users/chris/Dev/Projects/TheFantasyWorldSimulator/node_modules/@vitest/runner/dist/index.js:145:11
    at file:///C:/Users/chris/Dev/Projects/TheFantasyWorldSimulator/node_modules/@vitest/runner/dist/index.js:915:26
    at file:///C:/Users/chris/Dev/Projects/TheFantasyWorldSimulator/node_modules/@vitest/runner/dist/index.js:1243:20
    at new Promise (<anonymous>)
    at runWithTimeout (file:///C:/Users/chris/Dev/Projects/TheFantasyWorldSimulator/node_modules/@vitest/runner/dist/index.js:1209:10)
[Orchestrator] Tick crashed, returning previous state: Error: Trait not found: trait.reputation.power.renown
    at assignTrait (C:/Users/chris/Dev/Projects/TheFantasyWorldSimulator/src/engine/traits.ts:44:25)
    at syncReputationTrait (C:/Users/chris/Dev/Projects/TheFantasyWorldSimulator/src/engine/phaseReputationTraits.ts:297:5)
    at phaseReputationTraits (C:/Users/chris/Dev/Projects/TheFantasyWorldSimulator/src/engine/phaseReputationTraits.ts:273:7)
    at runTick (C:/Users/chris/Dev/Projects/TheFantasyWorldSimulator/src/engine/orchestrator.ts:1896:18)
    at C:/Users/chris/Dev/Projects/TheFantasyWorldSimulator/src/engine/__tests__/traceBuffer-integration.test.ts:179:15
    at file:///C:/Users/chris/Dev/Projects/TheFantasyWorldSimulator/node_modules/@vitest/runner/dist/index.js:145:11
    at file:///C:/Users/chris/Dev/Projects/TheFantasyWorldSimulator/node_modules/@vitest/runner/dist/index.js:915:26
    at file:///C:/Users/chris/Dev/Projects/TheFantasyWorldSimulator/node_modules/@vitest/runner/dist/index.js:1243:20
    at new Promise (<anonymous>)
    at runWithTimeout (file:///C:/Users/chris/Dev/Projects/TheFantasyWorldSimulator/node_modules/@vitest/runner/dist/index.js:1209:10)
[Orchestrator] Tick crashed, returning previous state: Error: Trait not found: trait.reputation.power.renown
    at assignTrait (C:/Users/chris/Dev/Projects/TheFantasyWorldSimulator/src/engine/traits.ts:44:25)
    at syncReputationTrait (C:/Users/chris/Dev/Projects/TheFantasyWorldSimulator/src/engine/phaseReputationTraits.ts:297:5)
    at phaseReputationTraits (C:/Users/chris/Dev/Projects/TheFantasyWorldSimulator/src/engine/phaseReputationTraits.ts:273:7)
    at runTick (C:/Users/chris/Dev/Projects/TheFantasyWorldSimulator/src/engine/orchestrator.ts:1896:18)
    at C:/Users/chris/Dev/Projects/TheFantasyWorldSimulator/src/engine/__tests__/traceBuffer-integration.test.ts:179:15
    at file:///C:/Users/chris/Dev/Projects/TheFantasyWorldSimulator/node_modules/@vitest/runner/dist/index.js:145:11
    at file:///C:/Users/chris/Dev/Projects/TheFantasyWorldSimulator/node_modules/@vitest/runner/dist/index.js:915:26
    at file:///C:/Users/chris/Dev/Projects/TheFantasyWorldSimulator/node_modules/@vitest/runner/dist/index.js:1243:20
    at new Promise (<anonymous>)
    at runWithTimeout (file:///C:/Users/chris/Dev/Projects/TheFantasyWorldSimulator/node_modules/@vitest/runner/dist/index.js:1209:10)
[Orchestrator] Tick crashed, returning previous state: Error: Trait not found: trait.reputation.power.renown
    at assignTrait (C:/Users/chris/Dev/Projects/TheFantasyWorldSimulator/src/engine/traits.ts:44:25)
    at syncReputationTrait (C:/Users/chris/Dev/Projects/TheFantasyWorldSimulator/src/engine/phaseReputationTraits.ts:297:5)
    at phaseReputationTraits (C:/Users/chris/Dev/Projects/TheFantasyWorldSimulator/src/engine/phaseReputationTraits.ts:273:7)
    at runTick (C:/Users/chris/Dev/Projects/TheFantasyWorldSimulator/src/engine/orchestrator.ts:1896:18)
    at C:/Users/chris/Dev/Projects/TheFantasyWorldSimulator/src/engine/__tests__/traceBuffer-integration.test.ts:179:15
    at file:///C:/Users/chris/Dev/Projects/TheFantasyWorldSimulator/node_modules/@vitest/runner/dist/index.js:145:11
    at file:///C:/Users/chris/Dev/Projects/TheFantasyWorldSimulator/node_modules/@vitest/runner/dist/index.js:915:26
    at file:///C:/Users/chris/Dev/Projects/TheFantasyWorldSimulator/node_modules/@vitest/runner/dist/index.js:1243:20
    at new Promise (<anonymous>)
    at runWithTimeout (file:///C:/Users/chris/Dev/Projects/TheFantasyWorldSimulator/node_modules/@vitest/runner/dist/index.js:1209:10)
[Orchestrator] Tick crashed, returning previous state: Error: Trait not found: trait.reputation.power.renown
    at assignTrait (C:/Users/chris/Dev/Projects/TheFantasyWorldSimulator/src/engine/traits.ts:44:25)
    at syncReputationTrait (C:/Users/chris/Dev/Projects/TheFantasyWorldSimulator/src/engine/phaseReputationTraits.ts:297:5)
    at phaseReputationTraits (C:/Users/chris/Dev/Projects/TheFantasyWorldSimulator/src/engine/phaseReputationTraits.ts:273:7)
    at runTick (C:/Users/chris/Dev/Projects/TheFantasyWorldSimulator/src/engine/orchestrator.ts:1896:18)
    at C:/Users/chris/Dev/Projects/TheFantasyWorldSimulator/src/engine/__tests__/traceBuffer-integration.test.ts:179:15
    at file:///C:/Users/chris/Dev/Projects/TheFantasyWorldSimulator/node_modules/@vitest/runner/dist/index.js:145:11
    at file:///C:/Users/chris/Dev/Projects/TheFantasyWorldSimulator/node_modules/@vitest/runner/dist/index.js:915:26
    at file:///C:/Users/chris/Dev/Projects/TheFantasyWorldSimulator/node_modules/@vitest/runner/dist/index.js:1243:20
    at new Promise (<anonymous>)
    at runWithTimeout (file:///C:/Users/chris/Dev/Projects/TheFantasyWorldSimulator/node_modules/@vitest/runner/dist/index.js:1209:10)
[Orchestrator] Tick crashed, returning previous state: Error: Trait not found: trait.reputation.power.renown
    at assignTrait (C:/Users/chris/Dev/Projects/TheFantasyWorldSimulator/src/engine/traits.ts:44:25)
    at syncReputationTrait (C:/Users/chris/Dev/Projects/TheFantasyWorldSimulator/src/engine/phaseReputationTraits.ts:297:5)
    at phaseReputationTraits (C:/Users/chris/Dev/Projects/TheFantasyWorldSimulator/src/engine/phaseReputationTraits.ts:273:7)
    at runTick (C:/Users/chris/Dev/Projects/TheFantasyWorldSimulator/src/engine/orchestrator.ts:1896:18)
    at C:/Users/chris/Dev/Projects/TheFantasyWorldSimulator/src/engine/__tests__/traceBuffer-integration.test.ts:179:15
    at file:///C:/Users/chris/Dev/Projects/TheFantasyWorldSimulator/node_modules/@vitest/runner/dist/index.js:145:11
    at file:///C:/Users/chris/Dev/Projects/TheFantasyWorldSimulator/node_modules/@vitest/runner/dist/index.js:915:26
    at file:///C:/Users/chris/Dev/Projects/TheFantasyWorldSimulator/node_modules/@vitest/runner/dist/index.js:1243:20
    at new Promise (<anonymous>)
    at runWithTimeout (file:///C:/Users/chris/Dev/Projects/TheFantasyWorldSimulator/node_modules/@vitest/runner/dist/index.js:1209:10)

21.18.27 [vite] (client) warning: Duplicate key "loyalty_ambition" in object literal
68 |        honesty_cunning: 0.5,
69 |        sacrifice_survival: 0.5,
70 |        loyalty_ambition: 0.5,
   |        ^
71 |        tradition_novelty: 0.5,
72 |        humility_pride: 0.5,

  Plugin: vite:esbuild
  File: C:/Users/chris/Dev/Projects/TheFantasyWorldSimulator/src/components/Game/__tests__/GameView-progressive.test.tsx
21.18.27 [vite] (client) warning: Duplicate key "mercy_ruthlessness" in object literal
71 |        tradition_novelty: 0.5,
72 |        humility_pride: 0.5,
73 |        mercy_ruthlessness: 0.5,
   |        ^
74 |        asceticism_extravagance: 0.5,
75 |      },

  Plugin: vite:esbuild
  File: C:/Users/chris/Dev/Projects/TheFantasyWorldSimulator/src/components/Game/__tests__/GameView-progressive.test.tsx
 [32m✓[39m src/components/Game/__tests__/HexChronicle.test.tsx [2m([22m[2m14 tests[22m[2m)[22m[33m 495[2mms[22m[39m
[90mstdout[2m | src/engine/__tests__/gateDutyAftermathProgression.test.ts[2m > [22m[2mGate Duty aftermath progression[2m > [22m[2mkeeps the sim ticking after the encounter resolves and an aftermath reaction is applied
[22m[39m[WorldGen] Pass 'province' completed in 4.8ms
[WorldGen] Pass 'elevation' completed in 8.1ms
[WorldGen] Pass 'coastline' completed in 4.0ms
[WorldGen] Pass 'climate' completed in 58.7ms
[WorldGen] Pass 'hydrology' completed in 7.7ms
[WorldGen] Pass 'tempReassess' completed in 0.2ms
[WorldGen] Pass 'biome' completed in 2.7ms
[WorldGen] Culture terrain nudge: 42 hexes modified
[WorldGen] Pass 'cultureTerrainNudge' completed in 0.5ms
[WorldGen] Pass 'smoothing' completed in 3.1ms
[WorldGen] Pass 'validation' completed in 3.0ms

stderr | src/engine/__tests__/gateDutyAftermathProgression.test.ts > Gate Duty aftermath progression > keeps the sim ticking after the encounter resolves and an aftermath reaction is applied
[WorldGen] Validation errors: [ 'Ocean fraction too low: 7.4%' ]
[GraphSchema] Edge "belongs_to" source should be ["actor","location"], got "region" (edge edge_hist_territory_region_15_hist_culture_0)
[GraphSchema] Edge "belongs_to" source should be ["actor","location"], got "region" (edge edge_hist_territory_region_19_hist_culture_1)
[GraphSchema] Edge "belongs_to" source should be ["actor","location"], got "region" (edge edge_hist_territory_region_3_hist_culture_2)
[GraphSchema] Edge "belongs_to" source should be ["actor","location"], got "region" (edge edge_hist_territory_region_13_hist_culture_0)
[GraphSchema] Edge "belongs_to" source should be ["actor","location"], got "region" (edge edge_hist_territory_region_14_hist_culture_1)
[GraphSchema] Edge "belongs_to" source should be ["actor","location"], got "region" (edge edge_hist_territory_region_12_hist_culture_2)
[GraphSchema] Edge "belongs_to" source should be ["actor","location"], got "region" (edge edge_hist_territory_region_16_hist_culture_0)
[GraphSchema] Edge "belongs_to" source should be ["actor","location"], got "region" (edge edge_hist_territory_region_18_hist_culture_1)
[GraphSchema] Edge "belongs_to" source should be ["actor","location"], got "region" (edge edge_hist_territory_region_17_hist_culture_2)
[GraphSchema] Edge "belongs_to" source should be ["actor","location"], got "region" (edge edge_hist_territory_region_7_hist_culture_0)
[GraphSchema] Edge "belongs_to" source should be ["actor","location"], got "region" (edge edge_hist_territory_region_9_hist_culture_2)
[GraphSchema] Edge "belongs_to" source should be ["actor","location"], got "region" (edge edge_hist_territory_region_11_hist_culture_0)
[GraphSchema] Edge "belongs_to" source should be ["actor","location"], got "region" (edge edge_hist_territory_region_2_hist_culture_2)
[GraphSchema] Edge "belongs_to" source should be ["actor","location"], got "region" (edge edge_hist_territory_region_0_hist_culture_0)
[GraphSchema] Edge "belongs_to" source should be ["actor","location"], got "region" (edge edge_hist_territory_region_6_hist_culture_2)
[GraphSchema] Edge "belongs_to" source should be ["actor","location"], got "region" (edge edge_hist_territory_region_10_hist_culture_0)
[GraphSchema] Edge "belongs_to" source should be ["actor","location"], got "region" (edge edge_hist_territory_region_1_hist_culture_2)
[GraphSchema] Edge "belongs_to" source should be ["actor","location"], got "region" (edge edge_hist_territory_region_5_hist_culture_0)

 [32m✓[39m src/engine/__tests__/gateDutyAftermathProgression.test.ts [2m([22m[2m1 test[22m[2m)[22m[33m 1960[2mms[22m[39m
     [33m[2m✓[22m[39m keeps the sim ticking after the encounter resolves and an aftermath reaction is applied [33m 1959[2mms[22m[39m
[90mstdout[2m | src/engine/__tests__/contracts/threaded-agent-balance.contract.test.ts[2m > [22m[2mthreaded agent balance telemetry contract[2m > [22m[2mrecords starvation idles and forced-travel recovery for a threaded hero
[22m[39m[WorldGen] Pass 'province' completed in 8.1ms
[WorldGen] Pass 'elevation' completed in 16.4ms
[WorldGen] Pass 'coastline' completed in 5.6ms
[WorldGen] Pass 'climate' completed in 33.3ms
[WorldGen] Pass 'hydrology' completed in 22.4ms
[WorldGen] Pass 'tempReassess' completed in 2.9ms
[WorldGen] Pass 'biome' completed in 1.5ms
[WorldGen] Culture terrain nudge: 3 hexes modified
[WorldGen] Pass 'cultureTerrainNudge' completed in 0.4ms
[WorldGen] Pass 'smoothing' completed in 1.3ms
[WorldGen] Pass 'validation' completed in 3.5ms
stderr | src/engine/__tests__/contracts/threaded-agent-balance.contract.test.ts > threaded agent balance telemetry contract > records starvation idles and forced-travel recovery for a threaded hero
[WorldGen] Validation errors: [
  'Ocean fraction too low: 4.7%',
  'Drainage guarantee violated: some land hexes have no downhill path to the sea'
]
[GraphSchema] Edge "belongs_to" source should be ["actor","location"], got "region" (edge edge_hist_territory_region_1_hist_culture_0)
[GraphSchema] Edge "belongs_to" source should be ["actor","location"], got "region" (edge edge_hist_territory_region_6_hist_culture_1)

[GraphSchema] Edge "belongs_to" source should be ["actor","location"], got "region" (edge edge_hist_territory_region_4_hist_culture_2)
[GraphSchema] Edge "belongs_to" source should be ["actor","location"], got "region" (edge edge_hist_territory_region_2_hist_culture_0)
[GraphSchema] Edge "belongs_to" source should be ["actor","location"], got "region" (edge edge_hist_territory_region_5_hist_culture_1)
[GraphSchema] Edge "belongs_to" source should be ["actor","location"], got "region" (edge edge_hist_territory_region_3_hist_culture_0)
[GraphSchema] Edge "belongs_to" source should be ["actor","location"], got "region" (edge edge_hist_territory_region_8_hist_culture_1)
[GraphSchema] Edge "belongs_to" source should be ["actor","location"], got "region" (edge edge_hist_territory_region_0_hist_culture_0)
[GraphSchema] Edge "belongs_to" source should be ["actor","location"], got "region" (edge edge_hist_territory_region_7_hist_culture_1)

 [32m✓[39m src/engine/__tests__/contracts/threaded-agent-balance.contract.test.ts [2m([22m[2m1 test[22m[2m)[22m[33m 2140[2mms[22m[39m
     [33m[2m✓[22m[39m records starvation idles and forced-travel recovery for a threaded hero [33m 2139[2mms[22m[39m
[90mstdout[2m | src/engine/worldgen/__tests__/validation.test.ts[2m > [22m[2mValidation pass — pass09[2m > [22m[2mrunValidationPass returns a ValidationResult with all required fields
[22m[39m[WorldGen] Pass 'province' completed in 4.8ms
[WorldGen] Pass 'elevation' completed in 6.2ms
[WorldGen] Pass 'coastline' completed in 4.7ms
[WorldGen] Pass 'climate' completed in 6.6ms
[WorldGen] Pass 'hydrology' completed in 5.4ms
[WorldGen] Pass 'tempReassess' completed in 1.0ms
[WorldGen] Pass 'biome' completed in 1.4ms
[WorldGen] Culture terrain nudge: 8 hexes modified
[WorldGen] Pass 'cultureTerrainNudge' completed in 0.4ms
[WorldGen] Pass 'smoothing' completed in 2.1ms
[WorldGen] Pass 'validation' completed in 4.2ms

[90mstdout[2m | src/engine/worldgen/__tests__/validation.test.ts[2m > [22m[2mValidation pass — pass09[2m > [22m[2mvalidation confirms drainage on a valid world
[22m[39m[WorldGen] Pass 'province' completed in 2.0ms
[WorldGen] Pass 'elevation' completed in 1.7ms
[WorldGen] Pass 'coastline' completed in 2.8ms
[WorldGen] Pass 'climate' completed in 2.7ms
[WorldGen] Pass 'hydrology' completed in 1.5ms
[WorldGen] Pass 'tempReassess' completed in 0.1ms
[WorldGen] Pass 'biome' completed in 0.4ms
[WorldGen] Culture terrain nudge: 8 hexes modified
[WorldGen] Pass 'cultureTerrainNudge' completed in 0.1ms
[WorldGen] Pass 'smoothing' completed in 0.6ms
[WorldGen] Pass 'validation' completed in 0.8ms

stderr | src/engine/__tests__/orchestrator.test.ts > Orchestrator > runTick accumulates recent events
[GraphSchema] Edge "belongs_to" source should be ["actor","location"], got "region" (edge edge_hist_territory_region_0_hist_culture_0)
[Orchestrator] Tick crashed, returning previous state: Error: Trait not found: trait.reputation.power.renown
    at assignTrait (C:/Users/chris/Dev/Projects/TheFantasyWorldSimulator/src/engine/traits.ts:44:25)
    at syncReputationTrait (C:/Users/chris/Dev/Projects/TheFantasyWorldSimulator/src/engine/phaseReputationTraits.ts:297:5)
    at phaseReputationTraits (C:/Users/chris/Dev/Projects/TheFantasyWorldSimulator/src/engine/phaseReputationTraits.ts:273:7)
    at runTick (C:/Users/chris/Dev/Projects/TheFantasyWorldSimulator/src/engine/orchestrator.ts:1896:18)
    at C:/Users/chris/Dev/Projects/TheFantasyWorldSimulator/src/engine/__tests__/orchestrator.test.ts:286:15
    at file:///C:/Users/chris/Dev/Projects/TheFantasyWorldSimulator/node_modules/@vitest/runner/dist/index.js:145:11
    at file:///C:/Users/chris/Dev/Projects/TheFantasyWorldSimulator/node_modules/@vitest/runner/dist/index.js:915:26
    at file:///C:/Users/chris/Dev/Projects/TheFantasyWorldSimulator/node_modules/@vitest/runner/dist/index.js:1243:20
    at new Promise (<anonymous>)
    at runWithTimeout (file:///C:/Users/chris/Dev/Projects/TheFantasyWorldSimulator/node_modules/@vitest/runner/dist/index.js:1209:10)
[Orchestrator] Tick crashed, returning previous state: Error: Trait not found: trait.reputation.power.renown
    at assignTrait (C:/Users/chris/Dev/Projects/TheFantasyWorldSimulator/src/engine/traits.ts:44:25)
    at syncReputationTrait (C:/Users/chris/Dev/Projects/TheFantasyWorldSimulator/src/engine/phaseReputationTraits.ts:297:5)
    at phaseReputationTraits (C:/Users/chris/Dev/Projects/TheFantasyWorldSimulator/src/engine/phaseReputationTraits.ts:273:7)
    at runTick (C:/Users/chris/Dev/Projects/TheFantasyWorldSimulator/src/engine/orchestrator.ts:1896:18)
    at C:/Users/chris/Dev/Projects/TheFantasyWorldSimulator/src/engine/__tests__/orchestrator.test.ts:286:15
    at file:///C:/Users/chris/Dev/Projects/TheFantasyWorldSimulator/node_modules/@vitest/runner/dist/index.js:145:11
    at file:///C:/Users/chris/Dev/Projects/TheFantasyWorldSimulator/node_modules/@vitest/runner/dist/index.js:915:26
    at file:///C:/Users/chris/Dev/Projects/TheFantasyWorldSimulator/node_modules/@vitest/runner/dist/index.js:1243:20
    at new Promise (<anonymous>)
    at runWithTimeout (file:///C:/Users/chris/Dev/Projects/TheFantasyWorldSimulator/node_modules/@vitest/runner/dist/index.js:1209:10)
[Orchestrator] Tick crashed, returning previous state: Error: Trait not found: trait.reputation.power.renown
    at assignTrait (C:/Users/chris/Dev/Projects/TheFantasyWorldSimulator/src/engine/traits.ts:44:25)
    at syncReputationTrait (C:/Users/chris/Dev/Projects/TheFantasyWorldSimulator/src/engine/phaseReputationTraits.ts:297:5)
    at phaseReputationTraits (C:/Users/chris/Dev/Projects/TheFantasyWorldSimulator/src/engine/phaseReputationTraits.ts:273:7)
    at runTick (C:/Users/chris/Dev/Projects/TheFantasyWorldSimulator/src/engine/orchestrator.ts:1896:18)
    at C:/Users/chris/Dev/Projects/TheFantasyWorldSimulator/src/engine/__tests__/orchestrator.test.ts:286:15
    at file:///C:/Users/chris/Dev/Projects/TheFantasyWorldSimulator/node_modules/@vitest/runner/dist/index.js:145:11
    at file:///C:/Users/chris/Dev/Projects/TheFantasyWorldSimulator/node_modules/@vitest/runner/dist/index.js:915:26
    at file:///C:/Users/chris/Dev/Projects/TheFantasyWorldSimulator/node_modules/@vitest/runner/dist/index.js:1243:20
    at new Promise (<anonymous>)
    at runWithTimeout (file:///C:/Users/chris/Dev/Projects/TheFantasyWorldSimulator/node_modules/@vitest/runner/dist/index.js:1209:10)
[Orchestrator] Tick crashed, returning previous state: Error: Trait not found: trait.reputation.power.renown
    at assignTrait (C:/Users/chris/Dev/Projects/TheFantasyWorldSimulator/src/engine/traits.ts:44:25)
    at syncReputationTrait (C:/Users/chris/Dev/Projects/TheFantasyWorldSimulator/src/engine/phaseReputationTraits.ts:297:5)
    at phaseReputationTraits (C:/Users/chris/Dev/Projects/TheFantasyWorldSimulator/src/engine/phaseReputationTraits.ts:273:7)
    at runTick (C:/Users/chris/Dev/Projects/TheFantasyWorldSimulator/src/engine/orchestrator.ts:1896:18)
    at C:/Users/chris/Dev/Projects/TheFantasyWorldSimulator/src/engine/__tests__/orchestrator.test.ts:286:15
    at file:///C:/Users/chris/Dev/Projects/TheFantasyWorldSimulator/node_modules/@vitest/runner/dist/index.js:145:11
    at file:///C:/Users/chris/Dev/Projects/TheFantasyWorldSimulator/node_modules/@vitest/runner/dist/index.js:915:26
    at file:///C:/Users/chris/Dev/Projects/TheFantasyWorldSimulator/node_modules/@vitest/runner/dist/index.js:1243:20
    at new Promise (<anonymous>)
    at runWithTimeout (file:///C:/Users/chris/Dev/Projects/TheFantasyWorldSimulator/node_modules/@vitest/runner/dist/index.js:1209:10)
[Orchestrator] Tick crashed, returning previous state: Error: Trait not found: trait.reputation.power.renown
    at assignTrait (C:/Users/chris/Dev/Projects/TheFantasyWorldSimulator/src/engine/traits.ts:44:25)
    at syncReputationTrait (C:/Users/chris/Dev/Projects/TheFantasyWorldSimulator/src/engine/phaseReputationTraits.ts:297:5)
    at phaseReputationTraits (C:/Users/chris/Dev/Projects/TheFantasyWorldSimulator/src/engine/phaseReputationTraits.ts:273:7)
    at runTick (C:/Users/chris/Dev/Projects/TheFantasyWorldSimulator/src/engine/orchestrator.ts:1896:18)
    at C:/Users/chris/Dev/Projects/TheFantasyWorldSimulator/src/engine/__tests__/orchestrator.test.ts:286:15
    at file:///C:/Users/chris/Dev/Projects/TheFantasyWorldSimulator/node_modules/@vitest/runner/dist/index.js:145:11
    at file:///C:/Users/chris/Dev/Projects/TheFantasyWorldSimulator/node_modules/@vitest/runner/dist/index.js:915:26
    at file:///C:/Users/chris/Dev/Projects/TheFantasyWorldSimulator/node_modules/@vitest/runner/dist/index.js:1243:20
    at new Promise (<anonymous>)
    at runWithTimeout (file:///C:/Users/chris/Dev/Projects/TheFantasyWorldSimulator/node_modules/@vitest/runner/dist/index.js:1209:10)
[Orchestrator] Tick crashed, returning previous state: Error: Trait not found: trait.reputation.power.renown
    at assignTrait (C:/Users/chris/Dev/Projects/TheFantasyWorldSimulator/src/engine/traits.ts:44:25)
    at syncReputationTrait (C:/Users/chris/Dev/Projects/TheFantasyWorldSimulator/src/engine/phaseReputationTraits.ts:297:5)
    at phaseReputationTraits (C:/Users/chris/Dev/Projects/TheFantasyWorldSimulator/src/engine/phaseReputationTraits.ts:273:7)
    at runTick (C:/Users/chris/Dev/Projects/TheFantasyWorldSimulator/src/engine/orchestrator.ts:1896:18)
    at C:/Users/chris/Dev/Projects/TheFantasyWorldSimulator/src/engine/__tests__/orchestrator.test.ts:286:15
    at file:///C:/Users/chris/Dev/Projects/TheFantasyWorldSimulator/node_modules/@vitest/runner/dist/index.js:145:11
    at file:///C:/Users/chris/Dev/Projects/TheFantasyWorldSimulator/node_modules/@vitest/runner/dist/index.js:915:26
    at file:///C:/Users/chris/Dev/Projects/TheFantasyWorldSimulator/node_modules/@vitest/runner/dist/index.js:1243:20
    at new Promise (<anonymous>)
    at runWithTimeout (file:///C:/Users/chris/Dev/Projects/TheFantasyWorldSimulator/node_modules/@vitest/runner/dist/index.js:1209:10)
[Orchestrator] Tick crashed, returning previous state: Error: Trait not found: trait.reputation.power.renown
    at assignTrait (C:/Users/chris/Dev/Projects/TheFantasyWorldSimulator/src/engine/traits.ts:44:25)
    at syncReputationTrait (C:/Users/chris/Dev/Projects/TheFantasyWorldSimulator/src/engine/phaseReputationTraits.ts:297:5)
    at phaseReputationTraits (C:/Users/chris/Dev/Projects/TheFantasyWorldSimulator/src/engine/phaseReputationTraits.ts:273:7)
    at runTick (C:/Users/chris/Dev/Projects/TheFantasyWorldSimulator/src/engine/orchestrator.ts:1896:18)
    at C:/Users/chris/Dev/Projects/TheFantasyWorldSimulator/src/engine/__tests__/orchestrator.test.ts:286:15
    at file:///C:/Users/chris/Dev/Projects/TheFantasyWorldSimulator/node_modules/@vitest/runner/dist/index.js:145:11
    at file:///C:/Users/chris/Dev/Projects/TheFantasyWorldSimulator/node_modules/@vitest/runner/dist/index.js:915:26
    at file:///C:/Users/chris/Dev/Projects/TheFantasyWorldSimulator/node_modules/@vitest/runner/dist/index.js:1243:20
    at new Promise (<anonymous>)
    at runWithTimeout (file:///C:/Users/chris/Dev/Projects/TheFantasyWorldSimulator/node_modules/@vitest/runner/dist/index.js:1209:10)
[Orchestrator] Tick crashed, returning previous state: Error: Trait not found: trait.reputation.power.renown
    at assignTrait (C:/Users/chris/Dev/Projects/TheFantasyWorldSimulator/src/engine/traits.ts:44:25)
    at syncReputationTrait (C:/Users/chris/Dev/Projects/TheFantasyWorldSimulator/src/engine/phaseReputationTraits.ts:297:5)
    at phaseReputationTraits (C:/Users/chris/Dev/Projects/TheFantasyWorldSimulator/src/engine/phaseReputationTraits.ts:273:7)
    at runTick (C:/Users/chris/Dev/Projects/TheFantasyWorldSimulator/src/engine/orchestrator.ts:1896:18)
    at C:/Users/chris/Dev/Projects/TheFantasyWorldSimulator/src/engine/__tests__/orchestrator.test.ts:286:15
    at file:///C:/Users/chris/Dev/Projects/TheFantasyWorldSimulator/node_modules/@vitest/runner/dist/index.js:145:11
    at file:///C:/Users/chris/Dev/Projects/TheFantasyWorldSimulator/node_modules/@vitest/runner/dist/index.js:915:26
    at file:///C:/Users/chris/Dev/Projects/TheFantasyWorldSimulator/node_modules/@vitest/runner/dist/index.js:1243:20
    at new Promise (<anonymous>)
    at runWithTimeout (file:///C:/Users/chris/Dev/Projects/TheFantasyWorldSimulator/node_modules/@vitest/runner/dist/index.js:1209:10)
[Orchestrator] Tick crashed, returning previous state: Error: Trait not found: trait.reputation.power.renown
    at assignTrait (C:/Users/chris/Dev/Projects/TheFantasyWorldSimulator/src/engine/traits.ts:44:25)
    at syncReputationTrait (C:/Users/chris/Dev/Projects/TheFantasyWorldSimulator/src/engine/phaseReputationTraits.ts:297:5)
    at phaseReputationTraits (C:/Users/chris/Dev/Projects/TheFantasyWorldSimulator/src/engine/phaseReputationTraits.ts:273:7)
    at runTick (C:/Users/chris/Dev/Projects/TheFantasyWorldSimulator/src/engine/orchestrator.ts:1896:18)
    at C:/Users/chris/Dev/Projects/TheFantasyWorldSimulator/src/engine/__tests__/orchestrator.test.ts:286:15
    at file:///C:/Users/chris/Dev/Projects/TheFantasyWorldSimulator/node_modules/@vitest/runner/dist/index.js:145:11
    at file:///C:/Users/chris/Dev/Projects/TheFantasyWorldSimulator/node_modules/@vitest/runner/dist/index.js:915:26
    at file:///C:/Users/chris/Dev/Projects/TheFantasyWorldSimulator/node_modules/@vitest/runner/dist/index.js:1243:20
    at new Promise (<anonymous>)
    at runWithTimeout (file:///C:/Users/chris/Dev/Projects/TheFantasyWorldSimulator/node_modules/@vitest/runner/dist/index.js:1209:10)
[Orchestrator] Tick crashed, returning previous state: Error: Trait not found: trait.reputation.power.renown
    at assignTrait (C:/Users/chris/Dev/Projects/TheFantasyWorldSimulator/src/engine/traits.ts:44:25)
    at syncReputationTrait (C:/Users/chris/Dev/Projects/TheFantasyWorldSimulator/src/engine/phaseReputationTraits.ts:297:5)
    at phaseReputationTraits (C:/Users/chris/Dev/Projects/TheFantasyWorldSimulator/src/engine/phaseReputationTraits.ts:273:7)
    at runTick (C:/Users/chris/Dev/Projects/TheFantasyWorldSimulator/src/engine/orchestrator.ts:1896:18)
    at C:/Users/chris/Dev/Projects/TheFantasyWorldSimulator/src/engine/__tests__/orchestrator.test.ts:286:15
    at file:///C:/Users/chris/Dev/Projects/TheFantasyWorldSimulator/node_modules/@vitest/runner/dist/index.js:145:11
    at file:///C:/Users/chris/Dev/Projects/TheFantasyWorldSimulator/node_modules/@vitest/runner/dist/index.js:915:26
    at file:///C:/Users/chris/Dev/Projects/TheFantasyWorldSimulator/node_modules/@vitest/runner/dist/index.js:1243:20
    at new Promise (<anonymous>)
    at runWithTimeout (file:///C:/Users/chris/Dev/Projects/TheFantasyWorldSimulator/node_modules/@vitest/runner/dist/index.js:1209:10)
[Orchestrator] Tick crashed, returning previous state: Error: Trait not found: trait.reputation.power.renown
    at assignTrait (C:/Users/chris/Dev/Projects/TheFantasyWorldSimulator/src/engine/traits.ts:44:25)
    at syncReputationTrait (C:/Users/chris/Dev/Projects/TheFantasyWorldSimulator/src/engine/phaseReputationTraits.ts:297:5)
    at phaseReputationTraits (C:/Users/chris/Dev/Projects/TheFantasyWorldSimulator/src/engine/phaseReputationTraits.ts:273:7)
    at runTick (C:/Users/chris/Dev/Projects/TheFantasyWorldSimulator/src/engine/orchestrator.ts:1896:18)
    at C:/Users/chris/Dev/Projects/TheFantasyWorldSimulator/src/engine/__tests__/orchestrator.test.ts:286:15
    at file:///C:/Users/chris/Dev/Projects/TheFantasyWorldSimulator/node_modules/@vitest/runner/dist/index.js:145:11
    at file:///C:/Users/chris/Dev/Projects/TheFantasyWorldSimulator/node_modules/@vitest/runner/dist/index.js:915:26
    at file:///C:/Users/chris/Dev/Projects/TheFantasyWorldSimulator/node_modules/@vitest/runner/dist/index.js:1243:20
    at new Promise (<anonymous>)
    at runWithTimeout (file:///C:/Users/chris/Dev/Projects/TheFantasyWorldSimulator/node_modules/@vitest/runner/dist/index.js:1209:10)
[Orchestrator] Tick crashed, returning previous state: Error: Trait not found: trait.reputation.power.renown
    at assignTrait (C:/Users/chris/Dev/Projects/TheFantasyWorldSimulator/src/engine/traits.ts:44:25)
    at syncReputationTrait (C:/Users/chris/Dev/Projects/TheFantasyWorldSimulator/src/engine/phaseReputationTraits.ts:297:5)
    at phaseReputationTraits (C:/Users/chris/Dev/Projects/TheFantasyWorldSimulator/src/engine/phaseReputationTraits.ts:273:7)
    at runTick (C:/Users/chris/Dev/Projects/TheFantasyWorldSimulator/src/engine/orchestrator.ts:1896:18)
    at C:/Users/chris/Dev/Projects/TheFantasyWorldSimulator/src/engine/__tests__/orchestrator.test.ts:286:15
    at file:///C:/Users/chris/Dev/Projects/TheFantasyWorldSimulator/node_modules/@vitest/runner/dist/index.js:145:11
    at file:///C:/Users/chris/Dev/Projects/TheFantasyWorldSimulator/node_modules/@vitest/runner/dist/index.js:915:26
    at file:///C:/Users/chris/Dev/Projects/TheFantasyWorldSimulator/node_modules/@vitest/runner/dist/index.js:1243:20
    at new Promise (<anonymous>)
    at runWithTimeout (file:///C:/Users/chris/Dev/Projects/TheFantasyWorldSimulator/node_modules/@vitest/runner/dist/index.js:1209:10)
[Orchestrator] Tick crashed, returning previous state: Error: Trait not found: trait.reputation.power.renown
    at assignTrait (C:/Users/chris/Dev/Projects/TheFantasyWorldSimulator/src/engine/traits.ts:44:25)
    at syncReputationTrait (C:/Users/chris/Dev/Projects/TheFantasyWorldSimulator/src/engine/phaseReputationTraits.ts:297:5)
    at phaseReputationTraits (C:/Users/chris/Dev/Projects/TheFantasyWorldSimulator/src/engine/phaseReputationTraits.ts:273:7)
    at runTick (C:/Users/chris/Dev/Projects/TheFantasyWorldSimulator/src/engine/orchestrator.ts:1896:18)
    at C:/Users/chris/Dev/Projects/TheFantasyWorldSimulator/src/engine/__tests__/orchestrator.test.ts:286:15
    at file:///C:/Users/chris/Dev/Projects/TheFantasyWorldSimulator/node_modules/@vitest/runner/dist/index.js:145:11
    at file:///C:/Users/chris/Dev/Projects/TheFantasyWorldSimulator/node_modules/@vitest/runner/dist/index.js:915:26
    at file:///C:/Users/chris/Dev/Projects/TheFantasyWorldSimulator/node_modules/@vitest/runner/dist/index.js:1243:20
    at new Promise (<anonymous>)
    at runWithTimeout (file:///C:/Users/chris/Dev/Projects/TheFantasyWorldSimulator/node_modules/@vitest/runner/dist/index.js:1209:10)
[Orchestrator] Tick crashed, returning previous state: Error: Trait not found: trait.reputation.power.renown
    at assignTrait (C:/Users/chris/Dev/Projects/TheFantasyWorldSimulator/src/engine/traits.ts:44:25)
    at syncReputationTrait (C:/Users/chris/Dev/Projects/TheFantasyWorldSimulator/src/engine/phaseReputationTraits.ts:297:5)
    at phaseReputationTraits (C:/Users/chris/Dev/Projects/TheFantasyWorldSimulator/src/engine/phaseReputationTraits.ts:273:7)
    at runTick (C:/Users/chris/Dev/Projects/TheFantasyWorldSimulator/src/engine/orchestrator.ts:1896:18)
    at C:/Users/chris/Dev/Projects/TheFantasyWorldSimulator/src/engine/__tests__/orchestrator.test.ts:286:15
    at file:///C:/Users/chris/Dev/Projects/TheFantasyWorldSimulator/node_modules/@vitest/runner/dist/index.js:145:11
    at file:///C:/Users/chris/Dev/Projects/TheFantasyWorldSimulator/node_modules/@vitest/runner/dist/index.js:915:26
    at file:///C:/Users/chris/Dev/Projects/TheFantasyWorldSimulator/node_modules/@vitest/runner/dist/index.js:1243:20
    at new Promise (<anonymous>)
    at runWithTimeout (file:///C:/Users/chris/Dev/Projects/TheFantasyWorldSimulator/node_modules/@vitest/runner/dist/index.js:1209:10)
[Orchestrator] Tick crashed, returning previous state: Error: Trait not found: trait.reputation.power.renown
    at assignTrait (C:/Users/chris/Dev/Projects/TheFantasyWorldSimulator/src/engine/traits.ts:44:25)
    at syncReputationTrait (C:/Users/chris/Dev/Projects/TheFantasyWorldSimulator/src/engine/phaseReputationTraits.ts:297:5)
    at phaseReputationTraits (C:/Users/chris/Dev/Projects/TheFantasyWorldSimulator/src/engine/phaseReputationTraits.ts:273:7)
    at runTick (C:/Users/chris/Dev/Projects/TheFantasyWorldSimulator/src/engine/orchestrator.ts:1896:18)
    at C:/Users/chris/Dev/Projects/TheFantasyWorldSimulator/src/engine/__tests__/orchestrator.test.ts:286:15
    at file:///C:/Users/chris/Dev/Projects/TheFantasyWorldSimulator/node_modules/@vitest/runner/dist/index.js:145:11
    at file:///C:/Users/chris/Dev/Projects/TheFantasyWorldSimulator/node_modules/@vitest/runner/dist/index.js:915:26
    at file:///C:/Users/chris/Dev/Projects/TheFantasyWorldSimulator/node_modules/@vitest/runner/dist/index.js:1243:20
    at new Promise (<anonymous>)
    at runWithTimeout (file:///C:/Users/chris/Dev/Projects/TheFantasyWorldSimulator/node_modules/@vitest/runner/dist/index.js:1209:10)
[Orchestrator] Tick crashed, returning previous state: Error: Trait not found: trait.reputation.power.renown
    at assignTrait (C:/Users/chris/Dev/Projects/TheFantasyWorldSimulator/src/engine/traits.ts:44:25)
    at syncReputationTrait (C:/Users/chris/Dev/Projects/TheFantasyWorldSimulator/src/engine/phaseReputationTraits.ts:297:5)
    at phaseReputationTraits (C:/Users/chris/Dev/Projects/TheFantasyWorldSimulator/src/engine/phaseReputationTraits.ts:273:7)
    at runTick (C:/Users/chris/Dev/Projects/TheFantasyWorldSimulator/src/engine/orchestrator.ts:1896:18)
    at C:/Users/chris/Dev/Projects/TheFantasyWorldSimulator/src/engine/__tests__/orchestrator.test.ts:286:15
    at file:///C:/Users/chris/Dev/Projects/TheFantasyWorldSimulator/node_modules/@vitest/runner/dist/index.js:145:11
    at file:///C:/Users/chris/Dev/Projects/TheFantasyWorldSimulator/node_modules/@vitest/runner/dist/index.js:915:26
    at file:///C:/Users/chris/Dev/Projects/TheFantasyWorldSimulator/node_modules/@vitest/runner/dist/index.js:1243:20
    at new Promise (<anonymous>)
    at runWithTimeout (file:///C:/Users/chris/Dev/Projects/TheFantasyWorldSimulator/node_modules/@vitest/runner/dist/index.js:1209:10)
[Orchestrator] Tick crashed, returning previous state: Error: Trait not found: trait.reputation.power.renown
    at assignTrait (C:/Users/chris/Dev/Projects/TheFantasyWorldSimulator/src/engine/traits.ts:44:25)
    at syncReputationTrait (C:/Users/chris/Dev/Projects/TheFantasyWorldSimulator/src/engine/phaseReputationTraits.ts:297:5)
    at phaseReputationTraits (C:/Users/chris/Dev/Projects/TheFantasyWorldSimulator/src/engine/phaseReputationTraits.ts:273:7)
    at runTick (C:/Users/chris/Dev/Projects/TheFantasyWorldSimulator/src/engine/orchestrator.ts:1896:18)
    at C:/Users/chris/Dev/Projects/TheFantasyWorldSimulator/src/engine/__tests__/orchestrator.test.ts:286:15
    at file:///C:/Users/chris/Dev/Projects/TheFantasyWorldSimulator/node_modules/@vitest/runner/dist/index.js:145:11
    at file:///C:/Users/chris/Dev/Projects/TheFantasyWorldSimulator/node_modules/@vitest/runner/dist/index.js:915:26
    at file:///C:/Users/chris/Dev/Projects/TheFantasyWorldSimulator/node_modules/@vitest/runner/dist/index.js:1243:20
    at new Promise (<anonymous>)
    at runWithTimeout (file:///C:/Users/chris/Dev/Projects/TheFantasyWorldSimulator/node_modules/@vitest/runner/dist/index.js:1209:10)
[Orchestrator] Tick crashed, returning previous state: Error: Trait not found: trait.reputation.power.renown
    at assignTrait (C:/Users/chris/Dev/Projects/TheFantasyWorldSimulator/src/engine/traits.ts:44:25)
    at syncReputationTrait (C:/Users/chris/Dev/Projects/TheFantasyWorldSimulator/src/engine/phaseReputationTraits.ts:297:5)
    at phaseReputationTraits (C:/Users/chris/Dev/Projects/TheFantasyWorldSimulator/src/engine/phaseReputationTraits.ts:273:7)
    at runTick (C:/Users/chris/Dev/Projects/TheFantasyWorldSimulator/src/engine/orchestrator.ts:1896:18)
    at C:/Users/chris/Dev/Projects/TheFantasyWorldSimulator/src/engine/__tests__/orchestrator.test.ts:286:15
    at file:///C:/Users/chris/Dev/Projects/TheFantasyWorldSimulator/node_modules/@vitest/runner/dist/index.js:145:11
    at file:///C:/Users/chris/Dev/Projects/TheFantasyWorldSimulator/node_modules/@vitest/runner/dist/index.js:915:26
    at file:///C:/Users/chris/Dev/Projects/TheFantasyWorldSimulator/node_modules/@vitest/runner/dist/index.js:1243:20
    at new Promise (<anonymous>)
    at runWithTimeout (file:///C:/Users/chris/Dev/Projects/TheFantasyWorldSimulator/node_modules/@vitest/runner/dist/index.js:1209:10)
[Orchestrator] Tick crashed, returning previous state: Error: Trait not found: trait.reputation.power.renown
    at assignTrait (C:/Users/chris/Dev/Projects/TheFantasyWorldSimulator/src/engine/traits.ts:44:25)
    at syncReputationTrait (C:/Users/chris/Dev/Projects/TheFantasyWorldSimulator/src/engine/phaseReputationTraits.ts:297:5)
    at phaseReputationTraits (C:/Users/chris/Dev/Projects/TheFantasyWorldSimulator/src/engine/phaseReputationTraits.ts:273:7)
    at runTick (C:/Users/chris/Dev/Projects/TheFantasyWorldSimulator/src/engine/orchestrator.ts:1896:18)
    at C:/Users/chris/Dev/Projects/TheFantasyWorldSimulator/src/engine/__tests__/orchestrator.test.ts:286:15
    at file:///C:/Users/chris/Dev/Projects/TheFantasyWorldSimulator/node_modules/@vitest/runner/dist/index.js:145:11
    at file:///C:/Users/chris/Dev/Projects/TheFantasyWorldSimulator/node_modules/@vitest/runner/dist/index.js:915:26
    at file:///C:/Users/chris/Dev/Projects/TheFantasyWorldSimulator/node_modules/@vitest/runner/dist/index.js:1243:20
    at new Promise (<anonymous>)
    at runWithTimeout (file:///C:/Users/chris/Dev/Projects/TheFantasyWorldSimulator/node_modules/@vitest/runner/dist/index.js:1209:10)
[Orchestrator] Tick crashed, returning previous state: Error: Trait not found: trait.reputation.power.renown
    at assignTrait (C:/Users/chris/Dev/Projects/TheFantasyWorldSimulator/src/engine/traits.ts:44:25)
    at syncReputationTrait (C:/Users/chris/Dev/Projects/TheFantasyWorldSimulator/src/engine/phaseReputationTraits.ts:297:5)
    at phaseReputationTraits (C:/Users/chris/Dev/Projects/TheFantasyWorldSimulator/src/engine/phaseReputationTraits.ts:273:7)
    at runTick (C:/Users/chris/Dev/Projects/TheFantasyWorldSimulator/src/engine/orchestrator.ts:1896:18)
    at C:/Users/chris/Dev/Projects/TheFantasyWorldSimulator/src/engine/__tests__/orchestrator.test.ts:286:15
    at file:///C:/Users/chris/Dev/Projects/TheFantasyWorldSimulator/node_modules/@vitest/runner/dist/index.js:145:11
    at file:///C:/Users/chris/Dev/Projects/TheFantasyWorldSimulator/node_modules/@vitest/runner/dist/index.js:915:26
    at file:///C:/Users/chris/Dev/Projects/TheFantasyWorldSimulator/node_modules/@vitest/runner/dist/index.js:1243:20
    at new Promise (<anonymous>)
    at runWithTimeout (file:///C:/Users/chris/Dev/Projects/TheFantasyWorldSimulator/node_modules/@vitest/runner/dist/index.js:1209:10)
[Orchestrator] Tick crashed, returning previous state: Error: Trait not found: trait.reputation.power.renown
    at assignTrait (C:/Users/chris/Dev/Projects/TheFantasyWorldSimulator/src/engine/traits.ts:44:25)
    at syncReputationTrait (C:/Users/chris/Dev/Projects/TheFantasyWorldSimulator/src/engine/phaseReputationTraits.ts:297:5)
    at phaseReputationTraits (C:/Users/chris/Dev/Projects/TheFantasyWorldSimulator/src/engine/phaseReputationTraits.ts:273:7)
    at runTick (C:/Users/chris/Dev/Projects/TheFantasyWorldSimulator/src/engine/orchestrator.ts:1896:18)
    at C:/Users/chris/Dev/Projects/TheFantasyWorldSimulator/src/engine/__tests__/orchestrator.test.ts:286:15
    at file:///C:/Users/chris/Dev/Projects/TheFantasyWorldSimulator/node_modules/@vitest/runner/dist/index.js:145:11
    at file:///C:/Users/chris/Dev/Projects/TheFantasyWorldSimulator/node_modules/@vitest/runner/dist/index.js:915:26
    at file:///C:/Users/chris/Dev/Projects/TheFantasyWorldSimulator/node_modules/@vitest/runner/dist/index.js:1243:20
    at new Promise (<anonymous>)
    at runWithTimeout (file:///C:/Users/chris/Dev/Projects/TheFantasyWorldSimulator/node_modules/@vitest/runner/dist/index.js:1209:10)
[Orchestrator] Tick crashed, returning previous state: Error: Trait not found: trait.reputation.power.renown
    at assignTrait (C:/Users/chris/Dev/Projects/TheFantasyWorldSimulator/src/engine/traits.ts:44:25)
    at syncReputationTrait (C:/Users/chris/Dev/Projects/TheFantasyWorldSimulator/src/engine/phaseReputationTraits.ts:297:5)
    at phaseReputationTraits (C:/Users/chris/Dev/Projects/TheFantasyWorldSimulator/src/engine/phaseReputationTraits.ts:273:7)
    at runTick (C:/Users/chris/Dev/Projects/TheFantasyWorldSimulator/src/engine/orchestrator.ts:1896:18)
    at C:/Users/chris/Dev/Projects/TheFantasyWorldSimulator/src/engine/__tests__/orchestrator.test.ts:286:15
    at file:///C:/Users/chris/Dev/Projects/TheFantasyWorldSimulator/node_modules/@vitest/runner/dist/index.js:145:11
    at file:///C:/Users/chris/Dev/Projects/TheFantasyWorldSimulator/node_modules/@vitest/runner/dist/index.js:915:26
    at file:///C:/Users/chris/Dev/Projects/TheFantasyWorldSimulator/node_modules/@vitest/runner/dist/index.js:1243:20
    at new Promise (<anonymous>)
    at runWithTimeout (file:///C:/Users/chris/Dev/Projects/TheFantasyWorldSimulator/node_modules/@vitest/runner/dist/index.js:1209:10)
[Orchestrator] Tick crashed, returning previous state: Error: Trait not found: trait.reputation.power.renown
    at assignTrait (C:/Users/chris/Dev/Projects/TheFantasyWorldSimulator/src/engine/traits.ts:44:25)
    at syncReputationTrait (C:/Users/chris/Dev/Projects/TheFantasyWorldSimulator/src/engine/phaseReputationTraits.ts:297:5)
    at phaseReputationTraits (C:/Users/chris/Dev/Projects/TheFantasyWorldSimulator/src/engine/phaseReputationTraits.ts:273:7)
    at runTick (C:/Users/chris/Dev/Projects/TheFantasyWorldSimulator/src/engine/orchestrator.ts:1896:18)
    at C:/Users/chris/Dev/Projects/TheFantasyWorldSimulator/src/engine/__tests__/orchestrator.test.ts:286:15
    at file:///C:/Users/chris/Dev/Projects/TheFantasyWorldSimulator/node_modules/@vitest/runner/dist/index.js:145:11
    at file:///C:/Users/chris/Dev/Projects/TheFantasyWorldSimulator/node_modules/@vitest/runner/dist/index.js:915:26
    at file:///C:/Users/chris/Dev/Projects/TheFantasyWorldSimulator/node_modules/@vitest/runner/dist/index.js:1243:20
    at new Promise (<anonymous>)
    at runWithTimeout (file:///C:/Users/chris/Dev/Projects/TheFantasyWorldSimulator/node_modules/@vitest/runner/dist/index.js:1209:10)
[Orchestrator] Tick crashed, returning previous state: Error: Trait not found: trait.reputation.power.renown
    at assignTrait (C:/Users/chris/Dev/Projects/TheFantasyWorldSimulator/src/engine/traits.ts:44:25)
    at syncReputationTrait (C:/Users/chris/Dev/Projects/TheFantasyWorldSimulator/src/engine/phaseReputationTraits.ts:297:5)
    at phaseReputationTraits (C:/Users/chris/Dev/Projects/TheFantasyWorldSimulator/src/engine/phaseReputationTraits.ts:273:7)
    at runTick (C:/Users/chris/Dev/Projects/TheFantasyWorldSimulator/src/engine/orchestrator.ts:1896:18)
    at C:/Users/chris/Dev/Projects/TheFantasyWorldSimulator/src/engine/__tests__/orchestrator.test.ts:286:15
    at file:///C:/Users/chris/Dev/Projects/TheFantasyWorldSimulator/node_modules/@vitest/runner/dist/index.js:145:11
    at file:///C:/Users/chris/Dev/Projects/TheFantasyWorldSimulator/node_modules/@vitest/runner/dist/index.js:915:26
    at file:///C:/Users/chris/Dev/Projects/TheFantasyWorldSimulator/node_modules/@vitest/runner/dist/index.js:1243:20
    at new Promise (<anonymous>)
    at runWithTimeout (file:///C:/Users/chris/Dev/Projects/TheFantasyWorldSimulator/node_modules/@vitest/runner/dist/index.js:1209:10)
[Orchestrator] Tick crashed, returning previous state: Error: Trait not found: trait.reputation.power.renown
    at assignTrait (C:/Users/chris/Dev/Projects/TheFantasyWorldSimulator/src/engine/traits.ts:44:25)
    at syncReputationTrait (C:/Users/chris/Dev/Projects/TheFantasyWorldSimulator/src/engine/phaseReputationTraits.ts:297:5)
    at phaseReputationTraits (C:/Users/chris/Dev/Projects/TheFantasyWorldSimulator/src/engine/phaseReputationTraits.ts:273:7)
    at runTick (C:/Users/chris/Dev/Projects/TheFantasyWorldSimulator/src/engine/orchestrator.ts:1896:18)
    at C:/Users/chris/Dev/Projects/TheFantasyWorldSimulator/src/engine/__tests__/orchestrator.test.ts:286:15
    at file:///C:/Users/chris/Dev/Projects/TheFantasyWorldSimulator/node_modules/@vitest/runner/dist/index.js:145:11
    at file:///C:/Users/chris/Dev/Projects/TheFantasyWorldSimulator/node_modules/@vitest/runner/dist/index.js:915:26
    at file:///C:/Users/chris/Dev/Projects/TheFantasyWorldSimulator/node_modules/@vitest/runner/dist/index.js:1243:20
    at new Promise (<anonymous>)
    at runWithTimeout (file:///C:/Users/chris/Dev/Projects/TheFantasyWorldSimulator/node_modules/@vitest/runner/dist/index.js:1209:10)
[Orchestrator] Tick crashed, returning previous state: Error: Trait not found: trait.reputation.power.renown
    at assignTrait (C:/Users/chris/Dev/Projects/TheFantasyWorldSimulator/src/engine/traits.ts:44:25)
    at syncReputationTrait (C:/Users/chris/Dev/Projects/TheFantasyWorldSimulator/src/engine/phaseReputationTraits.ts:297:5)
    at phaseReputationTraits (C:/Users/chris/Dev/Projects/TheFantasyWorldSimulator/src/engine/phaseReputationTraits.ts:273:7)
    at runTick (C:/Users/chris/Dev/Projects/TheFantasyWorldSimulator/src/engine/orchestrator.ts:1896:18)
    at C:/Users/chris/Dev/Projects/TheFantasyWorldSimulator/src/engine/__tests__/orchestrator.test.ts:286:15
    at file:///C:/Users/chris/Dev/Projects/TheFantasyWorldSimulator/node_modules/@vitest/runner/dist/index.js:145:11
    at file:///C:/Users/chris/Dev/Projects/TheFantasyWorldSimulator/node_modules/@vitest/runner/dist/index.js:915:26
    at file:///C:/Users/chris/Dev/Projects/TheFantasyWorldSimulator/node_modules/@vitest/runner/dist/index.js:1243:20
    at new Promise (<anonymous>)
    at runWithTimeout (file:///C:/Users/chris/Dev/Projects/TheFantasyWorldSimulator/node_modules/@vitest/runner/dist/index.js:1209:10)
[Orchestrator] Tick crashed, returning previous state: Error: Trait not found: trait.reputation.power.renown
    at assignTrait (C:/Users/chris/Dev/Projects/TheFantasyWorldSimulator/src/engine/traits.ts:44:25)
    at syncReputationTrait (C:/Users/chris/Dev/Projects/TheFantasyWorldSimulator/src/engine/phaseReputationTraits.ts:297:5)
    at phaseReputationTraits (C:/Users/chris/Dev/Projects/TheFantasyWorldSimulator/src/engine/phaseReputationTraits.ts:273:7)
    at runTick (C:/Users/chris/Dev/Projects/TheFantasyWorldSimulator/src/engine/orchestrator.ts:1896:18)
    at C:/Users/chris/Dev/Projects/TheFantasyWorldSimulator/src/engine/__tests__/orchestrator.test.ts:286:15
    at file:///C:/Users/chris/Dev/Projects/TheFantasyWorldSimulator/node_modules/@vitest/runner/dist/index.js:145:11
    at file:///C:/Users/chris/Dev/Projects/TheFantasyWorldSimulator/node_modules/@vitest/runner/dist/index.js:915:26
    at file:///C:/Users/chris/Dev/Projects/TheFantasyWorldSimulator/node_modules/@vitest/runner/dist/index.js:1243:20
    at new Promise (<anonymous>)
    at runWithTimeout (file:///C:/Users/chris/Dev/Projects/TheFantasyWorldSimulator/node_modules/@vitest/runner/dist/index.js:1209:10)
[Orchestrator] Tick crashed, returning previous state: Error: Trait not found: trait.reputation.power.renown
    at assignTrait (C:/Users/chris/Dev/Projects/TheFantasyWorldSimulator/src/engine/traits.ts:44:25)
    at syncReputationTrait (C:/Users/chris/Dev/Projects/TheFantasyWorldSimulator/src/engine/phaseReputationTraits.ts:297:5)
    at phaseReputationTraits (C:/Users/chris/Dev/Projects/TheFantasyWorldSimulator/src/engine/phaseReputationTraits.ts:273:7)
    at runTick (C:/Users/chris/Dev/Projects/TheFantasyWorldSimulator/src/engine/orchestrator.ts:1896:18)
    at C:/Users/chris/Dev/Projects/TheFantasyWorldSimulator/src/engine/__tests__/orchestrator.test.ts:286:15
    at file:///C:/Users/chris/Dev/Projects/TheFantasyWorldSimulator/node_modules/@vitest/runner/dist/index.js:145:11
    at file:///C:/Users/chris/Dev/Projects/TheFantasyWorldSimulator/node_modules/@vitest/runner/dist/index.js:915:26
    at file:///C:/Users/chris/Dev/Projects/TheFantasyWorldSimulator/node_modules/@vitest/runner/dist/index.js:1243:20
    at new Promise (<anonymous>)
    at runWithTimeout (file:///C:/Users/chris/Dev/Projects/TheFantasyWorldSimulator/node_modules/@vitest/runner/dist/index.js:1209:10)
[Orchestrator] Tick crashed, returning previous state: Error: Trait not found: trait.reputation.power.renown
    at assignTrait (C:/Users/chris/Dev/Projects/TheFantasyWorldSimulator/src/engine/traits.ts:44:25)
    at syncReputationTrait (C:/Users/chris/Dev/Projects/TheFantasyWorldSimulator/src/engine/phaseReputationTraits.ts:297:5)
    at phaseReputationTraits (C:/Users/chris/Dev/Projects/TheFantasyWorldSimulator/src/engine/phaseReputationTraits.ts:273:7)
    at runTick (C:/Users/chris/Dev/Projects/TheFantasyWorldSimulator/src/engine/orchestrator.ts:1896:18)
    at C:/Users/chris/Dev/Projects/TheFantasyWorldSimulator/src/engine/__tests__/orchestrator.test.ts:286:15
    at file:///C:/Users/chris/Dev/Projects/TheFantasyWorldSimulator/node_modules/@vitest/runner/dist/index.js:145:11
    at file:///C:/Users/chris/Dev/Projects/TheFantasyWorldSimulator/node_modules/@vitest/runner/dist/index.js:915:26
    at file:///C:/Users/chris/Dev/Projects/TheFantasyWorldSimulator/node_modules/@vitest/runner/dist/index.js:1243:20
    at new Promise (<anonymous>)
    at runWithTimeout (file:///C:/Users/chris/Dev/Projects/TheFantasyWorldSimulator/node_modules/@vitest/runner/dist/index.js:1209:10)
[Orchestrator] Tick crashed, returning previous state: Error: Trait not found: trait.reputation.power.renown
    at assignTrait (C:/Users/chris/Dev/Projects/TheFantasyWorldSimulator/src/engine/traits.ts:44:25)
    at syncReputationTrait (C:/Users/chris/Dev/Projects/TheFantasyWorldSimulator/src/engine/phaseReputationTraits.ts:297:5)
    at phaseReputationTraits (C:/Users/chris/Dev/Projects/TheFantasyWorldSimulator/src/engine/phaseReputationTraits.ts:273:7)
    at runTick (C:/Users/chris/Dev/Projects/TheFantasyWorldSimulator/src/engine/orchestrator.ts:1896:18)
    at C:/Users/chris/Dev/Projects/TheFantasyWorldSimulator/src/engine/__tests__/orchestrator.test.ts:286:15
    at file:///C:/Users/chris/Dev/Projects/TheFantasyWorldSimulator/node_modules/@vitest/runner/dist/index.js:145:11
    at file:///C:/Users/chris/Dev/Projects/TheFantasyWorldSimulator/node_modules/@vitest/runner/dist/index.js:915:26
    at file:///C:/Users/chris/Dev/Projects/TheFantasyWorldSimulator/node_modules/@vitest/runner/dist/index.js:1243:20
    at new Promise (<anonymous>)
    at runWithTimeout (file:///C:/Users/chris/Dev/Projects/TheFantasyWorldSimulator/node_modules/@vitest/runner/dist/index.js:1209:10)

[90mstdout[2m | src/engine/worldgen/__tests__/validation.test.ts[2m > [22m[2mValidation pass — pass09[2m > [22m[2mvalidation confirms province coverage >= 0.99
[22m[39m[WorldGen] Pass 'province' completed in 2.6ms
[WorldGen] Pass 'elevation' completed in 1.4ms
[WorldGen] Pass 'coastline' completed in 3.0ms
[WorldGen] Pass 'climate' completed in 3.1ms
[WorldGen] Pass 'hydrology' completed in 0.9ms
[WorldGen] Pass 'tempReassess' completed in 0.1ms
[WorldGen] Pass 'biome' completed in 0.4ms
[WorldGen] Culture terrain nudge: 8 hexes modified
[WorldGen] Pass 'cultureTerrainNudge' completed in 0.4ms
[WorldGen] Pass 'smoothing' completed in 0.6ms
[WorldGen] Pass 'validation' completed in 1.0ms

[90mstdout[2m | src/engine/worldgen/__tests__/validation.test.ts[2m > [22m[2mValidation pass — pass09[2m > [22m[2mvalidation reports land/ocean balance — both > 0% (some land, some ocean)
[22m[39m[WorldGen] Pass 'province' completed in 1.8ms
[WorldGen] Pass 'elevation' completed in 1.3ms
[WorldGen] Pass 'coastline' completed in 2.3ms
[WorldGen] Pass 'climate' completed in 2.2ms
[WorldGen] Pass 'hydrology' completed in 2.3ms
[WorldGen] Pass 'tempReassess' completed in 0.1ms
[WorldGen] Pass 'biome' completed in 0.2ms
[WorldGen] Culture terrain nudge: 8 hexes modified
[WorldGen] Pass 'cultureTerrainNudge' completed in 0.1ms
[WorldGen] Pass 'smoothing' completed in 1.2ms
[WorldGen] Pass 'validation' completed in 0.3ms

[90mstdout[2m | src/engine/worldgen/__tests__/validation.test.ts[2m > [22m[2mValidation pass — pass09[2m > [22m[2mvalidation reports river count > 0
[22m[39m[WorldGen] Pass 'province' completed in 0.7ms
[WorldGen] Pass 'elevation' completed in 3.1ms
[WorldGen] Pass 'coastline' completed in 1.1ms
[WorldGen] Pass 'climate' completed in 1.8ms
[WorldGen] Pass 'hydrology' completed in 0.8ms
[WorldGen] Pass 'tempReassess' completed in 0.1ms
[WorldGen] Pass 'biome' completed in 0.3ms
[WorldGen] Culture terrain nudge: 8 hexes modified
[WorldGen] Pass 'cultureTerrainNudge' completed in 0.0ms
[WorldGen] Pass 'smoothing' completed in 0.9ms
[WorldGen] Pass 'validation' completed in 1.1ms

[90mstdout[2m | src/engine/worldgen/__tests__/validation.test.ts[2m > [22m[2mValidation pass — pass09[2m > [22m[2mvalidation reports terrain distribution with multiple distinct types
[22m[39m[WorldGen] Pass 'province' completed in 0.6ms
[WorldGen] Pass 'elevation' completed in 1.5ms
[WorldGen] Pass 'coastline' completed in 1.2ms
[WorldGen] Pass 'climate' completed in 3.2ms
[WorldGen] Pass 'hydrology' completed in 0.9ms
[WorldGen] Pass 'tempReassess' completed in 0.1ms
[WorldGen] Pass 'biome' completed in 0.4ms
[WorldGen] Culture terrain nudge: 8 hexes modified
[WorldGen] Pass 'cultureTerrainNudge' completed in 0.1ms
[WorldGen] Pass 'smoothing' completed in 6.4ms
[WorldGen] Pass 'validation' completed in 2.9ms

[90mstdout[2m | src/engine/worldgen/__tests__/validation.test.ts[2m > [22m[2mValidation pass — pass09[2m > [22m[2mvalidation detects drainage violation when drainageElevation is corrupted
[22m[39m[WorldGen] Pass 'province' completed in 1.1ms
[WorldGen] Pass 'elevation' completed in 1.8ms
[WorldGen] Pass 'coastline' completed in 1.0ms
[WorldGen] Pass 'climate' completed in 1.6ms
[WorldGen] Pass 'hydrology' completed in 0.5ms
[WorldGen] Pass 'tempReassess' completed in 0.1ms
[WorldGen] Pass 'biome' completed in 0.2ms
[WorldGen] Culture terrain nudge: 8 hexes modified
[WorldGen] Pass 'cultureTerrainNudge' completed in 0.0ms
[WorldGen] Pass 'smoothing' completed in 0.8ms
[WorldGen] Pass 'validation' completed in 0.3ms

[90mstdout[2m | src/engine/worldgen/__tests__/validation.test.ts[2m > [22m[2mgenerateWorld() — hexGrid.ts entry point[2m > [22m[2mgenerateWorld returns WorldGenResult with tiles, riverPaths, lakeIds
[22m[39m[WorldGen] Pass 'province' completed in 1.5ms
[WorldGen] Pass 'elevation' completed in 1.5ms
[WorldGen] Pass 'coastline' completed in 1.4ms
[WorldGen] Pass 'climate' completed in 1.9ms
[WorldGen] Pass 'hydrology' completed in 1.3ms
[WorldGen] Pass 'tempReassess' completed in 0.8ms
[WorldGen] Pass 'biome' completed in 0.7ms
[WorldGen] Culture terrain nudge: 0 hexes modified
[WorldGen] Pass 'cultureTerrainNudge' completed in 0.0ms
[WorldGen] Pass 'smoothing' completed in 0.9ms
[WorldGen] Pass 'validation' completed in 1.4ms

[90mstdout[2m | src/engine/__tests__/coastline-integration.test.ts[2m > [22m[2mcoastline integration[2m > [22m[2mproduces different coastlines for different seeds
[22m[39m[WorldGen] Pass 'province' completed in 5.0ms
[WorldGen] Pass 'elevation' completed in 14.4ms
[WorldGen] Pass 'coastline' completed in 7.1ms
[WorldGen] Pass 'climate' completed in 8.1ms
[WorldGen] Pass 'hydrology' completed in 1.7ms
[WorldGen] Pass 'tempReassess' completed in 0.0ms
[WorldGen] Pass 'biome' completed in 0.3ms
[WorldGen] Culture terrain nudge: 0 hexes modified
[WorldGen] Pass 'cultureTerrainNudge' completed in 0.1ms
[WorldGen] Pass 'smoothing' completed in 1.2ms
[WorldGen] Pass 'validation' completed in 0.6ms

[90mstdout[2m | src/engine/worldgen/__tests__/validation.test.ts[2m > [22m[2mgenerateWorld() — hexGrid.ts entry point[2m > [22m[2mevery HexTile has coord, geoParams, and terrain
[22m[39m[WorldGen] Pass 'province' completed in 2.3ms
[WorldGen] Pass 'elevation' completed in 6.1ms
[WorldGen] Pass 'coastline' completed in 2.9ms
[WorldGen] Pass 'climate' completed in 4.3ms
[WorldGen] Pass 'hydrology' completed in 1.3ms
[WorldGen] Pass 'tempReassess' completed in 0.5ms
[WorldGen] Pass 'biome' completed in 0.3ms
[WorldGen] Culture terrain nudge: 0 hexes modified
[WorldGen] Pass 'cultureTerrainNudge' completed in 0.0ms
[WorldGen] Pass 'smoothing' completed in 2.2ms
[WorldGen] Pass 'validation' completed in 0.3ms

[90mstdout[2m | src/engine/__tests__/contracts/mutation-observability.contract.test.ts[2m > [22m[2mMutation Observability — runTick Version Bumps[2m > [22m[2mrunTick lazily initializes caches via runtime
[22m[39m[WorldGen] Pass 'province' completed in 0.5ms
[WorldGen] Pass 'elevation' completed in 1.2ms
[WorldGen] Pass 'coastline' completed in 1.0ms
[WorldGen] Pass 'climate' completed in 14.2ms
[WorldGen] Pass 'hydrology' completed in 0.9ms
[WorldGen] Pass 'tempReassess' completed in 0.1ms
[WorldGen] Pass 'biome' completed in 0.2ms
[WorldGen] Culture terrain nudge: 3 hexes modified
[WorldGen] Pass 'cultureTerrainNudge' completed in 0.0ms
[WorldGen] Pass 'smoothing' completed in 0.3ms
[WorldGen] Pass 'validation' completed in 0.7ms

stderr | src/engine/__tests__/contracts/mutation-observability.contract.test.ts > Mutation Observability — runTick Version Bumps > runTick lazily initializes caches via runtime
[WorldGen] Validation errors: [
  'Ocean fraction too low: 4.7%',
  'Drainage guarantee violated: some land hexes have no downhill path to the sea'
]
[GraphSchema] Edge "belongs_to" source should be ["actor","location"], got "region" (edge edge_hist_territory_region_1_hist_culture_0)
[GraphSchema] Edge "belongs_to" source should be ["actor","location"], got "region" (edge edge_hist_territory_region_6_hist_culture_1)
[GraphSchema] Edge "belongs_to" source should be ["actor","location"], got "region" (edge edge_hist_territory_region_4_hist_culture_2)
[GraphSchema] Edge "belongs_to" source should be ["actor","location"], got "region" (edge edge_hist_territory_region_2_hist_culture_0)
[GraphSchema] Edge "belongs_to" source should be ["actor","location"], got "region" (edge edge_hist_territory_region_5_hist_culture_1)
[GraphSchema] Edge "belongs_to" source should be ["actor","location"], got "region" (edge edge_hist_territory_region_3_hist_culture_0)
[GraphSchema] Edge "belongs_to" source should be ["actor","location"], got "region" (edge edge_hist_territory_region_8_hist_culture_1)
[GraphSchema] Edge "belongs_to" source should be ["actor","location"], got "region" (edge edge_hist_territory_region_0_hist_culture_0)
[GraphSchema] Edge "belongs_to" source should be ["actor","location"], got "region" (edge edge_hist_territory_region_7_hist_culture_1)
[Orchestrator] Tick crashed, returning previous state: Error: Trait not found: trait.reputation.power.renown
    at assignTrait (C:/Users/chris/Dev/Projects/TheFantasyWorldSimulator/src/engine/traits.ts:44:25)
    at syncReputationTrait (C:/Users/chris/Dev/Projects/TheFantasyWorldSimulator/src/engine/phaseReputationTraits.ts:297:5)
    at phaseReputationTraits (C:/Users/chris/Dev/Projects/TheFantasyWorldSimulator/src/engine/phaseReputationTraits.ts:273:7)
    at runTick (C:/Users/chris/Dev/Projects/TheFantasyWorldSimulator/src/engine/orchestrator.ts:1896:18)
    at C:/Users/chris/Dev/Projects/TheFantasyWorldSimulator/src/engine/__tests__/contracts/mutation-observability.contract.test.ts:162:5
    at file:///C:/Users/chris/Dev/Projects/TheFantasyWorldSimulator/node_modules/@vitest/runner/dist/index.js:145:11
    at file:///C:/Users/chris/Dev/Projects/TheFantasyWorldSimulator/node_modules/@vitest/runner/dist/index.js:915:26
    at file:///C:/Users/chris/Dev/Projects/TheFantasyWorldSimulator/node_modules/@vitest/runner/dist/index.js:1243:20
    at new Promise (<anonymous>)
    at runWithTimeout (file:///C:/Users/chris/Dev/Projects/TheFantasyWorldSimulator/node_modules/@vitest/runner/dist/index.js:1209:10)

[90mstdout[2m | src/engine/worldgen/__tests__/validation.test.ts[2m > [22m[2mgenerateWorld() — hexGrid.ts entry point[2m > [22m[2mgeoParams values are in [0, 1] range
[22m[39m[WorldGen] Pass 'province' completed in 1.4ms
[WorldGen] Pass 'elevation' completed in 2.4ms
[WorldGen] Pass 'coastline' completed in 3.0ms
[WorldGen] Pass 'climate' completed in 7.1ms
[WorldGen] Pass 'hydrology' completed in 8.5ms
[WorldGen] Pass 'tempReassess' completed in 0.1ms
[WorldGen] Pass 'biome' completed in 0.4ms
[WorldGen] Culture terrain nudge: 0 hexes modified
[WorldGen] Pass 'cultureTerrainNudge' completed in 0.0ms
[WorldGen] Pass 'smoothing' completed in 4.5ms
[WorldGen] Pass 'validation' completed in 0.3ms

stderr | src/engine/__tests__/worldSeed.test.ts > seedWorld > creates a populated graph from cosmology and seed
[GraphSchema] Edge "belongs_to" source should be ["actor","location"], got "region" (edge edge_hist_territory_region_0_hist_culture_0)

stderr | src/engine/__tests__/worldSeed.test.ts > seedWorld > places locations on unique hexes
[GraphSchema] Edge "belongs_to" source should be ["actor","location"], got "region" (edge edge_hist_territory_region_0_hist_culture_0)

[90mstdout[2m | src/engine/worldgen/__tests__/validation.test.ts[2m > [22m[2mgenerateWorld() — hexGrid.ts entry point[2m > [22m[2mend-to-end determinism: same seed produces identical terrain at every hex
[22m[39m[WorldGen] Pass 'province' completed in 2.4ms
[WorldGen] Pass 'elevation' completed in 2.0ms
[WorldGen] Pass 'coastline' completed in 2.6ms
[WorldGen] Pass 'climate' completed in 3.2ms
[WorldGen] Pass 'hydrology' completed in 0.7ms
[WorldGen] Pass 'tempReassess' completed in 0.1ms
[WorldGen] Pass 'biome' completed in 0.2ms
[WorldGen] Culture terrain nudge: 0 hexes modified
[WorldGen] Pass 'cultureTerrainNudge' completed in 0.0ms
[WorldGen] Pass 'smoothing' completed in 2.7ms
[WorldGen] Pass 'validation' completed in 0.7ms
[WorldGen] Pass 'province' completed in 0.5ms
[WorldGen] Pass 'elevation' completed in 1.6ms
[WorldGen] Pass 'coastline' completed in 1.7ms
[WorldGen] Pass 'climate' completed in 2.7ms
[WorldGen] Pass 'hydrology' completed in 0.7ms
[WorldGen] Pass 'tempReassess' completed in 0.1ms
[WorldGen] Pass 'biome' completed in 5.4ms
[WorldGen] Culture terrain nudge: 0 hexes modified
[WorldGen] Pass 'cultureTerrainNudge' completed in 0.0ms
[WorldGen] Pass 'smoothing' completed in 7.6ms
[WorldGen] Pass 'validation' completed in 0.3ms

[90mstdout[2m | src/engine/worldgen/__tests__/validation.test.ts[2m > [22m[2mgenerateWorld() — hexGrid.ts entry point[2m > [22m[2mcoords cover the full grid (0,0) to (cols-1, rows-1)
[22m[39m[WorldGen] Pass 'province' completed in 0.5ms
[WorldGen] Pass 'elevation' completed in 1.6ms
[WorldGen] Pass 'coastline' completed in 1.1ms
[WorldGen] Pass 'climate' completed in 2.5ms
[WorldGen] Pass 'hydrology' completed in 0.6ms
[WorldGen] Pass 'tempReassess' completed in 0.1ms
[WorldGen] Pass 'biome' completed in 0.2ms
[WorldGen] Culture terrain nudge: 0 hexes modified
[WorldGen] Pass 'cultureTerrainNudge' completed in 0.0ms
[WorldGen] Pass 'smoothing' completed in 1.0ms
[WorldGen] Pass 'validation' completed in 0.3ms

[90mstdout[2m | src/engine/worldgen/__tests__/validation.test.ts[2m > [22m[2mgenerateWorld() — hexGrid.ts entry point[2m > [22m[2mgenerated tiles include some river hexes (hasRiver)
[22m[39m[WorldGen] Pass 'province' completed in 0.6ms
[WorldGen] Pass 'elevation' completed in 1.8ms
[WorldGen] Pass 'coastline' completed in 1.2ms
[WorldGen] Pass 'climate' completed in 8.3ms
[WorldGen] Pass 'hydrology' completed in 1.1ms
[WorldGen] Pass 'tempReassess' completed in 0.2ms
[WorldGen] Pass 'biome' completed in 0.2ms
[WorldGen] Culture terrain nudge: 0 hexes modified
[WorldGen] Pass 'cultureTerrainNudge' completed in 0.0ms
[WorldGen] Pass 'smoothing' completed in 1.1ms
[WorldGen] Pass 'validation' completed in 0.4ms

stderr | src/engine/__tests__/worldSeed.test.ts > seedWorld > enforces minimum spacing between settlements by size tier
[GraphSchema] Edge "belongs_to" source should be ["actor","location"], got "region" (edge edge_hist_territory_region_0_hist_culture_0)

[90mstdout[2m | src/engine/worldgen/__tests__/validation.test.ts[2m > [22m[2mLand connectivity — orphan detection & repair[2m > [22m[2mvalidation result includes orphan fields
[22m[39m[WorldGen] Pass 'province' completed in 1.6ms
[WorldGen] Pass 'elevation' completed in 1.5ms
[WorldGen] Pass 'coastline' completed in 1.8ms
[WorldGen] Pass 'climate' completed in 1.8ms
[WorldGen] Pass 'hydrology' completed in 0.5ms
[WorldGen] Pass 'tempReassess' completed in 0.1ms
[WorldGen] Pass 'biome' completed in 0.2ms
[WorldGen] Culture terrain nudge: 8 hexes modified
[WorldGen] Pass 'cultureTerrainNudge' completed in 0.0ms
[WorldGen] Pass 'smoothing' completed in 1.0ms
[WorldGen] Pass 'validation' completed in 0.3ms

stderr | src/engine/__tests__/worldSeed.test.ts > seedWorld > is deterministic — same seed produces same world
[GraphSchema] Edge "belongs_to" source should be ["actor","location"], got "region" (edge edge_hist_territory_region_0_hist_culture_0)
[GraphSchema] Edge "belongs_to" source should be ["actor","location"], got "region" (edge edge_hist_territory_region_0_hist_culture_0)

[90mstdout[2m | src/engine/worldgen/__tests__/validation.test.ts[2m > [22m[2mLand connectivity — orphan detection & repair[2m > [22m[2mdetects and bridges an artificial orphan island
[22m[39m[WorldGen] Pass 'province' completed in 1.1ms
[WorldGen] Pass 'elevation' completed in 1.3ms
[WorldGen] Pass 'coastline' completed in 1.6ms
[WorldGen] Pass 'climate' completed in 2.2ms
[WorldGen] Pass 'hydrology' completed in 0.5ms
[WorldGen] Pass 'tempReassess' completed in 0.1ms
[WorldGen] Pass 'biome' completed in 0.2ms
[WorldGen] Culture terrain nudge: 8 hexes modified
[WorldGen] Pass 'cultureTerrainNudge' completed in 0.0ms
[WorldGen] Pass 'smoothing' completed in 1.0ms
[WorldGen] Pass 'validation' completed in 0.3ms
[WorldGen] Validation warnings: [
  [32m'Fixed 1 orphan land component(s) by converting 1 hex(es) to passable terrain'[39m
]

stderr | src/engine/__tests__/worldSeed.test.ts > seedWorld > different seeds produce different worlds
[GraphSchema] Edge "belongs_to" source should be ["actor","location"], got "region" (edge edge_hist_territory_region_0_hist_culture_0)
[GraphSchema] Edge "belongs_to" source should be ["actor","location"], got "region" (edge edge_hist_territory_region_0_hist_culture_0)

stderr | src/engine/__tests__/worldSeed.test.ts > seedWorld > creates individuals with axiological profiles and domain capabilities
[GraphSchema] Edge "belongs_to" source should be ["actor","location"], got "region" (edge edge_hist_territory_region_0_hist_culture_0)

[90mstdout[2m | src/engine/worldgen/__tests__/validation.test.ts[2m > [22m[2mLand connectivity — orphan detection & repair[2m > [22m[2mno-op when all land hexes are already connected
[22m[39m[WorldGen] Pass 'province' completed in 0.6ms
[WorldGen] Pass 'elevation' completed in 2.6ms
[WorldGen] Pass 'coastline' completed in 1.1ms
[WorldGen] Pass 'climate' completed in 1.7ms
[WorldGen] Pass 'hydrology' completed in 0.4ms
[WorldGen] Pass 'tempReassess' completed in 0.1ms
[WorldGen] Pass 'biome' completed in 0.1ms
[WorldGen] Culture terrain nudge: 8 hexes modified
[WorldGen] Pass 'cultureTerrainNudge' completed in 0.0ms
[WorldGen] Pass 'smoothing' completed in 1.0ms
[WorldGen] Pass 'validation' completed in 0.9ms

[90mstdout[2m | src/engine/worldgen/__tests__/validation.test.ts[2m > [22m[2mLand connectivity — orphan detection & repair[2m > [22m[2mbridge terrain uses coast for ocean and marsh for lake
[22m[39m[WorldGen] Pass 'province' completed in 0.6ms
[WorldGen] Pass 'elevation' completed in 1.1ms
[WorldGen] Pass 'coastline' completed in 1.8ms
[WorldGen] Pass 'climate' completed in 1.8ms
[WorldGen] Pass 'hydrology' completed in 0.5ms
[WorldGen] Pass 'tempReassess' completed in 0.1ms
[WorldGen] Pass 'biome' completed in 0.2ms
[WorldGen] Culture terrain nudge: 8 hexes modified
[WorldGen] Pass 'cultureTerrainNudge' completed in 0.0ms
[WorldGen] Pass 'smoothing' completed in 1.0ms
[WorldGen] Pass 'validation' completed in 0.2ms
[WorldGen] Validation warnings: [
  [32m'Fixed 1 orphan land component(s) by converting 1 hex(es) to passable terrain'[39m
]

[90mstdout[2m | src/engine/worldgen/__tests__/validation.test.ts[2m > [22m[2mWorldGenPipeline — end-to-end integration[2m > [22m[2mfull pipeline runs in under 10 seconds on 20x30 grid
[22m[39m[WorldGen] Pass 'province' completed in 0.5ms
[WorldGen] Pass 'elevation' completed in 1.1ms
[WorldGen] Pass 'coastline' completed in 1.1ms
[WorldGen] Pass 'climate' completed in 2.0ms
[WorldGen] Pass 'hydrology' completed in 0.9ms
[WorldGen] Pass 'tempReassess' completed in 0.1ms
[WorldGen] Pass 'biome' completed in 0.1ms
[WorldGen] Culture terrain nudge: 8 hexes modified
[WorldGen] Pass 'cultureTerrainNudge' completed in 0.0ms
[WorldGen] Pass 'smoothing' completed in 0.9ms
[WorldGen] Pass 'validation' completed in 0.4ms

[90mstdout[2m | src/engine/worldgen/__tests__/validation.test.ts[2m > [22m[2mWorldGenPipeline — end-to-end integration[2m > [22m[2mpipeline produces terrain variety — at least 5 distinct terrain types
[22m[39m[WorldGen] Pass 'province' completed in 0.6ms
[WorldGen] Pass 'elevation' completed in 1.1ms
[WorldGen] Pass 'coastline' completed in 1.2ms
[WorldGen] Pass 'climate' completed in 1.2ms
[WorldGen] Pass 'hydrology' completed in 0.4ms
[WorldGen] Pass 'tempReassess' completed in 0.1ms
[WorldGen] Pass 'biome' completed in 0.1ms
[WorldGen] Culture terrain nudge: 8 hexes modified
[WorldGen] Pass 'cultureTerrainNudge' completed in 0.1ms
[WorldGen] Pass 'smoothing' completed in 0.9ms
[WorldGen] Pass 'validation' completed in 1.0ms

stderr | src/engine/__tests__/worldSeed.test.ts > seedWorld > assigns individuals to locations via contains edges
[GraphSchema] Edge "belongs_to" source should be ["actor","location"], got "region" (edge edge_hist_territory_region_0_hist_culture_0)

[90mstdout[2m | src/engine/worldgen/__tests__/validation.test.ts[2m > [22m[2mWorldGenPipeline — end-to-end integration[2m > [22m[2mpipeline produces at least some land and some ocean
[22m[39m[WorldGen] Pass 'province' completed in 0.5ms
[WorldGen] Pass 'elevation' completed in 1.0ms
[WorldGen] Pass 'coastline' completed in 1.0ms
[WorldGen] Pass 'climate' completed in 1.4ms
[WorldGen] Pass 'hydrology' completed in 0.4ms
[WorldGen] Pass 'tempReassess' completed in 0.1ms
[WorldGen] Pass 'biome' completed in 0.2ms
[WorldGen] Culture terrain nudge: 8 hexes modified
[WorldGen] Pass 'cultureTerrainNudge' completed in 0.1ms
[WorldGen] Pass 'smoothing' completed in 14.9ms
[WorldGen] Pass 'validation' completed in 0.3ms

 [32m✓[39m src/engine/worldgen/__tests__/validation.test.ts [2m([22m[2m20 tests[22m[2m)[22m[33m 468[2mms[22m[39m
stderr | src/engine/__tests__/worldSeed.test.ts > seedWorld > creates faction membership edges
[GraphSchema] Edge "belongs_to" source should be ["actor","location"], got "region" (edge edge_hist_territory_region_0_hist_culture_0)

stderr | src/engine/__tests__/worldSeed.test.ts > seedWorld > creates inter-actor relationships
[GraphSchema] Edge "belongs_to" source should be ["actor","location"], got "region" (edge edge_hist_territory_region_0_hist_culture_0)

stderr | src/engine/__tests__/worldSeed.test.ts > seedWorld > creates location adjacency edges for hex-neighbor locations
[GraphSchema] Edge "belongs_to" source should be ["actor","location"], got "region" (edge edge_hist_territory_region_0_hist_culture_0)

stderr | src/engine/__tests__/worldSeed.test.ts > seedWorld > applies cultural_template echo injection to actor traits
[GraphSchema] Edge "belongs_to" source should be ["actor","location"], got "region" (edge edge_hist_territory_region_0_hist_culture_0)

 [32m✓[39m src/components/Game/__tests__/HexSidebar.test.tsx [2m([22m[2m12 tests[22m[2m)[22m[33m 398[2mms[22m[39m
stderr | src/engine/__tests__/worldSeed.test.ts > seedWorld > SeedResult includes guildIds array
[GraphSchema] Edge "belongs_to" source should be ["actor","location"], got "region" (edge edge_hist_territory_region_0_hist_culture_0)

stderr | src/engine/__tests__/worldSeed.test.ts > seedWorld > assigns a narrative archetype to each individual agent
[GraphSchema] Edge "belongs_to" source should be ["actor","location"], got "region" (edge edge_hist_territory_region_0_hist_culture_0)

stderr | src/engine/__tests__/worldSeed.test.ts > seedWorld culture integration > SeedResult includes cultureIds
[GraphSchema] Edge "belongs_to" source should be ["actor","location"], got "region" (edge edge_hist_territory_region_0_hist_culture_0)

 [32m✓[39m src/components/Game/__tests__/DebugPanel-intervention.test.tsx [2m([22m[2m7 tests[22m[2m)[22m[33m 634[2mms[22m[39m
stderr | src/engine/__tests__/worldSeed.test.ts > seedWorld culture integration > creates culture nodes in the graph
[GraphSchema] Edge "belongs_to" source should be ["actor","location"], got "region" (edge edge_hist_territory_region_0_hist_culture_0)

stderr | src/engine/__tests__/worldSeed.test.ts > seedWorld culture integration > assigns cultures to locations with historical and current layers
[GraphSchema] Edge "belongs_to" source should be ["actor","location"], got "region" (edge edge_hist_territory_region_0_hist_culture_0)

stderr | src/engine/__tests__/worldSeed.test.ts > seedWorld culture integration > assigns cultures to individual actors
[GraphSchema] Edge "belongs_to" source should be ["actor","location"], got "region" (edge edge_hist_territory_region_0_hist_culture_0)

stderr | src/engine/__tests__/worldSeed.test.ts > seedWorld culture integration > assigns cultures to factions
[GraphSchema] Edge "belongs_to" source should be ["actor","location"], got "region" (edge edge_hist_territory_region_0_hist_culture_0)

[90mstdout[2m | src/engine/__tests__/coastline-integration.test.ts[2m > [22m[2mcoastline integration[2m > [22m[2mscalar field handles large grids without overflow
[22m[39m[WorldGen] Pass 'province' completed in 1.5ms
[WorldGen] Pass 'elevation' completed in 1.3ms
[WorldGen] Pass 'coastline' completed in 4.6ms
[WorldGen] Pass 'climate' completed in 1.6ms
[WorldGen] Pass 'hydrology' completed in 1.3ms
[WorldGen] Pass 'tempReassess' completed in 0.9ms
[WorldGen] Pass 'biome' completed in 0.4ms
[WorldGen] Culture terrain nudge: 0 hexes modified
[WorldGen] Pass 'cultureTerrainNudge' completed in 0.0ms
[WorldGen] Pass 'smoothing' completed in 0.8ms
[WorldGen] Pass 'validation' completed in 2.2ms

stderr | src/engine/__tests__/coastline-integration.test.ts > coastline integration > scalar field handles large grids without overflow
[WorldGen] Validation errors: [ 'Ocean fraction too low: 9.8%' ]

stderr | src/engine/__tests__/worldSeed.test.ts > seedWorld culture integration > culture generation is deterministic
[GraphSchema] Edge "belongs_to" source should be ["actor","location"], got "region" (edge edge_hist_territory_region_0_hist_culture_0)
[GraphSchema] Edge "belongs_to" source should be ["actor","location"], got "region" (edge edge_hist_territory_region_0_hist_culture_0)

stderr | src/engine/__tests__/worldSeed.test.ts > seedWorld culture integration > seedWorld cultural traits > creates formative trait definition nodes in the graph
[GraphSchema] Edge "belongs_to" source should be ["actor","location"], got "region" (edge edge_hist_territory_region_0_hist_culture_0)

 [32m✓[39m src/components/Game/__tests__/AgentDetailPanel.test.tsx [2m([22m[2m23 tests[22m[2m)[22m[33m 681[2mms[22m[39m
stderr | src/engine/__tests__/worldSeed.test.ts > seedWorld culture integration > seedWorld cultural traits > creates behavioral trait definition nodes in the graph
[GraphSchema] Edge "belongs_to" source should be ["actor","location"], got "region" (edge edge_hist_territory_region_0_hist_culture_0)

stderr | src/engine/__tests__/worldSeed.test.ts > seedWorld culture integration > seedWorld cultural traits > grants cultural traits to individual actors with culture
[GraphSchema] Edge "belongs_to" source should be ["actor","location"], got "region" (edge edge_hist_territory_region_0_hist_culture_0)

 [32m✓[39m src/engine/__tests__/worldSeed.test.ts [2m([22m[2m22 tests[22m[2m)[22m[33m 334[2mms[22m[39m
[90mstdout[2m | src/engine/__tests__/contracts/mutation-observability.contract.test.ts[2m > [22m[2mMutation Observability — runTick Version Bumps[2m > [22m[2mrunTick without runtime still works (backward compatibility)
[22m[39m[WorldGen] Pass 'province' completed in 0.5ms
[WorldGen] Pass 'elevation' completed in 1.0ms
[WorldGen] Pass 'coastline' completed in 0.7ms
[WorldGen] Pass 'climate' completed in 1.0ms
[WorldGen] Pass 'hydrology' completed in 0.5ms
[WorldGen] Pass 'tempReassess' completed in 0.1ms
[WorldGen] Pass 'biome' completed in 0.1ms
[WorldGen] Culture terrain nudge: 3 hexes modified
[WorldGen] Pass 'cultureTerrainNudge' completed in 0.0ms
[WorldGen] Pass 'smoothing' completed in 0.3ms
[WorldGen] Pass 'validation' completed in 0.5ms

stderr | src/engine/__tests__/contracts/mutation-observability.contract.test.ts > Mutation Observability — runTick Version Bumps > runTick without runtime still works (backward compatibility)
[WorldGen] Validation errors: [
  'Ocean fraction too low: 4.7%',
  'Drainage guarantee violated: some land hexes have no downhill path to the sea'
]
[GraphSchema] Edge "belongs_to" source should be ["actor","location"], got "region" (edge edge_hist_territory_region_1_hist_culture_0)
[GraphSchema] Edge "belongs_to" source should be ["actor","location"], got "region" (edge edge_hist_territory_region_6_hist_culture_1)
[GraphSchema] Edge "belongs_to" source should be ["actor","location"], got "region" (edge edge_hist_territory_region_4_hist_culture_2)
[GraphSchema] Edge "belongs_to" source should be ["actor","location"], got "region" (edge edge_hist_territory_region_2_hist_culture_0)
[GraphSchema] Edge "belongs_to" source should be ["actor","location"], got "region" (edge edge_hist_territory_region_5_hist_culture_1)
[GraphSchema] Edge "belongs_to" source should be ["actor","location"], got "region" (edge edge_hist_territory_region_3_hist_culture_0)
[GraphSchema] Edge "belongs_to" source should be ["actor","location"], got "region" (edge edge_hist_territory_region_8_hist_culture_1)
[GraphSchema] Edge "belongs_to" source should be ["actor","location"], got "region" (edge edge_hist_territory_region_0_hist_culture_0)
[GraphSchema] Edge "belongs_to" source should be ["actor","location"], got "region" (edge edge_hist_territory_region_7_hist_culture_1)
[Orchestrator] Tick crashed, returning previous state: Error: Trait not found: trait.reputation.power.renown
    at assignTrait (C:/Users/chris/Dev/Projects/TheFantasyWorldSimulator/src/engine/traits.ts:44:25)
    at syncReputationTrait (C:/Users/chris/Dev/Projects/TheFantasyWorldSimulator/src/engine/phaseReputationTraits.ts:297:5)
    at phaseReputationTraits (C:/Users/chris/Dev/Projects/TheFantasyWorldSimulator/src/engine/phaseReputationTraits.ts:273:7)
    at runTick (C:/Users/chris/Dev/Projects/TheFantasyWorldSimulator/src/engine/orchestrator.ts:1896:18)
    at C:/Users/chris/Dev/Projects/TheFantasyWorldSimulator/src/engine/__tests__/contracts/mutation-observability.contract.test.ts:174:18
    at file:///C:/Users/chris/Dev/Projects/TheFantasyWorldSimulator/node_modules/@vitest/runner/dist/index.js:145:11
    at file:///C:/Users/chris/Dev/Projects/TheFantasyWorldSimulator/node_modules/@vitest/runner/dist/index.js:915:26
    at file:///C:/Users/chris/Dev/Projects/TheFantasyWorldSimulator/node_modules/@vitest/runner/dist/index.js:1243:20
    at new Promise (<anonymous>)
    at runWithTimeout (file:///C:/Users/chris/Dev/Projects/TheFantasyWorldSimulator/node_modules/@vitest/runner/dist/index.js:1209:10)

 [31m❯[39m src/engine/__tests__/contracts/mutation-observability.contract.test.ts [2m([22m[2m9 tests[22m[2m | [22m[31m1 failed[39m[2m)[22m[33m 2942[2mms[22m[39m
     [32m✓[39m touchWorld() increments worldVersion but not structuralCacheVersion[32m 1[2mms[22m[39m
     [32m✓[39m touchStructure() increments both versions[32m 0[2mms[22m[39m
     [32m✓[39m version counters monotonically increase across multiple touches[32m 0[2mms[22m[39m
     [33m[2m✓[22m[39m ensureEncounterCache rebuilds when structuralCacheVersion advances [33m 711[2mms[22m[39m
     [32m✓[39m ensureDistanceMatrix rebuilds when structuralCacheVersion advances[32m 139[2mms[22m[39m
     [32m✓[39m resetRuntimeCaches clears caches but preserves version counters[32m 53[2mms[22m[39m
     [33m[2m✓[22m[39m runTick with runtime bumps worldVersion on every tick [33m 851[2mms[22m[39m
     [33m[2m✓[22m[39m runTick lazily initializes caches via runtime [33m 629[2mms[22m[39m
[31m     [31m×[31m runTick without runtime still works (backward compatibility)[39m[33m 554[2mms[22m[39m
 [32m✓[39m src/components/shared/__tests__/Button.test.tsx [2m([22m[2m14 tests[22m[2m)[22m[33m 403[2mms[22m[39m
 [32m✓[39m src/components/Game/__tests__/ActionDrawer.test.tsx [2m([22m[2m11 tests[22m[2m)[22m[33m 600[2mms[22m[39m
     [33m[2m✓[22m[39m sorts cards: available first, locked last (IA-003 progressive disclosure) [33m 313[2mms[22m[39m
 [32m✓[39m src/components/shared/__tests__/TooltipChain.test.tsx [2m([22m[2m15 tests[22m[2m)[22m[33m 660[2mms[22m[39m
[90mstdout[2m | src/engine/__tests__/coastline-integration.test.ts[2m > [22m[2mcoastline integration[2m > [22m[2mshallow loops are valid when present
[22m[39m[WorldGen] Pass 'province' completed in 1.5ms
[WorldGen] Pass 'elevation' completed in 2.6ms
[WorldGen] Pass 'coastline' completed in 1.6ms
[WorldGen] Pass 'climate' completed in 2.8ms
[WorldGen] Pass 'hydrology' completed in 8.9ms
[WorldGen] Pass 'tempReassess' completed in 0.0ms
[WorldGen] Pass 'biome' completed in 0.5ms
[WorldGen] Culture terrain nudge: 0 hexes modified
[WorldGen] Pass 'cultureTerrainNudge' completed in 0.0ms
[WorldGen] Pass 'smoothing' completed in 0.7ms
[WorldGen] Pass 'validation' completed in 0.5ms

 [32m✓[39m src/engine/__tests__/coastline-integration.test.ts [2m([22m[2m9 tests[22m[2m)[22m[33m 3938[2mms[22m[39m
     [33m[2m✓[22m[39m produces coastline from game-generated world [33m 710[2mms[22m[39m
     [33m[2m✓[22m[39m deterministic across multiple calls [33m 567[2mms[22m[39m
     [33m[2m✓[22m[39m produces different coastlines for different seeds [33m 1455[2mms[22m[39m
     [33m[2m✓[22m[39m scalar field handles large grids without overflow [33m 399[2mms[22m[39m
     [33m[2m✓[22m[39m shallow loops are valid when present [33m 488[2mms[22m[39m
stderr | src/engine/__tests__/traceBuffer-integration.test.ts > trace buffer integration > getTracesForAgent returns only that agent traces
[Orchestrator] Tick crashed, returning previous state: Error: Trait not found: trait.reputation.power.renown
    at assignTrait (C:/Users/chris/Dev/Projects/TheFantasyWorldSimulator/src/engine/traits.ts:44:25)
    at syncReputationTrait (C:/Users/chris/Dev/Projects/TheFantasyWorldSimulator/src/engine/phaseReputationTraits.ts:297:5)
    at phaseReputationTraits (C:/Users/chris/Dev/Projects/TheFantasyWorldSimulator/src/engine/phaseReputationTraits.ts:273:7)
    at runTick (C:/Users/chris/Dev/Projects/TheFantasyWorldSimulator/src/engine/orchestrator.ts:1896:18)
    at C:/Users/chris/Dev/Projects/TheFantasyWorldSimulator/src/engine/__tests__/traceBuffer-integration.test.ts:198:15
    at file:///C:/Users/chris/Dev/Projects/TheFantasyWorldSimulator/node_modules/@vitest/runner/dist/index.js:145:11
    at file:///C:/Users/chris/Dev/Projects/TheFantasyWorldSimulator/node_modules/@vitest/runner/dist/index.js:915:26
    at file:///C:/Users/chris/Dev/Projects/TheFantasyWorldSimulator/node_modules/@vitest/runner/dist/index.js:1243:20
    at new Promise (<anonymous>)
    at runWithTimeout (file:///C:/Users/chris/Dev/Projects/TheFantasyWorldSimulator/node_modules/@vitest/runner/dist/index.js:1209:10)
[Orchestrator] Tick crashed, returning previous state: Error: Trait not found: trait.reputation.power.renown
    at assignTrait (C:/Users/chris/Dev/Projects/TheFantasyWorldSimulator/src/engine/traits.ts:44:25)
    at syncReputationTrait (C:/Users/chris/Dev/Projects/TheFantasyWorldSimulator/src/engine/phaseReputationTraits.ts:297:5)
    at phaseReputationTraits (C:/Users/chris/Dev/Projects/TheFantasyWorldSimulator/src/engine/phaseReputationTraits.ts:273:7)
    at runTick (C:/Users/chris/Dev/Projects/TheFantasyWorldSimulator/src/engine/orchestrator.ts:1896:18)
    at C:/Users/chris/Dev/Projects/TheFantasyWorldSimulator/src/engine/__tests__/traceBuffer-integration.test.ts:198:15
    at file:///C:/Users/chris/Dev/Projects/TheFantasyWorldSimulator/node_modules/@vitest/runner/dist/index.js:145:11
    at file:///C:/Users/chris/Dev/Projects/TheFantasyWorldSimulator/node_modules/@vitest/runner/dist/index.js:915:26
    at file:///C:/Users/chris/Dev/Projects/TheFantasyWorldSimulator/node_modules/@vitest/runner/dist/index.js:1243:20
    at new Promise (<anonymous>)
    at runWithTimeout (file:///C:/Users/chris/Dev/Projects/TheFantasyWorldSimulator/node_modules/@vitest/runner/dist/index.js:1209:10)
[Orchestrator] Tick crashed, returning previous state: Error: Trait not found: trait.reputation.power.renown
    at assignTrait (C:/Users/chris/Dev/Projects/TheFantasyWorldSimulator/src/engine/traits.ts:44:25)
    at syncReputationTrait (C:/Users/chris/Dev/Projects/TheFantasyWorldSimulator/src/engine/phaseReputationTraits.ts:297:5)
    at phaseReputationTraits (C:/Users/chris/Dev/Projects/TheFantasyWorldSimulator/src/engine/phaseReputationTraits.ts:273:7)
    at runTick (C:/Users/chris/Dev/Projects/TheFantasyWorldSimulator/src/engine/orchestrator.ts:1896:18)
    at C:/Users/chris/Dev/Projects/TheFantasyWorldSimulator/src/engine/__tests__/traceBuffer-integration.test.ts:198:15
    at file:///C:/Users/chris/Dev/Projects/TheFantasyWorldSimulator/node_modules/@vitest/runner/dist/index.js:145:11
    at file:///C:/Users/chris/Dev/Projects/TheFantasyWorldSimulator/node_modules/@vitest/runner/dist/index.js:915:26
    at file:///C:/Users/chris/Dev/Projects/TheFantasyWorldSimulator/node_modules/@vitest/runner/dist/index.js:1243:20
    at new Promise (<anonymous>)
    at runWithTimeout (file:///C:/Users/chris/Dev/Projects/TheFantasyWorldSimulator/node_modules/@vitest/runner/dist/index.js:1209:10)
[Orchestrator] Tick crashed, returning previous state: Error: Trait not found: trait.reputation.power.renown
    at assignTrait (C:/Users/chris/Dev/Projects/TheFantasyWorldSimulator/src/engine/traits.ts:44:25)
    at syncReputationTrait (C:/Users/chris/Dev/Projects/TheFantasyWorldSimulator/src/engine/phaseReputationTraits.ts:297:5)
    at phaseReputationTraits (C:/Users/chris/Dev/Projects/TheFantasyWorldSimulator/src/engine/phaseReputationTraits.ts:273:7)
    at runTick (C:/Users/chris/Dev/Projects/TheFantasyWorldSimulator/src/engine/orchestrator.ts:1896:18)
    at C:/Users/chris/Dev/Projects/TheFantasyWorldSimulator/src/engine/__tests__/traceBuffer-integration.test.ts:198:15
    at file:///C:/Users/chris/Dev/Projects/TheFantasyWorldSimulator/node_modules/@vitest/runner/dist/index.js:145:11
    at file:///C:/Users/chris/Dev/Projects/TheFantasyWorldSimulator/node_modules/@vitest/runner/dist/index.js:915:26
    at file:///C:/Users/chris/Dev/Projects/TheFantasyWorldSimulator/node_modules/@vitest/runner/dist/index.js:1243:20
    at new Promise (<anonymous>)
    at runWithTimeout (file:///C:/Users/chris/Dev/Projects/TheFantasyWorldSimulator/node_modules/@vitest/runner/dist/index.js:1209:10)
[Orchestrator] Tick crashed, returning previous state: Error: Trait not found: trait.reputation.power.renown
    at assignTrait (C:/Users/chris/Dev/Projects/TheFantasyWorldSimulator/src/engine/traits.ts:44:25)
    at syncReputationTrait (C:/Users/chris/Dev/Projects/TheFantasyWorldSimulator/src/engine/phaseReputationTraits.ts:297:5)
    at phaseReputationTraits (C:/Users/chris/Dev/Projects/TheFantasyWorldSimulator/src/engine/phaseReputationTraits.ts:273:7)
    at runTick (C:/Users/chris/Dev/Projects/TheFantasyWorldSimulator/src/engine/orchestrator.ts:1896:18)
    at C:/Users/chris/Dev/Projects/TheFantasyWorldSimulator/src/engine/__tests__/traceBuffer-integration.test.ts:198:15
    at file:///C:/Users/chris/Dev/Projects/TheFantasyWorldSimulator/node_modules/@vitest/runner/dist/index.js:145:11
    at file:///C:/Users/chris/Dev/Projects/TheFantasyWorldSimulator/node_modules/@vitest/runner/dist/index.js:915:26
    at file:///C:/Users/chris/Dev/Projects/TheFantasyWorldSimulator/node_modules/@vitest/runner/dist/index.js:1243:20
    at new Promise (<anonymous>)
    at runWithTimeout (file:///C:/Users/chris/Dev/Projects/TheFantasyWorldSimulator/node_modules/@vitest/runner/dist/index.js:1209:10)
[Orchestrator] Tick crashed, returning previous state: Error: Trait not found: trait.reputation.power.renown
    at assignTrait (C:/Users/chris/Dev/Projects/TheFantasyWorldSimulator/src/engine/traits.ts:44:25)
    at syncReputationTrait (C:/Users/chris/Dev/Projects/TheFantasyWorldSimulator/src/engine/phaseReputationTraits.ts:297:5)
    at phaseReputationTraits (C:/Users/chris/Dev/Projects/TheFantasyWorldSimulator/src/engine/phaseReputationTraits.ts:273:7)
    at runTick (C:/Users/chris/Dev/Projects/TheFantasyWorldSimulator/src/engine/orchestrator.ts:1896:18)
    at C:/Users/chris/Dev/Projects/TheFantasyWorldSimulator/src/engine/__tests__/traceBuffer-integration.test.ts:198:15
    at file:///C:/Users/chris/Dev/Projects/TheFantasyWorldSimulator/node_modules/@vitest/runner/dist/index.js:145:11
    at file:///C:/Users/chris/Dev/Projects/TheFantasyWorldSimulator/node_modules/@vitest/runner/dist/index.js:915:26
    at file:///C:/Users/chris/Dev/Projects/TheFantasyWorldSimulator/node_modules/@vitest/runner/dist/index.js:1243:20
    at new Promise (<anonymous>)
    at runWithTimeout (file:///C:/Users/chris/Dev/Projects/TheFantasyWorldSimulator/node_modules/@vitest/runner/dist/index.js:1209:10)
[Orchestrator] Tick crashed, returning previous state: Error: Trait not found: trait.reputation.power.renown
    at assignTrait (C:/Users/chris/Dev/Projects/TheFantasyWorldSimulator/src/engine/traits.ts:44:25)
    at syncReputationTrait (C:/Users/chris/Dev/Projects/TheFantasyWorldSimulator/src/engine/phaseReputationTraits.ts:297:5)
    at phaseReputationTraits (C:/Users/chris/Dev/Projects/TheFantasyWorldSimulator/src/engine/phaseReputationTraits.ts:273:7)
    at runTick (C:/Users/chris/Dev/Projects/TheFantasyWorldSimulator/src/engine/orchestrator.ts:1896:18)
    at C:/Users/chris/Dev/Projects/TheFantasyWorldSimulator/src/engine/__tests__/traceBuffer-integration.test.ts:198:15
    at file:///C:/Users/chris/Dev/Projects/TheFantasyWorldSimulator/node_modules/@vitest/runner/dist/index.js:145:11
    at file:///C:/Users/chris/Dev/Projects/TheFantasyWorldSimulator/node_modules/@vitest/runner/dist/index.js:915:26
    at file:///C:/Users/chris/Dev/Projects/TheFantasyWorldSimulator/node_modules/@vitest/runner/dist/index.js:1243:20
    at new Promise (<anonymous>)
    at runWithTimeout (file:///C:/Users/chris/Dev/Projects/TheFantasyWorldSimulator/node_modules/@vitest/runner/dist/index.js:1209:10)
[Orchestrator] Tick crashed, returning previous state: Error: Trait not found: trait.reputation.power.renown
    at assignTrait (C:/Users/chris/Dev/Projects/TheFantasyWorldSimulator/src/engine/traits.ts:44:25)
    at syncReputationTrait (C:/Users/chris/Dev/Projects/TheFantasyWorldSimulator/src/engine/phaseReputationTraits.ts:297:5)
    at phaseReputationTraits (C:/Users/chris/Dev/Projects/TheFantasyWorldSimulator/src/engine/phaseReputationTraits.ts:273:7)
    at runTick (C:/Users/chris/Dev/Projects/TheFantasyWorldSimulator/src/engine/orchestrator.ts:1896:18)
    at C:/Users/chris/Dev/Projects/TheFantasyWorldSimulator/src/engine/__tests__/traceBuffer-integration.test.ts:198:15
    at file:///C:/Users/chris/Dev/Projects/TheFantasyWorldSimulator/node_modules/@vitest/runner/dist/index.js:145:11
    at file:///C:/Users/chris/Dev/Projects/TheFantasyWorldSimulator/node_modules/@vitest/runner/dist/index.js:915:26
    at file:///C:/Users/chris/Dev/Projects/TheFantasyWorldSimulator/node_modules/@vitest/runner/dist/index.js:1243:20
    at new Promise (<anonymous>)
    at runWithTimeout (file:///C:/Users/chris/Dev/Projects/TheFantasyWorldSimulator/node_modules/@vitest/runner/dist/index.js:1209:10)
[Orchestrator] Tick crashed, returning previous state: Error: Trait not found: trait.reputation.power.renown
    at assignTrait (C:/Users/chris/Dev/Projects/TheFantasyWorldSimulator/src/engine/traits.ts:44:25)
    at syncReputationTrait (C:/Users/chris/Dev/Projects/TheFantasyWorldSimulator/src/engine/phaseReputationTraits.ts:297:5)
    at phaseReputationTraits (C:/Users/chris/Dev/Projects/TheFantasyWorldSimulator/src/engine/phaseReputationTraits.ts:273:7)
    at runTick (C:/Users/chris/Dev/Projects/TheFantasyWorldSimulator/src/engine/orchestrator.ts:1896:18)
    at C:/Users/chris/Dev/Projects/TheFantasyWorldSimulator/src/engine/__tests__/traceBuffer-integration.test.ts:198:15
    at file:///C:/Users/chris/Dev/Projects/TheFantasyWorldSimulator/node_modules/@vitest/runner/dist/index.js:145:11
    at file:///C:/Users/chris/Dev/Projects/TheFantasyWorldSimulator/node_modules/@vitest/runner/dist/index.js:915:26
    at file:///C:/Users/chris/Dev/Projects/TheFantasyWorldSimulator/node_modules/@vitest/runner/dist/index.js:1243:20
    at new Promise (<anonymous>)
    at runWithTimeout (file:///C:/Users/chris/Dev/Projects/TheFantasyWorldSimulator/node_modules/@vitest/runner/dist/index.js:1209:10)
[Orchestrator] Tick crashed, returning previous state: Error: Trait not found: trait.reputation.power.renown
    at assignTrait (C:/Users/chris/Dev/Projects/TheFantasyWorldSimulator/src/engine/traits.ts:44:25)
    at syncReputationTrait (C:/Users/chris/Dev/Projects/TheFantasyWorldSimulator/src/engine/phaseReputationTraits.ts:297:5)
    at phaseReputationTraits (C:/Users/chris/Dev/Projects/TheFantasyWorldSimulator/src/engine/phaseReputationTraits.ts:273:7)
    at runTick (C:/Users/chris/Dev/Projects/TheFantasyWorldSimulator/src/engine/orchestrator.ts:1896:18)
    at C:/Users/chris/Dev/Projects/TheFantasyWorldSimulator/src/engine/__tests__/traceBuffer-integration.test.ts:198:15
    at file:///C:/Users/chris/Dev/Projects/TheFantasyWorldSimulator/node_modules/@vitest/runner/dist/index.js:145:11
    at file:///C:/Users/chris/Dev/Projects/TheFantasyWorldSimulator/node_modules/@vitest/runner/dist/index.js:915:26
    at file:///C:/Users/chris/Dev/Projects/TheFantasyWorldSimulator/node_modules/@vitest/runner/dist/index.js:1243:20
    at new Promise (<anonymous>)
    at runWithTimeout (file:///C:/Users/chris/Dev/Projects/TheFantasyWorldSimulator/node_modules/@vitest/runner/dist/index.js:1209:10)
[Orchestrator] Tick crashed, returning previous state: Error: Trait not found: trait.reputation.power.renown
    at assignTrait (C:/Users/chris/Dev/Projects/TheFantasyWorldSimulator/src/engine/traits.ts:44:25)
    at syncReputationTrait (C:/Users/chris/Dev/Projects/TheFantasyWorldSimulator/src/engine/phaseReputationTraits.ts:297:5)
    at phaseReputationTraits (C:/Users/chris/Dev/Projects/TheFantasyWorldSimulator/src/engine/phaseReputationTraits.ts:273:7)
    at runTick (C:/Users/chris/Dev/Projects/TheFantasyWorldSimulator/src/engine/orchestrator.ts:1896:18)
    at C:/Users/chris/Dev/Projects/TheFantasyWorldSimulator/src/engine/__tests__/traceBuffer-integration.test.ts:198:15
    at file:///C:/Users/chris/Dev/Projects/TheFantasyWorldSimulator/node_modules/@vitest/runner/dist/index.js:145:11
    at file:///C:/Users/chris/Dev/Projects/TheFantasyWorldSimulator/node_modules/@vitest/runner/dist/index.js:915:26
    at file:///C:/Users/chris/Dev/Projects/TheFantasyWorldSimulator/node_modules/@vitest/runner/dist/index.js:1243:20
    at new Promise (<anonymous>)
    at runWithTimeout (file:///C:/Users/chris/Dev/Projects/TheFantasyWorldSimulator/node_modules/@vitest/runner/dist/index.js:1209:10)
[Orchestrator] Tick crashed, returning previous state: Error: Trait not found: trait.reputation.power.renown
    at assignTrait (C:/Users/chris/Dev/Projects/TheFantasyWorldSimulator/src/engine/traits.ts:44:25)
    at syncReputationTrait (C:/Users/chris/Dev/Projects/TheFantasyWorldSimulator/src/engine/phaseReputationTraits.ts:297:5)
    at phaseReputationTraits (C:/Users/chris/Dev/Projects/TheFantasyWorldSimulator/src/engine/phaseReputationTraits.ts:273:7)
    at runTick (C:/Users/chris/Dev/Projects/TheFantasyWorldSimulator/src/engine/orchestrator.ts:1896:18)
    at C:/Users/chris/Dev/Projects/TheFantasyWorldSimulator/src/engine/__tests__/traceBuffer-integration.test.ts:198:15
    at file:///C:/Users/chris/Dev/Projects/TheFantasyWorldSimulator/node_modules/@vitest/runner/dist/index.js:145:11
    at file:///C:/Users/chris/Dev/Projects/TheFantasyWorldSimulator/node_modules/@vitest/runner/dist/index.js:915:26
    at file:///C:/Users/chris/Dev/Projects/TheFantasyWorldSimulator/node_modules/@vitest/runner/dist/index.js:1243:20
    at new Promise (<anonymous>)
    at runWithTimeout (file:///C:/Users/chris/Dev/Projects/TheFantasyWorldSimulator/node_modules/@vitest/runner/dist/index.js:1209:10)
[Orchestrator] Tick crashed, returning previous state: Error: Trait not found: trait.reputation.power.renown
    at assignTrait (C:/Users/chris/Dev/Projects/TheFantasyWorldSimulator/src/engine/traits.ts:44:25)
    at syncReputationTrait (C:/Users/chris/Dev/Projects/TheFantasyWorldSimulator/src/engine/phaseReputationTraits.ts:297:5)
    at phaseReputationTraits (C:/Users/chris/Dev/Projects/TheFantasyWorldSimulator/src/engine/phaseReputationTraits.ts:273:7)
    at runTick (C:/Users/chris/Dev/Projects/TheFantasyWorldSimulator/src/engine/orchestrator.ts:1896:18)
    at C:/Users/chris/Dev/Projects/TheFantasyWorldSimulator/src/engine/__tests__/traceBuffer-integration.test.ts:198:15
    at file:///C:/Users/chris/Dev/Projects/TheFantasyWorldSimulator/node_modules/@vitest/runner/dist/index.js:145:11
    at file:///C:/Users/chris/Dev/Projects/TheFantasyWorldSimulator/node_modules/@vitest/runner/dist/index.js:915:26
    at file:///C:/Users/chris/Dev/Projects/TheFantasyWorldSimulator/node_modules/@vitest/runner/dist/index.js:1243:20
    at new Promise (<anonymous>)
    at runWithTimeout (file:///C:/Users/chris/Dev/Projects/TheFantasyWorldSimulator/node_modules/@vitest/runner/dist/index.js:1209:10)
[Orchestrator] Tick crashed, returning previous state: Error: Trait not found: trait.reputation.power.renown
    at assignTrait (C:/Users/chris/Dev/Projects/TheFantasyWorldSimulator/src/engine/traits.ts:44:25)
    at syncReputationTrait (C:/Users/chris/Dev/Projects/TheFantasyWorldSimulator/src/engine/phaseReputationTraits.ts:297:5)
    at phaseReputationTraits (C:/Users/chris/Dev/Projects/TheFantasyWorldSimulator/src/engine/phaseReputationTraits.ts:273:7)
    at runTick (C:/Users/chris/Dev/Projects/TheFantasyWorldSimulator/src/engine/orchestrator.ts:1896:18)
    at C:/Users/chris/Dev/Projects/TheFantasyWorldSimulator/src/engine/__tests__/traceBuffer-integration.test.ts:198:15
    at file:///C:/Users/chris/Dev/Projects/TheFantasyWorldSimulator/node_modules/@vitest/runner/dist/index.js:145:11
    at file:///C:/Users/chris/Dev/Projects/TheFantasyWorldSimulator/node_modules/@vitest/runner/dist/index.js:915:26
    at file:///C:/Users/chris/Dev/Projects/TheFantasyWorldSimulator/node_modules/@vitest/runner/dist/index.js:1243:20
    at new Promise (<anonymous>)
    at runWithTimeout (file:///C:/Users/chris/Dev/Projects/TheFantasyWorldSimulator/node_modules/@vitest/runner/dist/index.js:1209:10)
[Orchestrator] Tick crashed, returning previous state: Error: Trait not found: trait.reputation.power.renown
    at assignTrait (C:/Users/chris/Dev/Projects/TheFantasyWorldSimulator/src/engine/traits.ts:44:25)
    at syncReputationTrait (C:/Users/chris/Dev/Projects/TheFantasyWorldSimulator/src/engine/phaseReputationTraits.ts:297:5)
    at phaseReputationTraits (C:/Users/chris/Dev/Projects/TheFantasyWorldSimulator/src/engine/phaseReputationTraits.ts:273:7)
    at runTick (C:/Users/chris/Dev/Projects/TheFantasyWorldSimulator/src/engine/orchestrator.ts:1896:18)
    at C:/Users/chris/Dev/Projects/TheFantasyWorldSimulator/src/engine/__tests__/traceBuffer-integration.test.ts:198:15
    at file:///C:/Users/chris/Dev/Projects/TheFantasyWorldSimulator/node_modules/@vitest/runner/dist/index.js:145:11
    at file:///C:/Users/chris/Dev/Projects/TheFantasyWorldSimulator/node_modules/@vitest/runner/dist/index.js:915:26
    at file:///C:/Users/chris/Dev/Projects/TheFantasyWorldSimulator/node_modules/@vitest/runner/dist/index.js:1243:20
    at new Promise (<anonymous>)
    at runWithTimeout (file:///C:/Users/chris/Dev/Projects/TheFantasyWorldSimulator/node_modules/@vitest/runner/dist/index.js:1209:10)
[Orchestrator] Tick crashed, returning previous state: Error: Trait not found: trait.reputation.power.renown
    at assignTrait (C:/Users/chris/Dev/Projects/TheFantasyWorldSimulator/src/engine/traits.ts:44:25)
    at syncReputationTrait (C:/Users/chris/Dev/Projects/TheFantasyWorldSimulator/src/engine/phaseReputationTraits.ts:297:5)
    at phaseReputationTraits (C:/Users/chris/Dev/Projects/TheFantasyWorldSimulator/src/engine/phaseReputationTraits.ts:273:7)
    at runTick (C:/Users/chris/Dev/Projects/TheFantasyWorldSimulator/src/engine/orchestrator.ts:1896:18)
    at C:/Users/chris/Dev/Projects/TheFantasyWorldSimulator/src/engine/__tests__/traceBuffer-integration.test.ts:198:15
    at file:///C:/Users/chris/Dev/Projects/TheFantasyWorldSimulator/node_modules/@vitest/runner/dist/index.js:145:11
    at file:///C:/Users/chris/Dev/Projects/TheFantasyWorldSimulator/node_modules/@vitest/runner/dist/index.js:915:26
    at file:///C:/Users/chris/Dev/Projects/TheFantasyWorldSimulator/node_modules/@vitest/runner/dist/index.js:1243:20
    at new Promise (<anonymous>)
    at runWithTimeout (file:///C:/Users/chris/Dev/Projects/TheFantasyWorldSimulator/node_modules/@vitest/runner/dist/index.js:1209:10)
[Orchestrator] Tick crashed, returning previous state: Error: Trait not found: trait.reputation.power.renown
    at assignTrait (C:/Users/chris/Dev/Projects/TheFantasyWorldSimulator/src/engine/traits.ts:44:25)
    at syncReputationTrait (C:/Users/chris/Dev/Projects/TheFantasyWorldSimulator/src/engine/phaseReputationTraits.ts:297:5)
    at phaseReputationTraits (C:/Users/chris/Dev/Projects/TheFantasyWorldSimulator/src/engine/phaseReputationTraits.ts:273:7)
    at runTick (C:/Users/chris/Dev/Projects/TheFantasyWorldSimulator/src/engine/orchestrator.ts:1896:18)
    at C:/Users/chris/Dev/Projects/TheFantasyWorldSimulator/src/engine/__tests__/traceBuffer-integration.test.ts:198:15
    at file:///C:/Users/chris/Dev/Projects/TheFantasyWorldSimulator/node_modules/@vitest/runner/dist/index.js:145:11
    at file:///C:/Users/chris/Dev/Projects/TheFantasyWorldSimulator/node_modules/@vitest/runner/dist/index.js:915:26
    at file:///C:/Users/chris/Dev/Projects/TheFantasyWorldSimulator/node_modules/@vitest/runner/dist/index.js:1243:20
    at new Promise (<anonymous>)
    at runWithTimeout (file:///C:/Users/chris/Dev/Projects/TheFantasyWorldSimulator/node_modules/@vitest/runner/dist/index.js:1209:10)
[Orchestrator] Tick crashed, returning previous state: Error: Trait not found: trait.reputation.power.renown
    at assignTrait (C:/Users/chris/Dev/Projects/TheFantasyWorldSimulator/src/engine/traits.ts:44:25)
    at syncReputationTrait (C:/Users/chris/Dev/Projects/TheFantasyWorldSimulator/src/engine/phaseReputationTraits.ts:297:5)
    at phaseReputationTraits (C:/Users/chris/Dev/Projects/TheFantasyWorldSimulator/src/engine/phaseReputationTraits.ts:273:7)
    at runTick (C:/Users/chris/Dev/Projects/TheFantasyWorldSimulator/src/engine/orchestrator.ts:1896:18)
    at C:/Users/chris/Dev/Projects/TheFantasyWorldSimulator/src/engine/__tests__/traceBuffer-integration.test.ts:198:15
    at file:///C:/Users/chris/Dev/Projects/TheFantasyWorldSimulator/node_modules/@vitest/runner/dist/index.js:145:11
    at file:///C:/Users/chris/Dev/Projects/TheFantasyWorldSimulator/node_modules/@vitest/runner/dist/index.js:915:26
    at file:///C:/Users/chris/Dev/Projects/TheFantasyWorldSimulator/node_modules/@vitest/runner/dist/index.js:1243:20
    at new Promise (<anonymous>)
    at runWithTimeout (file:///C:/Users/chris/Dev/Projects/TheFantasyWorldSimulator/node_modules/@vitest/runner/dist/index.js:1209:10)
[Orchestrator] Tick crashed, returning previous state: Error: Trait not found: trait.reputation.power.renown
    at assignTrait (C:/Users/chris/Dev/Projects/TheFantasyWorldSimulator/src/engine/traits.ts:44:25)
    at syncReputationTrait (C:/Users/chris/Dev/Projects/TheFantasyWorldSimulator/src/engine/phaseReputationTraits.ts:297:5)
    at phaseReputationTraits (C:/Users/chris/Dev/Projects/TheFantasyWorldSimulator/src/engine/phaseReputationTraits.ts:273:7)
    at runTick (C:/Users/chris/Dev/Projects/TheFantasyWorldSimulator/src/engine/orchestrator.ts:1896:18)
    at C:/Users/chris/Dev/Projects/TheFantasyWorldSimulator/src/engine/__tests__/traceBuffer-integration.test.ts:198:15
    at file:///C:/Users/chris/Dev/Projects/TheFantasyWorldSimulator/node_modules/@vitest/runner/dist/index.js:145:11
    at file:///C:/Users/chris/Dev/Projects/TheFantasyWorldSimulator/node_modules/@vitest/runner/dist/index.js:915:26
    at file:///C:/Users/chris/Dev/Projects/TheFantasyWorldSimulator/node_modules/@vitest/runner/dist/index.js:1243:20
    at new Promise (<anonymous>)
    at runWithTimeout (file:///C:/Users/chris/Dev/Projects/TheFantasyWorldSimulator/node_modules/@vitest/runner/dist/index.js:1209:10)
[Orchestrator] Tick crashed, returning previous state: Error: Trait not found: trait.reputation.power.renown
    at assignTrait (C:/Users/chris/Dev/Projects/TheFantasyWorldSimulator/src/engine/traits.ts:44:25)
    at syncReputationTrait (C:/Users/chris/Dev/Projects/TheFantasyWorldSimulator/src/engine/phaseReputationTraits.ts:297:5)
    at phaseReputationTraits (C:/Users/chris/Dev/Projects/TheFantasyWorldSimulator/src/engine/phaseReputationTraits.ts:273:7)
    at runTick (C:/Users/chris/Dev/Projects/TheFantasyWorldSimulator/src/engine/orchestrator.ts:1896:18)
    at C:/Users/chris/Dev/Projects/TheFantasyWorldSimulator/src/engine/__tests__/traceBuffer-integration.test.ts:198:15
    at file:///C:/Users/chris/Dev/Projects/TheFantasyWorldSimulator/node_modules/@vitest/runner/dist/index.js:145:11
    at file:///C:/Users/chris/Dev/Projects/TheFantasyWorldSimulator/node_modules/@vitest/runner/dist/index.js:915:26
    at file:///C:/Users/chris/Dev/Projects/TheFantasyWorldSimulator/node_modules/@vitest/runner/dist/index.js:1243:20
    at new Promise (<anonymous>)
    at runWithTimeout (file:///C:/Users/chris/Dev/Projects/TheFantasyWorldSimulator/node_modules/@vitest/runner/dist/index.js:1209:10)
[Orchestrator] Tick crashed, returning previous state: Error: Trait not found: trait.reputation.power.renown
    at assignTrait (C:/Users/chris/Dev/Projects/TheFantasyWorldSimulator/src/engine/traits.ts:44:25)
    at syncReputationTrait (C:/Users/chris/Dev/Projects/TheFantasyWorldSimulator/src/engine/phaseReputationTraits.ts:297:5)
    at phaseReputationTraits (C:/Users/chris/Dev/Projects/TheFantasyWorldSimulator/src/engine/phaseReputationTraits.ts:273:7)
    at runTick (C:/Users/chris/Dev/Projects/TheFantasyWorldSimulator/src/engine/orchestrator.ts:1896:18)
    at C:/Users/chris/Dev/Projects/TheFantasyWorldSimulator/src/engine/__tests__/traceBuffer-integration.test.ts:198:15
    at file:///C:/Users/chris/Dev/Projects/TheFantasyWorldSimulator/node_modules/@vitest/runner/dist/index.js:145:11
    at file:///C:/Users/chris/Dev/Projects/TheFantasyWorldSimulator/node_modules/@vitest/runner/dist/index.js:915:26
    at file:///C:/Users/chris/Dev/Projects/TheFantasyWorldSimulator/node_modules/@vitest/runner/dist/index.js:1243:20
    at new Promise (<anonymous>)
    at runWithTimeout (file:///C:/Users/chris/Dev/Projects/TheFantasyWorldSimulator/node_modules/@vitest/runner/dist/index.js:1209:10)
[Orchestrator] Tick crashed, returning previous state: Error: Trait not found: trait.reputation.power.renown
    at assignTrait (C:/Users/chris/Dev/Projects/TheFantasyWorldSimulator/src/engine/traits.ts:44:25)
    at syncReputationTrait (C:/Users/chris/Dev/Projects/TheFantasyWorldSimulator/src/engine/phaseReputationTraits.ts:297:5)
    at phaseReputationTraits (C:/Users/chris/Dev/Projects/TheFantasyWorldSimulator/src/engine/phaseReputationTraits.ts:273:7)
    at runTick (C:/Users/chris/Dev/Projects/TheFantasyWorldSimulator/src/engine/orchestrator.ts:1896:18)
    at C:/Users/chris/Dev/Projects/TheFantasyWorldSimulator/src/engine/__tests__/traceBuffer-integration.test.ts:198:15
    at file:///C:/Users/chris/Dev/Projects/TheFantasyWorldSimulator/node_modules/@vitest/runner/dist/index.js:145:11
    at file:///C:/Users/chris/Dev/Projects/TheFantasyWorldSimulator/node_modules/@vitest/runner/dist/index.js:915:26
    at file:///C:/Users/chris/Dev/Projects/TheFantasyWorldSimulator/node_modules/@vitest/runner/dist/index.js:1243:20
    at new Promise (<anonymous>)
    at runWithTimeout (file:///C:/Users/chris/Dev/Projects/TheFantasyWorldSimulator/node_modules/@vitest/runner/dist/index.js:1209:10)
[Orchestrator] Tick crashed, returning previous state: Error: Trait not found: trait.reputation.power.renown
    at assignTrait (C:/Users/chris/Dev/Projects/TheFantasyWorldSimulator/src/engine/traits.ts:44:25)
    at syncReputationTrait (C:/Users/chris/Dev/Projects/TheFantasyWorldSimulator/src/engine/phaseReputationTraits.ts:297:5)
    at phaseReputationTraits (C:/Users/chris/Dev/Projects/TheFantasyWorldSimulator/src/engine/phaseReputationTraits.ts:273:7)
    at runTick (C:/Users/chris/Dev/Projects/TheFantasyWorldSimulator/src/engine/orchestrator.ts:1896:18)
    at C:/Users/chris/Dev/Projects/TheFantasyWorldSimulator/src/engine/__tests__/traceBuffer-integration.test.ts:198:15
    at file:///C:/Users/chris/Dev/Projects/TheFantasyWorldSimulator/node_modules/@vitest/runner/dist/index.js:145:11
    at file:///C:/Users/chris/Dev/Projects/TheFantasyWorldSimulator/node_modules/@vitest/runner/dist/index.js:915:26
    at file:///C:/Users/chris/Dev/Projects/TheFantasyWorldSimulator/node_modules/@vitest/runner/dist/index.js:1243:20
    at new Promise (<anonymous>)
    at runWithTimeout (file:///C:/Users/chris/Dev/Projects/TheFantasyWorldSimulator/node_modules/@vitest/runner/dist/index.js:1209:10)
[Orchestrator] Tick crashed, returning previous state: Error: Trait not found: trait.reputation.power.renown
    at assignTrait (C:/Users/chris/Dev/Projects/TheFantasyWorldSimulator/src/engine/traits.ts:44:25)
    at syncReputationTrait (C:/Users/chris/Dev/Projects/TheFantasyWorldSimulator/src/engine/phaseReputationTraits.ts:297:5)
    at phaseReputationTraits (C:/Users/chris/Dev/Projects/TheFantasyWorldSimulator/src/engine/phaseReputationTraits.ts:273:7)
    at runTick (C:/Users/chris/Dev/Projects/TheFantasyWorldSimulator/src/engine/orchestrator.ts:1896:18)
    at C:/Users/chris/Dev/Projects/TheFantasyWorldSimulator/src/engine/__tests__/traceBuffer-integration.test.ts:198:15
    at file:///C:/Users/chris/Dev/Projects/TheFantasyWorldSimulator/node_modules/@vitest/runner/dist/index.js:145:11
    at file:///C:/Users/chris/Dev/Projects/TheFantasyWorldSimulator/node_modules/@vitest/runner/dist/index.js:915:26
    at file:///C:/Users/chris/Dev/Projects/TheFantasyWorldSimulator/node_modules/@vitest/runner/dist/index.js:1243:20
    at new Promise (<anonymous>)
    at runWithTimeout (file:///C:/Users/chris/Dev/Projects/TheFantasyWorldSimulator/node_modules/@vitest/runner/dist/index.js:1209:10)
[Orchestrator] Tick crashed, returning previous state: Error: Trait not found: trait.reputation.power.renown
    at assignTrait (C:/Users/chris/Dev/Projects/TheFantasyWorldSimulator/src/engine/traits.ts:44:25)
    at syncReputationTrait (C:/Users/chris/Dev/Projects/TheFantasyWorldSimulator/src/engine/phaseReputationTraits.ts:297:5)
    at phaseReputationTraits (C:/Users/chris/Dev/Projects/TheFantasyWorldSimulator/src/engine/phaseReputationTraits.ts:273:7)
    at runTick (C:/Users/chris/Dev/Projects/TheFantasyWorldSimulator/src/engine/orchestrator.ts:1896:18)
    at C:/Users/chris/Dev/Projects/TheFantasyWorldSimulator/src/engine/__tests__/traceBuffer-integration.test.ts:198:15
    at file:///C:/Users/chris/Dev/Projects/TheFantasyWorldSimulator/node_modules/@vitest/runner/dist/index.js:145:11
    at file:///C:/Users/chris/Dev/Projects/TheFantasyWorldSimulator/node_modules/@vitest/runner/dist/index.js:915:26
    at file:///C:/Users/chris/Dev/Projects/TheFantasyWorldSimulator/node_modules/@vitest/runner/dist/index.js:1243:20
    at new Promise (<anonymous>)
    at runWithTimeout (file:///C:/Users/chris/Dev/Projects/TheFantasyWorldSimulator/node_modules/@vitest/runner/dist/index.js:1209:10)
[Orchestrator] Tick crashed, returning previous state: Error: Trait not found: trait.reputation.power.renown
    at assignTrait (C:/Users/chris/Dev/Projects/TheFantasyWorldSimulator/src/engine/traits.ts:44:25)
    at syncReputationTrait (C:/Users/chris/Dev/Projects/TheFantasyWorldSimulator/src/engine/phaseReputationTraits.ts:297:5)
    at phaseReputationTraits (C:/Users/chris/Dev/Projects/TheFantasyWorldSimulator/src/engine/phaseReputationTraits.ts:273:7)
    at runTick (C:/Users/chris/Dev/Projects/TheFantasyWorldSimulator/src/engine/orchestrator.ts:1896:18)
    at C:/Users/chris/Dev/Projects/TheFantasyWorldSimulator/src/engine/__tests__/traceBuffer-integration.test.ts:198:15
    at file:///C:/Users/chris/Dev/Projects/TheFantasyWorldSimulator/node_modules/@vitest/runner/dist/index.js:145:11
    at file:///C:/Users/chris/Dev/Projects/TheFantasyWorldSimulator/node_modules/@vitest/runner/dist/index.js:915:26
    at file:///C:/Users/chris/Dev/Projects/TheFantasyWorldSimulator/node_modules/@vitest/runner/dist/index.js:1243:20
    at new Promise (<anonymous>)
    at runWithTimeout (file:///C:/Users/chris/Dev/Projects/TheFantasyWorldSimulator/node_modules/@vitest/runner/dist/index.js:1209:10)
[Orchestrator] Tick crashed, returning previous state: Error: Trait not found: trait.reputation.power.renown
    at assignTrait (C:/Users/chris/Dev/Projects/TheFantasyWorldSimulator/src/engine/traits.ts:44:25)
    at syncReputationTrait (C:/Users/chris/Dev/Projects/TheFantasyWorldSimulator/src/engine/phaseReputationTraits.ts:297:5)
    at phaseReputationTraits (C:/Users/chris/Dev/Projects/TheFantasyWorldSimulator/src/engine/phaseReputationTraits.ts:273:7)
    at runTick (C:/Users/chris/Dev/Projects/TheFantasyWorldSimulator/src/engine/orchestrator.ts:1896:18)
    at C:/Users/chris/Dev/Projects/TheFantasyWorldSimulator/src/engine/__tests__/traceBuffer-integration.test.ts:198:15
    at file:///C:/Users/chris/Dev/Projects/TheFantasyWorldSimulator/node_modules/@vitest/runner/dist/index.js:145:11
    at file:///C:/Users/chris/Dev/Projects/TheFantasyWorldSimulator/node_modules/@vitest/runner/dist/index.js:915:26
    at file:///C:/Users/chris/Dev/Projects/TheFantasyWorldSimulator/node_modules/@vitest/runner/dist/index.js:1243:20
    at new Promise (<anonymous>)
    at runWithTimeout (file:///C:/Users/chris/Dev/Projects/TheFantasyWorldSimulator/node_modules/@vitest/runner/dist/index.js:1209:10)
[Orchestrator] Tick crashed, returning previous state: Error: Trait not found: trait.reputation.power.renown
    at assignTrait (C:/Users/chris/Dev/Projects/TheFantasyWorldSimulator/src/engine/traits.ts:44:25)
    at syncReputationTrait (C:/Users/chris/Dev/Projects/TheFantasyWorldSimulator/src/engine/phaseReputationTraits.ts:297:5)
    at phaseReputationTraits (C:/Users/chris/Dev/Projects/TheFantasyWorldSimulator/src/engine/phaseReputationTraits.ts:273:7)
    at runTick (C:/Users/chris/Dev/Projects/TheFantasyWorldSimulator/src/engine/orchestrator.ts:1896:18)
    at C:/Users/chris/Dev/Projects/TheFantasyWorldSimulator/src/engine/__tests__/traceBuffer-integration.test.ts:198:15
    at file:///C:/Users/chris/Dev/Projects/TheFantasyWorldSimulator/node_modules/@vitest/runner/dist/index.js:145:11
    at file:///C:/Users/chris/Dev/Projects/TheFantasyWorldSimulator/node_modules/@vitest/runner/dist/index.js:915:26
    at file:///C:/Users/chris/Dev/Projects/TheFantasyWorldSimulator/node_modules/@vitest/runner/dist/index.js:1243:20
    at new Promise (<anonymous>)
    at runWithTimeout (file:///C:/Users/chris/Dev/Projects/TheFantasyWorldSimulator/node_modules/@vitest/runner/dist/index.js:1209:10)
[Orchestrator] Tick crashed, returning previous state: Error: Trait not found: trait.reputation.power.renown
    at assignTrait (C:/Users/chris/Dev/Projects/TheFantasyWorldSimulator/src/engine/traits.ts:44:25)
    at syncReputationTrait (C:/Users/chris/Dev/Projects/TheFantasyWorldSimulator/src/engine/phaseReputationTraits.ts:297:5)
    at phaseReputationTraits (C:/Users/chris/Dev/Projects/TheFantasyWorldSimulator/src/engine/phaseReputationTraits.ts:273:7)
    at runTick (C:/Users/chris/Dev/Projects/TheFantasyWorldSimulator/src/engine/orchestrator.ts:1896:18)
    at C:/Users/chris/Dev/Projects/TheFantasyWorldSimulator/src/engine/__tests__/traceBuffer-integration.test.ts:198:15
    at file:///C:/Users/chris/Dev/Projects/TheFantasyWorldSimulator/node_modules/@vitest/runner/dist/index.js:145:11
    at file:///C:/Users/chris/Dev/Projects/TheFantasyWorldSimulator/node_modules/@vitest/runner/dist/index.js:915:26
    at file:///C:/Users/chris/Dev/Projects/TheFantasyWorldSimulator/node_modules/@vitest/runner/dist/index.js:1243:20
    at new Promise (<anonymous>)
    at runWithTimeout (file:///C:/Users/chris/Dev/Projects/TheFantasyWorldSimulator/node_modules/@vitest/runner/dist/index.js:1209:10)
[Orchestrator] Tick crashed, returning previous state: Error: Trait not found: trait.reputation.power.renown
    at assignTrait (C:/Users/chris/Dev/Projects/TheFantasyWorldSimulator/src/engine/traits.ts:44:25)
    at syncReputationTrait (C:/Users/chris/Dev/Projects/TheFantasyWorldSimulator/src/engine/phaseReputationTraits.ts:297:5)
    at phaseReputationTraits (C:/Users/chris/Dev/Projects/TheFantasyWorldSimulator/src/engine/phaseReputationTraits.ts:273:7)
    at runTick (C:/Users/chris/Dev/Projects/TheFantasyWorldSimulator/src/engine/orchestrator.ts:1896:18)
    at C:/Users/chris/Dev/Projects/TheFantasyWorldSimulator/src/engine/__tests__/traceBuffer-integration.test.ts:198:15
    at file:///C:/Users/chris/Dev/Projects/TheFantasyWorldSimulator/node_modules/@vitest/runner/dist/index.js:145:11
    at file:///C:/Users/chris/Dev/Projects/TheFantasyWorldSimulator/node_modules/@vitest/runner/dist/index.js:915:26
    at file:///C:/Users/chris/Dev/Projects/TheFantasyWorldSimulator/node_modules/@vitest/runner/dist/index.js:1243:20
    at new Promise (<anonymous>)
    at runWithTimeout (file:///C:/Users/chris/Dev/Projects/TheFantasyWorldSimulator/node_modules/@vitest/runner/dist/index.js:1209:10)

 [32m✓[39m src/components/Game/__tests__/ThreadsPanel.test.tsx [2m([22m[2m16 tests[22m[2m)[22m[33m 452[2mms[22m[39m
 [32m✓[39m src/components/Game/__tests__/LocationView.test.tsx [2m([22m[2m12 tests[22m[2m)[22m[33m 369[2mms[22m[39m
 [32m✓[39m src/components/shared/__tests__/Tooltip.test.tsx [2m([22m[2m21 tests[22m[2m)[22m[33m 427[2mms[22m[39m
stderr | src/engine/__tests__/contracts/encounter-liveness.contract.test.ts > Pipeline Liveness: encounter initiation → completion → rewards > at least one encounter completes within 50 ticks on a seeded world
[GraphSchema] Edge "belongs_to" source should be ["actor","location"], got "region" (edge edge_hist_territory_region_0_hist_culture_0)
[GraphSchema] Edge "contains" target should be "location", got "sublocation" (edge contains_loc.start_subloc_warehouse_loc.start_10)
[GraphSchema] Edge "constructed_by" source should be "actor", got "sublocation" (edge constructed_by_subloc_warehouse_loc.start_10_ind_5)
[GraphSchema] Edge "constructed_by" target should be "location", got "actor" (edge constructed_by_subloc_warehouse_loc.start_10_ind_5)
[GraphSchema] Edge "contains" target should be "location", got "sublocation" (edge contains_loc.start_subloc_warehouse_loc.start_12)
[GraphSchema] Edge "constructed_by" source should be "actor", got "sublocation" (edge constructed_by_subloc_warehouse_loc.start_12_ind_1)
[GraphSchema] Edge "constructed_by" target should be "location", got "actor" (edge constructed_by_subloc_warehouse_loc.start_12_ind_1)
[GraphSchema] Edge "contains" target should be "location", got "sublocation" (edge contains_loc.start_subloc_guild_chapter_loc.start_13)
[GraphSchema] Edge "constructed_by" source should be "actor", got "sublocation" (edge constructed_by_subloc_guild_chapter_loc.start_13_ind_5)
[GraphSchema] Edge "constructed_by" target should be "location", got "actor" (edge constructed_by_subloc_guild_chapter_loc.start_13_ind_5)
[GraphSchema] Edge "contains" target should be "location", got "sublocation" (edge contains_loc.start_subloc_warehouse_loc.start_13)
[GraphSchema] Edge "constructed_by" source should be "actor", got "sublocation" (edge constructed_by_subloc_warehouse_loc.start_13_ind_2)
[GraphSchema] Edge "constructed_by" target should be "location", got "actor" (edge constructed_by_subloc_warehouse_loc.start_13_ind_2)
[GraphSchema] Edge "contains" target should be "location", got "sublocation" (edge contains_loc.start_subloc_guild_chapter_loc.start_16)
[GraphSchema] Edge "constructed_by" source should be "actor", got "sublocation" (edge constructed_by_subloc_guild_chapter_loc.start_16_ind_2)
[GraphSchema] Edge "constructed_by" target should be "location", got "actor" (edge constructed_by_subloc_guild_chapter_loc.start_16_ind_2)
[GraphSchema] Edge "contains" target should be "location", got "sublocation" (edge contains_loc.start_subloc_guild_chapter_loc.start_17)
[GraphSchema] Edge "constructed_by" source should be "actor", got "sublocation" (edge constructed_by_subloc_guild_chapter_loc.start_17_ind_1)
[GraphSchema] Edge "constructed_by" target should be "location", got "actor" (edge constructed_by_subloc_guild_chapter_loc.start_17_ind_1)

 [32m✓[39m src/engine/worldgen/__tests__/biome.test.ts [2m([22m[2m15 tests[22m[2m)[22m[32m 238[2mms[22m[39m
 [32m✓[39m src/components/Game/__tests__/ToastStack-actorId.test.tsx [2m([22m[2m7 tests[22m[2m)[22m[33m 477[2mms[22m[39m
 [32m✓[39m src/components/shared/__tests__/IconButton.test.tsx [2m([22m[2m12 tests[22m[2m)[22m[33m 389[2mms[22m[39m
stderr | src/engine/__tests__/orchestrator.test.ts > Orchestrator > multi-tick simulation reaches doom expiry
[GraphSchema] Edge "belongs_to" source should be ["actor","location"], got "region" (edge edge_hist_territory_region_0_hist_culture_0)
[Orchestrator] Tick crashed, returning previous state: Error: Trait not found: trait.reputation.power.renown
    at assignTrait (C:/Users/chris/Dev/Projects/TheFantasyWorldSimulator/src/engine/traits.ts:44:25)
    at syncReputationTrait (C:/Users/chris/Dev/Projects/TheFantasyWorldSimulator/src/engine/phaseReputationTraits.ts:297:5)
    at phaseReputationTraits (C:/Users/chris/Dev/Projects/TheFantasyWorldSimulator/src/engine/phaseReputationTraits.ts:273:7)
    at runTick (C:/Users/chris/Dev/Projects/TheFantasyWorldSimulator/src/engine/orchestrator.ts:1896:18)
    at C:/Users/chris/Dev/Projects/TheFantasyWorldSimulator/src/engine/__tests__/orchestrator.test.ts:296:15
    at file:///C:/Users/chris/Dev/Projects/TheFantasyWorldSimulator/node_modules/@vitest/runner/dist/index.js:145:11
    at file:///C:/Users/chris/Dev/Projects/TheFantasyWorldSimulator/node_modules/@vitest/runner/dist/index.js:915:26
    at file:///C:/Users/chris/Dev/Projects/TheFantasyWorldSimulator/node_modules/@vitest/runner/dist/index.js:1243:20
    at new Promise (<anonymous>)
    at runWithTimeout (file:///C:/Users/chris/Dev/Projects/TheFantasyWorldSimulator/node_modules/@vitest/runner/dist/index.js:1209:10)
[Orchestrator] Tick crashed, returning previous state: Error: Trait not found: trait.reputation.power.renown
    at assignTrait (C:/Users/chris/Dev/Projects/TheFantasyWorldSimulator/src/engine/traits.ts:44:25)
    at syncReputationTrait (C:/Users/chris/Dev/Projects/TheFantasyWorldSimulator/src/engine/phaseReputationTraits.ts:297:5)
    at phaseReputationTraits (C:/Users/chris/Dev/Projects/TheFantasyWorldSimulator/src/engine/phaseReputationTraits.ts:273:7)
    at runTick (C:/Users/chris/Dev/Projects/TheFantasyWorldSimulator/src/engine/orchestrator.ts:1896:18)
    at C:/Users/chris/Dev/Projects/TheFantasyWorldSimulator/src/engine/__tests__/orchestrator.test.ts:296:15
    at file:///C:/Users/chris/Dev/Projects/TheFantasyWorldSimulator/node_modules/@vitest/runner/dist/index.js:145:11
    at file:///C:/Users/chris/Dev/Projects/TheFantasyWorldSimulator/node_modules/@vitest/runner/dist/index.js:915:26
    at file:///C:/Users/chris/Dev/Projects/TheFantasyWorldSimulator/node_modules/@vitest/runner/dist/index.js:1243:20
    at new Promise (<anonymous>)
    at runWithTimeout (file:///C:/Users/chris/Dev/Projects/TheFantasyWorldSimulator/node_modules/@vitest/runner/dist/index.js:1209:10)
[Orchestrator] Tick crashed, returning previous state: Error: Trait not found: trait.reputation.power.renown
    at assignTrait (C:/Users/chris/Dev/Projects/TheFantasyWorldSimulator/src/engine/traits.ts:44:25)
    at syncReputationTrait (C:/Users/chris/Dev/Projects/TheFantasyWorldSimulator/src/engine/phaseReputationTraits.ts:297:5)
    at phaseReputationTraits (C:/Users/chris/Dev/Projects/TheFantasyWorldSimulator/src/engine/phaseReputationTraits.ts:273:7)
    at runTick (C:/Users/chris/Dev/Projects/TheFantasyWorldSimulator/src/engine/orchestrator.ts:1896:18)
    at C:/Users/chris/Dev/Projects/TheFantasyWorldSimulator/src/engine/__tests__/orchestrator.test.ts:296:15
    at file:///C:/Users/chris/Dev/Projects/TheFantasyWorldSimulator/node_modules/@vitest/runner/dist/index.js:145:11
    at file:///C:/Users/chris/Dev/Projects/TheFantasyWorldSimulator/node_modules/@vitest/runner/dist/index.js:915:26
    at file:///C:/Users/chris/Dev/Projects/TheFantasyWorldSimulator/node_modules/@vitest/runner/dist/index.js:1243:20
    at new Promise (<anonymous>)
    at runWithTimeout (file:///C:/Users/chris/Dev/Projects/TheFantasyWorldSimulator/node_modules/@vitest/runner/dist/index.js:1209:10)
[Orchestrator] Tick crashed, returning previous state: Error: Trait not found: trait.reputation.power.renown
    at assignTrait (C:/Users/chris/Dev/Projects/TheFantasyWorldSimulator/src/engine/traits.ts:44:25)
    at syncReputationTrait (C:/Users/chris/Dev/Projects/TheFantasyWorldSimulator/src/engine/phaseReputationTraits.ts:297:5)
    at phaseReputationTraits (C:/Users/chris/Dev/Projects/TheFantasyWorldSimulator/src/engine/phaseReputationTraits.ts:273:7)
    at runTick (C:/Users/chris/Dev/Projects/TheFantasyWorldSimulator/src/engine/orchestrator.ts:1896:18)
    at C:/Users/chris/Dev/Projects/TheFantasyWorldSimulator/src/engine/__tests__/orchestrator.test.ts:296:15
    at file:///C:/Users/chris/Dev/Projects/TheFantasyWorldSimulator/node_modules/@vitest/runner/dist/index.js:145:11
    at file:///C:/Users/chris/Dev/Projects/TheFantasyWorldSimulator/node_modules/@vitest/runner/dist/index.js:915:26
    at file:///C:/Users/chris/Dev/Projects/TheFantasyWorldSimulator/node_modules/@vitest/runner/dist/index.js:1243:20
    at new Promise (<anonymous>)
    at runWithTimeout (file:///C:/Users/chris/Dev/Projects/TheFantasyWorldSimulator/node_modules/@vitest/runner/dist/index.js:1209:10)
[Orchestrator] Tick crashed, returning previous state: Error: Trait not found: trait.reputation.power.renown
    at assignTrait (C:/Users/chris/Dev/Projects/TheFantasyWorldSimulator/src/engine/traits.ts:44:25)
    at syncReputationTrait (C:/Users/chris/Dev/Projects/TheFantasyWorldSimulator/src/engine/phaseReputationTraits.ts:297:5)
    at phaseReputationTraits (C:/Users/chris/Dev/Projects/TheFantasyWorldSimulator/src/engine/phaseReputationTraits.ts:273:7)
    at runTick (C:/Users/chris/Dev/Projects/TheFantasyWorldSimulator/src/engine/orchestrator.ts:1896:18)
    at C:/Users/chris/Dev/Projects/TheFantasyWorldSimulator/src/engine/__tests__/orchestrator.test.ts:296:15
    at file:///C:/Users/chris/Dev/Projects/TheFantasyWorldSimulator/node_modules/@vitest/runner/dist/index.js:145:11
    at file:///C:/Users/chris/Dev/Projects/TheFantasyWorldSimulator/node_modules/@vitest/runner/dist/index.js:915:26
    at file:///C:/Users/chris/Dev/Projects/TheFantasyWorldSimulator/node_modules/@vitest/runner/dist/index.js:1243:20
    at new Promise (<anonymous>)
    at runWithTimeout (file:///C:/Users/chris/Dev/Projects/TheFantasyWorldSimulator/node_modules/@vitest/runner/dist/index.js:1209:10)
[Orchestrator] Tick crashed, returning previous state: Error: Trait not found: trait.reputation.power.renown
    at assignTrait (C:/Users/chris/Dev/Projects/TheFantasyWorldSimulator/src/engine/traits.ts:44:25)
    at syncReputationTrait (C:/Users/chris/Dev/Projects/TheFantasyWorldSimulator/src/engine/phaseReputationTraits.ts:297:5)
    at phaseReputationTraits (C:/Users/chris/Dev/Projects/TheFantasyWorldSimulator/src/engine/phaseReputationTraits.ts:273:7)
    at runTick (C:/Users/chris/Dev/Projects/TheFantasyWorldSimulator/src/engine/orchestrator.ts:1896:18)
    at C:/Users/chris/Dev/Projects/TheFantasyWorldSimulator/src/engine/__tests__/orchestrator.test.ts:296:15
    at file:///C:/Users/chris/Dev/Projects/TheFantasyWorldSimulator/node_modules/@vitest/runner/dist/index.js:145:11
    at file:///C:/Users/chris/Dev/Projects/TheFantasyWorldSimulator/node_modules/@vitest/runner/dist/index.js:915:26
    at file:///C:/Users/chris/Dev/Projects/TheFantasyWorldSimulator/node_modules/@vitest/runner/dist/index.js:1243:20
    at new Promise (<anonymous>)
    at runWithTimeout (file:///C:/Users/chris/Dev/Projects/TheFantasyWorldSimulator/node_modules/@vitest/runner/dist/index.js:1209:10)
[Orchestrator] Tick crashed, returning previous state: Error: Trait not found: trait.reputation.power.renown
    at assignTrait (C:/Users/chris/Dev/Projects/TheFantasyWorldSimulator/src/engine/traits.ts:44:25)
    at syncReputationTrait (C:/Users/chris/Dev/Projects/TheFantasyWorldSimulator/src/engine/phaseReputationTraits.ts:297:5)
    at phaseReputationTraits (C:/Users/chris/Dev/Projects/TheFantasyWorldSimulator/src/engine/phaseReputationTraits.ts:273:7)
    at runTick (C:/Users/chris/Dev/Projects/TheFantasyWorldSimulator/src/engine/orchestrator.ts:1896:18)
    at C:/Users/chris/Dev/Projects/TheFantasyWorldSimulator/src/engine/__tests__/orchestrator.test.ts:296:15
    at file:///C:/Users/chris/Dev/Projects/TheFantasyWorldSimulator/node_modules/@vitest/runner/dist/index.js:145:11
    at file:///C:/Users/chris/Dev/Projects/TheFantasyWorldSimulator/node_modules/@vitest/runner/dist/index.js:915:26
    at file:///C:/Users/chris/Dev/Projects/TheFantasyWorldSimulator/node_modules/@vitest/runner/dist/index.js:1243:20
    at new Promise (<anonymous>)
    at runWithTimeout (file:///C:/Users/chris/Dev/Projects/TheFantasyWorldSimulator/node_modules/@vitest/runner/dist/index.js:1209:10)
[Orchestrator] Tick crashed, returning previous state: Error: Trait not found: trait.reputation.power.renown
    at assignTrait (C:/Users/chris/Dev/Projects/TheFantasyWorldSimulator/src/engine/traits.ts:44:25)
    at syncReputationTrait (C:/Users/chris/Dev/Projects/TheFantasyWorldSimulator/src/engine/phaseReputationTraits.ts:297:5)
    at phaseReputationTraits (C:/Users/chris/Dev/Projects/TheFantasyWorldSimulator/src/engine/phaseReputationTraits.ts:273:7)
    at runTick (C:/Users/chris/Dev/Projects/TheFantasyWorldSimulator/src/engine/orchestrator.ts:1896:18)
    at C:/Users/chris/Dev/Projects/TheFantasyWorldSimulator/src/engine/__tests__/orchestrator.test.ts:296:15
    at file:///C:/Users/chris/Dev/Projects/TheFantasyWorldSimulator/node_modules/@vitest/runner/dist/index.js:145:11
    at file:///C:/Users/chris/Dev/Projects/TheFantasyWorldSimulator/node_modules/@vitest/runner/dist/index.js:915:26
    at file:///C:/Users/chris/Dev/Projects/TheFantasyWorldSimulator/node_modules/@vitest/runner/dist/index.js:1243:20
    at new Promise (<anonymous>)
    at runWithTimeout (file:///C:/Users/chris/Dev/Projects/TheFantasyWorldSimulator/node_modules/@vitest/runner/dist/index.js:1209:10)
[Orchestrator] Tick crashed, returning previous state: Error: Trait not found: trait.reputation.power.renown
    at assignTrait (C:/Users/chris/Dev/Projects/TheFantasyWorldSimulator/src/engine/traits.ts:44:25)
    at syncReputationTrait (C:/Users/chris/Dev/Projects/TheFantasyWorldSimulator/src/engine/phaseReputationTraits.ts:297:5)
    at phaseReputationTraits (C:/Users/chris/Dev/Projects/TheFantasyWorldSimulator/src/engine/phaseReputationTraits.ts:273:7)
    at runTick (C:/Users/chris/Dev/Projects/TheFantasyWorldSimulator/src/engine/orchestrator.ts:1896:18)
    at C:/Users/chris/Dev/Projects/TheFantasyWorldSimulator/src/engine/__tests__/orchestrator.test.ts:296:15
    at file:///C:/Users/chris/Dev/Projects/TheFantasyWorldSimulator/node_modules/@vitest/runner/dist/index.js:145:11
    at file:///C:/Users/chris/Dev/Projects/TheFantasyWorldSimulator/node_modules/@vitest/runner/dist/index.js:915:26
    at file:///C:/Users/chris/Dev/Projects/TheFantasyWorldSimulator/node_modules/@vitest/runner/dist/index.js:1243:20
    at new Promise (<anonymous>)
    at runWithTimeout (file:///C:/Users/chris/Dev/Projects/TheFantasyWorldSimulator/node_modules/@vitest/runner/dist/index.js:1209:10)
[Orchestrator] Tick crashed, returning previous state: Error: Trait not found: trait.reputation.power.renown
    at assignTrait (C:/Users/chris/Dev/Projects/TheFantasyWorldSimulator/src/engine/traits.ts:44:25)
    at syncReputationTrait (C:/Users/chris/Dev/Projects/TheFantasyWorldSimulator/src/engine/phaseReputationTraits.ts:297:5)
    at phaseReputationTraits (C:/Users/chris/Dev/Projects/TheFantasyWorldSimulator/src/engine/phaseReputationTraits.ts:273:7)
    at runTick (C:/Users/chris/Dev/Projects/TheFantasyWorldSimulator/src/engine/orchestrator.ts:1896:18)
    at C:/Users/chris/Dev/Projects/TheFantasyWorldSimulator/src/engine/__tests__/orchestrator.test.ts:296:15
    at file:///C:/Users/chris/Dev/Projects/TheFantasyWorldSimulator/node_modules/@vitest/runner/dist/index.js:145:11
    at file:///C:/Users/chris/Dev/Projects/TheFantasyWorldSimulator/node_modules/@vitest/runner/dist/index.js:915:26
    at file:///C:/Users/chris/Dev/Projects/TheFantasyWorldSimulator/node_modules/@vitest/runner/dist/index.js:1243:20
    at new Promise (<anonymous>)
    at runWithTimeout (file:///C:/Users/chris/Dev/Projects/TheFantasyWorldSimulator/node_modules/@vitest/runner/dist/index.js:1209:10)
[Orchestrator] Tick crashed, returning previous state: Error: Trait not found: trait.reputation.power.renown
    at assignTrait (C:/Users/chris/Dev/Projects/TheFantasyWorldSimulator/src/engine/traits.ts:44:25)
    at syncReputationTrait (C:/Users/chris/Dev/Projects/TheFantasyWorldSimulator/src/engine/phaseReputationTraits.ts:297:5)
    at phaseReputationTraits (C:/Users/chris/Dev/Projects/TheFantasyWorldSimulator/src/engine/phaseReputationTraits.ts:273:7)
    at runTick (C:/Users/chris/Dev/Projects/TheFantasyWorldSimulator/src/engine/orchestrator.ts:1896:18)
    at C:/Users/chris/Dev/Projects/TheFantasyWorldSimulator/src/engine/__tests__/orchestrator.test.ts:296:15
    at file:///C:/Users/chris/Dev/Projects/TheFantasyWorldSimulator/node_modules/@vitest/runner/dist/index.js:145:11
    at file:///C:/Users/chris/Dev/Projects/TheFantasyWorldSimulator/node_modules/@vitest/runner/dist/index.js:915:26
    at file:///C:/Users/chris/Dev/Projects/TheFantasyWorldSimulator/node_modules/@vitest/runner/dist/index.js:1243:20
    at new Promise (<anonymous>)
    at runWithTimeout (file:///C:/Users/chris/Dev/Projects/TheFantasyWorldSimulator/node_modules/@vitest/runner/dist/index.js:1209:10)
[Orchestrator] Tick crashed, returning previous state: Error: Trait not found: trait.reputation.power.renown
    at assignTrait (C:/Users/chris/Dev/Projects/TheFantasyWorldSimulator/src/engine/traits.ts:44:25)
    at syncReputationTrait (C:/Users/chris/Dev/Projects/TheFantasyWorldSimulator/src/engine/phaseReputationTraits.ts:297:5)
    at phaseReputationTraits (C:/Users/chris/Dev/Projects/TheFantasyWorldSimulator/src/engine/phaseReputationTraits.ts:273:7)
    at runTick (C:/Users/chris/Dev/Projects/TheFantasyWorldSimulator/src/engine/orchestrator.ts:1896:18)
    at C:/Users/chris/Dev/Projects/TheFantasyWorldSimulator/src/engine/__tests__/orchestrator.test.ts:296:15
    at file:///C:/Users/chris/Dev/Projects/TheFantasyWorldSimulator/node_modules/@vitest/runner/dist/index.js:145:11
    at file:///C:/Users/chris/Dev/Projects/TheFantasyWorldSimulator/node_modules/@vitest/runner/dist/index.js:915:26
    at file:///C:/Users/chris/Dev/Projects/TheFantasyWorldSimulator/node_modules/@vitest/runner/dist/index.js:1243:20
    at new Promise (<anonymous>)
    at runWithTimeout (file:///C:/Users/chris/Dev/Projects/TheFantasyWorldSimulator/node_modules/@vitest/runner/dist/index.js:1209:10)
[Orchestrator] Tick crashed, returning previous state: Error: Trait not found: trait.reputation.power.renown
    at assignTrait (C:/Users/chris/Dev/Projects/TheFantasyWorldSimulator/src/engine/traits.ts:44:25)
    at syncReputationTrait (C:/Users/chris/Dev/Projects/TheFantasyWorldSimulator/src/engine/phaseReputationTraits.ts:297:5)
    at phaseReputationTraits (C:/Users/chris/Dev/Projects/TheFantasyWorldSimulator/src/engine/phaseReputationTraits.ts:273:7)
    at runTick (C:/Users/chris/Dev/Projects/TheFantasyWorldSimulator/src/engine/orchestrator.ts:1896:18)
    at C:/Users/chris/Dev/Projects/TheFantasyWorldSimulator/src/engine/__tests__/orchestrator.test.ts:296:15
    at file:///C:/Users/chris/Dev/Projects/TheFantasyWorldSimulator/node_modules/@vitest/runner/dist/index.js:145:11
    at file:///C:/Users/chris/Dev/Projects/TheFantasyWorldSimulator/node_modules/@vitest/runner/dist/index.js:915:26
    at file:///C:/Users/chris/Dev/Projects/TheFantasyWorldSimulator/node_modules/@vitest/runner/dist/index.js:1243:20
    at new Promise (<anonymous>)
    at runWithTimeout (file:///C:/Users/chris/Dev/Projects/TheFantasyWorldSimulator/node_modules/@vitest/runner/dist/index.js:1209:10)
[Orchestrator] Tick crashed, returning previous state: Error: Trait not found: trait.reputation.power.renown
    at assignTrait (C:/Users/chris/Dev/Projects/TheFantasyWorldSimulator/src/engine/traits.ts:44:25)
    at syncReputationTrait (C:/Users/chris/Dev/Projects/TheFantasyWorldSimulator/src/engine/phaseReputationTraits.ts:297:5)
    at phaseReputationTraits (C:/Users/chris/Dev/Projects/TheFantasyWorldSimulator/src/engine/phaseReputationTraits.ts:273:7)
    at runTick (C:/Users/chris/Dev/Projects/TheFantasyWorldSimulator/src/engine/orchestrator.ts:1896:18)
    at C:/Users/chris/Dev/Projects/TheFantasyWorldSimulator/src/engine/__tests__/orchestrator.test.ts:296:15
    at file:///C:/Users/chris/Dev/Projects/TheFantasyWorldSimulator/node_modules/@vitest/runner/dist/index.js:145:11
    at file:///C:/Users/chris/Dev/Projects/TheFantasyWorldSimulator/node_modules/@vitest/runner/dist/index.js:915:26
    at file:///C:/Users/chris/Dev/Projects/TheFantasyWorldSimulator/node_modules/@vitest/runner/dist/index.js:1243:20
    at new Promise (<anonymous>)
    at runWithTimeout (file:///C:/Users/chris/Dev/Projects/TheFantasyWorldSimulator/node_modules/@vitest/runner/dist/index.js:1209:10)
[Orchestrator] Tick crashed, returning previous state: Error: Trait not found: trait.reputation.power.renown
    at assignTrait (C:/Users/chris/Dev/Projects/TheFantasyWorldSimulator/src/engine/traits.ts:44:25)
    at syncReputationTrait (C:/Users/chris/Dev/Projects/TheFantasyWorldSimulator/src/engine/phaseReputationTraits.ts:297:5)
    at phaseReputationTraits (C:/Users/chris/Dev/Projects/TheFantasyWorldSimulator/src/engine/phaseReputationTraits.ts:273:7)
    at runTick (C:/Users/chris/Dev/Projects/TheFantasyWorldSimulator/src/engine/orchestrator.ts:1896:18)
    at C:/Users/chris/Dev/Projects/TheFantasyWorldSimulator/src/engine/__tests__/orchestrator.test.ts:296:15
    at file:///C:/Users/chris/Dev/Projects/TheFantasyWorldSimulator/node_modules/@vitest/runner/dist/index.js:145:11
    at file:///C:/Users/chris/Dev/Projects/TheFantasyWorldSimulator/node_modules/@vitest/runner/dist/index.js:915:26
    at file:///C:/Users/chris/Dev/Projects/TheFantasyWorldSimulator/node_modules/@vitest/runner/dist/index.js:1243:20
    at new Promise (<anonymous>)
    at runWithTimeout (file:///C:/Users/chris/Dev/Projects/TheFantasyWorldSimulator/node_modules/@vitest/runner/dist/index.js:1209:10)
[Orchestrator] Tick crashed, returning previous state: Error: Trait not found: trait.reputation.power.renown
    at assignTrait (C:/Users/chris/Dev/Projects/TheFantasyWorldSimulator/src/engine/traits.ts:44:25)
    at syncReputationTrait (C:/Users/chris/Dev/Projects/TheFantasyWorldSimulator/src/engine/phaseReputationTraits.ts:297:5)
    at phaseReputationTraits (C:/Users/chris/Dev/Projects/TheFantasyWorldSimulator/src/engine/phaseReputationTraits.ts:273:7)
    at runTick (C:/Users/chris/Dev/Projects/TheFantasyWorldSimulator/src/engine/orchestrator.ts:1896:18)
    at C:/Users/chris/Dev/Projects/TheFantasyWorldSimulator/src/engine/__tests__/orchestrator.test.ts:296:15
    at file:///C:/Users/chris/Dev/Projects/TheFantasyWorldSimulator/node_modules/@vitest/runner/dist/index.js:145:11
    at file:///C:/Users/chris/Dev/Projects/TheFantasyWorldSimulator/node_modules/@vitest/runner/dist/index.js:915:26
    at file:///C:/Users/chris/Dev/Projects/TheFantasyWorldSimulator/node_modules/@vitest/runner/dist/index.js:1243:20
    at new Promise (<anonymous>)
    at runWithTimeout (file:///C:/Users/chris/Dev/Projects/TheFantasyWorldSimulator/node_modules/@vitest/runner/dist/index.js:1209:10)
[Orchestrator] Tick crashed, returning previous state: Error: Trait not found: trait.reputation.power.renown
    at assignTrait (C:/Users/chris/Dev/Projects/TheFantasyWorldSimulator/src/engine/traits.ts:44:25)
    at syncReputationTrait (C:/Users/chris/Dev/Projects/TheFantasyWorldSimulator/src/engine/phaseReputationTraits.ts:297:5)
    at phaseReputationTraits (C:/Users/chris/Dev/Projects/TheFantasyWorldSimulator/src/engine/phaseReputationTraits.ts:273:7)
    at runTick (C:/Users/chris/Dev/Projects/TheFantasyWorldSimulator/src/engine/orchestrator.ts:1896:18)
    at C:/Users/chris/Dev/Projects/TheFantasyWorldSimulator/src/engine/__tests__/orchestrator.test.ts:296:15
    at file:///C:/Users/chris/Dev/Projects/TheFantasyWorldSimulator/node_modules/@vitest/runner/dist/index.js:145:11
    at file:///C:/Users/chris/Dev/Projects/TheFantasyWorldSimulator/node_modules/@vitest/runner/dist/index.js:915:26
    at file:///C:/Users/chris/Dev/Projects/TheFantasyWorldSimulator/node_modules/@vitest/runner/dist/index.js:1243:20
    at new Promise (<anonymous>)
    at runWithTimeout (file:///C:/Users/chris/Dev/Projects/TheFantasyWorldSimulator/node_modules/@vitest/runner/dist/index.js:1209:10)
[Orchestrator] Tick crashed, returning previous state: Error: Trait not found: trait.reputation.power.renown
    at assignTrait (C:/Users/chris/Dev/Projects/TheFantasyWorldSimulator/src/engine/traits.ts:44:25)
    at syncReputationTrait (C:/Users/chris/Dev/Projects/TheFantasyWorldSimulator/src/engine/phaseReputationTraits.ts:297:5)
    at phaseReputationTraits (C:/Users/chris/Dev/Projects/TheFantasyWorldSimulator/src/engine/phaseReputationTraits.ts:273:7)
    at runTick (C:/Users/chris/Dev/Projects/TheFantasyWorldSimulator/src/engine/orchestrator.ts:1896:18)
    at C:/Users/chris/Dev/Projects/TheFantasyWorldSimulator/src/engine/__tests__/orchestrator.test.ts:296:15
    at file:///C:/Users/chris/Dev/Projects/TheFantasyWorldSimulator/node_modules/@vitest/runner/dist/index.js:145:11
    at file:///C:/Users/chris/Dev/Projects/TheFantasyWorldSimulator/node_modules/@vitest/runner/dist/index.js:915:26
    at file:///C:/Users/chris/Dev/Projects/TheFantasyWorldSimulator/node_modules/@vitest/runner/dist/index.js:1243:20
    at new Promise (<anonymous>)
    at runWithTimeout (file:///C:/Users/chris/Dev/Projects/TheFantasyWorldSimulator/node_modules/@vitest/runner/dist/index.js:1209:10)
[Orchestrator] Tick crashed, returning previous state: Error: Trait not found: trait.reputation.power.renown
    at assignTrait (C:/Users/chris/Dev/Projects/TheFantasyWorldSimulator/src/engine/traits.ts:44:25)
    at syncReputationTrait (C:/Users/chris/Dev/Projects/TheFantasyWorldSimulator/src/engine/phaseReputationTraits.ts:297:5)
    at phaseReputationTraits (C:/Users/chris/Dev/Projects/TheFantasyWorldSimulator/src/engine/phaseReputationTraits.ts:273:7)
    at runTick (C:/Users/chris/Dev/Projects/TheFantasyWorldSimulator/src/engine/orchestrator.ts:1896:18)
    at C:/Users/chris/Dev/Projects/TheFantasyWorldSimulator/src/engine/__tests__/orchestrator.test.ts:296:15
    at file:///C:/Users/chris/Dev/Projects/TheFantasyWorldSimulator/node_modules/@vitest/runner/dist/index.js:145:11
    at file:///C:/Users/chris/Dev/Projects/TheFantasyWorldSimulator/node_modules/@vitest/runner/dist/index.js:915:26
    at file:///C:/Users/chris/Dev/Projects/TheFantasyWorldSimulator/node_modules/@vitest/runner/dist/index.js:1243:20
    at new Promise (<anonymous>)
    at runWithTimeout (file:///C:/Users/chris/Dev/Projects/TheFantasyWorldSimulator/node_modules/@vitest/runner/dist/index.js:1209:10)
[Orchestrator] Tick crashed, returning previous state: Error: Trait not found: trait.reputation.power.renown
    at assignTrait (C:/Users/chris/Dev/Projects/TheFantasyWorldSimulator/src/engine/traits.ts:44:25)
    at syncReputationTrait (C:/Users/chris/Dev/Projects/TheFantasyWorldSimulator/src/engine/phaseReputationTraits.ts:297:5)
    at phaseReputationTraits (C:/Users/chris/Dev/Projects/TheFantasyWorldSimulator/src/engine/phaseReputationTraits.ts:273:7)
    at runTick (C:/Users/chris/Dev/Projects/TheFantasyWorldSimulator/src/engine/orchestrator.ts:1896:18)
    at C:/Users/chris/Dev/Projects/TheFantasyWorldSimulator/src/engine/__tests__/orchestrator.test.ts:296:15
    at file:///C:/Users/chris/Dev/Projects/TheFantasyWorldSimulator/node_modules/@vitest/runner/dist/index.js:145:11
    at file:///C:/Users/chris/Dev/Projects/TheFantasyWorldSimulator/node_modules/@vitest/runner/dist/index.js:915:26
    at file:///C:/Users/chris/Dev/Projects/TheFantasyWorldSimulator/node_modules/@vitest/runner/dist/index.js:1243:20
    at new Promise (<anonymous>)
    at runWithTimeout (file:///C:/Users/chris/Dev/Projects/TheFantasyWorldSimulator/node_modules/@vitest/runner/dist/index.js:1209:10)
[Orchestrator] Tick crashed, returning previous state: Error: Trait not found: trait.reputation.power.renown
    at assignTrait (C:/Users/chris/Dev/Projects/TheFantasyWorldSimulator/src/engine/traits.ts:44:25)
    at syncReputationTrait (C:/Users/chris/Dev/Projects/TheFantasyWorldSimulator/src/engine/phaseReputationTraits.ts:297:5)
    at phaseReputationTraits (C:/Users/chris/Dev/Projects/TheFantasyWorldSimulator/src/engine/phaseReputationTraits.ts:273:7)
    at runTick (C:/Users/chris/Dev/Projects/TheFantasyWorldSimulator/src/engine/orchestrator.ts:1896:18)
    at C:/Users/chris/Dev/Projects/TheFantasyWorldSimulator/src/engine/__tests__/orchestrator.test.ts:296:15
    at file:///C:/Users/chris/Dev/Projects/TheFantasyWorldSimulator/node_modules/@vitest/runner/dist/index.js:145:11
    at file:///C:/Users/chris/Dev/Projects/TheFantasyWorldSimulator/node_modules/@vitest/runner/dist/index.js:915:26
    at file:///C:/Users/chris/Dev/Projects/TheFantasyWorldSimulator/node_modules/@vitest/runner/dist/index.js:1243:20
    at new Promise (<anonymous>)
    at runWithTimeout (file:///C:/Users/chris/Dev/Projects/TheFantasyWorldSimulator/node_modules/@vitest/runner/dist/index.js:1209:10)
[Orchestrator] Tick crashed, returning previous state: Error: Trait not found: trait.reputation.power.renown
    at assignTrait (C:/Users/chris/Dev/Projects/TheFantasyWorldSimulator/src/engine/traits.ts:44:25)
    at syncReputationTrait (C:/Users/chris/Dev/Projects/TheFantasyWorldSimulator/src/engine/phaseReputationTraits.ts:297:5)
    at phaseReputationTraits (C:/Users/chris/Dev/Projects/TheFantasyWorldSimulator/src/engine/phaseReputationTraits.ts:273:7)
    at runTick (C:/Users/chris/Dev/Projects/TheFantasyWorldSimulator/src/engine/orchestrator.ts:1896:18)
    at C:/Users/chris/Dev/Projects/TheFantasyWorldSimulator/src/engine/__tests__/orchestrator.test.ts:296:15
    at file:///C:/Users/chris/Dev/Projects/TheFantasyWorldSimulator/node_modules/@vitest/runner/dist/index.js:145:11
    at file:///C:/Users/chris/Dev/Projects/TheFantasyWorldSimulator/node_modules/@vitest/runner/dist/index.js:915:26
    at file:///C:/Users/chris/Dev/Projects/TheFantasyWorldSimulator/node_modules/@vitest/runner/dist/index.js:1243:20
    at new Promise (<anonymous>)
    at runWithTimeout (file:///C:/Users/chris/Dev/Projects/TheFantasyWorldSimulator/node_modules/@vitest/runner/dist/index.js:1209:10)
[Orchestrator] Tick crashed, returning previous state: Error: Trait not found: trait.reputation.power.renown
    at assignTrait (C:/Users/chris/Dev/Projects/TheFantasyWorldSimulator/src/engine/traits.ts:44:25)
    at syncReputationTrait (C:/Users/chris/Dev/Projects/TheFantasyWorldSimulator/src/engine/phaseReputationTraits.ts:297:5)
    at phaseReputationTraits (C:/Users/chris/Dev/Projects/TheFantasyWorldSimulator/src/engine/phaseReputationTraits.ts:273:7)
    at runTick (C:/Users/chris/Dev/Projects/TheFantasyWorldSimulator/src/engine/orchestrator.ts:1896:18)
    at C:/Users/chris/Dev/Projects/TheFantasyWorldSimulator/src/engine/__tests__/orchestrator.test.ts:296:15
    at file:///C:/Users/chris/Dev/Projects/TheFantasyWorldSimulator/node_modules/@vitest/runner/dist/index.js:145:11
    at file:///C:/Users/chris/Dev/Projects/TheFantasyWorldSimulator/node_modules/@vitest/runner/dist/index.js:915:26
    at file:///C:/Users/chris/Dev/Projects/TheFantasyWorldSimulator/node_modules/@vitest/runner/dist/index.js:1243:20
    at new Promise (<anonymous>)
    at runWithTimeout (file:///C:/Users/chris/Dev/Projects/TheFantasyWorldSimulator/node_modules/@vitest/runner/dist/index.js:1209:10)
[Orchestrator] Tick crashed, returning previous state: Error: Trait not found: trait.reputation.power.renown
    at assignTrait (C:/Users/chris/Dev/Projects/TheFantasyWorldSimulator/src/engine/traits.ts:44:25)
    at syncReputationTrait (C:/Users/chris/Dev/Projects/TheFantasyWorldSimulator/src/engine/phaseReputationTraits.ts:297:5)
    at phaseReputationTraits (C:/Users/chris/Dev/Projects/TheFantasyWorldSimulator/src/engine/phaseReputationTraits.ts:273:7)
    at runTick (C:/Users/chris/Dev/Projects/TheFantasyWorldSimulator/src/engine/orchestrator.ts:1896:18)
    at C:/Users/chris/Dev/Projects/TheFantasyWorldSimulator/src/engine/__tests__/orchestrator.test.ts:296:15
    at file:///C:/Users/chris/Dev/Projects/TheFantasyWorldSimulator/node_modules/@vitest/runner/dist/index.js:145:11
    at file:///C:/Users/chris/Dev/Projects/TheFantasyWorldSimulator/node_modules/@vitest/runner/dist/index.js:915:26
    at file:///C:/Users/chris/Dev/Projects/TheFantasyWorldSimulator/node_modules/@vitest/runner/dist/index.js:1243:20
    at new Promise (<anonymous>)
    at runWithTimeout (file:///C:/Users/chris/Dev/Projects/TheFantasyWorldSimulator/node_modules/@vitest/runner/dist/index.js:1209:10)
[Orchestrator] Tick crashed, returning previous state: Error: Trait not found: trait.reputation.power.renown
    at assignTrait (C:/Users/chris/Dev/Projects/TheFantasyWorldSimulator/src/engine/traits.ts:44:25)
    at syncReputationTrait (C:/Users/chris/Dev/Projects/TheFantasyWorldSimulator/src/engine/phaseReputationTraits.ts:297:5)
    at phaseReputationTraits (C:/Users/chris/Dev/Projects/TheFantasyWorldSimulator/src/engine/phaseReputationTraits.ts:273:7)
    at runTick (C:/Users/chris/Dev/Projects/TheFantasyWorldSimulator/src/engine/orchestrator.ts:1896:18)
    at C:/Users/chris/Dev/Projects/TheFantasyWorldSimulator/src/engine/__tests__/orchestrator.test.ts:296:15
    at file:///C:/Users/chris/Dev/Projects/TheFantasyWorldSimulator/node_modules/@vitest/runner/dist/index.js:145:11
    at file:///C:/Users/chris/Dev/Projects/TheFantasyWorldSimulator/node_modules/@vitest/runner/dist/index.js:915:26
    at file:///C:/Users/chris/Dev/Projects/TheFantasyWorldSimulator/node_modules/@vitest/runner/dist/index.js:1243:20
    at new Promise (<anonymous>)
    at runWithTimeout (file:///C:/Users/chris/Dev/Projects/TheFantasyWorldSimulator/node_modules/@vitest/runner/dist/index.js:1209:10)

stderr | src/engine/__tests__/orchestrator.test.ts > Orchestrator > phaseDilemmaDetection detects high-stakes interactions and resolves dilemmas
[GraphSchema] Edge "belongs_to" source should be ["actor","location"], got "region" (edge edge_hist_territory_region_0_hist_culture_0)

stderr | src/engine/__tests__/orchestrator.test.ts > Orchestrator > phaseDilemmaDetection does nothing when no high-stakes events
[GraphSchema] Edge "belongs_to" source should be ["actor","location"], got "region" (edge edge_hist_territory_region_0_hist_culture_0)

stderr | src/engine/__tests__/orchestrator.test.ts > Orchestrator > phaseReputationDecay decays actor reputation toward default
[GraphSchema] Edge "belongs_to" source should be ["actor","location"], got "region" (edge edge_hist_territory_region_0_hist_culture_0)

stderr | src/engine/__tests__/orchestrator.test.ts > Orchestrator > phaseReputationDecay decays reputation below default upward
[GraphSchema] Edge "belongs_to" source should be ["actor","location"], got "region" (edge edge_hist_territory_region_0_hist_culture_0)

 [32m✓[39m src/components/Game/__tests__/ThreadDetailView.test.tsx [2m([22m[2m15 tests[22m[2m)[22m[33m 500[2mms[22m[39m
stderr | src/engine/__tests__/orchestrator.test.ts > Orchestrator > phaseReputationDecay does not change reputation at default
[GraphSchema] Edge "belongs_to" source should be ["actor","location"], got "region" (edge edge_hist_territory_region_0_hist_culture_0)

stderr | src/engine/__tests__/orchestrator.test.ts > Movement integration via orchestrator > agent with pre-set movement queue advances after a tick
[GraphSchema] Edge "belongs_to" source should be ["actor","location"], got "region" (edge edge_hist_territory_region_0_hist_culture_0)

stderr | src/engine/__tests__/orchestrator.test.ts > Movement integration via orchestrator > agent arrives at destination after enough ticks
[GraphSchema] Edge "belongs_to" source should be ["actor","location"], got "region" (edge edge_hist_territory_region_0_hist_culture_0)

 [32m✓[39m src/components/Game/__tests__/HarvestScreen.test.tsx [2m([22m[2m15 tests[22m[2m)[22m[33m 473[2mms[22m[39m
 [32m✓[39m src/components/Game/__tests__/ActionCard.test.tsx [2m([22m[2m35 tests[22m[2m)[22m[33m 478[2mms[22m[39m
21.18.29 [vite] (client) warning: Duplicate key "loyalty_ambition" in object literal
20 |          honesty_cunning: -0.5,
21 |          sacrifice_survival: 0.7,
22 |          loyalty_ambition: 0.9,
   |          ^
23 |          tradition_novelty: 0.1,
24 |          humility_pride: -0.2,

  Plugin: vite:esbuild
  File: C:/Users/chris/Dev/Projects/TheFantasyWorldSimulator/src/components/Game/__tests__/RetinuePanel.test.tsx
21.18.29 [vite] (client) warning: Duplicate key "mercy_ruthlessness" in object literal
23 |          tradition_novelty: 0.1,
24 |          humility_pride: -0.2,
25 |          mercy_ruthlessness: 0.4,
   |          ^
26 |          asceticism_extravagance: -0.3,
27 |        },

  Plugin: vite:esbuild
  File: C:/Users/chris/Dev/Projects/TheFantasyWorldSimulator/src/components/Game/__tests__/RetinuePanel.test.tsx
21.18.29 [vite] (client) warning: Duplicate key "loyalty_ambition" in object literal
52 |          honesty_cunning: 0.3,
53 |          sacrifice_survival: 0.5,
54 |          loyalty_ambition: 0.7,
   |          ^
55 |          tradition_novelty: -0.3,
56 |          humility_pride: 0.1,

  Plugin: vite:esbuild
  File: C:/Users/chris/Dev/Projects/TheFantasyWorldSimulator/src/components/Game/__tests__/RetinuePanel.test.tsx
21.18.29 [vite] (client) warning: Duplicate key "mercy_ruthlessness" in object literal
55 |          tradition_novelty: -0.3,
56 |          humility_pride: 0.1,
57 |          mercy_ruthlessness: -0.4,
   |          ^
58 |          asceticism_extravagance: 0.5,
59 |        },

  Plugin: vite:esbuild
  File: C:/Users/chris/Dev/Projects/TheFantasyWorldSimulator/src/components/Game/__tests__/RetinuePanel.test.tsx
21.18.29 [vite] (client) warning: Duplicate key "loyalty_ambition" in object literal
84 |          honesty_cunning: -0.7,
85 |          sacrifice_survival: 0.2,
86 |          loyalty_ambition: 0.4,
   |          ^
87 |          tradition_novelty: 0.5,
88 |          humility_pride: 0.6,

  Plugin: vite:esbuild
  File: C:/Users/chris/Dev/Projects/TheFantasyWorldSimulator/src/components/Game/__tests__/RetinuePanel.test.tsx
21.18.29 [vite] (client) warning: Duplicate key "mercy_ruthlessness" in object literal
87 |          tradition_novelty: 0.5,
88 |          humility_pride: 0.6,
89 |          mercy_ruthlessness: -0.2,
   |          ^
90 |          asceticism_extravagance: -0.8,
91 |        },

  Plugin: vite:esbuild
  File: C:/Users/chris/Dev/Projects/TheFantasyWorldSimulator/src/components/Game/__tests__/RetinuePanel.test.tsx
 [32m✓[39m src/components/shared/__tests__/GameErrorBoundary.test.tsx [2m([22m[2m6 tests[22m[2m)[22m[33m 310[2mms[22m[39m
 [32m✓[39m src/components/HexMapV2/scene/__tests__/SignifierMesh.test.ts [2m([22m[2m25 tests[22m[2m)[22m[33m 337[2mms[22m[39m
 [32m✓[39m src/components/Game/__tests__/ActionCard-feedback.test.tsx [2m([22m[2m27 tests[22m[2m)[22m[32m 290[2mms[22m[39m
 [32m✓[39m src/components/shared/__tests__/RarityBorderBox.test.tsx [2m([22m[2m11 tests[22m[2m)[22m[32m 218[2mms[22m[39m
 [32m✓[39m src/components/HexMapV2/scene/__tests__/LocationIconMesh.test.ts [2m([22m[2m7 tests[22m[2m)[22m[32m 166[2mms[22m[39m
[90mstdout[2m | src/engine/__tests__/gameState-actions.test.ts[2m > [22m[2mGameState actionsInProgress[2m > [22m[2minitial game state should have empty actionsInProgress array
[22m[39m[WorldGen] Pass 'province' completed in 5.3ms
[WorldGen] Pass 'elevation' completed in 8.4ms
[WorldGen] Pass 'coastline' completed in 3.4ms
[WorldGen] Pass 'climate' completed in 12.5ms
[WorldGen] Pass 'hydrology' completed in 6.7ms
[WorldGen] Pass 'tempReassess' completed in 0.2ms
[WorldGen] Pass 'biome' completed in 1.7ms
[WorldGen] Culture terrain nudge: 42 hexes modified
[WorldGen] Pass 'cultureTerrainNudge' completed in 0.5ms
[WorldGen] Pass 'smoothing' completed in 2.9ms
[WorldGen] Pass 'validation' completed in 3.0ms

stderr | src/engine/__tests__/gameState-actions.test.ts > GameState actionsInProgress > initial game state should have empty actionsInProgress array
[WorldGen] Validation errors: [ 'Ocean fraction too low: 7.4%' ]
[GraphSchema] Edge "belongs_to" source should be ["actor","location"], got "region" (edge edge_hist_territory_region_15_hist_culture_0)
[GraphSchema] Edge "belongs_to" source should be ["actor","location"], got "region" (edge edge_hist_territory_region_19_hist_culture_1)
[GraphSchema] Edge "belongs_to" source should be ["actor","location"], got "region" (edge edge_hist_territory_region_3_hist_culture_2)
[GraphSchema] Edge "belongs_to" source should be ["actor","location"], got "region" (edge edge_hist_territory_region_13_hist_culture_0)
[GraphSchema] Edge "belongs_to" source should be ["actor","location"], got "region" (edge edge_hist_territory_region_14_hist_culture_1)
[GraphSchema] Edge "belongs_to" source should be ["actor","location"], got "region" (edge edge_hist_territory_region_12_hist_culture_2)
[GraphSchema] Edge "belongs_to" source should be ["actor","location"], got "region" (edge edge_hist_territory_region_16_hist_culture_0)
[GraphSchema] Edge "belongs_to" source should be ["actor","location"], got "region" (edge edge_hist_territory_region_18_hist_culture_1)
[GraphSchema] Edge "belongs_to" source should be ["actor","location"], got "region" (edge edge_hist_territory_region_17_hist_culture_2)
[GraphSchema] Edge "belongs_to" source should be ["actor","location"], got "region" (edge edge_hist_territory_region_7_hist_culture_0)
[GraphSchema] Edge "belongs_to" source should be ["actor","location"], got "region" (edge edge_hist_territory_region_9_hist_culture_2)
[GraphSchema] Edge "belongs_to" source should be ["actor","location"], got "region" (edge edge_hist_territory_region_11_hist_culture_0)
[GraphSchema] Edge "belongs_to" source should be ["actor","location"], got "region" (edge edge_hist_territory_region_2_hist_culture_2)
[GraphSchema] Edge "belongs_to" source should be ["actor","location"], got "region" (edge edge_hist_territory_region_0_hist_culture_0)
[GraphSchema] Edge "belongs_to" source should be ["actor","location"], got "region" (edge edge_hist_territory_region_6_hist_culture_2)
[GraphSchema] Edge "belongs_to" source should be ["actor","location"], got "region" (edge edge_hist_territory_region_10_hist_culture_0)
[GraphSchema] Edge "belongs_to" source should be ["actor","location"], got "region" (edge edge_hist_territory_region_1_hist_culture_2)
[GraphSchema] Edge "belongs_to" source should be ["actor","location"], got "region" (edge edge_hist_territory_region_5_hist_culture_0)

 [32m✓[39m src/engine/__tests__/gameState-actions.test.ts [2m([22m[2m1 test[22m[2m)[22m[32m 141[2mms[22m[39m
stderr | src/components/Game/__tests__/AlertBar-actorId.test.tsx > AlertBar — actorId click-through > dismisses on right-click
An update to AlertBar inside a test was not wrapped in act(...).

When testing, code that causes React state updates should be wrapped into act(...):

act(() => {
  /* fire events that update state */
});
/* assert on the output */

This ensures that you're testing the behavior the user would see in the browser. Learn more at https://react.dev/link/wrap-tests-with-act

 [32m✓[39m src/components/Game/__tests__/AlertBar-actorId.test.tsx [2m([22m[2m6 tests[22m[2m)[22m[32m 285[2mms[22m[39m
 [32m✓[39m src/engine/worldgen/__tests__/climate.test.ts [2m([22m[2m10 tests[22m[2m)[22m[32m 153[2mms[22m[39m
 [32m✓[39m src/components/Game/__tests__/RetinuePanel.test.tsx [2m([22m[2m13 tests[22m[2m)[22m[32m 251[2mms[22m[39m
 [32m✓[39m src/components/Game/__tests__/HexBreadcrumb.test.tsx [2m([22m[2m9 tests[22m[2m)[22m[32m 193[2mms[22m[39m
 [32m✓[39m src/data/__tests__/culture-content.test.ts [2m([22m[2m637 tests[22m[2m)[22m[32m 153[2mms[22m[39m
[90mstdout[2m | src/engine/worldgen/__tests__/pipeline.test.ts[2m > [22m[2mWorldGenPipeline[2m > [22m[2mproduces WorldGenContext with all required fields
[22m[39m[WorldGen] Pass 'province' completed in 5.7ms
[WorldGen] Pass 'elevation' completed in 5.9ms
[WorldGen] Pass 'coastline' completed in 3.5ms
[WorldGen] Pass 'climate' completed in 11.0ms
[WorldGen] Pass 'hydrology' completed in 11.0ms
[WorldGen] Pass 'tempReassess' completed in 1.2ms
[WorldGen] Pass 'biome' completed in 1.2ms
[WorldGen] Culture terrain nudge: 5 hexes modified
[WorldGen] Pass 'cultureTerrainNudge' completed in 0.4ms
[WorldGen] Pass 'smoothing' completed in 1.8ms
[WorldGen] Pass 'validation' completed in 3.5ms

stderr | src/engine/worldgen/__tests__/pipeline.test.ts > WorldGenPipeline > produces WorldGenContext with all required fields
[WorldGen] Validation errors: [ 'Ocean fraction too low: 8.5%' ]

[90mstdout[2m | src/engine/worldgen/__tests__/provinces.test.ts[2m > [22m[2mProvince seeding[2m > [22m[2mall hexes assigned to a province (no -1 values)
[22m[39m[WorldGen] Pass 'province' completed in 4.9ms
[WorldGen] Pass 'elevation' completed in 5.6ms
[WorldGen] Pass 'coastline' completed in 3.1ms
[WorldGen] Pass 'climate' completed in 8.0ms
[WorldGen] Pass 'hydrology' completed in 5.0ms
[WorldGen] Pass 'tempReassess' completed in 0.2ms
[WorldGen] Pass 'biome' completed in 1.3ms
[WorldGen] Culture terrain nudge: 1 hexes modified
[WorldGen] Pass 'cultureTerrainNudge' completed in 0.4ms
[WorldGen] Pass 'smoothing' completed in 2.1ms
[WorldGen] Pass 'validation' completed in 2.8ms

stderr | src/engine/worldgen/__tests__/provinces.test.ts > Province seeding > all hexes assigned to a province (no -1 values)
[WorldGen] Validation errors: [ 'Ocean fraction too low: 6.7%' ]

[90mstdout[2m | src/engine/worldgen/__tests__/provinces.test.ts[2m > [22m[2mProvince seeding[2m > [22m[2mprovince count matches expected (living + lost + wilderness)
[22m[39m[WorldGen] Pass 'province' completed in 3.1ms
[WorldGen] Pass 'elevation' completed in 2.4ms
[WorldGen] Pass 'coastline' completed in 2.6ms
[WorldGen] Pass 'climate' completed in 3.5ms
[WorldGen] Pass 'hydrology' completed in 1.1ms
[WorldGen] Pass 'tempReassess' completed in 0.0ms
[WorldGen] Pass 'biome' completed in 0.4ms
[WorldGen] Culture terrain nudge: 1 hexes modified
[WorldGen] Pass 'cultureTerrainNudge' completed in 0.1ms
[WorldGen] Pass 'smoothing' completed in 0.6ms
[WorldGen] Pass 'validation' completed in 1.0ms

stderr | src/engine/worldgen/__tests__/provinces.test.ts > Province seeding > province count matches expected (living + lost + wilderness)
[WorldGen] Validation errors: [ 'Ocean fraction too low: 6.7%' ]

[90mstdout[2m | src/engine/worldgen/__tests__/pipeline.test.ts[2m > [22m[2mWorldGenPipeline[2m > [22m[2mdeterministic: same seed produces identical output
[22m[39m[WorldGen] Pass 'province' completed in 2.8ms
[WorldGen] Pass 'elevation' completed in 1.8ms
[WorldGen] Pass 'coastline' completed in 2.6ms
[WorldGen] Pass 'climate' completed in 3.9ms
[WorldGen] Pass 'hydrology' completed in 1.2ms
[WorldGen] Pass 'tempReassess' completed in 0.3ms
[WorldGen] Pass 'biome' completed in 0.5ms
[WorldGen] Culture terrain nudge: 5 hexes modified
[WorldGen] Pass 'cultureTerrainNudge' completed in 0.2ms
[WorldGen] Pass 'smoothing' completed in 0.9ms
[WorldGen] Pass 'validation' completed in 1.3ms
[WorldGen] Pass 'province' completed in 1.9ms
[WorldGen] Pass 'elevation' completed in 1.5ms
[WorldGen] Pass 'coastline' completed in 2.4ms
[WorldGen] Pass 'climate' completed in 2.9ms
[WorldGen] Pass 'hydrology' completed in 1.7ms
[WorldGen] Pass 'tempReassess' completed in 0.2ms
[WorldGen] Pass 'biome' completed in 0.3ms
[WorldGen] Culture terrain nudge: 5 hexes modified
[WorldGen] Pass 'cultureTerrainNudge' completed in 0.1ms
[WorldGen] Pass 'smoothing' completed in 0.6ms
[WorldGen] Pass 'validation' completed in 0.9ms

stderr | src/engine/worldgen/__tests__/pipeline.test.ts > WorldGenPipeline > deterministic: same seed produces identical output
[WorldGen] Validation errors: [ 'Ocean fraction too low: 8.5%' ]
[WorldGen] Validation errors: [ 'Ocean fraction too low: 8.5%' ]

[90mstdout[2m | src/engine/worldgen/__tests__/provinces.test.ts[2m > [22m[2mProvince seeding[2m > [22m[2meach province has exactly one capital hex recorded
[22m[39m[WorldGen] Pass 'province' completed in 2.5ms
[WorldGen] Pass 'elevation' completed in 1.9ms
[WorldGen] Pass 'coastline' completed in 3.6ms
[WorldGen] Pass 'climate' completed in 2.4ms
[WorldGen] Pass 'hydrology' completed in 1.9ms
[WorldGen] Pass 'tempReassess' completed in 0.0ms
[WorldGen] Pass 'biome' completed in 0.5ms
[WorldGen] Culture terrain nudge: 1 hexes modified
[WorldGen] Pass 'cultureTerrainNudge' completed in 0.3ms
[WorldGen] Pass 'smoothing' completed in 1.3ms
[WorldGen] Pass 'validation' completed in 1.0ms

stderr | src/engine/worldgen/__tests__/provinces.test.ts > Province seeding > each province has exactly one capital hex recorded
[WorldGen] Validation errors: [ 'Ocean fraction too low: 6.7%' ]

[90mstdout[2m | src/engine/worldgen/__tests__/provinces.test.ts[2m > [22m[2mProvince seeding[2m > [22m[2mprovince roles assigned (0=capital, 1=heartland, 2=borderland)
[22m[39m[WorldGen] Pass 'province' completed in 0.8ms
[WorldGen] Pass 'elevation' completed in 1.5ms
[WorldGen] Pass 'coastline' completed in 2.1ms
[WorldGen] Pass 'climate' completed in 2.1ms
[WorldGen] Pass 'hydrology' completed in 1.1ms
[WorldGen] Pass 'tempReassess' completed in 0.0ms
[WorldGen] Pass 'biome' completed in 0.2ms
[WorldGen] Culture terrain nudge: 1 hexes modified
[WorldGen] Pass 'cultureTerrainNudge' completed in 0.1ms
[WorldGen] Pass 'smoothing' completed in 2.5ms
[WorldGen] Pass 'validation' completed in 0.7ms

stderr | src/engine/worldgen/__tests__/provinces.test.ts > Province seeding > province roles assigned (0=capital, 1=heartland, 2=borderland)
[WorldGen] Validation errors: [ 'Ocean fraction too low: 6.7%' ]

[90mstdout[2m | src/engine/worldgen/__tests__/provinces.test.ts[2m > [22m[2mProvince seeding[2m > [22m[2mno province exceeds PROVINCE_MAX_HEXES
[22m[39m[WorldGen] Pass 'province' completed in 1.7ms
[WorldGen] Pass 'elevation' completed in 1.1ms
[WorldGen] Pass 'coastline' completed in 0.8ms
[WorldGen] Pass 'climate' completed in 2.2ms
[WorldGen] Pass 'hydrology' completed in 1.1ms
[WorldGen] Pass 'tempReassess' completed in 0.0ms
[WorldGen] Pass 'biome' completed in 0.2ms
[WorldGen] Culture terrain nudge: 1 hexes modified
[WorldGen] Pass 'cultureTerrainNudge' completed in 0.1ms
[WorldGen] Pass 'smoothing' completed in 1.1ms
[WorldGen] Pass 'validation' completed in 0.8ms

stderr | src/engine/worldgen/__tests__/provinces.test.ts > Province seeding > no province exceeds PROVINCE_MAX_HEXES
[WorldGen] Validation errors: [ 'Ocean fraction too low: 6.7%' ]

[90mstdout[2m | src/engine/worldgen/__tests__/provinces.test.ts[2m > [22m[2mProvince seeding[2m > [22m[2mno two province seeds are closer than PROVINCE_MIN_SEED_DISTANCE
[22m[39m[WorldGen] Pass 'province' completed in 0.6ms
[WorldGen] Pass 'elevation' completed in 1.4ms
[WorldGen] Pass 'coastline' completed in 0.7ms
[WorldGen] Pass 'climate' completed in 1.6ms
[WorldGen] Pass 'hydrology' completed in 0.8ms
[WorldGen] Pass 'tempReassess' completed in 0.1ms
[WorldGen] Pass 'biome' completed in 0.2ms
[WorldGen] Culture terrain nudge: 1 hexes modified
[WorldGen] Pass 'cultureTerrainNudge' completed in 0.1ms
[WorldGen] Pass 'smoothing' completed in 0.9ms
[WorldGen] Pass 'validation' completed in 0.5ms

stderr | src/engine/worldgen/__tests__/provinces.test.ts > Province seeding > no two province seeds are closer than PROVINCE_MIN_SEED_DISTANCE
[WorldGen] Validation errors: [ 'Ocean fraction too low: 6.7%' ]

[90mstdout[2m | src/engine/worldgen/__tests__/pipeline.test.ts[2m > [22m[2mWorldGenPipeline[2m > [22m[2mdifferent seeds produce different output
[22m[39m[WorldGen] Pass 'province' completed in 0.8ms
[WorldGen] Pass 'elevation' completed in 1.3ms
[WorldGen] Pass 'coastline' completed in 24.3ms
[WorldGen] Pass 'climate' completed in 1.6ms
[WorldGen] Pass 'hydrology' completed in 1.4ms
[WorldGen] Pass 'tempReassess' completed in 0.1ms
[WorldGen] Pass 'biome' completed in 0.2ms
[WorldGen] Culture terrain nudge: 5 hexes modified
[WorldGen] Pass 'cultureTerrainNudge' completed in 0.1ms
[WorldGen] Pass 'smoothing' completed in 0.9ms
[WorldGen] Pass 'validation' completed in 0.4ms
[WorldGen] Pass 'province' completed in 0.6ms
[WorldGen] Pass 'elevation' completed in 1.5ms
[WorldGen] Pass 'coastline' completed in 0.9ms
[WorldGen] Pass 'climate' completed in 3.7ms
[WorldGen] Pass 'hydrology' completed in 1.1ms
[WorldGen] Pass 'tempReassess' completed in 0.1ms
[WorldGen] Pass 'biome' completed in 0.4ms
[WorldGen] Culture terrain nudge: 9 hexes modified
[WorldGen] Pass 'cultureTerrainNudge' completed in 0.1ms
[WorldGen] Pass 'smoothing' completed in 1.4ms
[WorldGen] Pass 'validation' completed in 0.5ms

stderr | src/engine/worldgen/__tests__/pipeline.test.ts > WorldGenPipeline > different seeds produce different output
[WorldGen] Validation errors: [ 'Ocean fraction too low: 8.5%' ]
[WorldGen] Validation errors: [ 'Ocean fraction too low: 7.2%' ]

 [32m✓[39m src/engine/worldgen/__tests__/pipeline.test.ts [2m([22m[2m3 tests[22m[2m)[22m[32m 137[2mms[22m[39m
[90mstdout[2m | src/engine/worldgen/__tests__/provinces.test.ts[2m > [22m[2mProvince seeding[2m > [22m[2mdeterministic province assignment with same seed
[22m[39m[WorldGen] Pass 'province' completed in 0.6ms
[WorldGen] Pass 'elevation' completed in 1.1ms
[WorldGen] Pass 'coastline' completed in 0.7ms
[WorldGen] Pass 'climate' completed in 2.1ms
[WorldGen] Pass 'hydrology' completed in 0.6ms
[WorldGen] Pass 'tempReassess' completed in 0.0ms
[WorldGen] Pass 'biome' completed in 0.2ms
[WorldGen] Culture terrain nudge: 1 hexes modified
[WorldGen] Pass 'cultureTerrainNudge' completed in 0.1ms
[WorldGen] Pass 'smoothing' completed in 0.5ms
[WorldGen] Pass 'validation' completed in 0.4ms
[WorldGen] Pass 'province' completed in 0.6ms
[WorldGen] Pass 'elevation' completed in 1.0ms
[WorldGen] Pass 'coastline' completed in 1.3ms
[WorldGen] Pass 'climate' completed in 1.2ms
[WorldGen] Pass 'hydrology' completed in 0.8ms
[WorldGen] Pass 'tempReassess' completed in 0.0ms
[WorldGen] Pass 'biome' completed in 0.2ms
[WorldGen] Culture terrain nudge: 1 hexes modified
[WorldGen] Pass 'cultureTerrainNudge' completed in 0.4ms
[WorldGen] Pass 'smoothing' completed in 0.6ms
[WorldGen] Pass 'validation' completed in 0.7ms

stderr | src/engine/worldgen/__tests__/provinces.test.ts > Province seeding > deterministic province assignment with same seed
[WorldGen] Validation errors: [ 'Ocean fraction too low: 6.7%' ]
[WorldGen] Validation errors: [ 'Ocean fraction too low: 6.7%' ]

 [32m✓[39m src/engine/worldgen/__tests__/provinces.test.ts [2m([22m[2m8 tests[22m[2m)[22m[32m 129[2mms[22m[39m
 [32m✓[39m src/components/shared/__tests__/ListRow.test.tsx [2m([22m[2m14 tests[22m[2m)[22m[32m 288[2mms[22m[39m
 [32m✓[39m src/components/shared/__tests__/ProgressBar.test.tsx [2m([22m[2m14 tests[22m[2m)[22m[33m 302[2mms[22m[39m
 [32m✓[39m src/components/Game/__tests__/MandateTracker.test.tsx [2m([22m[2m11 tests[22m[2m)[22m[32m 229[2mms[22m[39m
 [32m✓[39m src/components/Game/__tests__/AttachmentDetailView.test.tsx [2m([22m[2m14 tests[22m[2m)[22m[32m 204[2mms[22m[39m
 [32m✓[39m src/engine/__tests__/worldModel.test.ts [2m([22m[2m51 tests[22m[2m)[22m[32m 88[2mms[22m[39m
 [32m✓[39m src/components/Game/__tests__/IntentSection.test.tsx [2m([22m[2m11 tests[22m[2m)[22m[32m 162[2mms[22m[39m
 [32m✓[39m src/data/__tests__/encounter-content.test.ts [2m([22m[2m28 tests[22m[2m)[22m[32m 52[2mms[22m[39m
 [32m✓[39m src/components/shared/__tests__/EntityCard.test.tsx [2m([22m[2m17 tests[22m[2m)[22m[32m 149[2mms[22m[39m
stderr | src/components/Game/__tests__/HexZoomView.test.tsx > HexZoomView > renders location names
An empty string ("") was passed to the href attribute. To fix this, either do not render the element at all or pass null to href instead of an empty string.

 [32m✓[39m src/components/shared/__tests__/Modal.test.tsx [2m([22m[2m9 tests[22m[2m)[22m[32m 262[2mms[22m[39m
stderr | src/components/Game/__tests__/HexZoomView.test.tsx > HexZoomView > renders agent initials near locations
An empty string ("") was passed to the href attribute. To fix this, either do not render the element at all or pass null to href instead of an empty string.

stderr | src/components/Game/__tests__/HexZoomView.test.tsx > HexZoomView > calls onLocationClick on single click
An empty string ("") was passed to the href attribute. To fix this, either do not render the element at all or pass null to href instead of an empty string.

stderr | src/components/Game/__tests__/HexZoomView.test.tsx > HexZoomView > dims locations when line of sight is none
An empty string ("") was passed to the href attribute. To fix this, either do not render the element at all or pass null to href instead of an empty string.

stderr | src/components/Game/__tests__/HexZoomView.test.tsx > HexZoomView > renders with zero locations without crashing
An empty string ("") was passed to the href attribute. To fix this, either do not render the element at all or pass null to href instead of an empty string.

 [32m✓[39m src/components/Game/__tests__/HexZoomView.test.tsx [2m([22m[2m5 tests[22m[2m)[22m[32m 101[2mms[22m[39m
[90mstdout[2m | src/engine/__tests__/hexGrid.test.ts[2m > [22m[2mgenerateWorld[2m > [22m[2mreturns WorldGenResult with tiles, riverPaths, lakeIds
[22m[39m[WorldGen] Pass 'province' completed in 3.0ms
[WorldGen] Pass 'elevation' completed in 2.4ms
[WorldGen] Pass 'coastline' completed in 1.8ms
[WorldGen] Pass 'climate' completed in 2.3ms
[WorldGen] Pass 'hydrology' completed in 3.5ms
[WorldGen] Pass 'tempReassess' completed in 0.2ms
[WorldGen] Pass 'biome' completed in 0.8ms
[WorldGen] Culture terrain nudge: 0 hexes modified
[WorldGen] Pass 'cultureTerrainNudge' completed in 0.2ms
[WorldGen] Pass 'smoothing' completed in 0.5ms
[WorldGen] Pass 'validation' completed in 1.1ms

stderr | src/engine/__tests__/hexGrid.test.ts > generateWorld > returns WorldGenResult with tiles, riverPaths, lakeIds
[WorldGen] Validation errors: [ 'Ocean fraction too low: 6.3%' ]

[90mstdout[2m | src/engine/__tests__/hexGrid.test.ts[2m > [22m[2mgenerateWorld[2m > [22m[2mgenerates the correct number of tiles
[22m[39m[WorldGen] Pass 'province' completed in 1.5ms
[WorldGen] Pass 'elevation' completed in 0.5ms
[WorldGen] Pass 'coastline' completed in 0.8ms
[WorldGen] Pass 'climate' completed in 0.8ms
[WorldGen] Pass 'hydrology' completed in 0.8ms
[WorldGen] Pass 'tempReassess' completed in 0.0ms
[WorldGen] Pass 'biome' completed in 0.1ms
[WorldGen] Culture terrain nudge: 0 hexes modified
[WorldGen] Pass 'cultureTerrainNudge' completed in 0.0ms
[WorldGen] Pass 'smoothing' completed in 0.4ms
[WorldGen] Pass 'validation' completed in 0.4ms

stderr | src/engine/__tests__/hexGrid.test.ts > generateWorld > generates the correct number of tiles
[WorldGen] Validation errors: [ 'Ocean fraction too low: 6.3%' ]

[90mstdout[2m | src/engine/__tests__/hexGrid.test.ts[2m > [22m[2mgenerateWorld[2m > [22m[2mriverPaths is an array
[22m[39m[WorldGen] Pass 'province' completed in 0.5ms
[WorldGen] Pass 'elevation' completed in 0.3ms
[WorldGen] Pass 'coastline' completed in 1.0ms
[WorldGen] Pass 'climate' completed in 0.8ms
[WorldGen] Pass 'hydrology' completed in 0.3ms
[WorldGen] Pass 'tempReassess' completed in 0.0ms
[WorldGen] Pass 'biome' completed in 0.1ms
[WorldGen] Culture terrain nudge: 0 hexes modified
[WorldGen] Pass 'cultureTerrainNudge' completed in 0.0ms
[WorldGen] Pass 'smoothing' completed in 0.1ms
[WorldGen] Pass 'validation' completed in 0.2ms

stderr | src/engine/__tests__/hexGrid.test.ts > generateWorld > riverPaths is an array
[WorldGen] Validation errors: [ 'Ocean fraction too low: 6.3%' ]

[90mstdout[2m | src/engine/__tests__/hexGrid.test.ts[2m > [22m[2mgenerateWorld[2m > [22m[2mlakeIds is an Int16Array with length = cols * rows
[22m[39m[WorldGen] Pass 'province' completed in 0.4ms
[WorldGen] Pass 'elevation' completed in 0.2ms
[WorldGen] Pass 'coastline' completed in 0.4ms
[WorldGen] Pass 'climate' completed in 0.7ms
[WorldGen] Pass 'hydrology' completed in 0.3ms
[WorldGen] Pass 'tempReassess' completed in 0.0ms
[WorldGen] Pass 'biome' completed in 0.1ms
[WorldGen] Culture terrain nudge: 0 hexes modified
[WorldGen] Pass 'cultureTerrainNudge' completed in 0.0ms
[WorldGen] Pass 'smoothing' completed in 0.1ms
[WorldGen] Pass 'validation' completed in 0.2ms

stderr | src/engine/__tests__/hexGrid.test.ts > generateWorld > lakeIds is an Int16Array with length = cols * rows
[WorldGen] Validation errors: [ 'Ocean fraction too low: 6.3%' ]

[90mstdout[2m | src/engine/__tests__/hexGrid.test.ts[2m > [22m[2mgenerateWorld[2m > [22m[2mcols and rows match params
[22m[39m[WorldGen] Pass 'province' completed in 1.0ms
[WorldGen] Pass 'elevation' completed in 0.2ms
[WorldGen] Pass 'coastline' completed in 0.3ms
[WorldGen] Pass 'climate' completed in 0.3ms
[WorldGen] Pass 'hydrology' completed in 0.3ms
[WorldGen] Pass 'tempReassess' completed in 0.0ms
[WorldGen] Pass 'biome' completed in 0.1ms
[WorldGen] Culture terrain nudge: 0 hexes modified
[WorldGen] Pass 'cultureTerrainNudge' completed in 0.0ms
[WorldGen] Pass 'smoothing' completed in 0.1ms
[WorldGen] Pass 'validation' completed in 0.1ms

stderr | src/engine/__tests__/hexGrid.test.ts > generateWorld > cols and rows match params
[WorldGen] Validation errors: [ 'Ocean fraction too low: 6.3%' ]

[90mstdout[2m | src/engine/__tests__/hexGrid.test.ts[2m > [22m[2mgenerateWorld[2m > [22m[2mevery tile has valid geographic parameters in [0, 1]
[22m[39m[WorldGen] Pass 'province' completed in 0.8ms
[WorldGen] Pass 'elevation' completed in 0.1ms
[WorldGen] Pass 'coastline' completed in 0.1ms
[WorldGen] Pass 'climate' completed in 0.4ms
[WorldGen] Pass 'hydrology' completed in 0.1ms
[WorldGen] Pass 'tempReassess' completed in 0.0ms
[WorldGen] Pass 'biome' completed in 0.0ms
[WorldGen] Culture terrain nudge: 0 hexes modified
[WorldGen] Pass 'cultureTerrainNudge' completed in 0.0ms
[WorldGen] Pass 'smoothing' completed in 0.0ms
[WorldGen] Pass 'validation' completed in 0.4ms

stderr | src/engine/__tests__/hexGrid.test.ts > generateWorld > every tile has valid geographic parameters in [0, 1]
[WorldGen] Validation errors: [ 'Ocean fraction too low: 0.0%' ]

[90mstdout[2m | src/engine/__tests__/hexGrid.test.ts[2m > [22m[2mgenerateWorld[2m > [22m[2mevery tile has a valid terrain type
[22m[39m[WorldGen] Pass 'province' completed in 0.3ms
[WorldGen] Pass 'elevation' completed in 0.1ms
[WorldGen] Pass 'coastline' completed in 0.0ms
[WorldGen] Pass 'climate' completed in 0.1ms
[WorldGen] Pass 'hydrology' completed in 0.1ms
[WorldGen] Pass 'tempReassess' completed in 0.0ms
[WorldGen] Pass 'biome' completed in 0.0ms
[WorldGen] Culture terrain nudge: 0 hexes modified
[WorldGen] Pass 'cultureTerrainNudge' completed in 0.0ms
[WorldGen] Pass 'smoothing' completed in 0.0ms
[WorldGen] Pass 'validation' completed in 0.1ms

stderr | src/engine/__tests__/hexGrid.test.ts > generateWorld > every tile has a valid terrain type
[WorldGen] Validation errors: [ 'Ocean fraction too low: 0.0%' ]

[90mstdout[2m | src/engine/__tests__/hexGrid.test.ts[2m > [22m[2mgenerateWorld[2m > [22m[2mis deterministic with same seed
[22m[39m[WorldGen] Pass 'province' completed in 0.6ms
[WorldGen] Pass 'elevation' completed in 0.1ms
[WorldGen] Pass 'coastline' completed in 0.0ms
[WorldGen] Pass 'climate' completed in 0.1ms
[WorldGen] Pass 'hydrology' completed in 0.1ms
[WorldGen] Pass 'tempReassess' completed in 0.0ms
[WorldGen] Pass 'biome' completed in 0.0ms
[WorldGen] Culture terrain nudge: 0 hexes modified
[WorldGen] Pass 'cultureTerrainNudge' completed in 0.0ms
[WorldGen] Pass 'smoothing' completed in 0.0ms
[WorldGen] Pass 'validation' completed in 0.1ms
[WorldGen] Pass 'province' completed in 0.3ms
[WorldGen] Pass 'elevation' completed in 0.1ms
[WorldGen] Pass 'coastline' completed in 0.0ms
[WorldGen] Pass 'climate' completed in 0.1ms
[WorldGen] Pass 'hydrology' completed in 0.1ms
[WorldGen] Pass 'tempReassess' completed in 0.0ms
[WorldGen] Pass 'biome' completed in 0.0ms
[WorldGen] Culture terrain nudge: 0 hexes modified
[WorldGen] Pass 'cultureTerrainNudge' completed in 0.0ms
[WorldGen] Pass 'smoothing' completed in 0.0ms
[WorldGen] Pass 'validation' completed in 0.1ms

stderr | src/engine/__tests__/hexGrid.test.ts > generateWorld > is deterministic with same seed
[WorldGen] Validation errors: [ 'Ocean fraction too low: 0.0%' ]
[WorldGen] Validation errors: [ 'Ocean fraction too low: 0.0%' ]

[90mstdout[2m | src/engine/__tests__/hexGrid.test.ts[2m > [22m[2mgenerateWorld[2m > [22m[2mcontains variety of terrain types in larger grid
[22m[39m[WorldGen] Pass 'province' completed in 1.0ms
[WorldGen] Pass 'elevation' completed in 2.1ms
[WorldGen] Pass 'coastline' completed in 1.2ms
[WorldGen] Pass 'climate' completed in 2.8ms
[WorldGen] Pass 'hydrology' completed in 1.4ms
[WorldGen] Pass 'tempReassess' completed in 0.6ms
[WorldGen] Pass 'biome' completed in 0.5ms
[WorldGen] Culture terrain nudge: 0 hexes modified
[WorldGen] Pass 'cultureTerrainNudge' completed in 0.0ms
[WorldGen] Pass 'smoothing' completed in 0.4ms
[WorldGen] Pass 'validation' completed in 1.4ms

stderr | src/engine/__tests__/hexGrid.test.ts > generateWorld > contains variety of terrain types in larger grid
[WorldGen] Validation errors: [ 'Ocean fraction too low: 9.5%' ]

 [32m✓[39m src/engine/__tests__/hexGrid.test.ts [2m([22m[2m9 tests[22m[2m)[22m[32m 77[2mms[22m[39m
 [32m✓[39m src/components/Game/__tests__/NarrativeLog.test.tsx [2m([22m[2m15 tests[22m[2m)[22m[32m 151[2mms[22m[39m
 [32m✓[39m src/components/Game/__tests__/RivalPanel.test.tsx [2m([22m[2m7 tests[22m[2m)[22m[32m 181[2mms[22m[39m
 [32m✓[39m src/components/shared/__tests__/SphereIcon.test.tsx [2m([22m[2m25 tests[22m[2m)[22m[32m 147[2mms[22m[39m
stderr | src/components/HexMap/__tests__/HexMap-zoom.test.tsx > HexMap zoom > renders an SVG with a zoom group
An empty string ("") was passed to the href attribute. To fix this, either do not render the element at all or pass null to href instead of an empty string.

stderr | src/components/HexMap/__tests__/HexMap-zoom.test.tsx > HexMap zoom > accepts initialCenter and initialScale props
An empty string ("") was passed to the href attribute. To fix this, either do not render the element at all or pass null to href instead of an empty string.

 [32m✓[39m src/engine/__tests__/culturalGravity-integration.test.ts [2m([22m[2m6 tests[22m[2m)[22m[32m 81[2mms[22m[39m
stderr | src/components/HexMap/__tests__/HexMap-zoom.test.tsx > HexMap zoom > calls onZoomChange callback when zoom is updated
An empty string ("") was passed to the href attribute. To fix this, either do not render the element at all or pass null to href instead of an empty string.

stderr | src/components/HexMap/__tests__/HexMap-zoom.test.tsx > HexMap zoom > renders tiles within zoom group
An empty string ("") was passed to the href attribute. To fix this, either do not render the element at all or pass null to href instead of an empty string.
An empty string ("") was passed to the href attribute. To fix this, either do not render the element at all or pass null to href instead of an empty string.

 [32m✓[39m src/components/HexMap/__tests__/HexMap-zoom.test.tsx [2m([22m[2m4 tests[22m[2m)[22m[32m 199[2mms[22m[39m
[90mstdout[2m | src/engine/__tests__/regionNaming-integration.test.ts
[22m[39m[WorldGen] Pass 'province' completed in 3.3ms
[WorldGen] Pass 'elevation' completed in 3.7ms
[WorldGen] Pass 'coastline' completed in 2.4ms
[WorldGen] Pass 'climate' completed in 6.5ms
[WorldGen] Pass 'hydrology' completed in 4.3ms
[WorldGen] Pass 'tempReassess' completed in 0.7ms
[WorldGen] Pass 'biome' completed in 1.3ms
[WorldGen] Culture terrain nudge: 0 hexes modified
[WorldGen] Pass 'cultureTerrainNudge' completed in 0.2ms
[WorldGen] Pass 'smoothing' completed in 1.1ms
[WorldGen] Pass 'validation' completed in 1.6ms

stderr | src/engine/__tests__/regionNaming-integration.test.ts
[GraphSchema] Edge "belongs_to" source should be ["actor","location"], got "region" (edge edge_hist_territory_region_0_hist_culture_0)
[GraphSchema] Edge "belongs_to" source should be ["actor","location"], got "region" (edge edge_hist_territory_region_8_hist_culture_1)
[GraphSchema] Edge "belongs_to" source should be ["actor","location"], got "region" (edge edge_hist_territory_region_9_hist_culture_2)
[GraphSchema] Edge "belongs_to" source should be ["actor","location"], got "region" (edge edge_hist_territory_region_1_hist_culture_0)
[GraphSchema] Edge "belongs_to" source should be ["actor","location"], got "region" (edge edge_hist_territory_region_2_hist_culture_1)
[GraphSchema] Edge "belongs_to" source should be ["actor","location"], got "region" (edge edge_hist_territory_region_13_hist_culture_2)
[GraphSchema] Edge "belongs_to" source should be ["actor","location"], got "region" (edge edge_hist_territory_region_3_hist_culture_0)
[GraphSchema] Edge "belongs_to" source should be ["actor","location"], got "region" (edge edge_hist_territory_region_4_hist_culture_1)
[GraphSchema] Edge "belongs_to" source should be ["actor","location"], got "region" (edge edge_hist_territory_region_5_hist_culture_2)
[GraphSchema] Edge "belongs_to" source should be ["actor","location"], got "region" (edge edge_hist_territory_region_7_hist_culture_0)
[GraphSchema] Edge "belongs_to" source should be ["actor","location"], got "region" (edge edge_hist_territory_region_10_hist_culture_1)
[GraphSchema] Edge "belongs_to" source should be ["actor","location"], got "region" (edge edge_hist_territory_region_6_hist_culture_2)
[GraphSchema] Edge "belongs_to" source should be ["actor","location"], got "region" (edge edge_hist_territory_region_11_hist_culture_1)
[GraphSchema] Edge "belongs_to" source should be ["actor","location"], got "region" (edge edge_hist_territory_region_16_hist_culture_2)
[GraphSchema] Edge "belongs_to" source should be ["actor","location"], got "region" (edge edge_hist_territory_region_14_hist_culture_1)

 [32m✓[39m src/components/shared/__tests__/RivalIcon.test.tsx [2m([22m[2m15 tests[22m[2m)[22m[32m 84[2mms[22m[39m
[90mstdout[2m | src/engine/__tests__/regionNaming-integration.test.ts
[22m[39m[WorldGen] Pass 'province' completed in 1.3ms
[WorldGen] Pass 'elevation' completed in 2.1ms
[WorldGen] Pass 'coastline' completed in 1.2ms
[WorldGen] Pass 'climate' completed in 4.7ms
[WorldGen] Pass 'hydrology' completed in 2.0ms
[WorldGen] Pass 'tempReassess' completed in 0.3ms
[WorldGen] Pass 'biome' completed in 0.5ms
[WorldGen] Culture terrain nudge: 0 hexes modified
[WorldGen] Pass 'cultureTerrainNudge' completed in 0.1ms
[WorldGen] Pass 'smoothing' completed in 0.8ms
[WorldGen] Pass 'validation' completed in 0.7ms

stderr | src/engine/__tests__/regionNaming-integration.test.ts
[WorldGen] Validation errors: [
  'Ocean fraction too low: 2.7%',
  'Drainage guarantee violated: some land hexes have no downhill path to the sea'
]
[GraphSchema] Edge "belongs_to" source should be ["actor","location"], got "region" (edge edge_hist_territory_region_1_hist_culture_0)
[GraphSchema] Edge "belongs_to" source should be ["actor","location"], got "region" (edge edge_hist_territory_region_8_hist_culture_1)
[GraphSchema] Edge "belongs_to" source should be ["actor","location"], got "region" (edge edge_hist_territory_region_5_hist_culture_0)
[GraphSchema] Edge "belongs_to" source should be ["actor","location"], got "region" (edge edge_hist_territory_region_12_hist_culture_1)
[GraphSchema] Edge "belongs_to" source should be ["actor","location"], got "region" (edge edge_hist_territory_region_7_hist_culture_0)
[GraphSchema] Edge "belongs_to" source should be ["actor","location"], got "region" (edge edge_hist_territory_region_11_hist_culture_1)
[GraphSchema] Edge "belongs_to" source should be ["actor","location"], got "region" (edge edge_hist_territory_region_9_hist_culture_0)
[GraphSchema] Edge "belongs_to" source should be ["actor","location"], got "region" (edge edge_hist_territory_region_10_hist_culture_1)
[GraphSchema] Edge "belongs_to" source should be ["actor","location"], got "region" (edge edge_hist_territory_region_2_hist_culture_0)
[GraphSchema] Edge "belongs_to" source should be ["actor","location"], got "region" (edge edge_hist_territory_region_3_hist_culture_0)
[GraphSchema] Edge "belongs_to" source should be ["actor","location"], got "region" (edge edge_hist_territory_region_4_hist_culture_0)
[GraphSchema] Edge "belongs_to" source should be ["actor","location"], got "region" (edge edge_hist_territory_region_6_hist_culture_0)

 [32m✓[39m src/engine/__tests__/culture-integration.test.ts [2m([22m[2m4 tests[22m[2m)[22m[32m 75[2mms[22m[39m
[90mstdout[2m | src/engine/__tests__/regionNaming-integration.test.ts
[22m[39m[WorldGen] Pass 'province' completed in 2.4ms
[WorldGen] Pass 'elevation' completed in 1.3ms
[WorldGen] Pass 'coastline' completed in 1.0ms
[WorldGen] Pass 'climate' completed in 3.2ms
[WorldGen] Pass 'hydrology' completed in 1.0ms
[WorldGen] Pass 'tempReassess' completed in 0.3ms
[WorldGen] Pass 'biome' completed in 0.8ms
[WorldGen] Culture terrain nudge: 0 hexes modified
[WorldGen] Pass 'cultureTerrainNudge' completed in 0.1ms
[WorldGen] Pass 'smoothing' completed in 0.5ms
[WorldGen] Pass 'validation' completed in 0.6ms

 [32m✓[39m src/components/Game/__tests__/AttachmentRow.test.tsx [2m([22m[2m13 tests[22m[2m)[22m[32m 112[2mms[22m[39m
stderr | src/engine/__tests__/regionNaming-integration.test.ts
[WorldGen] Validation errors: [ 'Ocean fraction too low: 8.7%' ]
[GraphSchema] Edge "belongs_to" source should be ["actor","location"], got "region" (edge edge_hist_territory_region_8_hist_culture_0)
[GraphSchema] Edge "belongs_to" source should be ["actor","location"], got "region" (edge edge_hist_territory_region_3_hist_culture_1)
[GraphSchema] Edge "belongs_to" source should be ["actor","location"], got "region" (edge edge_hist_territory_region_9_hist_culture_2)
[GraphSchema] Edge "belongs_to" source should be ["actor","location"], got "region" (edge edge_hist_territory_region_6_hist_culture_3)
[GraphSchema] Edge "belongs_to" source should be ["actor","location"], got "region" (edge edge_hist_territory_region_0_hist_culture_0)
[GraphSchema] Edge "belongs_to" source should be ["actor","location"], got "region" (edge edge_hist_territory_region_1_hist_culture_1)
[GraphSchema] Edge "belongs_to" source should be ["actor","location"], got "region" (edge edge_hist_territory_region_11_hist_culture_2)
[GraphSchema] Edge "belongs_to" source should be ["actor","location"], got "region" (edge edge_hist_territory_region_2_hist_culture_0)
[GraphSchema] Edge "belongs_to" source should be ["actor","location"], got "region" (edge edge_hist_territory_region_4_hist_culture_1)
[GraphSchema] Edge "belongs_to" source should be ["actor","location"], got "region" (edge edge_hist_territory_region_10_hist_culture_2)
[GraphSchema] Edge "belongs_to" source should be ["actor","location"], got "region" (edge edge_hist_territory_region_5_hist_culture_0)

[90mstdout[2m | src/engine/__tests__/regionNaming-integration.test.ts
[22m[39m[WorldGen] Pass 'province' completed in 2.9ms
[WorldGen] Pass 'elevation' completed in 1.3ms
[WorldGen] Pass 'coastline' completed in 1.3ms
[WorldGen] Pass 'climate' completed in 1.8ms
[WorldGen] Pass 'hydrology' completed in 1.5ms
[WorldGen] Pass 'tempReassess' completed in 0.1ms
[WorldGen] Pass 'biome' completed in 0.3ms
[WorldGen] Culture terrain nudge: 0 hexes modified
[WorldGen] Pass 'cultureTerrainNudge' completed in 0.1ms
[WorldGen] Pass 'smoothing' completed in 0.3ms
[WorldGen] Pass 'validation' completed in 1.5ms

stderr | src/engine/__tests__/regionNaming-integration.test.ts
[WorldGen] Validation errors: [
  'Ocean fraction too low: 5.3%',
  'Drainage guarantee violated: some land hexes have no downhill path to the sea'
]
[GraphSchema] Edge "belongs_to" source should be ["actor","location"], got "region" (edge edge_hist_territory_region_0_hist_culture_0)
[GraphSchema] Edge "belongs_to" source should be ["actor","location"], got "region" (edge edge_hist_territory_region_4_hist_culture_1)
[GraphSchema] Edge "belongs_to" source should be ["actor","location"], got "region" (edge edge_hist_territory_region_7_hist_culture_2)
[GraphSchema] Edge "belongs_to" source should be ["actor","location"], got "region" (edge edge_hist_territory_region_2_hist_culture_0)
[GraphSchema] Edge "belongs_to" source should be ["actor","location"], got "region" (edge edge_hist_territory_region_5_hist_culture_1)
[GraphSchema] Edge "belongs_to" source should be ["actor","location"], got "region" (edge edge_hist_territory_region_11_hist_culture_2)
[GraphSchema] Edge "belongs_to" source should be ["actor","location"], got "region" (edge edge_hist_territory_region_6_hist_culture_0)
[GraphSchema] Edge "belongs_to" source should be ["actor","location"], got "region" (edge edge_hist_territory_region_8_hist_culture_1)
[GraphSchema] Edge "belongs_to" source should be ["actor","location"], got "region" (edge edge_hist_territory_region_9_hist_culture_2)
[GraphSchema] Edge "belongs_to" source should be ["actor","location"], got "region" (edge edge_hist_territory_region_3_hist_culture_0)
[GraphSchema] Edge "belongs_to" source should be ["actor","location"], got "region" (edge edge_hist_territory_region_10_hist_culture_1)

 [32m✓[39m src/components/Game/__tests__/DoomBar.test.tsx [2m([22m[2m7 tests[22m[2m)[22m[32m 105[2mms[22m[39m
21.18.31 [vite] (ssr) warning: Duplicate key "loyalty_ambition" in object literal
79 |          honesty_cunning: 0.0,
80 |          sacrifice_survival: 0.4,
81 |          loyalty_ambition: 0.5,
   |          ^
82 |          tradition_novelty: 0.1,
83 |          preservation_transformation: -0.2,

  Plugin: vite:esbuild
  File: C:/Users/chris/Dev/Projects/TheFantasyWorldSimulator/src/engine/__tests__/traceBuffer-encounter.test.ts
21.18.31 [vite] (ssr) warning: Duplicate key "mercy_ruthlessness" in object literal
82 |          tradition_novelty: 0.1,
83 |          preservation_transformation: -0.2,
84 |          mercy_ruthlessness: 0.0,
   |          ^
85 |          asceticism_extravagance: 0.3,
86 |        },

  Plugin: vite:esbuild
  File: C:/Users/chris/Dev/Projects/TheFantasyWorldSimulator/src/engine/__tests__/traceBuffer-encounter.test.ts
21.18.31 [vite] (ssr) warning: Duplicate key "loyalty_ambition" in object literal
70 |          honesty_cunning: 0.0,
71 |          sacrifice_survival: 0.4,
72 |          loyalty_ambition: 0.5,
   |          ^
73 |          tradition_novelty: 0.1,
74 |          preservation_transformation: -0.2,

  Plugin: vite:esbuild
  File: C:/Users/chris/Dev/Projects/TheFantasyWorldSimulator/src/engine/__tests__/cycleEnd.test.ts
21.18.31 [vite] (ssr) warning: Duplicate key "mercy_ruthlessness" in object literal
73 |          tradition_novelty: 0.1,
74 |          preservation_transformation: -0.2,
75 |          mercy_ruthlessness: 0.0,
   |          ^
76 |          asceticism_extravagance: 0.3,
77 |        },

  Plugin: vite:esbuild
  File: C:/Users/chris/Dev/Projects/TheFantasyWorldSimulator/src/engine/__tests__/cycleEnd.test.ts
[90mstdout[2m | src/engine/__tests__/regionNaming-integration.test.ts
[22m[39m[WorldGen] Pass 'province' completed in 1.3ms
[WorldGen] Pass 'elevation' completed in 0.6ms
[WorldGen] Pass 'coastline' completed in 4.7ms
[WorldGen] Pass 'climate' completed in 1.0ms
[WorldGen] Pass 'hydrology' completed in 0.8ms
[WorldGen] Pass 'tempReassess' completed in 0.0ms
[WorldGen] Pass 'biome' completed in 0.2ms
[WorldGen] Culture terrain nudge: 0 hexes modified
[WorldGen] Pass 'cultureTerrainNudge' completed in 0.0ms
[WorldGen] Pass 'smoothing' completed in 0.2ms
[WorldGen] Pass 'validation' completed in 2.3ms

stderr | src/engine/__tests__/regionNaming-integration.test.ts
[GraphSchema] Edge "belongs_to" source should be ["actor","location"], got "region" (edge edge_hist_territory_region_9_hist_culture_0)
[GraphSchema] Edge "belongs_to" source should be ["actor","location"], got "region" (edge edge_hist_territory_region_0_hist_culture_1)
[GraphSchema] Edge "belongs_to" source should be ["actor","location"], got "region" (edge edge_hist_territory_region_6_hist_culture_0)
[GraphSchema] Edge "belongs_to" source should be ["actor","location"], got "region" (edge edge_hist_territory_region_1_hist_culture_1)
[GraphSchema] Edge "belongs_to" source should be ["actor","location"], got "region" (edge edge_hist_territory_region_7_hist_culture_0)
[GraphSchema] Edge "belongs_to" source should be ["actor","location"], got "region" (edge edge_hist_territory_region_2_hist_culture_1)
[GraphSchema] Edge "belongs_to" source should be ["actor","location"], got "region" (edge edge_hist_territory_region_3_hist_culture_0)
[GraphSchema] Edge "belongs_to" source should be ["actor","location"], got "region" (edge edge_hist_territory_region_5_hist_culture_1)
[GraphSchema] Edge "belongs_to" source should be ["actor","location"], got "region" (edge edge_hist_territory_region_10_hist_culture_0)
[GraphSchema] Edge "belongs_to" source should be ["actor","location"], got "region" (edge edge_hist_territory_region_11_hist_culture_0)
[GraphSchema] Edge "belongs_to" source should be ["actor","location"], got "region" (edge edge_hist_territory_region_14_hist_culture_0)
[GraphSchema] Edge "belongs_to" source should be ["actor","location"], got "region" (edge edge_hist_territory_region_4_hist_culture_0)
[GraphSchema] Edge "belongs_to" source should be ["actor","location"], got "region" (edge edge_hist_territory_region_12_hist_culture_0)

[90mstdout[2m | src/engine/__tests__/regionNaming-integration.test.ts
[22m[39m[WorldGen] Pass 'province' completed in 0.8ms
[WorldGen] Pass 'elevation' completed in 0.7ms
[WorldGen] Pass 'coastline' completed in 1.2ms
[WorldGen] Pass 'climate' completed in 1.7ms
[WorldGen] Pass 'hydrology' completed in 1.1ms
[WorldGen] Pass 'tempReassess' completed in 0.1ms
[WorldGen] Pass 'biome' completed in 0.4ms
[WorldGen] Culture terrain nudge: 0 hexes modified
[WorldGen] Pass 'cultureTerrainNudge' completed in 0.0ms
[WorldGen] Pass 'smoothing' completed in 0.4ms
[WorldGen] Pass 'validation' completed in 0.7ms

stderr | src/engine/__tests__/regionNaming-integration.test.ts
[WorldGen] Validation errors: [ 'Ocean fraction too low: 9.3%' ]
[GraphSchema] Edge "belongs_to" source should be ["actor","location"], got "region" (edge edge_hist_territory_region_16_hist_culture_0)
[GraphSchema] Edge "belongs_to" source should be ["actor","location"], got "region" (edge edge_hist_territory_region_9_hist_culture_1)
[GraphSchema] Edge "belongs_to" source should be ["actor","location"], got "region" (edge edge_hist_territory_region_3_hist_culture_2)
[GraphSchema] Edge "belongs_to" source should be ["actor","location"], got "region" (edge edge_hist_territory_region_12_hist_culture_3)
[GraphSchema] Edge "belongs_to" source should be ["actor","location"], got "region" (edge edge_hist_territory_region_15_hist_culture_0)
[GraphSchema] Edge "belongs_to" source should be ["actor","location"], got "region" (edge edge_hist_territory_region_2_hist_culture_1)
[GraphSchema] Edge "belongs_to" source should be ["actor","location"], got "region" (edge edge_hist_territory_region_4_hist_culture_2)
[GraphSchema] Edge "belongs_to" source should be ["actor","location"], got "region" (edge edge_hist_territory_region_14_hist_culture_3)
[GraphSchema] Edge "belongs_to" source should be ["actor","location"], got "region" (edge edge_hist_territory_region_13_hist_culture_0)
[GraphSchema] Edge "belongs_to" source should be ["actor","location"], got "region" (edge edge_hist_territory_region_10_hist_culture_1)
[GraphSchema] Edge "belongs_to" source should be ["actor","location"], got "region" (edge edge_hist_territory_region_6_hist_culture_2)
[GraphSchema] Edge "belongs_to" source should be ["actor","location"], got "region" (edge edge_hist_territory_region_17_hist_culture_3)
[GraphSchema] Edge "belongs_to" source should be ["actor","location"], got "region" (edge edge_hist_territory_region_11_hist_culture_0)
[GraphSchema] Edge "belongs_to" source should be ["actor","location"], got "region" (edge edge_hist_territory_region_1_hist_culture_1)
[GraphSchema] Edge "belongs_to" source should be ["actor","location"], got "region" (edge edge_hist_territory_region_8_hist_culture_2)
[GraphSchema] Edge "belongs_to" source should be ["actor","location"], got "region" (edge edge_hist_territory_region_0_hist_culture_0)

[90mstdout[2m | src/engine/__tests__/regionNaming-integration.test.ts
[22m[39m[WorldGen] Pass 'province' completed in 0.4ms
[WorldGen] Pass 'elevation' completed in 0.8ms
[WorldGen] Pass 'coastline' completed in 0.5ms
[WorldGen] Pass 'climate' completed in 0.8ms
[WorldGen] Pass 'hydrology' completed in 0.7ms
[WorldGen] Pass 'tempReassess' completed in 0.0ms
[WorldGen] Pass 'biome' completed in 0.2ms
[WorldGen] Culture terrain nudge: 0 hexes modified
[WorldGen] Pass 'cultureTerrainNudge' completed in 0.0ms
[WorldGen] Pass 'smoothing' completed in 0.3ms
[WorldGen] Pass 'validation' completed in 0.4ms

stderr | src/engine/__tests__/regionNaming-integration.test.ts
[WorldGen] Validation errors: [ 'Ocean fraction too low: 8.0%' ]
[GraphSchema] Edge "belongs_to" source should be ["actor","location"], got "region" (edge edge_hist_territory_region_11_hist_culture_0)
[GraphSchema] Edge "belongs_to" source should be ["actor","location"], got "region" (edge edge_hist_territory_region_0_hist_culture_1)
[GraphSchema] Edge "belongs_to" source should be ["actor","location"], got "region" (edge edge_hist_territory_region_3_hist_culture_2)
[GraphSchema] Edge "belongs_to" source should be ["actor","location"], got "region" (edge edge_hist_territory_region_4_hist_culture_3)
[GraphSchema] Edge "belongs_to" source should be ["actor","location"], got "region" (edge edge_hist_territory_region_9_hist_culture_0)
[GraphSchema] Edge "belongs_to" source should be ["actor","location"], got "region" (edge edge_hist_territory_region_1_hist_culture_1)
[GraphSchema] Edge "belongs_to" source should be ["actor","location"], got "region" (edge edge_hist_territory_region_8_hist_culture_0)
[GraphSchema] Edge "belongs_to" source should be ["actor","location"], got "region" (edge edge_hist_territory_region_2_hist_culture_1)
[GraphSchema] Edge "belongs_to" source should be ["actor","location"], got "region" (edge edge_hist_territory_region_12_hist_culture_0)
[GraphSchema] Edge "belongs_to" source should be ["actor","location"], got "region" (edge edge_hist_territory_region_10_hist_culture_1)
[GraphSchema] Edge "belongs_to" source should be ["actor","location"], got "region" (edge edge_hist_territory_region_6_hist_culture_0)
[GraphSchema] Edge "belongs_to" source should be ["actor","location"], got "region" (edge edge_hist_territory_region_5_hist_culture_1)

 [32m✓[39m src/components/Game/__tests__/AgentWheel.test.tsx [2m([22m[2m11 tests[22m[2m)[22m[32m 80[2mms[22m[39m
 [32m✓[39m src/engine/__tests__/dilemmaLibrary.test.ts [2m([22m[2m14 tests[22m[2m)[22m[32m 98[2mms[22m[39m
[90mstdout[2m | src/engine/__tests__/regionNaming-integration.test.ts
[22m[39m[WorldGen] Pass 'province' completed in 0.4ms
[WorldGen] Pass 'elevation' completed in 0.9ms
[WorldGen] Pass 'coastline' completed in 0.7ms
[WorldGen] Pass 'climate' completed in 0.8ms
[WorldGen] Pass 'hydrology' completed in 0.5ms
[WorldGen] Pass 'tempReassess' completed in 0.1ms
[WorldGen] Pass 'biome' completed in 0.2ms
[WorldGen] Culture terrain nudge: 0 hexes modified
[WorldGen] Pass 'cultureTerrainNudge' completed in 0.0ms
[WorldGen] Pass 'smoothing' completed in 0.3ms
[WorldGen] Pass 'validation' completed in 0.3ms

stderr | src/engine/__tests__/regionNaming-integration.test.ts
[WorldGen] Validation errors: [ 'Ocean fraction too low: 7.3%' ]
[GraphSchema] Edge "belongs_to" source should be ["actor","location"], got "region" (edge edge_hist_territory_region_1_hist_culture_0)
[GraphSchema] Edge "belongs_to" source should be ["actor","location"], got "region" (edge edge_hist_territory_region_9_hist_culture_1)
[GraphSchema] Edge "belongs_to" source should be ["actor","location"], got "region" (edge edge_hist_territory_region_3_hist_culture_2)
[GraphSchema] Edge "belongs_to" source should be ["actor","location"], got "region" (edge edge_hist_territory_region_10_hist_culture_3)
[GraphSchema] Edge "belongs_to" source should be ["actor","location"], got "region" (edge edge_hist_territory_region_0_hist_culture_0)
[GraphSchema] Edge "belongs_to" source should be ["actor","location"], got "region" (edge edge_hist_territory_region_11_hist_culture_1)
[GraphSchema] Edge "belongs_to" source should be ["actor","location"], got "region" (edge edge_hist_territory_region_2_hist_culture_2)
[GraphSchema] Edge "belongs_to" source should be ["actor","location"], got "region" (edge edge_hist_territory_region_7_hist_culture_3)
[GraphSchema] Edge "belongs_to" source should be ["actor","location"], got "region" (edge edge_hist_territory_region_6_hist_culture_0)
[GraphSchema] Edge "belongs_to" source should be ["actor","location"], got "region" (edge edge_hist_territory_region_4_hist_culture_2)
[GraphSchema] Edge "belongs_to" source should be ["actor","location"], got "region" (edge edge_hist_territory_region_8_hist_culture_3)

[90mstdout[2m | src/engine/__tests__/regionDetection.test.ts[2m > [22m[2mdetectRegionsBorderCost[2m > [22m[2mWorldGenResult.regionData is defined after generateWorld()
[22m[39m[WorldGen] Pass 'province' completed in 4.8ms
[WorldGen] Pass 'elevation' completed in 5.4ms
[WorldGen] Pass 'coastline' completed in 4.1ms
[WorldGen] Pass 'climate' completed in 6.7ms
[WorldGen] Pass 'hydrology' completed in 4.9ms
[WorldGen] Pass 'tempReassess' completed in 1.1ms
[WorldGen] Pass 'biome' completed in 1.1ms
[WorldGen] Culture terrain nudge: 0 hexes modified
[WorldGen] Pass 'cultureTerrainNudge' completed in 0.3ms
[WorldGen] Pass 'smoothing' completed in 1.2ms
[WorldGen] Pass 'validation' completed in 2.8ms

stderr | src/engine/__tests__/regionDetection.test.ts > detectRegionsBorderCost > WorldGenResult.regionData is defined after generateWorld()
[WorldGen] Validation errors: [ 'Ocean fraction too low: 9.5%' ]

 [32m✓[39m src/engine/__tests__/regionDetection.test.ts [2m([22m[2m23 tests[22m[2m)[22m[32m 51[2mms[22m[39m
 [32m✓[39m src/components/shared/__tests__/AnimateMount.test.tsx [2m([22m[2m6 tests[22m[2m)[22m[32m 103[2mms[22m[39m
[90mstdout[2m | src/engine/__tests__/regionNaming-integration.test.ts[2m > [22m[2mregion naming integration[2m > [22m[2mis deterministic across runs
[22m[39m[WorldGen] Pass 'province' completed in 1.0ms
[WorldGen] Pass 'elevation' completed in 1.5ms
[WorldGen] Pass 'coastline' completed in 1.4ms
[WorldGen] Pass 'climate' completed in 1.2ms
[WorldGen] Pass 'hydrology' completed in 0.6ms
[WorldGen] Pass 'tempReassess' completed in 0.1ms
[WorldGen] Pass 'biome' completed in 0.1ms
[WorldGen] Culture terrain nudge: 0 hexes modified
[WorldGen] Pass 'cultureTerrainNudge' completed in 0.0ms
[WorldGen] Pass 'smoothing' completed in 0.5ms
[WorldGen] Pass 'validation' completed in 0.5ms
[WorldGen] Pass 'province' completed in 0.9ms
[WorldGen] Pass 'elevation' completed in 0.9ms
[WorldGen] Pass 'coastline' completed in 1.0ms
[WorldGen] Pass 'climate' completed in 1.0ms
[WorldGen] Pass 'hydrology' completed in 0.6ms
[WorldGen] Pass 'tempReassess' completed in 0.1ms
[WorldGen] Pass 'biome' completed in 0.1ms
[WorldGen] Culture terrain nudge: 0 hexes modified
[WorldGen] Pass 'cultureTerrainNudge' completed in 0.0ms
[WorldGen] Pass 'smoothing' completed in 0.3ms
[WorldGen] Pass 'validation' completed in 0.3ms

stderr | src/engine/__tests__/regionNaming-integration.test.ts > region naming integration > is deterministic across runs
[WorldGen] Validation errors: [
  'Ocean fraction too low: 5.3%',
  'Drainage guarantee violated: some land hexes have no downhill path to the sea'
]
[WorldGen] Validation errors: [
  'Ocean fraction too low: 5.3%',
  'Drainage guarantee violated: some land hexes have no downhill path to the sea'
]
[GraphSchema] Edge "belongs_to" source should be ["actor","location"], got "region" (edge edge_hist_territory_region_0_hist_culture_0)
[GraphSchema] Edge "belongs_to" source should be ["actor","location"], got "region" (edge edge_hist_territory_region_4_hist_culture_1)
[GraphSchema] Edge "belongs_to" source should be ["actor","location"], got "region" (edge edge_hist_territory_region_7_hist_culture_2)
[GraphSchema] Edge "belongs_to" source should be ["actor","location"], got "region" (edge edge_hist_territory_region_2_hist_culture_0)
[GraphSchema] Edge "belongs_to" source should be ["actor","location"], got "region" (edge edge_hist_territory_region_5_hist_culture_1)
[GraphSchema] Edge "belongs_to" source should be ["actor","location"], got "region" (edge edge_hist_territory_region_11_hist_culture_2)
[GraphSchema] Edge "belongs_to" source should be ["actor","location"], got "region" (edge edge_hist_territory_region_6_hist_culture_0)
[GraphSchema] Edge "belongs_to" source should be ["actor","location"], got "region" (edge edge_hist_territory_region_8_hist_culture_1)
[GraphSchema] Edge "belongs_to" source should be ["actor","location"], got "region" (edge edge_hist_territory_region_9_hist_culture_2)
[GraphSchema] Edge "belongs_to" source should be ["actor","location"], got "region" (edge edge_hist_territory_region_3_hist_culture_0)
[GraphSchema] Edge "belongs_to" source should be ["actor","location"], got "region" (edge edge_hist_territory_region_10_hist_culture_1)
[GraphSchema] Edge "belongs_to" source should be ["actor","location"], got "region" (edge edge_hist_territory_region_0_hist_culture_0)
[GraphSchema] Edge "belongs_to" source should be ["actor","location"], got "region" (edge edge_hist_territory_region_4_hist_culture_1)
[GraphSchema] Edge "belongs_to" source should be ["actor","location"], got "region" (edge edge_hist_territory_region_7_hist_culture_2)
[GraphSchema] Edge "belongs_to" source should be ["actor","location"], got "region" (edge edge_hist_territory_region_2_hist_culture_0)
[GraphSchema] Edge "belongs_to" source should be ["actor","location"], got "region" (edge edge_hist_territory_region_5_hist_culture_1)
[GraphSchema] Edge "belongs_to" source should be ["actor","location"], got "region" (edge edge_hist_territory_region_11_hist_culture_2)
[GraphSchema] Edge "belongs_to" source should be ["actor","location"], got "region" (edge edge_hist_territory_region_6_hist_culture_0)
[GraphSchema] Edge "belongs_to" source should be ["actor","location"], got "region" (edge edge_hist_territory_region_8_hist_culture_1)
[GraphSchema] Edge "belongs_to" source should be ["actor","location"], got "region" (edge edge_hist_territory_region_9_hist_culture_2)
[GraphSchema] Edge "belongs_to" source should be ["actor","location"], got "region" (edge edge_hist_territory_region_3_hist_culture_0)
[GraphSchema] Edge "belongs_to" source should be ["actor","location"], got "region" (edge edge_hist_territory_region_10_hist_culture_1)

 [32m✓[39m src/engine/__tests__/regionNaming-integration.test.ts [2m([22m[2m49 tests[22m[2m)[22m[32m 79[2mms[22m[39m
 [32m✓[39m src/components/Game/__tests__/EncounterLog.test.tsx [2m([22m[2m10 tests[22m[2m)[22m[32m 98[2mms[22m[39m
 [32m✓[39m src/engine/__tests__/riverGeneration.test.ts [2m([22m[2m10 tests[22m[2m)[22m[32m 48[2mms[22m[39m
stderr | src/engine/__tests__/cycleEnd.test.ts > Cycle End Flow > startTwilight sets phase to twilight
[GraphSchema] Edge "belongs_to" source should be ["actor","location"], got "region" (edge edge_hist_territory_region_0_hist_culture_0)

stderr | src/engine/__tests__/orchestrator.test.ts > Full game loop integration > runs a complete cycle: play → doom expires → twilight → harvest → transition → new cycle
[GraphSchema] Edge "belongs_to" source should be ["actor","location"], got "region" (edge edge_hist_territory_region_0_hist_culture_0)
[Orchestrator] Tick crashed, returning previous state: Error: Trait not found: trait.reputation.power.renown
    at assignTrait (C:/Users/chris/Dev/Projects/TheFantasyWorldSimulator/src/engine/traits.ts:44:25)
    at syncReputationTrait (C:/Users/chris/Dev/Projects/TheFantasyWorldSimulator/src/engine/phaseReputationTraits.ts:297:5)
    at phaseReputationTraits (C:/Users/chris/Dev/Projects/TheFantasyWorldSimulator/src/engine/phaseReputationTraits.ts:273:7)
    at runTick (C:/Users/chris/Dev/Projects/TheFantasyWorldSimulator/src/engine/orchestrator.ts:1896:18)
    at C:/Users/chris/Dev/Projects/TheFantasyWorldSimulator/src/engine/__tests__/orchestrator.test.ts:516:15
    at file:///C:/Users/chris/Dev/Projects/TheFantasyWorldSimulator/node_modules/@vitest/runner/dist/index.js:145:11
    at file:///C:/Users/chris/Dev/Projects/TheFantasyWorldSimulator/node_modules/@vitest/runner/dist/index.js:915:26
    at file:///C:/Users/chris/Dev/Projects/TheFantasyWorldSimulator/node_modules/@vitest/runner/dist/index.js:1243:20
    at new Promise (<anonymous>)
    at runWithTimeout (file:///C:/Users/chris/Dev/Projects/TheFantasyWorldSimulator/node_modules/@vitest/runner/dist/index.js:1209:10)
[Orchestrator] Tick crashed, returning previous state: Error: Trait not found: trait.reputation.power.renown
    at assignTrait (C:/Users/chris/Dev/Projects/TheFantasyWorldSimulator/src/engine/traits.ts:44:25)
    at syncReputationTrait (C:/Users/chris/Dev/Projects/TheFantasyWorldSimulator/src/engine/phaseReputationTraits.ts:297:5)
    at phaseReputationTraits (C:/Users/chris/Dev/Projects/TheFantasyWorldSimulator/src/engine/phaseReputationTraits.ts:273:7)
    at runTick (C:/Users/chris/Dev/Projects/TheFantasyWorldSimulator/src/engine/orchestrator.ts:1896:18)
    at C:/Users/chris/Dev/Projects/TheFantasyWorldSimulator/src/engine/__tests__/orchestrator.test.ts:516:15
    at file:///C:/Users/chris/Dev/Projects/TheFantasyWorldSimulator/node_modules/@vitest/runner/dist/index.js:145:11
    at file:///C:/Users/chris/Dev/Projects/TheFantasyWorldSimulator/node_modules/@vitest/runner/dist/index.js:915:26
    at file:///C:/Users/chris/Dev/Projects/TheFantasyWorldSimulator/node_modules/@vitest/runner/dist/index.js:1243:20
    at new Promise (<anonymous>)
    at runWithTimeout (file:///C:/Users/chris/Dev/Projects/TheFantasyWorldSimulator/node_modules/@vitest/runner/dist/index.js:1209:10)
[Orchestrator] Tick crashed, returning previous state: Error: Trait not found: trait.reputation.power.renown
    at assignTrait (C:/Users/chris/Dev/Projects/TheFantasyWorldSimulator/src/engine/traits.ts:44:25)
    at syncReputationTrait (C:/Users/chris/Dev/Projects/TheFantasyWorldSimulator/src/engine/phaseReputationTraits.ts:297:5)
    at phaseReputationTraits (C:/Users/chris/Dev/Projects/TheFantasyWorldSimulator/src/engine/phaseReputationTraits.ts:273:7)
    at runTick (C:/Users/chris/Dev/Projects/TheFantasyWorldSimulator/src/engine/orchestrator.ts:1896:18)
    at C:/Users/chris/Dev/Projects/TheFantasyWorldSimulator/src/engine/__tests__/orchestrator.test.ts:516:15
    at file:///C:/Users/chris/Dev/Projects/TheFantasyWorldSimulator/node_modules/@vitest/runner/dist/index.js:145:11
    at file:///C:/Users/chris/Dev/Projects/TheFantasyWorldSimulator/node_modules/@vitest/runner/dist/index.js:915:26
    at file:///C:/Users/chris/Dev/Projects/TheFantasyWorldSimulator/node_modules/@vitest/runner/dist/index.js:1243:20
    at new Promise (<anonymous>)
    at runWithTimeout (file:///C:/Users/chris/Dev/Projects/TheFantasyWorldSimulator/node_modules/@vitest/runner/dist/index.js:1209:10)
[Orchestrator] Tick crashed, returning previous state: Error: Trait not found: trait.reputation.power.renown
    at assignTrait (C:/Users/chris/Dev/Projects/TheFantasyWorldSimulator/src/engine/traits.ts:44:25)
    at syncReputationTrait (C:/Users/chris/Dev/Projects/TheFantasyWorldSimulator/src/engine/phaseReputationTraits.ts:297:5)
    at phaseReputationTraits (C:/Users/chris/Dev/Projects/TheFantasyWorldSimulator/src/engine/phaseReputationTraits.ts:273:7)
    at runTick (C:/Users/chris/Dev/Projects/TheFantasyWorldSimulator/src/engine/orchestrator.ts:1896:18)
    at C:/Users/chris/Dev/Projects/TheFantasyWorldSimulator/src/engine/__tests__/orchestrator.test.ts:516:15
    at file:///C:/Users/chris/Dev/Projects/TheFantasyWorldSimulator/node_modules/@vitest/runner/dist/index.js:145:11
    at file:///C:/Users/chris/Dev/Projects/TheFantasyWorldSimulator/node_modules/@vitest/runner/dist/index.js:915:26
    at file:///C:/Users/chris/Dev/Projects/TheFantasyWorldSimulator/node_modules/@vitest/runner/dist/index.js:1243:20
    at new Promise (<anonymous>)
    at runWithTimeout (file:///C:/Users/chris/Dev/Projects/TheFantasyWorldSimulator/node_modules/@vitest/runner/dist/index.js:1209:10)
[Orchestrator] Tick crashed, returning previous state: Error: Trait not found: trait.reputation.power.renown
    at assignTrait (C:/Users/chris/Dev/Projects/TheFantasyWorldSimulator/src/engine/traits.ts:44:25)
    at syncReputationTrait (C:/Users/chris/Dev/Projects/TheFantasyWorldSimulator/src/engine/phaseReputationTraits.ts:297:5)
    at phaseReputationTraits (C:/Users/chris/Dev/Projects/TheFantasyWorldSimulator/src/engine/phaseReputationTraits.ts:273:7)
    at runTick (C:/Users/chris/Dev/Projects/TheFantasyWorldSimulator/src/engine/orchestrator.ts:1896:18)
    at C:/Users/chris/Dev/Projects/TheFantasyWorldSimulator/src/engine/__tests__/orchestrator.test.ts:516:15
    at file:///C:/Users/chris/Dev/Projects/TheFantasyWorldSimulator/node_modules/@vitest/runner/dist/index.js:145:11
    at file:///C:/Users/chris/Dev/Projects/TheFantasyWorldSimulator/node_modules/@vitest/runner/dist/index.js:915:26
    at file:///C:/Users/chris/Dev/Projects/TheFantasyWorldSimulator/node_modules/@vitest/runner/dist/index.js:1243:20
    at new Promise (<anonymous>)
    at runWithTimeout (file:///C:/Users/chris/Dev/Projects/TheFantasyWorldSimulator/node_modules/@vitest/runner/dist/index.js:1209:10)
[Orchestrator] Tick crashed, returning previous state: Error: Trait not found: trait.reputation.power.renown
    at assignTrait (C:/Users/chris/Dev/Projects/TheFantasyWorldSimulator/src/engine/traits.ts:44:25)
    at syncReputationTrait (C:/Users/chris/Dev/Projects/TheFantasyWorldSimulator/src/engine/phaseReputationTraits.ts:297:5)
    at phaseReputationTraits (C:/Users/chris/Dev/Projects/TheFantasyWorldSimulator/src/engine/phaseReputationTraits.ts:273:7)
    at runTick (C:/Users/chris/Dev/Projects/TheFantasyWorldSimulator/src/engine/orchestrator.ts:1896:18)
    at C:/Users/chris/Dev/Projects/TheFantasyWorldSimulator/src/engine/__tests__/orchestrator.test.ts:516:15
    at file:///C:/Users/chris/Dev/Projects/TheFantasyWorldSimulator/node_modules/@vitest/runner/dist/index.js:145:11
    at file:///C:/Users/chris/Dev/Projects/TheFantasyWorldSimulator/node_modules/@vitest/runner/dist/index.js:915:26
    at file:///C:/Users/chris/Dev/Projects/TheFantasyWorldSimulator/node_modules/@vitest/runner/dist/index.js:1243:20
    at new Promise (<anonymous>)
    at runWithTimeout (file:///C:/Users/chris/Dev/Projects/TheFantasyWorldSimulator/node_modules/@vitest/runner/dist/index.js:1209:10)
[Orchestrator] Tick crashed, returning previous state: Error: Trait not found: trait.reputation.power.renown
    at assignTrait (C:/Users/chris/Dev/Projects/TheFantasyWorldSimulator/src/engine/traits.ts:44:25)
    at syncReputationTrait (C:/Users/chris/Dev/Projects/TheFantasyWorldSimulator/src/engine/phaseReputationTraits.ts:297:5)
    at phaseReputationTraits (C:/Users/chris/Dev/Projects/TheFantasyWorldSimulator/src/engine/phaseReputationTraits.ts:273:7)
    at runTick (C:/Users/chris/Dev/Projects/TheFantasyWorldSimulator/src/engine/orchestrator.ts:1896:18)
    at C:/Users/chris/Dev/Projects/TheFantasyWorldSimulator/src/engine/__tests__/orchestrator.test.ts:516:15
    at file:///C:/Users/chris/Dev/Projects/TheFantasyWorldSimulator/node_modules/@vitest/runner/dist/index.js:145:11
    at file:///C:/Users/chris/Dev/Projects/TheFantasyWorldSimulator/node_modules/@vitest/runner/dist/index.js:915:26
    at file:///C:/Users/chris/Dev/Projects/TheFantasyWorldSimulator/node_modules/@vitest/runner/dist/index.js:1243:20
    at new Promise (<anonymous>)
    at runWithTimeout (file:///C:/Users/chris/Dev/Projects/TheFantasyWorldSimulator/node_modules/@vitest/runner/dist/index.js:1209:10)
[Orchestrator] Tick crashed, returning previous state: Error: Trait not found: trait.reputation.power.renown
    at assignTrait (C:/Users/chris/Dev/Projects/TheFantasyWorldSimulator/src/engine/traits.ts:44:25)
    at syncReputationTrait (C:/Users/chris/Dev/Projects/TheFantasyWorldSimulator/src/engine/phaseReputationTraits.ts:297:5)
    at phaseReputationTraits (C:/Users/chris/Dev/Projects/TheFantasyWorldSimulator/src/engine/phaseReputationTraits.ts:273:7)
    at runTick (C:/Users/chris/Dev/Projects/TheFantasyWorldSimulator/src/engine/orchestrator.ts:1896:18)
    at C:/Users/chris/Dev/Projects/TheFantasyWorldSimulator/src/engine/__tests__/orchestrator.test.ts:516:15
    at file:///C:/Users/chris/Dev/Projects/TheFantasyWorldSimulator/node_modules/@vitest/runner/dist/index.js:145:11
    at file:///C:/Users/chris/Dev/Projects/TheFantasyWorldSimulator/node_modules/@vitest/runner/dist/index.js:915:26
    at file:///C:/Users/chris/Dev/Projects/TheFantasyWorldSimulator/node_modules/@vitest/runner/dist/index.js:1243:20
    at new Promise (<anonymous>)
    at runWithTimeout (file:///C:/Users/chris/Dev/Projects/TheFantasyWorldSimulator/node_modules/@vitest/runner/dist/index.js:1209:10)
[Orchestrator] Tick crashed, returning previous state: Error: Trait not found: trait.reputation.power.renown
    at assignTrait (C:/Users/chris/Dev/Projects/TheFantasyWorldSimulator/src/engine/traits.ts:44:25)
    at syncReputationTrait (C:/Users/chris/Dev/Projects/TheFantasyWorldSimulator/src/engine/phaseReputationTraits.ts:297:5)
    at phaseReputationTraits (C:/Users/chris/Dev/Projects/TheFantasyWorldSimulator/src/engine/phaseReputationTraits.ts:273:7)
    at runTick (C:/Users/chris/Dev/Projects/TheFantasyWorldSimulator/src/engine/orchestrator.ts:1896:18)
    at C:/Users/chris/Dev/Projects/TheFantasyWorldSimulator/src/engine/__tests__/orchestrator.test.ts:516:15
    at file:///C:/Users/chris/Dev/Projects/TheFantasyWorldSimulator/node_modules/@vitest/runner/dist/index.js:145:11
    at file:///C:/Users/chris/Dev/Projects/TheFantasyWorldSimulator/node_modules/@vitest/runner/dist/index.js:915:26
    at file:///C:/Users/chris/Dev/Projects/TheFantasyWorldSimulator/node_modules/@vitest/runner/dist/index.js:1243:20
    at new Promise (<anonymous>)
    at runWithTimeout (file:///C:/Users/chris/Dev/Projects/TheFantasyWorldSimulator/node_modules/@vitest/runner/dist/index.js:1209:10)
[Orchestrator] Tick crashed, returning previous state: Error: Trait not found: trait.reputation.power.renown
    at assignTrait (C:/Users/chris/Dev/Projects/TheFantasyWorldSimulator/src/engine/traits.ts:44:25)
    at syncReputationTrait (C:/Users/chris/Dev/Projects/TheFantasyWorldSimulator/src/engine/phaseReputationTraits.ts:297:5)
    at phaseReputationTraits (C:/Users/chris/Dev/Projects/TheFantasyWorldSimulator/src/engine/phaseReputationTraits.ts:273:7)
    at runTick (C:/Users/chris/Dev/Projects/TheFantasyWorldSimulator/src/engine/orchestrator.ts:1896:18)
    at C:/Users/chris/Dev/Projects/TheFantasyWorldSimulator/src/engine/__tests__/orchestrator.test.ts:516:15
    at file:///C:/Users/chris/Dev/Projects/TheFantasyWorldSimulator/node_modules/@vitest/runner/dist/index.js:145:11
    at file:///C:/Users/chris/Dev/Projects/TheFantasyWorldSimulator/node_modules/@vitest/runner/dist/index.js:915:26
    at file:///C:/Users/chris/Dev/Projects/TheFantasyWorldSimulator/node_modules/@vitest/runner/dist/index.js:1243:20
    at new Promise (<anonymous>)
    at runWithTimeout (file:///C:/Users/chris/Dev/Projects/TheFantasyWorldSimulator/node_modules/@vitest/runner/dist/index.js:1209:10)
[Orchestrator] Tick crashed, returning previous state: Error: Trait not found: trait.reputation.power.renown
    at assignTrait (C:/Users/chris/Dev/Projects/TheFantasyWorldSimulator/src/engine/traits.ts:44:25)
    at syncReputationTrait (C:/Users/chris/Dev/Projects/TheFantasyWorldSimulator/src/engine/phaseReputationTraits.ts:297:5)
    at phaseReputationTraits (C:/Users/chris/Dev/Projects/TheFantasyWorldSimulator/src/engine/phaseReputationTraits.ts:273:7)
    at runTick (C:/Users/chris/Dev/Projects/TheFantasyWorldSimulator/src/engine/orchestrator.ts:1896:18)
    at C:/Users/chris/Dev/Projects/TheFantasyWorldSimulator/src/engine/__tests__/orchestrator.test.ts:516:15
    at file:///C:/Users/chris/Dev/Projects/TheFantasyWorldSimulator/node_modules/@vitest/runner/dist/index.js:145:11
    at file:///C:/Users/chris/Dev/Projects/TheFantasyWorldSimulator/node_modules/@vitest/runner/dist/index.js:915:26
    at file:///C:/Users/chris/Dev/Projects/TheFantasyWorldSimulator/node_modules/@vitest/runner/dist/index.js:1243:20
    at new Promise (<anonymous>)
    at runWithTimeout (file:///C:/Users/chris/Dev/Projects/TheFantasyWorldSimulator/node_modules/@vitest/runner/dist/index.js:1209:10)
[Orchestrator] Tick crashed, returning previous state: Error: Trait not found: trait.reputation.power.renown
    at assignTrait (C:/Users/chris/Dev/Projects/TheFantasyWorldSimulator/src/engine/traits.ts:44:25)
    at syncReputationTrait (C:/Users/chris/Dev/Projects/TheFantasyWorldSimulator/src/engine/phaseReputationTraits.ts:297:5)
    at phaseReputationTraits (C:/Users/chris/Dev/Projects/TheFantasyWorldSimulator/src/engine/phaseReputationTraits.ts:273:7)
    at runTick (C:/Users/chris/Dev/Projects/TheFantasyWorldSimulator/src/engine/orchestrator.ts:1896:18)
    at C:/Users/chris/Dev/Projects/TheFantasyWorldSimulator/src/engine/__tests__/orchestrator.test.ts:516:15
    at file:///C:/Users/chris/Dev/Projects/TheFantasyWorldSimulator/node_modules/@vitest/runner/dist/index.js:145:11
    at file:///C:/Users/chris/Dev/Projects/TheFantasyWorldSimulator/node_modules/@vitest/runner/dist/index.js:915:26
    at file:///C:/Users/chris/Dev/Projects/TheFantasyWorldSimulator/node_modules/@vitest/runner/dist/index.js:1243:20
    at new Promise (<anonymous>)
    at runWithTimeout (file:///C:/Users/chris/Dev/Projects/TheFantasyWorldSimulator/node_modules/@vitest/runner/dist/index.js:1209:10)
[Orchestrator] Tick crashed, returning previous state: Error: Trait not found: trait.reputation.power.renown
    at assignTrait (C:/Users/chris/Dev/Projects/TheFantasyWorldSimulator/src/engine/traits.ts:44:25)
    at syncReputationTrait (C:/Users/chris/Dev/Projects/TheFantasyWorldSimulator/src/engine/phaseReputationTraits.ts:297:5)
    at phaseReputationTraits (C:/Users/chris/Dev/Projects/TheFantasyWorldSimulator/src/engine/phaseReputationTraits.ts:273:7)
    at runTick (C:/Users/chris/Dev/Projects/TheFantasyWorldSimulator/src/engine/orchestrator.ts:1896:18)
    at C:/Users/chris/Dev/Projects/TheFantasyWorldSimulator/src/engine/__tests__/orchestrator.test.ts:516:15
    at file:///C:/Users/chris/Dev/Projects/TheFantasyWorldSimulator/node_modules/@vitest/runner/dist/index.js:145:11
    at file:///C:/Users/chris/Dev/Projects/TheFantasyWorldSimulator/node_modules/@vitest/runner/dist/index.js:915:26
    at file:///C:/Users/chris/Dev/Projects/TheFantasyWorldSimulator/node_modules/@vitest/runner/dist/index.js:1243:20
    at new Promise (<anonymous>)
    at runWithTimeout (file:///C:/Users/chris/Dev/Projects/TheFantasyWorldSimulator/node_modules/@vitest/runner/dist/index.js:1209:10)
[Orchestrator] Tick crashed, returning previous state: Error: Trait not found: trait.reputation.power.renown
    at assignTrait (C:/Users/chris/Dev/Projects/TheFantasyWorldSimulator/src/engine/traits.ts:44:25)
    at syncReputationTrait (C:/Users/chris/Dev/Projects/TheFantasyWorldSimulator/src/engine/phaseReputationTraits.ts:297:5)
    at phaseReputationTraits (C:/Users/chris/Dev/Projects/TheFantasyWorldSimulator/src/engine/phaseReputationTraits.ts:273:7)
    at runTick (C:/Users/chris/Dev/Projects/TheFantasyWorldSimulator/src/engine/orchestrator.ts:1896:18)
    at C:/Users/chris/Dev/Projects/TheFantasyWorldSimulator/src/engine/__tests__/orchestrator.test.ts:516:15
    at file:///C:/Users/chris/Dev/Projects/TheFantasyWorldSimulator/node_modules/@vitest/runner/dist/index.js:145:11
    at file:///C:/Users/chris/Dev/Projects/TheFantasyWorldSimulator/node_modules/@vitest/runner/dist/index.js:915:26
    at file:///C:/Users/chris/Dev/Projects/TheFantasyWorldSimulator/node_modules/@vitest/runner/dist/index.js:1243:20
    at new Promise (<anonymous>)
    at runWithTimeout (file:///C:/Users/chris/Dev/Projects/TheFantasyWorldSimulator/node_modules/@vitest/runner/dist/index.js:1209:10)
[Orchestrator] Tick crashed, returning previous state: Error: Trait not found: trait.reputation.power.renown
    at assignTrait (C:/Users/chris/Dev/Projects/TheFantasyWorldSimulator/src/engine/traits.ts:44:25)
    at syncReputationTrait (C:/Users/chris/Dev/Projects/TheFantasyWorldSimulator/src/engine/phaseReputationTraits.ts:297:5)
    at phaseReputationTraits (C:/Users/chris/Dev/Projects/TheFantasyWorldSimulator/src/engine/phaseReputationTraits.ts:273:7)
    at runTick (C:/Users/chris/Dev/Projects/TheFantasyWorldSimulator/src/engine/orchestrator.ts:1896:18)
    at C:/Users/chris/Dev/Projects/TheFantasyWorldSimulator/src/engine/__tests__/orchestrator.test.ts:516:15
    at file:///C:/Users/chris/Dev/Projects/TheFantasyWorldSimulator/node_modules/@vitest/runner/dist/index.js:145:11
    at file:///C:/Users/chris/Dev/Projects/TheFantasyWorldSimulator/node_modules/@vitest/runner/dist/index.js:915:26
    at file:///C:/Users/chris/Dev/Projects/TheFantasyWorldSimulator/node_modules/@vitest/runner/dist/index.js:1243:20
    at new Promise (<anonymous>)
    at runWithTimeout (file:///C:/Users/chris/Dev/Projects/TheFantasyWorldSimulator/node_modules/@vitest/runner/dist/index.js:1209:10)
[Orchestrator] Tick crashed, returning previous state: Error: Trait not found: trait.reputation.power.renown
    at assignTrait (C:/Users/chris/Dev/Projects/TheFantasyWorldSimulator/src/engine/traits.ts:44:25)
    at syncReputationTrait (C:/Users/chris/Dev/Projects/TheFantasyWorldSimulator/src/engine/phaseReputationTraits.ts:297:5)
    at phaseReputationTraits (C:/Users/chris/Dev/Projects/TheFantasyWorldSimulator/src/engine/phaseReputationTraits.ts:273:7)
    at runTick (C:/Users/chris/Dev/Projects/TheFantasyWorldSimulator/src/engine/orchestrator.ts:1896:18)
    at C:/Users/chris/Dev/Projects/TheFantasyWorldSimulator/src/engine/__tests__/orchestrator.test.ts:516:15
    at file:///C:/Users/chris/Dev/Projects/TheFantasyWorldSimulator/node_modules/@vitest/runner/dist/index.js:145:11
    at file:///C:/Users/chris/Dev/Projects/TheFantasyWorldSimulator/node_modules/@vitest/runner/dist/index.js:915:26
    at file:///C:/Users/chris/Dev/Projects/TheFantasyWorldSimulator/node_modules/@vitest/runner/dist/index.js:1243:20
    at new Promise (<anonymous>)
    at runWithTimeout (file:///C:/Users/chris/Dev/Projects/TheFantasyWorldSimulator/node_modules/@vitest/runner/dist/index.js:1209:10)
[Orchestrator] Tick crashed, returning previous state: Error: Trait not found: trait.reputation.power.renown
    at assignTrait (C:/Users/chris/Dev/Projects/TheFantasyWorldSimulator/src/engine/traits.ts:44:25)
    at syncReputationTrait (C:/Users/chris/Dev/Projects/TheFantasyWorldSimulator/src/engine/phaseReputationTraits.ts:297:5)
    at phaseReputationTraits (C:/Users/chris/Dev/Projects/TheFantasyWorldSimulator/src/engine/phaseReputationTraits.ts:273:7)
    at runTick (C:/Users/chris/Dev/Projects/TheFantasyWorldSimulator/src/engine/orchestrator.ts:1896:18)
    at C:/Users/chris/Dev/Projects/TheFantasyWorldSimulator/src/engine/__tests__/orchestrator.test.ts:516:15
    at file:///C:/Users/chris/Dev/Projects/TheFantasyWorldSimulator/node_modules/@vitest/runner/dist/index.js:145:11
    at file:///C:/Users/chris/Dev/Projects/TheFantasyWorldSimulator/node_modules/@vitest/runner/dist/index.js:915:26
    at file:///C:/Users/chris/Dev/Projects/TheFantasyWorldSimulator/node_modules/@vitest/runner/dist/index.js:1243:20
    at new Promise (<anonymous>)
    at runWithTimeout (file:///C:/Users/chris/Dev/Projects/TheFantasyWorldSimulator/node_modules/@vitest/runner/dist/index.js:1209:10)
[Orchestrator] Tick crashed, returning previous state: Error: Trait not found: trait.reputation.power.renown
    at assignTrait (C:/Users/chris/Dev/Projects/TheFantasyWorldSimulator/src/engine/traits.ts:44:25)
    at syncReputationTrait (C:/Users/chris/Dev/Projects/TheFantasyWorldSimulator/src/engine/phaseReputationTraits.ts:297:5)
    at phaseReputationTraits (C:/Users/chris/Dev/Projects/TheFantasyWorldSimulator/src/engine/phaseReputationTraits.ts:273:7)
    at runTick (C:/Users/chris/Dev/Projects/TheFantasyWorldSimulator/src/engine/orchestrator.ts:1896:18)
    at C:/Users/chris/Dev/Projects/TheFantasyWorldSimulator/src/engine/__tests__/orchestrator.test.ts:516:15
    at file:///C:/Users/chris/Dev/Projects/TheFantasyWorldSimulator/node_modules/@vitest/runner/dist/index.js:145:11
    at file:///C:/Users/chris/Dev/Projects/TheFantasyWorldSimulator/node_modules/@vitest/runner/dist/index.js:915:26
    at file:///C:/Users/chris/Dev/Projects/TheFantasyWorldSimulator/node_modules/@vitest/runner/dist/index.js:1243:20
    at new Promise (<anonymous>)
    at runWithTimeout (file:///C:/Users/chris/Dev/Projects/TheFantasyWorldSimulator/node_modules/@vitest/runner/dist/index.js:1209:10)
[Orchestrator] Tick crashed, returning previous state: Error: Trait not found: trait.reputation.power.renown
    at assignTrait (C:/Users/chris/Dev/Projects/TheFantasyWorldSimulator/src/engine/traits.ts:44:25)
    at syncReputationTrait (C:/Users/chris/Dev/Projects/TheFantasyWorldSimulator/src/engine/phaseReputationTraits.ts:297:5)
    at phaseReputationTraits (C:/Users/chris/Dev/Projects/TheFantasyWorldSimulator/src/engine/phaseReputationTraits.ts:273:7)
    at runTick (C:/Users/chris/Dev/Projects/TheFantasyWorldSimulator/src/engine/orchestrator.ts:1896:18)
    at C:/Users/chris/Dev/Projects/TheFantasyWorldSimulator/src/engine/__tests__/orchestrator.test.ts:516:15
    at file:///C:/Users/chris/Dev/Projects/TheFantasyWorldSimulator/node_modules/@vitest/runner/dist/index.js:145:11
    at file:///C:/Users/chris/Dev/Projects/TheFantasyWorldSimulator/node_modules/@vitest/runner/dist/index.js:915:26
    at file:///C:/Users/chris/Dev/Projects/TheFantasyWorldSimulator/node_modules/@vitest/runner/dist/index.js:1243:20
    at new Promise (<anonymous>)
    at runWithTimeout (file:///C:/Users/chris/Dev/Projects/TheFantasyWorldSimulator/node_modules/@vitest/runner/dist/index.js:1209:10)
[Orchestrator] Tick crashed, returning previous state: Error: Trait not found: trait.reputation.power.renown
    at assignTrait (C:/Users/chris/Dev/Projects/TheFantasyWorldSimulator/src/engine/traits.ts:44:25)
    at syncReputationTrait (C:/Users/chris/Dev/Projects/TheFantasyWorldSimulator/src/engine/phaseReputationTraits.ts:297:5)
    at phaseReputationTraits (C:/Users/chris/Dev/Projects/TheFantasyWorldSimulator/src/engine/phaseReputationTraits.ts:273:7)
    at runTick (C:/Users/chris/Dev/Projects/TheFantasyWorldSimulator/src/engine/orchestrator.ts:1896:18)
    at C:/Users/chris/Dev/Projects/TheFantasyWorldSimulator/src/engine/__tests__/orchestrator.test.ts:516:15
    at file:///C:/Users/chris/Dev/Projects/TheFantasyWorldSimulator/node_modules/@vitest/runner/dist/index.js:145:11
    at file:///C:/Users/chris/Dev/Projects/TheFantasyWorldSimulator/node_modules/@vitest/runner/dist/index.js:915:26
    at file:///C:/Users/chris/Dev/Projects/TheFantasyWorldSimulator/node_modules/@vitest/runner/dist/index.js:1243:20
    at new Promise (<anonymous>)
    at runWithTimeout (file:///C:/Users/chris/Dev/Projects/TheFantasyWorldSimulator/node_modules/@vitest/runner/dist/index.js:1209:10)
[Orchestrator] Tick crashed, returning previous state: Error: Trait not found: trait.reputation.power.renown
    at assignTrait (C:/Users/chris/Dev/Projects/TheFantasyWorldSimulator/src/engine/traits.ts:44:25)
    at syncReputationTrait (C:/Users/chris/Dev/Projects/TheFantasyWorldSimulator/src/engine/phaseReputationTraits.ts:297:5)
    at phaseReputationTraits (C:/Users/chris/Dev/Projects/TheFantasyWorldSimulator/src/engine/phaseReputationTraits.ts:273:7)
    at runTick (C:/Users/chris/Dev/Projects/TheFantasyWorldSimulator/src/engine/orchestrator.ts:1896:18)
    at C:/Users/chris/Dev/Projects/TheFantasyWorldSimulator/src/engine/__tests__/orchestrator.test.ts:516:15
    at file:///C:/Users/chris/Dev/Projects/TheFantasyWorldSimulator/node_modules/@vitest/runner/dist/index.js:145:11
    at file:///C:/Users/chris/Dev/Projects/TheFantasyWorldSimulator/node_modules/@vitest/runner/dist/index.js:915:26
    at file:///C:/Users/chris/Dev/Projects/TheFantasyWorldSimulator/node_modules/@vitest/runner/dist/index.js:1243:20
    at new Promise (<anonymous>)
    at runWithTimeout (file:///C:/Users/chris/Dev/Projects/TheFantasyWorldSimulator/node_modules/@vitest/runner/dist/index.js:1209:10)
[Orchestrator] Tick crashed, returning previous state: Error: Trait not found: trait.reputation.power.renown
    at assignTrait (C:/Users/chris/Dev/Projects/TheFantasyWorldSimulator/src/engine/traits.ts:44:25)
    at syncReputationTrait (C:/Users/chris/Dev/Projects/TheFantasyWorldSimulator/src/engine/phaseReputationTraits.ts:297:5)
    at phaseReputationTraits (C:/Users/chris/Dev/Projects/TheFantasyWorldSimulator/src/engine/phaseReputationTraits.ts:273:7)
    at runTick (C:/Users/chris/Dev/Projects/TheFantasyWorldSimulator/src/engine/orchestrator.ts:1896:18)
    at C:/Users/chris/Dev/Projects/TheFantasyWorldSimulator/src/engine/__tests__/orchestrator.test.ts:516:15
    at file:///C:/Users/chris/Dev/Projects/TheFantasyWorldSimulator/node_modules/@vitest/runner/dist/index.js:145:11
    at file:///C:/Users/chris/Dev/Projects/TheFantasyWorldSimulator/node_modules/@vitest/runner/dist/index.js:915:26
    at file:///C:/Users/chris/Dev/Projects/TheFantasyWorldSimulator/node_modules/@vitest/runner/dist/index.js:1243:20
    at new Promise (<anonymous>)
    at runWithTimeout (file:///C:/Users/chris/Dev/Projects/TheFantasyWorldSimulator/node_modules/@vitest/runner/dist/index.js:1209:10)
[Orchestrator] Tick crashed, returning previous state: Error: Trait not found: trait.reputation.power.renown
    at assignTrait (C:/Users/chris/Dev/Projects/TheFantasyWorldSimulator/src/engine/traits.ts:44:25)
    at syncReputationTrait (C:/Users/chris/Dev/Projects/TheFantasyWorldSimulator/src/engine/phaseReputationTraits.ts:297:5)
    at phaseReputationTraits (C:/Users/chris/Dev/Projects/TheFantasyWorldSimulator/src/engine/phaseReputationTraits.ts:273:7)
    at runTick (C:/Users/chris/Dev/Projects/TheFantasyWorldSimulator/src/engine/orchestrator.ts:1896:18)
    at C:/Users/chris/Dev/Projects/TheFantasyWorldSimulator/src/engine/__tests__/orchestrator.test.ts:516:15
    at file:///C:/Users/chris/Dev/Projects/TheFantasyWorldSimulator/node_modules/@vitest/runner/dist/index.js:145:11
    at file:///C:/Users/chris/Dev/Projects/TheFantasyWorldSimulator/node_modules/@vitest/runner/dist/index.js:915:26
    at file:///C:/Users/chris/Dev/Projects/TheFantasyWorldSimulator/node_modules/@vitest/runner/dist/index.js:1243:20
    at new Promise (<anonymous>)
    at runWithTimeout (file:///C:/Users/chris/Dev/Projects/TheFantasyWorldSimulator/node_modules/@vitest/runner/dist/index.js:1209:10)
[Orchestrator] Tick crashed, returning previous state: Error: Trait not found: trait.reputation.power.renown
    at assignTrait (C:/Users/chris/Dev/Projects/TheFantasyWorldSimulator/src/engine/traits.ts:44:25)
    at syncReputationTrait (C:/Users/chris/Dev/Projects/TheFantasyWorldSimulator/src/engine/phaseReputationTraits.ts:297:5)
    at phaseReputationTraits (C:/Users/chris/Dev/Projects/TheFantasyWorldSimulator/src/engine/phaseReputationTraits.ts:273:7)
    at runTick (C:/Users/chris/Dev/Projects/TheFantasyWorldSimulator/src/engine/orchestrator.ts:1896:18)
    at C:/Users/chris/Dev/Projects/TheFantasyWorldSimulator/src/engine/__tests__/orchestrator.test.ts:516:15
    at file:///C:/Users/chris/Dev/Projects/TheFantasyWorldSimulator/node_modules/@vitest/runner/dist/index.js:145:11
    at file:///C:/Users/chris/Dev/Projects/TheFantasyWorldSimulator/node_modules/@vitest/runner/dist/index.js:915:26
    at file:///C:/Users/chris/Dev/Projects/TheFantasyWorldSimulator/node_modules/@vitest/runner/dist/index.js:1243:20
    at new Promise (<anonymous>)
    at runWithTimeout (file:///C:/Users/chris/Dev/Projects/TheFantasyWorldSimulator/node_modules/@vitest/runner/dist/index.js:1209:10)
[Orchestrator] Tick crashed, returning previous state: Error: Trait not found: trait.reputation.power.renown
    at assignTrait (C:/Users/chris/Dev/Projects/TheFantasyWorldSimulator/src/engine/traits.ts:44:25)
    at syncReputationTrait (C:/Users/chris/Dev/Projects/TheFantasyWorldSimulator/src/engine/phaseReputationTraits.ts:297:5)
    at phaseReputationTraits (C:/Users/chris/Dev/Projects/TheFantasyWorldSimulator/src/engine/phaseReputationTraits.ts:273:7)
    at runTick (C:/Users/chris/Dev/Projects/TheFantasyWorldSimulator/src/engine/orchestrator.ts:1896:18)
    at C:/Users/chris/Dev/Projects/TheFantasyWorldSimulator/src/engine/__tests__/orchestrator.test.ts:516:15
    at file:///C:/Users/chris/Dev/Projects/TheFantasyWorldSimulator/node_modules/@vitest/runner/dist/index.js:145:11
    at file:///C:/Users/chris/Dev/Projects/TheFantasyWorldSimulator/node_modules/@vitest/runner/dist/index.js:915:26
    at file:///C:/Users/chris/Dev/Projects/TheFantasyWorldSimulator/node_modules/@vitest/runner/dist/index.js:1243:20
    at new Promise (<anonymous>)
    at runWithTimeout (file:///C:/Users/chris/Dev/Projects/TheFantasyWorldSimulator/node_modules/@vitest/runner/dist/index.js:1209:10)
[Orchestrator] Tick crashed, returning previous state: Error: Trait not found: trait.reputation.power.renown
    at assignTrait (C:/Users/chris/Dev/Projects/TheFantasyWorldSimulator/src/engine/traits.ts:44:25)
    at syncReputationTrait (C:/Users/chris/Dev/Projects/TheFantasyWorldSimulator/src/engine/phaseReputationTraits.ts:297:5)
    at phaseReputationTraits (C:/Users/chris/Dev/Projects/TheFantasyWorldSimulator/src/engine/phaseReputationTraits.ts:273:7)
    at runTick (C:/Users/chris/Dev/Projects/TheFantasyWorldSimulator/src/engine/orchestrator.ts:1896:18)
    at C:/Users/chris/Dev/Projects/TheFantasyWorldSimulator/src/engine/__tests__/orchestrator.test.ts:516:15
    at file:///C:/Users/chris/Dev/Projects/TheFantasyWorldSimulator/node_modules/@vitest/runner/dist/index.js:145:11
    at file:///C:/Users/chris/Dev/Projects/TheFantasyWorldSimulator/node_modules/@vitest/runner/dist/index.js:915:26
    at file:///C:/Users/chris/Dev/Projects/TheFantasyWorldSimulator/node_modules/@vitest/runner/dist/index.js:1243:20
    at new Promise (<anonymous>)
    at runWithTimeout (file:///C:/Users/chris/Dev/Projects/TheFantasyWorldSimulator/node_modules/@vitest/runner/dist/index.js:1209:10)
[Orchestrator] Tick crashed, returning previous state: Error: Trait not found: trait.reputation.power.renown
    at assignTrait (C:/Users/chris/Dev/Projects/TheFantasyWorldSimulator/src/engine/traits.ts:44:25)
    at syncReputationTrait (C:/Users/chris/Dev/Projects/TheFantasyWorldSimulator/src/engine/phaseReputationTraits.ts:297:5)
    at phaseReputationTraits (C:/Users/chris/Dev/Projects/TheFantasyWorldSimulator/src/engine/phaseReputationTraits.ts:273:7)
    at runTick (C:/Users/chris/Dev/Projects/TheFantasyWorldSimulator/src/engine/orchestrator.ts:1896:18)
    at C:/Users/chris/Dev/Projects/TheFantasyWorldSimulator/src/engine/__tests__/orchestrator.test.ts:516:15
    at file:///C:/Users/chris/Dev/Projects/TheFantasyWorldSimulator/node_modules/@vitest/runner/dist/index.js:145:11
    at file:///C:/Users/chris/Dev/Projects/TheFantasyWorldSimulator/node_modules/@vitest/runner/dist/index.js:915:26
    at file:///C:/Users/chris/Dev/Projects/TheFantasyWorldSimulator/node_modules/@vitest/runner/dist/index.js:1243:20
    at new Promise (<anonymous>)
    at runWithTimeout (file:///C:/Users/chris/Dev/Projects/TheFantasyWorldSimulator/node_modules/@vitest/runner/dist/index.js:1209:10)
[Orchestrator] Tick crashed, returning previous state: Error: Trait not found: trait.reputation.power.renown
    at assignTrait (C:/Users/chris/Dev/Projects/TheFantasyWorldSimulator/src/engine/traits.ts:44:25)
    at syncReputationTrait (C:/Users/chris/Dev/Projects/TheFantasyWorldSimulator/src/engine/phaseReputationTraits.ts:297:5)
    at phaseReputationTraits (C:/Users/chris/Dev/Projects/TheFantasyWorldSimulator/src/engine/phaseReputationTraits.ts:273:7)
    at runTick (C:/Users/chris/Dev/Projects/TheFantasyWorldSimulator/src/engine/orchestrator.ts:1896:18)
    at C:/Users/chris/Dev/Projects/TheFantasyWorldSimulator/src/engine/__tests__/orchestrator.test.ts:516:15
    at file:///C:/Users/chris/Dev/Projects/TheFantasyWorldSimulator/node_modules/@vitest/runner/dist/index.js:145:11
    at file:///C:/Users/chris/Dev/Projects/TheFantasyWorldSimulator/node_modules/@vitest/runner/dist/index.js:915:26
    at file:///C:/Users/chris/Dev/Projects/TheFantasyWorldSimulator/node_modules/@vitest/runner/dist/index.js:1243:20
    at new Promise (<anonymous>)
    at runWithTimeout (file:///C:/Users/chris/Dev/Projects/TheFantasyWorldSimulator/node_modules/@vitest/runner/dist/index.js:1209:10)
[Orchestrator] Tick crashed, returning previous state: Error: Trait not found: trait.reputation.power.renown
    at assignTrait (C:/Users/chris/Dev/Projects/TheFantasyWorldSimulator/src/engine/traits.ts:44:25)
    at syncReputationTrait (C:/Users/chris/Dev/Projects/TheFantasyWorldSimulator/src/engine/phaseReputationTraits.ts:297:5)
    at phaseReputationTraits (C:/Users/chris/Dev/Projects/TheFantasyWorldSimulator/src/engine/phaseReputationTraits.ts:273:7)
    at runTick (C:/Users/chris/Dev/Projects/TheFantasyWorldSimulator/src/engine/orchestrator.ts:1896:18)
    at C:/Users/chris/Dev/Projects/TheFantasyWorldSimulator/src/engine/__tests__/orchestrator.test.ts:516:15
    at file:///C:/Users/chris/Dev/Projects/TheFantasyWorldSimulator/node_modules/@vitest/runner/dist/index.js:145:11
    at file:///C:/Users/chris/Dev/Projects/TheFantasyWorldSimulator/node_modules/@vitest/runner/dist/index.js:915:26
    at file:///C:/Users/chris/Dev/Projects/TheFantasyWorldSimulator/node_modules/@vitest/runner/dist/index.js:1243:20
    at new Promise (<anonymous>)
    at runWithTimeout (file:///C:/Users/chris/Dev/Projects/TheFantasyWorldSimulator/node_modules/@vitest/runner/dist/index.js:1209:10)
[Orchestrator] Tick crashed, returning previous state: Error: Trait not found: trait.reputation.power.renown
    at assignTrait (C:/Users/chris/Dev/Projects/TheFantasyWorldSimulator/src/engine/traits.ts:44:25)
    at syncReputationTrait (C:/Users/chris/Dev/Projects/TheFantasyWorldSimulator/src/engine/phaseReputationTraits.ts:297:5)
    at phaseReputationTraits (C:/Users/chris/Dev/Projects/TheFantasyWorldSimulator/src/engine/phaseReputationTraits.ts:273:7)
    at runTick (C:/Users/chris/Dev/Projects/TheFantasyWorldSimulator/src/engine/orchestrator.ts:1896:18)
    at C:/Users/chris/Dev/Projects/TheFantasyWorldSimulator/src/engine/__tests__/orchestrator.test.ts:516:15
    at file:///C:/Users/chris/Dev/Projects/TheFantasyWorldSimulator/node_modules/@vitest/runner/dist/index.js:145:11
    at file:///C:/Users/chris/Dev/Projects/TheFantasyWorldSimulator/node_modules/@vitest/runner/dist/index.js:915:26
    at file:///C:/Users/chris/Dev/Projects/TheFantasyWorldSimulator/node_modules/@vitest/runner/dist/index.js:1243:20
    at new Promise (<anonymous>)
    at runWithTimeout (file:///C:/Users/chris/Dev/Projects/TheFantasyWorldSimulator/node_modules/@vitest/runner/dist/index.js:1209:10)
[Orchestrator] Tick crashed, returning previous state: Error: Trait not found: trait.reputation.power.renown
    at assignTrait (C:/Users/chris/Dev/Projects/TheFantasyWorldSimulator/src/engine/traits.ts:44:25)
    at syncReputationTrait (C:/Users/chris/Dev/Projects/TheFantasyWorldSimulator/src/engine/phaseReputationTraits.ts:297:5)
    at phaseReputationTraits (C:/Users/chris/Dev/Projects/TheFantasyWorldSimulator/src/engine/phaseReputationTraits.ts:273:7)
    at runTick (C:/Users/chris/Dev/Projects/TheFantasyWorldSimulator/src/engine/orchestrator.ts:1896:18)
    at C:/Users/chris/Dev/Projects/TheFantasyWorldSimulator/src/engine/__tests__/orchestrator.test.ts:516:15
    at file:///C:/Users/chris/Dev/Projects/TheFantasyWorldSimulator/node_modules/@vitest/runner/dist/index.js:145:11
    at file:///C:/Users/chris/Dev/Projects/TheFantasyWorldSimulator/node_modules/@vitest/runner/dist/index.js:915:26
    at file:///C:/Users/chris/Dev/Projects/TheFantasyWorldSimulator/node_modules/@vitest/runner/dist/index.js:1243:20
    at new Promise (<anonymous>)
    at runWithTimeout (file:///C:/Users/chris/Dev/Projects/TheFantasyWorldSimulator/node_modules/@vitest/runner/dist/index.js:1209:10)
[Orchestrator] Tick crashed, returning previous state: Error: Trait not found: trait.reputation.power.renown
    at assignTrait (C:/Users/chris/Dev/Projects/TheFantasyWorldSimulator/src/engine/traits.ts:44:25)
    at syncReputationTrait (C:/Users/chris/Dev/Projects/TheFantasyWorldSimulator/src/engine/phaseReputationTraits.ts:297:5)
    at phaseReputationTraits (C:/Users/chris/Dev/Projects/TheFantasyWorldSimulator/src/engine/phaseReputationTraits.ts:273:7)
    at runTick (C:/Users/chris/Dev/Projects/TheFantasyWorldSimulator/src/engine/orchestrator.ts:1896:18)
    at C:/Users/chris/Dev/Projects/TheFantasyWorldSimulator/src/engine/__tests__/orchestrator.test.ts:516:15
    at file:///C:/Users/chris/Dev/Projects/TheFantasyWorldSimulator/node_modules/@vitest/runner/dist/index.js:145:11
    at file:///C:/Users/chris/Dev/Projects/TheFantasyWorldSimulator/node_modules/@vitest/runner/dist/index.js:915:26
    at file:///C:/Users/chris/Dev/Projects/TheFantasyWorldSimulator/node_modules/@vitest/runner/dist/index.js:1243:20
    at new Promise (<anonymous>)
    at runWithTimeout (file:///C:/Users/chris/Dev/Projects/TheFantasyWorldSimulator/node_modules/@vitest/runner/dist/index.js:1209:10)
[Orchestrator] Tick crashed, returning previous state: Error: Trait not found: trait.reputation.power.renown
    at assignTrait (C:/Users/chris/Dev/Projects/TheFantasyWorldSimulator/src/engine/traits.ts:44:25)
    at syncReputationTrait (C:/Users/chris/Dev/Projects/TheFantasyWorldSimulator/src/engine/phaseReputationTraits.ts:297:5)
    at phaseReputationTraits (C:/Users/chris/Dev/Projects/TheFantasyWorldSimulator/src/engine/phaseReputationTraits.ts:273:7)
    at runTick (C:/Users/chris/Dev/Projects/TheFantasyWorldSimulator/src/engine/orchestrator.ts:1896:18)
    at C:/Users/chris/Dev/Projects/TheFantasyWorldSimulator/src/engine/__tests__/orchestrator.test.ts:516:15
    at file:///C:/Users/chris/Dev/Projects/TheFantasyWorldSimulator/node_modules/@vitest/runner/dist/index.js:145:11
    at file:///C:/Users/chris/Dev/Projects/TheFantasyWorldSimulator/node_modules/@vitest/runner/dist/index.js:915:26
    at file:///C:/Users/chris/Dev/Projects/TheFantasyWorldSimulator/node_modules/@vitest/runner/dist/index.js:1243:20
    at new Promise (<anonymous>)
    at runWithTimeout (file:///C:/Users/chris/Dev/Projects/TheFantasyWorldSimulator/node_modules/@vitest/runner/dist/index.js:1209:10)
[Orchestrator] Tick crashed, returning previous state: Error: Trait not found: trait.reputation.power.renown
    at assignTrait (C:/Users/chris/Dev/Projects/TheFantasyWorldSimulator/src/engine/traits.ts:44:25)
    at syncReputationTrait (C:/Users/chris/Dev/Projects/TheFantasyWorldSimulator/src/engine/phaseReputationTraits.ts:297:5)
    at phaseReputationTraits (C:/Users/chris/Dev/Projects/TheFantasyWorldSimulator/src/engine/phaseReputationTraits.ts:273:7)
    at runTick (C:/Users/chris/Dev/Projects/TheFantasyWorldSimulator/src/engine/orchestrator.ts:1896:18)
    at C:/Users/chris/Dev/Projects/TheFantasyWorldSimulator/src/engine/__tests__/orchestrator.test.ts:516:15
    at file:///C:/Users/chris/Dev/Projects/TheFantasyWorldSimulator/node_modules/@vitest/runner/dist/index.js:145:11
    at file:///C:/Users/chris/Dev/Projects/TheFantasyWorldSimulator/node_modules/@vitest/runner/dist/index.js:915:26
    at file:///C:/Users/chris/Dev/Projects/TheFantasyWorldSimulator/node_modules/@vitest/runner/dist/index.js:1243:20
    at new Promise (<anonymous>)
    at runWithTimeout (file:///C:/Users/chris/Dev/Projects/TheFantasyWorldSimulator/node_modules/@vitest/runner/dist/index.js:1209:10)
[Orchestrator] Tick crashed, returning previous state: Error: Trait not found: trait.reputation.power.renown
    at assignTrait (C:/Users/chris/Dev/Projects/TheFantasyWorldSimulator/src/engine/traits.ts:44:25)
    at syncReputationTrait (C:/Users/chris/Dev/Projects/TheFantasyWorldSimulator/src/engine/phaseReputationTraits.ts:297:5)
    at phaseReputationTraits (C:/Users/chris/Dev/Projects/TheFantasyWorldSimulator/src/engine/phaseReputationTraits.ts:273:7)
    at runTick (C:/Users/chris/Dev/Projects/TheFantasyWorldSimulator/src/engine/orchestrator.ts:1896:18)
    at C:/Users/chris/Dev/Projects/TheFantasyWorldSimulator/src/engine/__tests__/orchestrator.test.ts:516:15
    at file:///C:/Users/chris/Dev/Projects/TheFantasyWorldSimulator/node_modules/@vitest/runner/dist/index.js:145:11
    at file:///C:/Users/chris/Dev/Projects/TheFantasyWorldSimulator/node_modules/@vitest/runner/dist/index.js:915:26
    at file:///C:/Users/chris/Dev/Projects/TheFantasyWorldSimulator/node_modules/@vitest/runner/dist/index.js:1243:20
    at new Promise (<anonymous>)
    at runWithTimeout (file:///C:/Users/chris/Dev/Projects/TheFantasyWorldSimulator/node_modules/@vitest/runner/dist/index.js:1209:10)
[Orchestrator] Tick crashed, returning previous state: Error: Trait not found: trait.reputation.power.renown
    at assignTrait (C:/Users/chris/Dev/Projects/TheFantasyWorldSimulator/src/engine/traits.ts:44:25)
    at syncReputationTrait (C:/Users/chris/Dev/Projects/TheFantasyWorldSimulator/src/engine/phaseReputationTraits.ts:297:5)
    at phaseReputationTraits (C:/Users/chris/Dev/Projects/TheFantasyWorldSimulator/src/engine/phaseReputationTraits.ts:273:7)
    at runTick (C:/Users/chris/Dev/Projects/TheFantasyWorldSimulator/src/engine/orchestrator.ts:1896:18)
    at C:/Users/chris/Dev/Projects/TheFantasyWorldSimulator/src/engine/__tests__/orchestrator.test.ts:516:15
    at file:///C:/Users/chris/Dev/Projects/TheFantasyWorldSimulator/node_modules/@vitest/runner/dist/index.js:145:11
    at file:///C:/Users/chris/Dev/Projects/TheFantasyWorldSimulator/node_modules/@vitest/runner/dist/index.js:915:26
    at file:///C:/Users/chris/Dev/Projects/TheFantasyWorldSimulator/node_modules/@vitest/runner/dist/index.js:1243:20
    at new Promise (<anonymous>)
    at runWithTimeout (file:///C:/Users/chris/Dev/Projects/TheFantasyWorldSimulator/node_modules/@vitest/runner/dist/index.js:1209:10)
[Orchestrator] Tick crashed, returning previous state: Error: Trait not found: trait.reputation.power.renown
    at assignTrait (C:/Users/chris/Dev/Projects/TheFantasyWorldSimulator/src/engine/traits.ts:44:25)
    at syncReputationTrait (C:/Users/chris/Dev/Projects/TheFantasyWorldSimulator/src/engine/phaseReputationTraits.ts:297:5)
    at phaseReputationTraits (C:/Users/chris/Dev/Projects/TheFantasyWorldSimulator/src/engine/phaseReputationTraits.ts:273:7)
    at runTick (C:/Users/chris/Dev/Projects/TheFantasyWorldSimulator/src/engine/orchestrator.ts:1896:18)
    at C:/Users/chris/Dev/Projects/TheFantasyWorldSimulator/src/engine/__tests__/orchestrator.test.ts:516:15
    at file:///C:/Users/chris/Dev/Projects/TheFantasyWorldSimulator/node_modules/@vitest/runner/dist/index.js:145:11
    at file:///C:/Users/chris/Dev/Projects/TheFantasyWorldSimulator/node_modules/@vitest/runner/dist/index.js:915:26
    at file:///C:/Users/chris/Dev/Projects/TheFantasyWorldSimulator/node_modules/@vitest/runner/dist/index.js:1243:20
    at new Promise (<anonymous>)
    at runWithTimeout (file:///C:/Users/chris/Dev/Projects/TheFantasyWorldSimulator/node_modules/@vitest/runner/dist/index.js:1209:10)
[Orchestrator] Tick crashed, returning previous state: Error: Trait not found: trait.reputation.power.renown
    at assignTrait (C:/Users/chris/Dev/Projects/TheFantasyWorldSimulator/src/engine/traits.ts:44:25)
    at syncReputationTrait (C:/Users/chris/Dev/Projects/TheFantasyWorldSimulator/src/engine/phaseReputationTraits.ts:297:5)
    at phaseReputationTraits (C:/Users/chris/Dev/Projects/TheFantasyWorldSimulator/src/engine/phaseReputationTraits.ts:273:7)
    at runTick (C:/Users/chris/Dev/Projects/TheFantasyWorldSimulator/src/engine/orchestrator.ts:1896:18)
    at C:/Users/chris/Dev/Projects/TheFantasyWorldSimulator/src/engine/__tests__/orchestrator.test.ts:516:15
    at file:///C:/Users/chris/Dev/Projects/TheFantasyWorldSimulator/node_modules/@vitest/runner/dist/index.js:145:11
    at file:///C:/Users/chris/Dev/Projects/TheFantasyWorldSimulator/node_modules/@vitest/runner/dist/index.js:915:26
    at file:///C:/Users/chris/Dev/Projects/TheFantasyWorldSimulator/node_modules/@vitest/runner/dist/index.js:1243:20
    at new Promise (<anonymous>)
    at runWithTimeout (file:///C:/Users/chris/Dev/Projects/TheFantasyWorldSimulator/node_modules/@vitest/runner/dist/index.js:1209:10)
[Orchestrator] Tick crashed, returning previous state: Error: Trait not found: trait.reputation.power.renown
    at assignTrait (C:/Users/chris/Dev/Projects/TheFantasyWorldSimulator/src/engine/traits.ts:44:25)
    at syncReputationTrait (C:/Users/chris/Dev/Projects/TheFantasyWorldSimulator/src/engine/phaseReputationTraits.ts:297:5)
    at phaseReputationTraits (C:/Users/chris/Dev/Projects/TheFantasyWorldSimulator/src/engine/phaseReputationTraits.ts:273:7)
    at runTick (C:/Users/chris/Dev/Projects/TheFantasyWorldSimulator/src/engine/orchestrator.ts:1896:18)
    at C:/Users/chris/Dev/Projects/TheFantasyWorldSimulator/src/engine/__tests__/orchestrator.test.ts:516:15
    at file:///C:/Users/chris/Dev/Projects/TheFantasyWorldSimulator/node_modules/@vitest/runner/dist/index.js:145:11
    at file:///C:/Users/chris/Dev/Projects/TheFantasyWorldSimulator/node_modules/@vitest/runner/dist/index.js:915:26
    at file:///C:/Users/chris/Dev/Projects/TheFantasyWorldSimulator/node_modules/@vitest/runner/dist/index.js:1243:20
    at new Promise (<anonymous>)
    at runWithTimeout (file:///C:/Users/chris/Dev/Projects/TheFantasyWorldSimulator/node_modules/@vitest/runner/dist/index.js:1209:10)
[Orchestrator] Tick crashed, returning previous state: Error: Trait not found: trait.reputation.power.renown
    at assignTrait (C:/Users/chris/Dev/Projects/TheFantasyWorldSimulator/src/engine/traits.ts:44:25)
    at syncReputationTrait (C:/Users/chris/Dev/Projects/TheFantasyWorldSimulator/src/engine/phaseReputationTraits.ts:297:5)
    at phaseReputationTraits (C:/Users/chris/Dev/Projects/TheFantasyWorldSimulator/src/engine/phaseReputationTraits.ts:273:7)
    at runTick (C:/Users/chris/Dev/Projects/TheFantasyWorldSimulator/src/engine/orchestrator.ts:1896:18)
    at C:/Users/chris/Dev/Projects/TheFantasyWorldSimulator/src/engine/__tests__/orchestrator.test.ts:516:15
    at file:///C:/Users/chris/Dev/Projects/TheFantasyWorldSimulator/node_modules/@vitest/runner/dist/index.js:145:11
    at file:///C:/Users/chris/Dev/Projects/TheFantasyWorldSimulator/node_modules/@vitest/runner/dist/index.js:915:26
    at file:///C:/Users/chris/Dev/Projects/TheFantasyWorldSimulator/node_modules/@vitest/runner/dist/index.js:1243:20
    at new Promise (<anonymous>)
    at runWithTimeout (file:///C:/Users/chris/Dev/Projects/TheFantasyWorldSimulator/node_modules/@vitest/runner/dist/index.js:1209:10)
[Orchestrator] Tick crashed, returning previous state: Error: Trait not found: trait.reputation.power.renown
    at assignTrait (C:/Users/chris/Dev/Projects/TheFantasyWorldSimulator/src/engine/traits.ts:44:25)
    at syncReputationTrait (C:/Users/chris/Dev/Projects/TheFantasyWorldSimulator/src/engine/phaseReputationTraits.ts:297:5)
    at phaseReputationTraits (C:/Users/chris/Dev/Projects/TheFantasyWorldSimulator/src/engine/phaseReputationTraits.ts:273:7)
    at runTick (C:/Users/chris/Dev/Projects/TheFantasyWorldSimulator/src/engine/orchestrator.ts:1896:18)
    at C:/Users/chris/Dev/Projects/TheFantasyWorldSimulator/src/engine/__tests__/orchestrator.test.ts:516:15
    at file:///C:/Users/chris/Dev/Projects/TheFantasyWorldSimulator/node_modules/@vitest/runner/dist/index.js:145:11
    at file:///C:/Users/chris/Dev/Projects/TheFantasyWorldSimulator/node_modules/@vitest/runner/dist/index.js:915:26
    at file:///C:/Users/chris/Dev/Projects/TheFantasyWorldSimulator/node_modules/@vitest/runner/dist/index.js:1243:20
    at new Promise (<anonymous>)
    at runWithTimeout (file:///C:/Users/chris/Dev/Projects/TheFantasyWorldSimulator/node_modules/@vitest/runner/dist/index.js:1209:10)
[Orchestrator] Tick crashed, returning previous state: Error: Trait not found: trait.reputation.power.renown
    at assignTrait (C:/Users/chris/Dev/Projects/TheFantasyWorldSimulator/src/engine/traits.ts:44:25)
    at syncReputationTrait (C:/Users/chris/Dev/Projects/TheFantasyWorldSimulator/src/engine/phaseReputationTraits.ts:297:5)
    at phaseReputationTraits (C:/Users/chris/Dev/Projects/TheFantasyWorldSimulator/src/engine/phaseReputationTraits.ts:273:7)
    at runTick (C:/Users/chris/Dev/Projects/TheFantasyWorldSimulator/src/engine/orchestrator.ts:1896:18)
    at C:/Users/chris/Dev/Projects/TheFantasyWorldSimulator/src/engine/__tests__/orchestrator.test.ts:516:15
    at file:///C:/Users/chris/Dev/Projects/TheFantasyWorldSimulator/node_modules/@vitest/runner/dist/index.js:145:11
    at file:///C:/Users/chris/Dev/Projects/TheFantasyWorldSimulator/node_modules/@vitest/runner/dist/index.js:915:26
    at file:///C:/Users/chris/Dev/Projects/TheFantasyWorldSimulator/node_modules/@vitest/runner/dist/index.js:1243:20
    at new Promise (<anonymous>)
    at runWithTimeout (file:///C:/Users/chris/Dev/Projects/TheFantasyWorldSimulator/node_modules/@vitest/runner/dist/index.js:1209:10)
[Orchestrator] Tick crashed, returning previous state: Error: Trait not found: trait.reputation.power.renown
    at assignTrait (C:/Users/chris/Dev/Projects/TheFantasyWorldSimulator/src/engine/traits.ts:44:25)
    at syncReputationTrait (C:/Users/chris/Dev/Projects/TheFantasyWorldSimulator/src/engine/phaseReputationTraits.ts:297:5)
    at phaseReputationTraits (C:/Users/chris/Dev/Projects/TheFantasyWorldSimulator/src/engine/phaseReputationTraits.ts:273:7)
    at runTick (C:/Users/chris/Dev/Projects/TheFantasyWorldSimulator/src/engine/orchestrator.ts:1896:18)
    at C:/Users/chris/Dev/Projects/TheFantasyWorldSimulator/src/engine/__tests__/orchestrator.test.ts:516:15
    at file:///C:/Users/chris/Dev/Projects/TheFantasyWorldSimulator/node_modules/@vitest/runner/dist/index.js:145:11
    at file:///C:/Users/chris/Dev/Projects/TheFantasyWorldSimulator/node_modules/@vitest/runner/dist/index.js:915:26
    at file:///C:/Users/chris/Dev/Projects/TheFantasyWorldSimulator/node_modules/@vitest/runner/dist/index.js:1243:20
    at new Promise (<anonymous>)
    at runWithTimeout (file:///C:/Users/chris/Dev/Projects/TheFantasyWorldSimulator/node_modules/@vitest/runner/dist/index.js:1209:10)
[Orchestrator] Tick crashed, returning previous state: Error: Trait not found: trait.reputation.power.renown
    at assignTrait (C:/Users/chris/Dev/Projects/TheFantasyWorldSimulator/src/engine/traits.ts:44:25)
    at syncReputationTrait (C:/Users/chris/Dev/Projects/TheFantasyWorldSimulator/src/engine/phaseReputationTraits.ts:297:5)
    at phaseReputationTraits (C:/Users/chris/Dev/Projects/TheFantasyWorldSimulator/src/engine/phaseReputationTraits.ts:273:7)
    at runTick (C:/Users/chris/Dev/Projects/TheFantasyWorldSimulator/src/engine/orchestrator.ts:1896:18)
    at C:/Users/chris/Dev/Projects/TheFantasyWorldSimulator/src/engine/__tests__/orchestrator.test.ts:516:15
    at file:///C:/Users/chris/Dev/Projects/TheFantasyWorldSimulator/node_modules/@vitest/runner/dist/index.js:145:11
    at file:///C:/Users/chris/Dev/Projects/TheFantasyWorldSimulator/node_modules/@vitest/runner/dist/index.js:915:26
    at file:///C:/Users/chris/Dev/Projects/TheFantasyWorldSimulator/node_modules/@vitest/runner/dist/index.js:1243:20
    at new Promise (<anonymous>)
    at runWithTimeout (file:///C:/Users/chris/Dev/Projects/TheFantasyWorldSimulator/node_modules/@vitest/runner/dist/index.js:1209:10)
[Orchestrator] Tick crashed, returning previous state: Error: Trait not found: trait.reputation.power.renown
    at assignTrait (C:/Users/chris/Dev/Projects/TheFantasyWorldSimulator/src/engine/traits.ts:44:25)
    at syncReputationTrait (C:/Users/chris/Dev/Projects/TheFantasyWorldSimulator/src/engine/phaseReputationTraits.ts:297:5)
    at phaseReputationTraits (C:/Users/chris/Dev/Projects/TheFantasyWorldSimulator/src/engine/phaseReputationTraits.ts:273:7)
    at runTick (C:/Users/chris/Dev/Projects/TheFantasyWorldSimulator/src/engine/orchestrator.ts:1896:18)
    at C:/Users/chris/Dev/Projects/TheFantasyWorldSimulator/src/engine/__tests__/orchestrator.test.ts:516:15
    at file:///C:/Users/chris/Dev/Projects/TheFantasyWorldSimulator/node_modules/@vitest/runner/dist/index.js:145:11
    at file:///C:/Users/chris/Dev/Projects/TheFantasyWorldSimulator/node_modules/@vitest/runner/dist/index.js:915:26
    at file:///C:/Users/chris/Dev/Projects/TheFantasyWorldSimulator/node_modules/@vitest/runner/dist/index.js:1243:20
    at new Promise (<anonymous>)
    at runWithTimeout (file:///C:/Users/chris/Dev/Projects/TheFantasyWorldSimulator/node_modules/@vitest/runner/dist/index.js:1209:10)
[Orchestrator] Tick crashed, returning previous state: Error: Trait not found: trait.reputation.power.renown
    at assignTrait (C:/Users/chris/Dev/Projects/TheFantasyWorldSimulator/src/engine/traits.ts:44:25)
    at syncReputationTrait (C:/Users/chris/Dev/Projects/TheFantasyWorldSimulator/src/engine/phaseReputationTraits.ts:297:5)
    at phaseReputationTraits (C:/Users/chris/Dev/Projects/TheFantasyWorldSimulator/src/engine/phaseReputationTraits.ts:273:7)
    at runTick (C:/Users/chris/Dev/Projects/TheFantasyWorldSimulator/src/engine/orchestrator.ts:1896:18)
    at C:/Users/chris/Dev/Projects/TheFantasyWorldSimulator/src/engine/__tests__/orchestrator.test.ts:516:15
    at file:///C:/Users/chris/Dev/Projects/TheFantasyWorldSimulator/node_modules/@vitest/runner/dist/index.js:145:11
    at file:///C:/Users/chris/Dev/Projects/TheFantasyWorldSimulator/node_modules/@vitest/runner/dist/index.js:915:26
    at file:///C:/Users/chris/Dev/Projects/TheFantasyWorldSimulator/node_modules/@vitest/runner/dist/index.js:1243:20
    at new Promise (<anonymous>)
    at runWithTimeout (file:///C:/Users/chris/Dev/Projects/TheFantasyWorldSimulator/node_modules/@vitest/runner/dist/index.js:1209:10)
[Orchestrator] Tick crashed, returning previous state: Error: Trait not found: trait.reputation.power.renown
    at assignTrait (C:/Users/chris/Dev/Projects/TheFantasyWorldSimulator/src/engine/traits.ts:44:25)
    at syncReputationTrait (C:/Users/chris/Dev/Projects/TheFantasyWorldSimulator/src/engine/phaseReputationTraits.ts:297:5)
    at phaseReputationTraits (C:/Users/chris/Dev/Projects/TheFantasyWorldSimulator/src/engine/phaseReputationTraits.ts:273:7)
    at runTick (C:/Users/chris/Dev/Projects/TheFantasyWorldSimulator/src/engine/orchestrator.ts:1896:18)
    at C:/Users/chris/Dev/Projects/TheFantasyWorldSimulator/src/engine/__tests__/orchestrator.test.ts:516:15
    at file:///C:/Users/chris/Dev/Projects/TheFantasyWorldSimulator/node_modules/@vitest/runner/dist/index.js:145:11
    at file:///C:/Users/chris/Dev/Projects/TheFantasyWorldSimulator/node_modules/@vitest/runner/dist/index.js:915:26
    at file:///C:/Users/chris/Dev/Projects/TheFantasyWorldSimulator/node_modules/@vitest/runner/dist/index.js:1243:20
    at new Promise (<anonymous>)
    at runWithTimeout (file:///C:/Users/chris/Dev/Projects/TheFantasyWorldSimulator/node_modules/@vitest/runner/dist/index.js:1209:10)
[Orchestrator] Tick crashed, returning previous state: Error: Trait not found: trait.reputation.power.renown
    at assignTrait (C:/Users/chris/Dev/Projects/TheFantasyWorldSimulator/src/engine/traits.ts:44:25)
    at syncReputationTrait (C:/Users/chris/Dev/Projects/TheFantasyWorldSimulator/src/engine/phaseReputationTraits.ts:297:5)
    at phaseReputationTraits (C:/Users/chris/Dev/Projects/TheFantasyWorldSimulator/src/engine/phaseReputationTraits.ts:273:7)
    at runTick (C:/Users/chris/Dev/Projects/TheFantasyWorldSimulator/src/engine/orchestrator.ts:1896:18)
    at C:/Users/chris/Dev/Projects/TheFantasyWorldSimulator/src/engine/__tests__/orchestrator.test.ts:516:15
    at file:///C:/Users/chris/Dev/Projects/TheFantasyWorldSimulator/node_modules/@vitest/runner/dist/index.js:145:11
    at file:///C:/Users/chris/Dev/Projects/TheFantasyWorldSimulator/node_modules/@vitest/runner/dist/index.js:915:26
    at file:///C:/Users/chris/Dev/Projects/TheFantasyWorldSimulator/node_modules/@vitest/runner/dist/index.js:1243:20
    at new Promise (<anonymous>)
    at runWithTimeout (file:///C:/Users/chris/Dev/Projects/TheFantasyWorldSimulator/node_modules/@vitest/runner/dist/index.js:1209:10)
[Orchestrator] Tick crashed, returning previous state: Error: Trait not found: trait.reputation.power.renown
    at assignTrait (C:/Users/chris/Dev/Projects/TheFantasyWorldSimulator/src/engine/traits.ts:44:25)
    at syncReputationTrait (C:/Users/chris/Dev/Projects/TheFantasyWorldSimulator/src/engine/phaseReputationTraits.ts:297:5)
    at phaseReputationTraits (C:/Users/chris/Dev/Projects/TheFantasyWorldSimulator/src/engine/phaseReputationTraits.ts:273:7)
    at runTick (C:/Users/chris/Dev/Projects/TheFantasyWorldSimulator/src/engine/orchestrator.ts:1896:18)
    at C:/Users/chris/Dev/Projects/TheFantasyWorldSimulator/src/engine/__tests__/orchestrator.test.ts:516:15
    at file:///C:/Users/chris/Dev/Projects/TheFantasyWorldSimulator/node_modules/@vitest/runner/dist/index.js:145:11
    at file:///C:/Users/chris/Dev/Projects/TheFantasyWorldSimulator/node_modules/@vitest/runner/dist/index.js:915:26
    at file:///C:/Users/chris/Dev/Projects/TheFantasyWorldSimulator/node_modules/@vitest/runner/dist/index.js:1243:20
    at new Promise (<anonymous>)
    at runWithTimeout (file:///C:/Users/chris/Dev/Projects/TheFantasyWorldSimulator/node_modules/@vitest/runner/dist/index.js:1209:10)
[Orchestrator] Tick crashed, returning previous state: Error: Trait not found: trait.reputation.power.renown
    at assignTrait (C:/Users/chris/Dev/Projects/TheFantasyWorldSimulator/src/engine/traits.ts:44:25)
    at syncReputationTrait (C:/Users/chris/Dev/Projects/TheFantasyWorldSimulator/src/engine/phaseReputationTraits.ts:297:5)
    at phaseReputationTraits (C:/Users/chris/Dev/Projects/TheFantasyWorldSimulator/src/engine/phaseReputationTraits.ts:273:7)
    at runTick (C:/Users/chris/Dev/Projects/TheFantasyWorldSimulator/src/engine/orchestrator.ts:1896:18)
    at C:/Users/chris/Dev/Projects/TheFantasyWorldSimulator/src/engine/__tests__/orchestrator.test.ts:516:15
    at file:///C:/Users/chris/Dev/Projects/TheFantasyWorldSimulator/node_modules/@vitest/runner/dist/index.js:145:11
    at file:///C:/Users/chris/Dev/Projects/TheFantasyWorldSimulator/node_modules/@vitest/runner/dist/index.js:915:26
    at file:///C:/Users/chris/Dev/Projects/TheFantasyWorldSimulator/node_modules/@vitest/runner/dist/index.js:1243:20
    at new Promise (<anonymous>)
    at runWithTimeout (file:///C:/Users/chris/Dev/Projects/TheFantasyWorldSimulator/node_modules/@vitest/runner/dist/index.js:1209:10)

 [31m❯[39m src/engine/__tests__/orchestrator.test.ts [2m([22m[2m21 tests[22m[2m | [22m[31m3 failed[39m[2m)[22m[33m 5692[2mms[22m[39m
     [32m✓[39m phaseDoom advances the doom clock[32m 19[2mms[22m[39m
     [32m✓[39m phaseDoom emits doom_escalation event on stage change[32m 7[2mms[22m[39m
     [32m✓[39m phaseRivalActions fires rival events periodically[32m 11[2mms[22m[39m
     [32m✓[39m phaseStealth decays exposure[32m 7[2mms[22m[39m
     [32m✓[39m phaseStealth does not go below zero[32m 10[2mms[22m[39m
     [32m✓[39m phaseDoomExpiry triggers twilight when doom expires[32m 4[2mms[22m[39m
     [32m✓[39m phaseDoomExpiry does nothing when doom is active[32m 2[2mms[22m[39m
     [32m✓[39m phaseMandate does not produce fake progress when conditions not met[32m 3[2mms[22m[39m
     [32m✓[39m phaseMandate returns empty object when no mandate is active[32m 3[2mms[22m[39m
     [32m✓[39m runTick advances tick counter[32m 158[2mms[22m[39m
     [32m✓[39m runTick is deterministic[32m 216[2mms[22m[39m
[31m     [31m×[31m runTick accumulates recent events[39m[33m 1625[2mms[22m[39m
[31m     [31m×[31m multi-tick simulation reaches doom expiry[39m[33m 1367[2mms[22m[39m
     [32m✓[39m phaseDilemmaDetection detects high-stakes interactions and resolves dilemmas[32m 3[2mms[22m[39m
     [32m✓[39m phaseDilemmaDetection does nothing when no high-stakes events[32m 2[2mms[22m[39m
     [32m✓[39m phaseReputationDecay decays actor reputation toward default[32m 2[2mms[22m[39m
     [32m✓[39m phaseReputationDecay decays reputation below default upward[32m 2[2mms[22m[39m
     [32m✓[39m phaseReputationDecay does not change reputation at default[32m 2[2mms[22m[39m
     [32m✓[39m agent with pre-set movement queue advances after a tick[32m 2[2mms[22m[39m
     [32m✓[39m agent arrives at destination after enough ticks[32m 2[2mms[22m[39m
[31m     [31m×[31m runs a complete cycle: play → doom expires → twilight → harvest → transition → new cycle[39m[33m 2240[2mms[22m[39m
stderr | src/engine/__tests__/cycleEnd.test.ts > Cycle End Flow > runTwilightTick advances ticks until complete
[GraphSchema] Edge "belongs_to" source should be ["actor","location"], got "region" (edge edge_hist_territory_region_0_hist_culture_0)

stderr | src/engine/__tests__/cycleEnd.test.ts > Cycle End Flow > computeHarvest returns candidates and harvest type
[GraphSchema] Edge "belongs_to" source should be ["actor","location"], got "region" (edge edge_hist_territory_region_0_hist_culture_0)

stderr | src/engine/__tests__/cycleEnd.test.ts > Cycle End Flow > computeHarvest returns somber when doom fully expired without mandate
[GraphSchema] Edge "belongs_to" source should be ["actor","location"], got "region" (edge edge_hist_territory_region_0_hist_culture_0)

stderr | src/engine/__tests__/cycleEnd.test.ts > Cycle End Flow > computeHarvest returns triumphant when mandate completed
[GraphSchema] Edge "belongs_to" source should be ["actor","location"], got "region" (edge edge_hist_territory_region_0_hist_culture_0)

stderr | src/engine/__tests__/cycleEnd.test.ts > Cycle End Flow > transitionToNewCycle increments cycle and resets state
[GraphSchema] Edge "belongs_to" source should be ["actor","location"], got "region" (edge edge_hist_territory_region_0_hist_culture_0)

stderr | src/engine/__tests__/cycleEnd.test.ts > Cycle End Flow > transitionToNewCycle preserves surviving echoes from previous cycles
[GraphSchema] Edge "belongs_to" source should be ["actor","location"], got "region" (edge edge_hist_territory_region_0_hist_culture_0)

 [32m✓[39m src/engine/__tests__/cycleEnd.test.ts [2m([22m[2m7 tests[22m[2m)[22m[32m 54[2mms[22m[39m
stderr | src/components/Game/debug/__tests__/RelationshipGraph.test.tsx > RelationshipGraph > shows faction memberships with rank title
[GraphSchema] Edge "member_of" missing required property: "role" (edge mem-1)
[GraphSchema] Edge "member_of" missing required property: "joinedTick" (edge mem-1)

 [32m✓[39m src/components/Game/debug/__tests__/RelationshipGraph.test.tsx [2m([22m[2m6 tests[22m[2m)[22m[32m 60[2mms[22m[39m
stderr | src/engine/__tests__/traceBuffer-encounter.test.ts > traceBuffer-encounter: Encounter Resolution Instrumentation > should emit encounter_resolution trace when initiating encounter
[GraphSchema] Edge "belongs_to" source should be ["actor","location"], got "region" (edge edge_hist_territory_region_0_hist_culture_0)

stderr | src/engine/__tests__/traceBuffer-encounter.test.ts > traceBuffer-encounter: Encounter Resolution Instrumentation > should emit encounter_resolution trace when resolving encounter
[GraphSchema] Edge "belongs_to" source should be ["actor","location"], got "region" (edge edge_hist_territory_region_0_hist_culture_0)

stderr | src/engine/__tests__/traceBuffer-encounter.test.ts > traceBuffer-encounter: Encounter Resolution Instrumentation > should filter encounter_resolution traces by agent
[GraphSchema] Edge "belongs_to" source should be ["actor","location"], got "region" (edge edge_hist_territory_region_0_hist_culture_0)

 [32m✓[39m src/engine/__tests__/coastline.test.ts [2m([22m[2m26 tests[22m[2m)[22m[32m 42[2mms[22m[39m
stderr | src/engine/__tests__/traceBuffer-encounter.test.ts > traceBuffer-encounter: Encounter Resolution Instrumentation > should have proper encounter_resolution trace structure
[GraphSchema] Edge "belongs_to" source should be ["actor","location"], got "region" (edge edge_hist_territory_region_0_hist_culture_0)

stderr | src/engine/__tests__/traceBuffer-encounter.test.ts > traceBuffer-encounter: Encounter Resolution Instrumentation > should emit encounter_resolution trace when advancing encounter
[GraphSchema] Edge "belongs_to" source should be ["actor","location"], got "region" (edge edge_hist_territory_region_0_hist_culture_0)

stderr | src/engine/__tests__/traceBuffer-encounter.test.ts > traceBuffer-encounter: Encounter Resolution Instrumentation > should include trait changes in encounter_resolution trace
[GraphSchema] Edge "belongs_to" source should be ["actor","location"], got "region" (edge edge_hist_territory_region_0_hist_culture_0)

 [32m✓[39m src/engine/__tests__/traceBuffer-encounter.test.ts [2m([22m[2m6 tests[22m[2m)[22m[32m 49[2mms[22m[39m
 [32m✓[39m src/components/shared/__tests__/Card.test.tsx [2m([22m[2m12 tests[22m[2m)[22m[32m 71[2mms[22m[39m
 [32m✓[39m src/components/Game/__tests__/AgendaPicker.test.tsx [2m([22m[2m5 tests[22m[2m)[22m[32m 105[2mms[22m[39m
 [32m✓[39m src/components/shared/__tests__/Dropdown.test.tsx [2m([22m[2m9 tests[22m[2m)[22m[32m 82[2mms[22m[39m
stderr | src/engine/__tests__/culture-pass2-integration.test.ts > Culture Pass 2 integration > full pipeline: seed world → traits granted → tension scored → beats available
[GraphSchema] Edge "belongs_to" source should be ["actor","location"], got "region" (edge edge_hist_territory_region_0_hist_culture_0)

stderr | src/engine/__tests__/culture-pass2-integration.test.ts > Culture Pass 2 integration > buildNarrativeContext includes cultural fields for cultured actors
[GraphSchema] Edge "belongs_to" source should be ["actor","location"], got "region" (edge edge_hist_territory_region_0_hist_culture_0)

stderr | src/engine/__tests__/culture-pass2-integration.test.ts > Culture Pass 2 integration > deterministic — same seed produces same cultural traits
[GraphSchema] Edge "belongs_to" source should be ["actor","location"], got "region" (edge edge_hist_territory_region_0_hist_culture_0)
[GraphSchema] Edge "belongs_to" source should be ["actor","location"], got "region" (edge edge_hist_territory_region_0_hist_culture_0)

 [32m✓[39m src/engine/__tests__/culture-pass2-integration.test.ts [2m([22m[2m3 tests[22m[2m)[22m[32m 32[2mms[22m[39m
[90mstdout[2m | src/engine/worldgen/__tests__/sampling.test.ts[2m > [22m[2m7-point hex sampling[2m > [22m[2mresult is in [0, 1] range for any elevation field values
[22m[39m[WorldGen] Pass 'province' completed in 5.3ms
[WorldGen] Pass 'elevation' completed in 5.7ms
[WorldGen] Pass 'coastline' completed in 4.0ms
[WorldGen] Pass 'climate' completed in 5.9ms
[WorldGen] Pass 'hydrology' completed in 4.8ms
[WorldGen] Pass 'tempReassess' completed in 1.0ms
[WorldGen] Pass 'biome' completed in 2.0ms
[WorldGen] Culture terrain nudge: 0 hexes modified
[WorldGen] Pass 'cultureTerrainNudge' completed in 0.3ms
[WorldGen] Pass 'smoothing' completed in 2.3ms
[WorldGen] Pass 'validation' completed in 2.4ms

 [32m✓[39m src/engine/worldgen/__tests__/sampling.test.ts [2m([22m[2m8 tests[22m[2m)[22m[32m 43[2mms[22m[39m
 [32m✓[39m src/components/Game/debug/__tests__/DecisionBreakdown.test.tsx [2m([22m[2m7 tests[22m[2m)[22m[32m 130[2mms[22m[39m
stderr | src/engine/__tests__/worldSeed-cultureFlag.test.ts > worldSeed culture flags > every culture node has a flagSvg property
[GraphSchema] Edge "belongs_to" source should be ["actor","location"], got "region" (edge edge_hist_territory_region_0_hist_culture_0)

 [32m✓[39m src/data/__tests__/prose-layer-content.test.ts [2m([22m[2m44 tests[22m[2m)[22m[32m 36[2mms[22m[39m
stderr | src/engine/__tests__/worldSeed-cultureFlag.test.ts > worldSeed culture flags > flag SVGs are deterministic per seed
[GraphSchema] Edge "belongs_to" source should be ["actor","location"], got "region" (edge edge_hist_territory_region_0_hist_culture_0)
[GraphSchema] Edge "belongs_to" source should be ["actor","location"], got "region" (edge edge_hist_territory_region_0_hist_culture_0)

stderr | src/engine/__tests__/worldSeed-cultureFlag.test.ts > worldSeed culture flags > different culture seeds produce different flags
[GraphSchema] Edge "belongs_to" source should be ["actor","location"], got "region" (edge edge_hist_territory_region_0_hist_culture_0)

 [32m✓[39m src/engine/__tests__/worldSeed-cultureFlag.test.ts [2m([22m[2m3 tests[22m[2m)[22m[32m 44[2mms[22m[39m
 [32m✓[39m src/data/__tests__/backstory-content.test.ts [2m([22m[2m76 tests[22m[2m)[22m[32m 38[2mms[22m[39m
 [32m✓[39m src/components/HexMap/__tests__/RegionLabels.test.tsx [2m([22m[2m7 tests[22m[2m)[22m[32m 57[2mms[22m[39m
 [32m✓[39m src/data/__tests__/archetype-content.test.ts [2m([22m[2m53 tests[22m[2m)[22m[32m 35[2mms[22m[39m
stderr | src/components/HexMap/__tests__/HexTile-water.test.tsx > HexTile water rendering with coastline integration > visible water hexes should be transparent (no terrain image) > visible land hex still renders terrain image
An empty string ("") was passed to the href attribute. To fix this, either do not render the element at all or pass null to href instead of an empty string.

stderr | src/components/HexMap/__tests__/HexTile-water.test.tsx > HexTile water rendering with coastline integration > visible water hexes should be transparent (no terrain image) > visible mountain hex renders terrain image
An empty string ("") was passed to the href attribute. To fix this, either do not render the element at all or pass null to href instead of an empty string.

 [32m✓[39m src/components/shared/__tests__/RarityBadge.test.tsx [2m([22m[2m12 tests[22m[2m)[22m[32m 60[2mms[22m[39m
stderr | src/components/HexMap/__tests__/HexTile-water.test.tsx > HexTile water rendering with coastline integration > remembered water hexes render with reduced opacity tint > remembered land hex still renders dimmed terrain image
An empty string ("") was passed to the href attribute. To fix this, either do not render the element at all or pass null to href instead of an empty string.

 [32m✓[39m src/data/__tests__/narrative-content.test.ts [2m([22m[2m49 tests[22m[2m)[22m[32m 23[2mms[22m[39m
 [32m✓[39m src/components/HexMap/__tests__/HexTile-water.test.tsx [2m([22m[2m18 tests[22m[2m)[22m[32m 80[2mms[22m[39m
stderr | src/engine/__tests__/encounter-orchestrator.test.ts > phaseEncounterProgressionV2 — retinue notifications > retinue agent completing encounter gets toast notification with actorId
[GraphSchema] Edge "belongs_to" source should be ["actor","location"], got "region" (edge edge_hist_territory_region_0_hist_culture_0)

stderr | src/engine/__tests__/encounter-orchestrator.test.ts > phaseEncounterProgressionV2 — retinue notifications > non-retinue agent completing encounter does NOT get notification
[GraphSchema] Edge "belongs_to" source should be ["actor","location"], got "region" (edge edge_hist_territory_region_0_hist_culture_0)

stderr | src/engine/__tests__/encounter-orchestrator.test.ts > phaseEncounterProgressionV2 — retinue notifications > retinue encounter completion message includes encounter name
[GraphSchema] Edge "belongs_to" source should be ["actor","location"], got "region" (edge edge_hist_territory_region_0_hist_culture_0)

 [32m✓[39m src/engine/__tests__/encounter-orchestrator.test.ts [2m([22m[2m3 tests[22m[2m)[22m[32m 46[2mms[22m[39m
 [32m✓[39m src/engine/__tests__/proseGenerator-ui-integration.test.ts [2m([22m[2m5 tests[22m[2m)[22m[32m 29[2mms[22m[39m
 [32m✓[39m src/engine/__tests__/proseGenerator-integration.test.ts [2m([22m[2m5 tests[22m[2m)[22m[32m 33[2mms[22m[39m
stderr | src/engine/__tests__/revelationActionCards.test.ts > resolveRevelationAction > observe reveals one unrevealed domain
[GraphSchema] Edge "avatar_of" target should be "actor", got "ascendant" (edge e-avatar)

 [32m✓[39m src/engine/__tests__/worldGen-integration.test.ts [2m([22m[2m6 tests[22m[2m)[22m[32m 27[2mms[22m[39m
stderr | src/engine/__tests__/revelationActionCards.test.ts > resolveRevelationAction > observe increments interactionDepth by DEPTH_DIVINE_ACTION
[GraphSchema] Edge "avatar_of" target should be "actor", got "ascendant" (edge e-avatar)

stderr | src/engine/__tests__/revelationActionCards.test.ts > resolveRevelationAction > observe emits a domain_revealed TickEvent
[GraphSchema] Edge "avatar_of" target should be "actor", got "ascendant" (edge e-avatar)

stderr | src/engine/__tests__/revelationActionCards.test.ts > resolveRevelationAction > scry reveals all 8 domains
[GraphSchema] Edge "avatar_of" target should be "actor", got "ascendant" (edge e-avatar)

stderr | src/engine/__tests__/revelationActionCards.test.ts > resolveRevelationAction > scry reveals bond from relates_to edges
[GraphSchema] Edge "avatar_of" target should be "actor", got "ascendant" (edge e-avatar)

stderr | src/engine/__tests__/revelationActionCards.test.ts > resolveRevelationAction > scry increments interactionDepth by DEPTH_DIVINE_ACTION
[GraphSchema] Edge "avatar_of" target should be "actor", got "ascendant" (edge e-avatar)

stderr | src/engine/__tests__/revelationActionCards.test.ts > resolveRevelationAction > whisper_insight reveals one unrevealed value and sets dispositionRevealed
[GraphSchema] Edge "avatar_of" target should be "actor", got "ascendant" (edge e-avatar)

stderr | src/engine/__tests__/revelationActionCards.test.ts > resolveRevelationAction > whisper_insight increments interactionDepth by DEPTH_DIVINE_ACTION
[GraphSchema] Edge "avatar_of" target should be "actor", got "ascendant" (edge e-avatar)

stderr | src/engine/__tests__/revelationActionCards.test.ts > resolveRevelationAction > dream_sending reveals primary ambition
[GraphSchema] Edge "avatar_of" target should be "actor", got "ascendant" (edge e-avatar)

stderr | src/engine/__tests__/revelationActionCards.test.ts > resolveRevelationAction > dream_sending sets threatRevealed
[GraphSchema] Edge "avatar_of" target should be "actor", got "ascendant" (edge e-avatar)

stderr | src/engine/__tests__/revelationActionCards.test.ts > resolveRevelationAction > dream_sending increments interactionDepth by DEPTH_DIVINE_ACTION
[GraphSchema] Edge "avatar_of" target should be "actor", got "ascendant" (edge e-avatar)

stderr | src/engine/__tests__/revelationActionCards.test.ts > resolveRevelationAction > observe is idempotent — calling twice reveals only one domain total
[GraphSchema] Edge "avatar_of" target should be "actor", got "ascendant" (edge e-avatar)

stderr | src/engine/__tests__/revelationActionCards.test.ts > resolveRevelationAction > scry is idempotent — calling twice does not exceed 8 domains
[GraphSchema] Edge "avatar_of" target should be "actor", got "ascendant" (edge e-avatar)

stderr | src/engine/__tests__/revelationActionCards.test.ts > resolveRevelationAction > resolveRevelationAction emits RevelationTrace for newly revealed facet
[GraphSchema] Edge "avatar_of" target should be "actor", got "ascendant" (edge e-avatar)

 [32m✓[39m src/engine/__tests__/revelationActionCards.test.ts [2m([22m[2m39 tests[22m[2m)[22m[32m 26[2mms[22m[39m
 [32m✓[39m src/components/HexMapV2/lab/__tests__/terrainTextureLabVignettePrototype.test.ts [2m([22m[2m4 tests[22m[2m)[22m[32m 26[2mms[22m[39m
 [32m✓[39m src/engine/__tests__/depressionFilling.test.ts [2m([22m[2m5 tests[22m[2m)[22m[32m 28[2mms[22m[39m
 [32m✓[39m src/types/__tests__/npc.test.ts [2m([22m[2m29 tests[22m[2m)[22m[32m 24[2mms[22m[39m
 [32m✓[39m src/components/HexMapV2/signifiers/__tests__/signifierRegistry.test.ts [2m([22m[2m10 tests[22m[2m)[22m[32m 24[2mms[22m[39m
 [32m✓[39m src/engine/__tests__/unifiedActionResolution.test.ts [2m([22m[2m36 tests[22m[2m)[22m[32m 23[2mms[22m[39m
 [32m✓[39m src/components/Game/__tests__/NpcDetailView.test.tsx [2m([22m[2m9 tests[22m[2m)[22m[32m 46[2mms[22m[39m
 [32m✓[39m src/engine/__tests__/mandate-content.test.ts [2m([22m[2m39 tests[22m[2m)[22m[32m 20[2mms[22m[39m
21.18.32 [vite] (ssr) warning: Duplicate key "loyalty_ambition" in object literal
687 |      honesty_cunning: -0.5,
688 |      sacrifice_survival: 0.7,
689 |      loyalty_ambition: 0.9,
    |      ^
690 |      tradition_novelty: 0.1,
691 |      preservation_transformation: -0.2,

  Plugin: vite:esbuild
  File: C:/Users/chris/Dev/Projects/TheFantasyWorldSimulator/src/engine/__tests__/retinue.test.ts
21.18.32 [vite] (ssr) warning: Duplicate key "mercy_ruthlessness" in object literal
690 |      tradition_novelty: 0.1,
691 |      preservation_transformation: -0.2,
692 |      mercy_ruthlessness: 0.4,
    |      ^
693 |      asceticism_extravagance: -0.3,
694 |    };

  Plugin: vite:esbuild
  File: C:/Users/chris/Dev/Projects/TheFantasyWorldSimulator/src/engine/__tests__/retinue.test.ts
 [32m✓[39m src/components/Game/__tests__/NarrativeFeed.test.tsx [2m([22m[2m3 tests[22m[2m)[22m[32m 50[2mms[22m[39m
 [32m✓[39m src/engine/__tests__/journeyEngine.test.ts [2m([22m[2m49 tests[22m[2m)[22m[32m 19[2mms[22m[39m
stderr | src/engine/__tests__/retinue.test.ts > getRetinueAgents > includes faction name from member_of edge
[GraphSchema] Edge "member_of" missing required property: "role" (edge member.1)
[GraphSchema] Edge "member_of" missing required property: "rank" (edge member.1)
[GraphSchema] Edge "member_of" missing required property: "joinedTick" (edge member.1)

 [32m✓[39m src/engine/__tests__/retinue.test.ts [2m([22m[2m23 tests[22m[2m)[22m[32m 21[2mms[22m[39m
stderr | src/engine/__tests__/returnEngine.test.ts > gatherRippleTargets > finds artifacts via possesses edges
[GraphSchema] Edge "possesses" target should be "artifact", got "item" (edge possess_1)

stderr | src/engine/__tests__/returnEngine.test.ts > gatherRippleTargets > skips low-tier artifacts
[GraphSchema] Edge "possesses" target should be "artifact", got "item" (edge possess_2)

stderr | src/engine/__tests__/returnEngine.test.ts > gatherRippleTargets > finds factions via member_of edges with high rank
[GraphSchema] Edge "member_of" missing required property: "joinedTick" (edge member_1)

stderr | src/engine/__tests__/returnEngine.test.ts > gatherRippleTargets > caps at RIPPLE_MAX_TARGETS
[GraphSchema] Edge "possesses" target should be "artifact", got "item" (edge poss_0)
[GraphSchema] Edge "possesses" target should be "artifact", got "item" (edge poss_1)
[GraphSchema] Edge "possesses" target should be "artifact", got "item" (edge poss_2)
[GraphSchema] Edge "possesses" target should be "artifact", got "item" (edge poss_3)
[GraphSchema] Edge "possesses" target should be "artifact", got "item" (edge poss_4)
[GraphSchema] Edge "possesses" target should be "artifact", got "item" (edge poss_5)
[GraphSchema] Edge "possesses" target should be "artifact", got "item" (edge poss_6)
[GraphSchema] Edge "possesses" target should be "artifact", got "item" (edge poss_7)
[GraphSchema] Edge "possesses" target should be "artifact", got "item" (edge poss_8)
[GraphSchema] Edge "possesses" target should be "artifact", got "item" (edge poss_9)

 [32m✓[39m src/engine/__tests__/returnEngine.test.ts [2m([22m[2m35 tests[22m[2m)[22m[32m 20[2mms[22m[39m
21.18.32 [vite] (ssr) warning: Duplicate key "sacrifice_survival" in object literal
437 |        preservation_transformation: 0.5,
438 |        sacrifice_survival: 0.9, // strong devotion
439 |        sacrifice_survival: 0,
    |        ^
440 |        courage_prudence: 0.5,
441 |      };

  Plugin: vite:esbuild
  File: C:/Users/chris/Dev/Projects/TheFantasyWorldSimulator/src/engine/__tests__/sublocation.test.ts
 [32m✓[39m src/components/HexMap/__tests__/useCoastline.test.ts [2m([22m[2m3 tests[22m[2m)[22m[32m 50[2mms[22m[39m
 [32m✓[39m src/engine/__tests__/meetingEncounter.test.ts [2m([22m[2m36 tests[22m[2m)[22m[32m 23[2mms[22m[39m
stderr | src/engine/__tests__/sublocation.test.ts > ensureSublocations > creates sublocation instances via legacy edge path (Path B)
[GraphSchema] Edge "located_at" source should be "actor", got "location" (edge location-type-link)

 [32m✓[39m src/engine/__tests__/encounterCache.test.ts [2m([22m[2m17 tests[22m[2m)[22m[32m 18[2mms[22m[39m
 [32m✓[39m src/engine/__tests__/sublocation.test.ts [2m([22m[2m33 tests[22m[2m)[22m[32m 16[2mms[22m[39m
 [32m✓[39m src/components/Game/debug/__tests__/BondOverlay.test.tsx [2m([22m[2m4 tests[22m[2m)[22m[32m 38[2mms[22m[39m
 [32m✓[39m src/engine/__tests__/graphQueries.test.ts [2m([22m[2m45 tests[22m[2m)[22m[32m 14[2mms[22m[39m
stderr | src/engine/__tests__/graphUtils.test.ts > findAllPaths > filters by edge type
[GraphSchema] Edge "member_of" missing required property: "role" (edge e5)
[GraphSchema] Edge "member_of" missing required property: "rank" (edge e5)
[GraphSchema] Edge "member_of" missing required property: "joinedTick" (edge e5)

 [32m✓[39m src/engine/__tests__/graphUtils.test.ts [2m([22m[2m11 tests[22m[2m)[22m[32m 16[2mms[22m[39m
21.18.32 [vite] (ssr) warning: Duplicate key "loyalty_ambition" in object literal
12 |    const base: AxiologicalProfile = {
13 |      loyalty_ambition: 0, courage_prudence: 0, mercy_ruthlessness: 0,
14 |      honesty_cunning: 0, sacrifice_survival: 0, loyalty_ambition: 0,
   |                                                 ^
15 |      tradition_novelty: 0, preservation_transformation: 0, mercy_ruthlessness: 0, asceticism_extravagance: 0,
16 |    };

  Plugin: vite:esbuild
  File: C:/Users/chris/Dev/Projects/TheFantasyWorldSimulator/src/engine/__tests__/agentDetail.test.ts
21.18.32 [vite] (ssr) warning: Duplicate key "mercy_ruthlessness" in object literal
13 |      loyalty_ambition: 0, courage_prudence: 0, mercy_ruthlessness: 0,
14 |      honesty_cunning: 0, sacrifice_survival: 0, loyalty_ambition: 0,
15 |      tradition_novelty: 0, preservation_transformation: 0, mercy_ruthlessness: 0, asceticism_extravagance: 0,
   |                                                            ^
16 |    };
17 |    return { ...base, ...overrides };

  Plugin: vite:esbuild
  File: C:/Users/chris/Dev/Projects/TheFantasyWorldSimulator/src/engine/__tests__/agentDetail.test.ts
21.18.32 [vite] (ssr) warning: Duplicate key "mercy_ruthlessness" in object literal
62 |        properties: {
63 |          actorType: 'individual',
64 |  ...on: 0.9, mercy_ruthlessness: -0.7, sacrifice_survival: 0.5, mercy_ruthlessness: 0.2 }),
   |                                                                 ^
65 |          domainCapabilities: makeDomainCaps(),
66 |          locationId: 'loc.1',

  Plugin: vite:esbuild
  File: C:/Users/chris/Dev/Projects/TheFantasyWorldSimulator/src/engine/__tests__/agentDetail.test.ts
 [32m✓[39m src/components/HexMapV2/agents/__tests__/agentPortraitTextures.test.ts [2m([22m[2m10 tests[22m[2m)[22m[32m 14[2mms[22m[39m
 [32m✓[39m src/engine/__tests__/phaseAgentDecision-forced-travel.test.ts [2m([22m[2m8 tests[22m[2m)[22m[32m 18[2mms[22m[39m
 [32m✓[39m src/components/shared/__tests__/SectionHeading.test.tsx [2m([22m[2m6 tests[22m[2m)[22m[32m 37[2mms[22m[39m
stderr | src/engine/__tests__/agentDetail.test.ts > getAgentDetail > includes faction name from member_of edge
[GraphSchema] Edge "member_of" missing required property: "rank" (edge m.1)
[GraphSchema] Edge "member_of" missing required property: "joinedTick" (edge m.1)

stderr | src/engine/__tests__/agentDetail.test.ts > getAgentInfoCard (familiarity-gated) > at recognised level: returns archetype, faction, 1 domain (vague), 1 value
[GraphSchema] Edge "member_of" missing required property: "rank" (edge m.1)
[GraphSchema] Edge "member_of" missing required property: "joinedTick" (edge m.1)

stderr | src/engine/__tests__/reputationWalk.test.ts > perceiveReputation > applies faction rank bonus for shared factions
[GraphSchema] Edge "member_of" missing required property: "role" (edge member-a-guild)
[GraphSchema] Edge "member_of" missing required property: "joinedTick" (edge member-a-guild)
[GraphSchema] Edge "member_of" missing required property: "role" (edge member-mid-guild)
[GraphSchema] Edge "member_of" missing required property: "joinedTick" (edge member-mid-guild)

stderr | src/engine/__tests__/reputationWalk.test.ts > perceiveReputation > clamps result to [-1, 1]
[GraphSchema] Edge "member_of" missing required property: "role" (edge member-a-guild)
[GraphSchema] Edge "member_of" missing required property: "joinedTick" (edge member-a-guild)
[GraphSchema] Edge "member_of" missing required property: "role" (edge member-mid-guild)
[GraphSchema] Edge "member_of" missing required property: "joinedTick" (edge member-mid-guild)

 [32m✓[39m src/engine/__tests__/disposition-integration.test.ts [2m([22m[2m6 tests[22m[2m)[22m[32m 20[2mms[22m[39m
 [32m✓[39m src/engine/__tests__/reputationWalk.test.ts [2m([22m[2m10 tests[22m[2m)[22m[32m 15[2mms[22m[39m
 [32m✓[39m src/components/Game/__tests__/useInterventionAudio.test.tsx [2m([22m[2m19 tests[22m[2m)[22m[32m 42[2mms[22m[39m
 [32m✓[39m src/engine/__tests__/agentDetail.test.ts [2m([22m[2m19 tests[22m[2m)[22m[32m 12[2mms[22m[39m
 [32m✓[39m src/engine/__tests__/factionSeeding.test.ts [2m([22m[2m40 tests[22m[2m)[22m[32m 14[2mms[22m[39m
 [32m✓[39m src/engine/__tests__/roadNetwork.test.ts [2m([22m[2m15 tests[22m[2m)[22m[32m 17[2mms[22m[39m
 [32m✓[39m src/engine/__tests__/meetTheFirstNarrative.test.ts [2m([22m[2m11 tests[22m[2m)[22m[32m 17[2mms[22m[39m
 [32m✓[39m src/engine/__tests__/agentAttachments.test.ts [2m([22m[2m9 tests[22m[2m)[22m[32m 15[2mms[22m[39m
 [32m✓[39m src/components/HexMap/__tests__/CoastlineOverlay.test.tsx [2m([22m[2m4 tests[22m[2m)[22m[32m 32[2mms[22m[39m
 [32m✓[39m src/components/HexMap/__tests__/HexDefs.test.tsx [2m([22m[2m3 tests[22m[2m)[22m[32m 26[2mms[22m[39m
 [32m✓[39m src/engine/__tests__/forceField.test.ts [2m([22m[2m5 tests[22m[2m)[22m[32m 16[2mms[22m[39m
 [32m✓[39m src/data/__tests__/mandate-loader.test.ts [2m([22m[2m16 tests[22m[2m)[22m[32m 13[2mms[22m[39m
 [32m✓[39m src/data/__tests__/reward-attachment-catalog.test.ts [2m([22m[2m15 tests[22m[2m)[22m[32m 16[2mms[22m[39m
 [32m✓[39m src/engine/__tests__/objectiveRuntime.test.ts [2m([22m[2m4 tests[22m[2m)[22m[32m 16[2mms[22m[39m
 [32m✓[39m src/components/Game/__tests__/encounterAutoPause.test.ts [2m([22m[2m5 tests[22m[2m)[22m[32m 22[2mms[22m[39m
 [32m✓[39m src/data/__tests__/domain-words.test.ts [2m([22m[2m56 tests[22m[2m)[22m[32m 14[2mms[22m[39m
stderr | src/engine/__tests__/contracts/encounter-liveness.contract.test.ts > Pipeline Liveness: encounter initiation → completion → rewards > completed encounters produce reward traces (when templates have rewardPool)
[GraphSchema] Edge "belongs_to" source should be ["actor","location"], got "region" (edge edge_hist_territory_region_0_hist_culture_0)
[Orchestrator] Tick crashed, returning previous state: Error: Trait not found: trait.reputation.power.renown
    at assignTrait (C:/Users/chris/Dev/Projects/TheFantasyWorldSimulator/src/engine/traits.ts:44:25)
    at syncReputationTrait (C:/Users/chris/Dev/Projects/TheFantasyWorldSimulator/src/engine/phaseReputationTraits.ts:297:5)
    at phaseReputationTraits (C:/Users/chris/Dev/Projects/TheFantasyWorldSimulator/src/engine/phaseReputationTraits.ts:273:7)
    at runTick (C:/Users/chris/Dev/Projects/TheFantasyWorldSimulator/src/engine/orchestrator.ts:1896:18)
    at C:/Users/chris/Dev/Projects/TheFantasyWorldSimulator/src/engine/__tests__/contracts/encounter-liveness.contract.test.ts:184:15
    at file:///C:/Users/chris/Dev/Projects/TheFantasyWorldSimulator/node_modules/@vitest/runner/dist/index.js:145:11
    at file:///C:/Users/chris/Dev/Projects/TheFantasyWorldSimulator/node_modules/@vitest/runner/dist/index.js:915:26
    at file:///C:/Users/chris/Dev/Projects/TheFantasyWorldSimulator/node_modules/@vitest/runner/dist/index.js:1243:20
    at new Promise (<anonymous>)
    at runWithTimeout (file:///C:/Users/chris/Dev/Projects/TheFantasyWorldSimulator/node_modules/@vitest/runner/dist/index.js:1209:10)
[Orchestrator] Tick crashed, returning previous state: Error: Trait not found: trait.reputation.power.renown
    at assignTrait (C:/Users/chris/Dev/Projects/TheFantasyWorldSimulator/src/engine/traits.ts:44:25)
    at syncReputationTrait (C:/Users/chris/Dev/Projects/TheFantasyWorldSimulator/src/engine/phaseReputationTraits.ts:297:5)
    at phaseReputationTraits (C:/Users/chris/Dev/Projects/TheFantasyWorldSimulator/src/engine/phaseReputationTraits.ts:273:7)
    at runTick (C:/Users/chris/Dev/Projects/TheFantasyWorldSimulator/src/engine/orchestrator.ts:1896:18)
    at C:/Users/chris/Dev/Projects/TheFantasyWorldSimulator/src/engine/__tests__/contracts/encounter-liveness.contract.test.ts:184:15
    at file:///C:/Users/chris/Dev/Projects/TheFantasyWorldSimulator/node_modules/@vitest/runner/dist/index.js:145:11
    at file:///C:/Users/chris/Dev/Projects/TheFantasyWorldSimulator/node_modules/@vitest/runner/dist/index.js:915:26
    at file:///C:/Users/chris/Dev/Projects/TheFantasyWorldSimulator/node_modules/@vitest/runner/dist/index.js:1243:20
    at new Promise (<anonymous>)
    at runWithTimeout (file:///C:/Users/chris/Dev/Projects/TheFantasyWorldSimulator/node_modules/@vitest/runner/dist/index.js:1209:10)
[Orchestrator] Tick crashed, returning previous state: Error: Trait not found: trait.reputation.power.renown
    at assignTrait (C:/Users/chris/Dev/Projects/TheFantasyWorldSimulator/src/engine/traits.ts:44:25)
    at syncReputationTrait (C:/Users/chris/Dev/Projects/TheFantasyWorldSimulator/src/engine/phaseReputationTraits.ts:297:5)
    at phaseReputationTraits (C:/Users/chris/Dev/Projects/TheFantasyWorldSimulator/src/engine/phaseReputationTraits.ts:273:7)
    at runTick (C:/Users/chris/Dev/Projects/TheFantasyWorldSimulator/src/engine/orchestrator.ts:1896:18)
    at C:/Users/chris/Dev/Projects/TheFantasyWorldSimulator/src/engine/__tests__/contracts/encounter-liveness.contract.test.ts:184:15
    at file:///C:/Users/chris/Dev/Projects/TheFantasyWorldSimulator/node_modules/@vitest/runner/dist/index.js:145:11
    at file:///C:/Users/chris/Dev/Projects/TheFantasyWorldSimulator/node_modules/@vitest/runner/dist/index.js:915:26
    at file:///C:/Users/chris/Dev/Projects/TheFantasyWorldSimulator/node_modules/@vitest/runner/dist/index.js:1243:20
    at new Promise (<anonymous>)
    at runWithTimeout (file:///C:/Users/chris/Dev/Projects/TheFantasyWorldSimulator/node_modules/@vitest/runner/dist/index.js:1209:10)
[Orchestrator] Tick crashed, returning previous state: Error: Trait not found: trait.reputation.power.renown
    at assignTrait (C:/Users/chris/Dev/Projects/TheFantasyWorldSimulator/src/engine/traits.ts:44:25)
    at syncReputationTrait (C:/Users/chris/Dev/Projects/TheFantasyWorldSimulator/src/engine/phaseReputationTraits.ts:297:5)
    at phaseReputationTraits (C:/Users/chris/Dev/Projects/TheFantasyWorldSimulator/src/engine/phaseReputationTraits.ts:273:7)
    at runTick (C:/Users/chris/Dev/Projects/TheFantasyWorldSimulator/src/engine/orchestrator.ts:1896:18)
    at C:/Users/chris/Dev/Projects/TheFantasyWorldSimulator/src/engine/__tests__/contracts/encounter-liveness.contract.test.ts:184:15
    at file:///C:/Users/chris/Dev/Projects/TheFantasyWorldSimulator/node_modules/@vitest/runner/dist/index.js:145:11
    at file:///C:/Users/chris/Dev/Projects/TheFantasyWorldSimulator/node_modules/@vitest/runner/dist/index.js:915:26
    at file:///C:/Users/chris/Dev/Projects/TheFantasyWorldSimulator/node_modules/@vitest/runner/dist/index.js:1243:20
    at new Promise (<anonymous>)
    at runWithTimeout (file:///C:/Users/chris/Dev/Projects/TheFantasyWorldSimulator/node_modules/@vitest/runner/dist/index.js:1209:10)
[Orchestrator] Tick crashed, returning previous state: Error: Trait not found: trait.reputation.power.renown
    at assignTrait (C:/Users/chris/Dev/Projects/TheFantasyWorldSimulator/src/engine/traits.ts:44:25)
    at syncReputationTrait (C:/Users/chris/Dev/Projects/TheFantasyWorldSimulator/src/engine/phaseReputationTraits.ts:297:5)
    at phaseReputationTraits (C:/Users/chris/Dev/Projects/TheFantasyWorldSimulator/src/engine/phaseReputationTraits.ts:273:7)
    at runTick (C:/Users/chris/Dev/Projects/TheFantasyWorldSimulator/src/engine/orchestrator.ts:1896:18)
    at C:/Users/chris/Dev/Projects/TheFantasyWorldSimulator/src/engine/__tests__/contracts/encounter-liveness.contract.test.ts:184:15
    at file:///C:/Users/chris/Dev/Projects/TheFantasyWorldSimulator/node_modules/@vitest/runner/dist/index.js:145:11
    at file:///C:/Users/chris/Dev/Projects/TheFantasyWorldSimulator/node_modules/@vitest/runner/dist/index.js:915:26
    at file:///C:/Users/chris/Dev/Projects/TheFantasyWorldSimulator/node_modules/@vitest/runner/dist/index.js:1243:20
    at new Promise (<anonymous>)
    at runWithTimeout (file:///C:/Users/chris/Dev/Projects/TheFantasyWorldSimulator/node_modules/@vitest/runner/dist/index.js:1209:10)
[Orchestrator] Tick crashed, returning previous state: Error: Trait not found: trait.reputation.power.renown
    at assignTrait (C:/Users/chris/Dev/Projects/TheFantasyWorldSimulator/src/engine/traits.ts:44:25)
    at syncReputationTrait (C:/Users/chris/Dev/Projects/TheFantasyWorldSimulator/src/engine/phaseReputationTraits.ts:297:5)
    at phaseReputationTraits (C:/Users/chris/Dev/Projects/TheFantasyWorldSimulator/src/engine/phaseReputationTraits.ts:273:7)
    at runTick (C:/Users/chris/Dev/Projects/TheFantasyWorldSimulator/src/engine/orchestrator.ts:1896:18)
    at C:/Users/chris/Dev/Projects/TheFantasyWorldSimulator/src/engine/__tests__/contracts/encounter-liveness.contract.test.ts:184:15
    at file:///C:/Users/chris/Dev/Projects/TheFantasyWorldSimulator/node_modules/@vitest/runner/dist/index.js:145:11
    at file:///C:/Users/chris/Dev/Projects/TheFantasyWorldSimulator/node_modules/@vitest/runner/dist/index.js:915:26
    at file:///C:/Users/chris/Dev/Projects/TheFantasyWorldSimulator/node_modules/@vitest/runner/dist/index.js:1243:20
    at new Promise (<anonymous>)
    at runWithTimeout (file:///C:/Users/chris/Dev/Projects/TheFantasyWorldSimulator/node_modules/@vitest/runner/dist/index.js:1209:10)
[Orchestrator] Tick crashed, returning previous state: Error: Trait not found: trait.reputation.power.renown
    at assignTrait (C:/Users/chris/Dev/Projects/TheFantasyWorldSimulator/src/engine/traits.ts:44:25)
    at syncReputationTrait (C:/Users/chris/Dev/Projects/TheFantasyWorldSimulator/src/engine/phaseReputationTraits.ts:297:5)
    at phaseReputationTraits (C:/Users/chris/Dev/Projects/TheFantasyWorldSimulator/src/engine/phaseReputationTraits.ts:273:7)
    at runTick (C:/Users/chris/Dev/Projects/TheFantasyWorldSimulator/src/engine/orchestrator.ts:1896:18)
    at C:/Users/chris/Dev/Projects/TheFantasyWorldSimulator/src/engine/__tests__/contracts/encounter-liveness.contract.test.ts:184:15
    at file:///C:/Users/chris/Dev/Projects/TheFantasyWorldSimulator/node_modules/@vitest/runner/dist/index.js:145:11
    at file:///C:/Users/chris/Dev/Projects/TheFantasyWorldSimulator/node_modules/@vitest/runner/dist/index.js:915:26
    at file:///C:/Users/chris/Dev/Projects/TheFantasyWorldSimulator/node_modules/@vitest/runner/dist/index.js:1243:20
    at new Promise (<anonymous>)
    at runWithTimeout (file:///C:/Users/chris/Dev/Projects/TheFantasyWorldSimulator/node_modules/@vitest/runner/dist/index.js:1209:10)
[Orchestrator] Tick crashed, returning previous state: Error: Trait not found: trait.reputation.power.renown
    at assignTrait (C:/Users/chris/Dev/Projects/TheFantasyWorldSimulator/src/engine/traits.ts:44:25)
    at syncReputationTrait (C:/Users/chris/Dev/Projects/TheFantasyWorldSimulator/src/engine/phaseReputationTraits.ts:297:5)
    at phaseReputationTraits (C:/Users/chris/Dev/Projects/TheFantasyWorldSimulator/src/engine/phaseReputationTraits.ts:273:7)
    at runTick (C:/Users/chris/Dev/Projects/TheFantasyWorldSimulator/src/engine/orchestrator.ts:1896:18)
    at C:/Users/chris/Dev/Projects/TheFantasyWorldSimulator/src/engine/__tests__/contracts/encounter-liveness.contract.test.ts:184:15
    at file:///C:/Users/chris/Dev/Projects/TheFantasyWorldSimulator/node_modules/@vitest/runner/dist/index.js:145:11
    at file:///C:/Users/chris/Dev/Projects/TheFantasyWorldSimulator/node_modules/@vitest/runner/dist/index.js:915:26
    at file:///C:/Users/chris/Dev/Projects/TheFantasyWorldSimulator/node_modules/@vitest/runner/dist/index.js:1243:20
    at new Promise (<anonymous>)
    at runWithTimeout (file:///C:/Users/chris/Dev/Projects/TheFantasyWorldSimulator/node_modules/@vitest/runner/dist/index.js:1209:10)
[Orchestrator] Tick crashed, returning previous state: Error: Trait not found: trait.reputation.power.renown
    at assignTrait (C:/Users/chris/Dev/Projects/TheFantasyWorldSimulator/src/engine/traits.ts:44:25)
    at syncReputationTrait (C:/Users/chris/Dev/Projects/TheFantasyWorldSimulator/src/engine/phaseReputationTraits.ts:297:5)
    at phaseReputationTraits (C:/Users/chris/Dev/Projects/TheFantasyWorldSimulator/src/engine/phaseReputationTraits.ts:273:7)
    at runTick (C:/Users/chris/Dev/Projects/TheFantasyWorldSimulator/src/engine/orchestrator.ts:1896:18)
    at C:/Users/chris/Dev/Projects/TheFantasyWorldSimulator/src/engine/__tests__/contracts/encounter-liveness.contract.test.ts:184:15
    at file:///C:/Users/chris/Dev/Projects/TheFantasyWorldSimulator/node_modules/@vitest/runner/dist/index.js:145:11
    at file:///C:/Users/chris/Dev/Projects/TheFantasyWorldSimulator/node_modules/@vitest/runner/dist/index.js:915:26
    at file:///C:/Users/chris/Dev/Projects/TheFantasyWorldSimulator/node_modules/@vitest/runner/dist/index.js:1243:20
    at new Promise (<anonymous>)
    at runWithTimeout (file:///C:/Users/chris/Dev/Projects/TheFantasyWorldSimulator/node_modules/@vitest/runner/dist/index.js:1209:10)
[Orchestrator] Tick crashed, returning previous state: Error: Trait not found: trait.reputation.power.renown
    at assignTrait (C:/Users/chris/Dev/Projects/TheFantasyWorldSimulator/src/engine/traits.ts:44:25)
    at syncReputationTrait (C:/Users/chris/Dev/Projects/TheFantasyWorldSimulator/src/engine/phaseReputationTraits.ts:297:5)
    at phaseReputationTraits (C:/Users/chris/Dev/Projects/TheFantasyWorldSimulator/src/engine/phaseReputationTraits.ts:273:7)
    at runTick (C:/Users/chris/Dev/Projects/TheFantasyWorldSimulator/src/engine/orchestrator.ts:1896:18)
    at C:/Users/chris/Dev/Projects/TheFantasyWorldSimulator/src/engine/__tests__/contracts/encounter-liveness.contract.test.ts:184:15
    at file:///C:/Users/chris/Dev/Projects/TheFantasyWorldSimulator/node_modules/@vitest/runner/dist/index.js:145:11
    at file:///C:/Users/chris/Dev/Projects/TheFantasyWorldSimulator/node_modules/@vitest/runner/dist/index.js:915:26
    at file:///C:/Users/chris/Dev/Projects/TheFantasyWorldSimulator/node_modules/@vitest/runner/dist/index.js:1243:20
    at new Promise (<anonymous>)
    at runWithTimeout (file:///C:/Users/chris/Dev/Projects/TheFantasyWorldSimulator/node_modules/@vitest/runner/dist/index.js:1209:10)
[Orchestrator] Tick crashed, returning previous state: Error: Trait not found: trait.reputation.power.renown
    at assignTrait (C:/Users/chris/Dev/Projects/TheFantasyWorldSimulator/src/engine/traits.ts:44:25)
    at syncReputationTrait (C:/Users/chris/Dev/Projects/TheFantasyWorldSimulator/src/engine/phaseReputationTraits.ts:297:5)
    at phaseReputationTraits (C:/Users/chris/Dev/Projects/TheFantasyWorldSimulator/src/engine/phaseReputationTraits.ts:273:7)
    at runTick (C:/Users/chris/Dev/Projects/TheFantasyWorldSimulator/src/engine/orchestrator.ts:1896:18)
    at C:/Users/chris/Dev/Projects/TheFantasyWorldSimulator/src/engine/__tests__/contracts/encounter-liveness.contract.test.ts:184:15
    at file:///C:/Users/chris/Dev/Projects/TheFantasyWorldSimulator/node_modules/@vitest/runner/dist/index.js:145:11
    at file:///C:/Users/chris/Dev/Projects/TheFantasyWorldSimulator/node_modules/@vitest/runner/dist/index.js:915:26
    at file:///C:/Users/chris/Dev/Projects/TheFantasyWorldSimulator/node_modules/@vitest/runner/dist/index.js:1243:20
    at new Promise (<anonymous>)
    at runWithTimeout (file:///C:/Users/chris/Dev/Projects/TheFantasyWorldSimulator/node_modules/@vitest/runner/dist/index.js:1209:10)
[Orchestrator] Tick crashed, returning previous state: Error: Trait not found: trait.reputation.power.renown
    at assignTrait (C:/Users/chris/Dev/Projects/TheFantasyWorldSimulator/src/engine/traits.ts:44:25)
    at syncReputationTrait (C:/Users/chris/Dev/Projects/TheFantasyWorldSimulator/src/engine/phaseReputationTraits.ts:297:5)
    at phaseReputationTraits (C:/Users/chris/Dev/Projects/TheFantasyWorldSimulator/src/engine/phaseReputationTraits.ts:273:7)
    at runTick (C:/Users/chris/Dev/Projects/TheFantasyWorldSimulator/src/engine/orchestrator.ts:1896:18)
    at C:/Users/chris/Dev/Projects/TheFantasyWorldSimulator/src/engine/__tests__/contracts/encounter-liveness.contract.test.ts:184:15
    at file:///C:/Users/chris/Dev/Projects/TheFantasyWorldSimulator/node_modules/@vitest/runner/dist/index.js:145:11
    at file:///C:/Users/chris/Dev/Projects/TheFantasyWorldSimulator/node_modules/@vitest/runner/dist/index.js:915:26
    at file:///C:/Users/chris/Dev/Projects/TheFantasyWorldSimulator/node_modules/@vitest/runner/dist/index.js:1243:20
    at new Promise (<anonymous>)
    at runWithTimeout (file:///C:/Users/chris/Dev/Projects/TheFantasyWorldSimulator/node_modules/@vitest/runner/dist/index.js:1209:10)
[Orchestrator] Tick crashed, returning previous state: Error: Trait not found: trait.reputation.power.renown
    at assignTrait (C:/Users/chris/Dev/Projects/TheFantasyWorldSimulator/src/engine/traits.ts:44:25)
    at syncReputationTrait (C:/Users/chris/Dev/Projects/TheFantasyWorldSimulator/src/engine/phaseReputationTraits.ts:297:5)
    at phaseReputationTraits (C:/Users/chris/Dev/Projects/TheFantasyWorldSimulator/src/engine/phaseReputationTraits.ts:273:7)
    at runTick (C:/Users/chris/Dev/Projects/TheFantasyWorldSimulator/src/engine/orchestrator.ts:1896:18)
    at C:/Users/chris/Dev/Projects/TheFantasyWorldSimulator/src/engine/__tests__/contracts/encounter-liveness.contract.test.ts:184:15
    at file:///C:/Users/chris/Dev/Projects/TheFantasyWorldSimulator/node_modules/@vitest/runner/dist/index.js:145:11
    at file:///C:/Users/chris/Dev/Projects/TheFantasyWorldSimulator/node_modules/@vitest/runner/dist/index.js:915:26
    at file:///C:/Users/chris/Dev/Projects/TheFantasyWorldSimulator/node_modules/@vitest/runner/dist/index.js:1243:20
    at new Promise (<anonymous>)
    at runWithTimeout (file:///C:/Users/chris/Dev/Projects/TheFantasyWorldSimulator/node_modules/@vitest/runner/dist/index.js:1209:10)
[Orchestrator] Tick crashed, returning previous state: Error: Trait not found: trait.reputation.power.renown
    at assignTrait (C:/Users/chris/Dev/Projects/TheFantasyWorldSimulator/src/engine/traits.ts:44:25)
    at syncReputationTrait (C:/Users/chris/Dev/Projects/TheFantasyWorldSimulator/src/engine/phaseReputationTraits.ts:297:5)
    at phaseReputationTraits (C:/Users/chris/Dev/Projects/TheFantasyWorldSimulator/src/engine/phaseReputationTraits.ts:273:7)
    at runTick (C:/Users/chris/Dev/Projects/TheFantasyWorldSimulator/src/engine/orchestrator.ts:1896:18)
    at C:/Users/chris/Dev/Projects/TheFantasyWorldSimulator/src/engine/__tests__/contracts/encounter-liveness.contract.test.ts:184:15
    at file:///C:/Users/chris/Dev/Projects/TheFantasyWorldSimulator/node_modules/@vitest/runner/dist/index.js:145:11
    at file:///C:/Users/chris/Dev/Projects/TheFantasyWorldSimulator/node_modules/@vitest/runner/dist/index.js:915:26
    at file:///C:/Users/chris/Dev/Projects/TheFantasyWorldSimulator/node_modules/@vitest/runner/dist/index.js:1243:20
    at new Promise (<anonymous>)
    at runWithTimeout (file:///C:/Users/chris/Dev/Projects/TheFantasyWorldSimulator/node_modules/@vitest/runner/dist/index.js:1209:10)
[Orchestrator] Tick crashed, returning previous state: Error: Trait not found: trait.reputation.power.renown
    at assignTrait (C:/Users/chris/Dev/Projects/TheFantasyWorldSimulator/src/engine/traits.ts:44:25)
    at syncReputationTrait (C:/Users/chris/Dev/Projects/TheFantasyWorldSimulator/src/engine/phaseReputationTraits.ts:297:5)
    at phaseReputationTraits (C:/Users/chris/Dev/Projects/TheFantasyWorldSimulator/src/engine/phaseReputationTraits.ts:273:7)
    at runTick (C:/Users/chris/Dev/Projects/TheFantasyWorldSimulator/src/engine/orchestrator.ts:1896:18)
    at C:/Users/chris/Dev/Projects/TheFantasyWorldSimulator/src/engine/__tests__/contracts/encounter-liveness.contract.test.ts:184:15
    at file:///C:/Users/chris/Dev/Projects/TheFantasyWorldSimulator/node_modules/@vitest/runner/dist/index.js:145:11
    at file:///C:/Users/chris/Dev/Projects/TheFantasyWorldSimulator/node_modules/@vitest/runner/dist/index.js:915:26
    at file:///C:/Users/chris/Dev/Projects/TheFantasyWorldSimulator/node_modules/@vitest/runner/dist/index.js:1243:20
    at new Promise (<anonymous>)
    at runWithTimeout (file:///C:/Users/chris/Dev/Projects/TheFantasyWorldSimulator/node_modules/@vitest/runner/dist/index.js:1209:10)
[Orchestrator] Tick crashed, returning previous state: Error: Trait not found: trait.reputation.power.renown
    at assignTrait (C:/Users/chris/Dev/Projects/TheFantasyWorldSimulator/src/engine/traits.ts:44:25)
    at syncReputationTrait (C:/Users/chris/Dev/Projects/TheFantasyWorldSimulator/src/engine/phaseReputationTraits.ts:297:5)
    at phaseReputationTraits (C:/Users/chris/Dev/Projects/TheFantasyWorldSimulator/src/engine/phaseReputationTraits.ts:273:7)
    at runTick (C:/Users/chris/Dev/Projects/TheFantasyWorldSimulator/src/engine/orchestrator.ts:1896:18)
    at C:/Users/chris/Dev/Projects/TheFantasyWorldSimulator/src/engine/__tests__/contracts/encounter-liveness.contract.test.ts:184:15
    at file:///C:/Users/chris/Dev/Projects/TheFantasyWorldSimulator/node_modules/@vitest/runner/dist/index.js:145:11
    at file:///C:/Users/chris/Dev/Projects/TheFantasyWorldSimulator/node_modules/@vitest/runner/dist/index.js:915:26
    at file:///C:/Users/chris/Dev/Projects/TheFantasyWorldSimulator/node_modules/@vitest/runner/dist/index.js:1243:20
    at new Promise (<anonymous>)
    at runWithTimeout (file:///C:/Users/chris/Dev/Projects/TheFantasyWorldSimulator/node_modules/@vitest/runner/dist/index.js:1209:10)
[Orchestrator] Tick crashed, returning previous state: Error: Trait not found: trait.reputation.power.renown
    at assignTrait (C:/Users/chris/Dev/Projects/TheFantasyWorldSimulator/src/engine/traits.ts:44:25)
    at syncReputationTrait (C:/Users/chris/Dev/Projects/TheFantasyWorldSimulator/src/engine/phaseReputationTraits.ts:297:5)
    at phaseReputationTraits (C:/Users/chris/Dev/Projects/TheFantasyWorldSimulator/src/engine/phaseReputationTraits.ts:273:7)
    at runTick (C:/Users/chris/Dev/Projects/TheFantasyWorldSimulator/src/engine/orchestrator.ts:1896:18)
    at C:/Users/chris/Dev/Projects/TheFantasyWorldSimulator/src/engine/__tests__/contracts/encounter-liveness.contract.test.ts:184:15
    at file:///C:/Users/chris/Dev/Projects/TheFantasyWorldSimulator/node_modules/@vitest/runner/dist/index.js:145:11
    at file:///C:/Users/chris/Dev/Projects/TheFantasyWorldSimulator/node_modules/@vitest/runner/dist/index.js:915:26
    at file:///C:/Users/chris/Dev/Projects/TheFantasyWorldSimulator/node_modules/@vitest/runner/dist/index.js:1243:20
    at new Promise (<anonymous>)
    at runWithTimeout (file:///C:/Users/chris/Dev/Projects/TheFantasyWorldSimulator/node_modules/@vitest/runner/dist/index.js:1209:10)
[Orchestrator] Tick crashed, returning previous state: Error: Trait not found: trait.reputation.power.renown
    at assignTrait (C:/Users/chris/Dev/Projects/TheFantasyWorldSimulator/src/engine/traits.ts:44:25)
    at syncReputationTrait (C:/Users/chris/Dev/Projects/TheFantasyWorldSimulator/src/engine/phaseReputationTraits.ts:297:5)
    at phaseReputationTraits (C:/Users/chris/Dev/Projects/TheFantasyWorldSimulator/src/engine/phaseReputationTraits.ts:273:7)
    at runTick (C:/Users/chris/Dev/Projects/TheFantasyWorldSimulator/src/engine/orchestrator.ts:1896:18)
    at C:/Users/chris/Dev/Projects/TheFantasyWorldSimulator/src/engine/__tests__/contracts/encounter-liveness.contract.test.ts:184:15
    at file:///C:/Users/chris/Dev/Projects/TheFantasyWorldSimulator/node_modules/@vitest/runner/dist/index.js:145:11
    at file:///C:/Users/chris/Dev/Projects/TheFantasyWorldSimulator/node_modules/@vitest/runner/dist/index.js:915:26
    at file:///C:/Users/chris/Dev/Projects/TheFantasyWorldSimulator/node_modules/@vitest/runner/dist/index.js:1243:20
    at new Promise (<anonymous>)
    at runWithTimeout (file:///C:/Users/chris/Dev/Projects/TheFantasyWorldSimulator/node_modules/@vitest/runner/dist/index.js:1209:10)
[Orchestrator] Tick crashed, returning previous state: Error: Trait not found: trait.reputation.power.renown
    at assignTrait (C:/Users/chris/Dev/Projects/TheFantasyWorldSimulator/src/engine/traits.ts:44:25)
    at syncReputationTrait (C:/Users/chris/Dev/Projects/TheFantasyWorldSimulator/src/engine/phaseReputationTraits.ts:297:5)
    at phaseReputationTraits (C:/Users/chris/Dev/Projects/TheFantasyWorldSimulator/src/engine/phaseReputationTraits.ts:273:7)
    at runTick (C:/Users/chris/Dev/Projects/TheFantasyWorldSimulator/src/engine/orchestrator.ts:1896:18)
    at C:/Users/chris/Dev/Projects/TheFantasyWorldSimulator/src/engine/__tests__/contracts/encounter-liveness.contract.test.ts:184:15
    at file:///C:/Users/chris/Dev/Projects/TheFantasyWorldSimulator/node_modules/@vitest/runner/dist/index.js:145:11
    at file:///C:/Users/chris/Dev/Projects/TheFantasyWorldSimulator/node_modules/@vitest/runner/dist/index.js:915:26
    at file:///C:/Users/chris/Dev/Projects/TheFantasyWorldSimulator/node_modules/@vitest/runner/dist/index.js:1243:20
    at new Promise (<anonymous>)
    at runWithTimeout (file:///C:/Users/chris/Dev/Projects/TheFantasyWorldSimulator/node_modules/@vitest/runner/dist/index.js:1209:10)
[Orchestrator] Tick crashed, returning previous state: Error: Trait not found: trait.reputation.power.renown
    at assignTrait (C:/Users/chris/Dev/Projects/TheFantasyWorldSimulator/src/engine/traits.ts:44:25)
    at syncReputationTrait (C:/Users/chris/Dev/Projects/TheFantasyWorldSimulator/src/engine/phaseReputationTraits.ts:297:5)
    at phaseReputationTraits (C:/Users/chris/Dev/Projects/TheFantasyWorldSimulator/src/engine/phaseReputationTraits.ts:273:7)
    at runTick (C:/Users/chris/Dev/Projects/TheFantasyWorldSimulator/src/engine/orchestrator.ts:1896:18)
    at C:/Users/chris/Dev/Projects/TheFantasyWorldSimulator/src/engine/__tests__/contracts/encounter-liveness.contract.test.ts:184:15
    at file:///C:/Users/chris/Dev/Projects/TheFantasyWorldSimulator/node_modules/@vitest/runner/dist/index.js:145:11
    at file:///C:/Users/chris/Dev/Projects/TheFantasyWorldSimulator/node_modules/@vitest/runner/dist/index.js:915:26
    at file:///C:/Users/chris/Dev/Projects/TheFantasyWorldSimulator/node_modules/@vitest/runner/dist/index.js:1243:20
    at new Promise (<anonymous>)
    at runWithTimeout (file:///C:/Users/chris/Dev/Projects/TheFantasyWorldSimulator/node_modules/@vitest/runner/dist/index.js:1209:10)
[Orchestrator] Tick crashed, returning previous state: Error: Trait not found: trait.reputation.power.renown
    at assignTrait (C:/Users/chris/Dev/Projects/TheFantasyWorldSimulator/src/engine/traits.ts:44:25)
    at syncReputationTrait (C:/Users/chris/Dev/Projects/TheFantasyWorldSimulator/src/engine/phaseReputationTraits.ts:297:5)
    at phaseReputationTraits (C:/Users/chris/Dev/Projects/TheFantasyWorldSimulator/src/engine/phaseReputationTraits.ts:273:7)
    at runTick (C:/Users/chris/Dev/Projects/TheFantasyWorldSimulator/src/engine/orchestrator.ts:1896:18)
    at C:/Users/chris/Dev/Projects/TheFantasyWorldSimulator/src/engine/__tests__/contracts/encounter-liveness.contract.test.ts:184:15
    at file:///C:/Users/chris/Dev/Projects/TheFantasyWorldSimulator/node_modules/@vitest/runner/dist/index.js:145:11
    at file:///C:/Users/chris/Dev/Projects/TheFantasyWorldSimulator/node_modules/@vitest/runner/dist/index.js:915:26
    at file:///C:/Users/chris/Dev/Projects/TheFantasyWorldSimulator/node_modules/@vitest/runner/dist/index.js:1243:20
    at new Promise (<anonymous>)
    at runWithTimeout (file:///C:/Users/chris/Dev/Projects/TheFantasyWorldSimulator/node_modules/@vitest/runner/dist/index.js:1209:10)
[Orchestrator] Tick crashed, returning previous state: Error: Trait not found: trait.reputation.power.renown
    at assignTrait (C:/Users/chris/Dev/Projects/TheFantasyWorldSimulator/src/engine/traits.ts:44:25)
    at syncReputationTrait (C:/Users/chris/Dev/Projects/TheFantasyWorldSimulator/src/engine/phaseReputationTraits.ts:297:5)
    at phaseReputationTraits (C:/Users/chris/Dev/Projects/TheFantasyWorldSimulator/src/engine/phaseReputationTraits.ts:273:7)
    at runTick (C:/Users/chris/Dev/Projects/TheFantasyWorldSimulator/src/engine/orchestrator.ts:1896:18)
    at C:/Users/chris/Dev/Projects/TheFantasyWorldSimulator/src/engine/__tests__/contracts/encounter-liveness.contract.test.ts:184:15
    at file:///C:/Users/chris/Dev/Projects/TheFantasyWorldSimulator/node_modules/@vitest/runner/dist/index.js:145:11
    at file:///C:/Users/chris/Dev/Projects/TheFantasyWorldSimulator/node_modules/@vitest/runner/dist/index.js:915:26
    at file:///C:/Users/chris/Dev/Projects/TheFantasyWorldSimulator/node_modules/@vitest/runner/dist/index.js:1243:20
    at new Promise (<anonymous>)
    at runWithTimeout (file:///C:/Users/chris/Dev/Projects/TheFantasyWorldSimulator/node_modules/@vitest/runner/dist/index.js:1209:10)
[Orchestrator] Tick crashed, returning previous state: Error: Trait not found: trait.reputation.power.renown
    at assignTrait (C:/Users/chris/Dev/Projects/TheFantasyWorldSimulator/src/engine/traits.ts:44:25)
    at syncReputationTrait (C:/Users/chris/Dev/Projects/TheFantasyWorldSimulator/src/engine/phaseReputationTraits.ts:297:5)
    at phaseReputationTraits (C:/Users/chris/Dev/Projects/TheFantasyWorldSimulator/src/engine/phaseReputationTraits.ts:273:7)
    at runTick (C:/Users/chris/Dev/Projects/TheFantasyWorldSimulator/src/engine/orchestrator.ts:1896:18)
    at C:/Users/chris/Dev/Projects/TheFantasyWorldSimulator/src/engine/__tests__/contracts/encounter-liveness.contract.test.ts:184:15
    at file:///C:/Users/chris/Dev/Projects/TheFantasyWorldSimulator/node_modules/@vitest/runner/dist/index.js:145:11
    at file:///C:/Users/chris/Dev/Projects/TheFantasyWorldSimulator/node_modules/@vitest/runner/dist/index.js:915:26
    at file:///C:/Users/chris/Dev/Projects/TheFantasyWorldSimulator/node_modules/@vitest/runner/dist/index.js:1243:20
    at new Promise (<anonymous>)
    at runWithTimeout (file:///C:/Users/chris/Dev/Projects/TheFantasyWorldSimulator/node_modules/@vitest/runner/dist/index.js:1209:10)
[Orchestrator] Tick crashed, returning previous state: Error: Trait not found: trait.reputation.power.renown
    at assignTrait (C:/Users/chris/Dev/Projects/TheFantasyWorldSimulator/src/engine/traits.ts:44:25)
    at syncReputationTrait (C:/Users/chris/Dev/Projects/TheFantasyWorldSimulator/src/engine/phaseReputationTraits.ts:297:5)
    at phaseReputationTraits (C:/Users/chris/Dev/Projects/TheFantasyWorldSimulator/src/engine/phaseReputationTraits.ts:273:7)
    at runTick (C:/Users/chris/Dev/Projects/TheFantasyWorldSimulator/src/engine/orchestrator.ts:1896:18)
    at C:/Users/chris/Dev/Projects/TheFantasyWorldSimulator/src/engine/__tests__/contracts/encounter-liveness.contract.test.ts:184:15
    at file:///C:/Users/chris/Dev/Projects/TheFantasyWorldSimulator/node_modules/@vitest/runner/dist/index.js:145:11
    at file:///C:/Users/chris/Dev/Projects/TheFantasyWorldSimulator/node_modules/@vitest/runner/dist/index.js:915:26
    at file:///C:/Users/chris/Dev/Projects/TheFantasyWorldSimulator/node_modules/@vitest/runner/dist/index.js:1243:20
    at new Promise (<anonymous>)
    at runWithTimeout (file:///C:/Users/chris/Dev/Projects/TheFantasyWorldSimulator/node_modules/@vitest/runner/dist/index.js:1209:10)
[Orchestrator] Tick crashed, returning previous state: Error: Trait not found: trait.reputation.power.renown
    at assignTrait (C:/Users/chris/Dev/Projects/TheFantasyWorldSimulator/src/engine/traits.ts:44:25)
    at syncReputationTrait (C:/Users/chris/Dev/Projects/TheFantasyWorldSimulator/src/engine/phaseReputationTraits.ts:297:5)
    at phaseReputationTraits (C:/Users/chris/Dev/Projects/TheFantasyWorldSimulator/src/engine/phaseReputationTraits.ts:273:7)
    at runTick (C:/Users/chris/Dev/Projects/TheFantasyWorldSimulator/src/engine/orchestrator.ts:1896:18)
    at C:/Users/chris/Dev/Projects/TheFantasyWorldSimulator/src/engine/__tests__/contracts/encounter-liveness.contract.test.ts:184:15
    at file:///C:/Users/chris/Dev/Projects/TheFantasyWorldSimulator/node_modules/@vitest/runner/dist/index.js:145:11
    at file:///C:/Users/chris/Dev/Projects/TheFantasyWorldSimulator/node_modules/@vitest/runner/dist/index.js:915:26
    at file:///C:/Users/chris/Dev/Projects/TheFantasyWorldSimulator/node_modules/@vitest/runner/dist/index.js:1243:20
    at new Promise (<anonymous>)
    at runWithTimeout (file:///C:/Users/chris/Dev/Projects/TheFantasyWorldSimulator/node_modules/@vitest/runner/dist/index.js:1209:10)
[Orchestrator] Tick crashed, returning previous state: Error: Trait not found: trait.reputation.power.renown
    at assignTrait (C:/Users/chris/Dev/Projects/TheFantasyWorldSimulator/src/engine/traits.ts:44:25)
    at syncReputationTrait (C:/Users/chris/Dev/Projects/TheFantasyWorldSimulator/src/engine/phaseReputationTraits.ts:297:5)
    at phaseReputationTraits (C:/Users/chris/Dev/Projects/TheFantasyWorldSimulator/src/engine/phaseReputationTraits.ts:273:7)
    at runTick (C:/Users/chris/Dev/Projects/TheFantasyWorldSimulator/src/engine/orchestrator.ts:1896:18)
    at C:/Users/chris/Dev/Projects/TheFantasyWorldSimulator/src/engine/__tests__/contracts/encounter-liveness.contract.test.ts:184:15
    at file:///C:/Users/chris/Dev/Projects/TheFantasyWorldSimulator/node_modules/@vitest/runner/dist/index.js:145:11
    at file:///C:/Users/chris/Dev/Projects/TheFantasyWorldSimulator/node_modules/@vitest/runner/dist/index.js:915:26
    at file:///C:/Users/chris/Dev/Projects/TheFantasyWorldSimulator/node_modules/@vitest/runner/dist/index.js:1243:20
    at new Promise (<anonymous>)
    at runWithTimeout (file:///C:/Users/chris/Dev/Projects/TheFantasyWorldSimulator/node_modules/@vitest/runner/dist/index.js:1209:10)
[Orchestrator] Tick crashed, returning previous state: Error: Trait not found: trait.reputation.power.renown
    at assignTrait (C:/Users/chris/Dev/Projects/TheFantasyWorldSimulator/src/engine/traits.ts:44:25)
    at syncReputationTrait (C:/Users/chris/Dev/Projects/TheFantasyWorldSimulator/src/engine/phaseReputationTraits.ts:297:5)
    at phaseReputationTraits (C:/Users/chris/Dev/Projects/TheFantasyWorldSimulator/src/engine/phaseReputationTraits.ts:273:7)
    at runTick (C:/Users/chris/Dev/Projects/TheFantasyWorldSimulator/src/engine/orchestrator.ts:1896:18)
    at C:/Users/chris/Dev/Projects/TheFantasyWorldSimulator/src/engine/__tests__/contracts/encounter-liveness.contract.test.ts:184:15
    at file:///C:/Users/chris/Dev/Projects/TheFantasyWorldSimulator/node_modules/@vitest/runner/dist/index.js:145:11
    at file:///C:/Users/chris/Dev/Projects/TheFantasyWorldSimulator/node_modules/@vitest/runner/dist/index.js:915:26
    at file:///C:/Users/chris/Dev/Projects/TheFantasyWorldSimulator/node_modules/@vitest/runner/dist/index.js:1243:20
    at new Promise (<anonymous>)
    at runWithTimeout (file:///C:/Users/chris/Dev/Projects/TheFantasyWorldSimulator/node_modules/@vitest/runner/dist/index.js:1209:10)
[Orchestrator] Tick crashed, returning previous state: Error: Trait not found: trait.reputation.power.renown
    at assignTrait (C:/Users/chris/Dev/Projects/TheFantasyWorldSimulator/src/engine/traits.ts:44:25)
    at syncReputationTrait (C:/Users/chris/Dev/Projects/TheFantasyWorldSimulator/src/engine/phaseReputationTraits.ts:297:5)
    at phaseReputationTraits (C:/Users/chris/Dev/Projects/TheFantasyWorldSimulator/src/engine/phaseReputationTraits.ts:273:7)
    at runTick (C:/Users/chris/Dev/Projects/TheFantasyWorldSimulator/src/engine/orchestrator.ts:1896:18)
    at C:/Users/chris/Dev/Projects/TheFantasyWorldSimulator/src/engine/__tests__/contracts/encounter-liveness.contract.test.ts:184:15
    at file:///C:/Users/chris/Dev/Projects/TheFantasyWorldSimulator/node_modules/@vitest/runner/dist/index.js:145:11
    at file:///C:/Users/chris/Dev/Projects/TheFantasyWorldSimulator/node_modules/@vitest/runner/dist/index.js:915:26
    at file:///C:/Users/chris/Dev/Projects/TheFantasyWorldSimulator/node_modules/@vitest/runner/dist/index.js:1243:20
    at new Promise (<anonymous>)
    at runWithTimeout (file:///C:/Users/chris/Dev/Projects/TheFantasyWorldSimulator/node_modules/@vitest/runner/dist/index.js:1209:10)
[Orchestrator] Tick crashed, returning previous state: Error: Trait not found: trait.reputation.power.renown
    at assignTrait (C:/Users/chris/Dev/Projects/TheFantasyWorldSimulator/src/engine/traits.ts:44:25)
    at syncReputationTrait (C:/Users/chris/Dev/Projects/TheFantasyWorldSimulator/src/engine/phaseReputationTraits.ts:297:5)
    at phaseReputationTraits (C:/Users/chris/Dev/Projects/TheFantasyWorldSimulator/src/engine/phaseReputationTraits.ts:273:7)
    at runTick (C:/Users/chris/Dev/Projects/TheFantasyWorldSimulator/src/engine/orchestrator.ts:1896:18)
    at C:/Users/chris/Dev/Projects/TheFantasyWorldSimulator/src/engine/__tests__/contracts/encounter-liveness.contract.test.ts:184:15
    at file:///C:/Users/chris/Dev/Projects/TheFantasyWorldSimulator/node_modules/@vitest/runner/dist/index.js:145:11
    at file:///C:/Users/chris/Dev/Projects/TheFantasyWorldSimulator/node_modules/@vitest/runner/dist/index.js:915:26
    at file:///C:/Users/chris/Dev/Projects/TheFantasyWorldSimulator/node_modules/@vitest/runner/dist/index.js:1243:20
    at new Promise (<anonymous>)
    at runWithTimeout (file:///C:/Users/chris/Dev/Projects/TheFantasyWorldSimulator/node_modules/@vitest/runner/dist/index.js:1209:10)
[Orchestrator] Tick crashed, returning previous state: Error: Trait not found: trait.reputation.power.renown
    at assignTrait (C:/Users/chris/Dev/Projects/TheFantasyWorldSimulator/src/engine/traits.ts:44:25)
    at syncReputationTrait (C:/Users/chris/Dev/Projects/TheFantasyWorldSimulator/src/engine/phaseReputationTraits.ts:297:5)
    at phaseReputationTraits (C:/Users/chris/Dev/Projects/TheFantasyWorldSimulator/src/engine/phaseReputationTraits.ts:273:7)
    at runTick (C:/Users/chris/Dev/Projects/TheFantasyWorldSimulator/src/engine/orchestrator.ts:1896:18)
    at C:/Users/chris/Dev/Projects/TheFantasyWorldSimulator/src/engine/__tests__/contracts/encounter-liveness.contract.test.ts:184:15
    at file:///C:/Users/chris/Dev/Projects/TheFantasyWorldSimulator/node_modules/@vitest/runner/dist/index.js:145:11
    at file:///C:/Users/chris/Dev/Projects/TheFantasyWorldSimulator/node_modules/@vitest/runner/dist/index.js:915:26
    at file:///C:/Users/chris/Dev/Projects/TheFantasyWorldSimulator/node_modules/@vitest/runner/dist/index.js:1243:20
    at new Promise (<anonymous>)
    at runWithTimeout (file:///C:/Users/chris/Dev/Projects/TheFantasyWorldSimulator/node_modules/@vitest/runner/dist/index.js:1209:10)
[Orchestrator] Tick crashed, returning previous state: Error: Trait not found: trait.reputation.power.renown
    at assignTrait (C:/Users/chris/Dev/Projects/TheFantasyWorldSimulator/src/engine/traits.ts:44:25)
    at syncReputationTrait (C:/Users/chris/Dev/Projects/TheFantasyWorldSimulator/src/engine/phaseReputationTraits.ts:297:5)
    at phaseReputationTraits (C:/Users/chris/Dev/Projects/TheFantasyWorldSimulator/src/engine/phaseReputationTraits.ts:273:7)
    at runTick (C:/Users/chris/Dev/Projects/TheFantasyWorldSimulator/src/engine/orchestrator.ts:1896:18)
    at C:/Users/chris/Dev/Projects/TheFantasyWorldSimulator/src/engine/__tests__/contracts/encounter-liveness.contract.test.ts:184:15
    at file:///C:/Users/chris/Dev/Projects/TheFantasyWorldSimulator/node_modules/@vitest/runner/dist/index.js:145:11
    at file:///C:/Users/chris/Dev/Projects/TheFantasyWorldSimulator/node_modules/@vitest/runner/dist/index.js:915:26
    at file:///C:/Users/chris/Dev/Projects/TheFantasyWorldSimulator/node_modules/@vitest/runner/dist/index.js:1243:20
    at new Promise (<anonymous>)
    at runWithTimeout (file:///C:/Users/chris/Dev/Projects/TheFantasyWorldSimulator/node_modules/@vitest/runner/dist/index.js:1209:10)
[Orchestrator] Tick crashed, returning previous state: Error: Trait not found: trait.reputation.power.renown
    at assignTrait (C:/Users/chris/Dev/Projects/TheFantasyWorldSimulator/src/engine/traits.ts:44:25)
    at syncReputationTrait (C:/Users/chris/Dev/Projects/TheFantasyWorldSimulator/src/engine/phaseReputationTraits.ts:297:5)
    at phaseReputationTraits (C:/Users/chris/Dev/Projects/TheFantasyWorldSimulator/src/engine/phaseReputationTraits.ts:273:7)
    at runTick (C:/Users/chris/Dev/Projects/TheFantasyWorldSimulator/src/engine/orchestrator.ts:1896:18)
    at C:/Users/chris/Dev/Projects/TheFantasyWorldSimulator/src/engine/__tests__/contracts/encounter-liveness.contract.test.ts:184:15
    at file:///C:/Users/chris/Dev/Projects/TheFantasyWorldSimulator/node_modules/@vitest/runner/dist/index.js:145:11
    at file:///C:/Users/chris/Dev/Projects/TheFantasyWorldSimulator/node_modules/@vitest/runner/dist/index.js:915:26
    at file:///C:/Users/chris/Dev/Projects/TheFantasyWorldSimulator/node_modules/@vitest/runner/dist/index.js:1243:20
    at new Promise (<anonymous>)
    at runWithTimeout (file:///C:/Users/chris/Dev/Projects/TheFantasyWorldSimulator/node_modules/@vitest/runner/dist/index.js:1209:10)
[Orchestrator] Tick crashed, returning previous state: Error: Trait not found: trait.reputation.power.renown
    at assignTrait (C:/Users/chris/Dev/Projects/TheFantasyWorldSimulator/src/engine/traits.ts:44:25)
    at syncReputationTrait (C:/Users/chris/Dev/Projects/TheFantasyWorldSimulator/src/engine/phaseReputationTraits.ts:297:5)
    at phaseReputationTraits (C:/Users/chris/Dev/Projects/TheFantasyWorldSimulator/src/engine/phaseReputationTraits.ts:273:7)
    at runTick (C:/Users/chris/Dev/Projects/TheFantasyWorldSimulator/src/engine/orchestrator.ts:1896:18)
    at C:/Users/chris/Dev/Projects/TheFantasyWorldSimulator/src/engine/__tests__/contracts/encounter-liveness.contract.test.ts:184:15
    at file:///C:/Users/chris/Dev/Projects/TheFantasyWorldSimulator/node_modules/@vitest/runner/dist/index.js:145:11
    at file:///C:/Users/chris/Dev/Projects/TheFantasyWorldSimulator/node_modules/@vitest/runner/dist/index.js:915:26
    at file:///C:/Users/chris/Dev/Projects/TheFantasyWorldSimulator/node_modules/@vitest/runner/dist/index.js:1243:20
    at new Promise (<anonymous>)
    at runWithTimeout (file:///C:/Users/chris/Dev/Projects/TheFantasyWorldSimulator/node_modules/@vitest/runner/dist/index.js:1209:10)
[Orchestrator] Tick crashed, returning previous state: Error: Trait not found: trait.reputation.power.renown
    at assignTrait (C:/Users/chris/Dev/Projects/TheFantasyWorldSimulator/src/engine/traits.ts:44:25)
    at syncReputationTrait (C:/Users/chris/Dev/Projects/TheFantasyWorldSimulator/src/engine/phaseReputationTraits.ts:297:5)
    at phaseReputationTraits (C:/Users/chris/Dev/Projects/TheFantasyWorldSimulator/src/engine/phaseReputationTraits.ts:273:7)
    at runTick (C:/Users/chris/Dev/Projects/TheFantasyWorldSimulator/src/engine/orchestrator.ts:1896:18)
    at C:/Users/chris/Dev/Projects/TheFantasyWorldSimulator/src/engine/__tests__/contracts/encounter-liveness.contract.test.ts:184:15
    at file:///C:/Users/chris/Dev/Projects/TheFantasyWorldSimulator/node_modules/@vitest/runner/dist/index.js:145:11
    at file:///C:/Users/chris/Dev/Projects/TheFantasyWorldSimulator/node_modules/@vitest/runner/dist/index.js:915:26
    at file:///C:/Users/chris/Dev/Projects/TheFantasyWorldSimulator/node_modules/@vitest/runner/dist/index.js:1243:20
    at new Promise (<anonymous>)
    at runWithTimeout (file:///C:/Users/chris/Dev/Projects/TheFantasyWorldSimulator/node_modules/@vitest/runner/dist/index.js:1209:10)
[Orchestrator] Tick crashed, returning previous state: Error: Trait not found: trait.reputation.power.renown
    at assignTrait (C:/Users/chris/Dev/Projects/TheFantasyWorldSimulator/src/engine/traits.ts:44:25)
    at syncReputationTrait (C:/Users/chris/Dev/Projects/TheFantasyWorldSimulator/src/engine/phaseReputationTraits.ts:297:5)
    at phaseReputationTraits (C:/Users/chris/Dev/Projects/TheFantasyWorldSimulator/src/engine/phaseReputationTraits.ts:273:7)
    at runTick (C:/Users/chris/Dev/Projects/TheFantasyWorldSimulator/src/engine/orchestrator.ts:1896:18)
    at C:/Users/chris/Dev/Projects/TheFantasyWorldSimulator/src/engine/__tests__/contracts/encounter-liveness.contract.test.ts:184:15
    at file:///C:/Users/chris/Dev/Projects/TheFantasyWorldSimulator/node_modules/@vitest/runner/dist/index.js:145:11
    at file:///C:/Users/chris/Dev/Projects/TheFantasyWorldSimulator/node_modules/@vitest/runner/dist/index.js:915:26
    at file:///C:/Users/chris/Dev/Projects/TheFantasyWorldSimulator/node_modules/@vitest/runner/dist/index.js:1243:20
    at new Promise (<anonymous>)
    at runWithTimeout (file:///C:/Users/chris/Dev/Projects/TheFantasyWorldSimulator/node_modules/@vitest/runner/dist/index.js:1209:10)
[Orchestrator] Tick crashed, returning previous state: Error: Trait not found: trait.reputation.power.renown
    at assignTrait (C:/Users/chris/Dev/Projects/TheFantasyWorldSimulator/src/engine/traits.ts:44:25)
    at syncReputationTrait (C:/Users/chris/Dev/Projects/TheFantasyWorldSimulator/src/engine/phaseReputationTraits.ts:297:5)
    at phaseReputationTraits (C:/Users/chris/Dev/Projects/TheFantasyWorldSimulator/src/engine/phaseReputationTraits.ts:273:7)
    at runTick (C:/Users/chris/Dev/Projects/TheFantasyWorldSimulator/src/engine/orchestrator.ts:1896:18)
    at C:/Users/chris/Dev/Projects/TheFantasyWorldSimulator/src/engine/__tests__/contracts/encounter-liveness.contract.test.ts:184:15
    at file:///C:/Users/chris/Dev/Projects/TheFantasyWorldSimulator/node_modules/@vitest/runner/dist/index.js:145:11
    at file:///C:/Users/chris/Dev/Projects/TheFantasyWorldSimulator/node_modules/@vitest/runner/dist/index.js:915:26
    at file:///C:/Users/chris/Dev/Projects/TheFantasyWorldSimulator/node_modules/@vitest/runner/dist/index.js:1243:20
    at new Promise (<anonymous>)
    at runWithTimeout (file:///C:/Users/chris/Dev/Projects/TheFantasyWorldSimulator/node_modules/@vitest/runner/dist/index.js:1209:10)
[Orchestrator] Tick crashed, returning previous state: Error: Trait not found: trait.reputation.power.renown
    at assignTrait (C:/Users/chris/Dev/Projects/TheFantasyWorldSimulator/src/engine/traits.ts:44:25)
    at syncReputationTrait (C:/Users/chris/Dev/Projects/TheFantasyWorldSimulator/src/engine/phaseReputationTraits.ts:297:5)
    at phaseReputationTraits (C:/Users/chris/Dev/Projects/TheFantasyWorldSimulator/src/engine/phaseReputationTraits.ts:273:7)
    at runTick (C:/Users/chris/Dev/Projects/TheFantasyWorldSimulator/src/engine/orchestrator.ts:1896:18)
    at C:/Users/chris/Dev/Projects/TheFantasyWorldSimulator/src/engine/__tests__/contracts/encounter-liveness.contract.test.ts:184:15
    at file:///C:/Users/chris/Dev/Projects/TheFantasyWorldSimulator/node_modules/@vitest/runner/dist/index.js:145:11
    at file:///C:/Users/chris/Dev/Projects/TheFantasyWorldSimulator/node_modules/@vitest/runner/dist/index.js:915:26
    at file:///C:/Users/chris/Dev/Projects/TheFantasyWorldSimulator/node_modules/@vitest/runner/dist/index.js:1243:20
    at new Promise (<anonymous>)
    at runWithTimeout (file:///C:/Users/chris/Dev/Projects/TheFantasyWorldSimulator/node_modules/@vitest/runner/dist/index.js:1209:10)
[Orchestrator] Tick crashed, returning previous state: Error: Trait not found: trait.reputation.power.renown
    at assignTrait (C:/Users/chris/Dev/Projects/TheFantasyWorldSimulator/src/engine/traits.ts:44:25)
    at syncReputationTrait (C:/Users/chris/Dev/Projects/TheFantasyWorldSimulator/src/engine/phaseReputationTraits.ts:297:5)
    at phaseReputationTraits (C:/Users/chris/Dev/Projects/TheFantasyWorldSimulator/src/engine/phaseReputationTraits.ts:273:7)
    at runTick (C:/Users/chris/Dev/Projects/TheFantasyWorldSimulator/src/engine/orchestrator.ts:1896:18)
    at C:/Users/chris/Dev/Projects/TheFantasyWorldSimulator/src/engine/__tests__/contracts/encounter-liveness.contract.test.ts:184:15
    at file:///C:/Users/chris/Dev/Projects/TheFantasyWorldSimulator/node_modules/@vitest/runner/dist/index.js:145:11
    at file:///C:/Users/chris/Dev/Projects/TheFantasyWorldSimulator/node_modules/@vitest/runner/dist/index.js:915:26
    at file:///C:/Users/chris/Dev/Projects/TheFantasyWorldSimulator/node_modules/@vitest/runner/dist/index.js:1243:20
    at new Promise (<anonymous>)
    at runWithTimeout (file:///C:/Users/chris/Dev/Projects/TheFantasyWorldSimulator/node_modules/@vitest/runner/dist/index.js:1209:10)
[Orchestrator] Tick crashed, returning previous state: Error: Trait not found: trait.reputation.power.renown
    at assignTrait (C:/Users/chris/Dev/Projects/TheFantasyWorldSimulator/src/engine/traits.ts:44:25)
    at syncReputationTrait (C:/Users/chris/Dev/Projects/TheFantasyWorldSimulator/src/engine/phaseReputationTraits.ts:297:5)
    at phaseReputationTraits (C:/Users/chris/Dev/Projects/TheFantasyWorldSimulator/src/engine/phaseReputationTraits.ts:273:7)
    at runTick (C:/Users/chris/Dev/Projects/TheFantasyWorldSimulator/src/engine/orchestrator.ts:1896:18)
    at C:/Users/chris/Dev/Projects/TheFantasyWorldSimulator/src/engine/__tests__/contracts/encounter-liveness.contract.test.ts:184:15
    at file:///C:/Users/chris/Dev/Projects/TheFantasyWorldSimulator/node_modules/@vitest/runner/dist/index.js:145:11
    at file:///C:/Users/chris/Dev/Projects/TheFantasyWorldSimulator/node_modules/@vitest/runner/dist/index.js:915:26
    at file:///C:/Users/chris/Dev/Projects/TheFantasyWorldSimulator/node_modules/@vitest/runner/dist/index.js:1243:20
    at new Promise (<anonymous>)
    at runWithTimeout (file:///C:/Users/chris/Dev/Projects/TheFantasyWorldSimulator/node_modules/@vitest/runner/dist/index.js:1209:10)
[Orchestrator] Tick crashed, returning previous state: Error: Trait not found: trait.reputation.power.renown
    at assignTrait (C:/Users/chris/Dev/Projects/TheFantasyWorldSimulator/src/engine/traits.ts:44:25)
    at syncReputationTrait (C:/Users/chris/Dev/Projects/TheFantasyWorldSimulator/src/engine/phaseReputationTraits.ts:297:5)
    at phaseReputationTraits (C:/Users/chris/Dev/Projects/TheFantasyWorldSimulator/src/engine/phaseReputationTraits.ts:273:7)
    at runTick (C:/Users/chris/Dev/Projects/TheFantasyWorldSimulator/src/engine/orchestrator.ts:1896:18)
    at C:/Users/chris/Dev/Projects/TheFantasyWorldSimulator/src/engine/__tests__/contracts/encounter-liveness.contract.test.ts:184:15
    at file:///C:/Users/chris/Dev/Projects/TheFantasyWorldSimulator/node_modules/@vitest/runner/dist/index.js:145:11
    at file:///C:/Users/chris/Dev/Projects/TheFantasyWorldSimulator/node_modules/@vitest/runner/dist/index.js:915:26
    at file:///C:/Users/chris/Dev/Projects/TheFantasyWorldSimulator/node_modules/@vitest/runner/dist/index.js:1243:20
    at new Promise (<anonymous>)
    at runWithTimeout (file:///C:/Users/chris/Dev/Projects/TheFantasyWorldSimulator/node_modules/@vitest/runner/dist/index.js:1209:10)
[Orchestrator] Tick crashed, returning previous state: Error: Trait not found: trait.reputation.power.renown
    at assignTrait (C:/Users/chris/Dev/Projects/TheFantasyWorldSimulator/src/engine/traits.ts:44:25)
    at syncReputationTrait (C:/Users/chris/Dev/Projects/TheFantasyWorldSimulator/src/engine/phaseReputationTraits.ts:297:5)
    at phaseReputationTraits (C:/Users/chris/Dev/Projects/TheFantasyWorldSimulator/src/engine/phaseReputationTraits.ts:273:7)
    at runTick (C:/Users/chris/Dev/Projects/TheFantasyWorldSimulator/src/engine/orchestrator.ts:1896:18)
    at C:/Users/chris/Dev/Projects/TheFantasyWorldSimulator/src/engine/__tests__/contracts/encounter-liveness.contract.test.ts:184:15
    at file:///C:/Users/chris/Dev/Projects/TheFantasyWorldSimulator/node_modules/@vitest/runner/dist/index.js:145:11
    at file:///C:/Users/chris/Dev/Projects/TheFantasyWorldSimulator/node_modules/@vitest/runner/dist/index.js:915:26
    at file:///C:/Users/chris/Dev/Projects/TheFantasyWorldSimulator/node_modules/@vitest/runner/dist/index.js:1243:20
    at new Promise (<anonymous>)
    at runWithTimeout (file:///C:/Users/chris/Dev/Projects/TheFantasyWorldSimulator/node_modules/@vitest/runner/dist/index.js:1209:10)
[Orchestrator] Tick crashed, returning previous state: Error: Trait not found: trait.reputation.power.renown
    at assignTrait (C:/Users/chris/Dev/Projects/TheFantasyWorldSimulator/src/engine/traits.ts:44:25)
    at syncReputationTrait (C:/Users/chris/Dev/Projects/TheFantasyWorldSimulator/src/engine/phaseReputationTraits.ts:297:5)
    at phaseReputationTraits (C:/Users/chris/Dev/Projects/TheFantasyWorldSimulator/src/engine/phaseReputationTraits.ts:273:7)
    at runTick (C:/Users/chris/Dev/Projects/TheFantasyWorldSimulator/src/engine/orchestrator.ts:1896:18)
    at C:/Users/chris/Dev/Projects/TheFantasyWorldSimulator/src/engine/__tests__/contracts/encounter-liveness.contract.test.ts:184:15
    at file:///C:/Users/chris/Dev/Projects/TheFantasyWorldSimulator/node_modules/@vitest/runner/dist/index.js:145:11
    at file:///C:/Users/chris/Dev/Projects/TheFantasyWorldSimulator/node_modules/@vitest/runner/dist/index.js:915:26
    at file:///C:/Users/chris/Dev/Projects/TheFantasyWorldSimulator/node_modules/@vitest/runner/dist/index.js:1243:20
    at new Promise (<anonymous>)
    at runWithTimeout (file:///C:/Users/chris/Dev/Projects/TheFantasyWorldSimulator/node_modules/@vitest/runner/dist/index.js:1209:10)
[Orchestrator] Tick crashed, returning previous state: Error: Trait not found: trait.reputation.power.renown
    at assignTrait (C:/Users/chris/Dev/Projects/TheFantasyWorldSimulator/src/engine/traits.ts:44:25)
    at syncReputationTrait (C:/Users/chris/Dev/Projects/TheFantasyWorldSimulator/src/engine/phaseReputationTraits.ts:297:5)
    at phaseReputationTraits (C:/Users/chris/Dev/Projects/TheFantasyWorldSimulator/src/engine/phaseReputationTraits.ts:273:7)
    at runTick (C:/Users/chris/Dev/Projects/TheFantasyWorldSimulator/src/engine/orchestrator.ts:1896:18)
    at C:/Users/chris/Dev/Projects/TheFantasyWorldSimulator/src/engine/__tests__/contracts/encounter-liveness.contract.test.ts:184:15
    at file:///C:/Users/chris/Dev/Projects/TheFantasyWorldSimulator/node_modules/@vitest/runner/dist/index.js:145:11
    at file:///C:/Users/chris/Dev/Projects/TheFantasyWorldSimulator/node_modules/@vitest/runner/dist/index.js:915:26
    at file:///C:/Users/chris/Dev/Projects/TheFantasyWorldSimulator/node_modules/@vitest/runner/dist/index.js:1243:20
    at new Promise (<anonymous>)
    at runWithTimeout (file:///C:/Users/chris/Dev/Projects/TheFantasyWorldSimulator/node_modules/@vitest/runner/dist/index.js:1209:10)
[Orchestrator] Tick crashed, returning previous state: Error: Trait not found: trait.reputation.power.renown
    at assignTrait (C:/Users/chris/Dev/Projects/TheFantasyWorldSimulator/src/engine/traits.ts:44:25)
    at syncReputationTrait (C:/Users/chris/Dev/Projects/TheFantasyWorldSimulator/src/engine/phaseReputationTraits.ts:297:5)
    at phaseReputationTraits (C:/Users/chris/Dev/Projects/TheFantasyWorldSimulator/src/engine/phaseReputationTraits.ts:273:7)
    at runTick (C:/Users/chris/Dev/Projects/TheFantasyWorldSimulator/src/engine/orchestrator.ts:1896:18)
    at C:/Users/chris/Dev/Projects/TheFantasyWorldSimulator/src/engine/__tests__/contracts/encounter-liveness.contract.test.ts:184:15
    at file:///C:/Users/chris/Dev/Projects/TheFantasyWorldSimulator/node_modules/@vitest/runner/dist/index.js:145:11
    at file:///C:/Users/chris/Dev/Projects/TheFantasyWorldSimulator/node_modules/@vitest/runner/dist/index.js:915:26
    at file:///C:/Users/chris/Dev/Projects/TheFantasyWorldSimulator/node_modules/@vitest/runner/dist/index.js:1243:20
    at new Promise (<anonymous>)
    at runWithTimeout (file:///C:/Users/chris/Dev/Projects/TheFantasyWorldSimulator/node_modules/@vitest/runner/dist/index.js:1209:10)
[Orchestrator] Tick crashed, returning previous state: Error: Trait not found: trait.reputation.power.renown
    at assignTrait (C:/Users/chris/Dev/Projects/TheFantasyWorldSimulator/src/engine/traits.ts:44:25)
    at syncReputationTrait (C:/Users/chris/Dev/Projects/TheFantasyWorldSimulator/src/engine/phaseReputationTraits.ts:297:5)
    at phaseReputationTraits (C:/Users/chris/Dev/Projects/TheFantasyWorldSimulator/src/engine/phaseReputationTraits.ts:273:7)
    at runTick (C:/Users/chris/Dev/Projects/TheFantasyWorldSimulator/src/engine/orchestrator.ts:1896:18)
    at C:/Users/chris/Dev/Projects/TheFantasyWorldSimulator/src/engine/__tests__/contracts/encounter-liveness.contract.test.ts:184:15
    at file:///C:/Users/chris/Dev/Projects/TheFantasyWorldSimulator/node_modules/@vitest/runner/dist/index.js:145:11
    at file:///C:/Users/chris/Dev/Projects/TheFantasyWorldSimulator/node_modules/@vitest/runner/dist/index.js:915:26
    at file:///C:/Users/chris/Dev/Projects/TheFantasyWorldSimulator/node_modules/@vitest/runner/dist/index.js:1243:20
    at new Promise (<anonymous>)
    at runWithTimeout (file:///C:/Users/chris/Dev/Projects/TheFantasyWorldSimulator/node_modules/@vitest/runner/dist/index.js:1209:10)
[Orchestrator] Tick crashed, returning previous state: Error: Trait not found: trait.reputation.power.renown
    at assignTrait (C:/Users/chris/Dev/Projects/TheFantasyWorldSimulator/src/engine/traits.ts:44:25)
    at syncReputationTrait (C:/Users/chris/Dev/Projects/TheFantasyWorldSimulator/src/engine/phaseReputationTraits.ts:297:5)
    at phaseReputationTraits (C:/Users/chris/Dev/Projects/TheFantasyWorldSimulator/src/engine/phaseReputationTraits.ts:273:7)
    at runTick (C:/Users/chris/Dev/Projects/TheFantasyWorldSimulator/src/engine/orchestrator.ts:1896:18)
    at C:/Users/chris/Dev/Projects/TheFantasyWorldSimulator/src/engine/__tests__/contracts/encounter-liveness.contract.test.ts:184:15
    at file:///C:/Users/chris/Dev/Projects/TheFantasyWorldSimulator/node_modules/@vitest/runner/dist/index.js:145:11
    at file:///C:/Users/chris/Dev/Projects/TheFantasyWorldSimulator/node_modules/@vitest/runner/dist/index.js:915:26
    at file:///C:/Users/chris/Dev/Projects/TheFantasyWorldSimulator/node_modules/@vitest/runner/dist/index.js:1243:20
    at new Promise (<anonymous>)
    at runWithTimeout (file:///C:/Users/chris/Dev/Projects/TheFantasyWorldSimulator/node_modules/@vitest/runner/dist/index.js:1209:10)
[Orchestrator] Tick crashed, returning previous state: Error: Trait not found: trait.reputation.power.renown
    at assignTrait (C:/Users/chris/Dev/Projects/TheFantasyWorldSimulator/src/engine/traits.ts:44:25)
    at syncReputationTrait (C:/Users/chris/Dev/Projects/TheFantasyWorldSimulator/src/engine/phaseReputationTraits.ts:297:5)
    at phaseReputationTraits (C:/Users/chris/Dev/Projects/TheFantasyWorldSimulator/src/engine/phaseReputationTraits.ts:273:7)
    at runTick (C:/Users/chris/Dev/Projects/TheFantasyWorldSimulator/src/engine/orchestrator.ts:1896:18)
    at C:/Users/chris/Dev/Projects/TheFantasyWorldSimulator/src/engine/__tests__/contracts/encounter-liveness.contract.test.ts:184:15
    at file:///C:/Users/chris/Dev/Projects/TheFantasyWorldSimulator/node_modules/@vitest/runner/dist/index.js:145:11
    at file:///C:/Users/chris/Dev/Projects/TheFantasyWorldSimulator/node_modules/@vitest/runner/dist/index.js:915:26
    at file:///C:/Users/chris/Dev/Projects/TheFantasyWorldSimulator/node_modules/@vitest/runner/dist/index.js:1243:20
    at new Promise (<anonymous>)
    at runWithTimeout (file:///C:/Users/chris/Dev/Projects/TheFantasyWorldSimulator/node_modules/@vitest/runner/dist/index.js:1209:10)
[Orchestrator] Tick crashed, returning previous state: Error: Trait not found: trait.reputation.power.renown
    at assignTrait (C:/Users/chris/Dev/Projects/TheFantasyWorldSimulator/src/engine/traits.ts:44:25)
    at syncReputationTrait (C:/Users/chris/Dev/Projects/TheFantasyWorldSimulator/src/engine/phaseReputationTraits.ts:297:5)
    at phaseReputationTraits (C:/Users/chris/Dev/Projects/TheFantasyWorldSimulator/src/engine/phaseReputationTraits.ts:273:7)
    at runTick (C:/Users/chris/Dev/Projects/TheFantasyWorldSimulator/src/engine/orchestrator.ts:1896:18)
    at C:/Users/chris/Dev/Projects/TheFantasyWorldSimulator/src/engine/__tests__/contracts/encounter-liveness.contract.test.ts:184:15
    at file:///C:/Users/chris/Dev/Projects/TheFantasyWorldSimulator/node_modules/@vitest/runner/dist/index.js:145:11
    at file:///C:/Users/chris/Dev/Projects/TheFantasyWorldSimulator/node_modules/@vitest/runner/dist/index.js:915:26
    at file:///C:/Users/chris/Dev/Projects/TheFantasyWorldSimulator/node_modules/@vitest/runner/dist/index.js:1243:20
    at new Promise (<anonymous>)
    at runWithTimeout (file:///C:/Users/chris/Dev/Projects/TheFantasyWorldSimulator/node_modules/@vitest/runner/dist/index.js:1209:10)
[Orchestrator] Tick crashed, returning previous state: Error: Trait not found: trait.reputation.power.renown
    at assignTrait (C:/Users/chris/Dev/Projects/TheFantasyWorldSimulator/src/engine/traits.ts:44:25)
    at syncReputationTrait (C:/Users/chris/Dev/Projects/TheFantasyWorldSimulator/src/engine/phaseReputationTraits.ts:297:5)
    at phaseReputationTraits (C:/Users/chris/Dev/Projects/TheFantasyWorldSimulator/src/engine/phaseReputationTraits.ts:273:7)
    at runTick (C:/Users/chris/Dev/Projects/TheFantasyWorldSimulator/src/engine/orchestrator.ts:1896:18)
    at C:/Users/chris/Dev/Projects/TheFantasyWorldSimulator/src/engine/__tests__/contracts/encounter-liveness.contract.test.ts:184:15
    at file:///C:/Users/chris/Dev/Projects/TheFantasyWorldSimulator/node_modules/@vitest/runner/dist/index.js:145:11
    at file:///C:/Users/chris/Dev/Projects/TheFantasyWorldSimulator/node_modules/@vitest/runner/dist/index.js:915:26
    at file:///C:/Users/chris/Dev/Projects/TheFantasyWorldSimulator/node_modules/@vitest/runner/dist/index.js:1243:20
    at new Promise (<anonymous>)
    at runWithTimeout (file:///C:/Users/chris/Dev/Projects/TheFantasyWorldSimulator/node_modules/@vitest/runner/dist/index.js:1209:10)
[Orchestrator] Tick crashed, returning previous state: Error: Trait not found: trait.reputation.power.renown
    at assignTrait (C:/Users/chris/Dev/Projects/TheFantasyWorldSimulator/src/engine/traits.ts:44:25)
    at syncReputationTrait (C:/Users/chris/Dev/Projects/TheFantasyWorldSimulator/src/engine/phaseReputationTraits.ts:297:5)
    at phaseReputationTraits (C:/Users/chris/Dev/Projects/TheFantasyWorldSimulator/src/engine/phaseReputationTraits.ts:273:7)
    at runTick (C:/Users/chris/Dev/Projects/TheFantasyWorldSimulator/src/engine/orchestrator.ts:1896:18)
    at C:/Users/chris/Dev/Projects/TheFantasyWorldSimulator/src/engine/__tests__/contracts/encounter-liveness.contract.test.ts:184:15
    at file:///C:/Users/chris/Dev/Projects/TheFantasyWorldSimulator/node_modules/@vitest/runner/dist/index.js:145:11
    at file:///C:/Users/chris/Dev/Projects/TheFantasyWorldSimulator/node_modules/@vitest/runner/dist/index.js:915:26
    at file:///C:/Users/chris/Dev/Projects/TheFantasyWorldSimulator/node_modules/@vitest/runner/dist/index.js:1243:20
    at new Promise (<anonymous>)
    at runWithTimeout (file:///C:/Users/chris/Dev/Projects/TheFantasyWorldSimulator/node_modules/@vitest/runner/dist/index.js:1209:10)
[Orchestrator] Tick crashed, returning previous state: Error: Trait not found: trait.reputation.power.renown
    at assignTrait (C:/Users/chris/Dev/Projects/TheFantasyWorldSimulator/src/engine/traits.ts:44:25)
    at syncReputationTrait (C:/Users/chris/Dev/Projects/TheFantasyWorldSimulator/src/engine/phaseReputationTraits.ts:297:5)
    at phaseReputationTraits (C:/Users/chris/Dev/Projects/TheFantasyWorldSimulator/src/engine/phaseReputationTraits.ts:273:7)
    at runTick (C:/Users/chris/Dev/Projects/TheFantasyWorldSimulator/src/engine/orchestrator.ts:1896:18)
    at C:/Users/chris/Dev/Projects/TheFantasyWorldSimulator/src/engine/__tests__/contracts/encounter-liveness.contract.test.ts:184:15
    at file:///C:/Users/chris/Dev/Projects/TheFantasyWorldSimulator/node_modules/@vitest/runner/dist/index.js:145:11
    at file:///C:/Users/chris/Dev/Projects/TheFantasyWorldSimulator/node_modules/@vitest/runner/dist/index.js:915:26
    at file:///C:/Users/chris/Dev/Projects/TheFantasyWorldSimulator/node_modules/@vitest/runner/dist/index.js:1243:20
    at new Promise (<anonymous>)
    at runWithTimeout (file:///C:/Users/chris/Dev/Projects/TheFantasyWorldSimulator/node_modules/@vitest/runner/dist/index.js:1209:10)
[Orchestrator] Tick crashed, returning previous state: Error: Trait not found: trait.reputation.power.renown
    at assignTrait (C:/Users/chris/Dev/Projects/TheFantasyWorldSimulator/src/engine/traits.ts:44:25)
    at syncReputationTrait (C:/Users/chris/Dev/Projects/TheFantasyWorldSimulator/src/engine/phaseReputationTraits.ts:297:5)
    at phaseReputationTraits (C:/Users/chris/Dev/Projects/TheFantasyWorldSimulator/src/engine/phaseReputationTraits.ts:273:7)
    at runTick (C:/Users/chris/Dev/Projects/TheFantasyWorldSimulator/src/engine/orchestrator.ts:1896:18)
    at C:/Users/chris/Dev/Projects/TheFantasyWorldSimulator/src/engine/__tests__/contracts/encounter-liveness.contract.test.ts:184:15
    at file:///C:/Users/chris/Dev/Projects/TheFantasyWorldSimulator/node_modules/@vitest/runner/dist/index.js:145:11
    at file:///C:/Users/chris/Dev/Projects/TheFantasyWorldSimulator/node_modules/@vitest/runner/dist/index.js:915:26
    at file:///C:/Users/chris/Dev/Projects/TheFantasyWorldSimulator/node_modules/@vitest/runner/dist/index.js:1243:20
    at new Promise (<anonymous>)
    at runWithTimeout (file:///C:/Users/chris/Dev/Projects/TheFantasyWorldSimulator/node_modules/@vitest/runner/dist/index.js:1209:10)
[Orchestrator] Tick crashed, returning previous state: Error: Trait not found: trait.reputation.power.renown
    at assignTrait (C:/Users/chris/Dev/Projects/TheFantasyWorldSimulator/src/engine/traits.ts:44:25)
    at syncReputationTrait (C:/Users/chris/Dev/Projects/TheFantasyWorldSimulator/src/engine/phaseReputationTraits.ts:297:5)
    at phaseReputationTraits (C:/Users/chris/Dev/Projects/TheFantasyWorldSimulator/src/engine/phaseReputationTraits.ts:273:7)
    at runTick (C:/Users/chris/Dev/Projects/TheFantasyWorldSimulator/src/engine/orchestrator.ts:1896:18)
    at C:/Users/chris/Dev/Projects/TheFantasyWorldSimulator/src/engine/__tests__/contracts/encounter-liveness.contract.test.ts:184:15
    at file:///C:/Users/chris/Dev/Projects/TheFantasyWorldSimulator/node_modules/@vitest/runner/dist/index.js:145:11
    at file:///C:/Users/chris/Dev/Projects/TheFantasyWorldSimulator/node_modules/@vitest/runner/dist/index.js:915:26
    at file:///C:/Users/chris/Dev/Projects/TheFantasyWorldSimulator/node_modules/@vitest/runner/dist/index.js:1243:20
    at new Promise (<anonymous>)
    at runWithTimeout (file:///C:/Users/chris/Dev/Projects/TheFantasyWorldSimulator/node_modules/@vitest/runner/dist/index.js:1209:10)
[Orchestrator] Tick crashed, returning previous state: Error: Trait not found: trait.reputation.power.renown
    at assignTrait (C:/Users/chris/Dev/Projects/TheFantasyWorldSimulator/src/engine/traits.ts:44:25)
    at syncReputationTrait (C:/Users/chris/Dev/Projects/TheFantasyWorldSimulator/src/engine/phaseReputationTraits.ts:297:5)
    at phaseReputationTraits (C:/Users/chris/Dev/Projects/TheFantasyWorldSimulator/src/engine/phaseReputationTraits.ts:273:7)
    at runTick (C:/Users/chris/Dev/Projects/TheFantasyWorldSimulator/src/engine/orchestrator.ts:1896:18)
    at C:/Users/chris/Dev/Projects/TheFantasyWorldSimulator/src/engine/__tests__/contracts/encounter-liveness.contract.test.ts:184:15
    at file:///C:/Users/chris/Dev/Projects/TheFantasyWorldSimulator/node_modules/@vitest/runner/dist/index.js:145:11
    at file:///C:/Users/chris/Dev/Projects/TheFantasyWorldSimulator/node_modules/@vitest/runner/dist/index.js:915:26
    at file:///C:/Users/chris/Dev/Projects/TheFantasyWorldSimulator/node_modules/@vitest/runner/dist/index.js:1243:20
    at new Promise (<anonymous>)
    at runWithTimeout (file:///C:/Users/chris/Dev/Projects/TheFantasyWorldSimulator/node_modules/@vitest/runner/dist/index.js:1209:10)
[Orchestrator] Tick crashed, returning previous state: Error: Trait not found: trait.reputation.power.renown
    at assignTrait (C:/Users/chris/Dev/Projects/TheFantasyWorldSimulator/src/engine/traits.ts:44:25)
    at syncReputationTrait (C:/Users/chris/Dev/Projects/TheFantasyWorldSimulator/src/engine/phaseReputationTraits.ts:297:5)
    at phaseReputationTraits (C:/Users/chris/Dev/Projects/TheFantasyWorldSimulator/src/engine/phaseReputationTraits.ts:273:7)
    at runTick (C:/Users/chris/Dev/Projects/TheFantasyWorldSimulator/src/engine/orchestrator.ts:1896:18)
    at C:/Users/chris/Dev/Projects/TheFantasyWorldSimulator/src/engine/__tests__/contracts/encounter-liveness.contract.test.ts:184:15
    at file:///C:/Users/chris/Dev/Projects/TheFantasyWorldSimulator/node_modules/@vitest/runner/dist/index.js:145:11
    at file:///C:/Users/chris/Dev/Projects/TheFantasyWorldSimulator/node_modules/@vitest/runner/dist/index.js:915:26
    at file:///C:/Users/chris/Dev/Projects/TheFantasyWorldSimulator/node_modules/@vitest/runner/dist/index.js:1243:20
    at new Promise (<anonymous>)
    at runWithTimeout (file:///C:/Users/chris/Dev/Projects/TheFantasyWorldSimulator/node_modules/@vitest/runner/dist/index.js:1209:10)
[Orchestrator] Tick crashed, returning previous state: Error: Trait not found: trait.reputation.power.renown
    at assignTrait (C:/Users/chris/Dev/Projects/TheFantasyWorldSimulator/src/engine/traits.ts:44:25)
    at syncReputationTrait (C:/Users/chris/Dev/Projects/TheFantasyWorldSimulator/src/engine/phaseReputationTraits.ts:297:5)
    at phaseReputationTraits (C:/Users/chris/Dev/Projects/TheFantasyWorldSimulator/src/engine/phaseReputationTraits.ts:273:7)
    at runTick (C:/Users/chris/Dev/Projects/TheFantasyWorldSimulator/src/engine/orchestrator.ts:1896:18)
    at C:/Users/chris/Dev/Projects/TheFantasyWorldSimulator/src/engine/__tests__/contracts/encounter-liveness.contract.test.ts:184:15
    at file:///C:/Users/chris/Dev/Projects/TheFantasyWorldSimulator/node_modules/@vitest/runner/dist/index.js:145:11
    at file:///C:/Users/chris/Dev/Projects/TheFantasyWorldSimulator/node_modules/@vitest/runner/dist/index.js:915:26
    at file:///C:/Users/chris/Dev/Projects/TheFantasyWorldSimulator/node_modules/@vitest/runner/dist/index.js:1243:20
    at new Promise (<anonymous>)
    at runWithTimeout (file:///C:/Users/chris/Dev/Projects/TheFantasyWorldSimulator/node_modules/@vitest/runner/dist/index.js:1209:10)
[Orchestrator] Tick crashed, returning previous state: Error: Trait not found: trait.reputation.power.renown
    at assignTrait (C:/Users/chris/Dev/Projects/TheFantasyWorldSimulator/src/engine/traits.ts:44:25)
    at syncReputationTrait (C:/Users/chris/Dev/Projects/TheFantasyWorldSimulator/src/engine/phaseReputationTraits.ts:297:5)
    at phaseReputationTraits (C:/Users/chris/Dev/Projects/TheFantasyWorldSimulator/src/engine/phaseReputationTraits.ts:273:7)
    at runTick (C:/Users/chris/Dev/Projects/TheFantasyWorldSimulator/src/engine/orchestrator.ts:1896:18)
    at C:/Users/chris/Dev/Projects/TheFantasyWorldSimulator/src/engine/__tests__/contracts/encounter-liveness.contract.test.ts:184:15
    at file:///C:/Users/chris/Dev/Projects/TheFantasyWorldSimulator/node_modules/@vitest/runner/dist/index.js:145:11
    at file:///C:/Users/chris/Dev/Projects/TheFantasyWorldSimulator/node_modules/@vitest/runner/dist/index.js:915:26
    at file:///C:/Users/chris/Dev/Projects/TheFantasyWorldSimulator/node_modules/@vitest/runner/dist/index.js:1243:20
    at new Promise (<anonymous>)
    at runWithTimeout (file:///C:/Users/chris/Dev/Projects/TheFantasyWorldSimulator/node_modules/@vitest/runner/dist/index.js:1209:10)
[Orchestrator] Tick crashed, returning previous state: Error: Trait not found: trait.reputation.power.renown
    at assignTrait (C:/Users/chris/Dev/Projects/TheFantasyWorldSimulator/src/engine/traits.ts:44:25)
    at syncReputationTrait (C:/Users/chris/Dev/Projects/TheFantasyWorldSimulator/src/engine/phaseReputationTraits.ts:297:5)
    at phaseReputationTraits (C:/Users/chris/Dev/Projects/TheFantasyWorldSimulator/src/engine/phaseReputationTraits.ts:273:7)
    at runTick (C:/Users/chris/Dev/Projects/TheFantasyWorldSimulator/src/engine/orchestrator.ts:1896:18)
    at C:/Users/chris/Dev/Projects/TheFantasyWorldSimulator/src/engine/__tests__/contracts/encounter-liveness.contract.test.ts:184:15
    at file:///C:/Users/chris/Dev/Projects/TheFantasyWorldSimulator/node_modules/@vitest/runner/dist/index.js:145:11
    at file:///C:/Users/chris/Dev/Projects/TheFantasyWorldSimulator/node_modules/@vitest/runner/dist/index.js:915:26
    at file:///C:/Users/chris/Dev/Projects/TheFantasyWorldSimulator/node_modules/@vitest/runner/dist/index.js:1243:20
    at new Promise (<anonymous>)
    at runWithTimeout (file:///C:/Users/chris/Dev/Projects/TheFantasyWorldSimulator/node_modules/@vitest/runner/dist/index.js:1209:10)
[Orchestrator] Tick crashed, returning previous state: Error: Trait not found: trait.reputation.power.renown
    at assignTrait (C:/Users/chris/Dev/Projects/TheFantasyWorldSimulator/src/engine/traits.ts:44:25)
    at syncReputationTrait (C:/Users/chris/Dev/Projects/TheFantasyWorldSimulator/src/engine/phaseReputationTraits.ts:297:5)
    at phaseReputationTraits (C:/Users/chris/Dev/Projects/TheFantasyWorldSimulator/src/engine/phaseReputationTraits.ts:273:7)
    at runTick (C:/Users/chris/Dev/Projects/TheFantasyWorldSimulator/src/engine/orchestrator.ts:1896:18)
    at C:/Users/chris/Dev/Projects/TheFantasyWorldSimulator/src/engine/__tests__/contracts/encounter-liveness.contract.test.ts:184:15
    at file:///C:/Users/chris/Dev/Projects/TheFantasyWorldSimulator/node_modules/@vitest/runner/dist/index.js:145:11
    at file:///C:/Users/chris/Dev/Projects/TheFantasyWorldSimulator/node_modules/@vitest/runner/dist/index.js:915:26
    at file:///C:/Users/chris/Dev/Projects/TheFantasyWorldSimulator/node_modules/@vitest/runner/dist/index.js:1243:20
    at new Promise (<anonymous>)
    at runWithTimeout (file:///C:/Users/chris/Dev/Projects/TheFantasyWorldSimulator/node_modules/@vitest/runner/dist/index.js:1209:10)
[Orchestrator] Tick crashed, returning previous state: Error: Trait not found: trait.reputation.power.renown
    at assignTrait (C:/Users/chris/Dev/Projects/TheFantasyWorldSimulator/src/engine/traits.ts:44:25)
    at syncReputationTrait (C:/Users/chris/Dev/Projects/TheFantasyWorldSimulator/src/engine/phaseReputationTraits.ts:297:5)
    at phaseReputationTraits (C:/Users/chris/Dev/Projects/TheFantasyWorldSimulator/src/engine/phaseReputationTraits.ts:273:7)
    at runTick (C:/Users/chris/Dev/Projects/TheFantasyWorldSimulator/src/engine/orchestrator.ts:1896:18)
    at C:/Users/chris/Dev/Projects/TheFantasyWorldSimulator/src/engine/__tests__/contracts/encounter-liveness.contract.test.ts:184:15
    at file:///C:/Users/chris/Dev/Projects/TheFantasyWorldSimulator/node_modules/@vitest/runner/dist/index.js:145:11
    at file:///C:/Users/chris/Dev/Projects/TheFantasyWorldSimulator/node_modules/@vitest/runner/dist/index.js:915:26
    at file:///C:/Users/chris/Dev/Projects/TheFantasyWorldSimulator/node_modules/@vitest/runner/dist/index.js:1243:20
    at new Promise (<anonymous>)
    at runWithTimeout (file:///C:/Users/chris/Dev/Projects/TheFantasyWorldSimulator/node_modules/@vitest/runner/dist/index.js:1209:10)
[Orchestrator] Tick crashed, returning previous state: Error: Trait not found: trait.reputation.power.renown
    at assignTrait (C:/Users/chris/Dev/Projects/TheFantasyWorldSimulator/src/engine/traits.ts:44:25)
    at syncReputationTrait (C:/Users/chris/Dev/Projects/TheFantasyWorldSimulator/src/engine/phaseReputationTraits.ts:297:5)
    at phaseReputationTraits (C:/Users/chris/Dev/Projects/TheFantasyWorldSimulator/src/engine/phaseReputationTraits.ts:273:7)
    at runTick (C:/Users/chris/Dev/Projects/TheFantasyWorldSimulator/src/engine/orchestrator.ts:1896:18)
    at C:/Users/chris/Dev/Projects/TheFantasyWorldSimulator/src/engine/__tests__/contracts/encounter-liveness.contract.test.ts:184:15
    at file:///C:/Users/chris/Dev/Projects/TheFantasyWorldSimulator/node_modules/@vitest/runner/dist/index.js:145:11
    at file:///C:/Users/chris/Dev/Projects/TheFantasyWorldSimulator/node_modules/@vitest/runner/dist/index.js:915:26
    at file:///C:/Users/chris/Dev/Projects/TheFantasyWorldSimulator/node_modules/@vitest/runner/dist/index.js:1243:20
    at new Promise (<anonymous>)
    at runWithTimeout (file:///C:/Users/chris/Dev/Projects/TheFantasyWorldSimulator/node_modules/@vitest/runner/dist/index.js:1209:10)
[Orchestrator] Tick crashed, returning previous state: Error: Trait not found: trait.reputation.power.renown
    at assignTrait (C:/Users/chris/Dev/Projects/TheFantasyWorldSimulator/src/engine/traits.ts:44:25)
    at syncReputationTrait (C:/Users/chris/Dev/Projects/TheFantasyWorldSimulator/src/engine/phaseReputationTraits.ts:297:5)
    at phaseReputationTraits (C:/Users/chris/Dev/Projects/TheFantasyWorldSimulator/src/engine/phaseReputationTraits.ts:273:7)
    at runTick (C:/Users/chris/Dev/Projects/TheFantasyWorldSimulator/src/engine/orchestrator.ts:1896:18)
    at C:/Users/chris/Dev/Projects/TheFantasyWorldSimulator/src/engine/__tests__/contracts/encounter-liveness.contract.test.ts:184:15
    at file:///C:/Users/chris/Dev/Projects/TheFantasyWorldSimulator/node_modules/@vitest/runner/dist/index.js:145:11
    at file:///C:/Users/chris/Dev/Projects/TheFantasyWorldSimulator/node_modules/@vitest/runner/dist/index.js:915:26
    at file:///C:/Users/chris/Dev/Projects/TheFantasyWorldSimulator/node_modules/@vitest/runner/dist/index.js:1243:20
    at new Promise (<anonymous>)
    at runWithTimeout (file:///C:/Users/chris/Dev/Projects/TheFantasyWorldSimulator/node_modules/@vitest/runner/dist/index.js:1209:10)
[Orchestrator] Tick crashed, returning previous state: Error: Trait not found: trait.reputation.power.renown
    at assignTrait (C:/Users/chris/Dev/Projects/TheFantasyWorldSimulator/src/engine/traits.ts:44:25)
    at syncReputationTrait (C:/Users/chris/Dev/Projects/TheFantasyWorldSimulator/src/engine/phaseReputationTraits.ts:297:5)
    at phaseReputationTraits (C:/Users/chris/Dev/Projects/TheFantasyWorldSimulator/src/engine/phaseReputationTraits.ts:273:7)
    at runTick (C:/Users/chris/Dev/Projects/TheFantasyWorldSimulator/src/engine/orchestrator.ts:1896:18)
    at C:/Users/chris/Dev/Projects/TheFantasyWorldSimulator/src/engine/__tests__/contracts/encounter-liveness.contract.test.ts:184:15
    at file:///C:/Users/chris/Dev/Projects/TheFantasyWorldSimulator/node_modules/@vitest/runner/dist/index.js:145:11
    at file:///C:/Users/chris/Dev/Projects/TheFantasyWorldSimulator/node_modules/@vitest/runner/dist/index.js:915:26
    at file:///C:/Users/chris/Dev/Projects/TheFantasyWorldSimulator/node_modules/@vitest/runner/dist/index.js:1243:20
    at new Promise (<anonymous>)
    at runWithTimeout (file:///C:/Users/chris/Dev/Projects/TheFantasyWorldSimulator/node_modules/@vitest/runner/dist/index.js:1209:10)
[Orchestrator] Tick crashed, returning previous state: Error: Trait not found: trait.reputation.power.renown
    at assignTrait (C:/Users/chris/Dev/Projects/TheFantasyWorldSimulator/src/engine/traits.ts:44:25)
    at syncReputationTrait (C:/Users/chris/Dev/Projects/TheFantasyWorldSimulator/src/engine/phaseReputationTraits.ts:297:5)
    at phaseReputationTraits (C:/Users/chris/Dev/Projects/TheFantasyWorldSimulator/src/engine/phaseReputationTraits.ts:273:7)
    at runTick (C:/Users/chris/Dev/Projects/TheFantasyWorldSimulator/src/engine/orchestrator.ts:1896:18)
    at C:/Users/chris/Dev/Projects/TheFantasyWorldSimulator/src/engine/__tests__/contracts/encounter-liveness.contract.test.ts:184:15
    at file:///C:/Users/chris/Dev/Projects/TheFantasyWorldSimulator/node_modules/@vitest/runner/dist/index.js:145:11
    at file:///C:/Users/chris/Dev/Projects/TheFantasyWorldSimulator/node_modules/@vitest/runner/dist/index.js:915:26
    at file:///C:/Users/chris/Dev/Projects/TheFantasyWorldSimulator/node_modules/@vitest/runner/dist/index.js:1243:20
    at new Promise (<anonymous>)
    at runWithTimeout (file:///C:/Users/chris/Dev/Projects/TheFantasyWorldSimulator/node_modules/@vitest/runner/dist/index.js:1209:10)
[Orchestrator] Tick crashed, returning previous state: Error: Trait not found: trait.reputation.power.renown
    at assignTrait (C:/Users/chris/Dev/Projects/TheFantasyWorldSimulator/src/engine/traits.ts:44:25)
    at syncReputationTrait (C:/Users/chris/Dev/Projects/TheFantasyWorldSimulator/src/engine/phaseReputationTraits.ts:297:5)
    at phaseReputationTraits (C:/Users/chris/Dev/Projects/TheFantasyWorldSimulator/src/engine/phaseReputationTraits.ts:273:7)
    at runTick (C:/Users/chris/Dev/Projects/TheFantasyWorldSimulator/src/engine/orchestrator.ts:1896:18)
    at C:/Users/chris/Dev/Projects/TheFantasyWorldSimulator/src/engine/__tests__/contracts/encounter-liveness.contract.test.ts:184:15
    at file:///C:/Users/chris/Dev/Projects/TheFantasyWorldSimulator/node_modules/@vitest/runner/dist/index.js:145:11
    at file:///C:/Users/chris/Dev/Projects/TheFantasyWorldSimulator/node_modules/@vitest/runner/dist/index.js:915:26
    at file:///C:/Users/chris/Dev/Projects/TheFantasyWorldSimulator/node_modules/@vitest/runner/dist/index.js:1243:20
    at new Promise (<anonymous>)
    at runWithTimeout (file:///C:/Users/chris/Dev/Projects/TheFantasyWorldSimulator/node_modules/@vitest/runner/dist/index.js:1209:10)
[Orchestrator] Tick crashed, returning previous state: Error: Trait not found: trait.reputation.power.renown
    at assignTrait (C:/Users/chris/Dev/Projects/TheFantasyWorldSimulator/src/engine/traits.ts:44:25)
    at syncReputationTrait (C:/Users/chris/Dev/Projects/TheFantasyWorldSimulator/src/engine/phaseReputationTraits.ts:297:5)
    at phaseReputationTraits (C:/Users/chris/Dev/Projects/TheFantasyWorldSimulator/src/engine/phaseReputationTraits.ts:273:7)
    at runTick (C:/Users/chris/Dev/Projects/TheFantasyWorldSimulator/src/engine/orchestrator.ts:1896:18)
    at C:/Users/chris/Dev/Projects/TheFantasyWorldSimulator/src/engine/__tests__/contracts/encounter-liveness.contract.test.ts:184:15
    at file:///C:/Users/chris/Dev/Projects/TheFantasyWorldSimulator/node_modules/@vitest/runner/dist/index.js:145:11
    at file:///C:/Users/chris/Dev/Projects/TheFantasyWorldSimulator/node_modules/@vitest/runner/dist/index.js:915:26
    at file:///C:/Users/chris/Dev/Projects/TheFantasyWorldSimulator/node_modules/@vitest/runner/dist/index.js:1243:20
    at new Promise (<anonymous>)
    at runWithTimeout (file:///C:/Users/chris/Dev/Projects/TheFantasyWorldSimulator/node_modules/@vitest/runner/dist/index.js:1209:10)
[Orchestrator] Tick crashed, returning previous state: Error: Trait not found: trait.reputation.power.renown
    at assignTrait (C:/Users/chris/Dev/Projects/TheFantasyWorldSimulator/src/engine/traits.ts:44:25)
    at syncReputationTrait (C:/Users/chris/Dev/Projects/TheFantasyWorldSimulator/src/engine/phaseReputationTraits.ts:297:5)
    at phaseReputationTraits (C:/Users/chris/Dev/Projects/TheFantasyWorldSimulator/src/engine/phaseReputationTraits.ts:273:7)
    at runTick (C:/Users/chris/Dev/Projects/TheFantasyWorldSimulator/src/engine/orchestrator.ts:1896:18)
    at C:/Users/chris/Dev/Projects/TheFantasyWorldSimulator/src/engine/__tests__/contracts/encounter-liveness.contract.test.ts:184:15
    at file:///C:/Users/chris/Dev/Projects/TheFantasyWorldSimulator/node_modules/@vitest/runner/dist/index.js:145:11
    at file:///C:/Users/chris/Dev/Projects/TheFantasyWorldSimulator/node_modules/@vitest/runner/dist/index.js:915:26
    at file:///C:/Users/chris/Dev/Projects/TheFantasyWorldSimulator/node_modules/@vitest/runner/dist/index.js:1243:20
    at new Promise (<anonymous>)
    at runWithTimeout (file:///C:/Users/chris/Dev/Projects/TheFantasyWorldSimulator/node_modules/@vitest/runner/dist/index.js:1209:10)
[Orchestrator] Tick crashed, returning previous state: Error: Trait not found: trait.reputation.power.renown
    at assignTrait (C:/Users/chris/Dev/Projects/TheFantasyWorldSimulator/src/engine/traits.ts:44:25)
    at syncReputationTrait (C:/Users/chris/Dev/Projects/TheFantasyWorldSimulator/src/engine/phaseReputationTraits.ts:297:5)
    at phaseReputationTraits (C:/Users/chris/Dev/Projects/TheFantasyWorldSimulator/src/engine/phaseReputationTraits.ts:273:7)
    at runTick (C:/Users/chris/Dev/Projects/TheFantasyWorldSimulator/src/engine/orchestrator.ts:1896:18)
    at C:/Users/chris/Dev/Projects/TheFantasyWorldSimulator/src/engine/__tests__/contracts/encounter-liveness.contract.test.ts:184:15
    at file:///C:/Users/chris/Dev/Projects/TheFantasyWorldSimulator/node_modules/@vitest/runner/dist/index.js:145:11
    at file:///C:/Users/chris/Dev/Projects/TheFantasyWorldSimulator/node_modules/@vitest/runner/dist/index.js:915:26
    at file:///C:/Users/chris/Dev/Projects/TheFantasyWorldSimulator/node_modules/@vitest/runner/dist/index.js:1243:20
    at new Promise (<anonymous>)
    at runWithTimeout (file:///C:/Users/chris/Dev/Projects/TheFantasyWorldSimulator/node_modules/@vitest/runner/dist/index.js:1209:10)
[Orchestrator] Tick crashed, returning previous state: Error: Trait not found: trait.reputation.power.renown
    at assignTrait (C:/Users/chris/Dev/Projects/TheFantasyWorldSimulator/src/engine/traits.ts:44:25)
    at syncReputationTrait (C:/Users/chris/Dev/Projects/TheFantasyWorldSimulator/src/engine/phaseReputationTraits.ts:297:5)
    at phaseReputationTraits (C:/Users/chris/Dev/Projects/TheFantasyWorldSimulator/src/engine/phaseReputationTraits.ts:273:7)
    at runTick (C:/Users/chris/Dev/Projects/TheFantasyWorldSimulator/src/engine/orchestrator.ts:1896:18)
    at C:/Users/chris/Dev/Projects/TheFantasyWorldSimulator/src/engine/__tests__/contracts/encounter-liveness.contract.test.ts:184:15
    at file:///C:/Users/chris/Dev/Projects/TheFantasyWorldSimulator/node_modules/@vitest/runner/dist/index.js:145:11
    at file:///C:/Users/chris/Dev/Projects/TheFantasyWorldSimulator/node_modules/@vitest/runner/dist/index.js:915:26
    at file:///C:/Users/chris/Dev/Projects/TheFantasyWorldSimulator/node_modules/@vitest/runner/dist/index.js:1243:20
    at new Promise (<anonymous>)
    at runWithTimeout (file:///C:/Users/chris/Dev/Projects/TheFantasyWorldSimulator/node_modules/@vitest/runner/dist/index.js:1209:10)
[Orchestrator] Tick crashed, returning previous state: Error: Trait not found: trait.reputation.power.renown
    at assignTrait (C:/Users/chris/Dev/Projects/TheFantasyWorldSimulator/src/engine/traits.ts:44:25)
    at syncReputationTrait (C:/Users/chris/Dev/Projects/TheFantasyWorldSimulator/src/engine/phaseReputationTraits.ts:297:5)
    at phaseReputationTraits (C:/Users/chris/Dev/Projects/TheFantasyWorldSimulator/src/engine/phaseReputationTraits.ts:273:7)
    at runTick (C:/Users/chris/Dev/Projects/TheFantasyWorldSimulator/src/engine/orchestrator.ts:1896:18)
    at C:/Users/chris/Dev/Projects/TheFantasyWorldSimulator/src/engine/__tests__/contracts/encounter-liveness.contract.test.ts:184:15
    at file:///C:/Users/chris/Dev/Projects/TheFantasyWorldSimulator/node_modules/@vitest/runner/dist/index.js:145:11
    at file:///C:/Users/chris/Dev/Projects/TheFantasyWorldSimulator/node_modules/@vitest/runner/dist/index.js:915:26
    at file:///C:/Users/chris/Dev/Projects/TheFantasyWorldSimulator/node_modules/@vitest/runner/dist/index.js:1243:20
    at new Promise (<anonymous>)
    at runWithTimeout (file:///C:/Users/chris/Dev/Projects/TheFantasyWorldSimulator/node_modules/@vitest/runner/dist/index.js:1209:10)
[Orchestrator] Tick crashed, returning previous state: Error: Trait not found: trait.reputation.power.renown
    at assignTrait (C:/Users/chris/Dev/Projects/TheFantasyWorldSimulator/src/engine/traits.ts:44:25)
    at syncReputationTrait (C:/Users/chris/Dev/Projects/TheFantasyWorldSimulator/src/engine/phaseReputationTraits.ts:297:5)
    at phaseReputationTraits (C:/Users/chris/Dev/Projects/TheFantasyWorldSimulator/src/engine/phaseReputationTraits.ts:273:7)
    at runTick (C:/Users/chris/Dev/Projects/TheFantasyWorldSimulator/src/engine/orchestrator.ts:1896:18)
    at C:/Users/chris/Dev/Projects/TheFantasyWorldSimulator/src/engine/__tests__/contracts/encounter-liveness.contract.test.ts:184:15
    at file:///C:/Users/chris/Dev/Projects/TheFantasyWorldSimulator/node_modules/@vitest/runner/dist/index.js:145:11
    at file:///C:/Users/chris/Dev/Projects/TheFantasyWorldSimulator/node_modules/@vitest/runner/dist/index.js:915:26
    at file:///C:/Users/chris/Dev/Projects/TheFantasyWorldSimulator/node_modules/@vitest/runner/dist/index.js:1243:20
    at new Promise (<anonymous>)
    at runWithTimeout (file:///C:/Users/chris/Dev/Projects/TheFantasyWorldSimulator/node_modules/@vitest/runner/dist/index.js:1209:10)
[Orchestrator] Tick crashed, returning previous state: Error: Trait not found: trait.reputation.power.renown
    at assignTrait (C:/Users/chris/Dev/Projects/TheFantasyWorldSimulator/src/engine/traits.ts:44:25)
    at syncReputationTrait (C:/Users/chris/Dev/Projects/TheFantasyWorldSimulator/src/engine/phaseReputationTraits.ts:297:5)
    at phaseReputationTraits (C:/Users/chris/Dev/Projects/TheFantasyWorldSimulator/src/engine/phaseReputationTraits.ts:273:7)
    at runTick (C:/Users/chris/Dev/Projects/TheFantasyWorldSimulator/src/engine/orchestrator.ts:1896:18)
    at C:/Users/chris/Dev/Projects/TheFantasyWorldSimulator/src/engine/__tests__/contracts/encounter-liveness.contract.test.ts:184:15
    at file:///C:/Users/chris/Dev/Projects/TheFantasyWorldSimulator/node_modules/@vitest/runner/dist/index.js:145:11
    at file:///C:/Users/chris/Dev/Projects/TheFantasyWorldSimulator/node_modules/@vitest/runner/dist/index.js:915:26
    at file:///C:/Users/chris/Dev/Projects/TheFantasyWorldSimulator/node_modules/@vitest/runner/dist/index.js:1243:20
    at new Promise (<anonymous>)
    at runWithTimeout (file:///C:/Users/chris/Dev/Projects/TheFantasyWorldSimulator/node_modules/@vitest/runner/dist/index.js:1209:10)
[Orchestrator] Tick crashed, returning previous state: Error: Trait not found: trait.reputation.power.renown
    at assignTrait (C:/Users/chris/Dev/Projects/TheFantasyWorldSimulator/src/engine/traits.ts:44:25)
    at syncReputationTrait (C:/Users/chris/Dev/Projects/TheFantasyWorldSimulator/src/engine/phaseReputationTraits.ts:297:5)
    at phaseReputationTraits (C:/Users/chris/Dev/Projects/TheFantasyWorldSimulator/src/engine/phaseReputationTraits.ts:273:7)
    at runTick (C:/Users/chris/Dev/Projects/TheFantasyWorldSimulator/src/engine/orchestrator.ts:1896:18)
    at C:/Users/chris/Dev/Projects/TheFantasyWorldSimulator/src/engine/__tests__/contracts/encounter-liveness.contract.test.ts:184:15
    at file:///C:/Users/chris/Dev/Projects/TheFantasyWorldSimulator/node_modules/@vitest/runner/dist/index.js:145:11
    at file:///C:/Users/chris/Dev/Projects/TheFantasyWorldSimulator/node_modules/@vitest/runner/dist/index.js:915:26
    at file:///C:/Users/chris/Dev/Projects/TheFantasyWorldSimulator/node_modules/@vitest/runner/dist/index.js:1243:20
    at new Promise (<anonymous>)
    at runWithTimeout (file:///C:/Users/chris/Dev/Projects/TheFantasyWorldSimulator/node_modules/@vitest/runner/dist/index.js:1209:10)
[Orchestrator] Tick crashed, returning previous state: Error: Trait not found: trait.reputation.power.renown
    at assignTrait (C:/Users/chris/Dev/Projects/TheFantasyWorldSimulator/src/engine/traits.ts:44:25)
    at syncReputationTrait (C:/Users/chris/Dev/Projects/TheFantasyWorldSimulator/src/engine/phaseReputationTraits.ts:297:5)
    at phaseReputationTraits (C:/Users/chris/Dev/Projects/TheFantasyWorldSimulator/src/engine/phaseReputationTraits.ts:273:7)
    at runTick (C:/Users/chris/Dev/Projects/TheFantasyWorldSimulator/src/engine/orchestrator.ts:1896:18)
    at C:/Users/chris/Dev/Projects/TheFantasyWorldSimulator/src/engine/__tests__/contracts/encounter-liveness.contract.test.ts:184:15
    at file:///C:/Users/chris/Dev/Projects/TheFantasyWorldSimulator/node_modules/@vitest/runner/dist/index.js:145:11
    at file:///C:/Users/chris/Dev/Projects/TheFantasyWorldSimulator/node_modules/@vitest/runner/dist/index.js:915:26
    at file:///C:/Users/chris/Dev/Projects/TheFantasyWorldSimulator/node_modules/@vitest/runner/dist/index.js:1243:20
    at new Promise (<anonymous>)
    at runWithTimeout (file:///C:/Users/chris/Dev/Projects/TheFantasyWorldSimulator/node_modules/@vitest/runner/dist/index.js:1209:10)
[Orchestrator] Tick crashed, returning previous state: Error: Trait not found: trait.reputation.power.renown
    at assignTrait (C:/Users/chris/Dev/Projects/TheFantasyWorldSimulator/src/engine/traits.ts:44:25)
    at syncReputationTrait (C:/Users/chris/Dev/Projects/TheFantasyWorldSimulator/src/engine/phaseReputationTraits.ts:297:5)
    at phaseReputationTraits (C:/Users/chris/Dev/Projects/TheFantasyWorldSimulator/src/engine/phaseReputationTraits.ts:273:7)
    at runTick (C:/Users/chris/Dev/Projects/TheFantasyWorldSimulator/src/engine/orchestrator.ts:1896:18)
    at C:/Users/chris/Dev/Projects/TheFantasyWorldSimulator/src/engine/__tests__/contracts/encounter-liveness.contract.test.ts:184:15
    at file:///C:/Users/chris/Dev/Projects/TheFantasyWorldSimulator/node_modules/@vitest/runner/dist/index.js:145:11
    at file:///C:/Users/chris/Dev/Projects/TheFantasyWorldSimulator/node_modules/@vitest/runner/dist/index.js:915:26
    at file:///C:/Users/chris/Dev/Projects/TheFantasyWorldSimulator/node_modules/@vitest/runner/dist/index.js:1243:20
    at new Promise (<anonymous>)
    at runWithTimeout (file:///C:/Users/chris/Dev/Projects/TheFantasyWorldSimulator/node_modules/@vitest/runner/dist/index.js:1209:10)
[Orchestrator] Tick crashed, returning previous state: Error: Trait not found: trait.reputation.power.renown
    at assignTrait (C:/Users/chris/Dev/Projects/TheFantasyWorldSimulator/src/engine/traits.ts:44:25)
    at syncReputationTrait (C:/Users/chris/Dev/Projects/TheFantasyWorldSimulator/src/engine/phaseReputationTraits.ts:297:5)
    at phaseReputationTraits (C:/Users/chris/Dev/Projects/TheFantasyWorldSimulator/src/engine/phaseReputationTraits.ts:273:7)
    at runTick (C:/Users/chris/Dev/Projects/TheFantasyWorldSimulator/src/engine/orchestrator.ts:1896:18)
    at C:/Users/chris/Dev/Projects/TheFantasyWorldSimulator/src/engine/__tests__/contracts/encounter-liveness.contract.test.ts:184:15
    at file:///C:/Users/chris/Dev/Projects/TheFantasyWorldSimulator/node_modules/@vitest/runner/dist/index.js:145:11
    at file:///C:/Users/chris/Dev/Projects/TheFantasyWorldSimulator/node_modules/@vitest/runner/dist/index.js:915:26
    at file:///C:/Users/chris/Dev/Projects/TheFantasyWorldSimulator/node_modules/@vitest/runner/dist/index.js:1243:20
    at new Promise (<anonymous>)
    at runWithTimeout (file:///C:/Users/chris/Dev/Projects/TheFantasyWorldSimulator/node_modules/@vitest/runner/dist/index.js:1209:10)
[Orchestrator] Tick crashed, returning previous state: Error: Trait not found: trait.reputation.power.renown
    at assignTrait (C:/Users/chris/Dev/Projects/TheFantasyWorldSimulator/src/engine/traits.ts:44:25)
    at syncReputationTrait (C:/Users/chris/Dev/Projects/TheFantasyWorldSimulator/src/engine/phaseReputationTraits.ts:297:5)
    at phaseReputationTraits (C:/Users/chris/Dev/Projects/TheFantasyWorldSimulator/src/engine/phaseReputationTraits.ts:273:7)
    at runTick (C:/Users/chris/Dev/Projects/TheFantasyWorldSimulator/src/engine/orchestrator.ts:1896:18)
    at C:/Users/chris/Dev/Projects/TheFantasyWorldSimulator/src/engine/__tests__/contracts/encounter-liveness.contract.test.ts:184:15
    at file:///C:/Users/chris/Dev/Projects/TheFantasyWorldSimulator/node_modules/@vitest/runner/dist/index.js:145:11
    at file:///C:/Users/chris/Dev/Projects/TheFantasyWorldSimulator/node_modules/@vitest/runner/dist/index.js:915:26
    at file:///C:/Users/chris/Dev/Projects/TheFantasyWorldSimulator/node_modules/@vitest/runner/dist/index.js:1243:20
    at new Promise (<anonymous>)
    at runWithTimeout (file:///C:/Users/chris/Dev/Projects/TheFantasyWorldSimulator/node_modules/@vitest/runner/dist/index.js:1209:10)
[Orchestrator] Tick crashed, returning previous state: Error: Trait not found: trait.reputation.power.renown
    at assignTrait (C:/Users/chris/Dev/Projects/TheFantasyWorldSimulator/src/engine/traits.ts:44:25)
    at syncReputationTrait (C:/Users/chris/Dev/Projects/TheFantasyWorldSimulator/src/engine/phaseReputationTraits.ts:297:5)
    at phaseReputationTraits (C:/Users/chris/Dev/Projects/TheFantasyWorldSimulator/src/engine/phaseReputationTraits.ts:273:7)
    at runTick (C:/Users/chris/Dev/Projects/TheFantasyWorldSimulator/src/engine/orchestrator.ts:1896:18)
    at C:/Users/chris/Dev/Projects/TheFantasyWorldSimulator/src/engine/__tests__/contracts/encounter-liveness.contract.test.ts:184:15
    at file:///C:/Users/chris/Dev/Projects/TheFantasyWorldSimulator/node_modules/@vitest/runner/dist/index.js:145:11
    at file:///C:/Users/chris/Dev/Projects/TheFantasyWorldSimulator/node_modules/@vitest/runner/dist/index.js:915:26
    at file:///C:/Users/chris/Dev/Projects/TheFantasyWorldSimulator/node_modules/@vitest/runner/dist/index.js:1243:20
    at new Promise (<anonymous>)
    at runWithTimeout (file:///C:/Users/chris/Dev/Projects/TheFantasyWorldSimulator/node_modules/@vitest/runner/dist/index.js:1209:10)
[Orchestrator] Tick crashed, returning previous state: Error: Trait not found: trait.reputation.power.renown
    at assignTrait (C:/Users/chris/Dev/Projects/TheFantasyWorldSimulator/src/engine/traits.ts:44:25)
    at syncReputationTrait (C:/Users/chris/Dev/Projects/TheFantasyWorldSimulator/src/engine/phaseReputationTraits.ts:297:5)
    at phaseReputationTraits (C:/Users/chris/Dev/Projects/TheFantasyWorldSimulator/src/engine/phaseReputationTraits.ts:273:7)
    at runTick (C:/Users/chris/Dev/Projects/TheFantasyWorldSimulator/src/engine/orchestrator.ts:1896:18)
    at C:/Users/chris/Dev/Projects/TheFantasyWorldSimulator/src/engine/__tests__/contracts/encounter-liveness.contract.test.ts:184:15
    at file:///C:/Users/chris/Dev/Projects/TheFantasyWorldSimulator/node_modules/@vitest/runner/dist/index.js:145:11
    at file:///C:/Users/chris/Dev/Projects/TheFantasyWorldSimulator/node_modules/@vitest/runner/dist/index.js:915:26
    at file:///C:/Users/chris/Dev/Projects/TheFantasyWorldSimulator/node_modules/@vitest/runner/dist/index.js:1243:20
    at new Promise (<anonymous>)
    at runWithTimeout (file:///C:/Users/chris/Dev/Projects/TheFantasyWorldSimulator/node_modules/@vitest/runner/dist/index.js:1209:10)
[Orchestrator] Tick crashed, returning previous state: Error: Trait not found: trait.reputation.power.renown
    at assignTrait (C:/Users/chris/Dev/Projects/TheFantasyWorldSimulator/src/engine/traits.ts:44:25)
    at syncReputationTrait (C:/Users/chris/Dev/Projects/TheFantasyWorldSimulator/src/engine/phaseReputationTraits.ts:297:5)
    at phaseReputationTraits (C:/Users/chris/Dev/Projects/TheFantasyWorldSimulator/src/engine/phaseReputationTraits.ts:273:7)
    at runTick (C:/Users/chris/Dev/Projects/TheFantasyWorldSimulator/src/engine/orchestrator.ts:1896:18)
    at C:/Users/chris/Dev/Projects/TheFantasyWorldSimulator/src/engine/__tests__/contracts/encounter-liveness.contract.test.ts:184:15
    at file:///C:/Users/chris/Dev/Projects/TheFantasyWorldSimulator/node_modules/@vitest/runner/dist/index.js:145:11
    at file:///C:/Users/chris/Dev/Projects/TheFantasyWorldSimulator/node_modules/@vitest/runner/dist/index.js:915:26
    at file:///C:/Users/chris/Dev/Projects/TheFantasyWorldSimulator/node_modules/@vitest/runner/dist/index.js:1243:20
    at new Promise (<anonymous>)
    at runWithTimeout (file:///C:/Users/chris/Dev/Projects/TheFantasyWorldSimulator/node_modules/@vitest/runner/dist/index.js:1209:10)
[Orchestrator] Tick crashed, returning previous state: Error: Trait not found: trait.reputation.power.renown
    at assignTrait (C:/Users/chris/Dev/Projects/TheFantasyWorldSimulator/src/engine/traits.ts:44:25)
    at syncReputationTrait (C:/Users/chris/Dev/Projects/TheFantasyWorldSimulator/src/engine/phaseReputationTraits.ts:297:5)
    at phaseReputationTraits (C:/Users/chris/Dev/Projects/TheFantasyWorldSimulator/src/engine/phaseReputationTraits.ts:273:7)
    at runTick (C:/Users/chris/Dev/Projects/TheFantasyWorldSimulator/src/engine/orchestrator.ts:1896:18)
    at C:/Users/chris/Dev/Projects/TheFantasyWorldSimulator/src/engine/__tests__/contracts/encounter-liveness.contract.test.ts:184:15
    at file:///C:/Users/chris/Dev/Projects/TheFantasyWorldSimulator/node_modules/@vitest/runner/dist/index.js:145:11
    at file:///C:/Users/chris/Dev/Projects/TheFantasyWorldSimulator/node_modules/@vitest/runner/dist/index.js:915:26
    at file:///C:/Users/chris/Dev/Projects/TheFantasyWorldSimulator/node_modules/@vitest/runner/dist/index.js:1243:20
    at new Promise (<anonymous>)
    at runWithTimeout (file:///C:/Users/chris/Dev/Projects/TheFantasyWorldSimulator/node_modules/@vitest/runner/dist/index.js:1209:10)
[Orchestrator] Tick crashed, returning previous state: Error: Trait not found: trait.reputation.power.renown
    at assignTrait (C:/Users/chris/Dev/Projects/TheFantasyWorldSimulator/src/engine/traits.ts:44:25)
    at syncReputationTrait (C:/Users/chris/Dev/Projects/TheFantasyWorldSimulator/src/engine/phaseReputationTraits.ts:297:5)
    at phaseReputationTraits (C:/Users/chris/Dev/Projects/TheFantasyWorldSimulator/src/engine/phaseReputationTraits.ts:273:7)
    at runTick (C:/Users/chris/Dev/Projects/TheFantasyWorldSimulator/src/engine/orchestrator.ts:1896:18)
    at C:/Users/chris/Dev/Projects/TheFantasyWorldSimulator/src/engine/__tests__/contracts/encounter-liveness.contract.test.ts:184:15
    at file:///C:/Users/chris/Dev/Projects/TheFantasyWorldSimulator/node_modules/@vitest/runner/dist/index.js:145:11
    at file:///C:/Users/chris/Dev/Projects/TheFantasyWorldSimulator/node_modules/@vitest/runner/dist/index.js:915:26
    at file:///C:/Users/chris/Dev/Projects/TheFantasyWorldSimulator/node_modules/@vitest/runner/dist/index.js:1243:20
    at new Promise (<anonymous>)
    at runWithTimeout (file:///C:/Users/chris/Dev/Projects/TheFantasyWorldSimulator/node_modules/@vitest/runner/dist/index.js:1209:10)
[Orchestrator] Tick crashed, returning previous state: Error: Trait not found: trait.reputation.power.renown
    at assignTrait (C:/Users/chris/Dev/Projects/TheFantasyWorldSimulator/src/engine/traits.ts:44:25)
    at syncReputationTrait (C:/Users/chris/Dev/Projects/TheFantasyWorldSimulator/src/engine/phaseReputationTraits.ts:297:5)
    at phaseReputationTraits (C:/Users/chris/Dev/Projects/TheFantasyWorldSimulator/src/engine/phaseReputationTraits.ts:273:7)
    at runTick (C:/Users/chris/Dev/Projects/TheFantasyWorldSimulator/src/engine/orchestrator.ts:1896:18)
    at C:/Users/chris/Dev/Projects/TheFantasyWorldSimulator/src/engine/__tests__/contracts/encounter-liveness.contract.test.ts:184:15
    at file:///C:/Users/chris/Dev/Projects/TheFantasyWorldSimulator/node_modules/@vitest/runner/dist/index.js:145:11
    at file:///C:/Users/chris/Dev/Projects/TheFantasyWorldSimulator/node_modules/@vitest/runner/dist/index.js:915:26
    at file:///C:/Users/chris/Dev/Projects/TheFantasyWorldSimulator/node_modules/@vitest/runner/dist/index.js:1243:20
    at new Promise (<anonymous>)
    at runWithTimeout (file:///C:/Users/chris/Dev/Projects/TheFantasyWorldSimulator/node_modules/@vitest/runner/dist/index.js:1209:10)
[Orchestrator] Tick crashed, returning previous state: Error: Trait not found: trait.reputation.power.renown
    at assignTrait (C:/Users/chris/Dev/Projects/TheFantasyWorldSimulator/src/engine/traits.ts:44:25)
    at syncReputationTrait (C:/Users/chris/Dev/Projects/TheFantasyWorldSimulator/src/engine/phaseReputationTraits.ts:297:5)
    at phaseReputationTraits (C:/Users/chris/Dev/Projects/TheFantasyWorldSimulator/src/engine/phaseReputationTraits.ts:273:7)
    at runTick (C:/Users/chris/Dev/Projects/TheFantasyWorldSimulator/src/engine/orchestrator.ts:1896:18)
    at C:/Users/chris/Dev/Projects/TheFantasyWorldSimulator/src/engine/__tests__/contracts/encounter-liveness.contract.test.ts:184:15
    at file:///C:/Users/chris/Dev/Projects/TheFantasyWorldSimulator/node_modules/@vitest/runner/dist/index.js:145:11
    at file:///C:/Users/chris/Dev/Projects/TheFantasyWorldSimulator/node_modules/@vitest/runner/dist/index.js:915:26
    at file:///C:/Users/chris/Dev/Projects/TheFantasyWorldSimulator/node_modules/@vitest/runner/dist/index.js:1243:20
    at new Promise (<anonymous>)
    at runWithTimeout (file:///C:/Users/chris/Dev/Projects/TheFantasyWorldSimulator/node_modules/@vitest/runner/dist/index.js:1209:10)
[Orchestrator] Tick crashed, returning previous state: Error: Trait not found: trait.reputation.power.renown
    at assignTrait (C:/Users/chris/Dev/Projects/TheFantasyWorldSimulator/src/engine/traits.ts:44:25)
    at syncReputationTrait (C:/Users/chris/Dev/Projects/TheFantasyWorldSimulator/src/engine/phaseReputationTraits.ts:297:5)
    at phaseReputationTraits (C:/Users/chris/Dev/Projects/TheFantasyWorldSimulator/src/engine/phaseReputationTraits.ts:273:7)
    at runTick (C:/Users/chris/Dev/Projects/TheFantasyWorldSimulator/src/engine/orchestrator.ts:1896:18)
    at C:/Users/chris/Dev/Projects/TheFantasyWorldSimulator/src/engine/__tests__/contracts/encounter-liveness.contract.test.ts:184:15
    at file:///C:/Users/chris/Dev/Projects/TheFantasyWorldSimulator/node_modules/@vitest/runner/dist/index.js:145:11
    at file:///C:/Users/chris/Dev/Projects/TheFantasyWorldSimulator/node_modules/@vitest/runner/dist/index.js:915:26
    at file:///C:/Users/chris/Dev/Projects/TheFantasyWorldSimulator/node_modules/@vitest/runner/dist/index.js:1243:20
    at new Promise (<anonymous>)
    at runWithTimeout (file:///C:/Users/chris/Dev/Projects/TheFantasyWorldSimulator/node_modules/@vitest/runner/dist/index.js:1209:10)
[Orchestrator] Tick crashed, returning previous state: Error: Trait not found: trait.reputation.power.renown
    at assignTrait (C:/Users/chris/Dev/Projects/TheFantasyWorldSimulator/src/engine/traits.ts:44:25)
    at syncReputationTrait (C:/Users/chris/Dev/Projects/TheFantasyWorldSimulator/src/engine/phaseReputationTraits.ts:297:5)
    at phaseReputationTraits (C:/Users/chris/Dev/Projects/TheFantasyWorldSimulator/src/engine/phaseReputationTraits.ts:273:7)
    at runTick (C:/Users/chris/Dev/Projects/TheFantasyWorldSimulator/src/engine/orchestrator.ts:1896:18)
    at C:/Users/chris/Dev/Projects/TheFantasyWorldSimulator/src/engine/__tests__/contracts/encounter-liveness.contract.test.ts:184:15
    at file:///C:/Users/chris/Dev/Projects/TheFantasyWorldSimulator/node_modules/@vitest/runner/dist/index.js:145:11
    at file:///C:/Users/chris/Dev/Projects/TheFantasyWorldSimulator/node_modules/@vitest/runner/dist/index.js:915:26
    at file:///C:/Users/chris/Dev/Projects/TheFantasyWorldSimulator/node_modules/@vitest/runner/dist/index.js:1243:20
    at new Promise (<anonymous>)
    at runWithTimeout (file:///C:/Users/chris/Dev/Projects/TheFantasyWorldSimulator/node_modules/@vitest/runner/dist/index.js:1209:10)
[Orchestrator] Tick crashed, returning previous state: Error: Trait not found: trait.reputation.power.renown
    at assignTrait (C:/Users/chris/Dev/Projects/TheFantasyWorldSimulator/src/engine/traits.ts:44:25)
    at syncReputationTrait (C:/Users/chris/Dev/Projects/TheFantasyWorldSimulator/src/engine/phaseReputationTraits.ts:297:5)
    at phaseReputationTraits (C:/Users/chris/Dev/Projects/TheFantasyWorldSimulator/src/engine/phaseReputationTraits.ts:273:7)
    at runTick (C:/Users/chris/Dev/Projects/TheFantasyWorldSimulator/src/engine/orchestrator.ts:1896:18)
    at C:/Users/chris/Dev/Projects/TheFantasyWorldSimulator/src/engine/__tests__/contracts/encounter-liveness.contract.test.ts:184:15
    at file:///C:/Users/chris/Dev/Projects/TheFantasyWorldSimulator/node_modules/@vitest/runner/dist/index.js:145:11
    at file:///C:/Users/chris/Dev/Projects/TheFantasyWorldSimulator/node_modules/@vitest/runner/dist/index.js:915:26
    at file:///C:/Users/chris/Dev/Projects/TheFantasyWorldSimulator/node_modules/@vitest/runner/dist/index.js:1243:20
    at new Promise (<anonymous>)
    at runWithTimeout (file:///C:/Users/chris/Dev/Projects/TheFantasyWorldSimulator/node_modules/@vitest/runner/dist/index.js:1209:10)
[Orchestrator] Tick crashed, returning previous state: Error: Trait not found: trait.reputation.power.renown
    at assignTrait (C:/Users/chris/Dev/Projects/TheFantasyWorldSimulator/src/engine/traits.ts:44:25)
    at syncReputationTrait (C:/Users/chris/Dev/Projects/TheFantasyWorldSimulator/src/engine/phaseReputationTraits.ts:297:5)
    at phaseReputationTraits (C:/Users/chris/Dev/Projects/TheFantasyWorldSimulator/src/engine/phaseReputationTraits.ts:273:7)
    at runTick (C:/Users/chris/Dev/Projects/TheFantasyWorldSimulator/src/engine/orchestrator.ts:1896:18)
    at C:/Users/chris/Dev/Projects/TheFantasyWorldSimulator/src/engine/__tests__/contracts/encounter-liveness.contract.test.ts:184:15
    at file:///C:/Users/chris/Dev/Projects/TheFantasyWorldSimulator/node_modules/@vitest/runner/dist/index.js:145:11
    at file:///C:/Users/chris/Dev/Projects/TheFantasyWorldSimulator/node_modules/@vitest/runner/dist/index.js:915:26
    at file:///C:/Users/chris/Dev/Projects/TheFantasyWorldSimulator/node_modules/@vitest/runner/dist/index.js:1243:20
    at new Promise (<anonymous>)
    at runWithTimeout (file:///C:/Users/chris/Dev/Projects/TheFantasyWorldSimulator/node_modules/@vitest/runner/dist/index.js:1209:10)
[Orchestrator] Tick crashed, returning previous state: Error: Trait not found: trait.reputation.power.renown
    at assignTrait (C:/Users/chris/Dev/Projects/TheFantasyWorldSimulator/src/engine/traits.ts:44:25)
    at syncReputationTrait (C:/Users/chris/Dev/Projects/TheFantasyWorldSimulator/src/engine/phaseReputationTraits.ts:297:5)
    at phaseReputationTraits (C:/Users/chris/Dev/Projects/TheFantasyWorldSimulator/src/engine/phaseReputationTraits.ts:273:7)
    at runTick (C:/Users/chris/Dev/Projects/TheFantasyWorldSimulator/src/engine/orchestrator.ts:1896:18)
    at C:/Users/chris/Dev/Projects/TheFantasyWorldSimulator/src/engine/__tests__/contracts/encounter-liveness.contract.test.ts:184:15
    at file:///C:/Users/chris/Dev/Projects/TheFantasyWorldSimulator/node_modules/@vitest/runner/dist/index.js:145:11
    at file:///C:/Users/chris/Dev/Projects/TheFantasyWorldSimulator/node_modules/@vitest/runner/dist/index.js:915:26
    at file:///C:/Users/chris/Dev/Projects/TheFantasyWorldSimulator/node_modules/@vitest/runner/dist/index.js:1243:20
    at new Promise (<anonymous>)
    at runWithTimeout (file:///C:/Users/chris/Dev/Projects/TheFantasyWorldSimulator/node_modules/@vitest/runner/dist/index.js:1209:10)
[Orchestrator] Tick crashed, returning previous state: Error: Trait not found: trait.reputation.power.renown
    at assignTrait (C:/Users/chris/Dev/Projects/TheFantasyWorldSimulator/src/engine/traits.ts:44:25)
    at syncReputationTrait (C:/Users/chris/Dev/Projects/TheFantasyWorldSimulator/src/engine/phaseReputationTraits.ts:297:5)
    at phaseReputationTraits (C:/Users/chris/Dev/Projects/TheFantasyWorldSimulator/src/engine/phaseReputationTraits.ts:273:7)
    at runTick (C:/Users/chris/Dev/Projects/TheFantasyWorldSimulator/src/engine/orchestrator.ts:1896:18)
    at C:/Users/chris/Dev/Projects/TheFantasyWorldSimulator/src/engine/__tests__/contracts/encounter-liveness.contract.test.ts:184:15
    at file:///C:/Users/chris/Dev/Projects/TheFantasyWorldSimulator/node_modules/@vitest/runner/dist/index.js:145:11
    at file:///C:/Users/chris/Dev/Projects/TheFantasyWorldSimulator/node_modules/@vitest/runner/dist/index.js:915:26
    at file:///C:/Users/chris/Dev/Projects/TheFantasyWorldSimulator/node_modules/@vitest/runner/dist/index.js:1243:20
    at new Promise (<anonymous>)
    at runWithTimeout (file:///C:/Users/chris/Dev/Projects/TheFantasyWorldSimulator/node_modules/@vitest/runner/dist/index.js:1209:10)
[Orchestrator] Tick crashed, returning previous state: Error: Trait not found: trait.reputation.power.renown
    at assignTrait (C:/Users/chris/Dev/Projects/TheFantasyWorldSimulator/src/engine/traits.ts:44:25)
    at syncReputationTrait (C:/Users/chris/Dev/Projects/TheFantasyWorldSimulator/src/engine/phaseReputationTraits.ts:297:5)
    at phaseReputationTraits (C:/Users/chris/Dev/Projects/TheFantasyWorldSimulator/src/engine/phaseReputationTraits.ts:273:7)
    at runTick (C:/Users/chris/Dev/Projects/TheFantasyWorldSimulator/src/engine/orchestrator.ts:1896:18)
    at C:/Users/chris/Dev/Projects/TheFantasyWorldSimulator/src/engine/__tests__/contracts/encounter-liveness.contract.test.ts:184:15
    at file:///C:/Users/chris/Dev/Projects/TheFantasyWorldSimulator/node_modules/@vitest/runner/dist/index.js:145:11
    at file:///C:/Users/chris/Dev/Projects/TheFantasyWorldSimulator/node_modules/@vitest/runner/dist/index.js:915:26
    at file:///C:/Users/chris/Dev/Projects/TheFantasyWorldSimulator/node_modules/@vitest/runner/dist/index.js:1243:20
    at new Promise (<anonymous>)
    at runWithTimeout (file:///C:/Users/chris/Dev/Projects/TheFantasyWorldSimulator/node_modules/@vitest/runner/dist/index.js:1209:10)
[Orchestrator] Tick crashed, returning previous state: Error: Trait not found: trait.reputation.power.renown
    at assignTrait (C:/Users/chris/Dev/Projects/TheFantasyWorldSimulator/src/engine/traits.ts:44:25)
    at syncReputationTrait (C:/Users/chris/Dev/Projects/TheFantasyWorldSimulator/src/engine/phaseReputationTraits.ts:297:5)
    at phaseReputationTraits (C:/Users/chris/Dev/Projects/TheFantasyWorldSimulator/src/engine/phaseReputationTraits.ts:273:7)
    at runTick (C:/Users/chris/Dev/Projects/TheFantasyWorldSimulator/src/engine/orchestrator.ts:1896:18)
    at C:/Users/chris/Dev/Projects/TheFantasyWorldSimulator/src/engine/__tests__/contracts/encounter-liveness.contract.test.ts:184:15
    at file:///C:/Users/chris/Dev/Projects/TheFantasyWorldSimulator/node_modules/@vitest/runner/dist/index.js:145:11
    at file:///C:/Users/chris/Dev/Projects/TheFantasyWorldSimulator/node_modules/@vitest/runner/dist/index.js:915:26
    at file:///C:/Users/chris/Dev/Projects/TheFantasyWorldSimulator/node_modules/@vitest/runner/dist/index.js:1243:20
    at new Promise (<anonymous>)
    at runWithTimeout (file:///C:/Users/chris/Dev/Projects/TheFantasyWorldSimulator/node_modules/@vitest/runner/dist/index.js:1209:10)
[Orchestrator] Tick crashed, returning previous state: Error: Trait not found: trait.reputation.power.renown
    at assignTrait (C:/Users/chris/Dev/Projects/TheFantasyWorldSimulator/src/engine/traits.ts:44:25)
    at syncReputationTrait (C:/Users/chris/Dev/Projects/TheFantasyWorldSimulator/src/engine/phaseReputationTraits.ts:297:5)
    at phaseReputationTraits (C:/Users/chris/Dev/Projects/TheFantasyWorldSimulator/src/engine/phaseReputationTraits.ts:273:7)
    at runTick (C:/Users/chris/Dev/Projects/TheFantasyWorldSimulator/src/engine/orchestrator.ts:1896:18)
    at C:/Users/chris/Dev/Projects/TheFantasyWorldSimulator/src/engine/__tests__/contracts/encounter-liveness.contract.test.ts:184:15
    at file:///C:/Users/chris/Dev/Projects/TheFantasyWorldSimulator/node_modules/@vitest/runner/dist/index.js:145:11
    at file:///C:/Users/chris/Dev/Projects/TheFantasyWorldSimulator/node_modules/@vitest/runner/dist/index.js:915:26
    at file:///C:/Users/chris/Dev/Projects/TheFantasyWorldSimulator/node_modules/@vitest/runner/dist/index.js:1243:20
    at new Promise (<anonymous>)
    at runWithTimeout (file:///C:/Users/chris/Dev/Projects/TheFantasyWorldSimulator/node_modules/@vitest/runner/dist/index.js:1209:10)
[Orchestrator] Tick crashed, returning previous state: Error: Trait not found: trait.reputation.power.renown
    at assignTrait (C:/Users/chris/Dev/Projects/TheFantasyWorldSimulator/src/engine/traits.ts:44:25)
    at syncReputationTrait (C:/Users/chris/Dev/Projects/TheFantasyWorldSimulator/src/engine/phaseReputationTraits.ts:297:5)
    at phaseReputationTraits (C:/Users/chris/Dev/Projects/TheFantasyWorldSimulator/src/engine/phaseReputationTraits.ts:273:7)
    at runTick (C:/Users/chris/Dev/Projects/TheFantasyWorldSimulator/src/engine/orchestrator.ts:1896:18)
    at C:/Users/chris/Dev/Projects/TheFantasyWorldSimulator/src/engine/__tests__/contracts/encounter-liveness.contract.test.ts:184:15
    at file:///C:/Users/chris/Dev/Projects/TheFantasyWorldSimulator/node_modules/@vitest/runner/dist/index.js:145:11
    at file:///C:/Users/chris/Dev/Projects/TheFantasyWorldSimulator/node_modules/@vitest/runner/dist/index.js:915:26
    at file:///C:/Users/chris/Dev/Projects/TheFantasyWorldSimulator/node_modules/@vitest/runner/dist/index.js:1243:20
    at new Promise (<anonymous>)
    at runWithTimeout (file:///C:/Users/chris/Dev/Projects/TheFantasyWorldSimulator/node_modules/@vitest/runner/dist/index.js:1209:10)
[Orchestrator] Tick crashed, returning previous state: Error: Trait not found: trait.reputation.power.renown
    at assignTrait (C:/Users/chris/Dev/Projects/TheFantasyWorldSimulator/src/engine/traits.ts:44:25)
    at syncReputationTrait (C:/Users/chris/Dev/Projects/TheFantasyWorldSimulator/src/engine/phaseReputationTraits.ts:297:5)
    at phaseReputationTraits (C:/Users/chris/Dev/Projects/TheFantasyWorldSimulator/src/engine/phaseReputationTraits.ts:273:7)
    at runTick (C:/Users/chris/Dev/Projects/TheFantasyWorldSimulator/src/engine/orchestrator.ts:1896:18)
    at C:/Users/chris/Dev/Projects/TheFantasyWorldSimulator/src/engine/__tests__/contracts/encounter-liveness.contract.test.ts:184:15
    at file:///C:/Users/chris/Dev/Projects/TheFantasyWorldSimulator/node_modules/@vitest/runner/dist/index.js:145:11
    at file:///C:/Users/chris/Dev/Projects/TheFantasyWorldSimulator/node_modules/@vitest/runner/dist/index.js:915:26
    at file:///C:/Users/chris/Dev/Projects/TheFantasyWorldSimulator/node_modules/@vitest/runner/dist/index.js:1243:20
    at new Promise (<anonymous>)
    at runWithTimeout (file:///C:/Users/chris/Dev/Projects/TheFantasyWorldSimulator/node_modules/@vitest/runner/dist/index.js:1209:10)
[Orchestrator] Tick crashed, returning previous state: Error: Trait not found: trait.reputation.power.renown
    at assignTrait (C:/Users/chris/Dev/Projects/TheFantasyWorldSimulator/src/engine/traits.ts:44:25)
    at syncReputationTrait (C:/Users/chris/Dev/Projects/TheFantasyWorldSimulator/src/engine/phaseReputationTraits.ts:297:5)
    at phaseReputationTraits (C:/Users/chris/Dev/Projects/TheFantasyWorldSimulator/src/engine/phaseReputationTraits.ts:273:7)
    at runTick (C:/Users/chris/Dev/Projects/TheFantasyWorldSimulator/src/engine/orchestrator.ts:1896:18)
    at C:/Users/chris/Dev/Projects/TheFantasyWorldSimulator/src/engine/__tests__/contracts/encounter-liveness.contract.test.ts:184:15
    at file:///C:/Users/chris/Dev/Projects/TheFantasyWorldSimulator/node_modules/@vitest/runner/dist/index.js:145:11
    at file:///C:/Users/chris/Dev/Projects/TheFantasyWorldSimulator/node_modules/@vitest/runner/dist/index.js:915:26
    at file:///C:/Users/chris/Dev/Projects/TheFantasyWorldSimulator/node_modules/@vitest/runner/dist/index.js:1243:20
    at new Promise (<anonymous>)
    at runWithTimeout (file:///C:/Users/chris/Dev/Projects/TheFantasyWorldSimulator/node_modules/@vitest/runner/dist/index.js:1209:10)
[Orchestrator] Tick crashed, returning previous state: Error: Trait not found: trait.reputation.power.renown
    at assignTrait (C:/Users/chris/Dev/Projects/TheFantasyWorldSimulator/src/engine/traits.ts:44:25)
    at syncReputationTrait (C:/Users/chris/Dev/Projects/TheFantasyWorldSimulator/src/engine/phaseReputationTraits.ts:297:5)
    at phaseReputationTraits (C:/Users/chris/Dev/Projects/TheFantasyWorldSimulator/src/engine/phaseReputationTraits.ts:273:7)
    at runTick (C:/Users/chris/Dev/Projects/TheFantasyWorldSimulator/src/engine/orchestrator.ts:1896:18)
    at C:/Users/chris/Dev/Projects/TheFantasyWorldSimulator/src/engine/__tests__/contracts/encounter-liveness.contract.test.ts:184:15
    at file:///C:/Users/chris/Dev/Projects/TheFantasyWorldSimulator/node_modules/@vitest/runner/dist/index.js:145:11
    at file:///C:/Users/chris/Dev/Projects/TheFantasyWorldSimulator/node_modules/@vitest/runner/dist/index.js:915:26
    at file:///C:/Users/chris/Dev/Projects/TheFantasyWorldSimulator/node_modules/@vitest/runner/dist/index.js:1243:20
    at new Promise (<anonymous>)
    at runWithTimeout (file:///C:/Users/chris/Dev/Projects/TheFantasyWorldSimulator/node_modules/@vitest/runner/dist/index.js:1209:10)
[Orchestrator] Tick crashed, returning previous state: Error: Trait not found: trait.reputation.power.renown
    at assignTrait (C:/Users/chris/Dev/Projects/TheFantasyWorldSimulator/src/engine/traits.ts:44:25)
    at syncReputationTrait (C:/Users/chris/Dev/Projects/TheFantasyWorldSimulator/src/engine/phaseReputationTraits.ts:297:5)
    at phaseReputationTraits (C:/Users/chris/Dev/Projects/TheFantasyWorldSimulator/src/engine/phaseReputationTraits.ts:273:7)
    at runTick (C:/Users/chris/Dev/Projects/TheFantasyWorldSimulator/src/engine/orchestrator.ts:1896:18)
    at C:/Users/chris/Dev/Projects/TheFantasyWorldSimulator/src/engine/__tests__/contracts/encounter-liveness.contract.test.ts:184:15
    at file:///C:/Users/chris/Dev/Projects/TheFantasyWorldSimulator/node_modules/@vitest/runner/dist/index.js:145:11
    at file:///C:/Users/chris/Dev/Projects/TheFantasyWorldSimulator/node_modules/@vitest/runner/dist/index.js:915:26
    at file:///C:/Users/chris/Dev/Projects/TheFantasyWorldSimulator/node_modules/@vitest/runner/dist/index.js:1243:20
    at new Promise (<anonymous>)
    at runWithTimeout (file:///C:/Users/chris/Dev/Projects/TheFantasyWorldSimulator/node_modules/@vitest/runner/dist/index.js:1209:10)
[Orchestrator] Tick crashed, returning previous state: Error: Trait not found: trait.reputation.power.renown
    at assignTrait (C:/Users/chris/Dev/Projects/TheFantasyWorldSimulator/src/engine/traits.ts:44:25)
    at syncReputationTrait (C:/Users/chris/Dev/Projects/TheFantasyWorldSimulator/src/engine/phaseReputationTraits.ts:297:5)
    at phaseReputationTraits (C:/Users/chris/Dev/Projects/TheFantasyWorldSimulator/src/engine/phaseReputationTraits.ts:273:7)
    at runTick (C:/Users/chris/Dev/Projects/TheFantasyWorldSimulator/src/engine/orchestrator.ts:1896:18)
    at C:/Users/chris/Dev/Projects/TheFantasyWorldSimulator/src/engine/__tests__/contracts/encounter-liveness.contract.test.ts:184:15
    at file:///C:/Users/chris/Dev/Projects/TheFantasyWorldSimulator/node_modules/@vitest/runner/dist/index.js:145:11
    at file:///C:/Users/chris/Dev/Projects/TheFantasyWorldSimulator/node_modules/@vitest/runner/dist/index.js:915:26
    at file:///C:/Users/chris/Dev/Projects/TheFantasyWorldSimulator/node_modules/@vitest/runner/dist/index.js:1243:20
    at new Promise (<anonymous>)
    at runWithTimeout (file:///C:/Users/chris/Dev/Projects/TheFantasyWorldSimulator/node_modules/@vitest/runner/dist/index.js:1209:10)
[Orchestrator] Tick crashed, returning previous state: Error: Trait not found: trait.reputation.power.renown
    at assignTrait (C:/Users/chris/Dev/Projects/TheFantasyWorldSimulator/src/engine/traits.ts:44:25)
    at syncReputationTrait (C:/Users/chris/Dev/Projects/TheFantasyWorldSimulator/src/engine/phaseReputationTraits.ts:297:5)
    at phaseReputationTraits (C:/Users/chris/Dev/Projects/TheFantasyWorldSimulator/src/engine/phaseReputationTraits.ts:273:7)
    at runTick (C:/Users/chris/Dev/Projects/TheFantasyWorldSimulator/src/engine/orchestrator.ts:1896:18)
    at C:/Users/chris/Dev/Projects/TheFantasyWorldSimulator/src/engine/__tests__/contracts/encounter-liveness.contract.test.ts:184:15
    at file:///C:/Users/chris/Dev/Projects/TheFantasyWorldSimulator/node_modules/@vitest/runner/dist/index.js:145:11
    at file:///C:/Users/chris/Dev/Projects/TheFantasyWorldSimulator/node_modules/@vitest/runner/dist/index.js:915:26
    at file:///C:/Users/chris/Dev/Projects/TheFantasyWorldSimulator/node_modules/@vitest/runner/dist/index.js:1243:20
    at new Promise (<anonymous>)
    at runWithTimeout (file:///C:/Users/chris/Dev/Projects/TheFantasyWorldSimulator/node_modules/@vitest/runner/dist/index.js:1209:10)

 [32m✓[39m src/engine/__tests__/cultureGenerator.test.ts [2m([22m[2m29 tests[22m[2m)[22m[32m 13[2mms[22m[39m
stderr | src/engine/__tests__/tickHealthMonitor.test.ts > tickHealthMonitor > validateTickOutput > catches its own errors (fail-soft)
[TickHealthMonitor] Validator error: TypeError: next.graph.getStats is not a function
    at validateTickOutput (C:/Users/chris/Dev/Projects/TheFantasyWorldSimulator/src/engine/tickHealthMonitor.ts:96:35)
    at C:/Users/chris/Dev/Projects/TheFantasyWorldSimulator/src/engine/__tests__/tickHealthMonitor.test.ts:217:22
    at file:///C:/Users/chris/Dev/Projects/TheFantasyWorldSimulator/node_modules/@vitest/runner/dist/index.js:145:11
    at file:///C:/Users/chris/Dev/Projects/TheFantasyWorldSimulator/node_modules/@vitest/runner/dist/index.js:915:26
    at file:///C:/Users/chris/Dev/Projects/TheFantasyWorldSimulator/node_modules/@vitest/runner/dist/index.js:1243:20
    at new Promise (<anonymous>)
    at runWithTimeout (file:///C:/Users/chris/Dev/Projects/TheFantasyWorldSimulator/node_modules/@vitest/runner/dist/index.js:1209:10)
    at file:///C:/Users/chris/Dev/Projects/TheFantasyWorldSimulator/node_modules/@vitest/runner/dist/index.js:1653:37
    at Traces.$ (file:///C:/Users/chris/Dev/Projects/TheFantasyWorldSimulator/node_modules/vitest/dist/chunks/traces.CCmnQaNT.js:142:27)
    at trace (file:///C:/Users/chris/Dev/Projects/TheFantasyWorldSimulator/node_modules/vitest/dist/chunks/test.B8ej_ZHS.js:239:21)

 [32m✓[39m src/engine/__tests__/tickHealthMonitor.test.ts [2m([22m[2m20 tests[22m[2m)[22m[32m 15[2mms[22m[39m
 [32m✓[39m src/components/Game/__tests__/notification-navigation.test.ts [2m([22m[2m4 tests[22m[2m)[22m[32m 21[2mms[22m[39m
21.18.33 [vite] (ssr) warning: Duplicate key "loyalty_ambition" in object literal
45 |          honesty_cunning: 0.05,         // near-zero → contradiction candidate
46 |          sacrifice_survival: -0.2,
47 |          loyalty_ambition: 0.4,
   |          ^
48 |          tradition_novelty: -0.1,
49 |          preservation_transformation: 0.0,

  Plugin: vite:esbuild
  File: C:/Users/chris/Dev/Projects/TheFantasyWorldSimulator/src/engine/__tests__/backstoryResolvers.test.ts
21.18.33 [vite] (ssr) warning: Duplicate key "mercy_ruthlessness" in object literal
48 |          tradition_novelty: -0.1,
49 |          preservation_transformation: 0.0,
50 |          mercy_ruthlessness: 0.3,
   |          ^
51 |          asceticism_extravagance: -0.6,
52 |        },

  Plugin: vite:esbuild
  File: C:/Users/chris/Dev/Projects/TheFantasyWorldSimulator/src/engine/__tests__/backstoryResolvers.test.ts
21.18.33 [vite] (ssr) warning: Duplicate key "loyalty_ambition" in object literal
469 |          honesty_cunning: 0.6,
470 |          sacrifice_survival: -0.8,
471 |          loyalty_ambition: 0.7,
    |          ^
472 |          tradition_novelty: -0.6,
473 |          preservation_transformation: 0.5,

  Plugin: vite:esbuild
  File: C:/Users/chris/Dev/Projects/TheFantasyWorldSimulator/src/engine/__tests__/backstoryResolvers.test.ts
21.18.33 [vite] (ssr) warning: Duplicate key "mercy_ruthlessness" in object literal
472 |          tradition_novelty: -0.6,
473 |          preservation_transformation: 0.5,
474 |          mercy_ruthlessness: 0.9,
    |          ^
475 |          asceticism_extravagance: -0.8,
476 |        },

  Plugin: vite:esbuild
  File: C:/Users/chris/Dev/Projects/TheFantasyWorldSimulator/src/engine/__tests__/backstoryResolvers.test.ts
 [32m✓[39m src/engine/__tests__/hiddenSites.test.ts [2m([22m[2m24 tests[22m[2m)[22m[32m 14[2mms[22m[39m
 [32m✓[39m src/engine/__tests__/scry.test.ts [2m([22m[2m41 tests[22m[2m)[22m[32m 15[2mms[22m[39m
 [32m✓[39m src/engine/__tests__/balanceTelemetry.test.ts [2m([22m[2m43 tests[22m[2m)[22m[32m 16[2mms[22m[39m
 [32m✓[39m src/engine/__tests__/hexActionBridge.test.ts [2m([22m[2m45 tests[22m[2m)[22m[32m 12[2mms[22m[39m
 [32m✓[39m src/engine/__tests__/guildSeeding.test.ts [2m([22m[2m39 tests[22m[2m)[22m[32m 11[2mms[22m[39m
 [32m✓[39m src/data/__tests__/strand-content.test.ts [2m([22m[2m37 tests[22m[2m)[22m[32m 12[2mms[22m[39m
 [32m✓[39m src/engine/__tests__/actionStepBranch.test.ts [2m([22m[2m15 tests[22m[2m)[22m[32m 8[2mms[22m[39m
stderr | src/engine/__tests__/encounterEventNode.test.ts > createEncounterEventNode > returns undefined and does not throw on duplicate node ID
[EncounterEventNode] Failed to create event node evt_actor.1_10_0: Error: Duplicate node ID: evt_actor.1_10_0
    at WorldGraph.addNode (C:/Users/chris/Dev/Projects/TheFantasyWorldSimulator/src/engine/graph.ts:22:13)
    at createEncounterEventNode (C:/Users/chris/Dev/Projects/TheFantasyWorldSimulator/src/engine/encounterEventNode.ts:80:11)
    at C:/Users/chris/Dev/Projects/TheFantasyWorldSimulator/src/engine/__tests__/encounterEventNode.test.ts:280:20
    at file:///C:/Users/chris/Dev/Projects/TheFantasyWorldSimulator/node_modules/@vitest/runner/dist/index.js:145:11
    at file:///C:/Users/chris/Dev/Projects/TheFantasyWorldSimulator/node_modules/@vitest/runner/dist/index.js:915:26
    at file:///C:/Users/chris/Dev/Projects/TheFantasyWorldSimulator/node_modules/@vitest/runner/dist/index.js:1243:20
    at new Promise (<anonymous>)
    at runWithTimeout (file:///C:/Users/chris/Dev/Projects/TheFantasyWorldSimulator/node_modules/@vitest/runner/dist/index.js:1209:10)
    at file:///C:/Users/chris/Dev/Projects/TheFantasyWorldSimulator/node_modules/@vitest/runner/dist/index.js:1653:37
    at Traces.$ (file:///C:/Users/chris/Dev/Projects/TheFantasyWorldSimulator/node_modules/vitest/dist/chunks/traces.CCmnQaNT.js:142:27)

 [32m✓[39m src/engine/__tests__/backstoryResolvers.test.ts [2m([22m[2m62 tests[22m[2m)[22m[32m 12[2mms[22m[39m
 [32m✓[39m src/engine/__tests__/encounterEventNode.test.ts [2m([22m[2m14 tests[22m[2m)[22m[32m 12[2mms[22m[39m
 [32m✓[39m src/engine/__tests__/lairSeeding.test.ts [2m([22m[2m13 tests[22m[2m)[22m[32m 15[2mms[22m[39m
stderr | src/engine/__tests__/battleAftermath.test.ts > applyAftermath > severs trade routes on major/total
[GraphSchema] Edge "trades_with" source should be "actor", got "location" (edge e_trade_0)
[GraphSchema] Edge "trades_with" source should be "actor", got "location" (edge e_trade_1)

stderr | src/engine/__tests__/battleAftermath.test.ts > applyAftermath > flags trade routes as threatened on minor
[GraphSchema] Edge "trades_with" source should be "actor", got "location" (edge e_trade_0)

 [32m✓[39m src/engine/__tests__/lakeGeneration.test.ts [2m([22m[2m4 tests[22m[2m)[22m[32m 13[2mms[22m[39m
stderr | src/engine/__tests__/battleAftermath.test.ts > applyAftermath > generates refugee encounters at neighbors on major defeat
[GraphSchema] Edge "located_at" source should be "actor", got "location" (edge e_neighbor_loc)

stderr | src/engine/__tests__/battleAftermath.test.ts > applyAftermath > generates more refugee encounters on total destruction
[GraphSchema] Edge "located_at" source should be "actor", got "location" (edge e_neighbor_loc)

stderr | src/engine/__tests__/battleAftermath.test.ts > applyAftermath > does not generate refugees on minor destruction
[GraphSchema] Edge "located_at" source should be "actor", got "location" (edge e_neighbor_loc)

stderr | src/engine/__tests__/battleAftermath.test.ts > generateRefugeeEncounters > generates refugees at adjacent settlement
[GraphSchema] Edge "located_at" source should be "actor", got "location" (edge e_loc)

stderr | src/engine/__tests__/battleAftermath.test.ts > generateRefugeeEncounters > skips ruined settlements when routing refugees
[GraphSchema] Edge "located_at" source should be "actor", got "location" (edge e_loc)

 [32m✓[39m src/engine/__tests__/battleAftermath.test.ts [2m([22m[2m30 tests[22m[2m)[22m[32m 11[2mms[22m[39m
stderr | src/engine/__tests__/proseResolvers-agent.test.ts > Prose Resolvers (Agent) > archetypeResolver > returns origin layer with priority 100 for valid archetype
[GraphSchema] Edge "member_of" missing required property: "rank" (edge edge_member_0)
[GraphSchema] Edge "member_of" missing required property: "joinedTick" (edge edge_member_0)

stderr | src/engine/__tests__/proseResolvers-agent.test.ts > Prose Resolvers (Agent) > archetypeResolver > replaces {name} placeholder with agent name
[GraphSchema] Edge "member_of" missing required property: "rank" (edge edge_member_0)
[GraphSchema] Edge "member_of" missing required property: "joinedTick" (edge edge_member_0)

stderr | src/engine/__tests__/proseResolvers-agent.test.ts > Prose Resolvers (Agent) > archetypeResolver > returns empty array when node missing
[GraphSchema] Edge "member_of" missing required property: "rank" (edge edge_member_0)
[GraphSchema] Edge "member_of" missing required property: "joinedTick" (edge edge_member_0)

stderr | src/engine/__tests__/proseResolvers-agent.test.ts > Prose Resolvers (Agent) > agentCultureResolver > returns character layer with priority 90 when belongs_to culture edge exists
[GraphSchema] Edge "member_of" missing required property: "rank" (edge edge_member_0)
[GraphSchema] Edge "member_of" missing required property: "joinedTick" (edge edge_member_0)

stderr | src/engine/__tests__/proseResolvers-agent.test.ts > Prose Resolvers (Agent) > agentCultureResolver > uses foundationPair from culture node for prose lookup
[GraphSchema] Edge "member_of" missing required property: "rank" (edge edge_member_0)
[GraphSchema] Edge "member_of" missing required property: "joinedTick" (edge edge_member_0)

stderr | src/engine/__tests__/proseResolvers-agent.test.ts > Prose Resolvers (Agent) > agentFactionResolver > returns character layer with priority 70 when member_of faction edge exists
[GraphSchema] Edge "member_of" missing required property: "rank" (edge edge_member_0)
[GraphSchema] Edge "member_of" missing required property: "joinedTick" (edge edge_member_0)

stderr | src/engine/__tests__/proseResolvers-agent.test.ts > Prose Resolvers (Agent) > agentFactionResolver > replaces {faction} placeholder with faction name
[GraphSchema] Edge "member_of" missing required property: "rank" (edge edge_member_0)
[GraphSchema] Edge "member_of" missing required property: "joinedTick" (edge edge_member_0)

stderr | src/engine/__tests__/proseResolvers-agent.test.ts > Prose Resolvers (Agent) > agentFactionResolver > returns empty array when agent node missing
[GraphSchema] Edge "member_of" missing required property: "rank" (edge edge_member_0)
[GraphSchema] Edge "member_of" missing required property: "joinedTick" (edge edge_member_0)

stderr | src/engine/__tests__/proseResolvers-agent.test.ts > Prose Resolvers (Agent) > dispositionResolver > returns character layer with priority 60 for valid cooperation strategy
[GraphSchema] Edge "member_of" missing required property: "rank" (edge edge_member_0)
[GraphSchema] Edge "member_of" missing required property: "joinedTick" (edge edge_member_0)

stderr | src/engine/__tests__/proseResolvers-agent.test.ts > Prose Resolvers (Agent) > dispositionResolver > replaces {name} placeholder with agent name
[GraphSchema] Edge "member_of" missing required property: "rank" (edge edge_member_0)
[GraphSchema] Edge "member_of" missing required property: "joinedTick" (edge edge_member_0)

stderr | src/engine/__tests__/proseResolvers-agent.test.ts > Prose Resolvers (Agent) > dispositionResolver > returns empty array when node missing
[GraphSchema] Edge "member_of" missing required property: "rank" (edge edge_member_0)
[GraphSchema] Edge "member_of" missing required property: "joinedTick" (edge edge_member_0)

stderr | src/services/narration/__tests__/NarrationService.test.ts > NarrationService > initWorker > sets available on worker init failure
[Narration] Worker init failed: Error: WASM failed
    at new <anonymous> (C:/Users/chris/Dev/Projects/TheFantasyWorldSimulator/src/services/narration/__tests__/NarrationService.test.ts:130:43)
    at new Mock (file:///C:/Users/chris/Dev/Projects/TheFantasyWorldSimulator/node_modules/@vitest/spy/dist/index.js:262:27)
    at NarrationServiceImpl.initWorker (C:/Users/chris/Dev/Projects/TheFantasyWorldSimulator/src/services/narration/NarrationService.ts:127:29)
    at C:/Users/chris/Dev/Projects/TheFantasyWorldSimulator/src/services/narration/__tests__/NarrationService.test.ts:139:17
    at processTicksAndRejections (node:internal/process/task_queues:104:5)
    at file:///C:/Users/chris/Dev/Projects/TheFantasyWorldSimulator/node_modules/@vitest/runner/dist/index.js:915:20

stderr | src/engine/__tests__/proseResolvers-agent.test.ts > Prose Resolvers (Agent) > wealthResolver > returns economic layer with priority 65 for agent with wealth
[GraphSchema] Edge "member_of" missing required property: "rank" (edge edge_member_0)
[GraphSchema] Edge "member_of" missing required property: "joinedTick" (edge edge_member_0)

stderr | src/engine/__tests__/proseResolvers-agent.test.ts > Prose Resolvers (Agent) > wealthResolver > replaces {name} placeholder with agent name
[GraphSchema] Edge "member_of" missing required property: "rank" (edge edge_member_0)
[GraphSchema] Edge "member_of" missing required property: "joinedTick" (edge edge_member_0)

stderr | src/engine/__tests__/proseResolvers-agent.test.ts > Prose Resolvers (Agent) > wealthResolver > returns empty array when node missing
[GraphSchema] Edge "member_of" missing required property: "rank" (edge edge_member_0)
[GraphSchema] Edge "member_of" missing required property: "joinedTick" (edge edge_member_0)

 [32m✓[39m src/services/narration/__tests__/NarrationService.test.ts [2m([22m[2m5 tests[22m[2m)[22m[32m 41[2mms[22m[39m
stderr | src/engine/__tests__/proseResolvers-agent.test.ts > Prose Resolvers (Agent) > wealthResolver > returns empty array when wealth property missing
[GraphSchema] Edge "member_of" missing required property: "rank" (edge edge_member_0)
[GraphSchema] Edge "member_of" missing required property: "joinedTick" (edge edge_member_0)

stderr | src/engine/__tests__/proseResolvers-agent.test.ts > Prose Resolvers (Agent) > wealthResolver > returns empty array when wealth is not a number
[GraphSchema] Edge "member_of" missing required property: "rank" (edge edge_member_0)
[GraphSchema] Edge "member_of" missing required property: "joinedTick" (edge edge_member_0)

stderr | src/engine/__tests__/proseResolvers-agent.test.ts > Prose Resolvers (Agent) > all agent resolvers together > all return properly prioritized layers for complete agent
[GraphSchema] Edge "member_of" missing required property: "rank" (edge edge_member_0)
[GraphSchema] Edge "member_of" missing required property: "joinedTick" (edge edge_member_0)

 [32m✓[39m src/engine/__tests__/proseResolvers-agent.test.ts [2m([22m[2m28 tests[22m[2m)[22m[32m 13[2mms[22m[39m
 [32m✓[39m src/engine/__tests__/encounterScoring.test.ts [2m([22m[2m58 tests[22m[2m)[22m[32m 14[2mms[22m[39m
 [32m✓[39m src/engine/__tests__/worldGenData.test.ts [2m([22m[2m7 tests[22m[2m)[22m[32m 13[2mms[22m[39m
 [32m✓[39m src/engine/__tests__/balanceSummary.test.ts [2m([22m[2m27 tests[22m[2m)[22m[32m 14[2mms[22m[39m
stderr | src/engine/__tests__/strands.test.ts > Strand Data Extractors > Presence strand > returns location and top domain capabilities
[GraphSchema] Edge "member_of" missing required property: "rank" (edge edge.member_of)
[GraphSchema] Edge "member_of" missing required property: "joinedTick" (edge edge.member_of)

stderr | src/engine/__tests__/phaseEconomicTraits.test.ts > phaseEconomicTraits > guild-sworn > assigns guild-sworn after sufficient membership duration
[GraphSchema] Edge "member_of" missing required property: "rank" (edge mem1)
[GraphSchema] Edge "member_of" missing required property: "joinedTick" (edge mem1)

stderr | src/engine/__tests__/strands.test.ts > Strand Data Extractors > Presence strand > finds companions at same location
[GraphSchema] Edge "member_of" missing required property: "rank" (edge edge.member_of)
[GraphSchema] Edge "member_of" missing required property: "joinedTick" (edge edge.member_of)

stderr | src/engine/__tests__/phaseEconomicTraits.test.ts > phaseEconomicTraits > guild-sworn > does not assign guild-sworn before sufficient duration
[GraphSchema] Edge "member_of" missing required property: "rank" (edge mem1)
[GraphSchema] Edge "member_of" missing required property: "joinedTick" (edge mem1)

stderr | src/engine/__tests__/strands.test.ts > Strand Data Extractors > Presence strand > excludes agent itself from companions
[GraphSchema] Edge "member_of" missing required property: "rank" (edge edge.member_of)
[GraphSchema] Edge "member_of" missing required property: "joinedTick" (edge edge.member_of)

stderr | src/engine/__tests__/phaseEconomicTraits.test.ts > phaseEconomicTraits > guild-sworn > sets guildJoinedTick on first observation of guild membership
[GraphSchema] Edge "member_of" missing required property: "rank" (edge mem1)
[GraphSchema] Edge "member_of" missing required property: "joinedTick" (edge mem1)

stderr | src/engine/__tests__/strands.test.ts > Strand Data Extractors > Presence strand > handles missing location gracefully
[GraphSchema] Edge "member_of" missing required property: "rank" (edge edge.member_of)
[GraphSchema] Edge "member_of" missing required property: "joinedTick" (edge edge.member_of)

stderr | src/engine/__tests__/strands.test.ts > Strand Data Extractors > Desires strand > extracts desire-relevant values with labels and descriptions
[GraphSchema] Edge "member_of" missing required property: "rank" (edge edge.member_of)
[GraphSchema] Edge "member_of" missing required property: "joinedTick" (edge edge.member_of)

stderr | src/engine/__tests__/strands.test.ts > Strand Data Extractors > Desires strand > sorts insights by absolute value descending
[GraphSchema] Edge "member_of" missing required property: "rank" (edge edge.member_of)
[GraphSchema] Edge "member_of" missing required property: "joinedTick" (edge edge.member_of)

stderr | src/engine/__tests__/strands.test.ts > Strand Data Extractors > Bonds strand > returns relationships with sentiment, strength, basis
[GraphSchema] Edge "member_of" missing required property: "rank" (edge edge.member_of)
[GraphSchema] Edge "member_of" missing required property: "joinedTick" (edge edge.member_of)

stderr | src/engine/__tests__/strands.test.ts > Strand Data Extractors > Bonds strand > returns faction membership
[GraphSchema] Edge "member_of" missing required property: "rank" (edge edge.member_of)
[GraphSchema] Edge "member_of" missing required property: "joinedTick" (edge edge.member_of)

stderr | src/engine/__tests__/strands.test.ts > Strand Data Extractors > Bonds strand > extracts bond-relevant values
[GraphSchema] Edge "member_of" missing required property: "rank" (edge edge.member_of)
[GraphSchema] Edge "member_of" missing required property: "joinedTick" (edge edge.member_of)

stderr | src/engine/__tests__/strands.test.ts > Strand Data Extractors > Ambitions strand > extracts ambition-relevant values
[GraphSchema] Edge "member_of" missing required property: "rank" (edge edge.member_of)
[GraphSchema] Edge "member_of" missing required property: "joinedTick" (edge edge.member_of)

stderr | src/engine/__tests__/strands.test.ts > Strand Data Extractors > Beliefs strand > extracts belief-relevant values
[GraphSchema] Edge "member_of" missing required property: "rank" (edge edge.member_of)
[GraphSchema] Edge "member_of" missing required property: "joinedTick" (edge edge.member_of)

stderr | src/engine/__tests__/strands.test.ts > Strand Data Extractors > Fears strand > derives fears from shadow side of strong values
[GraphSchema] Edge "member_of" missing required property: "rank" (edge edge.member_of)
[GraphSchema] Edge "member_of" missing required property: "joinedTick" (edge edge.member_of)

stderr | src/engine/__tests__/strands.test.ts > Strand Data Extractors > Fears strand > excludes weak values (|v| <= 0.3)
[GraphSchema] Edge "member_of" missing required property: "rank" (edge edge.member_of)
[GraphSchema] Edge "member_of" missing required property: "joinedTick" (edge edge.member_of)

stderr | src/engine/__tests__/strands.test.ts > Strand Data Extractors > Fears strand > uses correct fear description based on pole
[GraphSchema] Edge "member_of" missing required property: "rank" (edge edge.member_of)
[GraphSchema] Edge "member_of" missing required property: "joinedTick" (edge edge.member_of)

 [32m✓[39m src/engine/__tests__/strands.test.ts [2m([22m[2m14 tests[22m[2m)[22m[32m 10[2mms[22m[39m
 [32m✓[39m src/engine/__tests__/phaseEconomicTraits.test.ts [2m([22m[2m30 tests[22m[2m)[22m[32m 12[2mms[22m[39m
 [32m✓[39m src/data/__tests__/hex-vignette-content.test.ts [2m([22m[2m16 tests[22m[2m)[22m[32m 13[2mms[22m[39m
 [32m✓[39m src/lib/__tests__/hexGrouping.test.ts [2m([22m[2m7 tests[22m[2m)[22m[32m 13[2mms[22m[39m
 [32m✓[39m src/engine/__tests__/socialEncounterGeneration.test.ts [2m([22m[2m14 tests[22m[2m)[22m[32m 11[2mms[22m[39m
stderr | src/engine/__tests__/traceBuffer-context.test.ts > traceBuffer-context: Context Harvest Instrumentation > should emit context_harvest trace when buildNarrativeContext builds context for notable event
[GraphSchema] Edge "member_of" missing required property: "role" (edge member-act1-fac1)
[GraphSchema] Edge "member_of" missing required property: "rank" (edge member-act1-fac1)
[GraphSchema] Edge "member_of" missing required property: "joinedTick" (edge member-act1-fac1)

stderr | src/engine/__tests__/encounterFilterPipeline.test.ts > filterByVisibility > passes entry with visibleTo=["faction:iron-guild"] for faction member
[GraphSchema] Edge "member_of" missing required property: "role" (edge edge-member)
[GraphSchema] Edge "member_of" missing required property: "joinedTick" (edge edge-member)

stderr | src/engine/__tests__/traceBuffer-context.test.ts > traceBuffer-context: Context Harvest Instrumentation > should include top ranked objects in trace
[GraphSchema] Edge "member_of" missing required property: "role" (edge member-act1-fac1)
[GraphSchema] Edge "member_of" missing required property: "rank" (edge member-act1-fac1)
[GraphSchema] Edge "member_of" missing required property: "joinedTick" (edge member-act1-fac1)

stderr | src/engine/__tests__/traceBuffer-context.test.ts > traceBuffer-context: Context Harvest Instrumentation > should include selected object IDs in trace
[GraphSchema] Edge "member_of" missing required property: "role" (edge member-act1-fac1)
[GraphSchema] Edge "member_of" missing required property: "rank" (edge member-act1-fac1)
[GraphSchema] Edge "member_of" missing required property: "joinedTick" (edge member-act1-fac1)

stderr | src/engine/__tests__/encounterFilterPipeline.test.ts > runFilterPipeline > stage 1 calls awareness + faction filters
[GraphSchema] Edge "member_of" missing required property: "role" (edge edge-member-faction)
[GraphSchema] Edge "member_of" missing required property: "joinedTick" (edge edge-member-faction)

stderr | src/engine/__tests__/traceBuffer-context.test.ts > traceBuffer-context: Context Harvest Instrumentation > should not emit trace when tracing disabled
[GraphSchema] Edge "member_of" missing required property: "role" (edge member-act1-fac1)
[GraphSchema] Edge "member_of" missing required property: "rank" (edge member-act1-fac1)
[GraphSchema] Edge "member_of" missing required property: "joinedTick" (edge member-act1-fac1)

stderr | src/engine/__tests__/traceBuffer-context.test.ts > traceBuffer-context: Context Harvest Instrumentation > should filter traces by agent ID
[GraphSchema] Edge "member_of" missing required property: "role" (edge member-act1-fac1)
[GraphSchema] Edge "member_of" missing required property: "rank" (edge member-act1-fac1)
[GraphSchema] Edge "member_of" missing required property: "joinedTick" (edge member-act1-fac1)

 [32m✓[39m src/engine/__tests__/encounterFilterPipeline.test.ts [2m([22m[2m26 tests[22m[2m)[22m[32m 12[2mms[22m[39m
stderr | src/engine/__tests__/traceBuffer-context.test.ts > traceBuffer-context: Context Harvest Instrumentation > should have opposition tension >= 0
[GraphSchema] Edge "member_of" missing required property: "role" (edge member-act1-fac1)
[GraphSchema] Edge "member_of" missing required property: "rank" (edge member-act1-fac1)
[GraphSchema] Edge "member_of" missing required property: "joinedTick" (edge member-act1-fac1)

stderr | src/engine/__tests__/traceBuffer-context.test.ts > traceBuffer-context: Context Harvest Instrumentation > should skip pipeline for routine events and not emit trace
[GraphSchema] Edge "member_of" missing required property: "role" (edge member-act1-fac1)
[GraphSchema] Edge "member_of" missing required property: "rank" (edge member-act1-fac1)
[GraphSchema] Edge "member_of" missing required property: "joinedTick" (edge member-act1-fac1)

 [32m✓[39m src/engine/__tests__/traceBuffer-context.test.ts [2m([22m[2m7 tests[22m[2m)[22m[32m 8[2mms[22m[39m
stderr | src/engine/__tests__/tickHealth-integration.test.ts > tick health integration > 200 ticks all report healthy with empty crash log
[GraphSchema] Edge "belongs_to" source should be ["actor","location"], got "region" (edge edge_hist_territory_region_0_hist_culture_0)

stderr | src/engine/__tests__/contextBuilder.test.ts > harvestContext > harvests artifacts possessed by event actor
[GraphSchema] Edge "member_of" missing required property: "role" (edge member-act1-fac1)
[GraphSchema] Edge "member_of" missing required property: "rank" (edge member-act1-fac1)
[GraphSchema] Edge "member_of" missing required property: "joinedTick" (edge member-act1-fac1)

stderr | src/engine/__tests__/contextBuilder.test.ts > harvestContext > harvests characters at adjacent locations (notable = 1 hop)
[GraphSchema] Edge "member_of" missing required property: "role" (edge member-act1-fac1)
[GraphSchema] Edge "member_of" missing required property: "rank" (edge member-act1-fac1)
[GraphSchema] Edge "member_of" missing required property: "joinedTick" (edge member-act1-fac1)

stderr | src/engine/__tests__/contextBuilder.test.ts > harvestContext > harvests factions connected to event actor (regardless of distance)
[GraphSchema] Edge "member_of" missing required property: "role" (edge member-act1-fac1)
[GraphSchema] Edge "member_of" missing required property: "rank" (edge member-act1-fac1)
[GraphSchema] Edge "member_of" missing required property: "joinedTick" (edge member-act1-fac1)

stderr | src/engine/__tests__/contextBuilder.test.ts > harvestContext > harvests further locations for chronicle tier (2 hops)
[GraphSchema] Edge "member_of" missing required property: "role" (edge member-act1-fac1)
[GraphSchema] Edge "member_of" missing required property: "rank" (edge member-act1-fac1)
[GraphSchema] Edge "member_of" missing required property: "joinedTick" (edge member-act1-fac1)

stderr | src/engine/__tests__/contextBuilder.test.ts > harvestContext > excludes event actor from results
[GraphSchema] Edge "member_of" missing required property: "role" (edge member-act1-fac1)
[GraphSchema] Edge "member_of" missing required property: "rank" (edge member-act1-fac1)
[GraphSchema] Edge "member_of" missing required property: "joinedTick" (edge member-act1-fac1)

stderr | src/engine/__tests__/contextBuilder.test.ts > rankObjects > scores all harvested objects > 0
[GraphSchema] Edge "member_of" missing required property: "role" (edge member-act1-fac1)
[GraphSchema] Edge "member_of" missing required property: "rank" (edge member-act1-fac1)
[GraphSchema] Edge "member_of" missing required property: "joinedTick" (edge member-act1-fac1)

stderr | src/engine/__tests__/contextBuilder.test.ts > rankObjects > ranks objects in descending order by score
[GraphSchema] Edge "member_of" missing required property: "role" (edge member-act1-fac1)
[GraphSchema] Edge "member_of" missing required property: "rank" (edge member-act1-fac1)
[GraphSchema] Edge "member_of" missing required property: "joinedTick" (edge member-act1-fac1)

stderr | src/engine/__tests__/contextBuilder.test.ts > rankObjects > includes sphere opposition tension in scoring
[GraphSchema] Edge "member_of" missing required property: "role" (edge member-act1-fac1)
[GraphSchema] Edge "member_of" missing required property: "rank" (edge member-act1-fac1)
[GraphSchema] Edge "member_of" missing required property: "joinedTick" (edge member-act1-fac1)

stderr | src/engine/__tests__/contextBuilder.test.ts > rankObjects > populates all required ContextObject fields
[GraphSchema] Edge "member_of" missing required property: "role" (edge member-act1-fac1)
[GraphSchema] Edge "member_of" missing required property: "rank" (edge member-act1-fac1)
[GraphSchema] Edge "member_of" missing required property: "joinedTick" (edge member-act1-fac1)

stderr | src/engine/__tests__/contextBuilder.test.ts > selectObjects > selects 2-3 objects for notable tier
[GraphSchema] Edge "member_of" missing required property: "role" (edge member-act1-fac1)
[GraphSchema] Edge "member_of" missing required property: "rank" (edge member-act1-fac1)
[GraphSchema] Edge "member_of" missing required property: "joinedTick" (edge member-act1-fac1)

stderr | src/engine/__tests__/contextBuilder.test.ts > selectObjects > selects 4-5 objects for chronicle tier
[GraphSchema] Edge "member_of" missing required property: "role" (edge member-act1-fac1)
[GraphSchema] Edge "member_of" missing required property: "rank" (edge member-act1-fac1)
[GraphSchema] Edge "member_of" missing required property: "joinedTick" (edge member-act1-fac1)

stderr | src/engine/__tests__/contextBuilder.test.ts > selectObjects > enforces category cap of 2 per category
[GraphSchema] Edge "member_of" missing required property: "role" (edge member-act1-fac1)
[GraphSchema] Edge "member_of" missing required property: "rank" (edge member-act1-fac1)
[GraphSchema] Edge "member_of" missing required property: "joinedTick" (edge member-act1-fac1)

stderr | src/engine/__tests__/contextBuilder.test.ts > selectObjects > prefers character/faction if available
[GraphSchema] Edge "member_of" missing required property: "role" (edge member-act1-fac1)
[GraphSchema] Edge "member_of" missing required property: "rank" (edge member-act1-fac1)
[GraphSchema] Edge "member_of" missing required property: "joinedTick" (edge member-act1-fac1)

stderr | src/engine/__tests__/contextBuilder.test.ts > buildNarrativeContext > builds complete context for notable tier event
[GraphSchema] Edge "member_of" missing required property: "role" (edge member-act1-fac1)
[GraphSchema] Edge "member_of" missing required property: "rank" (edge member-act1-fac1)
[GraphSchema] Edge "member_of" missing required property: "joinedTick" (edge member-act1-fac1)

stderr | src/engine/__tests__/contextBuilder.test.ts > buildNarrativeContext > returns empty context for routine tier
[GraphSchema] Edge "member_of" missing required property: "role" (edge member-act1-fac1)
[GraphSchema] Edge "member_of" missing required property: "rank" (edge member-act1-fac1)
[GraphSchema] Edge "member_of" missing required property: "joinedTick" (edge member-act1-fac1)

stderr | src/engine/__tests__/contextBuilder.test.ts > buildNarrativeContext > populates opposition summary with tension data
[GraphSchema] Edge "member_of" missing required property: "role" (edge member-act1-fac1)
[GraphSchema] Edge "member_of" missing required property: "rank" (edge member-act1-fac1)
[GraphSchema] Edge "member_of" missing required property: "joinedTick" (edge member-act1-fac1)

stderr | src/engine/__tests__/contextBuilder.test.ts > buildNarrativeContext > respects selection limits in narrative context
[GraphSchema] Edge "member_of" missing required property: "role" (edge member-act1-fac1)
[GraphSchema] Edge "member_of" missing required property: "rank" (edge member-act1-fac1)
[GraphSchema] Edge "member_of" missing required property: "joinedTick" (edge member-act1-fac1)

 [32m✓[39m src/engine/__tests__/contextBuilder.test.ts [2m([22m[2m20 tests[22m[2m)[22m[32m 11[2mms[22m[39m
stderr | src/engine/__tests__/proseEnrichment.test.ts > gatherNarrativeContext > gathers full context from graph
[GraphSchema] Edge "member_of" missing required property: "joinedTick" (edge edge_faction)

stderr | src/engine/__tests__/proseEnrichment.test.ts > gatherNarrativeContext > includes storied+ artifacts, filters common
[GraphSchema] Edge "member_of" missing required property: "joinedTick" (edge edge_faction)

stderr | src/engine/__tests__/proseEnrichment.test.ts > gatherNarrativeContext > includes strong allies above trust threshold
[GraphSchema] Edge "member_of" missing required property: "joinedTick" (edge edge_faction)

stderr | src/engine/__tests__/proseEnrichment.test.ts > gatherNarrativeContext > includes rivals with negative sentiment
[GraphSchema] Edge "member_of" missing required property: "joinedTick" (edge edge_faction)

stderr | src/engine/__tests__/proseEnrichment.test.ts > gatherNarrativeContext > includes faction rank for leaders
[GraphSchema] Edge "member_of" missing required property: "joinedTick" (edge edge_faction)

stderr | src/engine/__tests__/proseEnrichment.test.ts > gatherNarrativeContext > includes reputation titles
[GraphSchema] Edge "member_of" missing required property: "joinedTick" (edge edge_faction)

stderr | src/engine/__tests__/proseEnrichment.test.ts > gatherNarrativeContext > resolves female pronouns
[GraphSchema] Edge "member_of" missing required property: "joinedTick" (edge edge_faction)

stderr | src/engine/__tests__/proseEnrichment.test.ts > gatherNarrativeContext > defaults to they/them for unknown gender
[GraphSchema] Edge "member_of" missing required property: "joinedTick" (edge edge_faction)

stderr | src/engine/__tests__/proseEnrichment.test.ts > gatherNarrativeContext > passes through meeting record and beat history
[GraphSchema] Edge "member_of" missing required property: "joinedTick" (edge edge_faction)

 [32m✓[39m src/data/__tests__/action-template-content.test.ts [2m([22m[2m12 tests[22m[2m)[22m[32m 11[2mms[22m[39m
 [32m✓[39m src/engine/__tests__/proseEnrichment.test.ts [2m([22m[2m33 tests[22m[2m)[22m[32m 11[2mms[22m[39m
 [32m✓[39m src/engine/__tests__/worldSoul.test.ts [2m([22m[2m33 tests[22m[2m)[22m[32m 9[2mms[22m[39m
 [32m✓[39m src/data/__tests__/game-theory-content.test.ts [2m([22m[2m15 tests[22m[2m)[22m[32m 12[2mms[22m[39m
 [32m✓[39m src/engine/__tests__/unifiedActionPhases.test.ts [2m([22m[2m8 tests[22m[2m)[22m[32m 15[2mms[22m[39m
stderr | src/engine/__tests__/phaseProsperity.test.ts > phaseProsperity — Equilibrium Model > faction presence boosts equilibrium target
[GraphSchema] Edge "located_at" source should be "actor", got "faction" (edge e1)

 [32m✓[39m src/engine/__tests__/phaseProsperity.test.ts [2m([22m[2m45 tests[22m[2m)[22m[32m 12[2mms[22m[39m
 [32m✓[39m src/engine/__tests__/proseResolvers-prosperity.test.ts [2m([22m[2m21 tests[22m[2m)[22m[32m 10[2mms[22m[39m
 [32m✓[39m src/engine/__tests__/encounter.test.ts [2m([22m[2m18 tests[22m[2m)[22m[32m 10[2mms[22m[39m
stderr | src/engine/__tests__/phaseAgentDecision.test.ts > phaseAgentDecision > creates tick events for idle agents with local encounter candidates
[GraphSchema] Edge "contains" target should be "location", got "actor" (edge contains_loc_town_agent_1)

stderr | src/engine/__tests__/phaseAgentDecision.test.ts > phaseAgentDecision > skips agents with active unified actions
[GraphSchema] Edge "contains" target should be "location", got "actor" (edge contains_loc_a_agent_active)

stderr | src/engine/__tests__/phaseAgentDecision.test.ts > phaseAgentDecision > skips agents occupied by active encounters
[GraphSchema] Edge "contains" target should be "location", got "actor" (edge contains_loc_b_agent_enc)

stderr | src/engine/__tests__/phaseAgentDecision.test.ts > phaseAgentDecision > skips agents with active movement queues
[GraphSchema] Edge "contains" target should be "location", got "actor" (edge contains_loc_c_agent_mov)

stderr | src/engine/__tests__/revelationEmitter.test.ts > emitColocationRevelations > reveals visible possession subcategories on first sighting of co-located agent
[GraphSchema] Edge "possesses" target should be "artifact", got "item" (edge edge-agentA-sword)

stderr | src/engine/__tests__/phaseAgentDecision.test.ts > phaseAgentDecision > processes multiple idle agents independently
[GraphSchema] Edge "contains" target should be "location", got "actor" (edge contains_loc_multi_agent_m1)
[GraphSchema] Edge "contains" target should be "location", got "actor" (edge contains_loc_multi_agent_m2)

stderr | src/engine/__tests__/revelationEmitter.test.ts > emitColocationRevelations > pushes RevelationTrace to traceBuffer for newly revealed possession
[GraphSchema] Edge "possesses" target should be "artifact", got "item" (edge edge-agentA-sword)

stderr | src/engine/__tests__/phaseAgentDecision.test.ts > phaseAgentDecision > returns no encounter events when cache is empty
[GraphSchema] Edge "contains" target should be "location", got "actor" (edge contains_loc_empty_agent_void)

stderr | src/engine/__tests__/revelationEmitter.test.ts > emitColocationRevelations > does not reveal vestments subcategory items that are not on first sighting
[GraphSchema] Edge "possesses" target should be "artifact", got "item" (edge edge-agentA-robe)

 [32m✓[39m src/engine/__tests__/targetActions.test.ts [2m([22m[2m37 tests[22m[2m)[22m[32m 9[2mms[22m[39m
stderr | src/engine/__tests__/phaseAgentDecision.test.ts > phaseAgentDecision > queues movement for agents when encounter is at a distant location
[GraphSchema] Edge "contains" target should be "location", got "actor" (edge contains_loc_here_agent_far)

stderr | src/engine/__tests__/phaseAgentDecision.test.ts > phaseAgentDecision > falls back to idle behavior when no scored candidates are above threshold
[GraphSchema] Edge "contains" target should be "location", got "actor" (edge contains_loc_barren_agent_idle)

stderr | src/engine/__tests__/phaseAgentDecision.test.ts > phaseAgentDecision > preserves existing tickEvents and appends new ones
[GraphSchema] Edge "contains" target should be "location", got "actor" (edge contains_loc_pres_agent_pres)

 [32m✓[39m src/engine/__tests__/revelationEmitter.test.ts [2m([22m[2m18 tests[22m[2m)[22m[32m 11[2mms[22m[39m
 [32m✓[39m src/engine/__tests__/phaseAgentDecision.test.ts [2m([22m[2m10 tests[22m[2m)[22m[32m 10[2mms[22m[39m
 [32m✓[39m src/engine/__tests__/resourceSeeding.test.ts [2m([22m[2m9 tests[22m[2m)[22m[32m 10[2mms[22m[39m
 [32m✓[39m src/engine/__tests__/lakeOutflow.test.ts [2m([22m[2m3 tests[22m[2m)[22m[32m 12[2mms[22m[39m
 [32m✓[39m src/engine/__tests__/proseResolvers.test.ts [2m([22m[2m28 tests[22m[2m)[22m[32m 8[2mms[22m[39m
 [32m✓[39m src/components/HexMapV2/locations/__tests__/locationIconRegistry.test.ts [2m([22m[2m5 tests[22m[2m)[22m[32m 11[2mms[22m[39m
 [32m✓[39m src/engine/__tests__/avatarMove.test.ts [2m([22m[2m16 tests[22m[2m)[22m[32m 11[2mms[22m[39m
 [32m✓[39m src/engine/worldgen/__tests__/fantasyOverlay.test.ts [2m([22m[2m8 tests[22m[2m)[22m[32m 9[2mms[22m[39m
 [32m✓[39m src/engine/__tests__/factionQuestAndReputation.test.ts [2m([22m[2m28 tests[22m[2m)[22m[32m 11[2mms[22m[39m
 [32m✓[39m src/engine/__tests__/factionJoinPromotion.test.ts [2m([22m[2m32 tests[22m[2m)[22m[32m 12[2mms[22m[39m
 [32m✓[39m src/engine/__tests__/tooltipResolver.test.ts [2m([22m[2m51 tests[22m[2m)[22m[32m 10[2mms[22m[39m
 [32m✓[39m src/engine/__tests__/unifiedActionLifecycle.test.ts [2m([22m[2m31 tests[22m[2m)[22m[32m 9[2mms[22m[39m
 [32m✓[39m src/engine/__tests__/controlEffectSpawn.test.ts [2m([22m[2m12 tests[22m[2m)[22m[32m 13[2mms[22m[39m
stderr | src/engine/__tests__/graphOpExecutor.test.ts > executeGraphOps > symbolic ref resolution > should support extra refs via context
[GraphSchema] Unknown edge type: "opposes". Not in EDGE_SCHEMA.

 [32m✓[39m src/engine/__tests__/graphOpExecutor.test.ts [2m([22m[2m25 tests[22m[2m)[22m[32m 10[2mms[22m[39m
 [32m✓[39m src/components/HexMapV2/scene/__tests__/FogCulling.test.ts [2m([22m[2m43 tests[22m[2m)[22m[32m 10[2mms[22m[39m
 [32m✓[39m src/data/__tests__/agenda-consequence-templates.test.ts [2m([22m[2m16 tests[22m[2m)[22m[32m 10[2mms[22m[39m
 [32m✓[39m src/components/Game/encounter-stage/adapters/__tests__/buildUnifiedEncounterStageModel.test.ts [2m([22m[2m22 tests[22m[2m)[22m[32m 9[2mms[22m[39m
 [32m✓[39m src/data/encounters/__tests__/flawed-steel.test.ts [2m([22m[2m45 tests[22m[2m)[22m[32m 8[2mms[22m[39m
 [32m✓[39m src/engine/__tests__/contracts/pathfinding-to-movement.contract.test.ts [2m([22m[2m8 tests[22m[2m)[22m[32m 9[2mms[22m[39m
 [32m✓[39m src/engine/__tests__/clearanceGate.test.ts [2m([22m[2m3 tests[22m[2m)[22m[32m 11[2mms[22m[39m
 [32m✓[39m src/engine/__tests__/siegeResolution.test.ts [2m([22m[2m21 tests[22m[2m)[22m[32m 7[2mms[22m[39m
 [32m✓[39m src/engine/__tests__/taxonomy.test.ts [2m([22m[2m22 tests[22m[2m)[22m[32m 10[2mms[22m[39m
 [32m✓[39m src/engine/__tests__/factionUIAndVisibility.test.ts [2m([22m[2m16 tests[22m[2m)[22m[32m 9[2mms[22m[39m
 [32m✓[39m src/data/__tests__/ascendant-content.test.ts [2m([22m[2m14 tests[22m[2m)[22m[32m 11[2mms[22m[39m
 [32m✓[39m src/__tests__/engine/spherePressureWiring.test.ts [2m([22m[2m7 tests[22m[2m)[22m[32m 10[2mms[22m[39m
21.18.34 [vite] (ssr) warning: Duplicate key "loyalty_ambition" in object literal
33 |          honesty_cunning: 0.05,    // near-zero → contradiction
34 |          sacrifice_survival: -0.2,
35 |          loyalty_ambition: 0.4,
   |          ^
36 |          tradition_novelty: -0.1,
37 |          preservation_transformation: 0.0,

  Plugin: vite:esbuild
  File: C:/Users/chris/Dev/Projects/TheFantasyWorldSimulator/src/engine/__tests__/backstoryGenerator.test.ts
21.18.34 [vite] (ssr) warning: Duplicate key "mercy_ruthlessness" in object literal
36 |          tradition_novelty: -0.1,
37 |          preservation_transformation: 0.0,
38 |          mercy_ruthlessness: 0.3,
   |          ^
39 |          asceticism_extravagance: -0.6,
40 |        },

  Plugin: vite:esbuild
  File: C:/Users/chris/Dev/Projects/TheFantasyWorldSimulator/src/engine/__tests__/backstoryGenerator.test.ts
 [32m✓[39m src/engine/__tests__/battleResolution.test.ts [2m([22m[2m19 tests[22m[2m)[22m[32m 9[2mms[22m[39m
 [32m✓[39m src/engine/__tests__/divineUnifiedAction.test.ts [2m([22m[2m5 tests[22m[2m)[22m[32m 12[2mms[22m[39m
 [32m✓[39m src/engine/__tests__/factionQuestGeneration.test.ts [2m([22m[2m17 tests[22m[2m)[22m[32m 8[2mms[22m[39m
 [32m✓[39m src/data/__tests__/starter-attachments.test.ts [2m([22m[2m44 tests[22m[2m)[22m[32m 9[2mms[22m[39m
 [32m✓[39m src/engine/__tests__/backstoryGenerator.test.ts [2m([22m[2m17 tests[22m[2m)[22m[32m 10[2mms[22m[39m
 [32m✓[39m src/engine/__tests__/lairEscalation.test.ts [2m([22m[2m18 tests[22m[2m)[22m[32m 8[2mms[22m[39m
 [32m✓[39m src/engine/__tests__/phaseControlEffects.test.ts [2m([22m[2m19 tests[22m[2m)[22m[32m 7[2mms[22m[39m
stderr | src/engine/__tests__/historicalCulture.test.ts > assignHistoricalTerritories > assigns belongs_to edges with cultureLayer: historical
[GraphSchema] Edge "belongs_to" source should be ["actor","location"], got "region" (edge edge_hist_territory_region_0_hist_culture_0)
[GraphSchema] Edge "belongs_to" source should be ["actor","location"], got "region" (edge edge_hist_territory_region_1_hist_culture_1)
[GraphSchema] Edge "belongs_to" source should be ["actor","location"], got "region" (edge edge_hist_territory_region_3_hist_culture_2)

stderr | src/engine/__tests__/historicalCulture.test.ts > assignHistoricalTerritories > leaves some regions unclaimed as wilderness
[GraphSchema] Edge "belongs_to" source should be ["actor","location"], got "region" (edge edge_hist_territory_region_5_hist_culture_0)
[GraphSchema] Edge "belongs_to" source should be ["actor","location"], got "region" (edge edge_hist_territory_region_17_hist_culture_1)
[GraphSchema] Edge "belongs_to" source should be ["actor","location"], got "region" (edge edge_hist_territory_region_18_hist_culture_2)
[GraphSchema] Edge "belongs_to" source should be ["actor","location"], got "region" (edge edge_hist_territory_region_6_hist_culture_0)
[GraphSchema] Edge "belongs_to" source should be ["actor","location"], got "region" (edge edge_hist_territory_region_11_hist_culture_1)
[GraphSchema] Edge "belongs_to" source should be ["actor","location"], got "region" (edge edge_hist_territory_region_19_hist_culture_2)
[GraphSchema] Edge "belongs_to" source should be ["actor","location"], got "region" (edge edge_hist_territory_region_10_hist_culture_0)
[GraphSchema] Edge "belongs_to" source should be ["actor","location"], got "region" (edge edge_hist_territory_region_15_hist_culture_1)
[GraphSchema] Edge "belongs_to" source should be ["actor","location"], got "region" (edge edge_hist_territory_region_14_hist_culture_2)
[GraphSchema] Edge "belongs_to" source should be ["actor","location"], got "region" (edge edge_hist_territory_region_12_hist_culture_0)
[GraphSchema] Edge "belongs_to" source should be ["actor","location"], got "region" (edge edge_hist_territory_region_13_hist_culture_1)
[GraphSchema] Edge "belongs_to" source should be ["actor","location"], got "region" (edge edge_hist_territory_region_9_hist_culture_2)
[GraphSchema] Edge "belongs_to" source should be ["actor","location"], got "region" (edge edge_hist_territory_region_8_hist_culture_0)
[GraphSchema] Edge "belongs_to" source should be ["actor","location"], got "region" (edge edge_hist_territory_region_16_hist_culture_1)
[GraphSchema] Edge "belongs_to" source should be ["actor","location"], got "region" (edge edge_hist_territory_region_3_hist_culture_2)
[GraphSchema] Edge "belongs_to" source should be ["actor","location"], got "region" (edge edge_hist_territory_region_0_hist_culture_0)
[GraphSchema] Edge "belongs_to" source should be ["actor","location"], got "region" (edge edge_hist_territory_region_2_hist_culture_2)

 [32m✓[39m src/engine/__tests__/historicalCulture.test.ts [2m([22m[2m6 tests[22m[2m)[22m[32m 9[2mms[22m[39m
 [32m✓[39m src/engine/__tests__/influence.test.ts [2m([22m[2m21 tests[22m[2m)[22m[32m 8[2mms[22m[39m
 [32m✓[39m src/engine/__tests__/phaseQuintessence.test.ts [2m([22m[2m20 tests[22m[2m)[22m[32m 9[2mms[22m[39m
 [32m✓[39m src/engine/__tests__/mandateGenerator.test.ts [2m([22m[2m9 tests[22m[2m)[22m[32m 7[2mms[22m[39m
 [32m✓[39m src/data/__tests__/rival-content.test.ts [2m([22m[2m12 tests[22m[2m)[22m[32m 8[2mms[22m[39m
 [32m✓[39m src/data/encounters/__tests__/road-ambush.test.ts [2m([22m[2m50 tests[22m[2m)[22m[32m 8[2mms[22m[39m
 [32m✓[39m src/components/HexMapV2/scene/__tests__/BorderMesh.test.ts [2m([22m[2m11 tests[22m[2m)[22m[32m 9[2mms[22m[39m
 [32m✓[39m src/engine/__tests__/proseResolvers-guild.test.ts [2m([22m[2m16 tests[22m[2m)[22m[32m 8[2mms[22m[39m
 [32m✓[39m src/data/__tests__/resource-content.test.ts [2m([22m[2m15 tests[22m[2m)[22m[32m 9[2mms[22m[39m
 [32m✓[39m src/engine/__tests__/factionSocialAndBonuses.test.ts [2m([22m[2m25 tests[22m[2m)[22m[32m 9[2mms[22m[39m
stderr | src/engine/__tests__/factionAwareness.test.ts > factionAwareness > getFactionAwarenessEntries > limits entries for low-rank agent (rank 0.1 → 2 max)
[GraphSchema] Edge "member_of" missing required property: "joinedTick" (edge edge-member-agent-1-faction-1)

 [32m✓[39m src/engine/__tests__/rarity.test.ts [2m([22m[2m53 tests[22m[2m)[22m[32m 9[2mms[22m[39m
stderr | src/engine/__tests__/factionAwareness.test.ts > factionAwareness > getFactionAwarenessEntries > allows many entries for high-rank agent (rank 0.9 → 18 max)
[GraphSchema] Edge "member_of" missing required property: "joinedTick" (edge edge-member-agent-1-faction-1)

stderr | src/engine/__tests__/factionAwareness.test.ts > factionAwareness > getFactionAwarenessEntries > filters entries by faction primary reach
[GraphSchema] Edge "member_of" missing required property: "joinedTick" (edge edge-member-agent-1-faction-1)

stderr | src/engine/__tests__/factionAwareness.test.ts > factionAwareness > getFactionAwarenessEntries > includes entries matching faction secondary reaches
[GraphSchema] Edge "member_of" missing required property: "joinedTick" (edge edge-member-agent-1-faction-1)

stderr | src/engine/__tests__/factionAwareness.test.ts > factionAwareness > getFactionAwarenessEntries > returns [] when agent rank is below minimum for intel
[GraphSchema] Edge "member_of" missing required property: "joinedTick" (edge edge-member-agent-1-faction-1)

stderr | src/engine/__tests__/factionAwareness.test.ts > factionAwareness > getFactionAwarenessEntries > skips factions with missing reachPreferences
[GraphSchema] Edge "member_of" missing required property: "joinedTick" (edge edge-member-agent-1-faction-no-prefs)

stderr | src/engine/__tests__/factionAwareness.test.ts > factionAwareness > getFactionAwarenessEntries > excludes entries already in alreadyVisible set
[GraphSchema] Edge "member_of" missing required property: "joinedTick" (edge edge-member-agent-1-faction-1)

stderr | src/engine/__tests__/factionAwareness.test.ts > factionAwareness > getFactionAwarenessEntries > returns entries sorted by questPriority descending
[GraphSchema] Edge "member_of" missing required property: "joinedTick" (edge edge-member-agent-1-faction-1)

stderr | src/engine/__tests__/factionAwareness.test.ts > factionAwareness > getFactionAwarenessEntries > uses default rank when edge has no rank property
[GraphSchema] Edge "member_of" missing required property: "rank" (edge edge-member-agent-1-faction-1)
[GraphSchema] Edge "member_of" missing required property: "joinedTick" (edge edge-member-agent-1-faction-1)

stderr | src/engine/__tests__/factionAwareness.test.ts > factionAwareness > getFactionAwarenessEntries > includes entries whose secondary reach matches faction primary
[GraphSchema] Edge "member_of" missing required property: "joinedTick" (edge edge-member-agent-1-faction-1)

stderr | src/engine/__tests__/factionAwareness.test.ts > factionAwareness > getFactionAwarenessEntries > aggregates entries from multiple factions
[GraphSchema] Edge "member_of" missing required property: "joinedTick" (edge edge-member-agent-1-faction-gold)
[GraphSchema] Edge "member_of" missing required property: "joinedTick" (edge edge-member-agent-1-faction-iron)

 [32m✓[39m src/engine/__tests__/factionAwareness.test.ts [2m([22m[2m12 tests[22m[2m)[22m[32m 10[2mms[22m[39m
 [32m✓[39m src/data/__tests__/profile-content.test.ts [2m([22m[2m47 tests[22m[2m)[22m[32m 9[2mms[22m[39m
 [32m✓[39m src/engine/__tests__/effectResolver.test.ts [2m([22m[2m40 tests[22m[2m)[22m[32m 10[2mms[22m[39m
 [32m✓[39m src/engine/__tests__/agentDetail-intents.test.ts [2m([22m[2m7 tests[22m[2m)[22m[32m 8[2mms[22m[39m
stderr | src/engine/__tests__/strategicActionCandidates.test.ts > strategicActionCandidates > generateStrategicCandidates > generates candidates for merchant ambition with valid targets
[GraphSchema] Edge "pursues" target should be "ambition", got "event" (edge pursues_merchant_trade)

stderr | src/engine/__tests__/strategicActionCandidates.test.ts > strategicActionCandidates > generateStrategicCandidates > rejects candidates when reach floors are unmet
[GraphSchema] Edge "pursues" target should be "ambition", got "event" (edge pursues_merchant_trade)

stderr | src/engine/__tests__/strategicActionCandidates.test.ts > strategicActionCandidates > generateStrategicCandidates > returns empty for ambitions without strategic profiles
[GraphSchema] Edge "pursues" target should be "ambition", got "event" (edge pursues_merchant_trade)

stderr | src/engine/__tests__/strategicActionCandidates.test.ts > strategicActionCandidates > generateStrategicCandidates > does not duplicate same template+target combos
[GraphSchema] Edge "pursues" target should be "ambition", got "event" (edge pursues_merchant_trade)

stderr | src/engine/__tests__/strategicActionCandidates.test.ts > strategicActionCandidates > generateStrategicCandidates > respects per-ambition candidate cap
[GraphSchema] Edge "pursues" target should be "ambition", got "event" (edge pursues_merchant_trade)

 [32m✓[39m src/engine/__tests__/strategicActionCandidates.test.ts [2m([22m[2m9 tests[22m[2m)[22m[32m 7[2mms[22m[39m
 [32m✓[39m src/types/__tests__/attachments.test.ts [2m([22m[2m27 tests[22m[2m)[22m[32m 8[2mms[22m[39m
 [32m✓[39m src/data/__tests__/monsterFactions.test.ts [2m([22m[2m18 tests[22m[2m)[22m[32m 9[2mms[22m[39m
 [32m✓[39m src/engine/__tests__/resolutionService.test.ts [2m([22m[2m45 tests[22m[2m)[22m[32m 8[2mms[22m[39m
 [32m✓[39m src/data/__tests__/agenda-content.test.ts [2m([22m[2m4 tests[22m[2m)[22m[32m 9[2mms[22m[39m
 [32m✓[39m src/services/narration/__tests__/WorkerBackend.test.ts [2m([22m[2m7 tests[22m[2m)[22m[32m 10[2mms[22m[39m
 [32m✓[39m tests/engine/attentionTierIntegration.test.ts [2m([22m[2m51 tests[22m[2m)[22m[32m 9[2mms[22m[39m
 [32m✓[39m src/engine/__tests__/phaseSettlementPromotion.test.ts [2m([22m[2m21 tests[22m[2m)[22m[32m 9[2mms[22m[39m
 [32m✓[39m src/engine/__tests__/phaseColocationDetection.test.ts [2m([22m[2m5 tests[22m[2m)[22m[32m 9[2mms[22m[39m
[90mstdout[2m | src/components/Game/__tests__/GameView-progressive.test.tsx[2m > [22m[2mGameView Progressive Disclosure (AgentInfoCard + AgentProfileModal)[2m > [22m[2mrenders retinue panel by default (no agent selected)
[22m[39m[WorldGen] Pass 'province' completed in 4.1ms
[WorldGen] Pass 'elevation' completed in 5.1ms
[WorldGen] Pass 'coastline' completed in 3.0ms
[WorldGen] Pass 'climate' completed in 7.7ms
[WorldGen] Pass 'hydrology' completed in 5.3ms
[WorldGen] Pass 'tempReassess' completed in 0.2ms
[WorldGen] Pass 'biome' completed in 1.8ms
[WorldGen] Culture terrain nudge: 42 hexes modified
[WorldGen] Pass 'cultureTerrainNudge' completed in 1.7ms
[WorldGen] Pass 'smoothing' completed in 1.8ms
[WorldGen] Pass 'validation' completed in 2.8ms

stderr | src/components/Game/__tests__/GameView-progressive.test.tsx > GameView Progressive Disclosure (AgentInfoCard + AgentProfileModal) > renders retinue panel by default (no agent selected)
[WorldGen] Validation errors: [ 'Ocean fraction too low: 7.4%' ]
[GraphSchema] Edge "belongs_to" source should be ["actor","location"], got "region" (edge edge_hist_territory_region_15_hist_culture_0)
[GraphSchema] Edge "belongs_to" source should be ["actor","location"], got "region" (edge edge_hist_territory_region_19_hist_culture_1)
[GraphSchema] Edge "belongs_to" source should be ["actor","location"], got "region" (edge edge_hist_territory_region_3_hist_culture_2)
[GraphSchema] Edge "belongs_to" source should be ["actor","location"], got "region" (edge edge_hist_territory_region_13_hist_culture_0)
[GraphSchema] Edge "belongs_to" source should be ["actor","location"], got "region" (edge edge_hist_territory_region_14_hist_culture_1)
[GraphSchema] Edge "belongs_to" source should be ["actor","location"], got "region" (edge edge_hist_territory_region_12_hist_culture_2)
[GraphSchema] Edge "belongs_to" source should be ["actor","location"], got "region" (edge edge_hist_territory_region_16_hist_culture_0)
[GraphSchema] Edge "belongs_to" source should be ["actor","location"], got "region" (edge edge_hist_territory_region_18_hist_culture_1)
[GraphSchema] Edge "belongs_to" source should be ["actor","location"], got "region" (edge edge_hist_territory_region_17_hist_culture_2)
[GraphSchema] Edge "belongs_to" source should be ["actor","location"], got "region" (edge edge_hist_territory_region_7_hist_culture_0)
[GraphSchema] Edge "belongs_to" source should be ["actor","location"], got "region" (edge edge_hist_territory_region_9_hist_culture_2)
[GraphSchema] Edge "belongs_to" source should be ["actor","location"], got "region" (edge edge_hist_territory_region_11_hist_culture_0)
[GraphSchema] Edge "belongs_to" source should be ["actor","location"], got "region" (edge edge_hist_territory_region_2_hist_culture_2)
[GraphSchema] Edge "belongs_to" source should be ["actor","location"], got "region" (edge edge_hist_territory_region_0_hist_culture_0)
[GraphSchema] Edge "belongs_to" source should be ["actor","location"], got "region" (edge edge_hist_territory_region_6_hist_culture_2)
[GraphSchema] Edge "belongs_to" source should be ["actor","location"], got "region" (edge edge_hist_territory_region_10_hist_culture_0)
[GraphSchema] Edge "belongs_to" source should be ["actor","location"], got "region" (edge edge_hist_territory_region_1_hist_culture_2)
[GraphSchema] Edge "belongs_to" source should be ["actor","location"], got "region" (edge edge_hist_territory_region_5_hist_culture_0)

[90mstdout[2m | src/components/Game/__tests__/GameView-debug.test.tsx[2m > [22m[2mGameView debug panel integration[2m > [22m[2mdoes not show debug panel by default
[22m[39m[WorldGen] Pass 'province' completed in 4.1ms
[WorldGen] Pass 'elevation' completed in 5.9ms
[WorldGen] Pass 'coastline' completed in 3.1ms
[WorldGen] Pass 'climate' completed in 8.0ms
[WorldGen] Pass 'hydrology' completed in 6.3ms
[WorldGen] Pass 'tempReassess' completed in 0.2ms
[WorldGen] Pass 'biome' completed in 1.8ms
[WorldGen] Culture terrain nudge: 42 hexes modified
[WorldGen] Pass 'cultureTerrainNudge' completed in 0.5ms
[WorldGen] Pass 'smoothing' completed in 1.9ms
[WorldGen] Pass 'validation' completed in 3.2ms

stderr | src/components/Game/__tests__/GameView-debug.test.tsx > GameView debug panel integration > does not show debug panel by default
[WorldGen] Validation errors: [ 'Ocean fraction too low: 7.4%' ]
[GraphSchema] Edge "belongs_to" source should be ["actor","location"], got "region" (edge edge_hist_territory_region_15_hist_culture_0)
[GraphSchema] Edge "belongs_to" source should be ["actor","location"], got "region" (edge edge_hist_territory_region_19_hist_culture_1)
[GraphSchema] Edge "belongs_to" source should be ["actor","location"], got "region" (edge edge_hist_territory_region_3_hist_culture_2)
[GraphSchema] Edge "belongs_to" source should be ["actor","location"], got "region" (edge edge_hist_territory_region_13_hist_culture_0)
[GraphSchema] Edge "belongs_to" source should be ["actor","location"], got "region" (edge edge_hist_territory_region_14_hist_culture_1)
[GraphSchema] Edge "belongs_to" source should be ["actor","location"], got "region" (edge edge_hist_territory_region_12_hist_culture_2)
[GraphSchema] Edge "belongs_to" source should be ["actor","location"], got "region" (edge edge_hist_territory_region_16_hist_culture_0)
[GraphSchema] Edge "belongs_to" source should be ["actor","location"], got "region" (edge edge_hist_territory_region_18_hist_culture_1)
[GraphSchema] Edge "belongs_to" source should be ["actor","location"], got "region" (edge edge_hist_territory_region_17_hist_culture_2)
[GraphSchema] Edge "belongs_to" source should be ["actor","location"], got "region" (edge edge_hist_territory_region_7_hist_culture_0)
[GraphSchema] Edge "belongs_to" source should be ["actor","location"], got "region" (edge edge_hist_territory_region_9_hist_culture_2)
[GraphSchema] Edge "belongs_to" source should be ["actor","location"], got "region" (edge edge_hist_territory_region_11_hist_culture_0)
[GraphSchema] Edge "belongs_to" source should be ["actor","location"], got "region" (edge edge_hist_territory_region_2_hist_culture_2)
[GraphSchema] Edge "belongs_to" source should be ["actor","location"], got "region" (edge edge_hist_territory_region_0_hist_culture_0)
[GraphSchema] Edge "belongs_to" source should be ["actor","location"], got "region" (edge edge_hist_territory_region_6_hist_culture_2)
[GraphSchema] Edge "belongs_to" source should be ["actor","location"], got "region" (edge edge_hist_territory_region_10_hist_culture_0)
[GraphSchema] Edge "belongs_to" source should be ["actor","location"], got "region" (edge edge_hist_territory_region_1_hist_culture_2)
[GraphSchema] Edge "belongs_to" source should be ["actor","location"], got "region" (edge edge_hist_territory_region_5_hist_culture_0)

[90mstdout[2m | src/components/Game/__tests__/GameView-interaction.test.tsx[2m > [22m[2mGameView[2m > [22m[2mrenders the retinue panel
[22m[39m[WorldGen] Pass 'province' completed in 4.3ms
[WorldGen] Pass 'elevation' completed in 5.3ms
[WorldGen] Pass 'coastline' completed in 3.1ms
[WorldGen] Pass 'climate' completed in 7.9ms
[WorldGen] Pass 'hydrology' completed in 5.2ms
[WorldGen] Pass 'tempReassess' completed in 0.3ms
[WorldGen] Pass 'biome' completed in 1.6ms
[WorldGen] Culture terrain nudge: 42 hexes modified
[WorldGen] Pass 'cultureTerrainNudge' completed in 0.5ms
[WorldGen] Pass 'smoothing' completed in 2.1ms
[WorldGen] Pass 'validation' completed in 3.4ms

stderr | src/components/Game/__tests__/GameView-interaction.test.tsx > GameView > renders the retinue panel
[WorldGen] Validation errors: [ 'Ocean fraction too low: 7.4%' ]
[GraphSchema] Edge "belongs_to" source should be ["actor","location"], got "region" (edge edge_hist_territory_region_15_hist_culture_0)
[GraphSchema] Edge "belongs_to" source should be ["actor","location"], got "region" (edge edge_hist_territory_region_19_hist_culture_1)
[GraphSchema] Edge "belongs_to" source should be ["actor","location"], got "region" (edge edge_hist_territory_region_3_hist_culture_2)
[GraphSchema] Edge "belongs_to" source should be ["actor","location"], got "region" (edge edge_hist_territory_region_13_hist_culture_0)
[GraphSchema] Edge "belongs_to" source should be ["actor","location"], got "region" (edge edge_hist_territory_region_14_hist_culture_1)
[GraphSchema] Edge "belongs_to" source should be ["actor","location"], got "region" (edge edge_hist_territory_region_12_hist_culture_2)
[GraphSchema] Edge "belongs_to" source should be ["actor","location"], got "region" (edge edge_hist_territory_region_16_hist_culture_0)
[GraphSchema] Edge "belongs_to" source should be ["actor","location"], got "region" (edge edge_hist_territory_region_18_hist_culture_1)
[GraphSchema] Edge "belongs_to" source should be ["actor","location"], got "region" (edge edge_hist_territory_region_17_hist_culture_2)
[GraphSchema] Edge "belongs_to" source should be ["actor","location"], got "region" (edge edge_hist_territory_region_7_hist_culture_0)
[GraphSchema] Edge "belongs_to" source should be ["actor","location"], got "region" (edge edge_hist_territory_region_9_hist_culture_2)
[GraphSchema] Edge "belongs_to" source should be ["actor","location"], got "region" (edge edge_hist_territory_region_11_hist_culture_0)
[GraphSchema] Edge "belongs_to" source should be ["actor","location"], got "region" (edge edge_hist_territory_region_2_hist_culture_2)
[GraphSchema] Edge "belongs_to" source should be ["actor","location"], got "region" (edge edge_hist_territory_region_0_hist_culture_0)
[GraphSchema] Edge "belongs_to" source should be ["actor","location"], got "region" (edge edge_hist_territory_region_6_hist_culture_2)
[GraphSchema] Edge "belongs_to" source should be ["actor","location"], got "region" (edge edge_hist_territory_region_10_hist_culture_0)
[GraphSchema] Edge "belongs_to" source should be ["actor","location"], got "region" (edge edge_hist_territory_region_1_hist_culture_2)
[GraphSchema] Edge "belongs_to" source should be ["actor","location"], got "region" (edge edge_hist_territory_region_5_hist_culture_0)

21.18.35 [vite] (ssr) warning: Duplicate key "loyalty_ambition" in object literal
40 |            honesty_cunning: 0.1,
41 |            sacrifice_survival: 0,
42 |            loyalty_ambition: 0,
   |            ^
43 |            tradition_novelty: 0,
44 |            preservation_transformation: 0,

  Plugin: vite:esbuild
  File: C:/Users/chris/Dev/Projects/TheFantasyWorldSimulator/src/engine/__tests__/actionCandidates.test.ts
21.18.35 [vite] (ssr) warning: Duplicate key "mercy_ruthlessness" in object literal
43 |            tradition_novelty: 0,
44 |            preservation_transformation: 0,
45 |            mercy_ruthlessness: 0.1,
   |            ^
46 |            asceticism_extravagance: 0,
47 |          },

  Plugin: vite:esbuild
  File: C:/Users/chris/Dev/Projects/TheFantasyWorldSimulator/src/engine/__tests__/actionCandidates.test.ts
21.18.35 [vite] (ssr) warning: Duplicate key "loyalty_ambition" in object literal
91 |            honesty_cunning: 0,
92 |            sacrifice_survival: 0,
93 |            loyalty_ambition: 0,
   |            ^
94 |            tradition_novelty: 0,
95 |            preservation_transformation: 0,

  Plugin: vite:esbuild
  File: C:/Users/chris/Dev/Projects/TheFantasyWorldSimulator/src/engine/__tests__/actionCandidates.test.ts
21.18.35 [vite] (ssr) warning: Duplicate key "mercy_ruthlessness" in object literal
94 |            tradition_novelty: 0,
95 |            preservation_transformation: 0,
96 |            mercy_ruthlessness: 0,
   |            ^
97 |            asceticism_extravagance: 0,
98 |          },

  Plugin: vite:esbuild
  File: C:/Users/chris/Dev/Projects/TheFantasyWorldSimulator/src/engine/__tests__/actionCandidates.test.ts
21.18.35 [vite] (ssr) warning: Duplicate key "loyalty_ambition" in object literal
127 |            honesty_cunning: 0,
128 |            sacrifice_survival: 0,
129 |            loyalty_ambition: 0,
    |            ^
130 |            tradition_novelty: 0,
131 |            preservation_transformation: 0,

  Plugin: vite:esbuild
  File: C:/Users/chris/Dev/Projects/TheFantasyWorldSimulator/src/engine/__tests__/actionCandidates.test.ts
21.18.35 [vite] (ssr) warning: Duplicate key "mercy_ruthlessness" in object literal
130 |            tradition_novelty: 0,
131 |            preservation_transformation: 0,
132 |            mercy_ruthlessness: 0,
    |            ^
133 |            asceticism_extravagance: 0,
134 |          },

  Plugin: vite:esbuild
  File: C:/Users/chris/Dev/Projects/TheFantasyWorldSimulator/src/engine/__tests__/actionCandidates.test.ts
21.18.35 [vite] (ssr) warning: Duplicate key "loyalty_ambition" in object literal
166 |            honesty_cunning: 0,
167 |            sacrifice_survival: 0,
168 |            loyalty_ambition: 0,
    |            ^
169 |            tradition_novelty: 0,
170 |            preservation_transformation: 0,

  Plugin: vite:esbuild
  File: C:/Users/chris/Dev/Projects/TheFantasyWorldSimulator/src/engine/__tests__/actionCandidates.test.ts
21.18.35 [vite] (ssr) warning: Duplicate key "mercy_ruthlessness" in object literal
169 |            tradition_novelty: 0,
170 |            preservation_transformation: 0,
171 |            mercy_ruthlessness: 0,
    |            ^
172 |            asceticism_extravagance: 0,
173 |          },

  Plugin: vite:esbuild
  File: C:/Users/chris/Dev/Projects/TheFantasyWorldSimulator/src/engine/__tests__/actionCandidates.test.ts
21.18.35 [vite] (ssr) warning: Duplicate key "loyalty_ambition" in object literal
205 |            honesty_cunning: 0,
206 |            sacrifice_survival: 0,
207 |            loyalty_ambition: 0,
    |            ^
208 |            tradition_novelty: 0,
209 |            preservation_transformation: 0,

  Plugin: vite:esbuild
  File: C:/Users/chris/Dev/Projects/TheFantasyWorldSimulator/src/engine/__tests__/actionCandidates.test.ts
21.18.35 [vite] (ssr) warning: Duplicate key "mercy_ruthlessness" in object literal
208 |            tradition_novelty: 0,
209 |            preservation_transformation: 0,
210 |            mercy_ruthlessness: 0,
    |            ^
211 |            asceticism_extravagance: 0,
212 |          },

  Plugin: vite:esbuild
  File: C:/Users/chris/Dev/Projects/TheFantasyWorldSimulator/src/engine/__tests__/actionCandidates.test.ts
21.18.35 [vite] (ssr) warning: Duplicate key "loyalty_ambition" in object literal
243 |            honesty_cunning: 0,
244 |            sacrifice_survival: 0,
245 |            loyalty_ambition: 0,
    |            ^
246 |            tradition_novelty: 0,
247 |            preservation_transformation: 0,

  Plugin: vite:esbuild
  File: C:/Users/chris/Dev/Projects/TheFantasyWorldSimulator/src/engine/__tests__/actionCandidates.test.ts
21.18.35 [vite] (ssr) warning: Duplicate key "mercy_ruthlessness" in object literal
246 |            tradition_novelty: 0,
247 |            preservation_transformation: 0,
248 |            mercy_ruthlessness: 0,
    |            ^
249 |            asceticism_extravagance: 0,
250 |          },

  Plugin: vite:esbuild
  File: C:/Users/chris/Dev/Projects/TheFantasyWorldSimulator/src/engine/__tests__/actionCandidates.test.ts
 [32m✓[39m src/engine/__tests__/debugEncounterTools.test.ts [2m([22m[2m7 tests[22m[2m)[22m[32m 8[2mms[22m[39m
 [32m✓[39m src/engine/__tests__/ascendant.test.ts [2m([22m[2m10 tests[22m[2m)[22m[32m 9[2mms[22m[39m
 [32m✓[39m src/components/Game/encounter-stage/__tests__/buildGateDutyEncounterStageModel.test.ts [2m([22m[2m5 tests[22m[2m)[22m[32m 9[2mms[22m[39m
 [32m✓[39m src/services/narration/__tests__/ServerBackend.test.ts [2m([22m[2m7 tests[22m[2m)[22m[32m 9[2mms[22m[39m
 [32m✓[39m src/data/encounters/__tests__/rival-shrine-betrayal.test.ts [2m([22m[2m34 tests[22m[2m)[22m[32m 7[2mms[22m[39m
 [32m✓[39m src/engine/__tests__/economicChronicle.test.ts [2m([22m[2m27 tests[22m[2m)[22m[32m 9[2mms[22m[39m
 [32m✓[39m src/engine/__tests__/plannerForecast.test.ts [2m([22m[2m30 tests[22m[2m)[22m[32m 8[2mms[22m[39m
 [32m✓[39m src/engine/__tests__/phaseSublocations.test.ts [2m([22m[2m34 tests[22m[2m)[22m[32m 8[2mms[22m[39m
[90mstdout[2m | src/components/Game/__tests__/GameView-debug.test.tsx[2m > [22m[2mGameView debug panel integration[2m > [22m[2mshows Settings toggle button in top bar
[22m[39m[WorldGen] Pass 'province' completed in 2.9ms
[WorldGen] Pass 'elevation' completed in 3.3ms
[WorldGen] Pass 'coastline' completed in 5.4ms
[WorldGen] Pass 'climate' completed in 6.6ms
[WorldGen] Pass 'hydrology' completed in 1.1ms
[WorldGen] Pass 'tempReassess' completed in 0.0ms
[WorldGen] Pass 'biome' completed in 0.3ms
[WorldGen] Culture terrain nudge: 42 hexes modified
[WorldGen] Pass 'cultureTerrainNudge' completed in 0.2ms
[WorldGen] Pass 'smoothing' completed in 1.1ms
[WorldGen] Pass 'validation' completed in 1.8ms

stderr | src/components/Game/__tests__/GameView-debug.test.tsx > GameView debug panel integration > shows Settings toggle button in top bar
[WorldGen] Validation errors: [ 'Ocean fraction too low: 7.4%' ]
[GraphSchema] Edge "belongs_to" source should be ["actor","location"], got "region" (edge edge_hist_territory_region_15_hist_culture_0)
[GraphSchema] Edge "belongs_to" source should be ["actor","location"], got "region" (edge edge_hist_territory_region_19_hist_culture_1)
[GraphSchema] Edge "belongs_to" source should be ["actor","location"], got "region" (edge edge_hist_territory_region_3_hist_culture_2)
[GraphSchema] Edge "belongs_to" source should be ["actor","location"], got "region" (edge edge_hist_territory_region_13_hist_culture_0)
[GraphSchema] Edge "belongs_to" source should be ["actor","location"], got "region" (edge edge_hist_territory_region_14_hist_culture_1)
[GraphSchema] Edge "belongs_to" source should be ["actor","location"], got "region" (edge edge_hist_territory_region_12_hist_culture_2)
[GraphSchema] Edge "belongs_to" source should be ["actor","location"], got "region" (edge edge_hist_territory_region_16_hist_culture_0)
[GraphSchema] Edge "belongs_to" source should be ["actor","location"], got "region" (edge edge_hist_territory_region_18_hist_culture_1)
[GraphSchema] Edge "belongs_to" source should be ["actor","location"], got "region" (edge edge_hist_territory_region_17_hist_culture_2)
[GraphSchema] Edge "belongs_to" source should be ["actor","location"], got "region" (edge edge_hist_territory_region_7_hist_culture_0)
[GraphSchema] Edge "belongs_to" source should be ["actor","location"], got "region" (edge edge_hist_territory_region_9_hist_culture_2)
[GraphSchema] Edge "belongs_to" source should be ["actor","location"], got "region" (edge edge_hist_territory_region_11_hist_culture_0)
[GraphSchema] Edge "belongs_to" source should be ["actor","location"], got "region" (edge edge_hist_territory_region_2_hist_culture_2)
[GraphSchema] Edge "belongs_to" source should be ["actor","location"], got "region" (edge edge_hist_territory_region_0_hist_culture_0)
[GraphSchema] Edge "belongs_to" source should be ["actor","location"], got "region" (edge edge_hist_territory_region_6_hist_culture_2)
[GraphSchema] Edge "belongs_to" source should be ["actor","location"], got "region" (edge edge_hist_territory_region_10_hist_culture_0)
[GraphSchema] Edge "belongs_to" source should be ["actor","location"], got "region" (edge edge_hist_territory_region_1_hist_culture_2)
[GraphSchema] Edge "belongs_to" source should be ["actor","location"], got "region" (edge edge_hist_territory_region_5_hist_culture_0)

 [32m✓[39m src/engine/__tests__/actionCandidates.test.ts [2m([22m[2m7 tests[22m[2m)[22m[32m 10[2mms[22m[39m
[90mstdout[2m | src/components/Game/__tests__/GameView-progressive.test.tsx[2m > [22m[2mGameView Progressive Disclosure (AgentInfoCard + AgentProfileModal)[2m > [22m[2mverifies right sidebar does not show agent profile modal initially
[22m[39m[WorldGen] Pass 'province' completed in 10.6ms
[WorldGen] Pass 'elevation' completed in 3.1ms
[WorldGen] Pass 'coastline' completed in 2.8ms
[WorldGen] Pass 'climate' completed in 4.4ms
[WorldGen] Pass 'hydrology' completed in 1.3ms
[WorldGen] Pass 'tempReassess' completed in 0.0ms
[WorldGen] Pass 'biome' completed in 0.4ms
[WorldGen] Culture terrain nudge: 42 hexes modified
[WorldGen] Pass 'cultureTerrainNudge' completed in 0.2ms
[WorldGen] Pass 'smoothing' completed in 0.8ms
[WorldGen] Pass 'validation' completed in 3.5ms

stderr | src/components/Game/__tests__/GameView-progressive.test.tsx > GameView Progressive Disclosure (AgentInfoCard + AgentProfileModal) > verifies right sidebar does not show agent profile modal initially
[WorldGen] Validation errors: [ 'Ocean fraction too low: 7.4%' ]
[GraphSchema] Edge "belongs_to" source should be ["actor","location"], got "region" (edge edge_hist_territory_region_15_hist_culture_0)
[GraphSchema] Edge "belongs_to" source should be ["actor","location"], got "region" (edge edge_hist_territory_region_19_hist_culture_1)
[GraphSchema] Edge "belongs_to" source should be ["actor","location"], got "region" (edge edge_hist_territory_region_3_hist_culture_2)
[GraphSchema] Edge "belongs_to" source should be ["actor","location"], got "region" (edge edge_hist_territory_region_13_hist_culture_0)
[GraphSchema] Edge "belongs_to" source should be ["actor","location"], got "region" (edge edge_hist_territory_region_14_hist_culture_1)
[GraphSchema] Edge "belongs_to" source should be ["actor","location"], got "region" (edge edge_hist_territory_region_12_hist_culture_2)
[GraphSchema] Edge "belongs_to" source should be ["actor","location"], got "region" (edge edge_hist_territory_region_16_hist_culture_0)
[GraphSchema] Edge "belongs_to" source should be ["actor","location"], got "region" (edge edge_hist_territory_region_18_hist_culture_1)
[GraphSchema] Edge "belongs_to" source should be ["actor","location"], got "region" (edge edge_hist_territory_region_17_hist_culture_2)
[GraphSchema] Edge "belongs_to" source should be ["actor","location"], got "region" (edge edge_hist_territory_region_7_hist_culture_0)
[GraphSchema] Edge "belongs_to" source should be ["actor","location"], got "region" (edge edge_hist_territory_region_9_hist_culture_2)
[GraphSchema] Edge "belongs_to" source should be ["actor","location"], got "region" (edge edge_hist_territory_region_11_hist_culture_0)
[GraphSchema] Edge "belongs_to" source should be ["actor","location"], got "region" (edge edge_hist_territory_region_2_hist_culture_2)
[GraphSchema] Edge "belongs_to" source should be ["actor","location"], got "region" (edge edge_hist_territory_region_0_hist_culture_0)
[GraphSchema] Edge "belongs_to" source should be ["actor","location"], got "region" (edge edge_hist_territory_region_6_hist_culture_2)
[GraphSchema] Edge "belongs_to" source should be ["actor","location"], got "region" (edge edge_hist_territory_region_10_hist_culture_0)
[GraphSchema] Edge "belongs_to" source should be ["actor","location"], got "region" (edge edge_hist_territory_region_1_hist_culture_2)
[GraphSchema] Edge "belongs_to" source should be ["actor","location"], got "region" (edge edge_hist_territory_region_5_hist_culture_0)

 [32m✓[39m src/components/Game/__tests__/GameView-progressive.test.tsx [2m([22m[2m2 tests[22m[2m)[22m[33m 553[2mms[22m[39m
     [33m[2m✓[22m[39m renders retinue panel by default (no agent selected) [33m 373[2mms[22m[39m
 [32m✓[39m src/components/HexMapV2/scene/__tests__/MovementTrailMesh.test.ts [2m([22m[2m24 tests[22m[2m)[22m[32m 9[2mms[22m[39m
[90mstdout[2m | src/components/Game/__tests__/GameView-interaction.test.tsx[2m > [22m[2mGameView[2m > [22m[2mrenders the ascendant info
[22m[39m[WorldGen] Pass 'province' completed in 3.5ms
[WorldGen] Pass 'elevation' completed in 3.6ms
[WorldGen] Pass 'coastline' completed in 3.3ms
[WorldGen] Pass 'climate' completed in 4.6ms
[WorldGen] Pass 'hydrology' completed in 1.3ms
[WorldGen] Pass 'tempReassess' completed in 0.0ms
[WorldGen] Pass 'biome' completed in 0.4ms
[WorldGen] Culture terrain nudge: 42 hexes modified
[WorldGen] Pass 'cultureTerrainNudge' completed in 0.3ms
[WorldGen] Pass 'smoothing' completed in 8.2ms
[WorldGen] Pass 'validation' completed in 1.5ms

stderr | src/components/Game/__tests__/GameView-interaction.test.tsx > GameView > renders the ascendant info
[WorldGen] Validation errors: [ 'Ocean fraction too low: 7.4%' ]
[GraphSchema] Edge "belongs_to" source should be ["actor","location"], got "region" (edge edge_hist_territory_region_15_hist_culture_0)
[GraphSchema] Edge "belongs_to" source should be ["actor","location"], got "region" (edge edge_hist_territory_region_19_hist_culture_1)
[GraphSchema] Edge "belongs_to" source should be ["actor","location"], got "region" (edge edge_hist_territory_region_3_hist_culture_2)
[GraphSchema] Edge "belongs_to" source should be ["actor","location"], got "region" (edge edge_hist_territory_region_13_hist_culture_0)
[GraphSchema] Edge "belongs_to" source should be ["actor","location"], got "region" (edge edge_hist_territory_region_14_hist_culture_1)
[GraphSchema] Edge "belongs_to" source should be ["actor","location"], got "region" (edge edge_hist_territory_region_12_hist_culture_2)
[GraphSchema] Edge "belongs_to" source should be ["actor","location"], got "region" (edge edge_hist_territory_region_16_hist_culture_0)
[GraphSchema] Edge "belongs_to" source should be ["actor","location"], got "region" (edge edge_hist_territory_region_18_hist_culture_1)
[GraphSchema] Edge "belongs_to" source should be ["actor","location"], got "region" (edge edge_hist_territory_region_17_hist_culture_2)
[GraphSchema] Edge "belongs_to" source should be ["actor","location"], got "region" (edge edge_hist_territory_region_7_hist_culture_0)
[GraphSchema] Edge "belongs_to" source should be ["actor","location"], got "region" (edge edge_hist_territory_region_9_hist_culture_2)
[GraphSchema] Edge "belongs_to" source should be ["actor","location"], got "region" (edge edge_hist_territory_region_11_hist_culture_0)
[GraphSchema] Edge "belongs_to" source should be ["actor","location"], got "region" (edge edge_hist_territory_region_2_hist_culture_2)
[GraphSchema] Edge "belongs_to" source should be ["actor","location"], got "region" (edge edge_hist_territory_region_0_hist_culture_0)
[GraphSchema] Edge "belongs_to" source should be ["actor","location"], got "region" (edge edge_hist_territory_region_6_hist_culture_2)
[GraphSchema] Edge "belongs_to" source should be ["actor","location"], got "region" (edge edge_hist_territory_region_10_hist_culture_0)
[GraphSchema] Edge "belongs_to" source should be ["actor","location"], got "region" (edge edge_hist_territory_region_1_hist_culture_2)
[GraphSchema] Edge "belongs_to" source should be ["actor","location"], got "region" (edge edge_hist_territory_region_5_hist_culture_0)

 [32m✓[39m src/engine/__tests__/contracts/timeline-to-exporter.contract.test.ts [2m([22m[2m6 tests[22m[2m)[22m[32m 7[2mms[22m[39m
 [32m✓[39m src/engine/__tests__/movement-integration.test.ts [2m([22m[2m6 tests[22m[2m)[22m[32m 9[2mms[22m[39m
 [32m✓[39m src/components/Game/encounter-stage/adapters/__tests__/buildSimpleEncounterStageModel.test.ts [2m([22m[2m10 tests[22m[2m)[22m[32m 8[2mms[22m[39m
 [32m✓[39m src/components/HexMapV2/scene/__tests__/CoastlineMesh.test.ts [2m([22m[2m8 tests[22m[2m)[22m[32m 7[2mms[22m[39m
 [32m✓[39m src/engine/__tests__/culturalTension.test.ts [2m([22m[2m14 tests[22m[2m)[22m[32m 7[2mms[22m[39m
 [32m✓[39m src/engine/__tests__/disposition.test.ts [2m([22m[2m61 tests[22m[2m)[22m[32m 9[2mms[22m[39m
stderr | src/engine/__tests__/armyAttrition.test.ts > monster territory attrition > army at hex with active lair receives standard attrition + MONSTER_TERRITORY_ATTRITION bonus
[GraphSchema] Edge "located_at" source should be "actor", got "location" (edge e_lair_lair1)

stderr | src/engine/__tests__/traceBuffer-integration.test.ts > trace buffer integration > buffer does not exceed BUFFER_SIZE (500)
[Orchestrator] Tick crashed, returning previous state: Error: Trait not found: trait.reputation.power.renown
    at assignTrait (C:/Users/chris/Dev/Projects/TheFantasyWorldSimulator/src/engine/traits.ts:44:25)
    at syncReputationTrait (C:/Users/chris/Dev/Projects/TheFantasyWorldSimulator/src/engine/phaseReputationTraits.ts:297:5)
    at phaseReputationTraits (C:/Users/chris/Dev/Projects/TheFantasyWorldSimulator/src/engine/phaseReputationTraits.ts:273:7)
    at runTick (C:/Users/chris/Dev/Projects/TheFantasyWorldSimulator/src/engine/orchestrator.ts:1896:18)
    at C:/Users/chris/Dev/Projects/TheFantasyWorldSimulator/src/engine/__tests__/traceBuffer-integration.test.ts:219:15
    at file:///C:/Users/chris/Dev/Projects/TheFantasyWorldSimulator/node_modules/@vitest/runner/dist/index.js:145:11
    at file:///C:/Users/chris/Dev/Projects/TheFantasyWorldSimulator/node_modules/@vitest/runner/dist/index.js:915:26
    at file:///C:/Users/chris/Dev/Projects/TheFantasyWorldSimulator/node_modules/@vitest/runner/dist/index.js:1243:20
    at new Promise (<anonymous>)
    at runWithTimeout (file:///C:/Users/chris/Dev/Projects/TheFantasyWorldSimulator/node_modules/@vitest/runner/dist/index.js:1209:10)
[Orchestrator] Tick crashed, returning previous state: Error: Trait not found: trait.reputation.power.renown
    at assignTrait (C:/Users/chris/Dev/Projects/TheFantasyWorldSimulator/src/engine/traits.ts:44:25)
    at syncReputationTrait (C:/Users/chris/Dev/Projects/TheFantasyWorldSimulator/src/engine/phaseReputationTraits.ts:297:5)
    at phaseReputationTraits (C:/Users/chris/Dev/Projects/TheFantasyWorldSimulator/src/engine/phaseReputationTraits.ts:273:7)
    at runTick (C:/Users/chris/Dev/Projects/TheFantasyWorldSimulator/src/engine/orchestrator.ts:1896:18)
    at C:/Users/chris/Dev/Projects/TheFantasyWorldSimulator/src/engine/__tests__/traceBuffer-integration.test.ts:219:15
    at file:///C:/Users/chris/Dev/Projects/TheFantasyWorldSimulator/node_modules/@vitest/runner/dist/index.js:145:11
    at file:///C:/Users/chris/Dev/Projects/TheFantasyWorldSimulator/node_modules/@vitest/runner/dist/index.js:915:26
    at file:///C:/Users/chris/Dev/Projects/TheFantasyWorldSimulator/node_modules/@vitest/runner/dist/index.js:1243:20
    at new Promise (<anonymous>)
    at runWithTimeout (file:///C:/Users/chris/Dev/Projects/TheFantasyWorldSimulator/node_modules/@vitest/runner/dist/index.js:1209:10)
[Orchestrator] Tick crashed, returning previous state: Error: Trait not found: trait.reputation.power.renown
    at assignTrait (C:/Users/chris/Dev/Projects/TheFantasyWorldSimulator/src/engine/traits.ts:44:25)
    at syncReputationTrait (C:/Users/chris/Dev/Projects/TheFantasyWorldSimulator/src/engine/phaseReputationTraits.ts:297:5)
    at phaseReputationTraits (C:/Users/chris/Dev/Projects/TheFantasyWorldSimulator/src/engine/phaseReputationTraits.ts:273:7)
    at runTick (C:/Users/chris/Dev/Projects/TheFantasyWorldSimulator/src/engine/orchestrator.ts:1896:18)
    at C:/Users/chris/Dev/Projects/TheFantasyWorldSimulator/src/engine/__tests__/traceBuffer-integration.test.ts:219:15
    at file:///C:/Users/chris/Dev/Projects/TheFantasyWorldSimulator/node_modules/@vitest/runner/dist/index.js:145:11
    at file:///C:/Users/chris/Dev/Projects/TheFantasyWorldSimulator/node_modules/@vitest/runner/dist/index.js:915:26
    at file:///C:/Users/chris/Dev/Projects/TheFantasyWorldSimulator/node_modules/@vitest/runner/dist/index.js:1243:20
    at new Promise (<anonymous>)
    at runWithTimeout (file:///C:/Users/chris/Dev/Projects/TheFantasyWorldSimulator/node_modules/@vitest/runner/dist/index.js:1209:10)
[Orchestrator] Tick crashed, returning previous state: Error: Trait not found: trait.reputation.power.renown
    at assignTrait (C:/Users/chris/Dev/Projects/TheFantasyWorldSimulator/src/engine/traits.ts:44:25)
    at syncReputationTrait (C:/Users/chris/Dev/Projects/TheFantasyWorldSimulator/src/engine/phaseReputationTraits.ts:297:5)
    at phaseReputationTraits (C:/Users/chris/Dev/Projects/TheFantasyWorldSimulator/src/engine/phaseReputationTraits.ts:273:7)
    at runTick (C:/Users/chris/Dev/Projects/TheFantasyWorldSimulator/src/engine/orchestrator.ts:1896:18)
    at C:/Users/chris/Dev/Projects/TheFantasyWorldSimulator/src/engine/__tests__/traceBuffer-integration.test.ts:219:15
    at file:///C:/Users/chris/Dev/Projects/TheFantasyWorldSimulator/node_modules/@vitest/runner/dist/index.js:145:11
    at file:///C:/Users/chris/Dev/Projects/TheFantasyWorldSimulator/node_modules/@vitest/runner/dist/index.js:915:26
    at file:///C:/Users/chris/Dev/Projects/TheFantasyWorldSimulator/node_modules/@vitest/runner/dist/index.js:1243:20
    at new Promise (<anonymous>)
    at runWithTimeout (file:///C:/Users/chris/Dev/Projects/TheFantasyWorldSimulator/node_modules/@vitest/runner/dist/index.js:1209:10)
[Orchestrator] Tick crashed, returning previous state: Error: Trait not found: trait.reputation.power.renown
    at assignTrait (C:/Users/chris/Dev/Projects/TheFantasyWorldSimulator/src/engine/traits.ts:44:25)
    at syncReputationTrait (C:/Users/chris/Dev/Projects/TheFantasyWorldSimulator/src/engine/phaseReputationTraits.ts:297:5)
    at phaseReputationTraits (C:/Users/chris/Dev/Projects/TheFantasyWorldSimulator/src/engine/phaseReputationTraits.ts:273:7)
    at runTick (C:/Users/chris/Dev/Projects/TheFantasyWorldSimulator/src/engine/orchestrator.ts:1896:18)
    at C:/Users/chris/Dev/Projects/TheFantasyWorldSimulator/src/engine/__tests__/traceBuffer-integration.test.ts:219:15
    at file:///C:/Users/chris/Dev/Projects/TheFantasyWorldSimulator/node_modules/@vitest/runner/dist/index.js:145:11
    at file:///C:/Users/chris/Dev/Projects/TheFantasyWorldSimulator/node_modules/@vitest/runner/dist/index.js:915:26
    at file:///C:/Users/chris/Dev/Projects/TheFantasyWorldSimulator/node_modules/@vitest/runner/dist/index.js:1243:20
    at new Promise (<anonymous>)
    at runWithTimeout (file:///C:/Users/chris/Dev/Projects/TheFantasyWorldSimulator/node_modules/@vitest/runner/dist/index.js:1209:10)
[Orchestrator] Tick crashed, returning previous state: Error: Trait not found: trait.reputation.power.renown
    at assignTrait (C:/Users/chris/Dev/Projects/TheFantasyWorldSimulator/src/engine/traits.ts:44:25)
    at syncReputationTrait (C:/Users/chris/Dev/Projects/TheFantasyWorldSimulator/src/engine/phaseReputationTraits.ts:297:5)
    at phaseReputationTraits (C:/Users/chris/Dev/Projects/TheFantasyWorldSimulator/src/engine/phaseReputationTraits.ts:273:7)
    at runTick (C:/Users/chris/Dev/Projects/TheFantasyWorldSimulator/src/engine/orchestrator.ts:1896:18)
    at C:/Users/chris/Dev/Projects/TheFantasyWorldSimulator/src/engine/__tests__/traceBuffer-integration.test.ts:219:15
    at file:///C:/Users/chris/Dev/Projects/TheFantasyWorldSimulator/node_modules/@vitest/runner/dist/index.js:145:11
    at file:///C:/Users/chris/Dev/Projects/TheFantasyWorldSimulator/node_modules/@vitest/runner/dist/index.js:915:26
    at file:///C:/Users/chris/Dev/Projects/TheFantasyWorldSimulator/node_modules/@vitest/runner/dist/index.js:1243:20
    at new Promise (<anonymous>)
    at runWithTimeout (file:///C:/Users/chris/Dev/Projects/TheFantasyWorldSimulator/node_modules/@vitest/runner/dist/index.js:1209:10)
[Orchestrator] Tick crashed, returning previous state: Error: Trait not found: trait.reputation.power.renown
    at assignTrait (C:/Users/chris/Dev/Projects/TheFantasyWorldSimulator/src/engine/traits.ts:44:25)
    at syncReputationTrait (C:/Users/chris/Dev/Projects/TheFantasyWorldSimulator/src/engine/phaseReputationTraits.ts:297:5)
    at phaseReputationTraits (C:/Users/chris/Dev/Projects/TheFantasyWorldSimulator/src/engine/phaseReputationTraits.ts:273:7)
    at runTick (C:/Users/chris/Dev/Projects/TheFantasyWorldSimulator/src/engine/orchestrator.ts:1896:18)
    at C:/Users/chris/Dev/Projects/TheFantasyWorldSimulator/src/engine/__tests__/traceBuffer-integration.test.ts:219:15
    at file:///C:/Users/chris/Dev/Projects/TheFantasyWorldSimulator/node_modules/@vitest/runner/dist/index.js:145:11
    at file:///C:/Users/chris/Dev/Projects/TheFantasyWorldSimulator/node_modules/@vitest/runner/dist/index.js:915:26
    at file:///C:/Users/chris/Dev/Projects/TheFantasyWorldSimulator/node_modules/@vitest/runner/dist/index.js:1243:20
    at new Promise (<anonymous>)
    at runWithTimeout (file:///C:/Users/chris/Dev/Projects/TheFantasyWorldSimulator/node_modules/@vitest/runner/dist/index.js:1209:10)
[Orchestrator] Tick crashed, returning previous state: Error: Trait not found: trait.reputation.power.renown
    at assignTrait (C:/Users/chris/Dev/Projects/TheFantasyWorldSimulator/src/engine/traits.ts:44:25)
    at syncReputationTrait (C:/Users/chris/Dev/Projects/TheFantasyWorldSimulator/src/engine/phaseReputationTraits.ts:297:5)
    at phaseReputationTraits (C:/Users/chris/Dev/Projects/TheFantasyWorldSimulator/src/engine/phaseReputationTraits.ts:273:7)
    at runTick (C:/Users/chris/Dev/Projects/TheFantasyWorldSimulator/src/engine/orchestrator.ts:1896:18)
    at C:/Users/chris/Dev/Projects/TheFantasyWorldSimulator/src/engine/__tests__/traceBuffer-integration.test.ts:219:15
    at file:///C:/Users/chris/Dev/Projects/TheFantasyWorldSimulator/node_modules/@vitest/runner/dist/index.js:145:11
    at file:///C:/Users/chris/Dev/Projects/TheFantasyWorldSimulator/node_modules/@vitest/runner/dist/index.js:915:26
    at file:///C:/Users/chris/Dev/Projects/TheFantasyWorldSimulator/node_modules/@vitest/runner/dist/index.js:1243:20
    at new Promise (<anonymous>)
    at runWithTimeout (file:///C:/Users/chris/Dev/Projects/TheFantasyWorldSimulator/node_modules/@vitest/runner/dist/index.js:1209:10)
[Orchestrator] Tick crashed, returning previous state: Error: Trait not found: trait.reputation.power.renown
    at assignTrait (C:/Users/chris/Dev/Projects/TheFantasyWorldSimulator/src/engine/traits.ts:44:25)
    at syncReputationTrait (C:/Users/chris/Dev/Projects/TheFantasyWorldSimulator/src/engine/phaseReputationTraits.ts:297:5)
    at phaseReputationTraits (C:/Users/chris/Dev/Projects/TheFantasyWorldSimulator/src/engine/phaseReputationTraits.ts:273:7)
    at runTick (C:/Users/chris/Dev/Projects/TheFantasyWorldSimulator/src/engine/orchestrator.ts:1896:18)
    at C:/Users/chris/Dev/Projects/TheFantasyWorldSimulator/src/engine/__tests__/traceBuffer-integration.test.ts:219:15
    at file:///C:/Users/chris/Dev/Projects/TheFantasyWorldSimulator/node_modules/@vitest/runner/dist/index.js:145:11
    at file:///C:/Users/chris/Dev/Projects/TheFantasyWorldSimulator/node_modules/@vitest/runner/dist/index.js:915:26
    at file:///C:/Users/chris/Dev/Projects/TheFantasyWorldSimulator/node_modules/@vitest/runner/dist/index.js:1243:20
    at new Promise (<anonymous>)
    at runWithTimeout (file:///C:/Users/chris/Dev/Projects/TheFantasyWorldSimulator/node_modules/@vitest/runner/dist/index.js:1209:10)
[Orchestrator] Tick crashed, returning previous state: Error: Trait not found: trait.reputation.power.renown
    at assignTrait (C:/Users/chris/Dev/Projects/TheFantasyWorldSimulator/src/engine/traits.ts:44:25)
    at syncReputationTrait (C:/Users/chris/Dev/Projects/TheFantasyWorldSimulator/src/engine/phaseReputationTraits.ts:297:5)
    at phaseReputationTraits (C:/Users/chris/Dev/Projects/TheFantasyWorldSimulator/src/engine/phaseReputationTraits.ts:273:7)
    at runTick (C:/Users/chris/Dev/Projects/TheFantasyWorldSimulator/src/engine/orchestrator.ts:1896:18)
    at C:/Users/chris/Dev/Projects/TheFantasyWorldSimulator/src/engine/__tests__/traceBuffer-integration.test.ts:219:15
    at file:///C:/Users/chris/Dev/Projects/TheFantasyWorldSimulator/node_modules/@vitest/runner/dist/index.js:145:11
    at file:///C:/Users/chris/Dev/Projects/TheFantasyWorldSimulator/node_modules/@vitest/runner/dist/index.js:915:26
    at file:///C:/Users/chris/Dev/Projects/TheFantasyWorldSimulator/node_modules/@vitest/runner/dist/index.js:1243:20
    at new Promise (<anonymous>)
    at runWithTimeout (file:///C:/Users/chris/Dev/Projects/TheFantasyWorldSimulator/node_modules/@vitest/runner/dist/index.js:1209:10)
[Orchestrator] Tick crashed, returning previous state: Error: Trait not found: trait.reputation.power.renown
    at assignTrait (C:/Users/chris/Dev/Projects/TheFantasyWorldSimulator/src/engine/traits.ts:44:25)
    at syncReputationTrait (C:/Users/chris/Dev/Projects/TheFantasyWorldSimulator/src/engine/phaseReputationTraits.ts:297:5)
    at phaseReputationTraits (C:/Users/chris/Dev/Projects/TheFantasyWorldSimulator/src/engine/phaseReputationTraits.ts:273:7)
    at runTick (C:/Users/chris/Dev/Projects/TheFantasyWorldSimulator/src/engine/orchestrator.ts:1896:18)
    at C:/Users/chris/Dev/Projects/TheFantasyWorldSimulator/src/engine/__tests__/traceBuffer-integration.test.ts:219:15
    at file:///C:/Users/chris/Dev/Projects/TheFantasyWorldSimulator/node_modules/@vitest/runner/dist/index.js:145:11
    at file:///C:/Users/chris/Dev/Projects/TheFantasyWorldSimulator/node_modules/@vitest/runner/dist/index.js:915:26
    at file:///C:/Users/chris/Dev/Projects/TheFantasyWorldSimulator/node_modules/@vitest/runner/dist/index.js:1243:20
    at new Promise (<anonymous>)
    at runWithTimeout (file:///C:/Users/chris/Dev/Projects/TheFantasyWorldSimulator/node_modules/@vitest/runner/dist/index.js:1209:10)
[Orchestrator] Tick crashed, returning previous state: Error: Trait not found: trait.reputation.power.renown
    at assignTrait (C:/Users/chris/Dev/Projects/TheFantasyWorldSimulator/src/engine/traits.ts:44:25)
    at syncReputationTrait (C:/Users/chris/Dev/Projects/TheFantasyWorldSimulator/src/engine/phaseReputationTraits.ts:297:5)
    at phaseReputationTraits (C:/Users/chris/Dev/Projects/TheFantasyWorldSimulator/src/engine/phaseReputationTraits.ts:273:7)
    at runTick (C:/Users/chris/Dev/Projects/TheFantasyWorldSimulator/src/engine/orchestrator.ts:1896:18)
    at C:/Users/chris/Dev/Projects/TheFantasyWorldSimulator/src/engine/__tests__/traceBuffer-integration.test.ts:219:15
    at file:///C:/Users/chris/Dev/Projects/TheFantasyWorldSimulator/node_modules/@vitest/runner/dist/index.js:145:11
    at file:///C:/Users/chris/Dev/Projects/TheFantasyWorldSimulator/node_modules/@vitest/runner/dist/index.js:915:26
    at file:///C:/Users/chris/Dev/Projects/TheFantasyWorldSimulator/node_modules/@vitest/runner/dist/index.js:1243:20
    at new Promise (<anonymous>)
    at runWithTimeout (file:///C:/Users/chris/Dev/Projects/TheFantasyWorldSimulator/node_modules/@vitest/runner/dist/index.js:1209:10)
[Orchestrator] Tick crashed, returning previous state: Error: Trait not found: trait.reputation.power.renown
    at assignTrait (C:/Users/chris/Dev/Projects/TheFantasyWorldSimulator/src/engine/traits.ts:44:25)
    at syncReputationTrait (C:/Users/chris/Dev/Projects/TheFantasyWorldSimulator/src/engine/phaseReputationTraits.ts:297:5)
    at phaseReputationTraits (C:/Users/chris/Dev/Projects/TheFantasyWorldSimulator/src/engine/phaseReputationTraits.ts:273:7)
    at runTick (C:/Users/chris/Dev/Projects/TheFantasyWorldSimulator/src/engine/orchestrator.ts:1896:18)
    at C:/Users/chris/Dev/Projects/TheFantasyWorldSimulator/src/engine/__tests__/traceBuffer-integration.test.ts:219:15
    at file:///C:/Users/chris/Dev/Projects/TheFantasyWorldSimulator/node_modules/@vitest/runner/dist/index.js:145:11
    at file:///C:/Users/chris/Dev/Projects/TheFantasyWorldSimulator/node_modules/@vitest/runner/dist/index.js:915:26
    at file:///C:/Users/chris/Dev/Projects/TheFantasyWorldSimulator/node_modules/@vitest/runner/dist/index.js:1243:20
    at new Promise (<anonymous>)
    at runWithTimeout (file:///C:/Users/chris/Dev/Projects/TheFantasyWorldSimulator/node_modules/@vitest/runner/dist/index.js:1209:10)
[Orchestrator] Tick crashed, returning previous state: Error: Trait not found: trait.reputation.power.renown
    at assignTrait (C:/Users/chris/Dev/Projects/TheFantasyWorldSimulator/src/engine/traits.ts:44:25)
    at syncReputationTrait (C:/Users/chris/Dev/Projects/TheFantasyWorldSimulator/src/engine/phaseReputationTraits.ts:297:5)
    at phaseReputationTraits (C:/Users/chris/Dev/Projects/TheFantasyWorldSimulator/src/engine/phaseReputationTraits.ts:273:7)
    at runTick (C:/Users/chris/Dev/Projects/TheFantasyWorldSimulator/src/engine/orchestrator.ts:1896:18)
    at C:/Users/chris/Dev/Projects/TheFantasyWorldSimulator/src/engine/__tests__/traceBuffer-integration.test.ts:219:15
    at file:///C:/Users/chris/Dev/Projects/TheFantasyWorldSimulator/node_modules/@vitest/runner/dist/index.js:145:11
    at file:///C:/Users/chris/Dev/Projects/TheFantasyWorldSimulator/node_modules/@vitest/runner/dist/index.js:915:26
    at file:///C:/Users/chris/Dev/Projects/TheFantasyWorldSimulator/node_modules/@vitest/runner/dist/index.js:1243:20
    at new Promise (<anonymous>)
    at runWithTimeout (file:///C:/Users/chris/Dev/Projects/TheFantasyWorldSimulator/node_modules/@vitest/runner/dist/index.js:1209:10)
[Orchestrator] Tick crashed, returning previous state: Error: Trait not found: trait.reputation.power.renown
    at assignTrait (C:/Users/chris/Dev/Projects/TheFantasyWorldSimulator/src/engine/traits.ts:44:25)
    at syncReputationTrait (C:/Users/chris/Dev/Projects/TheFantasyWorldSimulator/src/engine/phaseReputationTraits.ts:297:5)
    at phaseReputationTraits (C:/Users/chris/Dev/Projects/TheFantasyWorldSimulator/src/engine/phaseReputationTraits.ts:273:7)
    at runTick (C:/Users/chris/Dev/Projects/TheFantasyWorldSimulator/src/engine/orchestrator.ts:1896:18)
    at C:/Users/chris/Dev/Projects/TheFantasyWorldSimulator/src/engine/__tests__/traceBuffer-integration.test.ts:219:15
    at file:///C:/Users/chris/Dev/Projects/TheFantasyWorldSimulator/node_modules/@vitest/runner/dist/index.js:145:11
    at file:///C:/Users/chris/Dev/Projects/TheFantasyWorldSimulator/node_modules/@vitest/runner/dist/index.js:915:26
    at file:///C:/Users/chris/Dev/Projects/TheFantasyWorldSimulator/node_modules/@vitest/runner/dist/index.js:1243:20
    at new Promise (<anonymous>)
    at runWithTimeout (file:///C:/Users/chris/Dev/Projects/TheFantasyWorldSimulator/node_modules/@vitest/runner/dist/index.js:1209:10)
[Orchestrator] Tick crashed, returning previous state: Error: Trait not found: trait.reputation.power.renown
    at assignTrait (C:/Users/chris/Dev/Projects/TheFantasyWorldSimulator/src/engine/traits.ts:44:25)
    at syncReputationTrait (C:/Users/chris/Dev/Projects/TheFantasyWorldSimulator/src/engine/phaseReputationTraits.ts:297:5)
    at phaseReputationTraits (C:/Users/chris/Dev/Projects/TheFantasyWorldSimulator/src/engine/phaseReputationTraits.ts:273:7)
    at runTick (C:/Users/chris/Dev/Projects/TheFantasyWorldSimulator/src/engine/orchestrator.ts:1896:18)
    at C:/Users/chris/Dev/Projects/TheFantasyWorldSimulator/src/engine/__tests__/traceBuffer-integration.test.ts:219:15
    at file:///C:/Users/chris/Dev/Projects/TheFantasyWorldSimulator/node_modules/@vitest/runner/dist/index.js:145:11
    at file:///C:/Users/chris/Dev/Projects/TheFantasyWorldSimulator/node_modules/@vitest/runner/dist/index.js:915:26
    at file:///C:/Users/chris/Dev/Projects/TheFantasyWorldSimulator/node_modules/@vitest/runner/dist/index.js:1243:20
    at new Promise (<anonymous>)
    at runWithTimeout (file:///C:/Users/chris/Dev/Projects/TheFantasyWorldSimulator/node_modules/@vitest/runner/dist/index.js:1209:10)
[Orchestrator] Tick crashed, returning previous state: Error: Trait not found: trait.reputation.power.renown
    at assignTrait (C:/Users/chris/Dev/Projects/TheFantasyWorldSimulator/src/engine/traits.ts:44:25)
    at syncReputationTrait (C:/Users/chris/Dev/Projects/TheFantasyWorldSimulator/src/engine/phaseReputationTraits.ts:297:5)
    at phaseReputationTraits (C:/Users/chris/Dev/Projects/TheFantasyWorldSimulator/src/engine/phaseReputationTraits.ts:273:7)
    at runTick (C:/Users/chris/Dev/Projects/TheFantasyWorldSimulator/src/engine/orchestrator.ts:1896:18)
    at C:/Users/chris/Dev/Projects/TheFantasyWorldSimulator/src/engine/__tests__/traceBuffer-integration.test.ts:219:15
    at file:///C:/Users/chris/Dev/Projects/TheFantasyWorldSimulator/node_modules/@vitest/runner/dist/index.js:145:11
    at file:///C:/Users/chris/Dev/Projects/TheFantasyWorldSimulator/node_modules/@vitest/runner/dist/index.js:915:26
    at file:///C:/Users/chris/Dev/Projects/TheFantasyWorldSimulator/node_modules/@vitest/runner/dist/index.js:1243:20
    at new Promise (<anonymous>)
    at runWithTimeout (file:///C:/Users/chris/Dev/Projects/TheFantasyWorldSimulator/node_modules/@vitest/runner/dist/index.js:1209:10)
[Orchestrator] Tick crashed, returning previous state: Error: Trait not found: trait.reputation.power.renown
    at assignTrait (C:/Users/chris/Dev/Projects/TheFantasyWorldSimulator/src/engine/traits.ts:44:25)
    at syncReputationTrait (C:/Users/chris/Dev/Projects/TheFantasyWorldSimulator/src/engine/phaseReputationTraits.ts:297:5)
    at phaseReputationTraits (C:/Users/chris/Dev/Projects/TheFantasyWorldSimulator/src/engine/phaseReputationTraits.ts:273:7)
    at runTick (C:/Users/chris/Dev/Projects/TheFantasyWorldSimulator/src/engine/orchestrator.ts:1896:18)
    at C:/Users/chris/Dev/Projects/TheFantasyWorldSimulator/src/engine/__tests__/traceBuffer-integration.test.ts:219:15
    at file:///C:/Users/chris/Dev/Projects/TheFantasyWorldSimulator/node_modules/@vitest/runner/dist/index.js:145:11
    at file:///C:/Users/chris/Dev/Projects/TheFantasyWorldSimulator/node_modules/@vitest/runner/dist/index.js:915:26
    at file:///C:/Users/chris/Dev/Projects/TheFantasyWorldSimulator/node_modules/@vitest/runner/dist/index.js:1243:20
    at new Promise (<anonymous>)
    at runWithTimeout (file:///C:/Users/chris/Dev/Projects/TheFantasyWorldSimulator/node_modules/@vitest/runner/dist/index.js:1209:10)
[Orchestrator] Tick crashed, returning previous state: Error: Trait not found: trait.reputation.power.renown
    at assignTrait (C:/Users/chris/Dev/Projects/TheFantasyWorldSimulator/src/engine/traits.ts:44:25)
    at syncReputationTrait (C:/Users/chris/Dev/Projects/TheFantasyWorldSimulator/src/engine/phaseReputationTraits.ts:297:5)
    at phaseReputationTraits (C:/Users/chris/Dev/Projects/TheFantasyWorldSimulator/src/engine/phaseReputationTraits.ts:273:7)
    at runTick (C:/Users/chris/Dev/Projects/TheFantasyWorldSimulator/src/engine/orchestrator.ts:1896:18)
    at C:/Users/chris/Dev/Projects/TheFantasyWorldSimulator/src/engine/__tests__/traceBuffer-integration.test.ts:219:15
    at file:///C:/Users/chris/Dev/Projects/TheFantasyWorldSimulator/node_modules/@vitest/runner/dist/index.js:145:11
    at file:///C:/Users/chris/Dev/Projects/TheFantasyWorldSimulator/node_modules/@vitest/runner/dist/index.js:915:26
    at file:///C:/Users/chris/Dev/Projects/TheFantasyWorldSimulator/node_modules/@vitest/runner/dist/index.js:1243:20
    at new Promise (<anonymous>)
    at runWithTimeout (file:///C:/Users/chris/Dev/Projects/TheFantasyWorldSimulator/node_modules/@vitest/runner/dist/index.js:1209:10)
[Orchestrator] Tick crashed, returning previous state: Error: Trait not found: trait.reputation.power.renown
    at assignTrait (C:/Users/chris/Dev/Projects/TheFantasyWorldSimulator/src/engine/traits.ts:44:25)
    at syncReputationTrait (C:/Users/chris/Dev/Projects/TheFantasyWorldSimulator/src/engine/phaseReputationTraits.ts:297:5)
    at phaseReputationTraits (C:/Users/chris/Dev/Projects/TheFantasyWorldSimulator/src/engine/phaseReputationTraits.ts:273:7)
    at runTick (C:/Users/chris/Dev/Projects/TheFantasyWorldSimulator/src/engine/orchestrator.ts:1896:18)
    at C:/Users/chris/Dev/Projects/TheFantasyWorldSimulator/src/engine/__tests__/traceBuffer-integration.test.ts:219:15
    at file:///C:/Users/chris/Dev/Projects/TheFantasyWorldSimulator/node_modules/@vitest/runner/dist/index.js:145:11
    at file:///C:/Users/chris/Dev/Projects/TheFantasyWorldSimulator/node_modules/@vitest/runner/dist/index.js:915:26
    at file:///C:/Users/chris/Dev/Projects/TheFantasyWorldSimulator/node_modules/@vitest/runner/dist/index.js:1243:20
    at new Promise (<anonymous>)
    at runWithTimeout (file:///C:/Users/chris/Dev/Projects/TheFantasyWorldSimulator/node_modules/@vitest/runner/dist/index.js:1209:10)
[Orchestrator] Tick crashed, returning previous state: Error: Trait not found: trait.reputation.power.renown
    at assignTrait (C:/Users/chris/Dev/Projects/TheFantasyWorldSimulator/src/engine/traits.ts:44:25)
    at syncReputationTrait (C:/Users/chris/Dev/Projects/TheFantasyWorldSimulator/src/engine/phaseReputationTraits.ts:297:5)
    at phaseReputationTraits (C:/Users/chris/Dev/Projects/TheFantasyWorldSimulator/src/engine/phaseReputationTraits.ts:273:7)
    at runTick (C:/Users/chris/Dev/Projects/TheFantasyWorldSimulator/src/engine/orchestrator.ts:1896:18)
    at C:/Users/chris/Dev/Projects/TheFantasyWorldSimulator/src/engine/__tests__/traceBuffer-integration.test.ts:219:15
    at file:///C:/Users/chris/Dev/Projects/TheFantasyWorldSimulator/node_modules/@vitest/runner/dist/index.js:145:11
    at file:///C:/Users/chris/Dev/Projects/TheFantasyWorldSimulator/node_modules/@vitest/runner/dist/index.js:915:26
    at file:///C:/Users/chris/Dev/Projects/TheFantasyWorldSimulator/node_modules/@vitest/runner/dist/index.js:1243:20
    at new Promise (<anonymous>)
    at runWithTimeout (file:///C:/Users/chris/Dev/Projects/TheFantasyWorldSimulator/node_modules/@vitest/runner/dist/index.js:1209:10)
[Orchestrator] Tick crashed, returning previous state: Error: Trait not found: trait.reputation.power.renown
    at assignTrait (C:/Users/chris/Dev/Projects/TheFantasyWorldSimulator/src/engine/traits.ts:44:25)
    at syncReputationTrait (C:/Users/chris/Dev/Projects/TheFantasyWorldSimulator/src/engine/phaseReputationTraits.ts:297:5)
    at phaseReputationTraits (C:/Users/chris/Dev/Projects/TheFantasyWorldSimulator/src/engine/phaseReputationTraits.ts:273:7)
    at runTick (C:/Users/chris/Dev/Projects/TheFantasyWorldSimulator/src/engine/orchestrator.ts:1896:18)
    at C:/Users/chris/Dev/Projects/TheFantasyWorldSimulator/src/engine/__tests__/traceBuffer-integration.test.ts:219:15
    at file:///C:/Users/chris/Dev/Projects/TheFantasyWorldSimulator/node_modules/@vitest/runner/dist/index.js:145:11
    at file:///C:/Users/chris/Dev/Projects/TheFantasyWorldSimulator/node_modules/@vitest/runner/dist/index.js:915:26
    at file:///C:/Users/chris/Dev/Projects/TheFantasyWorldSimulator/node_modules/@vitest/runner/dist/index.js:1243:20
    at new Promise (<anonymous>)
    at runWithTimeout (file:///C:/Users/chris/Dev/Projects/TheFantasyWorldSimulator/node_modules/@vitest/runner/dist/index.js:1209:10)
[Orchestrator] Tick crashed, returning previous state: Error: Trait not found: trait.reputation.power.renown
    at assignTrait (C:/Users/chris/Dev/Projects/TheFantasyWorldSimulator/src/engine/traits.ts:44:25)
    at syncReputationTrait (C:/Users/chris/Dev/Projects/TheFantasyWorldSimulator/src/engine/phaseReputationTraits.ts:297:5)
    at phaseReputationTraits (C:/Users/chris/Dev/Projects/TheFantasyWorldSimulator/src/engine/phaseReputationTraits.ts:273:7)
    at runTick (C:/Users/chris/Dev/Projects/TheFantasyWorldSimulator/src/engine/orchestrator.ts:1896:18)
    at C:/Users/chris/Dev/Projects/TheFantasyWorldSimulator/src/engine/__tests__/traceBuffer-integration.test.ts:219:15
    at file:///C:/Users/chris/Dev/Projects/TheFantasyWorldSimulator/node_modules/@vitest/runner/dist/index.js:145:11
    at file:///C:/Users/chris/Dev/Projects/TheFantasyWorldSimulator/node_modules/@vitest/runner/dist/index.js:915:26
    at file:///C:/Users/chris/Dev/Projects/TheFantasyWorldSimulator/node_modules/@vitest/runner/dist/index.js:1243:20
    at new Promise (<anonymous>)
    at runWithTimeout (file:///C:/Users/chris/Dev/Projects/TheFantasyWorldSimulator/node_modules/@vitest/runner/dist/index.js:1209:10)
[Orchestrator] Tick crashed, returning previous state: Error: Trait not found: trait.reputation.power.renown
    at assignTrait (C:/Users/chris/Dev/Projects/TheFantasyWorldSimulator/src/engine/traits.ts:44:25)
    at syncReputationTrait (C:/Users/chris/Dev/Projects/TheFantasyWorldSimulator/src/engine/phaseReputationTraits.ts:297:5)
    at phaseReputationTraits (C:/Users/chris/Dev/Projects/TheFantasyWorldSimulator/src/engine/phaseReputationTraits.ts:273:7)
    at runTick (C:/Users/chris/Dev/Projects/TheFantasyWorldSimulator/src/engine/orchestrator.ts:1896:18)
    at C:/Users/chris/Dev/Projects/TheFantasyWorldSimulator/src/engine/__tests__/traceBuffer-integration.test.ts:219:15
    at file:///C:/Users/chris/Dev/Projects/TheFantasyWorldSimulator/node_modules/@vitest/runner/dist/index.js:145:11
    at file:///C:/Users/chris/Dev/Projects/TheFantasyWorldSimulator/node_modules/@vitest/runner/dist/index.js:915:26
    at file:///C:/Users/chris/Dev/Projects/TheFantasyWorldSimulator/node_modules/@vitest/runner/dist/index.js:1243:20
    at new Promise (<anonymous>)
    at runWithTimeout (file:///C:/Users/chris/Dev/Projects/TheFantasyWorldSimulator/node_modules/@vitest/runner/dist/index.js:1209:10)
[Orchestrator] Tick crashed, returning previous state: Error: Trait not found: trait.reputation.power.renown
    at assignTrait (C:/Users/chris/Dev/Projects/TheFantasyWorldSimulator/src/engine/traits.ts:44:25)
    at syncReputationTrait (C:/Users/chris/Dev/Projects/TheFantasyWorldSimulator/src/engine/phaseReputationTraits.ts:297:5)
    at phaseReputationTraits (C:/Users/chris/Dev/Projects/TheFantasyWorldSimulator/src/engine/phaseReputationTraits.ts:273:7)
    at runTick (C:/Users/chris/Dev/Projects/TheFantasyWorldSimulator/src/engine/orchestrator.ts:1896:18)
    at C:/Users/chris/Dev/Projects/TheFantasyWorldSimulator/src/engine/__tests__/traceBuffer-integration.test.ts:219:15
    at file:///C:/Users/chris/Dev/Projects/TheFantasyWorldSimulator/node_modules/@vitest/runner/dist/index.js:145:11
    at file:///C:/Users/chris/Dev/Projects/TheFantasyWorldSimulator/node_modules/@vitest/runner/dist/index.js:915:26
    at file:///C:/Users/chris/Dev/Projects/TheFantasyWorldSimulator/node_modules/@vitest/runner/dist/index.js:1243:20
    at new Promise (<anonymous>)
    at runWithTimeout (file:///C:/Users/chris/Dev/Projects/TheFantasyWorldSimulator/node_modules/@vitest/runner/dist/index.js:1209:10)
[Orchestrator] Tick crashed, returning previous state: Error: Trait not found: trait.reputation.power.renown
    at assignTrait (C:/Users/chris/Dev/Projects/TheFantasyWorldSimulator/src/engine/traits.ts:44:25)
    at syncReputationTrait (C:/Users/chris/Dev/Projects/TheFantasyWorldSimulator/src/engine/phaseReputationTraits.ts:297:5)
    at phaseReputationTraits (C:/Users/chris/Dev/Projects/TheFantasyWorldSimulator/src/engine/phaseReputationTraits.ts:273:7)
    at runTick (C:/Users/chris/Dev/Projects/TheFantasyWorldSimulator/src/engine/orchestrator.ts:1896:18)
    at C:/Users/chris/Dev/Projects/TheFantasyWorldSimulator/src/engine/__tests__/traceBuffer-integration.test.ts:219:15
    at file:///C:/Users/chris/Dev/Projects/TheFantasyWorldSimulator/node_modules/@vitest/runner/dist/index.js:145:11
    at file:///C:/Users/chris/Dev/Projects/TheFantasyWorldSimulator/node_modules/@vitest/runner/dist/index.js:915:26
    at file:///C:/Users/chris/Dev/Projects/TheFantasyWorldSimulator/node_modules/@vitest/runner/dist/index.js:1243:20
    at new Promise (<anonymous>)
    at runWithTimeout (file:///C:/Users/chris/Dev/Projects/TheFantasyWorldSimulator/node_modules/@vitest/runner/dist/index.js:1209:10)
[Orchestrator] Tick crashed, returning previous state: Error: Trait not found: trait.reputation.power.renown
    at assignTrait (C:/Users/chris/Dev/Projects/TheFantasyWorldSimulator/src/engine/traits.ts:44:25)
    at syncReputationTrait (C:/Users/chris/Dev/Projects/TheFantasyWorldSimulator/src/engine/phaseReputationTraits.ts:297:5)
    at phaseReputationTraits (C:/Users/chris/Dev/Projects/TheFantasyWorldSimulator/src/engine/phaseReputationTraits.ts:273:7)
    at runTick (C:/Users/chris/Dev/Projects/TheFantasyWorldSimulator/src/engine/orchestrator.ts:1896:18)
    at C:/Users/chris/Dev/Projects/TheFantasyWorldSimulator/src/engine/__tests__/traceBuffer-integration.test.ts:219:15
    at file:///C:/Users/chris/Dev/Projects/TheFantasyWorldSimulator/node_modules/@vitest/runner/dist/index.js:145:11
    at file:///C:/Users/chris/Dev/Projects/TheFantasyWorldSimulator/node_modules/@vitest/runner/dist/index.js:915:26
    at file:///C:/Users/chris/Dev/Projects/TheFantasyWorldSimulator/node_modules/@vitest/runner/dist/index.js:1243:20
    at new Promise (<anonymous>)
    at runWithTimeout (file:///C:/Users/chris/Dev/Projects/TheFantasyWorldSimulator/node_modules/@vitest/runner/dist/index.js:1209:10)
[Orchestrator] Tick crashed, returning previous state: Error: Trait not found: trait.reputation.power.renown
    at assignTrait (C:/Users/chris/Dev/Projects/TheFantasyWorldSimulator/src/engine/traits.ts:44:25)
    at syncReputationTrait (C:/Users/chris/Dev/Projects/TheFantasyWorldSimulator/src/engine/phaseReputationTraits.ts:297:5)
    at phaseReputationTraits (C:/Users/chris/Dev/Projects/TheFantasyWorldSimulator/src/engine/phaseReputationTraits.ts:273:7)
    at runTick (C:/Users/chris/Dev/Projects/TheFantasyWorldSimulator/src/engine/orchestrator.ts:1896:18)
    at C:/Users/chris/Dev/Projects/TheFantasyWorldSimulator/src/engine/__tests__/traceBuffer-integration.test.ts:219:15
    at file:///C:/Users/chris/Dev/Projects/TheFantasyWorldSimulator/node_modules/@vitest/runner/dist/index.js:145:11
    at file:///C:/Users/chris/Dev/Projects/TheFantasyWorldSimulator/node_modules/@vitest/runner/dist/index.js:915:26
    at file:///C:/Users/chris/Dev/Projects/TheFantasyWorldSimulator/node_modules/@vitest/runner/dist/index.js:1243:20
    at new Promise (<anonymous>)
    at runWithTimeout (file:///C:/Users/chris/Dev/Projects/TheFantasyWorldSimulator/node_modules/@vitest/runner/dist/index.js:1209:10)
[Orchestrator] Tick crashed, returning previous state: Error: Trait not found: trait.reputation.power.renown
    at assignTrait (C:/Users/chris/Dev/Projects/TheFantasyWorldSimulator/src/engine/traits.ts:44:25)
    at syncReputationTrait (C:/Users/chris/Dev/Projects/TheFantasyWorldSimulator/src/engine/phaseReputationTraits.ts:297:5)
    at phaseReputationTraits (C:/Users/chris/Dev/Projects/TheFantasyWorldSimulator/src/engine/phaseReputationTraits.ts:273:7)
    at runTick (C:/Users/chris/Dev/Projects/TheFantasyWorldSimulator/src/engine/orchestrator.ts:1896:18)
    at C:/Users/chris/Dev/Projects/TheFantasyWorldSimulator/src/engine/__tests__/traceBuffer-integration.test.ts:219:15
    at file:///C:/Users/chris/Dev/Projects/TheFantasyWorldSimulator/node_modules/@vitest/runner/dist/index.js:145:11
    at file:///C:/Users/chris/Dev/Projects/TheFantasyWorldSimulator/node_modules/@vitest/runner/dist/index.js:915:26
    at file:///C:/Users/chris/Dev/Projects/TheFantasyWorldSimulator/node_modules/@vitest/runner/dist/index.js:1243:20
    at new Promise (<anonymous>)
    at runWithTimeout (file:///C:/Users/chris/Dev/Projects/TheFantasyWorldSimulator/node_modules/@vitest/runner/dist/index.js:1209:10)
[Orchestrator] Tick crashed, returning previous state: Error: Trait not found: trait.reputation.power.renown
    at assignTrait (C:/Users/chris/Dev/Projects/TheFantasyWorldSimulator/src/engine/traits.ts:44:25)
    at syncReputationTrait (C:/Users/chris/Dev/Projects/TheFantasyWorldSimulator/src/engine/phaseReputationTraits.ts:297:5)
    at phaseReputationTraits (C:/Users/chris/Dev/Projects/TheFantasyWorldSimulator/src/engine/phaseReputationTraits.ts:273:7)
    at runTick (C:/Users/chris/Dev/Projects/TheFantasyWorldSimulator/src/engine/orchestrator.ts:1896:18)
    at C:/Users/chris/Dev/Projects/TheFantasyWorldSimulator/src/engine/__tests__/traceBuffer-integration.test.ts:219:15
    at file:///C:/Users/chris/Dev/Projects/TheFantasyWorldSimulator/node_modules/@vitest/runner/dist/index.js:145:11
    at file:///C:/Users/chris/Dev/Projects/TheFantasyWorldSimulator/node_modules/@vitest/runner/dist/index.js:915:26
    at file:///C:/Users/chris/Dev/Projects/TheFantasyWorldSimulator/node_modules/@vitest/runner/dist/index.js:1243:20
    at new Promise (<anonymous>)
    at runWithTimeout (file:///C:/Users/chris/Dev/Projects/TheFantasyWorldSimulator/node_modules/@vitest/runner/dist/index.js:1209:10)
[Orchestrator] Tick crashed, returning previous state: Error: Trait not found: trait.reputation.power.renown
    at assignTrait (C:/Users/chris/Dev/Projects/TheFantasyWorldSimulator/src/engine/traits.ts:44:25)
    at syncReputationTrait (C:/Users/chris/Dev/Projects/TheFantasyWorldSimulator/src/engine/phaseReputationTraits.ts:297:5)
    at phaseReputationTraits (C:/Users/chris/Dev/Projects/TheFantasyWorldSimulator/src/engine/phaseReputationTraits.ts:273:7)
    at runTick (C:/Users/chris/Dev/Projects/TheFantasyWorldSimulator/src/engine/orchestrator.ts:1896:18)
    at C:/Users/chris/Dev/Projects/TheFantasyWorldSimulator/src/engine/__tests__/traceBuffer-integration.test.ts:219:15
    at file:///C:/Users/chris/Dev/Projects/TheFantasyWorldSimulator/node_modules/@vitest/runner/dist/index.js:145:11
    at file:///C:/Users/chris/Dev/Projects/TheFantasyWorldSimulator/node_modules/@vitest/runner/dist/index.js:915:26
    at file:///C:/Users/chris/Dev/Projects/TheFantasyWorldSimulator/node_modules/@vitest/runner/dist/index.js:1243:20
    at new Promise (<anonymous>)
    at runWithTimeout (file:///C:/Users/chris/Dev/Projects/TheFantasyWorldSimulator/node_modules/@vitest/runner/dist/index.js:1209:10)
[Orchestrator] Tick crashed, returning previous state: Error: Trait not found: trait.reputation.power.renown
    at assignTrait (C:/Users/chris/Dev/Projects/TheFantasyWorldSimulator/src/engine/traits.ts:44:25)
    at syncReputationTrait (C:/Users/chris/Dev/Projects/TheFantasyWorldSimulator/src/engine/phaseReputationTraits.ts:297:5)
    at phaseReputationTraits (C:/Users/chris/Dev/Projects/TheFantasyWorldSimulator/src/engine/phaseReputationTraits.ts:273:7)
    at runTick (C:/Users/chris/Dev/Projects/TheFantasyWorldSimulator/src/engine/orchestrator.ts:1896:18)
    at C:/Users/chris/Dev/Projects/TheFantasyWorldSimulator/src/engine/__tests__/traceBuffer-integration.test.ts:219:15
    at file:///C:/Users/chris/Dev/Projects/TheFantasyWorldSimulator/node_modules/@vitest/runner/dist/index.js:145:11
    at file:///C:/Users/chris/Dev/Projects/TheFantasyWorldSimulator/node_modules/@vitest/runner/dist/index.js:915:26
    at file:///C:/Users/chris/Dev/Projects/TheFantasyWorldSimulator/node_modules/@vitest/runner/dist/index.js:1243:20
    at new Promise (<anonymous>)
    at runWithTimeout (file:///C:/Users/chris/Dev/Projects/TheFantasyWorldSimulator/node_modules/@vitest/runner/dist/index.js:1209:10)
[Orchestrator] Tick crashed, returning previous state: Error: Trait not found: trait.reputation.power.renown
    at assignTrait (C:/Users/chris/Dev/Projects/TheFantasyWorldSimulator/src/engine/traits.ts:44:25)
    at syncReputationTrait (C:/Users/chris/Dev/Projects/TheFantasyWorldSimulator/src/engine/phaseReputationTraits.ts:297:5)
    at phaseReputationTraits (C:/Users/chris/Dev/Projects/TheFantasyWorldSimulator/src/engine/phaseReputationTraits.ts:273:7)
    at runTick (C:/Users/chris/Dev/Projects/TheFantasyWorldSimulator/src/engine/orchestrator.ts:1896:18)
    at C:/Users/chris/Dev/Projects/TheFantasyWorldSimulator/src/engine/__tests__/traceBuffer-integration.test.ts:219:15
    at file:///C:/Users/chris/Dev/Projects/TheFantasyWorldSimulator/node_modules/@vitest/runner/dist/index.js:145:11
    at file:///C:/Users/chris/Dev/Projects/TheFantasyWorldSimulator/node_modules/@vitest/runner/dist/index.js:915:26
    at file:///C:/Users/chris/Dev/Projects/TheFantasyWorldSimulator/node_modules/@vitest/runner/dist/index.js:1243:20
    at new Promise (<anonymous>)
    at runWithTimeout (file:///C:/Users/chris/Dev/Projects/TheFantasyWorldSimulator/node_modules/@vitest/runner/dist/index.js:1209:10)
[Orchestrator] Tick crashed, returning previous state: Error: Trait not found: trait.reputation.power.renown
    at assignTrait (C:/Users/chris/Dev/Projects/TheFantasyWorldSimulator/src/engine/traits.ts:44:25)
    at syncReputationTrait (C:/Users/chris/Dev/Projects/TheFantasyWorldSimulator/src/engine/phaseReputationTraits.ts:297:5)
    at phaseReputationTraits (C:/Users/chris/Dev/Projects/TheFantasyWorldSimulator/src/engine/phaseReputationTraits.ts:273:7)
    at runTick (C:/Users/chris/Dev/Projects/TheFantasyWorldSimulator/src/engine/orchestrator.ts:1896:18)
    at C:/Users/chris/Dev/Projects/TheFantasyWorldSimulator/src/engine/__tests__/traceBuffer-integration.test.ts:219:15
    at file:///C:/Users/chris/Dev/Projects/TheFantasyWorldSimulator/node_modules/@vitest/runner/dist/index.js:145:11
    at file:///C:/Users/chris/Dev/Projects/TheFantasyWorldSimulator/node_modules/@vitest/runner/dist/index.js:915:26
    at file:///C:/Users/chris/Dev/Projects/TheFantasyWorldSimulator/node_modules/@vitest/runner/dist/index.js:1243:20
    at new Promise (<anonymous>)
    at runWithTimeout (file:///C:/Users/chris/Dev/Projects/TheFantasyWorldSimulator/node_modules/@vitest/runner/dist/index.js:1209:10)
[Orchestrator] Tick crashed, returning previous state: Error: Trait not found: trait.reputation.power.renown
    at assignTrait (C:/Users/chris/Dev/Projects/TheFantasyWorldSimulator/src/engine/traits.ts:44:25)
    at syncReputationTrait (C:/Users/chris/Dev/Projects/TheFantasyWorldSimulator/src/engine/phaseReputationTraits.ts:297:5)
    at phaseReputationTraits (C:/Users/chris/Dev/Projects/TheFantasyWorldSimulator/src/engine/phaseReputationTraits.ts:273:7)
    at runTick (C:/Users/chris/Dev/Projects/TheFantasyWorldSimulator/src/engine/orchestrator.ts:1896:18)
    at C:/Users/chris/Dev/Projects/TheFantasyWorldSimulator/src/engine/__tests__/traceBuffer-integration.test.ts:219:15
    at file:///C:/Users/chris/Dev/Projects/TheFantasyWorldSimulator/node_modules/@vitest/runner/dist/index.js:145:11
    at file:///C:/Users/chris/Dev/Projects/TheFantasyWorldSimulator/node_modules/@vitest/runner/dist/index.js:915:26
    at file:///C:/Users/chris/Dev/Projects/TheFantasyWorldSimulator/node_modules/@vitest/runner/dist/index.js:1243:20
    at new Promise (<anonymous>)
    at runWithTimeout (file:///C:/Users/chris/Dev/Projects/TheFantasyWorldSimulator/node_modules/@vitest/runner/dist/index.js:1209:10)
[Orchestrator] Tick crashed, returning previous state: Error: Trait not found: trait.reputation.power.renown
    at assignTrait (C:/Users/chris/Dev/Projects/TheFantasyWorldSimulator/src/engine/traits.ts:44:25)
    at syncReputationTrait (C:/Users/chris/Dev/Projects/TheFantasyWorldSimulator/src/engine/phaseReputationTraits.ts:297:5)
    at phaseReputationTraits (C:/Users/chris/Dev/Projects/TheFantasyWorldSimulator/src/engine/phaseReputationTraits.ts:273:7)
    at runTick (C:/Users/chris/Dev/Projects/TheFantasyWorldSimulator/src/engine/orchestrator.ts:1896:18)
    at C:/Users/chris/Dev/Projects/TheFantasyWorldSimulator/src/engine/__tests__/traceBuffer-integration.test.ts:219:15
    at file:///C:/Users/chris/Dev/Projects/TheFantasyWorldSimulator/node_modules/@vitest/runner/dist/index.js:145:11
    at file:///C:/Users/chris/Dev/Projects/TheFantasyWorldSimulator/node_modules/@vitest/runner/dist/index.js:915:26
    at file:///C:/Users/chris/Dev/Projects/TheFantasyWorldSimulator/node_modules/@vitest/runner/dist/index.js:1243:20
    at new Promise (<anonymous>)
    at runWithTimeout (file:///C:/Users/chris/Dev/Projects/TheFantasyWorldSimulator/node_modules/@vitest/runner/dist/index.js:1209:10)
[Orchestrator] Tick crashed, returning previous state: Error: Trait not found: trait.reputation.power.renown
    at assignTrait (C:/Users/chris/Dev/Projects/TheFantasyWorldSimulator/src/engine/traits.ts:44:25)
    at syncReputationTrait (C:/Users/chris/Dev/Projects/TheFantasyWorldSimulator/src/engine/phaseReputationTraits.ts:297:5)
    at phaseReputationTraits (C:/Users/chris/Dev/Projects/TheFantasyWorldSimulator/src/engine/phaseReputationTraits.ts:273:7)
    at runTick (C:/Users/chris/Dev/Projects/TheFantasyWorldSimulator/src/engine/orchestrator.ts:1896:18)
    at C:/Users/chris/Dev/Projects/TheFantasyWorldSimulator/src/engine/__tests__/traceBuffer-integration.test.ts:219:15
    at file:///C:/Users/chris/Dev/Projects/TheFantasyWorldSimulator/node_modules/@vitest/runner/dist/index.js:145:11
    at file:///C:/Users/chris/Dev/Projects/TheFantasyWorldSimulator/node_modules/@vitest/runner/dist/index.js:915:26
    at file:///C:/Users/chris/Dev/Projects/TheFantasyWorldSimulator/node_modules/@vitest/runner/dist/index.js:1243:20
    at new Promise (<anonymous>)
    at runWithTimeout (file:///C:/Users/chris/Dev/Projects/TheFantasyWorldSimulator/node_modules/@vitest/runner/dist/index.js:1209:10)
[Orchestrator] Tick crashed, returning previous state: Error: Trait not found: trait.reputation.power.renown
    at assignTrait (C:/Users/chris/Dev/Projects/TheFantasyWorldSimulator/src/engine/traits.ts:44:25)
    at syncReputationTrait (C:/Users/chris/Dev/Projects/TheFantasyWorldSimulator/src/engine/phaseReputationTraits.ts:297:5)
    at phaseReputationTraits (C:/Users/chris/Dev/Projects/TheFantasyWorldSimulator/src/engine/phaseReputationTraits.ts:273:7)
    at runTick (C:/Users/chris/Dev/Projects/TheFantasyWorldSimulator/src/engine/orchestrator.ts:1896:18)
    at C:/Users/chris/Dev/Projects/TheFantasyWorldSimulator/src/engine/__tests__/traceBuffer-integration.test.ts:219:15
    at file:///C:/Users/chris/Dev/Projects/TheFantasyWorldSimulator/node_modules/@vitest/runner/dist/index.js:145:11
    at file:///C:/Users/chris/Dev/Projects/TheFantasyWorldSimulator/node_modules/@vitest/runner/dist/index.js:915:26
    at file:///C:/Users/chris/Dev/Projects/TheFantasyWorldSimulator/node_modules/@vitest/runner/dist/index.js:1243:20
    at new Promise (<anonymous>)
    at runWithTimeout (file:///C:/Users/chris/Dev/Projects/TheFantasyWorldSimulator/node_modules/@vitest/runner/dist/index.js:1209:10)
[Orchestrator] Tick crashed, returning previous state: Error: Trait not found: trait.reputation.power.renown
    at assignTrait (C:/Users/chris/Dev/Projects/TheFantasyWorldSimulator/src/engine/traits.ts:44:25)
    at syncReputationTrait (C:/Users/chris/Dev/Projects/TheFantasyWorldSimulator/src/engine/phaseReputationTraits.ts:297:5)
    at phaseReputationTraits (C:/Users/chris/Dev/Projects/TheFantasyWorldSimulator/src/engine/phaseReputationTraits.ts:273:7)
    at runTick (C:/Users/chris/Dev/Projects/TheFantasyWorldSimulator/src/engine/orchestrator.ts:1896:18)
    at C:/Users/chris/Dev/Projects/TheFantasyWorldSimulator/src/engine/__tests__/traceBuffer-integration.test.ts:219:15
    at file:///C:/Users/chris/Dev/Projects/TheFantasyWorldSimulator/node_modules/@vitest/runner/dist/index.js:145:11
    at file:///C:/Users/chris/Dev/Projects/TheFantasyWorldSimulator/node_modules/@vitest/runner/dist/index.js:915:26
    at file:///C:/Users/chris/Dev/Projects/TheFantasyWorldSimulator/node_modules/@vitest/runner/dist/index.js:1243:20
    at new Promise (<anonymous>)
    at runWithTimeout (file:///C:/Users/chris/Dev/Projects/TheFantasyWorldSimulator/node_modules/@vitest/runner/dist/index.js:1209:10)
[Orchestrator] Tick crashed, returning previous state: Error: Trait not found: trait.reputation.power.renown
    at assignTrait (C:/Users/chris/Dev/Projects/TheFantasyWorldSimulator/src/engine/traits.ts:44:25)
    at syncReputationTrait (C:/Users/chris/Dev/Projects/TheFantasyWorldSimulator/src/engine/phaseReputationTraits.ts:297:5)
    at phaseReputationTraits (C:/Users/chris/Dev/Projects/TheFantasyWorldSimulator/src/engine/phaseReputationTraits.ts:273:7)
    at runTick (C:/Users/chris/Dev/Projects/TheFantasyWorldSimulator/src/engine/orchestrator.ts:1896:18)
    at C:/Users/chris/Dev/Projects/TheFantasyWorldSimulator/src/engine/__tests__/traceBuffer-integration.test.ts:219:15
    at file:///C:/Users/chris/Dev/Projects/TheFantasyWorldSimulator/node_modules/@vitest/runner/dist/index.js:145:11
    at file:///C:/Users/chris/Dev/Projects/TheFantasyWorldSimulator/node_modules/@vitest/runner/dist/index.js:915:26
    at file:///C:/Users/chris/Dev/Projects/TheFantasyWorldSimulator/node_modules/@vitest/runner/dist/index.js:1243:20
    at new Promise (<anonymous>)
    at runWithTimeout (file:///C:/Users/chris/Dev/Projects/TheFantasyWorldSimulator/node_modules/@vitest/runner/dist/index.js:1209:10)
[Orchestrator] Tick crashed, returning previous state: Error: Trait not found: trait.reputation.power.renown
    at assignTrait (C:/Users/chris/Dev/Projects/TheFantasyWorldSimulator/src/engine/traits.ts:44:25)
    at syncReputationTrait (C:/Users/chris/Dev/Projects/TheFantasyWorldSimulator/src/engine/phaseReputationTraits.ts:297:5)
    at phaseReputationTraits (C:/Users/chris/Dev/Projects/TheFantasyWorldSimulator/src/engine/phaseReputationTraits.ts:273:7)
    at runTick (C:/Users/chris/Dev/Projects/TheFantasyWorldSimulator/src/engine/orchestrator.ts:1896:18)
    at C:/Users/chris/Dev/Projects/TheFantasyWorldSimulator/src/engine/__tests__/traceBuffer-integration.test.ts:219:15
    at file:///C:/Users/chris/Dev/Projects/TheFantasyWorldSimulator/node_modules/@vitest/runner/dist/index.js:145:11
    at file:///C:/Users/chris/Dev/Projects/TheFantasyWorldSimulator/node_modules/@vitest/runner/dist/index.js:915:26
    at file:///C:/Users/chris/Dev/Projects/TheFantasyWorldSimulator/node_modules/@vitest/runner/dist/index.js:1243:20
    at new Promise (<anonymous>)
    at runWithTimeout (file:///C:/Users/chris/Dev/Projects/TheFantasyWorldSimulator/node_modules/@vitest/runner/dist/index.js:1209:10)
[Orchestrator] Tick crashed, returning previous state: Error: Trait not found: trait.reputation.power.renown
    at assignTrait (C:/Users/chris/Dev/Projects/TheFantasyWorldSimulator/src/engine/traits.ts:44:25)
    at syncReputationTrait (C:/Users/chris/Dev/Projects/TheFantasyWorldSimulator/src/engine/phaseReputationTraits.ts:297:5)
    at phaseReputationTraits (C:/Users/chris/Dev/Projects/TheFantasyWorldSimulator/src/engine/phaseReputationTraits.ts:273:7)
    at runTick (C:/Users/chris/Dev/Projects/TheFantasyWorldSimulator/src/engine/orchestrator.ts:1896:18)
    at C:/Users/chris/Dev/Projects/TheFantasyWorldSimulator/src/engine/__tests__/traceBuffer-integration.test.ts:219:15
    at file:///C:/Users/chris/Dev/Projects/TheFantasyWorldSimulator/node_modules/@vitest/runner/dist/index.js:145:11
    at file:///C:/Users/chris/Dev/Projects/TheFantasyWorldSimulator/node_modules/@vitest/runner/dist/index.js:915:26
    at file:///C:/Users/chris/Dev/Projects/TheFantasyWorldSimulator/node_modules/@vitest/runner/dist/index.js:1243:20
    at new Promise (<anonymous>)
    at runWithTimeout (file:///C:/Users/chris/Dev/Projects/TheFantasyWorldSimulator/node_modules/@vitest/runner/dist/index.js:1209:10)
[Orchestrator] Tick crashed, returning previous state: Error: Trait not found: trait.reputation.power.renown
    at assignTrait (C:/Users/chris/Dev/Projects/TheFantasyWorldSimulator/src/engine/traits.ts:44:25)
    at syncReputationTrait (C:/Users/chris/Dev/Projects/TheFantasyWorldSimulator/src/engine/phaseReputationTraits.ts:297:5)
    at phaseReputationTraits (C:/Users/chris/Dev/Projects/TheFantasyWorldSimulator/src/engine/phaseReputationTraits.ts:273:7)
    at runTick (C:/Users/chris/Dev/Projects/TheFantasyWorldSimulator/src/engine/orchestrator.ts:1896:18)
    at C:/Users/chris/Dev/Projects/TheFantasyWorldSimulator/src/engine/__tests__/traceBuffer-integration.test.ts:219:15
    at file:///C:/Users/chris/Dev/Projects/TheFantasyWorldSimulator/node_modules/@vitest/runner/dist/index.js:145:11
    at file:///C:/Users/chris/Dev/Projects/TheFantasyWorldSimulator/node_modules/@vitest/runner/dist/index.js:915:26
    at file:///C:/Users/chris/Dev/Projects/TheFantasyWorldSimulator/node_modules/@vitest/runner/dist/index.js:1243:20
    at new Promise (<anonymous>)
    at runWithTimeout (file:///C:/Users/chris/Dev/Projects/TheFantasyWorldSimulator/node_modules/@vitest/runner/dist/index.js:1209:10)
[Orchestrator] Tick crashed, returning previous state: Error: Trait not found: trait.reputation.power.renown
    at assignTrait (C:/Users/chris/Dev/Projects/TheFantasyWorldSimulator/src/engine/traits.ts:44:25)
    at syncReputationTrait (C:/Users/chris/Dev/Projects/TheFantasyWorldSimulator/src/engine/phaseReputationTraits.ts:297:5)
    at phaseReputationTraits (C:/Users/chris/Dev/Projects/TheFantasyWorldSimulator/src/engine/phaseReputationTraits.ts:273:7)
    at runTick (C:/Users/chris/Dev/Projects/TheFantasyWorldSimulator/src/engine/orchestrator.ts:1896:18)
    at C:/Users/chris/Dev/Projects/TheFantasyWorldSimulator/src/engine/__tests__/traceBuffer-integration.test.ts:219:15
    at file:///C:/Users/chris/Dev/Projects/TheFantasyWorldSimulator/node_modules/@vitest/runner/dist/index.js:145:11
    at file:///C:/Users/chris/Dev/Projects/TheFantasyWorldSimulator/node_modules/@vitest/runner/dist/index.js:915:26
    at file:///C:/Users/chris/Dev/Projects/TheFantasyWorldSimulator/node_modules/@vitest/runner/dist/index.js:1243:20
    at new Promise (<anonymous>)
    at runWithTimeout (file:///C:/Users/chris/Dev/Projects/TheFantasyWorldSimulator/node_modules/@vitest/runner/dist/index.js:1209:10)
[Orchestrator] Tick crashed, returning previous state: Error: Trait not found: trait.reputation.power.renown
    at assignTrait (C:/Users/chris/Dev/Projects/TheFantasyWorldSimulator/src/engine/traits.ts:44:25)
    at syncReputationTrait (C:/Users/chris/Dev/Projects/TheFantasyWorldSimulator/src/engine/phaseReputationTraits.ts:297:5)
    at phaseReputationTraits (C:/Users/chris/Dev/Projects/TheFantasyWorldSimulator/src/engine/phaseReputationTraits.ts:273:7)
    at runTick (C:/Users/chris/Dev/Projects/TheFantasyWorldSimulator/src/engine/orchestrator.ts:1896:18)
    at C:/Users/chris/Dev/Projects/TheFantasyWorldSimulator/src/engine/__tests__/traceBuffer-integration.test.ts:219:15
    at file:///C:/Users/chris/Dev/Projects/TheFantasyWorldSimulator/node_modules/@vitest/runner/dist/index.js:145:11
    at file:///C:/Users/chris/Dev/Projects/TheFantasyWorldSimulator/node_modules/@vitest/runner/dist/index.js:915:26
    at file:///C:/Users/chris/Dev/Projects/TheFantasyWorldSimulator/node_modules/@vitest/runner/dist/index.js:1243:20
    at new Promise (<anonymous>)
    at runWithTimeout (file:///C:/Users/chris/Dev/Projects/TheFantasyWorldSimulator/node_modules/@vitest/runner/dist/index.js:1209:10)
[Orchestrator] Tick crashed, returning previous state: Error: Trait not found: trait.reputation.power.renown
    at assignTrait (C:/Users/chris/Dev/Projects/TheFantasyWorldSimulator/src/engine/traits.ts:44:25)
    at syncReputationTrait (C:/Users/chris/Dev/Projects/TheFantasyWorldSimulator/src/engine/phaseReputationTraits.ts:297:5)
    at phaseReputationTraits (C:/Users/chris/Dev/Projects/TheFantasyWorldSimulator/src/engine/phaseReputationTraits.ts:273:7)
    at runTick (C:/Users/chris/Dev/Projects/TheFantasyWorldSimulator/src/engine/orchestrator.ts:1896:18)
    at C:/Users/chris/Dev/Projects/TheFantasyWorldSimulator/src/engine/__tests__/traceBuffer-integration.test.ts:219:15
    at file:///C:/Users/chris/Dev/Projects/TheFantasyWorldSimulator/node_modules/@vitest/runner/dist/index.js:145:11
    at file:///C:/Users/chris/Dev/Projects/TheFantasyWorldSimulator/node_modules/@vitest/runner/dist/index.js:915:26
    at file:///C:/Users/chris/Dev/Projects/TheFantasyWorldSimulator/node_modules/@vitest/runner/dist/index.js:1243:20
    at new Promise (<anonymous>)
    at runWithTimeout (file:///C:/Users/chris/Dev/Projects/TheFantasyWorldSimulator/node_modules/@vitest/runner/dist/index.js:1209:10)
[Orchestrator] Tick crashed, returning previous state: Error: Trait not found: trait.reputation.power.renown
    at assignTrait (C:/Users/chris/Dev/Projects/TheFantasyWorldSimulator/src/engine/traits.ts:44:25)
    at syncReputationTrait (C:/Users/chris/Dev/Projects/TheFantasyWorldSimulator/src/engine/phaseReputationTraits.ts:297:5)
    at phaseReputationTraits (C:/Users/chris/Dev/Projects/TheFantasyWorldSimulator/src/engine/phaseReputationTraits.ts:273:7)
    at runTick (C:/Users/chris/Dev/Projects/TheFantasyWorldSimulator/src/engine/orchestrator.ts:1896:18)
    at C:/Users/chris/Dev/Projects/TheFantasyWorldSimulator/src/engine/__tests__/traceBuffer-integration.test.ts:219:15
    at file:///C:/Users/chris/Dev/Projects/TheFantasyWorldSimulator/node_modules/@vitest/runner/dist/index.js:145:11
    at file:///C:/Users/chris/Dev/Projects/TheFantasyWorldSimulator/node_modules/@vitest/runner/dist/index.js:915:26
    at file:///C:/Users/chris/Dev/Projects/TheFantasyWorldSimulator/node_modules/@vitest/runner/dist/index.js:1243:20
    at new Promise (<anonymous>)
    at runWithTimeout (file:///C:/Users/chris/Dev/Projects/TheFantasyWorldSimulator/node_modules/@vitest/runner/dist/index.js:1209:10)
[Orchestrator] Tick crashed, returning previous state: Error: Trait not found: trait.reputation.power.renown
    at assignTrait (C:/Users/chris/Dev/Projects/TheFantasyWorldSimulator/src/engine/traits.ts:44:25)
    at syncReputationTrait (C:/Users/chris/Dev/Projects/TheFantasyWorldSimulator/src/engine/phaseReputationTraits.ts:297:5)
    at phaseReputationTraits (C:/Users/chris/Dev/Projects/TheFantasyWorldSimulator/src/engine/phaseReputationTraits.ts:273:7)
    at runTick (C:/Users/chris/Dev/Projects/TheFantasyWorldSimulator/src/engine/orchestrator.ts:1896:18)
    at C:/Users/chris/Dev/Projects/TheFantasyWorldSimulator/src/engine/__tests__/traceBuffer-integration.test.ts:219:15
    at file:///C:/Users/chris/Dev/Projects/TheFantasyWorldSimulator/node_modules/@vitest/runner/dist/index.js:145:11
    at file:///C:/Users/chris/Dev/Projects/TheFantasyWorldSimulator/node_modules/@vitest/runner/dist/index.js:915:26
    at file:///C:/Users/chris/Dev/Projects/TheFantasyWorldSimulator/node_modules/@vitest/runner/dist/index.js:1243:20
    at new Promise (<anonymous>)
    at runWithTimeout (file:///C:/Users/chris/Dev/Projects/TheFantasyWorldSimulator/node_modules/@vitest/runner/dist/index.js:1209:10)
[Orchestrator] Tick crashed, returning previous state: Error: Trait not found: trait.reputation.power.renown
    at assignTrait (C:/Users/chris/Dev/Projects/TheFantasyWorldSimulator/src/engine/traits.ts:44:25)
    at syncReputationTrait (C:/Users/chris/Dev/Projects/TheFantasyWorldSimulator/src/engine/phaseReputationTraits.ts:297:5)
    at phaseReputationTraits (C:/Users/chris/Dev/Projects/TheFantasyWorldSimulator/src/engine/phaseReputationTraits.ts:273:7)
    at runTick (C:/Users/chris/Dev/Projects/TheFantasyWorldSimulator/src/engine/orchestrator.ts:1896:18)
    at C:/Users/chris/Dev/Projects/TheFantasyWorldSimulator/src/engine/__tests__/traceBuffer-integration.test.ts:219:15
    at file:///C:/Users/chris/Dev/Projects/TheFantasyWorldSimulator/node_modules/@vitest/runner/dist/index.js:145:11
    at file:///C:/Users/chris/Dev/Projects/TheFantasyWorldSimulator/node_modules/@vitest/runner/dist/index.js:915:26
    at file:///C:/Users/chris/Dev/Projects/TheFantasyWorldSimulator/node_modules/@vitest/runner/dist/index.js:1243:20
    at new Promise (<anonymous>)
    at runWithTimeout (file:///C:/Users/chris/Dev/Projects/TheFantasyWorldSimulator/node_modules/@vitest/runner/dist/index.js:1209:10)
[Orchestrator] Tick crashed, returning previous state: Error: Trait not found: trait.reputation.power.renown
    at assignTrait (C:/Users/chris/Dev/Projects/TheFantasyWorldSimulator/src/engine/traits.ts:44:25)
    at syncReputationTrait (C:/Users/chris/Dev/Projects/TheFantasyWorldSimulator/src/engine/phaseReputationTraits.ts:297:5)
    at phaseReputationTraits (C:/Users/chris/Dev/Projects/TheFantasyWorldSimulator/src/engine/phaseReputationTraits.ts:273:7)
    at runTick (C:/Users/chris/Dev/Projects/TheFantasyWorldSimulator/src/engine/orchestrator.ts:1896:18)
    at C:/Users/chris/Dev/Projects/TheFantasyWorldSimulator/src/engine/__tests__/traceBuffer-integration.test.ts:219:15
    at file:///C:/Users/chris/Dev/Projects/TheFantasyWorldSimulator/node_modules/@vitest/runner/dist/index.js:145:11
    at file:///C:/Users/chris/Dev/Projects/TheFantasyWorldSimulator/node_modules/@vitest/runner/dist/index.js:915:26
    at file:///C:/Users/chris/Dev/Projects/TheFantasyWorldSimulator/node_modules/@vitest/runner/dist/index.js:1243:20
    at new Promise (<anonymous>)
    at runWithTimeout (file:///C:/Users/chris/Dev/Projects/TheFantasyWorldSimulator/node_modules/@vitest/runner/dist/index.js:1209:10)
[Orchestrator] Tick crashed, returning previous state: Error: Trait not found: trait.reputation.power.renown
    at assignTrait (C:/Users/chris/Dev/Projects/TheFantasyWorldSimulator/src/engine/traits.ts:44:25)
    at syncReputationTrait (C:/Users/chris/Dev/Projects/TheFantasyWorldSimulator/src/engine/phaseReputationTraits.ts:297:5)
    at phaseReputationTraits (C:/Users/chris/Dev/Projects/TheFantasyWorldSimulator/src/engine/phaseReputationTraits.ts:273:7)
    at runTick (C:/Users/chris/Dev/Projects/TheFantasyWorldSimulator/src/engine/orchestrator.ts:1896:18)
    at C:/Users/chris/Dev/Projects/TheFantasyWorldSimulator/src/engine/__tests__/traceBuffer-integration.test.ts:219:15
    at file:///C:/Users/chris/Dev/Projects/TheFantasyWorldSimulator/node_modules/@vitest/runner/dist/index.js:145:11
    at file:///C:/Users/chris/Dev/Projects/TheFantasyWorldSimulator/node_modules/@vitest/runner/dist/index.js:915:26
    at file:///C:/Users/chris/Dev/Projects/TheFantasyWorldSimulator/node_modules/@vitest/runner/dist/index.js:1243:20
    at new Promise (<anonymous>)
    at runWithTimeout (file:///C:/Users/chris/Dev/Projects/TheFantasyWorldSimulator/node_modules/@vitest/runner/dist/index.js:1209:10)
[Orchestrator] Tick crashed, returning previous state: Error: Trait not found: trait.reputation.power.renown
    at assignTrait (C:/Users/chris/Dev/Projects/TheFantasyWorldSimulator/src/engine/traits.ts:44:25)
    at syncReputationTrait (C:/Users/chris/Dev/Projects/TheFantasyWorldSimulator/src/engine/phaseReputationTraits.ts:297:5)
    at phaseReputationTraits (C:/Users/chris/Dev/Projects/TheFantasyWorldSimulator/src/engine/phaseReputationTraits.ts:273:7)
    at runTick (C:/Users/chris/Dev/Projects/TheFantasyWorldSimulator/src/engine/orchestrator.ts:1896:18)
    at C:/Users/chris/Dev/Projects/TheFantasyWorldSimulator/src/engine/__tests__/traceBuffer-integration.test.ts:219:15
    at file:///C:/Users/chris/Dev/Projects/TheFantasyWorldSimulator/node_modules/@vitest/runner/dist/index.js:145:11
    at file:///C:/Users/chris/Dev/Projects/TheFantasyWorldSimulator/node_modules/@vitest/runner/dist/index.js:915:26
    at file:///C:/Users/chris/Dev/Projects/TheFantasyWorldSimulator/node_modules/@vitest/runner/dist/index.js:1243:20
    at new Promise (<anonymous>)
    at runWithTimeout (file:///C:/Users/chris/Dev/Projects/TheFantasyWorldSimulator/node_modules/@vitest/runner/dist/index.js:1209:10)
[Orchestrator] Tick crashed, returning previous state: Error: Trait not found: trait.reputation.power.renown
    at assignTrait (C:/Users/chris/Dev/Projects/TheFantasyWorldSimulator/src/engine/traits.ts:44:25)
    at syncReputationTrait (C:/Users/chris/Dev/Projects/TheFantasyWorldSimulator/src/engine/phaseReputationTraits.ts:297:5)
    at phaseReputationTraits (C:/Users/chris/Dev/Projects/TheFantasyWorldSimulator/src/engine/phaseReputationTraits.ts:273:7)
    at runTick (C:/Users/chris/Dev/Projects/TheFantasyWorldSimulator/src/engine/orchestrator.ts:1896:18)
    at C:/Users/chris/Dev/Projects/TheFantasyWorldSimulator/src/engine/__tests__/traceBuffer-integration.test.ts:219:15
    at file:///C:/Users/chris/Dev/Projects/TheFantasyWorldSimulator/node_modules/@vitest/runner/dist/index.js:145:11
    at file:///C:/Users/chris/Dev/Projects/TheFantasyWorldSimulator/node_modules/@vitest/runner/dist/index.js:915:26
    at file:///C:/Users/chris/Dev/Projects/TheFantasyWorldSimulator/node_modules/@vitest/runner/dist/index.js:1243:20
    at new Promise (<anonymous>)
    at runWithTimeout (file:///C:/Users/chris/Dev/Projects/TheFantasyWorldSimulator/node_modules/@vitest/runner/dist/index.js:1209:10)
[Orchestrator] Tick crashed, returning previous state: Error: Trait not found: trait.reputation.power.renown
    at assignTrait (C:/Users/chris/Dev/Projects/TheFantasyWorldSimulator/src/engine/traits.ts:44:25)
    at syncReputationTrait (C:/Users/chris/Dev/Projects/TheFantasyWorldSimulator/src/engine/phaseReputationTraits.ts:297:5)
    at phaseReputationTraits (C:/Users/chris/Dev/Projects/TheFantasyWorldSimulator/src/engine/phaseReputationTraits.ts:273:7)
    at runTick (C:/Users/chris/Dev/Projects/TheFantasyWorldSimulator/src/engine/orchestrator.ts:1896:18)
    at C:/Users/chris/Dev/Projects/TheFantasyWorldSimulator/src/engine/__tests__/traceBuffer-integration.test.ts:219:15
    at file:///C:/Users/chris/Dev/Projects/TheFantasyWorldSimulator/node_modules/@vitest/runner/dist/index.js:145:11
    at file:///C:/Users/chris/Dev/Projects/TheFantasyWorldSimulator/node_modules/@vitest/runner/dist/index.js:915:26
    at file:///C:/Users/chris/Dev/Projects/TheFantasyWorldSimulator/node_modules/@vitest/runner/dist/index.js:1243:20
    at new Promise (<anonymous>)
    at runWithTimeout (file:///C:/Users/chris/Dev/Projects/TheFantasyWorldSimulator/node_modules/@vitest/runner/dist/index.js:1209:10)
[Orchestrator] Tick crashed, returning previous state: Error: Trait not found: trait.reputation.power.renown
    at assignTrait (C:/Users/chris/Dev/Projects/TheFantasyWorldSimulator/src/engine/traits.ts:44:25)
    at syncReputationTrait (C:/Users/chris/Dev/Projects/TheFantasyWorldSimulator/src/engine/phaseReputationTraits.ts:297:5)
    at phaseReputationTraits (C:/Users/chris/Dev/Projects/TheFantasyWorldSimulator/src/engine/phaseReputationTraits.ts:273:7)
    at runTick (C:/Users/chris/Dev/Projects/TheFantasyWorldSimulator/src/engine/orchestrator.ts:1896:18)
    at C:/Users/chris/Dev/Projects/TheFantasyWorldSimulator/src/engine/__tests__/traceBuffer-integration.test.ts:219:15
    at file:///C:/Users/chris/Dev/Projects/TheFantasyWorldSimulator/node_modules/@vitest/runner/dist/index.js:145:11
    at file:///C:/Users/chris/Dev/Projects/TheFantasyWorldSimulator/node_modules/@vitest/runner/dist/index.js:915:26
    at file:///C:/Users/chris/Dev/Projects/TheFantasyWorldSimulator/node_modules/@vitest/runner/dist/index.js:1243:20
    at new Promise (<anonymous>)
    at runWithTimeout (file:///C:/Users/chris/Dev/Projects/TheFantasyWorldSimulator/node_modules/@vitest/runner/dist/index.js:1209:10)
[Orchestrator] Tick crashed, returning previous state: Error: Trait not found: trait.reputation.power.renown
    at assignTrait (C:/Users/chris/Dev/Projects/TheFantasyWorldSimulator/src/engine/traits.ts:44:25)
    at syncReputationTrait (C:/Users/chris/Dev/Projects/TheFantasyWorldSimulator/src/engine/phaseReputationTraits.ts:297:5)
    at phaseReputationTraits (C:/Users/chris/Dev/Projects/TheFantasyWorldSimulator/src/engine/phaseReputationTraits.ts:273:7)
    at runTick (C:/Users/chris/Dev/Projects/TheFantasyWorldSimulator/src/engine/orchestrator.ts:1896:18)
    at C:/Users/chris/Dev/Projects/TheFantasyWorldSimulator/src/engine/__tests__/traceBuffer-integration.test.ts:219:15
    at file:///C:/Users/chris/Dev/Projects/TheFantasyWorldSimulator/node_modules/@vitest/runner/dist/index.js:145:11
    at file:///C:/Users/chris/Dev/Projects/TheFantasyWorldSimulator/node_modules/@vitest/runner/dist/index.js:915:26
    at file:///C:/Users/chris/Dev/Projects/TheFantasyWorldSimulator/node_modules/@vitest/runner/dist/index.js:1243:20
    at new Promise (<anonymous>)
    at runWithTimeout (file:///C:/Users/chris/Dev/Projects/TheFantasyWorldSimulator/node_modules/@vitest/runner/dist/index.js:1209:10)
[Orchestrator] Tick crashed, returning previous state: Error: Trait not found: trait.reputation.power.renown
    at assignTrait (C:/Users/chris/Dev/Projects/TheFantasyWorldSimulator/src/engine/traits.ts:44:25)
    at syncReputationTrait (C:/Users/chris/Dev/Projects/TheFantasyWorldSimulator/src/engine/phaseReputationTraits.ts:297:5)
    at phaseReputationTraits (C:/Users/chris/Dev/Projects/TheFantasyWorldSimulator/src/engine/phaseReputationTraits.ts:273:7)
    at runTick (C:/Users/chris/Dev/Projects/TheFantasyWorldSimulator/src/engine/orchestrator.ts:1896:18)
    at C:/Users/chris/Dev/Projects/TheFantasyWorldSimulator/src/engine/__tests__/traceBuffer-integration.test.ts:219:15
    at file:///C:/Users/chris/Dev/Projects/TheFantasyWorldSimulator/node_modules/@vitest/runner/dist/index.js:145:11
    at file:///C:/Users/chris/Dev/Projects/TheFantasyWorldSimulator/node_modules/@vitest/runner/dist/index.js:915:26
    at file:///C:/Users/chris/Dev/Projects/TheFantasyWorldSimulator/node_modules/@vitest/runner/dist/index.js:1243:20
    at new Promise (<anonymous>)
    at runWithTimeout (file:///C:/Users/chris/Dev/Projects/TheFantasyWorldSimulator/node_modules/@vitest/runner/dist/index.js:1209:10)
[Orchestrator] Tick crashed, returning previous state: Error: Trait not found: trait.reputation.power.renown
    at assignTrait (C:/Users/chris/Dev/Projects/TheFantasyWorldSimulator/src/engine/traits.ts:44:25)
    at syncReputationTrait (C:/Users/chris/Dev/Projects/TheFantasyWorldSimulator/src/engine/phaseReputationTraits.ts:297:5)
    at phaseReputationTraits (C:/Users/chris/Dev/Projects/TheFantasyWorldSimulator/src/engine/phaseReputationTraits.ts:273:7)
    at runTick (C:/Users/chris/Dev/Projects/TheFantasyWorldSimulator/src/engine/orchestrator.ts:1896:18)
    at C:/Users/chris/Dev/Projects/TheFantasyWorldSimulator/src/engine/__tests__/traceBuffer-integration.test.ts:219:15
    at file:///C:/Users/chris/Dev/Projects/TheFantasyWorldSimulator/node_modules/@vitest/runner/dist/index.js:145:11
    at file:///C:/Users/chris/Dev/Projects/TheFantasyWorldSimulator/node_modules/@vitest/runner/dist/index.js:915:26
    at file:///C:/Users/chris/Dev/Projects/TheFantasyWorldSimulator/node_modules/@vitest/runner/dist/index.js:1243:20
    at new Promise (<anonymous>)
    at runWithTimeout (file:///C:/Users/chris/Dev/Projects/TheFantasyWorldSimulator/node_modules/@vitest/runner/dist/index.js:1209:10)
[Orchestrator] Tick crashed, returning previous state: Error: Trait not found: trait.reputation.power.renown
    at assignTrait (C:/Users/chris/Dev/Projects/TheFantasyWorldSimulator/src/engine/traits.ts:44:25)
    at syncReputationTrait (C:/Users/chris/Dev/Projects/TheFantasyWorldSimulator/src/engine/phaseReputationTraits.ts:297:5)
    at phaseReputationTraits (C:/Users/chris/Dev/Projects/TheFantasyWorldSimulator/src/engine/phaseReputationTraits.ts:273:7)
    at runTick (C:/Users/chris/Dev/Projects/TheFantasyWorldSimulator/src/engine/orchestrator.ts:1896:18)
    at C:/Users/chris/Dev/Projects/TheFantasyWorldSimulator/src/engine/__tests__/traceBuffer-integration.test.ts:219:15
    at file:///C:/Users/chris/Dev/Projects/TheFantasyWorldSimulator/node_modules/@vitest/runner/dist/index.js:145:11
    at file:///C:/Users/chris/Dev/Projects/TheFantasyWorldSimulator/node_modules/@vitest/runner/dist/index.js:915:26
    at file:///C:/Users/chris/Dev/Projects/TheFantasyWorldSimulator/node_modules/@vitest/runner/dist/index.js:1243:20
    at new Promise (<anonymous>)
    at runWithTimeout (file:///C:/Users/chris/Dev/Projects/TheFantasyWorldSimulator/node_modules/@vitest/runner/dist/index.js:1209:10)
[Orchestrator] Tick crashed, returning previous state: Error: Trait not found: trait.reputation.power.renown
    at assignTrait (C:/Users/chris/Dev/Projects/TheFantasyWorldSimulator/src/engine/traits.ts:44:25)
    at syncReputationTrait (C:/Users/chris/Dev/Projects/TheFantasyWorldSimulator/src/engine/phaseReputationTraits.ts:297:5)
    at phaseReputationTraits (C:/Users/chris/Dev/Projects/TheFantasyWorldSimulator/src/engine/phaseReputationTraits.ts:273:7)
    at runTick (C:/Users/chris/Dev/Projects/TheFantasyWorldSimulator/src/engine/orchestrator.ts:1896:18)
    at C:/Users/chris/Dev/Projects/TheFantasyWorldSimulator/src/engine/__tests__/traceBuffer-integration.test.ts:219:15
    at file:///C:/Users/chris/Dev/Projects/TheFantasyWorldSimulator/node_modules/@vitest/runner/dist/index.js:145:11
    at file:///C:/Users/chris/Dev/Projects/TheFantasyWorldSimulator/node_modules/@vitest/runner/dist/index.js:915:26
    at file:///C:/Users/chris/Dev/Projects/TheFantasyWorldSimulator/node_modules/@vitest/runner/dist/index.js:1243:20
    at new Promise (<anonymous>)
    at runWithTimeout (file:///C:/Users/chris/Dev/Projects/TheFantasyWorldSimulator/node_modules/@vitest/runner/dist/index.js:1209:10)
[Orchestrator] Tick crashed, returning previous state: Error: Trait not found: trait.reputation.power.renown
    at assignTrait (C:/Users/chris/Dev/Projects/TheFantasyWorldSimulator/src/engine/traits.ts:44:25)
    at syncReputationTrait (C:/Users/chris/Dev/Projects/TheFantasyWorldSimulator/src/engine/phaseReputationTraits.ts:297:5)
    at phaseReputationTraits (C:/Users/chris/Dev/Projects/TheFantasyWorldSimulator/src/engine/phaseReputationTraits.ts:273:7)
    at runTick (C:/Users/chris/Dev/Projects/TheFantasyWorldSimulator/src/engine/orchestrator.ts:1896:18)
    at C:/Users/chris/Dev/Projects/TheFantasyWorldSimulator/src/engine/__tests__/traceBuffer-integration.test.ts:219:15
    at file:///C:/Users/chris/Dev/Projects/TheFantasyWorldSimulator/node_modules/@vitest/runner/dist/index.js:145:11
    at file:///C:/Users/chris/Dev/Projects/TheFantasyWorldSimulator/node_modules/@vitest/runner/dist/index.js:915:26
    at file:///C:/Users/chris/Dev/Projects/TheFantasyWorldSimulator/node_modules/@vitest/runner/dist/index.js:1243:20
    at new Promise (<anonymous>)
    at runWithTimeout (file:///C:/Users/chris/Dev/Projects/TheFantasyWorldSimulator/node_modules/@vitest/runner/dist/index.js:1209:10)
[Orchestrator] Tick crashed, returning previous state: Error: Trait not found: trait.reputation.power.renown
    at assignTrait (C:/Users/chris/Dev/Projects/TheFantasyWorldSimulator/src/engine/traits.ts:44:25)
    at syncReputationTrait (C:/Users/chris/Dev/Projects/TheFantasyWorldSimulator/src/engine/phaseReputationTraits.ts:297:5)
    at phaseReputationTraits (C:/Users/chris/Dev/Projects/TheFantasyWorldSimulator/src/engine/phaseReputationTraits.ts:273:7)
    at runTick (C:/Users/chris/Dev/Projects/TheFantasyWorldSimulator/src/engine/orchestrator.ts:1896:18)
    at C:/Users/chris/Dev/Projects/TheFantasyWorldSimulator/src/engine/__tests__/traceBuffer-integration.test.ts:219:15
    at file:///C:/Users/chris/Dev/Projects/TheFantasyWorldSimulator/node_modules/@vitest/runner/dist/index.js:145:11
    at file:///C:/Users/chris/Dev/Projects/TheFantasyWorldSimulator/node_modules/@vitest/runner/dist/index.js:915:26
    at file:///C:/Users/chris/Dev/Projects/TheFantasyWorldSimulator/node_modules/@vitest/runner/dist/index.js:1243:20
    at new Promise (<anonymous>)
    at runWithTimeout (file:///C:/Users/chris/Dev/Projects/TheFantasyWorldSimulator/node_modules/@vitest/runner/dist/index.js:1209:10)
[Orchestrator] Tick crashed, returning previous state: Error: Trait not found: trait.reputation.power.renown
    at assignTrait (C:/Users/chris/Dev/Projects/TheFantasyWorldSimulator/src/engine/traits.ts:44:25)
    at syncReputationTrait (C:/Users/chris/Dev/Projects/TheFantasyWorldSimulator/src/engine/phaseReputationTraits.ts:297:5)
    at phaseReputationTraits (C:/Users/chris/Dev/Projects/TheFantasyWorldSimulator/src/engine/phaseReputationTraits.ts:273:7)
    at runTick (C:/Users/chris/Dev/Projects/TheFantasyWorldSimulator/src/engine/orchestrator.ts:1896:18)
    at C:/Users/chris/Dev/Projects/TheFantasyWorldSimulator/src/engine/__tests__/traceBuffer-integration.test.ts:219:15
    at file:///C:/Users/chris/Dev/Projects/TheFantasyWorldSimulator/node_modules/@vitest/runner/dist/index.js:145:11
    at file:///C:/Users/chris/Dev/Projects/TheFantasyWorldSimulator/node_modules/@vitest/runner/dist/index.js:915:26
    at file:///C:/Users/chris/Dev/Projects/TheFantasyWorldSimulator/node_modules/@vitest/runner/dist/index.js:1243:20
    at new Promise (<anonymous>)
    at runWithTimeout (file:///C:/Users/chris/Dev/Projects/TheFantasyWorldSimulator/node_modules/@vitest/runner/dist/index.js:1209:10)
[Orchestrator] Tick crashed, returning previous state: Error: Trait not found: trait.reputation.power.renown
    at assignTrait (C:/Users/chris/Dev/Projects/TheFantasyWorldSimulator/src/engine/traits.ts:44:25)
    at syncReputationTrait (C:/Users/chris/Dev/Projects/TheFantasyWorldSimulator/src/engine/phaseReputationTraits.ts:297:5)
    at phaseReputationTraits (C:/Users/chris/Dev/Projects/TheFantasyWorldSimulator/src/engine/phaseReputationTraits.ts:273:7)
    at runTick (C:/Users/chris/Dev/Projects/TheFantasyWorldSimulator/src/engine/orchestrator.ts:1896:18)
    at C:/Users/chris/Dev/Projects/TheFantasyWorldSimulator/src/engine/__tests__/traceBuffer-integration.test.ts:219:15
    at file:///C:/Users/chris/Dev/Projects/TheFantasyWorldSimulator/node_modules/@vitest/runner/dist/index.js:145:11
    at file:///C:/Users/chris/Dev/Projects/TheFantasyWorldSimulator/node_modules/@vitest/runner/dist/index.js:915:26
    at file:///C:/Users/chris/Dev/Projects/TheFantasyWorldSimulator/node_modules/@vitest/runner/dist/index.js:1243:20
    at new Promise (<anonymous>)
    at runWithTimeout (file:///C:/Users/chris/Dev/Projects/TheFantasyWorldSimulator/node_modules/@vitest/runner/dist/index.js:1209:10)
[Orchestrator] Tick crashed, returning previous state: Error: Trait not found: trait.reputation.power.renown
    at assignTrait (C:/Users/chris/Dev/Projects/TheFantasyWorldSimulator/src/engine/traits.ts:44:25)
    at syncReputationTrait (C:/Users/chris/Dev/Projects/TheFantasyWorldSimulator/src/engine/phaseReputationTraits.ts:297:5)
    at phaseReputationTraits (C:/Users/chris/Dev/Projects/TheFantasyWorldSimulator/src/engine/phaseReputationTraits.ts:273:7)
    at runTick (C:/Users/chris/Dev/Projects/TheFantasyWorldSimulator/src/engine/orchestrator.ts:1896:18)
    at C:/Users/chris/Dev/Projects/TheFantasyWorldSimulator/src/engine/__tests__/traceBuffer-integration.test.ts:219:15
    at file:///C:/Users/chris/Dev/Projects/TheFantasyWorldSimulator/node_modules/@vitest/runner/dist/index.js:145:11
    at file:///C:/Users/chris/Dev/Projects/TheFantasyWorldSimulator/node_modules/@vitest/runner/dist/index.js:915:26
    at file:///C:/Users/chris/Dev/Projects/TheFantasyWorldSimulator/node_modules/@vitest/runner/dist/index.js:1243:20
    at new Promise (<anonymous>)
    at runWithTimeout (file:///C:/Users/chris/Dev/Projects/TheFantasyWorldSimulator/node_modules/@vitest/runner/dist/index.js:1209:10)
[Orchestrator] Tick crashed, returning previous state: Error: Trait not found: trait.reputation.power.renown
    at assignTrait (C:/Users/chris/Dev/Projects/TheFantasyWorldSimulator/src/engine/traits.ts:44:25)
    at syncReputationTrait (C:/Users/chris/Dev/Projects/TheFantasyWorldSimulator/src/engine/phaseReputationTraits.ts:297:5)
    at phaseReputationTraits (C:/Users/chris/Dev/Projects/TheFantasyWorldSimulator/src/engine/phaseReputationTraits.ts:273:7)
    at runTick (C:/Users/chris/Dev/Projects/TheFantasyWorldSimulator/src/engine/orchestrator.ts:1896:18)
    at C:/Users/chris/Dev/Projects/TheFantasyWorldSimulator/src/engine/__tests__/traceBuffer-integration.test.ts:219:15
    at file:///C:/Users/chris/Dev/Projects/TheFantasyWorldSimulator/node_modules/@vitest/runner/dist/index.js:145:11
    at file:///C:/Users/chris/Dev/Projects/TheFantasyWorldSimulator/node_modules/@vitest/runner/dist/index.js:915:26
    at file:///C:/Users/chris/Dev/Projects/TheFantasyWorldSimulator/node_modules/@vitest/runner/dist/index.js:1243:20
    at new Promise (<anonymous>)
    at runWithTimeout (file:///C:/Users/chris/Dev/Projects/TheFantasyWorldSimulator/node_modules/@vitest/runner/dist/index.js:1209:10)
[Orchestrator] Tick crashed, returning previous state: Error: Trait not found: trait.reputation.power.renown
    at assignTrait (C:/Users/chris/Dev/Projects/TheFantasyWorldSimulator/src/engine/traits.ts:44:25)
    at syncReputationTrait (C:/Users/chris/Dev/Projects/TheFantasyWorldSimulator/src/engine/phaseReputationTraits.ts:297:5)
    at phaseReputationTraits (C:/Users/chris/Dev/Projects/TheFantasyWorldSimulator/src/engine/phaseReputationTraits.ts:273:7)
    at runTick (C:/Users/chris/Dev/Projects/TheFantasyWorldSimulator/src/engine/orchestrator.ts:1896:18)
    at C:/Users/chris/Dev/Projects/TheFantasyWorldSimulator/src/engine/__tests__/traceBuffer-integration.test.ts:219:15
    at file:///C:/Users/chris/Dev/Projects/TheFantasyWorldSimulator/node_modules/@vitest/runner/dist/index.js:145:11
    at file:///C:/Users/chris/Dev/Projects/TheFantasyWorldSimulator/node_modules/@vitest/runner/dist/index.js:915:26
    at file:///C:/Users/chris/Dev/Projects/TheFantasyWorldSimulator/node_modules/@vitest/runner/dist/index.js:1243:20
    at new Promise (<anonymous>)
    at runWithTimeout (file:///C:/Users/chris/Dev/Projects/TheFantasyWorldSimulator/node_modules/@vitest/runner/dist/index.js:1209:10)
[Orchestrator] Tick crashed, returning previous state: Error: Trait not found: trait.reputation.power.renown
    at assignTrait (C:/Users/chris/Dev/Projects/TheFantasyWorldSimulator/src/engine/traits.ts:44:25)
    at syncReputationTrait (C:/Users/chris/Dev/Projects/TheFantasyWorldSimulator/src/engine/phaseReputationTraits.ts:297:5)
    at phaseReputationTraits (C:/Users/chris/Dev/Projects/TheFantasyWorldSimulator/src/engine/phaseReputationTraits.ts:273:7)
    at runTick (C:/Users/chris/Dev/Projects/TheFantasyWorldSimulator/src/engine/orchestrator.ts:1896:18)
    at C:/Users/chris/Dev/Projects/TheFantasyWorldSimulator/src/engine/__tests__/traceBuffer-integration.test.ts:219:15
    at file:///C:/Users/chris/Dev/Projects/TheFantasyWorldSimulator/node_modules/@vitest/runner/dist/index.js:145:11
    at file:///C:/Users/chris/Dev/Projects/TheFantasyWorldSimulator/node_modules/@vitest/runner/dist/index.js:915:26
    at file:///C:/Users/chris/Dev/Projects/TheFantasyWorldSimulator/node_modules/@vitest/runner/dist/index.js:1243:20
    at new Promise (<anonymous>)
    at runWithTimeout (file:///C:/Users/chris/Dev/Projects/TheFantasyWorldSimulator/node_modules/@vitest/runner/dist/index.js:1209:10)
[Orchestrator] Tick crashed, returning previous state: Error: Trait not found: trait.reputation.power.renown
    at assignTrait (C:/Users/chris/Dev/Projects/TheFantasyWorldSimulator/src/engine/traits.ts:44:25)
    at syncReputationTrait (C:/Users/chris/Dev/Projects/TheFantasyWorldSimulator/src/engine/phaseReputationTraits.ts:297:5)
    at phaseReputationTraits (C:/Users/chris/Dev/Projects/TheFantasyWorldSimulator/src/engine/phaseReputationTraits.ts:273:7)
    at runTick (C:/Users/chris/Dev/Projects/TheFantasyWorldSimulator/src/engine/orchestrator.ts:1896:18)
    at C:/Users/chris/Dev/Projects/TheFantasyWorldSimulator/src/engine/__tests__/traceBuffer-integration.test.ts:219:15
    at file:///C:/Users/chris/Dev/Projects/TheFantasyWorldSimulator/node_modules/@vitest/runner/dist/index.js:145:11
    at file:///C:/Users/chris/Dev/Projects/TheFantasyWorldSimulator/node_modules/@vitest/runner/dist/index.js:915:26
    at file:///C:/Users/chris/Dev/Projects/TheFantasyWorldSimulator/node_modules/@vitest/runner/dist/index.js:1243:20
    at new Promise (<anonymous>)
    at runWithTimeout (file:///C:/Users/chris/Dev/Projects/TheFantasyWorldSimulator/node_modules/@vitest/runner/dist/index.js:1209:10)
[Orchestrator] Tick crashed, returning previous state: Error: Trait not found: trait.reputation.power.renown
    at assignTrait (C:/Users/chris/Dev/Projects/TheFantasyWorldSimulator/src/engine/traits.ts:44:25)
    at syncReputationTrait (C:/Users/chris/Dev/Projects/TheFantasyWorldSimulator/src/engine/phaseReputationTraits.ts:297:5)
    at phaseReputationTraits (C:/Users/chris/Dev/Projects/TheFantasyWorldSimulator/src/engine/phaseReputationTraits.ts:273:7)
    at runTick (C:/Users/chris/Dev/Projects/TheFantasyWorldSimulator/src/engine/orchestrator.ts:1896:18)
    at C:/Users/chris/Dev/Projects/TheFantasyWorldSimulator/src/engine/__tests__/traceBuffer-integration.test.ts:219:15
    at file:///C:/Users/chris/Dev/Projects/TheFantasyWorldSimulator/node_modules/@vitest/runner/dist/index.js:145:11
    at file:///C:/Users/chris/Dev/Projects/TheFantasyWorldSimulator/node_modules/@vitest/runner/dist/index.js:915:26
    at file:///C:/Users/chris/Dev/Projects/TheFantasyWorldSimulator/node_modules/@vitest/runner/dist/index.js:1243:20
    at new Promise (<anonymous>)
    at runWithTimeout (file:///C:/Users/chris/Dev/Projects/TheFantasyWorldSimulator/node_modules/@vitest/runner/dist/index.js:1209:10)
[Orchestrator] Tick crashed, returning previous state: Error: Trait not found: trait.reputation.power.renown
    at assignTrait (C:/Users/chris/Dev/Projects/TheFantasyWorldSimulator/src/engine/traits.ts:44:25)
    at syncReputationTrait (C:/Users/chris/Dev/Projects/TheFantasyWorldSimulator/src/engine/phaseReputationTraits.ts:297:5)
    at phaseReputationTraits (C:/Users/chris/Dev/Projects/TheFantasyWorldSimulator/src/engine/phaseReputationTraits.ts:273:7)
    at runTick (C:/Users/chris/Dev/Projects/TheFantasyWorldSimulator/src/engine/orchestrator.ts:1896:18)
    at C:/Users/chris/Dev/Projects/TheFantasyWorldSimulator/src/engine/__tests__/traceBuffer-integration.test.ts:219:15
    at file:///C:/Users/chris/Dev/Projects/TheFantasyWorldSimulator/node_modules/@vitest/runner/dist/index.js:145:11
    at file:///C:/Users/chris/Dev/Projects/TheFantasyWorldSimulator/node_modules/@vitest/runner/dist/index.js:915:26
    at file:///C:/Users/chris/Dev/Projects/TheFantasyWorldSimulator/node_modules/@vitest/runner/dist/index.js:1243:20
    at new Promise (<anonymous>)
    at runWithTimeout (file:///C:/Users/chris/Dev/Projects/TheFantasyWorldSimulator/node_modules/@vitest/runner/dist/index.js:1209:10)
[Orchestrator] Tick crashed, returning previous state: Error: Trait not found: trait.reputation.power.renown
    at assignTrait (C:/Users/chris/Dev/Projects/TheFantasyWorldSimulator/src/engine/traits.ts:44:25)
    at syncReputationTrait (C:/Users/chris/Dev/Projects/TheFantasyWorldSimulator/src/engine/phaseReputationTraits.ts:297:5)
    at phaseReputationTraits (C:/Users/chris/Dev/Projects/TheFantasyWorldSimulator/src/engine/phaseReputationTraits.ts:273:7)
    at runTick (C:/Users/chris/Dev/Projects/TheFantasyWorldSimulator/src/engine/orchestrator.ts:1896:18)
    at C:/Users/chris/Dev/Projects/TheFantasyWorldSimulator/src/engine/__tests__/traceBuffer-integration.test.ts:219:15
    at file:///C:/Users/chris/Dev/Projects/TheFantasyWorldSimulator/node_modules/@vitest/runner/dist/index.js:145:11
    at file:///C:/Users/chris/Dev/Projects/TheFantasyWorldSimulator/node_modules/@vitest/runner/dist/index.js:915:26
    at file:///C:/Users/chris/Dev/Projects/TheFantasyWorldSimulator/node_modules/@vitest/runner/dist/index.js:1243:20
    at new Promise (<anonymous>)
    at runWithTimeout (file:///C:/Users/chris/Dev/Projects/TheFantasyWorldSimulator/node_modules/@vitest/runner/dist/index.js:1209:10)
[Orchestrator] Tick crashed, returning previous state: Error: Trait not found: trait.reputation.power.renown
    at assignTrait (C:/Users/chris/Dev/Projects/TheFantasyWorldSimulator/src/engine/traits.ts:44:25)
    at syncReputationTrait (C:/Users/chris/Dev/Projects/TheFantasyWorldSimulator/src/engine/phaseReputationTraits.ts:297:5)
    at phaseReputationTraits (C:/Users/chris/Dev/Projects/TheFantasyWorldSimulator/src/engine/phaseReputationTraits.ts:273:7)
    at runTick (C:/Users/chris/Dev/Projects/TheFantasyWorldSimulator/src/engine/orchestrator.ts:1896:18)
    at C:/Users/chris/Dev/Projects/TheFantasyWorldSimulator/src/engine/__tests__/traceBuffer-integration.test.ts:219:15
    at file:///C:/Users/chris/Dev/Projects/TheFantasyWorldSimulator/node_modules/@vitest/runner/dist/index.js:145:11
    at file:///C:/Users/chris/Dev/Projects/TheFantasyWorldSimulator/node_modules/@vitest/runner/dist/index.js:915:26
    at file:///C:/Users/chris/Dev/Projects/TheFantasyWorldSimulator/node_modules/@vitest/runner/dist/index.js:1243:20
    at new Promise (<anonymous>)
    at runWithTimeout (file:///C:/Users/chris/Dev/Projects/TheFantasyWorldSimulator/node_modules/@vitest/runner/dist/index.js:1209:10)
[Orchestrator] Tick crashed, returning previous state: Error: Trait not found: trait.reputation.power.renown
    at assignTrait (C:/Users/chris/Dev/Projects/TheFantasyWorldSimulator/src/engine/traits.ts:44:25)
    at syncReputationTrait (C:/Users/chris/Dev/Projects/TheFantasyWorldSimulator/src/engine/phaseReputationTraits.ts:297:5)
    at phaseReputationTraits (C:/Users/chris/Dev/Projects/TheFantasyWorldSimulator/src/engine/phaseReputationTraits.ts:273:7)
    at runTick (C:/Users/chris/Dev/Projects/TheFantasyWorldSimulator/src/engine/orchestrator.ts:1896:18)
    at C:/Users/chris/Dev/Projects/TheFantasyWorldSimulator/src/engine/__tests__/traceBuffer-integration.test.ts:219:15
    at file:///C:/Users/chris/Dev/Projects/TheFantasyWorldSimulator/node_modules/@vitest/runner/dist/index.js:145:11
    at file:///C:/Users/chris/Dev/Projects/TheFantasyWorldSimulator/node_modules/@vitest/runner/dist/index.js:915:26
    at file:///C:/Users/chris/Dev/Projects/TheFantasyWorldSimulator/node_modules/@vitest/runner/dist/index.js:1243:20
    at new Promise (<anonymous>)
    at runWithTimeout (file:///C:/Users/chris/Dev/Projects/TheFantasyWorldSimulator/node_modules/@vitest/runner/dist/index.js:1209:10)
[Orchestrator] Tick crashed, returning previous state: Error: Trait not found: trait.reputation.power.renown
    at assignTrait (C:/Users/chris/Dev/Projects/TheFantasyWorldSimulator/src/engine/traits.ts:44:25)
    at syncReputationTrait (C:/Users/chris/Dev/Projects/TheFantasyWorldSimulator/src/engine/phaseReputationTraits.ts:297:5)
    at phaseReputationTraits (C:/Users/chris/Dev/Projects/TheFantasyWorldSimulator/src/engine/phaseReputationTraits.ts:273:7)
    at runTick (C:/Users/chris/Dev/Projects/TheFantasyWorldSimulator/src/engine/orchestrator.ts:1896:18)
    at C:/Users/chris/Dev/Projects/TheFantasyWorldSimulator/src/engine/__tests__/traceBuffer-integration.test.ts:219:15
    at file:///C:/Users/chris/Dev/Projects/TheFantasyWorldSimulator/node_modules/@vitest/runner/dist/index.js:145:11
    at file:///C:/Users/chris/Dev/Projects/TheFantasyWorldSimulator/node_modules/@vitest/runner/dist/index.js:915:26
    at file:///C:/Users/chris/Dev/Projects/TheFantasyWorldSimulator/node_modules/@vitest/runner/dist/index.js:1243:20
    at new Promise (<anonymous>)
    at runWithTimeout (file:///C:/Users/chris/Dev/Projects/TheFantasyWorldSimulator/node_modules/@vitest/runner/dist/index.js:1209:10)
[Orchestrator] Tick crashed, returning previous state: Error: Trait not found: trait.reputation.power.renown
    at assignTrait (C:/Users/chris/Dev/Projects/TheFantasyWorldSimulator/src/engine/traits.ts:44:25)
    at syncReputationTrait (C:/Users/chris/Dev/Projects/TheFantasyWorldSimulator/src/engine/phaseReputationTraits.ts:297:5)
    at phaseReputationTraits (C:/Users/chris/Dev/Projects/TheFantasyWorldSimulator/src/engine/phaseReputationTraits.ts:273:7)
    at runTick (C:/Users/chris/Dev/Projects/TheFantasyWorldSimulator/src/engine/orchestrator.ts:1896:18)
    at C:/Users/chris/Dev/Projects/TheFantasyWorldSimulator/src/engine/__tests__/traceBuffer-integration.test.ts:219:15
    at file:///C:/Users/chris/Dev/Projects/TheFantasyWorldSimulator/node_modules/@vitest/runner/dist/index.js:145:11
    at file:///C:/Users/chris/Dev/Projects/TheFantasyWorldSimulator/node_modules/@vitest/runner/dist/index.js:915:26
    at file:///C:/Users/chris/Dev/Projects/TheFantasyWorldSimulator/node_modules/@vitest/runner/dist/index.js:1243:20
    at new Promise (<anonymous>)
    at runWithTimeout (file:///C:/Users/chris/Dev/Projects/TheFantasyWorldSimulator/node_modules/@vitest/runner/dist/index.js:1209:10)
[Orchestrator] Tick crashed, returning previous state: Error: Trait not found: trait.reputation.power.renown
    at assignTrait (C:/Users/chris/Dev/Projects/TheFantasyWorldSimulator/src/engine/traits.ts:44:25)
    at syncReputationTrait (C:/Users/chris/Dev/Projects/TheFantasyWorldSimulator/src/engine/phaseReputationTraits.ts:297:5)
    at phaseReputationTraits (C:/Users/chris/Dev/Projects/TheFantasyWorldSimulator/src/engine/phaseReputationTraits.ts:273:7)
    at runTick (C:/Users/chris/Dev/Projects/TheFantasyWorldSimulator/src/engine/orchestrator.ts:1896:18)
    at C:/Users/chris/Dev/Projects/TheFantasyWorldSimulator/src/engine/__tests__/traceBuffer-integration.test.ts:219:15
    at file:///C:/Users/chris/Dev/Projects/TheFantasyWorldSimulator/node_modules/@vitest/runner/dist/index.js:145:11
    at file:///C:/Users/chris/Dev/Projects/TheFantasyWorldSimulator/node_modules/@vitest/runner/dist/index.js:915:26
    at file:///C:/Users/chris/Dev/Projects/TheFantasyWorldSimulator/node_modules/@vitest/runner/dist/index.js:1243:20
    at new Promise (<anonymous>)
    at runWithTimeout (file:///C:/Users/chris/Dev/Projects/TheFantasyWorldSimulator/node_modules/@vitest/runner/dist/index.js:1209:10)
[Orchestrator] Tick crashed, returning previous state: Error: Trait not found: trait.reputation.power.renown
    at assignTrait (C:/Users/chris/Dev/Projects/TheFantasyWorldSimulator/src/engine/traits.ts:44:25)
    at syncReputationTrait (C:/Users/chris/Dev/Projects/TheFantasyWorldSimulator/src/engine/phaseReputationTraits.ts:297:5)
    at phaseReputationTraits (C:/Users/chris/Dev/Projects/TheFantasyWorldSimulator/src/engine/phaseReputationTraits.ts:273:7)
    at runTick (C:/Users/chris/Dev/Projects/TheFantasyWorldSimulator/src/engine/orchestrator.ts:1896:18)
    at C:/Users/chris/Dev/Projects/TheFantasyWorldSimulator/src/engine/__tests__/traceBuffer-integration.test.ts:219:15
    at file:///C:/Users/chris/Dev/Projects/TheFantasyWorldSimulator/node_modules/@vitest/runner/dist/index.js:145:11
    at file:///C:/Users/chris/Dev/Projects/TheFantasyWorldSimulator/node_modules/@vitest/runner/dist/index.js:915:26
    at file:///C:/Users/chris/Dev/Projects/TheFantasyWorldSimulator/node_modules/@vitest/runner/dist/index.js:1243:20
    at new Promise (<anonymous>)
    at runWithTimeout (file:///C:/Users/chris/Dev/Projects/TheFantasyWorldSimulator/node_modules/@vitest/runner/dist/index.js:1209:10)
[Orchestrator] Tick crashed, returning previous state: Error: Trait not found: trait.reputation.power.renown
    at assignTrait (C:/Users/chris/Dev/Projects/TheFantasyWorldSimulator/src/engine/traits.ts:44:25)
    at syncReputationTrait (C:/Users/chris/Dev/Projects/TheFantasyWorldSimulator/src/engine/phaseReputationTraits.ts:297:5)
    at phaseReputationTraits (C:/Users/chris/Dev/Projects/TheFantasyWorldSimulator/src/engine/phaseReputationTraits.ts:273:7)
    at runTick (C:/Users/chris/Dev/Projects/TheFantasyWorldSimulator/src/engine/orchestrator.ts:1896:18)
    at C:/Users/chris/Dev/Projects/TheFantasyWorldSimulator/src/engine/__tests__/traceBuffer-integration.test.ts:219:15
    at file:///C:/Users/chris/Dev/Projects/TheFantasyWorldSimulator/node_modules/@vitest/runner/dist/index.js:145:11
    at file:///C:/Users/chris/Dev/Projects/TheFantasyWorldSimulator/node_modules/@vitest/runner/dist/index.js:915:26
    at file:///C:/Users/chris/Dev/Projects/TheFantasyWorldSimulator/node_modules/@vitest/runner/dist/index.js:1243:20
    at new Promise (<anonymous>)
    at runWithTimeout (file:///C:/Users/chris/Dev/Projects/TheFantasyWorldSimulator/node_modules/@vitest/runner/dist/index.js:1209:10)
[Orchestrator] Tick crashed, returning previous state: Error: Trait not found: trait.reputation.power.renown
    at assignTrait (C:/Users/chris/Dev/Projects/TheFantasyWorldSimulator/src/engine/traits.ts:44:25)
    at syncReputationTrait (C:/Users/chris/Dev/Projects/TheFantasyWorldSimulator/src/engine/phaseReputationTraits.ts:297:5)
    at phaseReputationTraits (C:/Users/chris/Dev/Projects/TheFantasyWorldSimulator/src/engine/phaseReputationTraits.ts:273:7)
    at runTick (C:/Users/chris/Dev/Projects/TheFantasyWorldSimulator/src/engine/orchestrator.ts:1896:18)
    at C:/Users/chris/Dev/Projects/TheFantasyWorldSimulator/src/engine/__tests__/traceBuffer-integration.test.ts:219:15
    at file:///C:/Users/chris/Dev/Projects/TheFantasyWorldSimulator/node_modules/@vitest/runner/dist/index.js:145:11
    at file:///C:/Users/chris/Dev/Projects/TheFantasyWorldSimulator/node_modules/@vitest/runner/dist/index.js:915:26
    at file:///C:/Users/chris/Dev/Projects/TheFantasyWorldSimulator/node_modules/@vitest/runner/dist/index.js:1243:20
    at new Promise (<anonymous>)
    at runWithTimeout (file:///C:/Users/chris/Dev/Projects/TheFantasyWorldSimulator/node_modules/@vitest/runner/dist/index.js:1209:10)
[Orchestrator] Tick crashed, returning previous state: Error: Trait not found: trait.reputation.power.renown
    at assignTrait (C:/Users/chris/Dev/Projects/TheFantasyWorldSimulator/src/engine/traits.ts:44:25)
    at syncReputationTrait (C:/Users/chris/Dev/Projects/TheFantasyWorldSimulator/src/engine/phaseReputationTraits.ts:297:5)
    at phaseReputationTraits (C:/Users/chris/Dev/Projects/TheFantasyWorldSimulator/src/engine/phaseReputationTraits.ts:273:7)
    at runTick (C:/Users/chris/Dev/Projects/TheFantasyWorldSimulator/src/engine/orchestrator.ts:1896:18)
    at C:/Users/chris/Dev/Projects/TheFantasyWorldSimulator/src/engine/__tests__/traceBuffer-integration.test.ts:219:15
    at file:///C:/Users/chris/Dev/Projects/TheFantasyWorldSimulator/node_modules/@vitest/runner/dist/index.js:145:11
    at file:///C:/Users/chris/Dev/Projects/TheFantasyWorldSimulator/node_modules/@vitest/runner/dist/index.js:915:26
    at file:///C:/Users/chris/Dev/Projects/TheFantasyWorldSimulator/node_modules/@vitest/runner/dist/index.js:1243:20
    at new Promise (<anonymous>)
    at runWithTimeout (file:///C:/Users/chris/Dev/Projects/TheFantasyWorldSimulator/node_modules/@vitest/runner/dist/index.js:1209:10)
[Orchestrator] Tick crashed, returning previous state: Error: Trait not found: trait.reputation.power.renown
    at assignTrait (C:/Users/chris/Dev/Projects/TheFantasyWorldSimulator/src/engine/traits.ts:44:25)
    at syncReputationTrait (C:/Users/chris/Dev/Projects/TheFantasyWorldSimulator/src/engine/phaseReputationTraits.ts:297:5)
    at phaseReputationTraits (C:/Users/chris/Dev/Projects/TheFantasyWorldSimulator/src/engine/phaseReputationTraits.ts:273:7)
    at runTick (C:/Users/chris/Dev/Projects/TheFantasyWorldSimulator/src/engine/orchestrator.ts:1896:18)
    at C:/Users/chris/Dev/Projects/TheFantasyWorldSimulator/src/engine/__tests__/traceBuffer-integration.test.ts:219:15
    at file:///C:/Users/chris/Dev/Projects/TheFantasyWorldSimulator/node_modules/@vitest/runner/dist/index.js:145:11
    at file:///C:/Users/chris/Dev/Projects/TheFantasyWorldSimulator/node_modules/@vitest/runner/dist/index.js:915:26
    at file:///C:/Users/chris/Dev/Projects/TheFantasyWorldSimulator/node_modules/@vitest/runner/dist/index.js:1243:20
    at new Promise (<anonymous>)
    at runWithTimeout (file:///C:/Users/chris/Dev/Projects/TheFantasyWorldSimulator/node_modules/@vitest/runner/dist/index.js:1209:10)
[Orchestrator] Tick crashed, returning previous state: Error: Trait not found: trait.reputation.power.renown
    at assignTrait (C:/Users/chris/Dev/Projects/TheFantasyWorldSimulator/src/engine/traits.ts:44:25)
    at syncReputationTrait (C:/Users/chris/Dev/Projects/TheFantasyWorldSimulator/src/engine/phaseReputationTraits.ts:297:5)
    at phaseReputationTraits (C:/Users/chris/Dev/Projects/TheFantasyWorldSimulator/src/engine/phaseReputationTraits.ts:273:7)
    at runTick (C:/Users/chris/Dev/Projects/TheFantasyWorldSimulator/src/engine/orchestrator.ts:1896:18)
    at C:/Users/chris/Dev/Projects/TheFantasyWorldSimulator/src/engine/__tests__/traceBuffer-integration.test.ts:219:15
    at file:///C:/Users/chris/Dev/Projects/TheFantasyWorldSimulator/node_modules/@vitest/runner/dist/index.js:145:11
    at file:///C:/Users/chris/Dev/Projects/TheFantasyWorldSimulator/node_modules/@vitest/runner/dist/index.js:915:26
    at file:///C:/Users/chris/Dev/Projects/TheFantasyWorldSimulator/node_modules/@vitest/runner/dist/index.js:1243:20
    at new Promise (<anonymous>)
    at runWithTimeout (file:///C:/Users/chris/Dev/Projects/TheFantasyWorldSimulator/node_modules/@vitest/runner/dist/index.js:1209:10)
[Orchestrator] Tick crashed, returning previous state: Error: Trait not found: trait.reputation.power.renown
    at assignTrait (C:/Users/chris/Dev/Projects/TheFantasyWorldSimulator/src/engine/traits.ts:44:25)
    at syncReputationTrait (C:/Users/chris/Dev/Projects/TheFantasyWorldSimulator/src/engine/phaseReputationTraits.ts:297:5)
    at phaseReputationTraits (C:/Users/chris/Dev/Projects/TheFantasyWorldSimulator/src/engine/phaseReputationTraits.ts:273:7)
    at runTick (C:/Users/chris/Dev/Projects/TheFantasyWorldSimulator/src/engine/orchestrator.ts:1896:18)
    at C:/Users/chris/Dev/Projects/TheFantasyWorldSimulator/src/engine/__tests__/traceBuffer-integration.test.ts:219:15
    at file:///C:/Users/chris/Dev/Projects/TheFantasyWorldSimulator/node_modules/@vitest/runner/dist/index.js:145:11
    at file:///C:/Users/chris/Dev/Projects/TheFantasyWorldSimulator/node_modules/@vitest/runner/dist/index.js:915:26
    at file:///C:/Users/chris/Dev/Projects/TheFantasyWorldSimulator/node_modules/@vitest/runner/dist/index.js:1243:20
    at new Promise (<anonymous>)
    at runWithTimeout (file:///C:/Users/chris/Dev/Projects/TheFantasyWorldSimulator/node_modules/@vitest/runner/dist/index.js:1209:10)
[Orchestrator] Tick crashed, returning previous state: Error: Trait not found: trait.reputation.power.renown
    at assignTrait (C:/Users/chris/Dev/Projects/TheFantasyWorldSimulator/src/engine/traits.ts:44:25)
    at syncReputationTrait (C:/Users/chris/Dev/Projects/TheFantasyWorldSimulator/src/engine/phaseReputationTraits.ts:297:5)
    at phaseReputationTraits (C:/Users/chris/Dev/Projects/TheFantasyWorldSimulator/src/engine/phaseReputationTraits.ts:273:7)
    at runTick (C:/Users/chris/Dev/Projects/TheFantasyWorldSimulator/src/engine/orchestrator.ts:1896:18)
    at C:/Users/chris/Dev/Projects/TheFantasyWorldSimulator/src/engine/__tests__/traceBuffer-integration.test.ts:219:15
    at file:///C:/Users/chris/Dev/Projects/TheFantasyWorldSimulator/node_modules/@vitest/runner/dist/index.js:145:11
    at file:///C:/Users/chris/Dev/Projects/TheFantasyWorldSimulator/node_modules/@vitest/runner/dist/index.js:915:26
    at file:///C:/Users/chris/Dev/Projects/TheFantasyWorldSimulator/node_modules/@vitest/runner/dist/index.js:1243:20
    at new Promise (<anonymous>)
    at runWithTimeout (file:///C:/Users/chris/Dev/Projects/TheFantasyWorldSimulator/node_modules/@vitest/runner/dist/index.js:1209:10)
[Orchestrator] Tick crashed, returning previous state: Error: Trait not found: trait.reputation.power.renown
    at assignTrait (C:/Users/chris/Dev/Projects/TheFantasyWorldSimulator/src/engine/traits.ts:44:25)
    at syncReputationTrait (C:/Users/chris/Dev/Projects/TheFantasyWorldSimulator/src/engine/phaseReputationTraits.ts:297:5)
    at phaseReputationTraits (C:/Users/chris/Dev/Projects/TheFantasyWorldSimulator/src/engine/phaseReputationTraits.ts:273:7)
    at runTick (C:/Users/chris/Dev/Projects/TheFantasyWorldSimulator/src/engine/orchestrator.ts:1896:18)
    at C:/Users/chris/Dev/Projects/TheFantasyWorldSimulator/src/engine/__tests__/traceBuffer-integration.test.ts:219:15
    at file:///C:/Users/chris/Dev/Projects/TheFantasyWorldSimulator/node_modules/@vitest/runner/dist/index.js:145:11
    at file:///C:/Users/chris/Dev/Projects/TheFantasyWorldSimulator/node_modules/@vitest/runner/dist/index.js:915:26
    at file:///C:/Users/chris/Dev/Projects/TheFantasyWorldSimulator/node_modules/@vitest/runner/dist/index.js:1243:20
    at new Promise (<anonymous>)
    at runWithTimeout (file:///C:/Users/chris/Dev/Projects/TheFantasyWorldSimulator/node_modules/@vitest/runner/dist/index.js:1209:10)
[Orchestrator] Tick crashed, returning previous state: Error: Trait not found: trait.reputation.power.renown
    at assignTrait (C:/Users/chris/Dev/Projects/TheFantasyWorldSimulator/src/engine/traits.ts:44:25)
    at syncReputationTrait (C:/Users/chris/Dev/Projects/TheFantasyWorldSimulator/src/engine/phaseReputationTraits.ts:297:5)
    at phaseReputationTraits (C:/Users/chris/Dev/Projects/TheFantasyWorldSimulator/src/engine/phaseReputationTraits.ts:273:7)
    at runTick (C:/Users/chris/Dev/Projects/TheFantasyWorldSimulator/src/engine/orchestrator.ts:1896:18)
    at C:/Users/chris/Dev/Projects/TheFantasyWorldSimulator/src/engine/__tests__/traceBuffer-integration.test.ts:219:15
    at file:///C:/Users/chris/Dev/Projects/TheFantasyWorldSimulator/node_modules/@vitest/runner/dist/index.js:145:11
    at file:///C:/Users/chris/Dev/Projects/TheFantasyWorldSimulator/node_modules/@vitest/runner/dist/index.js:915:26
    at file:///C:/Users/chris/Dev/Projects/TheFantasyWorldSimulator/node_modules/@vitest/runner/dist/index.js:1243:20
    at new Promise (<anonymous>)
    at runWithTimeout (file:///C:/Users/chris/Dev/Projects/TheFantasyWorldSimulator/node_modules/@vitest/runner/dist/index.js:1209:10)
[Orchestrator] Tick crashed, returning previous state: Error: Trait not found: trait.reputation.power.renown
    at assignTrait (C:/Users/chris/Dev/Projects/TheFantasyWorldSimulator/src/engine/traits.ts:44:25)
    at syncReputationTrait (C:/Users/chris/Dev/Projects/TheFantasyWorldSimulator/src/engine/phaseReputationTraits.ts:297:5)
    at phaseReputationTraits (C:/Users/chris/Dev/Projects/TheFantasyWorldSimulator/src/engine/phaseReputationTraits.ts:273:7)
    at runTick (C:/Users/chris/Dev/Projects/TheFantasyWorldSimulator/src/engine/orchestrator.ts:1896:18)
    at C:/Users/chris/Dev/Projects/TheFantasyWorldSimulator/src/engine/__tests__/traceBuffer-integration.test.ts:219:15
    at file:///C:/Users/chris/Dev/Projects/TheFantasyWorldSimulator/node_modules/@vitest/runner/dist/index.js:145:11
    at file:///C:/Users/chris/Dev/Projects/TheFantasyWorldSimulator/node_modules/@vitest/runner/dist/index.js:915:26
    at file:///C:/Users/chris/Dev/Projects/TheFantasyWorldSimulator/node_modules/@vitest/runner/dist/index.js:1243:20
    at new Promise (<anonymous>)
    at runWithTimeout (file:///C:/Users/chris/Dev/Projects/TheFantasyWorldSimulator/node_modules/@vitest/runner/dist/index.js:1209:10)
[Orchestrator] Tick crashed, returning previous state: Error: Trait not found: trait.reputation.power.renown
    at assignTrait (C:/Users/chris/Dev/Projects/TheFantasyWorldSimulator/src/engine/traits.ts:44:25)
    at syncReputationTrait (C:/Users/chris/Dev/Projects/TheFantasyWorldSimulator/src/engine/phaseReputationTraits.ts:297:5)
    at phaseReputationTraits (C:/Users/chris/Dev/Projects/TheFantasyWorldSimulator/src/engine/phaseReputationTraits.ts:273:7)
    at runTick (C:/Users/chris/Dev/Projects/TheFantasyWorldSimulator/src/engine/orchestrator.ts:1896:18)
    at C:/Users/chris/Dev/Projects/TheFantasyWorldSimulator/src/engine/__tests__/traceBuffer-integration.test.ts:219:15
    at file:///C:/Users/chris/Dev/Projects/TheFantasyWorldSimulator/node_modules/@vitest/runner/dist/index.js:145:11
    at file:///C:/Users/chris/Dev/Projects/TheFantasyWorldSimulator/node_modules/@vitest/runner/dist/index.js:915:26
    at file:///C:/Users/chris/Dev/Projects/TheFantasyWorldSimulator/node_modules/@vitest/runner/dist/index.js:1243:20
    at new Promise (<anonymous>)
    at runWithTimeout (file:///C:/Users/chris/Dev/Projects/TheFantasyWorldSimulator/node_modules/@vitest/runner/dist/index.js:1209:10)
[Orchestrator] Tick crashed, returning previous state: Error: Trait not found: trait.reputation.power.renown
    at assignTrait (C:/Users/chris/Dev/Projects/TheFantasyWorldSimulator/src/engine/traits.ts:44:25)
    at syncReputationTrait (C:/Users/chris/Dev/Projects/TheFantasyWorldSimulator/src/engine/phaseReputationTraits.ts:297:5)
    at phaseReputationTraits (C:/Users/chris/Dev/Projects/TheFantasyWorldSimulator/src/engine/phaseReputationTraits.ts:273:7)
    at runTick (C:/Users/chris/Dev/Projects/TheFantasyWorldSimulator/src/engine/orchestrator.ts:1896:18)
    at C:/Users/chris/Dev/Projects/TheFantasyWorldSimulator/src/engine/__tests__/traceBuffer-integration.test.ts:219:15
    at file:///C:/Users/chris/Dev/Projects/TheFantasyWorldSimulator/node_modules/@vitest/runner/dist/index.js:145:11
    at file:///C:/Users/chris/Dev/Projects/TheFantasyWorldSimulator/node_modules/@vitest/runner/dist/index.js:915:26
    at file:///C:/Users/chris/Dev/Projects/TheFantasyWorldSimulator/node_modules/@vitest/runner/dist/index.js:1243:20
    at new Promise (<anonymous>)
    at runWithTimeout (file:///C:/Users/chris/Dev/Projects/TheFantasyWorldSimulator/node_modules/@vitest/runner/dist/index.js:1209:10)
[Orchestrator] Tick crashed, returning previous state: Error: Trait not found: trait.reputation.power.renown
    at assignTrait (C:/Users/chris/Dev/Projects/TheFantasyWorldSimulator/src/engine/traits.ts:44:25)
    at syncReputationTrait (C:/Users/chris/Dev/Projects/TheFantasyWorldSimulator/src/engine/phaseReputationTraits.ts:297:5)
    at phaseReputationTraits (C:/Users/chris/Dev/Projects/TheFantasyWorldSimulator/src/engine/phaseReputationTraits.ts:273:7)
    at runTick (C:/Users/chris/Dev/Projects/TheFantasyWorldSimulator/src/engine/orchestrator.ts:1896:18)
    at C:/Users/chris/Dev/Projects/TheFantasyWorldSimulator/src/engine/__tests__/traceBuffer-integration.test.ts:219:15
    at file:///C:/Users/chris/Dev/Projects/TheFantasyWorldSimulator/node_modules/@vitest/runner/dist/index.js:145:11
    at file:///C:/Users/chris/Dev/Projects/TheFantasyWorldSimulator/node_modules/@vitest/runner/dist/index.js:915:26
    at file:///C:/Users/chris/Dev/Projects/TheFantasyWorldSimulator/node_modules/@vitest/runner/dist/index.js:1243:20
    at new Promise (<anonymous>)
    at runWithTimeout (file:///C:/Users/chris/Dev/Projects/TheFantasyWorldSimulator/node_modules/@vitest/runner/dist/index.js:1209:10)
[Orchestrator] Tick crashed, returning previous state: Error: Trait not found: trait.reputation.power.renown
    at assignTrait (C:/Users/chris/Dev/Projects/TheFantasyWorldSimulator/src/engine/traits.ts:44:25)
    at syncReputationTrait (C:/Users/chris/Dev/Projects/TheFantasyWorldSimulator/src/engine/phaseReputationTraits.ts:297:5)
    at phaseReputationTraits (C:/Users/chris/Dev/Projects/TheFantasyWorldSimulator/src/engine/phaseReputationTraits.ts:273:7)
    at runTick (C:/Users/chris/Dev/Projects/TheFantasyWorldSimulator/src/engine/orchestrator.ts:1896:18)
    at C:/Users/chris/Dev/Projects/TheFantasyWorldSimulator/src/engine/__tests__/traceBuffer-integration.test.ts:219:15
    at file:///C:/Users/chris/Dev/Projects/TheFantasyWorldSimulator/node_modules/@vitest/runner/dist/index.js:145:11
    at file:///C:/Users/chris/Dev/Projects/TheFantasyWorldSimulator/node_modules/@vitest/runner/dist/index.js:915:26
    at file:///C:/Users/chris/Dev/Projects/TheFantasyWorldSimulator/node_modules/@vitest/runner/dist/index.js:1243:20
    at new Promise (<anonymous>)
    at runWithTimeout (file:///C:/Users/chris/Dev/Projects/TheFantasyWorldSimulator/node_modules/@vitest/runner/dist/index.js:1209:10)
[Orchestrator] Tick crashed, returning previous state: Error: Trait not found: trait.reputation.power.renown
    at assignTrait (C:/Users/chris/Dev/Projects/TheFantasyWorldSimulator/src/engine/traits.ts:44:25)
    at syncReputationTrait (C:/Users/chris/Dev/Projects/TheFantasyWorldSimulator/src/engine/phaseReputationTraits.ts:297:5)
    at phaseReputationTraits (C:/Users/chris/Dev/Projects/TheFantasyWorldSimulator/src/engine/phaseReputationTraits.ts:273:7)
    at runTick (C:/Users/chris/Dev/Projects/TheFantasyWorldSimulator/src/engine/orchestrator.ts:1896:18)
    at C:/Users/chris/Dev/Projects/TheFantasyWorldSimulator/src/engine/__tests__/traceBuffer-integration.test.ts:219:15
    at file:///C:/Users/chris/Dev/Projects/TheFantasyWorldSimulator/node_modules/@vitest/runner/dist/index.js:145:11
    at file:///C:/Users/chris/Dev/Projects/TheFantasyWorldSimulator/node_modules/@vitest/runner/dist/index.js:915:26
    at file:///C:/Users/chris/Dev/Projects/TheFantasyWorldSimulator/node_modules/@vitest/runner/dist/index.js:1243:20
    at new Promise (<anonymous>)
    at runWithTimeout (file:///C:/Users/chris/Dev/Projects/TheFantasyWorldSimulator/node_modules/@vitest/runner/dist/index.js:1209:10)
[Orchestrator] Tick crashed, returning previous state: Error: Trait not found: trait.reputation.power.renown
    at assignTrait (C:/Users/chris/Dev/Projects/TheFantasyWorldSimulator/src/engine/traits.ts:44:25)
    at syncReputationTrait (C:/Users/chris/Dev/Projects/TheFantasyWorldSimulator/src/engine/phaseReputationTraits.ts:297:5)
    at phaseReputationTraits (C:/Users/chris/Dev/Projects/TheFantasyWorldSimulator/src/engine/phaseReputationTraits.ts:273:7)
    at runTick (C:/Users/chris/Dev/Projects/TheFantasyWorldSimulator/src/engine/orchestrator.ts:1896:18)
    at C:/Users/chris/Dev/Projects/TheFantasyWorldSimulator/src/engine/__tests__/traceBuffer-integration.test.ts:219:15
    at file:///C:/Users/chris/Dev/Projects/TheFantasyWorldSimulator/node_modules/@vitest/runner/dist/index.js:145:11
    at file:///C:/Users/chris/Dev/Projects/TheFantasyWorldSimulator/node_modules/@vitest/runner/dist/index.js:915:26
    at file:///C:/Users/chris/Dev/Projects/TheFantasyWorldSimulator/node_modules/@vitest/runner/dist/index.js:1243:20
    at new Promise (<anonymous>)
    at runWithTimeout (file:///C:/Users/chris/Dev/Projects/TheFantasyWorldSimulator/node_modules/@vitest/runner/dist/index.js:1209:10)
[Orchestrator] Tick crashed, returning previous state: Error: Trait not found: trait.reputation.power.renown
    at assignTrait (C:/Users/chris/Dev/Projects/TheFantasyWorldSimulator/src/engine/traits.ts:44:25)
    at syncReputationTrait (C:/Users/chris/Dev/Projects/TheFantasyWorldSimulator/src/engine/phaseReputationTraits.ts:297:5)
    at phaseReputationTraits (C:/Users/chris/Dev/Projects/TheFantasyWorldSimulator/src/engine/phaseReputationTraits.ts:273:7)
    at runTick (C:/Users/chris/Dev/Projects/TheFantasyWorldSimulator/src/engine/orchestrator.ts:1896:18)
    at C:/Users/chris/Dev/Projects/TheFantasyWorldSimulator/src/engine/__tests__/traceBuffer-integration.test.ts:219:15
    at file:///C:/Users/chris/Dev/Projects/TheFantasyWorldSimulator/node_modules/@vitest/runner/dist/index.js:145:11
    at file:///C:/Users/chris/Dev/Projects/TheFantasyWorldSimulator/node_modules/@vitest/runner/dist/index.js:915:26
    at file:///C:/Users/chris/Dev/Projects/TheFantasyWorldSimulator/node_modules/@vitest/runner/dist/index.js:1243:20
    at new Promise (<anonymous>)
    at runWithTimeout (file:///C:/Users/chris/Dev/Projects/TheFantasyWorldSimulator/node_modules/@vitest/runner/dist/index.js:1209:10)
[Orchestrator] Tick crashed, returning previous state: Error: Trait not found: trait.reputation.power.renown
    at assignTrait (C:/Users/chris/Dev/Projects/TheFantasyWorldSimulator/src/engine/traits.ts:44:25)
    at syncReputationTrait (C:/Users/chris/Dev/Projects/TheFantasyWorldSimulator/src/engine/phaseReputationTraits.ts:297:5)
    at phaseReputationTraits (C:/Users/chris/Dev/Projects/TheFantasyWorldSimulator/src/engine/phaseReputationTraits.ts:273:7)
    at runTick (C:/Users/chris/Dev/Projects/TheFantasyWorldSimulator/src/engine/orchestrator.ts:1896:18)
    at C:/Users/chris/Dev/Projects/TheFantasyWorldSimulator/src/engine/__tests__/traceBuffer-integration.test.ts:219:15
    at file:///C:/Users/chris/Dev/Projects/TheFantasyWorldSimulator/node_modules/@vitest/runner/dist/index.js:145:11
    at file:///C:/Users/chris/Dev/Projects/TheFantasyWorldSimulator/node_modules/@vitest/runner/dist/index.js:915:26
    at file:///C:/Users/chris/Dev/Projects/TheFantasyWorldSimulator/node_modules/@vitest/runner/dist/index.js:1243:20
    at new Promise (<anonymous>)
    at runWithTimeout (file:///C:/Users/chris/Dev/Projects/TheFantasyWorldSimulator/node_modules/@vitest/runner/dist/index.js:1209:10)
[Orchestrator] Tick crashed, returning previous state: Error: Trait not found: trait.reputation.power.renown
    at assignTrait (C:/Users/chris/Dev/Projects/TheFantasyWorldSimulator/src/engine/traits.ts:44:25)
    at syncReputationTrait (C:/Users/chris/Dev/Projects/TheFantasyWorldSimulator/src/engine/phaseReputationTraits.ts:297:5)
    at phaseReputationTraits (C:/Users/chris/Dev/Projects/TheFantasyWorldSimulator/src/engine/phaseReputationTraits.ts:273:7)
    at runTick (C:/Users/chris/Dev/Projects/TheFantasyWorldSimulator/src/engine/orchestrator.ts:1896:18)
    at C:/Users/chris/Dev/Projects/TheFantasyWorldSimulator/src/engine/__tests__/traceBuffer-integration.test.ts:219:15
    at file:///C:/Users/chris/Dev/Projects/TheFantasyWorldSimulator/node_modules/@vitest/runner/dist/index.js:145:11
    at file:///C:/Users/chris/Dev/Projects/TheFantasyWorldSimulator/node_modules/@vitest/runner/dist/index.js:915:26
    at file:///C:/Users/chris/Dev/Projects/TheFantasyWorldSimulator/node_modules/@vitest/runner/dist/index.js:1243:20
    at new Promise (<anonymous>)
    at runWithTimeout (file:///C:/Users/chris/Dev/Projects/TheFantasyWorldSimulator/node_modules/@vitest/runner/dist/index.js:1209:10)
[Orchestrator] Tick crashed, returning previous state: Error: Trait not found: trait.reputation.power.renown
    at assignTrait (C:/Users/chris/Dev/Projects/TheFantasyWorldSimulator/src/engine/traits.ts:44:25)
    at syncReputationTrait (C:/Users/chris/Dev/Projects/TheFantasyWorldSimulator/src/engine/phaseReputationTraits.ts:297:5)
    at phaseReputationTraits (C:/Users/chris/Dev/Projects/TheFantasyWorldSimulator/src/engine/phaseReputationTraits.ts:273:7)
    at runTick (C:/Users/chris/Dev/Projects/TheFantasyWorldSimulator/src/engine/orchestrator.ts:1896:18)
    at C:/Users/chris/Dev/Projects/TheFantasyWorldSimulator/src/engine/__tests__/traceBuffer-integration.test.ts:219:15
    at file:///C:/Users/chris/Dev/Projects/TheFantasyWorldSimulator/node_modules/@vitest/runner/dist/index.js:145:11
    at file:///C:/Users/chris/Dev/Projects/TheFantasyWorldSimulator/node_modules/@vitest/runner/dist/index.js:915:26
    at file:///C:/Users/chris/Dev/Projects/TheFantasyWorldSimulator/node_modules/@vitest/runner/dist/index.js:1243:20
    at new Promise (<anonymous>)
    at runWithTimeout (file:///C:/Users/chris/Dev/Projects/TheFantasyWorldSimulator/node_modules/@vitest/runner/dist/index.js:1209:10)
[Orchestrator] Tick crashed, returning previous state: Error: Trait not found: trait.reputation.power.renown
    at assignTrait (C:/Users/chris/Dev/Projects/TheFantasyWorldSimulator/src/engine/traits.ts:44:25)
    at syncReputationTrait (C:/Users/chris/Dev/Projects/TheFantasyWorldSimulator/src/engine/phaseReputationTraits.ts:297:5)
    at phaseReputationTraits (C:/Users/chris/Dev/Projects/TheFantasyWorldSimulator/src/engine/phaseReputationTraits.ts:273:7)
    at runTick (C:/Users/chris/Dev/Projects/TheFantasyWorldSimulator/src/engine/orchestrator.ts:1896:18)
    at C:/Users/chris/Dev/Projects/TheFantasyWorldSimulator/src/engine/__tests__/traceBuffer-integration.test.ts:219:15
    at file:///C:/Users/chris/Dev/Projects/TheFantasyWorldSimulator/node_modules/@vitest/runner/dist/index.js:145:11
    at file:///C:/Users/chris/Dev/Projects/TheFantasyWorldSimulator/node_modules/@vitest/runner/dist/index.js:915:26
    at file:///C:/Users/chris/Dev/Projects/TheFantasyWorldSimulator/node_modules/@vitest/runner/dist/index.js:1243:20
    at new Promise (<anonymous>)
    at runWithTimeout (file:///C:/Users/chris/Dev/Projects/TheFantasyWorldSimulator/node_modules/@vitest/runner/dist/index.js:1209:10)
[Orchestrator] Tick crashed, returning previous state: Error: Trait not found: trait.reputation.power.renown
    at assignTrait (C:/Users/chris/Dev/Projects/TheFantasyWorldSimulator/src/engine/traits.ts:44:25)
    at syncReputationTrait (C:/Users/chris/Dev/Projects/TheFantasyWorldSimulator/src/engine/phaseReputationTraits.ts:297:5)
    at phaseReputationTraits (C:/Users/chris/Dev/Projects/TheFantasyWorldSimulator/src/engine/phaseReputationTraits.ts:273:7)
    at runTick (C:/Users/chris/Dev/Projects/TheFantasyWorldSimulator/src/engine/orchestrator.ts:1896:18)
    at C:/Users/chris/Dev/Projects/TheFantasyWorldSimulator/src/engine/__tests__/traceBuffer-integration.test.ts:219:15
    at file:///C:/Users/chris/Dev/Projects/TheFantasyWorldSimulator/node_modules/@vitest/runner/dist/index.js:145:11
    at file:///C:/Users/chris/Dev/Projects/TheFantasyWorldSimulator/node_modules/@vitest/runner/dist/index.js:915:26
    at file:///C:/Users/chris/Dev/Projects/TheFantasyWorldSimulator/node_modules/@vitest/runner/dist/index.js:1243:20
    at new Promise (<anonymous>)
    at runWithTimeout (file:///C:/Users/chris/Dev/Projects/TheFantasyWorldSimulator/node_modules/@vitest/runner/dist/index.js:1209:10)
[Orchestrator] Tick crashed, returning previous state: Error: Trait not found: trait.reputation.power.renown
    at assignTrait (C:/Users/chris/Dev/Projects/TheFantasyWorldSimulator/src/engine/traits.ts:44:25)
    at syncReputationTrait (C:/Users/chris/Dev/Projects/TheFantasyWorldSimulator/src/engine/phaseReputationTraits.ts:297:5)
    at phaseReputationTraits (C:/Users/chris/Dev/Projects/TheFantasyWorldSimulator/src/engine/phaseReputationTraits.ts:273:7)
    at runTick (C:/Users/chris/Dev/Projects/TheFantasyWorldSimulator/src/engine/orchestrator.ts:1896:18)
    at C:/Users/chris/Dev/Projects/TheFantasyWorldSimulator/src/engine/__tests__/traceBuffer-integration.test.ts:219:15
    at file:///C:/Users/chris/Dev/Projects/TheFantasyWorldSimulator/node_modules/@vitest/runner/dist/index.js:145:11
    at file:///C:/Users/chris/Dev/Projects/TheFantasyWorldSimulator/node_modules/@vitest/runner/dist/index.js:915:26
    at file:///C:/Users/chris/Dev/Projects/TheFantasyWorldSimulator/node_modules/@vitest/runner/dist/index.js:1243:20
    at new Promise (<anonymous>)
    at runWithTimeout (file:///C:/Users/chris/Dev/Projects/TheFantasyWorldSimulator/node_modules/@vitest/runner/dist/index.js:1209:10)
[Orchestrator] Tick crashed, returning previous state: Error: Trait not found: trait.reputation.power.renown
    at assignTrait (C:/Users/chris/Dev/Projects/TheFantasyWorldSimulator/src/engine/traits.ts:44:25)
    at syncReputationTrait (C:/Users/chris/Dev/Projects/TheFantasyWorldSimulator/src/engine/phaseReputationTraits.ts:297:5)
    at phaseReputationTraits (C:/Users/chris/Dev/Projects/TheFantasyWorldSimulator/src/engine/phaseReputationTraits.ts:273:7)
    at runTick (C:/Users/chris/Dev/Projects/TheFantasyWorldSimulator/src/engine/orchestrator.ts:1896:18)
    at C:/Users/chris/Dev/Projects/TheFantasyWorldSimulator/src/engine/__tests__/traceBuffer-integration.test.ts:219:15
    at file:///C:/Users/chris/Dev/Projects/TheFantasyWorldSimulator/node_modules/@vitest/runner/dist/index.js:145:11
    at file:///C:/Users/chris/Dev/Projects/TheFantasyWorldSimulator/node_modules/@vitest/runner/dist/index.js:915:26
    at file:///C:/Users/chris/Dev/Projects/TheFantasyWorldSimulator/node_modules/@vitest/runner/dist/index.js:1243:20
    at new Promise (<anonymous>)
    at runWithTimeout (file:///C:/Users/chris/Dev/Projects/TheFantasyWorldSimulator/node_modules/@vitest/runner/dist/index.js:1209:10)
[Orchestrator] Tick crashed, returning previous state: Error: Trait not found: trait.reputation.power.renown
    at assignTrait (C:/Users/chris/Dev/Projects/TheFantasyWorldSimulator/src/engine/traits.ts:44:25)
    at syncReputationTrait (C:/Users/chris/Dev/Projects/TheFantasyWorldSimulator/src/engine/phaseReputationTraits.ts:297:5)
    at phaseReputationTraits (C:/Users/chris/Dev/Projects/TheFantasyWorldSimulator/src/engine/phaseReputationTraits.ts:273:7)
    at runTick (C:/Users/chris/Dev/Projects/TheFantasyWorldSimulator/src/engine/orchestrator.ts:1896:18)
    at C:/Users/chris/Dev/Projects/TheFantasyWorldSimulator/src/engine/__tests__/traceBuffer-integration.test.ts:219:15
    at file:///C:/Users/chris/Dev/Projects/TheFantasyWorldSimulator/node_modules/@vitest/runner/dist/index.js:145:11
    at file:///C:/Users/chris/Dev/Projects/TheFantasyWorldSimulator/node_modules/@vitest/runner/dist/index.js:915:26
    at file:///C:/Users/chris/Dev/Projects/TheFantasyWorldSimulator/node_modules/@vitest/runner/dist/index.js:1243:20
    at new Promise (<anonymous>)
    at runWithTimeout (file:///C:/Users/chris/Dev/Projects/TheFantasyWorldSimulator/node_modules/@vitest/runner/dist/index.js:1209:10)
[Orchestrator] Tick crashed, returning previous state: Error: Trait not found: trait.reputation.power.renown
    at assignTrait (C:/Users/chris/Dev/Projects/TheFantasyWorldSimulator/src/engine/traits.ts:44:25)
    at syncReputationTrait (C:/Users/chris/Dev/Projects/TheFantasyWorldSimulator/src/engine/phaseReputationTraits.ts:297:5)
    at phaseReputationTraits (C:/Users/chris/Dev/Projects/TheFantasyWorldSimulator/src/engine/phaseReputationTraits.ts:273:7)
    at runTick (C:/Users/chris/Dev/Projects/TheFantasyWorldSimulator/src/engine/orchestrator.ts:1896:18)
    at C:/Users/chris/Dev/Projects/TheFantasyWorldSimulator/src/engine/__tests__/traceBuffer-integration.test.ts:219:15
    at file:///C:/Users/chris/Dev/Projects/TheFantasyWorldSimulator/node_modules/@vitest/runner/dist/index.js:145:11
    at file:///C:/Users/chris/Dev/Projects/TheFantasyWorldSimulator/node_modules/@vitest/runner/dist/index.js:915:26
    at file:///C:/Users/chris/Dev/Projects/TheFantasyWorldSimulator/node_modules/@vitest/runner/dist/index.js:1243:20
    at new Promise (<anonymous>)
    at runWithTimeout (file:///C:/Users/chris/Dev/Projects/TheFantasyWorldSimulator/node_modules/@vitest/runner/dist/index.js:1209:10)
[Orchestrator] Tick crashed, returning previous state: Error: Trait not found: trait.reputation.power.renown
    at assignTrait (C:/Users/chris/Dev/Projects/TheFantasyWorldSimulator/src/engine/traits.ts:44:25)
    at syncReputationTrait (C:/Users/chris/Dev/Projects/TheFantasyWorldSimulator/src/engine/phaseReputationTraits.ts:297:5)
    at phaseReputationTraits (C:/Users/chris/Dev/Projects/TheFantasyWorldSimulator/src/engine/phaseReputationTraits.ts:273:7)
    at runTick (C:/Users/chris/Dev/Projects/TheFantasyWorldSimulator/src/engine/orchestrator.ts:1896:18)
    at C:/Users/chris/Dev/Projects/TheFantasyWorldSimulator/src/engine/__tests__/traceBuffer-integration.test.ts:219:15
    at file:///C:/Users/chris/Dev/Projects/TheFantasyWorldSimulator/node_modules/@vitest/runner/dist/index.js:145:11
    at file:///C:/Users/chris/Dev/Projects/TheFantasyWorldSimulator/node_modules/@vitest/runner/dist/index.js:915:26
    at file:///C:/Users/chris/Dev/Projects/TheFantasyWorldSimulator/node_modules/@vitest/runner/dist/index.js:1243:20
    at new Promise (<anonymous>)
    at runWithTimeout (file:///C:/Users/chris/Dev/Projects/TheFantasyWorldSimulator/node_modules/@vitest/runner/dist/index.js:1209:10)
[Orchestrator] Tick crashed, returning previous state: Error: Trait not found: trait.reputation.power.renown
    at assignTrait (C:/Users/chris/Dev/Projects/TheFantasyWorldSimulator/src/engine/traits.ts:44:25)
    at syncReputationTrait (C:/Users/chris/Dev/Projects/TheFantasyWorldSimulator/src/engine/phaseReputationTraits.ts:297:5)
    at phaseReputationTraits (C:/Users/chris/Dev/Projects/TheFantasyWorldSimulator/src/engine/phaseReputationTraits.ts:273:7)
    at runTick (C:/Users/chris/Dev/Projects/TheFantasyWorldSimulator/src/engine/orchestrator.ts:1896:18)
    at C:/Users/chris/Dev/Projects/TheFantasyWorldSimulator/src/engine/__tests__/traceBuffer-integration.test.ts:219:15
    at file:///C:/Users/chris/Dev/Projects/TheFantasyWorldSimulator/node_modules/@vitest/runner/dist/index.js:145:11
    at file:///C:/Users/chris/Dev/Projects/TheFantasyWorldSimulator/node_modules/@vitest/runner/dist/index.js:915:26
    at file:///C:/Users/chris/Dev/Projects/TheFantasyWorldSimulator/node_modules/@vitest/runner/dist/index.js:1243:20
    at new Promise (<anonymous>)
    at runWithTimeout (file:///C:/Users/chris/Dev/Projects/TheFantasyWorldSimulator/node_modules/@vitest/runner/dist/index.js:1209:10)
[Orchestrator] Tick crashed, returning previous state: Error: Trait not found: trait.reputation.power.renown
    at assignTrait (C:/Users/chris/Dev/Projects/TheFantasyWorldSimulator/src/engine/traits.ts:44:25)
    at syncReputationTrait (C:/Users/chris/Dev/Projects/TheFantasyWorldSimulator/src/engine/phaseReputationTraits.ts:297:5)
    at phaseReputationTraits (C:/Users/chris/Dev/Projects/TheFantasyWorldSimulator/src/engine/phaseReputationTraits.ts:273:7)
    at runTick (C:/Users/chris/Dev/Projects/TheFantasyWorldSimulator/src/engine/orchestrator.ts:1896:18)
    at C:/Users/chris/Dev/Projects/TheFantasyWorldSimulator/src/engine/__tests__/traceBuffer-integration.test.ts:219:15
    at file:///C:/Users/chris/Dev/Projects/TheFantasyWorldSimulator/node_modules/@vitest/runner/dist/index.js:145:11
    at file:///C:/Users/chris/Dev/Projects/TheFantasyWorldSimulator/node_modules/@vitest/runner/dist/index.js:915:26
    at file:///C:/Users/chris/Dev/Projects/TheFantasyWorldSimulator/node_modules/@vitest/runner/dist/index.js:1243:20
    at new Promise (<anonymous>)
    at runWithTimeout (file:///C:/Users/chris/Dev/Projects/TheFantasyWorldSimulator/node_modules/@vitest/runner/dist/index.js:1209:10)
[Orchestrator] Tick crashed, returning previous state: Error: Trait not found: trait.reputation.power.renown
    at assignTrait (C:/Users/chris/Dev/Projects/TheFantasyWorldSimulator/src/engine/traits.ts:44:25)
    at syncReputationTrait (C:/Users/chris/Dev/Projects/TheFantasyWorldSimulator/src/engine/phaseReputationTraits.ts:297:5)
    at phaseReputationTraits (C:/Users/chris/Dev/Projects/TheFantasyWorldSimulator/src/engine/phaseReputationTraits.ts:273:7)
    at runTick (C:/Users/chris/Dev/Projects/TheFantasyWorldSimulator/src/engine/orchestrator.ts:1896:18)
    at C:/Users/chris/Dev/Projects/TheFantasyWorldSimulator/src/engine/__tests__/traceBuffer-integration.test.ts:219:15
    at file:///C:/Users/chris/Dev/Projects/TheFantasyWorldSimulator/node_modules/@vitest/runner/dist/index.js:145:11
    at file:///C:/Users/chris/Dev/Projects/TheFantasyWorldSimulator/node_modules/@vitest/runner/dist/index.js:915:26
    at file:///C:/Users/chris/Dev/Projects/TheFantasyWorldSimulator/node_modules/@vitest/runner/dist/index.js:1243:20
    at new Promise (<anonymous>)
    at runWithTimeout (file:///C:/Users/chris/Dev/Projects/TheFantasyWorldSimulator/node_modules/@vitest/runner/dist/index.js:1209:10)
[Orchestrator] Tick crashed, returning previous state: Error: Trait not found: trait.reputation.power.renown
    at assignTrait (C:/Users/chris/Dev/Projects/TheFantasyWorldSimulator/src/engine/traits.ts:44:25)
    at syncReputationTrait (C:/Users/chris/Dev/Projects/TheFantasyWorldSimulator/src/engine/phaseReputationTraits.ts:297:5)
    at phaseReputationTraits (C:/Users/chris/Dev/Projects/TheFantasyWorldSimulator/src/engine/phaseReputationTraits.ts:273:7)
    at runTick (C:/Users/chris/Dev/Projects/TheFantasyWorldSimulator/src/engine/orchestrator.ts:1896:18)
    at C:/Users/chris/Dev/Projects/TheFantasyWorldSimulator/src/engine/__tests__/traceBuffer-integration.test.ts:219:15
    at file:///C:/Users/chris/Dev/Projects/TheFantasyWorldSimulator/node_modules/@vitest/runner/dist/index.js:145:11
    at file:///C:/Users/chris/Dev/Projects/TheFantasyWorldSimulator/node_modules/@vitest/runner/dist/index.js:915:26
    at file:///C:/Users/chris/Dev/Projects/TheFantasyWorldSimulator/node_modules/@vitest/runner/dist/index.js:1243:20
    at new Promise (<anonymous>)
    at runWithTimeout (file:///C:/Users/chris/Dev/Projects/TheFantasyWorldSimulator/node_modules/@vitest/runner/dist/index.js:1209:10)
[Orchestrator] Tick crashed, returning previous state: Error: Trait not found: trait.reputation.power.renown
    at assignTrait (C:/Users/chris/Dev/Projects/TheFantasyWorldSimulator/src/engine/traits.ts:44:25)
    at syncReputationTrait (C:/Users/chris/Dev/Projects/TheFantasyWorldSimulator/src/engine/phaseReputationTraits.ts:297:5)
    at phaseReputationTraits (C:/Users/chris/Dev/Projects/TheFantasyWorldSimulator/src/engine/phaseReputationTraits.ts:273:7)
    at runTick (C:/Users/chris/Dev/Projects/TheFantasyWorldSimulator/src/engine/orchestrator.ts:1896:18)
    at C:/Users/chris/Dev/Projects/TheFantasyWorldSimulator/src/engine/__tests__/traceBuffer-integration.test.ts:219:15
    at file:///C:/Users/chris/Dev/Projects/TheFantasyWorldSimulator/node_modules/@vitest/runner/dist/index.js:145:11
    at file:///C:/Users/chris/Dev/Projects/TheFantasyWorldSimulator/node_modules/@vitest/runner/dist/index.js:915:26
    at file:///C:/Users/chris/Dev/Projects/TheFantasyWorldSimulator/node_modules/@vitest/runner/dist/index.js:1243:20
    at new Promise (<anonymous>)
    at runWithTimeout (file:///C:/Users/chris/Dev/Projects/TheFantasyWorldSimulator/node_modules/@vitest/runner/dist/index.js:1209:10)
[Orchestrator] Tick crashed, returning previous state: Error: Trait not found: trait.reputation.power.renown
    at assignTrait (C:/Users/chris/Dev/Projects/TheFantasyWorldSimulator/src/engine/traits.ts:44:25)
    at syncReputationTrait (C:/Users/chris/Dev/Projects/TheFantasyWorldSimulator/src/engine/phaseReputationTraits.ts:297:5)
    at phaseReputationTraits (C:/Users/chris/Dev/Projects/TheFantasyWorldSimulator/src/engine/phaseReputationTraits.ts:273:7)
    at runTick (C:/Users/chris/Dev/Projects/TheFantasyWorldSimulator/src/engine/orchestrator.ts:1896:18)
    at C:/Users/chris/Dev/Projects/TheFantasyWorldSimulator/src/engine/__tests__/traceBuffer-integration.test.ts:219:15
    at file:///C:/Users/chris/Dev/Projects/TheFantasyWorldSimulator/node_modules/@vitest/runner/dist/index.js:145:11
    at file:///C:/Users/chris/Dev/Projects/TheFantasyWorldSimulator/node_modules/@vitest/runner/dist/index.js:915:26
    at file:///C:/Users/chris/Dev/Projects/TheFantasyWorldSimulator/node_modules/@vitest/runner/dist/index.js:1243:20
    at new Promise (<anonymous>)
    at runWithTimeout (file:///C:/Users/chris/Dev/Projects/TheFantasyWorldSimulator/node_modules/@vitest/runner/dist/index.js:1209:10)
[Orchestrator] Tick crashed, returning previous state: Error: Trait not found: trait.reputation.power.renown
    at assignTrait (C:/Users/chris/Dev/Projects/TheFantasyWorldSimulator/src/engine/traits.ts:44:25)
    at syncReputationTrait (C:/Users/chris/Dev/Projects/TheFantasyWorldSimulator/src/engine/phaseReputationTraits.ts:297:5)
    at phaseReputationTraits (C:/Users/chris/Dev/Projects/TheFantasyWorldSimulator/src/engine/phaseReputationTraits.ts:273:7)
    at runTick (C:/Users/chris/Dev/Projects/TheFantasyWorldSimulator/src/engine/orchestrator.ts:1896:18)
    at C:/Users/chris/Dev/Projects/TheFantasyWorldSimulator/src/engine/__tests__/traceBuffer-integration.test.ts:219:15
    at file:///C:/Users/chris/Dev/Projects/TheFantasyWorldSimulator/node_modules/@vitest/runner/dist/index.js:145:11
    at file:///C:/Users/chris/Dev/Projects/TheFantasyWorldSimulator/node_modules/@vitest/runner/dist/index.js:915:26
    at file:///C:/Users/chris/Dev/Projects/TheFantasyWorldSimulator/node_modules/@vitest/runner/dist/index.js:1243:20
    at new Promise (<anonymous>)
    at runWithTimeout (file:///C:/Users/chris/Dev/Projects/TheFantasyWorldSimulator/node_modules/@vitest/runner/dist/index.js:1209:10)
[Orchestrator] Tick crashed, returning previous state: Error: Trait not found: trait.reputation.power.renown
    at assignTrait (C:/Users/chris/Dev/Projects/TheFantasyWorldSimulator/src/engine/traits.ts:44:25)
    at syncReputationTrait (C:/Users/chris/Dev/Projects/TheFantasyWorldSimulator/src/engine/phaseReputationTraits.ts:297:5)
    at phaseReputationTraits (C:/Users/chris/Dev/Projects/TheFantasyWorldSimulator/src/engine/phaseReputationTraits.ts:273:7)
    at runTick (C:/Users/chris/Dev/Projects/TheFantasyWorldSimulator/src/engine/orchestrator.ts:1896:18)
    at C:/Users/chris/Dev/Projects/TheFantasyWorldSimulator/src/engine/__tests__/traceBuffer-integration.test.ts:219:15
    at file:///C:/Users/chris/Dev/Projects/TheFantasyWorldSimulator/node_modules/@vitest/runner/dist/index.js:145:11
    at file:///C:/Users/chris/Dev/Projects/TheFantasyWorldSimulator/node_modules/@vitest/runner/dist/index.js:915:26
    at file:///C:/Users/chris/Dev/Projects/TheFantasyWorldSimulator/node_modules/@vitest/runner/dist/index.js:1243:20
    at new Promise (<anonymous>)
    at runWithTimeout (file:///C:/Users/chris/Dev/Projects/TheFantasyWorldSimulator/node_modules/@vitest/runner/dist/index.js:1209:10)
[Orchestrator] Tick crashed, returning previous state: Error: Trait not found: trait.reputation.power.renown
    at assignTrait (C:/Users/chris/Dev/Projects/TheFantasyWorldSimulator/src/engine/traits.ts:44:25)
    at syncReputationTrait (C:/Users/chris/Dev/Projects/TheFantasyWorldSimulator/src/engine/phaseReputationTraits.ts:297:5)
    at phaseReputationTraits (C:/Users/chris/Dev/Projects/TheFantasyWorldSimulator/src/engine/phaseReputationTraits.ts:273:7)
    at runTick (C:/Users/chris/Dev/Projects/TheFantasyWorldSimulator/src/engine/orchestrator.ts:1896:18)
    at C:/Users/chris/Dev/Projects/TheFantasyWorldSimulator/src/engine/__tests__/traceBuffer-integration.test.ts:219:15
    at file:///C:/Users/chris/Dev/Projects/TheFantasyWorldSimulator/node_modules/@vitest/runner/dist/index.js:145:11
    at file:///C:/Users/chris/Dev/Projects/TheFantasyWorldSimulator/node_modules/@vitest/runner/dist/index.js:915:26
    at file:///C:/Users/chris/Dev/Projects/TheFantasyWorldSimulator/node_modules/@vitest/runner/dist/index.js:1243:20
    at new Promise (<anonymous>)
    at runWithTimeout (file:///C:/Users/chris/Dev/Projects/TheFantasyWorldSimulator/node_modules/@vitest/runner/dist/index.js:1209:10)
[Orchestrator] Tick crashed, returning previous state: Error: Trait not found: trait.reputation.power.renown
    at assignTrait (C:/Users/chris/Dev/Projects/TheFantasyWorldSimulator/src/engine/traits.ts:44:25)
    at syncReputationTrait (C:/Users/chris/Dev/Projects/TheFantasyWorldSimulator/src/engine/phaseReputationTraits.ts:297:5)
    at phaseReputationTraits (C:/Users/chris/Dev/Projects/TheFantasyWorldSimulator/src/engine/phaseReputationTraits.ts:273:7)
    at runTick (C:/Users/chris/Dev/Projects/TheFantasyWorldSimulator/src/engine/orchestrator.ts:1896:18)
    at C:/Users/chris/Dev/Projects/TheFantasyWorldSimulator/src/engine/__tests__/traceBuffer-integration.test.ts:219:15
    at file:///C:/Users/chris/Dev/Projects/TheFantasyWorldSimulator/node_modules/@vitest/runner/dist/index.js:145:11
    at file:///C:/Users/chris/Dev/Projects/TheFantasyWorldSimulator/node_modules/@vitest/runner/dist/index.js:915:26
    at file:///C:/Users/chris/Dev/Projects/TheFantasyWorldSimulator/node_modules/@vitest/runner/dist/index.js:1243:20
    at new Promise (<anonymous>)
    at runWithTimeout (file:///C:/Users/chris/Dev/Projects/TheFantasyWorldSimulator/node_modules/@vitest/runner/dist/index.js:1209:10)
[Orchestrator] Tick crashed, returning previous state: Error: Trait not found: trait.reputation.power.renown
    at assignTrait (C:/Users/chris/Dev/Projects/TheFantasyWorldSimulator/src/engine/traits.ts:44:25)
    at syncReputationTrait (C:/Users/chris/Dev/Projects/TheFantasyWorldSimulator/src/engine/phaseReputationTraits.ts:297:5)
    at phaseReputationTraits (C:/Users/chris/Dev/Projects/TheFantasyWorldSimulator/src/engine/phaseReputationTraits.ts:273:7)
    at runTick (C:/Users/chris/Dev/Projects/TheFantasyWorldSimulator/src/engine/orchestrator.ts:1896:18)
    at C:/Users/chris/Dev/Projects/TheFantasyWorldSimulator/src/engine/__tests__/traceBuffer-integration.test.ts:219:15
    at file:///C:/Users/chris/Dev/Projects/TheFantasyWorldSimulator/node_modules/@vitest/runner/dist/index.js:145:11
    at file:///C:/Users/chris/Dev/Projects/TheFantasyWorldSimulator/node_modules/@vitest/runner/dist/index.js:915:26
    at file:///C:/Users/chris/Dev/Projects/TheFantasyWorldSimulator/node_modules/@vitest/runner/dist/index.js:1243:20
    at new Promise (<anonymous>)
    at runWithTimeout (file:///C:/Users/chris/Dev/Projects/TheFantasyWorldSimulator/node_modules/@vitest/runner/dist/index.js:1209:10)
[Orchestrator] Tick crashed, returning previous state: Error: Trait not found: trait.reputation.power.renown
    at assignTrait (C:/Users/chris/Dev/Projects/TheFantasyWorldSimulator/src/engine/traits.ts:44:25)
    at syncReputationTrait (C:/Users/chris/Dev/Projects/TheFantasyWorldSimulator/src/engine/phaseReputationTraits.ts:297:5)
    at phaseReputationTraits (C:/Users/chris/Dev/Projects/TheFantasyWorldSimulator/src/engine/phaseReputationTraits.ts:273:7)
    at runTick (C:/Users/chris/Dev/Projects/TheFantasyWorldSimulator/src/engine/orchestrator.ts:1896:18)
    at C:/Users/chris/Dev/Projects/TheFantasyWorldSimulator/src/engine/__tests__/traceBuffer-integration.test.ts:219:15
    at file:///C:/Users/chris/Dev/Projects/TheFantasyWorldSimulator/node_modules/@vitest/runner/dist/index.js:145:11
    at file:///C:/Users/chris/Dev/Projects/TheFantasyWorldSimulator/node_modules/@vitest/runner/dist/index.js:915:26
    at file:///C:/Users/chris/Dev/Projects/TheFantasyWorldSimulator/node_modules/@vitest/runner/dist/index.js:1243:20
    at new Promise (<anonymous>)
    at runWithTimeout (file:///C:/Users/chris/Dev/Projects/TheFantasyWorldSimulator/node_modules/@vitest/runner/dist/index.js:1209:10)
[Orchestrator] Tick crashed, returning previous state: Error: Trait not found: trait.reputation.power.renown
    at assignTrait (C:/Users/chris/Dev/Projects/TheFantasyWorldSimulator/src/engine/traits.ts:44:25)
    at syncReputationTrait (C:/Users/chris/Dev/Projects/TheFantasyWorldSimulator/src/engine/phaseReputationTraits.ts:297:5)
    at phaseReputationTraits (C:/Users/chris/Dev/Projects/TheFantasyWorldSimulator/src/engine/phaseReputationTraits.ts:273:7)
    at runTick (C:/Users/chris/Dev/Projects/TheFantasyWorldSimulator/src/engine/orchestrator.ts:1896:18)
    at C:/Users/chris/Dev/Projects/TheFantasyWorldSimulator/src/engine/__tests__/traceBuffer-integration.test.ts:219:15
    at file:///C:/Users/chris/Dev/Projects/TheFantasyWorldSimulator/node_modules/@vitest/runner/dist/index.js:145:11
    at file:///C:/Users/chris/Dev/Projects/TheFantasyWorldSimulator/node_modules/@vitest/runner/dist/index.js:915:26
    at file:///C:/Users/chris/Dev/Projects/TheFantasyWorldSimulator/node_modules/@vitest/runner/dist/index.js:1243:20
    at new Promise (<anonymous>)
    at runWithTimeout (file:///C:/Users/chris/Dev/Projects/TheFantasyWorldSimulator/node_modules/@vitest/runner/dist/index.js:1209:10)
[Orchestrator] Tick crashed, returning previous state: Error: Trait not found: trait.reputation.power.renown
    at assignTrait (C:/Users/chris/Dev/Projects/TheFantasyWorldSimulator/src/engine/traits.ts:44:25)
    at syncReputationTrait (C:/Users/chris/Dev/Projects/TheFantasyWorldSimulator/src/engine/phaseReputationTraits.ts:297:5)
    at phaseReputationTraits (C:/Users/chris/Dev/Projects/TheFantasyWorldSimulator/src/engine/phaseReputationTraits.ts:273:7)
    at runTick (C:/Users/chris/Dev/Projects/TheFantasyWorldSimulator/src/engine/orchestrator.ts:1896:18)
    at C:/Users/chris/Dev/Projects/TheFantasyWorldSimulator/src/engine/__tests__/traceBuffer-integration.test.ts:219:15
    at file:///C:/Users/chris/Dev/Projects/TheFantasyWorldSimulator/node_modules/@vitest/runner/dist/index.js:145:11
    at file:///C:/Users/chris/Dev/Projects/TheFantasyWorldSimulator/node_modules/@vitest/runner/dist/index.js:915:26
    at file:///C:/Users/chris/Dev/Projects/TheFantasyWorldSimulator/node_modules/@vitest/runner/dist/index.js:1243:20
    at new Promise (<anonymous>)
    at runWithTimeout (file:///C:/Users/chris/Dev/Projects/TheFantasyWorldSimulator/node_modules/@vitest/runner/dist/index.js:1209:10)
[Orchestrator] Tick crashed, returning previous state: Error: Trait not found: trait.reputation.power.renown
    at assignTrait (C:/Users/chris/Dev/Projects/TheFantasyWorldSimulator/src/engine/traits.ts:44:25)
    at syncReputationTrait (C:/Users/chris/Dev/Projects/TheFantasyWorldSimulator/src/engine/phaseReputationTraits.ts:297:5)
    at phaseReputationTraits (C:/Users/chris/Dev/Projects/TheFantasyWorldSimulator/src/engine/phaseReputationTraits.ts:273:7)
    at runTick (C:/Users/chris/Dev/Projects/TheFantasyWorldSimulator/src/engine/orchestrator.ts:1896:18)
    at C:/Users/chris/Dev/Projects/TheFantasyWorldSimulator/src/engine/__tests__/traceBuffer-integration.test.ts:219:15
    at file:///C:/Users/chris/Dev/Projects/TheFantasyWorldSimulator/node_modules/@vitest/runner/dist/index.js:145:11
    at file:///C:/Users/chris/Dev/Projects/TheFantasyWorldSimulator/node_modules/@vitest/runner/dist/index.js:915:26
    at file:///C:/Users/chris/Dev/Projects/TheFantasyWorldSimulator/node_modules/@vitest/runner/dist/index.js:1243:20
    at new Promise (<anonymous>)
    at runWithTimeout (file:///C:/Users/chris/Dev/Projects/TheFantasyWorldSimulator/node_modules/@vitest/runner/dist/index.js:1209:10)
[Orchestrator] Tick crashed, returning previous state: Error: Trait not found: trait.reputation.power.renown
    at assignTrait (C:/Users/chris/Dev/Projects/TheFantasyWorldSimulator/src/engine/traits.ts:44:25)
    at syncReputationTrait (C:/Users/chris/Dev/Projects/TheFantasyWorldSimulator/src/engine/phaseReputationTraits.ts:297:5)
    at phaseReputationTraits (C:/Users/chris/Dev/Projects/TheFantasyWorldSimulator/src/engine/phaseReputationTraits.ts:273:7)
    at runTick (C:/Users/chris/Dev/Projects/TheFantasyWorldSimulator/src/engine/orchestrator.ts:1896:18)
    at C:/Users/chris/Dev/Projects/TheFantasyWorldSimulator/src/engine/__tests__/traceBuffer-integration.test.ts:219:15
    at file:///C:/Users/chris/Dev/Projects/TheFantasyWorldSimulator/node_modules/@vitest/runner/dist/index.js:145:11
    at file:///C:/Users/chris/Dev/Projects/TheFantasyWorldSimulator/node_modules/@vitest/runner/dist/index.js:915:26
    at file:///C:/Users/chris/Dev/Projects/TheFantasyWorldSimulator/node_modules/@vitest/runner/dist/index.js:1243:20
    at new Promise (<anonymous>)
    at runWithTimeout (file:///C:/Users/chris/Dev/Projects/TheFantasyWorldSimulator/node_modules/@vitest/runner/dist/index.js:1209:10)
[Orchestrator] Tick crashed, returning previous state: Error: Trait not found: trait.reputation.power.renown
    at assignTrait (C:/Users/chris/Dev/Projects/TheFantasyWorldSimulator/src/engine/traits.ts:44:25)
    at syncReputationTrait (C:/Users/chris/Dev/Projects/TheFantasyWorldSimulator/src/engine/phaseReputationTraits.ts:297:5)
    at phaseReputationTraits (C:/Users/chris/Dev/Projects/TheFantasyWorldSimulator/src/engine/phaseReputationTraits.ts:273:7)
    at runTick (C:/Users/chris/Dev/Projects/TheFantasyWorldSimulator/src/engine/orchestrator.ts:1896:18)
    at C:/Users/chris/Dev/Projects/TheFantasyWorldSimulator/src/engine/__tests__/traceBuffer-integration.test.ts:219:15
    at file:///C:/Users/chris/Dev/Projects/TheFantasyWorldSimulator/node_modules/@vitest/runner/dist/index.js:145:11
    at file:///C:/Users/chris/Dev/Projects/TheFantasyWorldSimulator/node_modules/@vitest/runner/dist/index.js:915:26
    at file:///C:/Users/chris/Dev/Projects/TheFantasyWorldSimulator/node_modules/@vitest/runner/dist/index.js:1243:20
    at new Promise (<anonymous>)
    at runWithTimeout (file:///C:/Users/chris/Dev/Projects/TheFantasyWorldSimulator/node_modules/@vitest/runner/dist/index.js:1209:10)
[Orchestrator] Tick crashed, returning previous state: Error: Trait not found: trait.reputation.power.renown
    at assignTrait (C:/Users/chris/Dev/Projects/TheFantasyWorldSimulator/src/engine/traits.ts:44:25)
    at syncReputationTrait (C:/Users/chris/Dev/Projects/TheFantasyWorldSimulator/src/engine/phaseReputationTraits.ts:297:5)
    at phaseReputationTraits (C:/Users/chris/Dev/Projects/TheFantasyWorldSimulator/src/engine/phaseReputationTraits.ts:273:7)
    at runTick (C:/Users/chris/Dev/Projects/TheFantasyWorldSimulator/src/engine/orchestrator.ts:1896:18)
    at C:/Users/chris/Dev/Projects/TheFantasyWorldSimulator/src/engine/__tests__/traceBuffer-integration.test.ts:219:15
    at file:///C:/Users/chris/Dev/Projects/TheFantasyWorldSimulator/node_modules/@vitest/runner/dist/index.js:145:11
    at file:///C:/Users/chris/Dev/Projects/TheFantasyWorldSimulator/node_modules/@vitest/runner/dist/index.js:915:26
    at file:///C:/Users/chris/Dev/Projects/TheFantasyWorldSimulator/node_modules/@vitest/runner/dist/index.js:1243:20
    at new Promise (<anonymous>)
    at runWithTimeout (file:///C:/Users/chris/Dev/Projects/TheFantasyWorldSimulator/node_modules/@vitest/runner/dist/index.js:1209:10)
[Orchestrator] Tick crashed, returning previous state: Error: Trait not found: trait.reputation.power.renown
    at assignTrait (C:/Users/chris/Dev/Projects/TheFantasyWorldSimulator/src/engine/traits.ts:44:25)
    at syncReputationTrait (C:/Users/chris/Dev/Projects/TheFantasyWorldSimulator/src/engine/phaseReputationTraits.ts:297:5)
    at phaseReputationTraits (C:/Users/chris/Dev/Projects/TheFantasyWorldSimulator/src/engine/phaseReputationTraits.ts:273:7)
    at runTick (C:/Users/chris/Dev/Projects/TheFantasyWorldSimulator/src/engine/orchestrator.ts:1896:18)
    at C:/Users/chris/Dev/Projects/TheFantasyWorldSimulator/src/engine/__tests__/traceBuffer-integration.test.ts:219:15
    at file:///C:/Users/chris/Dev/Projects/TheFantasyWorldSimulator/node_modules/@vitest/runner/dist/index.js:145:11
    at file:///C:/Users/chris/Dev/Projects/TheFantasyWorldSimulator/node_modules/@vitest/runner/dist/index.js:915:26
    at file:///C:/Users/chris/Dev/Projects/TheFantasyWorldSimulator/node_modules/@vitest/runner/dist/index.js:1243:20
    at new Promise (<anonymous>)
    at runWithTimeout (file:///C:/Users/chris/Dev/Projects/TheFantasyWorldSimulator/node_modules/@vitest/runner/dist/index.js:1209:10)
[Orchestrator] Tick crashed, returning previous state: Error: Trait not found: trait.reputation.power.renown
    at assignTrait (C:/Users/chris/Dev/Projects/TheFantasyWorldSimulator/src/engine/traits.ts:44:25)
    at syncReputationTrait (C:/Users/chris/Dev/Projects/TheFantasyWorldSimulator/src/engine/phaseReputationTraits.ts:297:5)
    at phaseReputationTraits (C:/Users/chris/Dev/Projects/TheFantasyWorldSimulator/src/engine/phaseReputationTraits.ts:273:7)
    at runTick (C:/Users/chris/Dev/Projects/TheFantasyWorldSimulator/src/engine/orchestrator.ts:1896:18)
    at C:/Users/chris/Dev/Projects/TheFantasyWorldSimulator/src/engine/__tests__/traceBuffer-integration.test.ts:219:15
    at file:///C:/Users/chris/Dev/Projects/TheFantasyWorldSimulator/node_modules/@vitest/runner/dist/index.js:145:11
    at file:///C:/Users/chris/Dev/Projects/TheFantasyWorldSimulator/node_modules/@vitest/runner/dist/index.js:915:26
    at file:///C:/Users/chris/Dev/Projects/TheFantasyWorldSimulator/node_modules/@vitest/runner/dist/index.js:1243:20
    at new Promise (<anonymous>)
    at runWithTimeout (file:///C:/Users/chris/Dev/Projects/TheFantasyWorldSimulator/node_modules/@vitest/runner/dist/index.js:1209:10)
[Orchestrator] Tick crashed, returning previous state: Error: Trait not found: trait.reputation.power.renown
    at assignTrait (C:/Users/chris/Dev/Projects/TheFantasyWorldSimulator/src/engine/traits.ts:44:25)
    at syncReputationTrait (C:/Users/chris/Dev/Projects/TheFantasyWorldSimulator/src/engine/phaseReputationTraits.ts:297:5)
    at phaseReputationTraits (C:/Users/chris/Dev/Projects/TheFantasyWorldSimulator/src/engine/phaseReputationTraits.ts:273:7)
    at runTick (C:/Users/chris/Dev/Projects/TheFantasyWorldSimulator/src/engine/orchestrator.ts:1896:18)
    at C:/Users/chris/Dev/Projects/TheFantasyWorldSimulator/src/engine/__tests__/traceBuffer-integration.test.ts:219:15
    at file:///C:/Users/chris/Dev/Projects/TheFantasyWorldSimulator/node_modules/@vitest/runner/dist/index.js:145:11
    at file:///C:/Users/chris/Dev/Projects/TheFantasyWorldSimulator/node_modules/@vitest/runner/dist/index.js:915:26
    at file:///C:/Users/chris/Dev/Projects/TheFantasyWorldSimulator/node_modules/@vitest/runner/dist/index.js:1243:20
    at new Promise (<anonymous>)
    at runWithTimeout (file:///C:/Users/chris/Dev/Projects/TheFantasyWorldSimulator/node_modules/@vitest/runner/dist/index.js:1209:10)
[Orchestrator] Tick crashed, returning previous state: Error: Trait not found: trait.reputation.power.renown
    at assignTrait (C:/Users/chris/Dev/Projects/TheFantasyWorldSimulator/src/engine/traits.ts:44:25)
    at syncReputationTrait (C:/Users/chris/Dev/Projects/TheFantasyWorldSimulator/src/engine/phaseReputationTraits.ts:297:5)
    at phaseReputationTraits (C:/Users/chris/Dev/Projects/TheFantasyWorldSimulator/src/engine/phaseReputationTraits.ts:273:7)
    at runTick (C:/Users/chris/Dev/Projects/TheFantasyWorldSimulator/src/engine/orchestrator.ts:1896:18)
    at C:/Users/chris/Dev/Projects/TheFantasyWorldSimulator/src/engine/__tests__/traceBuffer-integration.test.ts:219:15
    at file:///C:/Users/chris/Dev/Projects/TheFantasyWorldSimulator/node_modules/@vitest/runner/dist/index.js:145:11
    at file:///C:/Users/chris/Dev/Projects/TheFantasyWorldSimulator/node_modules/@vitest/runner/dist/index.js:915:26
    at file:///C:/Users/chris/Dev/Projects/TheFantasyWorldSimulator/node_modules/@vitest/runner/dist/index.js:1243:20
    at new Promise (<anonymous>)
    at runWithTimeout (file:///C:/Users/chris/Dev/Projects/TheFantasyWorldSimulator/node_modules/@vitest/runner/dist/index.js:1209:10)
[Orchestrator] Tick crashed, returning previous state: Error: Trait not found: trait.reputation.power.renown
    at assignTrait (C:/Users/chris/Dev/Projects/TheFantasyWorldSimulator/src/engine/traits.ts:44:25)
    at syncReputationTrait (C:/Users/chris/Dev/Projects/TheFantasyWorldSimulator/src/engine/phaseReputationTraits.ts:297:5)
    at phaseReputationTraits (C:/Users/chris/Dev/Projects/TheFantasyWorldSimulator/src/engine/phaseReputationTraits.ts:273:7)
    at runTick (C:/Users/chris/Dev/Projects/TheFantasyWorldSimulator/src/engine/orchestrator.ts:1896:18)
    at C:/Users/chris/Dev/Projects/TheFantasyWorldSimulator/src/engine/__tests__/traceBuffer-integration.test.ts:219:15
    at file:///C:/Users/chris/Dev/Projects/TheFantasyWorldSimulator/node_modules/@vitest/runner/dist/index.js:145:11
    at file:///C:/Users/chris/Dev/Projects/TheFantasyWorldSimulator/node_modules/@vitest/runner/dist/index.js:915:26
    at file:///C:/Users/chris/Dev/Projects/TheFantasyWorldSimulator/node_modules/@vitest/runner/dist/index.js:1243:20
    at new Promise (<anonymous>)
    at runWithTimeout (file:///C:/Users/chris/Dev/Projects/TheFantasyWorldSimulator/node_modules/@vitest/runner/dist/index.js:1209:10)
[Orchestrator] Tick crashed, returning previous state: Error: Trait not found: trait.reputation.power.renown
    at assignTrait (C:/Users/chris/Dev/Projects/TheFantasyWorldSimulator/src/engine/traits.ts:44:25)
    at syncReputationTrait (C:/Users/chris/Dev/Projects/TheFantasyWorldSimulator/src/engine/phaseReputationTraits.ts:297:5)
    at phaseReputationTraits (C:/Users/chris/Dev/Projects/TheFantasyWorldSimulator/src/engine/phaseReputationTraits.ts:273:7)
    at runTick (C:/Users/chris/Dev/Projects/TheFantasyWorldSimulator/src/engine/orchestrator.ts:1896:18)
    at C:/Users/chris/Dev/Projects/TheFantasyWorldSimulator/src/engine/__tests__/traceBuffer-integration.test.ts:219:15
    at file:///C:/Users/chris/Dev/Projects/TheFantasyWorldSimulator/node_modules/@vitest/runner/dist/index.js:145:11
    at file:///C:/Users/chris/Dev/Projects/TheFantasyWorldSimulator/node_modules/@vitest/runner/dist/index.js:915:26
    at file:///C:/Users/chris/Dev/Projects/TheFantasyWorldSimulator/node_modules/@vitest/runner/dist/index.js:1243:20
    at new Promise (<anonymous>)
    at runWithTimeout (file:///C:/Users/chris/Dev/Projects/TheFantasyWorldSimulator/node_modules/@vitest/runner/dist/index.js:1209:10)
[Orchestrator] Tick crashed, returning previous state: Error: Trait not found: trait.reputation.power.renown
    at assignTrait (C:/Users/chris/Dev/Projects/TheFantasyWorldSimulator/src/engine/traits.ts:44:25)
    at syncReputationTrait (C:/Users/chris/Dev/Projects/TheFantasyWorldSimulator/src/engine/phaseReputationTraits.ts:297:5)
    at phaseReputationTraits (C:/Users/chris/Dev/Projects/TheFantasyWorldSimulator/src/engine/phaseReputationTraits.ts:273:7)
    at runTick (C:/Users/chris/Dev/Projects/TheFantasyWorldSimulator/src/engine/orchestrator.ts:1896:18)
    at C:/Users/chris/Dev/Projects/TheFantasyWorldSimulator/src/engine/__tests__/traceBuffer-integration.test.ts:219:15
    at file:///C:/Users/chris/Dev/Projects/TheFantasyWorldSimulator/node_modules/@vitest/runner/dist/index.js:145:11
    at file:///C:/Users/chris/Dev/Projects/TheFantasyWorldSimulator/node_modules/@vitest/runner/dist/index.js:915:26
    at file:///C:/Users/chris/Dev/Projects/TheFantasyWorldSimulator/node_modules/@vitest/runner/dist/index.js:1243:20
    at new Promise (<anonymous>)
    at runWithTimeout (file:///C:/Users/chris/Dev/Projects/TheFantasyWorldSimulator/node_modules/@vitest/runner/dist/index.js:1209:10)
[Orchestrator] Tick crashed, returning previous state: Error: Trait not found: trait.reputation.power.renown
    at assignTrait (C:/Users/chris/Dev/Projects/TheFantasyWorldSimulator/src/engine/traits.ts:44:25)
    at syncReputationTrait (C:/Users/chris/Dev/Projects/TheFantasyWorldSimulator/src/engine/phaseReputationTraits.ts:297:5)
    at phaseReputationTraits (C:/Users/chris/Dev/Projects/TheFantasyWorldSimulator/src/engine/phaseReputationTraits.ts:273:7)
    at runTick (C:/Users/chris/Dev/Projects/TheFantasyWorldSimulator/src/engine/orchestrator.ts:1896:18)
    at C:/Users/chris/Dev/Projects/TheFantasyWorldSimulator/src/engine/__tests__/traceBuffer-integration.test.ts:219:15
    at file:///C:/Users/chris/Dev/Projects/TheFantasyWorldSimulator/node_modules/@vitest/runner/dist/index.js:145:11
    at file:///C:/Users/chris/Dev/Projects/TheFantasyWorldSimulator/node_modules/@vitest/runner/dist/index.js:915:26
    at file:///C:/Users/chris/Dev/Projects/TheFantasyWorldSimulator/node_modules/@vitest/runner/dist/index.js:1243:20
    at new Promise (<anonymous>)
    at runWithTimeout (file:///C:/Users/chris/Dev/Projects/TheFantasyWorldSimulator/node_modules/@vitest/runner/dist/index.js:1209:10)
[Orchestrator] Tick crashed, returning previous state: Error: Trait not found: trait.reputation.power.renown
    at assignTrait (C:/Users/chris/Dev/Projects/TheFantasyWorldSimulator/src/engine/traits.ts:44:25)
    at syncReputationTrait (C:/Users/chris/Dev/Projects/TheFantasyWorldSimulator/src/engine/phaseReputationTraits.ts:297:5)
    at phaseReputationTraits (C:/Users/chris/Dev/Projects/TheFantasyWorldSimulator/src/engine/phaseReputationTraits.ts:273:7)
    at runTick (C:/Users/chris/Dev/Projects/TheFantasyWorldSimulator/src/engine/orchestrator.ts:1896:18)
    at C:/Users/chris/Dev/Projects/TheFantasyWorldSimulator/src/engine/__tests__/traceBuffer-integration.test.ts:219:15
    at file:///C:/Users/chris/Dev/Projects/TheFantasyWorldSimulator/node_modules/@vitest/runner/dist/index.js:145:11
    at file:///C:/Users/chris/Dev/Projects/TheFantasyWorldSimulator/node_modules/@vitest/runner/dist/index.js:915:26
    at file:///C:/Users/chris/Dev/Projects/TheFantasyWorldSimulator/node_modules/@vitest/runner/dist/index.js:1243:20
    at new Promise (<anonymous>)
    at runWithTimeout (file:///C:/Users/chris/Dev/Projects/TheFantasyWorldSimulator/node_modules/@vitest/runner/dist/index.js:1209:10)
[Orchestrator] Tick crashed, returning previous state: Error: Trait not found: trait.reputation.power.renown
    at assignTrait (C:/Users/chris/Dev/Projects/TheFantasyWorldSimulator/src/engine/traits.ts:44:25)
    at syncReputationTrait (C:/Users/chris/Dev/Projects/TheFantasyWorldSimulator/src/engine/phaseReputationTraits.ts:297:5)
    at phaseReputationTraits (C:/Users/chris/Dev/Projects/TheFantasyWorldSimulator/src/engine/phaseReputationTraits.ts:273:7)
    at runTick (C:/Users/chris/Dev/Projects/TheFantasyWorldSimulator/src/engine/orchestrator.ts:1896:18)
    at C:/Users/chris/Dev/Projects/TheFantasyWorldSimulator/src/engine/__tests__/traceBuffer-integration.test.ts:219:15
    at file:///C:/Users/chris/Dev/Projects/TheFantasyWorldSimulator/node_modules/@vitest/runner/dist/index.js:145:11
    at file:///C:/Users/chris/Dev/Projects/TheFantasyWorldSimulator/node_modules/@vitest/runner/dist/index.js:915:26
    at file:///C:/Users/chris/Dev/Projects/TheFantasyWorldSimulator/node_modules/@vitest/runner/dist/index.js:1243:20
    at new Promise (<anonymous>)
    at runWithTimeout (file:///C:/Users/chris/Dev/Projects/TheFantasyWorldSimulator/node_modules/@vitest/runner/dist/index.js:1209:10)
[Orchestrator] Tick crashed, returning previous state: Error: Trait not found: trait.reputation.power.renown
    at assignTrait (C:/Users/chris/Dev/Projects/TheFantasyWorldSimulator/src/engine/traits.ts:44:25)
    at syncReputationTrait (C:/Users/chris/Dev/Projects/TheFantasyWorldSimulator/src/engine/phaseReputationTraits.ts:297:5)
    at phaseReputationTraits (C:/Users/chris/Dev/Projects/TheFantasyWorldSimulator/src/engine/phaseReputationTraits.ts:273:7)
    at runTick (C:/Users/chris/Dev/Projects/TheFantasyWorldSimulator/src/engine/orchestrator.ts:1896:18)
    at C:/Users/chris/Dev/Projects/TheFantasyWorldSimulator/src/engine/__tests__/traceBuffer-integration.test.ts:219:15
    at file:///C:/Users/chris/Dev/Projects/TheFantasyWorldSimulator/node_modules/@vitest/runner/dist/index.js:145:11
    at file:///C:/Users/chris/Dev/Projects/TheFantasyWorldSimulator/node_modules/@vitest/runner/dist/index.js:915:26
    at file:///C:/Users/chris/Dev/Projects/TheFantasyWorldSimulator/node_modules/@vitest/runner/dist/index.js:1243:20
    at new Promise (<anonymous>)
    at runWithTimeout (file:///C:/Users/chris/Dev/Projects/TheFantasyWorldSimulator/node_modules/@vitest/runner/dist/index.js:1209:10)
[Orchestrator] Tick crashed, returning previous state: Error: Trait not found: trait.reputation.power.renown
    at assignTrait (C:/Users/chris/Dev/Projects/TheFantasyWorldSimulator/src/engine/traits.ts:44:25)
    at syncReputationTrait (C:/Users/chris/Dev/Projects/TheFantasyWorldSimulator/src/engine/phaseReputationTraits.ts:297:5)
    at phaseReputationTraits (C:/Users/chris/Dev/Projects/TheFantasyWorldSimulator/src/engine/phaseReputationTraits.ts:273:7)
    at runTick (C:/Users/chris/Dev/Projects/TheFantasyWorldSimulator/src/engine/orchestrator.ts:1896:18)
    at C:/Users/chris/Dev/Projects/TheFantasyWorldSimulator/src/engine/__tests__/traceBuffer-integration.test.ts:219:15
    at file:///C:/Users/chris/Dev/Projects/TheFantasyWorldSimulator/node_modules/@vitest/runner/dist/index.js:145:11
    at file:///C:/Users/chris/Dev/Projects/TheFantasyWorldSimulator/node_modules/@vitest/runner/dist/index.js:915:26
    at file:///C:/Users/chris/Dev/Projects/TheFantasyWorldSimulator/node_modules/@vitest/runner/dist/index.js:1243:20
    at new Promise (<anonymous>)
    at runWithTimeout (file:///C:/Users/chris/Dev/Projects/TheFantasyWorldSimulator/node_modules/@vitest/runner/dist/index.js:1209:10)
[Orchestrator] Tick crashed, returning previous state: Error: Trait not found: trait.reputation.power.renown
    at assignTrait (C:/Users/chris/Dev/Projects/TheFantasyWorldSimulator/src/engine/traits.ts:44:25)
    at syncReputationTrait (C:/Users/chris/Dev/Projects/TheFantasyWorldSimulator/src/engine/phaseReputationTraits.ts:297:5)
    at phaseReputationTraits (C:/Users/chris/Dev/Projects/TheFantasyWorldSimulator/src/engine/phaseReputationTraits.ts:273:7)
    at runTick (C:/Users/chris/Dev/Projects/TheFantasyWorldSimulator/src/engine/orchestrator.ts:1896:18)
    at C:/Users/chris/Dev/Projects/TheFantasyWorldSimulator/src/engine/__tests__/traceBuffer-integration.test.ts:219:15
    at file:///C:/Users/chris/Dev/Projects/TheFantasyWorldSimulator/node_modules/@vitest/runner/dist/index.js:145:11
    at file:///C:/Users/chris/Dev/Projects/TheFantasyWorldSimulator/node_modules/@vitest/runner/dist/index.js:915:26
    at file:///C:/Users/chris/Dev/Projects/TheFantasyWorldSimulator/node_modules/@vitest/runner/dist/index.js:1243:20
    at new Promise (<anonymous>)
    at runWithTimeout (file:///C:/Users/chris/Dev/Projects/TheFantasyWorldSimulator/node_modules/@vitest/runner/dist/index.js:1209:10)
[Orchestrator] Tick crashed, returning previous state: Error: Trait not found: trait.reputation.power.renown
    at assignTrait (C:/Users/chris/Dev/Projects/TheFantasyWorldSimulator/src/engine/traits.ts:44:25)
    at syncReputationTrait (C:/Users/chris/Dev/Projects/TheFantasyWorldSimulator/src/engine/phaseReputationTraits.ts:297:5)
    at phaseReputationTraits (C:/Users/chris/Dev/Projects/TheFantasyWorldSimulator/src/engine/phaseReputationTraits.ts:273:7)
    at runTick (C:/Users/chris/Dev/Projects/TheFantasyWorldSimulator/src/engine/orchestrator.ts:1896:18)
    at C:/Users/chris/Dev/Projects/TheFantasyWorldSimulator/src/engine/__tests__/traceBuffer-integration.test.ts:219:15
    at file:///C:/Users/chris/Dev/Projects/TheFantasyWorldSimulator/node_modules/@vitest/runner/dist/index.js:145:11
    at file:///C:/Users/chris/Dev/Projects/TheFantasyWorldSimulator/node_modules/@vitest/runner/dist/index.js:915:26
    at file:///C:/Users/chris/Dev/Projects/TheFantasyWorldSimulator/node_modules/@vitest/runner/dist/index.js:1243:20
    at new Promise (<anonymous>)
    at runWithTimeout (file:///C:/Users/chris/Dev/Projects/TheFantasyWorldSimulator/node_modules/@vitest/runner/dist/index.js:1209:10)
[Orchestrator] Tick crashed, returning previous state: Error: Trait not found: trait.reputation.power.renown
    at assignTrait (C:/Users/chris/Dev/Projects/TheFantasyWorldSimulator/src/engine/traits.ts:44:25)
    at syncReputationTrait (C:/Users/chris/Dev/Projects/TheFantasyWorldSimulator/src/engine/phaseReputationTraits.ts:297:5)
    at phaseReputationTraits (C:/Users/chris/Dev/Projects/TheFantasyWorldSimulator/src/engine/phaseReputationTraits.ts:273:7)
    at runTick (C:/Users/chris/Dev/Projects/TheFantasyWorldSimulator/src/engine/orchestrator.ts:1896:18)
    at C:/Users/chris/Dev/Projects/TheFantasyWorldSimulator/src/engine/__tests__/traceBuffer-integration.test.ts:219:15
    at file:///C:/Users/chris/Dev/Projects/TheFantasyWorldSimulator/node_modules/@vitest/runner/dist/index.js:145:11
    at file:///C:/Users/chris/Dev/Projects/TheFantasyWorldSimulator/node_modules/@vitest/runner/dist/index.js:915:26
    at file:///C:/Users/chris/Dev/Projects/TheFantasyWorldSimulator/node_modules/@vitest/runner/dist/index.js:1243:20
    at new Promise (<anonymous>)
    at runWithTimeout (file:///C:/Users/chris/Dev/Projects/TheFantasyWorldSimulator/node_modules/@vitest/runner/dist/index.js:1209:10)
[Orchestrator] Tick crashed, returning previous state: Error: Trait not found: trait.reputation.power.renown
    at assignTrait (C:/Users/chris/Dev/Projects/TheFantasyWorldSimulator/src/engine/traits.ts:44:25)
    at syncReputationTrait (C:/Users/chris/Dev/Projects/TheFantasyWorldSimulator/src/engine/phaseReputationTraits.ts:297:5)
    at phaseReputationTraits (C:/Users/chris/Dev/Projects/TheFantasyWorldSimulator/src/engine/phaseReputationTraits.ts:273:7)
    at runTick (C:/Users/chris/Dev/Projects/TheFantasyWorldSimulator/src/engine/orchestrator.ts:1896:18)
    at C:/Users/chris/Dev/Projects/TheFantasyWorldSimulator/src/engine/__tests__/traceBuffer-integration.test.ts:219:15
    at file:///C:/Users/chris/Dev/Projects/TheFantasyWorldSimulator/node_modules/@vitest/runner/dist/index.js:145:11
    at file:///C:/Users/chris/Dev/Projects/TheFantasyWorldSimulator/node_modules/@vitest/runner/dist/index.js:915:26
    at file:///C:/Users/chris/Dev/Projects/TheFantasyWorldSimulator/node_modules/@vitest/runner/dist/index.js:1243:20
    at new Promise (<anonymous>)
    at runWithTimeout (file:///C:/Users/chris/Dev/Projects/TheFantasyWorldSimulator/node_modules/@vitest/runner/dist/index.js:1209:10)
[Orchestrator] Tick crashed, returning previous state: Error: Trait not found: trait.reputation.power.renown
    at assignTrait (C:/Users/chris/Dev/Projects/TheFantasyWorldSimulator/src/engine/traits.ts:44:25)
    at syncReputationTrait (C:/Users/chris/Dev/Projects/TheFantasyWorldSimulator/src/engine/phaseReputationTraits.ts:297:5)
    at phaseReputationTraits (C:/Users/chris/Dev/Projects/TheFantasyWorldSimulator/src/engine/phaseReputationTraits.ts:273:7)
    at runTick (C:/Users/chris/Dev/Projects/TheFantasyWorldSimulator/src/engine/orchestrator.ts:1896:18)
    at C:/Users/chris/Dev/Projects/TheFantasyWorldSimulator/src/engine/__tests__/traceBuffer-integration.test.ts:219:15
    at file:///C:/Users/chris/Dev/Projects/TheFantasyWorldSimulator/node_modules/@vitest/runner/dist/index.js:145:11
    at file:///C:/Users/chris/Dev/Projects/TheFantasyWorldSimulator/node_modules/@vitest/runner/dist/index.js:915:26
    at file:///C:/Users/chris/Dev/Projects/TheFantasyWorldSimulator/node_modules/@vitest/runner/dist/index.js:1243:20
    at new Promise (<anonymous>)
    at runWithTimeout (file:///C:/Users/chris/Dev/Projects/TheFantasyWorldSimulator/node_modules/@vitest/runner/dist/index.js:1209:10)
[Orchestrator] Tick crashed, returning previous state: Error: Trait not found: trait.reputation.power.renown
    at assignTrait (C:/Users/chris/Dev/Projects/TheFantasyWorldSimulator/src/engine/traits.ts:44:25)
    at syncReputationTrait (C:/Users/chris/Dev/Projects/TheFantasyWorldSimulator/src/engine/phaseReputationTraits.ts:297:5)
    at phaseReputationTraits (C:/Users/chris/Dev/Projects/TheFantasyWorldSimulator/src/engine/phaseReputationTraits.ts:273:7)
    at runTick (C:/Users/chris/Dev/Projects/TheFantasyWorldSimulator/src/engine/orchestrator.ts:1896:18)
    at C:/Users/chris/Dev/Projects/TheFantasyWorldSimulator/src/engine/__tests__/traceBuffer-integration.test.ts:219:15
    at file:///C:/Users/chris/Dev/Projects/TheFantasyWorldSimulator/node_modules/@vitest/runner/dist/index.js:145:11
    at file:///C:/Users/chris/Dev/Projects/TheFantasyWorldSimulator/node_modules/@vitest/runner/dist/index.js:915:26
    at file:///C:/Users/chris/Dev/Projects/TheFantasyWorldSimulator/node_modules/@vitest/runner/dist/index.js:1243:20
    at new Promise (<anonymous>)
    at runWithTimeout (file:///C:/Users/chris/Dev/Projects/TheFantasyWorldSimulator/node_modules/@vitest/runner/dist/index.js:1209:10)
[Orchestrator] Tick crashed, returning previous state: Error: Trait not found: trait.reputation.power.renown
    at assignTrait (C:/Users/chris/Dev/Projects/TheFantasyWorldSimulator/src/engine/traits.ts:44:25)
    at syncReputationTrait (C:/Users/chris/Dev/Projects/TheFantasyWorldSimulator/src/engine/phaseReputationTraits.ts:297:5)
    at phaseReputationTraits (C:/Users/chris/Dev/Projects/TheFantasyWorldSimulator/src/engine/phaseReputationTraits.ts:273:7)
    at runTick (C:/Users/chris/Dev/Projects/TheFantasyWorldSimulator/src/engine/orchestrator.ts:1896:18)
    at C:/Users/chris/Dev/Projects/TheFantasyWorldSimulator/src/engine/__tests__/traceBuffer-integration.test.ts:219:15
    at file:///C:/Users/chris/Dev/Projects/TheFantasyWorldSimulator/node_modules/@vitest/runner/dist/index.js:145:11
    at file:///C:/Users/chris/Dev/Projects/TheFantasyWorldSimulator/node_modules/@vitest/runner/dist/index.js:915:26
    at file:///C:/Users/chris/Dev/Projects/TheFantasyWorldSimulator/node_modules/@vitest/runner/dist/index.js:1243:20
    at new Promise (<anonymous>)
    at runWithTimeout (file:///C:/Users/chris/Dev/Projects/TheFantasyWorldSimulator/node_modules/@vitest/runner/dist/index.js:1209:10)
[Orchestrator] Tick crashed, returning previous state: Error: Trait not found: trait.reputation.power.renown
    at assignTrait (C:/Users/chris/Dev/Projects/TheFantasyWorldSimulator/src/engine/traits.ts:44:25)
    at syncReputationTrait (C:/Users/chris/Dev/Projects/TheFantasyWorldSimulator/src/engine/phaseReputationTraits.ts:297:5)
    at phaseReputationTraits (C:/Users/chris/Dev/Projects/TheFantasyWorldSimulator/src/engine/phaseReputationTraits.ts:273:7)
    at runTick (C:/Users/chris/Dev/Projects/TheFantasyWorldSimulator/src/engine/orchestrator.ts:1896:18)
    at C:/Users/chris/Dev/Projects/TheFantasyWorldSimulator/src/engine/__tests__/traceBuffer-integration.test.ts:219:15
    at file:///C:/Users/chris/Dev/Projects/TheFantasyWorldSimulator/node_modules/@vitest/runner/dist/index.js:145:11
    at file:///C:/Users/chris/Dev/Projects/TheFantasyWorldSimulator/node_modules/@vitest/runner/dist/index.js:915:26
    at file:///C:/Users/chris/Dev/Projects/TheFantasyWorldSimulator/node_modules/@vitest/runner/dist/index.js:1243:20
    at new Promise (<anonymous>)
    at runWithTimeout (file:///C:/Users/chris/Dev/Projects/TheFantasyWorldSimulator/node_modules/@vitest/runner/dist/index.js:1209:10)
[Orchestrator] Tick crashed, returning previous state: Error: Trait not found: trait.reputation.power.renown
    at assignTrait (C:/Users/chris/Dev/Projects/TheFantasyWorldSimulator/src/engine/traits.ts:44:25)
    at syncReputationTrait (C:/Users/chris/Dev/Projects/TheFantasyWorldSimulator/src/engine/phaseReputationTraits.ts:297:5)
    at phaseReputationTraits (C:/Users/chris/Dev/Projects/TheFantasyWorldSimulator/src/engine/phaseReputationTraits.ts:273:7)
    at runTick (C:/Users/chris/Dev/Projects/TheFantasyWorldSimulator/src/engine/orchestrator.ts:1896:18)
    at C:/Users/chris/Dev/Projects/TheFantasyWorldSimulator/src/engine/__tests__/traceBuffer-integration.test.ts:219:15
    at file:///C:/Users/chris/Dev/Projects/TheFantasyWorldSimulator/node_modules/@vitest/runner/dist/index.js:145:11
    at file:///C:/Users/chris/Dev/Projects/TheFantasyWorldSimulator/node_modules/@vitest/runner/dist/index.js:915:26
    at file:///C:/Users/chris/Dev/Projects/TheFantasyWorldSimulator/node_modules/@vitest/runner/dist/index.js:1243:20
    at new Promise (<anonymous>)
    at runWithTimeout (file:///C:/Users/chris/Dev/Projects/TheFantasyWorldSimulator/node_modules/@vitest/runner/dist/index.js:1209:10)
[Orchestrator] Tick crashed, returning previous state: Error: Trait not found: trait.reputation.power.renown
    at assignTrait (C:/Users/chris/Dev/Projects/TheFantasyWorldSimulator/src/engine/traits.ts:44:25)
    at syncReputationTrait (C:/Users/chris/Dev/Projects/TheFantasyWorldSimulator/src/engine/phaseReputationTraits.ts:297:5)
    at phaseReputationTraits (C:/Users/chris/Dev/Projects/TheFantasyWorldSimulator/src/engine/phaseReputationTraits.ts:273:7)
    at runTick (C:/Users/chris/Dev/Projects/TheFantasyWorldSimulator/src/engine/orchestrator.ts:1896:18)
    at C:/Users/chris/Dev/Projects/TheFantasyWorldSimulator/src/engine/__tests__/traceBuffer-integration.test.ts:219:15
    at file:///C:/Users/chris/Dev/Projects/TheFantasyWorldSimulator/node_modules/@vitest/runner/dist/index.js:145:11
    at file:///C:/Users/chris/Dev/Projects/TheFantasyWorldSimulator/node_modules/@vitest/runner/dist/index.js:915:26
    at file:///C:/Users/chris/Dev/Projects/TheFantasyWorldSimulator/node_modules/@vitest/runner/dist/index.js:1243:20
    at new Promise (<anonymous>)
    at runWithTimeout (file:///C:/Users/chris/Dev/Projects/TheFantasyWorldSimulator/node_modules/@vitest/runner/dist/index.js:1209:10)
[Orchestrator] Tick crashed, returning previous state: Error: Trait not found: trait.reputation.power.renown
    at assignTrait (C:/Users/chris/Dev/Projects/TheFantasyWorldSimulator/src/engine/traits.ts:44:25)
    at syncReputationTrait (C:/Users/chris/Dev/Projects/TheFantasyWorldSimulator/src/engine/phaseReputationTraits.ts:297:5)
    at phaseReputationTraits (C:/Users/chris/Dev/Projects/TheFantasyWorldSimulator/src/engine/phaseReputationTraits.ts:273:7)
    at runTick (C:/Users/chris/Dev/Projects/TheFantasyWorldSimulator/src/engine/orchestrator.ts:1896:18)
    at C:/Users/chris/Dev/Projects/TheFantasyWorldSimulator/src/engine/__tests__/traceBuffer-integration.test.ts:219:15
    at file:///C:/Users/chris/Dev/Projects/TheFantasyWorldSimulator/node_modules/@vitest/runner/dist/index.js:145:11
    at file:///C:/Users/chris/Dev/Projects/TheFantasyWorldSimulator/node_modules/@vitest/runner/dist/index.js:915:26
    at file:///C:/Users/chris/Dev/Projects/TheFantasyWorldSimulator/node_modules/@vitest/runner/dist/index.js:1243:20
    at new Promise (<anonymous>)
    at runWithTimeout (file:///C:/Users/chris/Dev/Projects/TheFantasyWorldSimulator/node_modules/@vitest/runner/dist/index.js:1209:10)
[Orchestrator] Tick crashed, returning previous state: Error: Trait not found: trait.reputation.power.renown
    at assignTrait (C:/Users/chris/Dev/Projects/TheFantasyWorldSimulator/src/engine/traits.ts:44:25)
    at syncReputationTrait (C:/Users/chris/Dev/Projects/TheFantasyWorldSimulator/src/engine/phaseReputationTraits.ts:297:5)
    at phaseReputationTraits (C:/Users/chris/Dev/Projects/TheFantasyWorldSimulator/src/engine/phaseReputationTraits.ts:273:7)
    at runTick (C:/Users/chris/Dev/Projects/TheFantasyWorldSimulator/src/engine/orchestrator.ts:1896:18)
    at C:/Users/chris/Dev/Projects/TheFantasyWorldSimulator/src/engine/__tests__/traceBuffer-integration.test.ts:219:15
    at file:///C:/Users/chris/Dev/Projects/TheFantasyWorldSimulator/node_modules/@vitest/runner/dist/index.js:145:11
    at file:///C:/Users/chris/Dev/Projects/TheFantasyWorldSimulator/node_modules/@vitest/runner/dist/index.js:915:26
    at file:///C:/Users/chris/Dev/Projects/TheFantasyWorldSimulator/node_modules/@vitest/runner/dist/index.js:1243:20
    at new Promise (<anonymous>)
    at runWithTimeout (file:///C:/Users/chris/Dev/Projects/TheFantasyWorldSimulator/node_modules/@vitest/runner/dist/index.js:1209:10)
[Orchestrator] Tick crashed, returning previous state: Error: Trait not found: trait.reputation.power.renown
    at assignTrait (C:/Users/chris/Dev/Projects/TheFantasyWorldSimulator/src/engine/traits.ts:44:25)
    at syncReputationTrait (C:/Users/chris/Dev/Projects/TheFantasyWorldSimulator/src/engine/phaseReputationTraits.ts:297:5)
    at phaseReputationTraits (C:/Users/chris/Dev/Projects/TheFantasyWorldSimulator/src/engine/phaseReputationTraits.ts:273:7)
    at runTick (C:/Users/chris/Dev/Projects/TheFantasyWorldSimulator/src/engine/orchestrator.ts:1896:18)
    at C:/Users/chris/Dev/Projects/TheFantasyWorldSimulator/src/engine/__tests__/traceBuffer-integration.test.ts:219:15
    at file:///C:/Users/chris/Dev/Projects/TheFantasyWorldSimulator/node_modules/@vitest/runner/dist/index.js:145:11
    at file:///C:/Users/chris/Dev/Projects/TheFantasyWorldSimulator/node_modules/@vitest/runner/dist/index.js:915:26
    at file:///C:/Users/chris/Dev/Projects/TheFantasyWorldSimulator/node_modules/@vitest/runner/dist/index.js:1243:20
    at new Promise (<anonymous>)
    at runWithTimeout (file:///C:/Users/chris/Dev/Projects/TheFantasyWorldSimulator/node_modules/@vitest/runner/dist/index.js:1209:10)
[Orchestrator] Tick crashed, returning previous state: Error: Trait not found: trait.reputation.power.renown
    at assignTrait (C:/Users/chris/Dev/Projects/TheFantasyWorldSimulator/src/engine/traits.ts:44:25)
    at syncReputationTrait (C:/Users/chris/Dev/Projects/TheFantasyWorldSimulator/src/engine/phaseReputationTraits.ts:297:5)
    at phaseReputationTraits (C:/Users/chris/Dev/Projects/TheFantasyWorldSimulator/src/engine/phaseReputationTraits.ts:273:7)
    at runTick (C:/Users/chris/Dev/Projects/TheFantasyWorldSimulator/src/engine/orchestrator.ts:1896:18)
    at C:/Users/chris/Dev/Projects/TheFantasyWorldSimulator/src/engine/__tests__/traceBuffer-integration.test.ts:219:15
    at file:///C:/Users/chris/Dev/Projects/TheFantasyWorldSimulator/node_modules/@vitest/runner/dist/index.js:145:11
    at file:///C:/Users/chris/Dev/Projects/TheFantasyWorldSimulator/node_modules/@vitest/runner/dist/index.js:915:26
    at file:///C:/Users/chris/Dev/Projects/TheFantasyWorldSimulator/node_modules/@vitest/runner/dist/index.js:1243:20
    at new Promise (<anonymous>)
    at runWithTimeout (file:///C:/Users/chris/Dev/Projects/TheFantasyWorldSimulator/node_modules/@vitest/runner/dist/index.js:1209:10)
[Orchestrator] Tick crashed, returning previous state: Error: Trait not found: trait.reputation.power.renown
    at assignTrait (C:/Users/chris/Dev/Projects/TheFantasyWorldSimulator/src/engine/traits.ts:44:25)
    at syncReputationTrait (C:/Users/chris/Dev/Projects/TheFantasyWorldSimulator/src/engine/phaseReputationTraits.ts:297:5)
    at phaseReputationTraits (C:/Users/chris/Dev/Projects/TheFantasyWorldSimulator/src/engine/phaseReputationTraits.ts:273:7)
    at runTick (C:/Users/chris/Dev/Projects/TheFantasyWorldSimulator/src/engine/orchestrator.ts:1896:18)
    at C:/Users/chris/Dev/Projects/TheFantasyWorldSimulator/src/engine/__tests__/traceBuffer-integration.test.ts:219:15
    at file:///C:/Users/chris/Dev/Projects/TheFantasyWorldSimulator/node_modules/@vitest/runner/dist/index.js:145:11
    at file:///C:/Users/chris/Dev/Projects/TheFantasyWorldSimulator/node_modules/@vitest/runner/dist/index.js:915:26
    at file:///C:/Users/chris/Dev/Projects/TheFantasyWorldSimulator/node_modules/@vitest/runner/dist/index.js:1243:20
    at new Promise (<anonymous>)
    at runWithTimeout (file:///C:/Users/chris/Dev/Projects/TheFantasyWorldSimulator/node_modules/@vitest/runner/dist/index.js:1209:10)
[Orchestrator] Tick crashed, returning previous state: Error: Trait not found: trait.reputation.power.renown
    at assignTrait (C:/Users/chris/Dev/Projects/TheFantasyWorldSimulator/src/engine/traits.ts:44:25)
    at syncReputationTrait (C:/Users/chris/Dev/Projects/TheFantasyWorldSimulator/src/engine/phaseReputationTraits.ts:297:5)
    at phaseReputationTraits (C:/Users/chris/Dev/Projects/TheFantasyWorldSimulator/src/engine/phaseReputationTraits.ts:273:7)
    at runTick (C:/Users/chris/Dev/Projects/TheFantasyWorldSimulator/src/engine/orchestrator.ts:1896:18)
    at C:/Users/chris/Dev/Projects/TheFantasyWorldSimulator/src/engine/__tests__/traceBuffer-integration.test.ts:219:15
    at file:///C:/Users/chris/Dev/Projects/TheFantasyWorldSimulator/node_modules/@vitest/runner/dist/index.js:145:11
    at file:///C:/Users/chris/Dev/Projects/TheFantasyWorldSimulator/node_modules/@vitest/runner/dist/index.js:915:26
    at file:///C:/Users/chris/Dev/Projects/TheFantasyWorldSimulator/node_modules/@vitest/runner/dist/index.js:1243:20
    at new Promise (<anonymous>)
    at runWithTimeout (file:///C:/Users/chris/Dev/Projects/TheFantasyWorldSimulator/node_modules/@vitest/runner/dist/index.js:1209:10)
[Orchestrator] Tick crashed, returning previous state: Error: Trait not found: trait.reputation.power.renown
    at assignTrait (C:/Users/chris/Dev/Projects/TheFantasyWorldSimulator/src/engine/traits.ts:44:25)
    at syncReputationTrait (C:/Users/chris/Dev/Projects/TheFantasyWorldSimulator/src/engine/phaseReputationTraits.ts:297:5)
    at phaseReputationTraits (C:/Users/chris/Dev/Projects/TheFantasyWorldSimulator/src/engine/phaseReputationTraits.ts:273:7)
    at runTick (C:/Users/chris/Dev/Projects/TheFantasyWorldSimulator/src/engine/orchestrator.ts:1896:18)
    at C:/Users/chris/Dev/Projects/TheFantasyWorldSimulator/src/engine/__tests__/traceBuffer-integration.test.ts:219:15
    at file:///C:/Users/chris/Dev/Projects/TheFantasyWorldSimulator/node_modules/@vitest/runner/dist/index.js:145:11
    at file:///C:/Users/chris/Dev/Projects/TheFantasyWorldSimulator/node_modules/@vitest/runner/dist/index.js:915:26
    at file:///C:/Users/chris/Dev/Projects/TheFantasyWorldSimulator/node_modules/@vitest/runner/dist/index.js:1243:20
    at new Promise (<anonymous>)
    at runWithTimeout (file:///C:/Users/chris/Dev/Projects/TheFantasyWorldSimulator/node_modules/@vitest/runner/dist/index.js:1209:10)
[Orchestrator] Tick crashed, returning previous state: Error: Trait not found: trait.reputation.power.renown
    at assignTrait (C:/Users/chris/Dev/Projects/TheFantasyWorldSimulator/src/engine/traits.ts:44:25)
    at syncReputationTrait (C:/Users/chris/Dev/Projects/TheFantasyWorldSimulator/src/engine/phaseReputationTraits.ts:297:5)
    at phaseReputationTraits (C:/Users/chris/Dev/Projects/TheFantasyWorldSimulator/src/engine/phaseReputationTraits.ts:273:7)
    at runTick (C:/Users/chris/Dev/Projects/TheFantasyWorldSimulator/src/engine/orchestrator.ts:1896:18)
    at C:/Users/chris/Dev/Projects/TheFantasyWorldSimulator/src/engine/__tests__/traceBuffer-integration.test.ts:219:15
    at file:///C:/Users/chris/Dev/Projects/TheFantasyWorldSimulator/node_modules/@vitest/runner/dist/index.js:145:11
    at file:///C:/Users/chris/Dev/Projects/TheFantasyWorldSimulator/node_modules/@vitest/runner/dist/index.js:915:26
    at file:///C:/Users/chris/Dev/Projects/TheFantasyWorldSimulator/node_modules/@vitest/runner/dist/index.js:1243:20
    at new Promise (<anonymous>)
    at runWithTimeout (file:///C:/Users/chris/Dev/Projects/TheFantasyWorldSimulator/node_modules/@vitest/runner/dist/index.js:1209:10)
[Orchestrator] Tick crashed, returning previous state: Error: Trait not found: trait.reputation.power.renown
    at assignTrait (C:/Users/chris/Dev/Projects/TheFantasyWorldSimulator/src/engine/traits.ts:44:25)
    at syncReputationTrait (C:/Users/chris/Dev/Projects/TheFantasyWorldSimulator/src/engine/phaseReputationTraits.ts:297:5)
    at phaseReputationTraits (C:/Users/chris/Dev/Projects/TheFantasyWorldSimulator/src/engine/phaseReputationTraits.ts:273:7)
    at runTick (C:/Users/chris/Dev/Projects/TheFantasyWorldSimulator/src/engine/orchestrator.ts:1896:18)
    at C:/Users/chris/Dev/Projects/TheFantasyWorldSimulator/src/engine/__tests__/traceBuffer-integration.test.ts:219:15
    at file:///C:/Users/chris/Dev/Projects/TheFantasyWorldSimulator/node_modules/@vitest/runner/dist/index.js:145:11
    at file:///C:/Users/chris/Dev/Projects/TheFantasyWorldSimulator/node_modules/@vitest/runner/dist/index.js:915:26
    at file:///C:/Users/chris/Dev/Projects/TheFantasyWorldSimulator/node_modules/@vitest/runner/dist/index.js:1243:20
    at new Promise (<anonymous>)
    at runWithTimeout (file:///C:/Users/chris/Dev/Projects/TheFantasyWorldSimulator/node_modules/@vitest/runner/dist/index.js:1209:10)
[Orchestrator] Tick crashed, returning previous state: Error: Trait not found: trait.reputation.power.renown
    at assignTrait (C:/Users/chris/Dev/Projects/TheFantasyWorldSimulator/src/engine/traits.ts:44:25)
    at syncReputationTrait (C:/Users/chris/Dev/Projects/TheFantasyWorldSimulator/src/engine/phaseReputationTraits.ts:297:5)
    at phaseReputationTraits (C:/Users/chris/Dev/Projects/TheFantasyWorldSimulator/src/engine/phaseReputationTraits.ts:273:7)
    at runTick (C:/Users/chris/Dev/Projects/TheFantasyWorldSimulator/src/engine/orchestrator.ts:1896:18)
    at C:/Users/chris/Dev/Projects/TheFantasyWorldSimulator/src/engine/__tests__/traceBuffer-integration.test.ts:219:15
    at file:///C:/Users/chris/Dev/Projects/TheFantasyWorldSimulator/node_modules/@vitest/runner/dist/index.js:145:11
    at file:///C:/Users/chris/Dev/Projects/TheFantasyWorldSimulator/node_modules/@vitest/runner/dist/index.js:915:26
    at file:///C:/Users/chris/Dev/Projects/TheFantasyWorldSimulator/node_modules/@vitest/runner/dist/index.js:1243:20
    at new Promise (<anonymous>)
    at runWithTimeout (file:///C:/Users/chris/Dev/Projects/TheFantasyWorldSimulator/node_modules/@vitest/runner/dist/index.js:1209:10)
[Orchestrator] Tick crashed, returning previous state: Error: Trait not found: trait.reputation.power.renown
    at assignTrait (C:/Users/chris/Dev/Projects/TheFantasyWorldSimulator/src/engine/traits.ts:44:25)
    at syncReputationTrait (C:/Users/chris/Dev/Projects/TheFantasyWorldSimulator/src/engine/phaseReputationTraits.ts:297:5)
    at phaseReputationTraits (C:/Users/chris/Dev/Projects/TheFantasyWorldSimulator/src/engine/phaseReputationTraits.ts:273:7)
    at runTick (C:/Users/chris/Dev/Projects/TheFantasyWorldSimulator/src/engine/orchestrator.ts:1896:18)
    at C:/Users/chris/Dev/Projects/TheFantasyWorldSimulator/src/engine/__tests__/traceBuffer-integration.test.ts:219:15
    at file:///C:/Users/chris/Dev/Projects/TheFantasyWorldSimulator/node_modules/@vitest/runner/dist/index.js:145:11
    at file:///C:/Users/chris/Dev/Projects/TheFantasyWorldSimulator/node_modules/@vitest/runner/dist/index.js:915:26
    at file:///C:/Users/chris/Dev/Projects/TheFantasyWorldSimulator/node_modules/@vitest/runner/dist/index.js:1243:20
    at new Promise (<anonymous>)
    at runWithTimeout (file:///C:/Users/chris/Dev/Projects/TheFantasyWorldSimulator/node_modules/@vitest/runner/dist/index.js:1209:10)
[Orchestrator] Tick crashed, returning previous state: Error: Trait not found: trait.reputation.power.renown
    at assignTrait (C:/Users/chris/Dev/Projects/TheFantasyWorldSimulator/src/engine/traits.ts:44:25)
    at syncReputationTrait (C:/Users/chris/Dev/Projects/TheFantasyWorldSimulator/src/engine/phaseReputationTraits.ts:297:5)
    at phaseReputationTraits (C:/Users/chris/Dev/Projects/TheFantasyWorldSimulator/src/engine/phaseReputationTraits.ts:273:7)
    at runTick (C:/Users/chris/Dev/Projects/TheFantasyWorldSimulator/src/engine/orchestrator.ts:1896:18)
    at C:/Users/chris/Dev/Projects/TheFantasyWorldSimulator/src/engine/__tests__/traceBuffer-integration.test.ts:219:15
    at file:///C:/Users/chris/Dev/Projects/TheFantasyWorldSimulator/node_modules/@vitest/runner/dist/index.js:145:11
    at file:///C:/Users/chris/Dev/Projects/TheFantasyWorldSimulator/node_modules/@vitest/runner/dist/index.js:915:26
    at file:///C:/Users/chris/Dev/Projects/TheFantasyWorldSimulator/node_modules/@vitest/runner/dist/index.js:1243:20
    at new Promise (<anonymous>)
    at runWithTimeout (file:///C:/Users/chris/Dev/Projects/TheFantasyWorldSimulator/node_modules/@vitest/runner/dist/index.js:1209:10)
[Orchestrator] Tick crashed, returning previous state: Error: Trait not found: trait.reputation.power.renown
    at assignTrait (C:/Users/chris/Dev/Projects/TheFantasyWorldSimulator/src/engine/traits.ts:44:25)
    at syncReputationTrait (C:/Users/chris/Dev/Projects/TheFantasyWorldSimulator/src/engine/phaseReputationTraits.ts:297:5)
    at phaseReputationTraits (C:/Users/chris/Dev/Projects/TheFantasyWorldSimulator/src/engine/phaseReputationTraits.ts:273:7)
    at runTick (C:/Users/chris/Dev/Projects/TheFantasyWorldSimulator/src/engine/orchestrator.ts:1896:18)
    at C:/Users/chris/Dev/Projects/TheFantasyWorldSimulator/src/engine/__tests__/traceBuffer-integration.test.ts:219:15
    at file:///C:/Users/chris/Dev/Projects/TheFantasyWorldSimulator/node_modules/@vitest/runner/dist/index.js:145:11
    at file:///C:/Users/chris/Dev/Projects/TheFantasyWorldSimulator/node_modules/@vitest/runner/dist/index.js:915:26
    at file:///C:/Users/chris/Dev/Projects/TheFantasyWorldSimulator/node_modules/@vitest/runner/dist/index.js:1243:20
    at new Promise (<anonymous>)
    at runWithTimeout (file:///C:/Users/chris/Dev/Projects/TheFantasyWorldSimulator/node_modules/@vitest/runner/dist/index.js:1209:10)
[Orchestrator] Tick crashed, returning previous state: Error: Trait not found: trait.reputation.power.renown
    at assignTrait (C:/Users/chris/Dev/Projects/TheFantasyWorldSimulator/src/engine/traits.ts:44:25)
    at syncReputationTrait (C:/Users/chris/Dev/Projects/TheFantasyWorldSimulator/src/engine/phaseReputationTraits.ts:297:5)
    at phaseReputationTraits (C:/Users/chris/Dev/Projects/TheFantasyWorldSimulator/src/engine/phaseReputationTraits.ts:273:7)
    at runTick (C:/Users/chris/Dev/Projects/TheFantasyWorldSimulator/src/engine/orchestrator.ts:1896:18)
    at C:/Users/chris/Dev/Projects/TheFantasyWorldSimulator/src/engine/__tests__/traceBuffer-integration.test.ts:219:15
    at file:///C:/Users/chris/Dev/Projects/TheFantasyWorldSimulator/node_modules/@vitest/runner/dist/index.js:145:11
    at file:///C:/Users/chris/Dev/Projects/TheFantasyWorldSimulator/node_modules/@vitest/runner/dist/index.js:915:26
    at file:///C:/Users/chris/Dev/Projects/TheFantasyWorldSimulator/node_modules/@vitest/runner/dist/index.js:1243:20
    at new Promise (<anonymous>)
    at runWithTimeout (file:///C:/Users/chris/Dev/Projects/TheFantasyWorldSimulator/node_modules/@vitest/runner/dist/index.js:1209:10)
[Orchestrator] Tick crashed, returning previous state: Error: Trait not found: trait.reputation.power.renown
    at assignTrait (C:/Users/chris/Dev/Projects/TheFantasyWorldSimulator/src/engine/traits.ts:44:25)
    at syncReputationTrait (C:/Users/chris/Dev/Projects/TheFantasyWorldSimulator/src/engine/phaseReputationTraits.ts:297:5)
    at phaseReputationTraits (C:/Users/chris/Dev/Projects/TheFantasyWorldSimulator/src/engine/phaseReputationTraits.ts:273:7)
    at runTick (C:/Users/chris/Dev/Projects/TheFantasyWorldSimulator/src/engine/orchestrator.ts:1896:18)
    at C:/Users/chris/Dev/Projects/TheFantasyWorldSimulator/src/engine/__tests__/traceBuffer-integration.test.ts:219:15
    at file:///C:/Users/chris/Dev/Projects/TheFantasyWorldSimulator/node_modules/@vitest/runner/dist/index.js:145:11
    at file:///C:/Users/chris/Dev/Projects/TheFantasyWorldSimulator/node_modules/@vitest/runner/dist/index.js:915:26
    at file:///C:/Users/chris/Dev/Projects/TheFantasyWorldSimulator/node_modules/@vitest/runner/dist/index.js:1243:20
    at new Promise (<anonymous>)
    at runWithTimeout (file:///C:/Users/chris/Dev/Projects/TheFantasyWorldSimulator/node_modules/@vitest/runner/dist/index.js:1209:10)
[Orchestrator] Tick crashed, returning previous state: Error: Trait not found: trait.reputation.power.renown
    at assignTrait (C:/Users/chris/Dev/Projects/TheFantasyWorldSimulator/src/engine/traits.ts:44:25)
    at syncReputationTrait (C:/Users/chris/Dev/Projects/TheFantasyWorldSimulator/src/engine/phaseReputationTraits.ts:297:5)
    at phaseReputationTraits (C:/Users/chris/Dev/Projects/TheFantasyWorldSimulator/src/engine/phaseReputationTraits.ts:273:7)
    at runTick (C:/Users/chris/Dev/Projects/TheFantasyWorldSimulator/src/engine/orchestrator.ts:1896:18)
    at C:/Users/chris/Dev/Projects/TheFantasyWorldSimulator/src/engine/__tests__/traceBuffer-integration.test.ts:219:15
    at file:///C:/Users/chris/Dev/Projects/TheFantasyWorldSimulator/node_modules/@vitest/runner/dist/index.js:145:11
    at file:///C:/Users/chris/Dev/Projects/TheFantasyWorldSimulator/node_modules/@vitest/runner/dist/index.js:915:26
    at file:///C:/Users/chris/Dev/Projects/TheFantasyWorldSimulator/node_modules/@vitest/runner/dist/index.js:1243:20
    at new Promise (<anonymous>)
    at runWithTimeout (file:///C:/Users/chris/Dev/Projects/TheFantasyWorldSimulator/node_modules/@vitest/runner/dist/index.js:1209:10)
[Orchestrator] Tick crashed, returning previous state: Error: Trait not found: trait.reputation.power.renown
    at assignTrait (C:/Users/chris/Dev/Projects/TheFantasyWorldSimulator/src/engine/traits.ts:44:25)
    at syncReputationTrait (C:/Users/chris/Dev/Projects/TheFantasyWorldSimulator/src/engine/phaseReputationTraits.ts:297:5)
    at phaseReputationTraits (C:/Users/chris/Dev/Projects/TheFantasyWorldSimulator/src/engine/phaseReputationTraits.ts:273:7)
    at runTick (C:/Users/chris/Dev/Projects/TheFantasyWorldSimulator/src/engine/orchestrator.ts:1896:18)
    at C:/Users/chris/Dev/Projects/TheFantasyWorldSimulator/src/engine/__tests__/traceBuffer-integration.test.ts:219:15
    at file:///C:/Users/chris/Dev/Projects/TheFantasyWorldSimulator/node_modules/@vitest/runner/dist/index.js:145:11
    at file:///C:/Users/chris/Dev/Projects/TheFantasyWorldSimulator/node_modules/@vitest/runner/dist/index.js:915:26
    at file:///C:/Users/chris/Dev/Projects/TheFantasyWorldSimulator/node_modules/@vitest/runner/dist/index.js:1243:20
    at new Promise (<anonymous>)
    at runWithTimeout (file:///C:/Users/chris/Dev/Projects/TheFantasyWorldSimulator/node_modules/@vitest/runner/dist/index.js:1209:10)
[Orchestrator] Tick crashed, returning previous state: Error: Trait not found: trait.reputation.power.renown
    at assignTrait (C:/Users/chris/Dev/Projects/TheFantasyWorldSimulator/src/engine/traits.ts:44:25)
    at syncReputationTrait (C:/Users/chris/Dev/Projects/TheFantasyWorldSimulator/src/engine/phaseReputationTraits.ts:297:5)
    at phaseReputationTraits (C:/Users/chris/Dev/Projects/TheFantasyWorldSimulator/src/engine/phaseReputationTraits.ts:273:7)
    at runTick (C:/Users/chris/Dev/Projects/TheFantasyWorldSimulator/src/engine/orchestrator.ts:1896:18)
    at C:/Users/chris/Dev/Projects/TheFantasyWorldSimulator/src/engine/__tests__/traceBuffer-integration.test.ts:219:15
    at file:///C:/Users/chris/Dev/Projects/TheFantasyWorldSimulator/node_modules/@vitest/runner/dist/index.js:145:11
    at file:///C:/Users/chris/Dev/Projects/TheFantasyWorldSimulator/node_modules/@vitest/runner/dist/index.js:915:26
    at file:///C:/Users/chris/Dev/Projects/TheFantasyWorldSimulator/node_modules/@vitest/runner/dist/index.js:1243:20
    at new Promise (<anonymous>)
    at runWithTimeout (file:///C:/Users/chris/Dev/Projects/TheFantasyWorldSimulator/node_modules/@vitest/runner/dist/index.js:1209:10)
[Orchestrator] Tick crashed, returning previous state: Error: Trait not found: trait.reputation.power.renown
    at assignTrait (C:/Users/chris/Dev/Projects/TheFantasyWorldSimulator/src/engine/traits.ts:44:25)
    at syncReputationTrait (C:/Users/chris/Dev/Projects/TheFantasyWorldSimulator/src/engine/phaseReputationTraits.ts:297:5)
    at phaseReputationTraits (C:/Users/chris/Dev/Projects/TheFantasyWorldSimulator/src/engine/phaseReputationTraits.ts:273:7)
    at runTick (C:/Users/chris/Dev/Projects/TheFantasyWorldSimulator/src/engine/orchestrator.ts:1896:18)
    at C:/Users/chris/Dev/Projects/TheFantasyWorldSimulator/src/engine/__tests__/traceBuffer-integration.test.ts:219:15
    at file:///C:/Users/chris/Dev/Projects/TheFantasyWorldSimulator/node_modules/@vitest/runner/dist/index.js:145:11
    at file:///C:/Users/chris/Dev/Projects/TheFantasyWorldSimulator/node_modules/@vitest/runner/dist/index.js:915:26
    at file:///C:/Users/chris/Dev/Projects/TheFantasyWorldSimulator/node_modules/@vitest/runner/dist/index.js:1243:20
    at new Promise (<anonymous>)
    at runWithTimeout (file:///C:/Users/chris/Dev/Projects/TheFantasyWorldSimulator/node_modules/@vitest/runner/dist/index.js:1209:10)
[Orchestrator] Tick crashed, returning previous state: Error: Trait not found: trait.reputation.power.renown
    at assignTrait (C:/Users/chris/Dev/Projects/TheFantasyWorldSimulator/src/engine/traits.ts:44:25)
    at syncReputationTrait (C:/Users/chris/Dev/Projects/TheFantasyWorldSimulator/src/engine/phaseReputationTraits.ts:297:5)
    at phaseReputationTraits (C:/Users/chris/Dev/Projects/TheFantasyWorldSimulator/src/engine/phaseReputationTraits.ts:273:7)
    at runTick (C:/Users/chris/Dev/Projects/TheFantasyWorldSimulator/src/engine/orchestrator.ts:1896:18)
    at C:/Users/chris/Dev/Projects/TheFantasyWorldSimulator/src/engine/__tests__/traceBuffer-integration.test.ts:219:15
    at file:///C:/Users/chris/Dev/Projects/TheFantasyWorldSimulator/node_modules/@vitest/runner/dist/index.js:145:11
    at file:///C:/Users/chris/Dev/Projects/TheFantasyWorldSimulator/node_modules/@vitest/runner/dist/index.js:915:26
    at file:///C:/Users/chris/Dev/Projects/TheFantasyWorldSimulator/node_modules/@vitest/runner/dist/index.js:1243:20
    at new Promise (<anonymous>)
    at runWithTimeout (file:///C:/Users/chris/Dev/Projects/TheFantasyWorldSimulator/node_modules/@vitest/runner/dist/index.js:1209:10)
[Orchestrator] Tick crashed, returning previous state: Error: Trait not found: trait.reputation.power.renown
    at assignTrait (C:/Users/chris/Dev/Projects/TheFantasyWorldSimulator/src/engine/traits.ts:44:25)
    at syncReputationTrait (C:/Users/chris/Dev/Projects/TheFantasyWorldSimulator/src/engine/phaseReputationTraits.ts:297:5)
    at phaseReputationTraits (C:/Users/chris/Dev/Projects/TheFantasyWorldSimulator/src/engine/phaseReputationTraits.ts:273:7)
    at runTick (C:/Users/chris/Dev/Projects/TheFantasyWorldSimulator/src/engine/orchestrator.ts:1896:18)
    at C:/Users/chris/Dev/Projects/TheFantasyWorldSimulator/src/engine/__tests__/traceBuffer-integration.test.ts:219:15
    at file:///C:/Users/chris/Dev/Projects/TheFantasyWorldSimulator/node_modules/@vitest/runner/dist/index.js:145:11
    at file:///C:/Users/chris/Dev/Projects/TheFantasyWorldSimulator/node_modules/@vitest/runner/dist/index.js:915:26
    at file:///C:/Users/chris/Dev/Projects/TheFantasyWorldSimulator/node_modules/@vitest/runner/dist/index.js:1243:20
    at new Promise (<anonymous>)
    at runWithTimeout (file:///C:/Users/chris/Dev/Projects/TheFantasyWorldSimulator/node_modules/@vitest/runner/dist/index.js:1209:10)
[Orchestrator] Tick crashed, returning previous state: Error: Trait not found: trait.reputation.power.renown
    at assignTrait (C:/Users/chris/Dev/Projects/TheFantasyWorldSimulator/src/engine/traits.ts:44:25)
    at syncReputationTrait (C:/Users/chris/Dev/Projects/TheFantasyWorldSimulator/src/engine/phaseReputationTraits.ts:297:5)
    at phaseReputationTraits (C:/Users/chris/Dev/Projects/TheFantasyWorldSimulator/src/engine/phaseReputationTraits.ts:273:7)
    at runTick (C:/Users/chris/Dev/Projects/TheFantasyWorldSimulator/src/engine/orchestrator.ts:1896:18)
    at C:/Users/chris/Dev/Projects/TheFantasyWorldSimulator/src/engine/__tests__/traceBuffer-integration.test.ts:219:15
    at file:///C:/Users/chris/Dev/Projects/TheFantasyWorldSimulator/node_modules/@vitest/runner/dist/index.js:145:11
    at file:///C:/Users/chris/Dev/Projects/TheFantasyWorldSimulator/node_modules/@vitest/runner/dist/index.js:915:26
    at file:///C:/Users/chris/Dev/Projects/TheFantasyWorldSimulator/node_modules/@vitest/runner/dist/index.js:1243:20
    at new Promise (<anonymous>)
    at runWithTimeout (file:///C:/Users/chris/Dev/Projects/TheFantasyWorldSimulator/node_modules/@vitest/runner/dist/index.js:1209:10)
[Orchestrator] Tick crashed, returning previous state: Error: Trait not found: trait.reputation.power.renown
    at assignTrait (C:/Users/chris/Dev/Projects/TheFantasyWorldSimulator/src/engine/traits.ts:44:25)
    at syncReputationTrait (C:/Users/chris/Dev/Projects/TheFantasyWorldSimulator/src/engine/phaseReputationTraits.ts:297:5)
    at phaseReputationTraits (C:/Users/chris/Dev/Projects/TheFantasyWorldSimulator/src/engine/phaseReputationTraits.ts:273:7)
    at runTick (C:/Users/chris/Dev/Projects/TheFantasyWorldSimulator/src/engine/orchestrator.ts:1896:18)
    at C:/Users/chris/Dev/Projects/TheFantasyWorldSimulator/src/engine/__tests__/traceBuffer-integration.test.ts:219:15
    at file:///C:/Users/chris/Dev/Projects/TheFantasyWorldSimulator/node_modules/@vitest/runner/dist/index.js:145:11
    at file:///C:/Users/chris/Dev/Projects/TheFantasyWorldSimulator/node_modules/@vitest/runner/dist/index.js:915:26
    at file:///C:/Users/chris/Dev/Projects/TheFantasyWorldSimulator/node_modules/@vitest/runner/dist/index.js:1243:20
    at new Promise (<anonymous>)
    at runWithTimeout (file:///C:/Users/chris/Dev/Projects/TheFantasyWorldSimulator/node_modules/@vitest/runner/dist/index.js:1209:10)
[Orchestrator] Tick crashed, returning previous state: Error: Trait not found: trait.reputation.power.renown
    at assignTrait (C:/Users/chris/Dev/Projects/TheFantasyWorldSimulator/src/engine/traits.ts:44:25)
    at syncReputationTrait (C:/Users/chris/Dev/Projects/TheFantasyWorldSimulator/src/engine/phaseReputationTraits.ts:297:5)
    at phaseReputationTraits (C:/Users/chris/Dev/Projects/TheFantasyWorldSimulator/src/engine/phaseReputationTraits.ts:273:7)
    at runTick (C:/Users/chris/Dev/Projects/TheFantasyWorldSimulator/src/engine/orchestrator.ts:1896:18)
    at C:/Users/chris/Dev/Projects/TheFantasyWorldSimulator/src/engine/__tests__/traceBuffer-integration.test.ts:219:15
    at file:///C:/Users/chris/Dev/Projects/TheFantasyWorldSimulator/node_modules/@vitest/runner/dist/index.js:145:11
    at file:///C:/Users/chris/Dev/Projects/TheFantasyWorldSimulator/node_modules/@vitest/runner/dist/index.js:915:26
    at file:///C:/Users/chris/Dev/Projects/TheFantasyWorldSimulator/node_modules/@vitest/runner/dist/index.js:1243:20
    at new Promise (<anonymous>)
    at runWithTimeout (file:///C:/Users/chris/Dev/Projects/TheFantasyWorldSimulator/node_modules/@vitest/runner/dist/index.js:1209:10)
[Orchestrator] Tick crashed, returning previous state: Error: Trait not found: trait.reputation.power.renown
    at assignTrait (C:/Users/chris/Dev/Projects/TheFantasyWorldSimulator/src/engine/traits.ts:44:25)
    at syncReputationTrait (C:/Users/chris/Dev/Projects/TheFantasyWorldSimulator/src/engine/phaseReputationTraits.ts:297:5)
    at phaseReputationTraits (C:/Users/chris/Dev/Projects/TheFantasyWorldSimulator/src/engine/phaseReputationTraits.ts:273:7)
    at runTick (C:/Users/chris/Dev/Projects/TheFantasyWorldSimulator/src/engine/orchestrator.ts:1896:18)
    at C:/Users/chris/Dev/Projects/TheFantasyWorldSimulator/src/engine/__tests__/traceBuffer-integration.test.ts:219:15
    at file:///C:/Users/chris/Dev/Projects/TheFantasyWorldSimulator/node_modules/@vitest/runner/dist/index.js:145:11
    at file:///C:/Users/chris/Dev/Projects/TheFantasyWorldSimulator/node_modules/@vitest/runner/dist/index.js:915:26
    at file:///C:/Users/chris/Dev/Projects/TheFantasyWorldSimulator/node_modules/@vitest/runner/dist/index.js:1243:20
    at new Promise (<anonymous>)
    at runWithTimeout (file:///C:/Users/chris/Dev/Projects/TheFantasyWorldSimulator/node_modules/@vitest/runner/dist/index.js:1209:10)
[Orchestrator] Tick crashed, returning previous state: Error: Trait not found: trait.reputation.power.renown
    at assignTrait (C:/Users/chris/Dev/Projects/TheFantasyWorldSimulator/src/engine/traits.ts:44:25)
    at syncReputationTrait (C:/Users/chris/Dev/Projects/TheFantasyWorldSimulator/src/engine/phaseReputationTraits.ts:297:5)
    at phaseReputationTraits (C:/Users/chris/Dev/Projects/TheFantasyWorldSimulator/src/engine/phaseReputationTraits.ts:273:7)
    at runTick (C:/Users/chris/Dev/Projects/TheFantasyWorldSimulator/src/engine/orchestrator.ts:1896:18)
    at C:/Users/chris/Dev/Projects/TheFantasyWorldSimulator/src/engine/__tests__/traceBuffer-integration.test.ts:219:15
    at file:///C:/Users/chris/Dev/Projects/TheFantasyWorldSimulator/node_modules/@vitest/runner/dist/index.js:145:11
    at file:///C:/Users/chris/Dev/Projects/TheFantasyWorldSimulator/node_modules/@vitest/runner/dist/index.js:915:26
    at file:///C:/Users/chris/Dev/Projects/TheFantasyWorldSimulator/node_modules/@vitest/runner/dist/index.js:1243:20
    at new Promise (<anonymous>)
    at runWithTimeout (file:///C:/Users/chris/Dev/Projects/TheFantasyWorldSimulator/node_modules/@vitest/runner/dist/index.js:1209:10)
[Orchestrator] Tick crashed, returning previous state: Error: Trait not found: trait.reputation.power.renown
    at assignTrait (C:/Users/chris/Dev/Projects/TheFantasyWorldSimulator/src/engine/traits.ts:44:25)
    at syncReputationTrait (C:/Users/chris/Dev/Projects/TheFantasyWorldSimulator/src/engine/phaseReputationTraits.ts:297:5)
    at phaseReputationTraits (C:/Users/chris/Dev/Projects/TheFantasyWorldSimulator/src/engine/phaseReputationTraits.ts:273:7)
    at runTick (C:/Users/chris/Dev/Projects/TheFantasyWorldSimulator/src/engine/orchestrator.ts:1896:18)
    at C:/Users/chris/Dev/Projects/TheFantasyWorldSimulator/src/engine/__tests__/traceBuffer-integration.test.ts:219:15
    at file:///C:/Users/chris/Dev/Projects/TheFantasyWorldSimulator/node_modules/@vitest/runner/dist/index.js:145:11
    at file:///C:/Users/chris/Dev/Projects/TheFantasyWorldSimulator/node_modules/@vitest/runner/dist/index.js:915:26
    at file:///C:/Users/chris/Dev/Projects/TheFantasyWorldSimulator/node_modules/@vitest/runner/dist/index.js:1243:20
    at new Promise (<anonymous>)
    at runWithTimeout (file:///C:/Users/chris/Dev/Projects/TheFantasyWorldSimulator/node_modules/@vitest/runner/dist/index.js:1209:10)
[Orchestrator] Tick crashed, returning previous state: Error: Trait not found: trait.reputation.power.renown
    at assignTrait (C:/Users/chris/Dev/Projects/TheFantasyWorldSimulator/src/engine/traits.ts:44:25)
    at syncReputationTrait (C:/Users/chris/Dev/Projects/TheFantasyWorldSimulator/src/engine/phaseReputationTraits.ts:297:5)
    at phaseReputationTraits (C:/Users/chris/Dev/Projects/TheFantasyWorldSimulator/src/engine/phaseReputationTraits.ts:273:7)
    at runTick (C:/Users/chris/Dev/Projects/TheFantasyWorldSimulator/src/engine/orchestrator.ts:1896:18)
    at C:/Users/chris/Dev/Projects/TheFantasyWorldSimulator/src/engine/__tests__/traceBuffer-integration.test.ts:219:15
    at file:///C:/Users/chris/Dev/Projects/TheFantasyWorldSimulator/node_modules/@vitest/runner/dist/index.js:145:11
    at file:///C:/Users/chris/Dev/Projects/TheFantasyWorldSimulator/node_modules/@vitest/runner/dist/index.js:915:26
    at file:///C:/Users/chris/Dev/Projects/TheFantasyWorldSimulator/node_modules/@vitest/runner/dist/index.js:1243:20
    at new Promise (<anonymous>)
    at runWithTimeout (file:///C:/Users/chris/Dev/Projects/TheFantasyWorldSimulator/node_modules/@vitest/runner/dist/index.js:1209:10)
[Orchestrator] Tick crashed, returning previous state: Error: Trait not found: trait.reputation.power.renown
    at assignTrait (C:/Users/chris/Dev/Projects/TheFantasyWorldSimulator/src/engine/traits.ts:44:25)
    at syncReputationTrait (C:/Users/chris/Dev/Projects/TheFantasyWorldSimulator/src/engine/phaseReputationTraits.ts:297:5)
    at phaseReputationTraits (C:/Users/chris/Dev/Projects/TheFantasyWorldSimulator/src/engine/phaseReputationTraits.ts:273:7)
    at runTick (C:/Users/chris/Dev/Projects/TheFantasyWorldSimulator/src/engine/orchestrator.ts:1896:18)
    at C:/Users/chris/Dev/Projects/TheFantasyWorldSimulator/src/engine/__tests__/traceBuffer-integration.test.ts:219:15
    at file:///C:/Users/chris/Dev/Projects/TheFantasyWorldSimulator/node_modules/@vitest/runner/dist/index.js:145:11
    at file:///C:/Users/chris/Dev/Projects/TheFantasyWorldSimulator/node_modules/@vitest/runner/dist/index.js:915:26
    at file:///C:/Users/chris/Dev/Projects/TheFantasyWorldSimulator/node_modules/@vitest/runner/dist/index.js:1243:20
    at new Promise (<anonymous>)
    at runWithTimeout (file:///C:/Users/chris/Dev/Projects/TheFantasyWorldSimulator/node_modules/@vitest/runner/dist/index.js:1209:10)
[Orchestrator] Tick crashed, returning previous state: Error: Trait not found: trait.reputation.power.renown
    at assignTrait (C:/Users/chris/Dev/Projects/TheFantasyWorldSimulator/src/engine/traits.ts:44:25)
    at syncReputationTrait (C:/Users/chris/Dev/Projects/TheFantasyWorldSimulator/src/engine/phaseReputationTraits.ts:297:5)
    at phaseReputationTraits (C:/Users/chris/Dev/Projects/TheFantasyWorldSimulator/src/engine/phaseReputationTraits.ts:273:7)
    at runTick (C:/Users/chris/Dev/Projects/TheFantasyWorldSimulator/src/engine/orchestrator.ts:1896:18)
    at C:/Users/chris/Dev/Projects/TheFantasyWorldSimulator/src/engine/__tests__/traceBuffer-integration.test.ts:219:15
    at file:///C:/Users/chris/Dev/Projects/TheFantasyWorldSimulator/node_modules/@vitest/runner/dist/index.js:145:11
    at file:///C:/Users/chris/Dev/Projects/TheFantasyWorldSimulator/node_modules/@vitest/runner/dist/index.js:915:26
    at file:///C:/Users/chris/Dev/Projects/TheFantasyWorldSimulator/node_modules/@vitest/runner/dist/index.js:1243:20
    at new Promise (<anonymous>)
    at runWithTimeout (file:///C:/Users/chris/Dev/Projects/TheFantasyWorldSimulator/node_modules/@vitest/runner/dist/index.js:1209:10)
[Orchestrator] Tick crashed, returning previous state: Error: Trait not found: trait.reputation.power.renown
    at assignTrait (C:/Users/chris/Dev/Projects/TheFantasyWorldSimulator/src/engine/traits.ts:44:25)
    at syncReputationTrait (C:/Users/chris/Dev/Projects/TheFantasyWorldSimulator/src/engine/phaseReputationTraits.ts:297:5)
    at phaseReputationTraits (C:/Users/chris/Dev/Projects/TheFantasyWorldSimulator/src/engine/phaseReputationTraits.ts:273:7)
    at runTick (C:/Users/chris/Dev/Projects/TheFantasyWorldSimulator/src/engine/orchestrator.ts:1896:18)
    at C:/Users/chris/Dev/Projects/TheFantasyWorldSimulator/src/engine/__tests__/traceBuffer-integration.test.ts:219:15
    at file:///C:/Users/chris/Dev/Projects/TheFantasyWorldSimulator/node_modules/@vitest/runner/dist/index.js:145:11
    at file:///C:/Users/chris/Dev/Projects/TheFantasyWorldSimulator/node_modules/@vitest/runner/dist/index.js:915:26
    at file:///C:/Users/chris/Dev/Projects/TheFantasyWorldSimulator/node_modules/@vitest/runner/dist/index.js:1243:20
    at new Promise (<anonymous>)
    at runWithTimeout (file:///C:/Users/chris/Dev/Projects/TheFantasyWorldSimulator/node_modules/@vitest/runner/dist/index.js:1209:10)
[Orchestrator] Tick crashed, returning previous state: Error: Trait not found: trait.reputation.power.renown
    at assignTrait (C:/Users/chris/Dev/Projects/TheFantasyWorldSimulator/src/engine/traits.ts:44:25)
    at syncReputationTrait (C:/Users/chris/Dev/Projects/TheFantasyWorldSimulator/src/engine/phaseReputationTraits.ts:297:5)
    at phaseReputationTraits (C:/Users/chris/Dev/Projects/TheFantasyWorldSimulator/src/engine/phaseReputationTraits.ts:273:7)
    at runTick (C:/Users/chris/Dev/Projects/TheFantasyWorldSimulator/src/engine/orchestrator.ts:1896:18)
    at C:/Users/chris/Dev/Projects/TheFantasyWorldSimulator/src/engine/__tests__/traceBuffer-integration.test.ts:219:15
    at file:///C:/Users/chris/Dev/Projects/TheFantasyWorldSimulator/node_modules/@vitest/runner/dist/index.js:145:11
    at file:///C:/Users/chris/Dev/Projects/TheFantasyWorldSimulator/node_modules/@vitest/runner/dist/index.js:915:26
    at file:///C:/Users/chris/Dev/Projects/TheFantasyWorldSimulator/node_modules/@vitest/runner/dist/index.js:1243:20
    at new Promise (<anonymous>)
    at runWithTimeout (file:///C:/Users/chris/Dev/Projects/TheFantasyWorldSimulator/node_modules/@vitest/runner/dist/index.js:1209:10)
[Orchestrator] Tick crashed, returning previous state: Error: Trait not found: trait.reputation.power.renown
    at assignTrait (C:/Users/chris/Dev/Projects/TheFantasyWorldSimulator/src/engine/traits.ts:44:25)
    at syncReputationTrait (C:/Users/chris/Dev/Projects/TheFantasyWorldSimulator/src/engine/phaseReputationTraits.ts:297:5)
    at phaseReputationTraits (C:/Users/chris/Dev/Projects/TheFantasyWorldSimulator/src/engine/phaseReputationTraits.ts:273:7)
    at runTick (C:/Users/chris/Dev/Projects/TheFantasyWorldSimulator/src/engine/orchestrator.ts:1896:18)
    at C:/Users/chris/Dev/Projects/TheFantasyWorldSimulator/src/engine/__tests__/traceBuffer-integration.test.ts:219:15
    at file:///C:/Users/chris/Dev/Projects/TheFantasyWorldSimulator/node_modules/@vitest/runner/dist/index.js:145:11
    at file:///C:/Users/chris/Dev/Projects/TheFantasyWorldSimulator/node_modules/@vitest/runner/dist/index.js:915:26
    at file:///C:/Users/chris/Dev/Projects/TheFantasyWorldSimulator/node_modules/@vitest/runner/dist/index.js:1243:20
    at new Promise (<anonymous>)
    at runWithTimeout (file:///C:/Users/chris/Dev/Projects/TheFantasyWorldSimulator/node_modules/@vitest/runner/dist/index.js:1209:10)
[Orchestrator] Tick crashed, returning previous state: Error: Trait not found: trait.reputation.power.renown
    at assignTrait (C:/Users/chris/Dev/Projects/TheFantasyWorldSimulator/src/engine/traits.ts:44:25)
    at syncReputationTrait (C:/Users/chris/Dev/Projects/TheFantasyWorldSimulator/src/engine/phaseReputationTraits.ts:297:5)
    at phaseReputationTraits (C:/Users/chris/Dev/Projects/TheFantasyWorldSimulator/src/engine/phaseReputationTraits.ts:273:7)
    at runTick (C:/Users/chris/Dev/Projects/TheFantasyWorldSimulator/src/engine/orchestrator.ts:1896:18)
    at C:/Users/chris/Dev/Projects/TheFantasyWorldSimulator/src/engine/__tests__/traceBuffer-integration.test.ts:219:15
    at file:///C:/Users/chris/Dev/Projects/TheFantasyWorldSimulator/node_modules/@vitest/runner/dist/index.js:145:11
    at file:///C:/Users/chris/Dev/Projects/TheFantasyWorldSimulator/node_modules/@vitest/runner/dist/index.js:915:26
    at file:///C:/Users/chris/Dev/Projects/TheFantasyWorldSimulator/node_modules/@vitest/runner/dist/index.js:1243:20
    at new Promise (<anonymous>)
    at runWithTimeout (file:///C:/Users/chris/Dev/Projects/TheFantasyWorldSimulator/node_modules/@vitest/runner/dist/index.js:1209:10)
[Orchestrator] Tick crashed, returning previous state: Error: Trait not found: trait.reputation.power.renown
    at assignTrait (C:/Users/chris/Dev/Projects/TheFantasyWorldSimulator/src/engine/traits.ts:44:25)
    at syncReputationTrait (C:/Users/chris/Dev/Projects/TheFantasyWorldSimulator/src/engine/phaseReputationTraits.ts:297:5)
    at phaseReputationTraits (C:/Users/chris/Dev/Projects/TheFantasyWorldSimulator/src/engine/phaseReputationTraits.ts:273:7)
    at runTick (C:/Users/chris/Dev/Projects/TheFantasyWorldSimulator/src/engine/orchestrator.ts:1896:18)
    at C:/Users/chris/Dev/Projects/TheFantasyWorldSimulator/src/engine/__tests__/traceBuffer-integration.test.ts:219:15
    at file:///C:/Users/chris/Dev/Projects/TheFantasyWorldSimulator/node_modules/@vitest/runner/dist/index.js:145:11
    at file:///C:/Users/chris/Dev/Projects/TheFantasyWorldSimulator/node_modules/@vitest/runner/dist/index.js:915:26
    at file:///C:/Users/chris/Dev/Projects/TheFantasyWorldSimulator/node_modules/@vitest/runner/dist/index.js:1243:20
    at new Promise (<anonymous>)
    at runWithTimeout (file:///C:/Users/chris/Dev/Projects/TheFantasyWorldSimulator/node_modules/@vitest/runner/dist/index.js:1209:10)
[Orchestrator] Tick crashed, returning previous state: Error: Trait not found: trait.reputation.power.renown
    at assignTrait (C:/Users/chris/Dev/Projects/TheFantasyWorldSimulator/src/engine/traits.ts:44:25)
    at syncReputationTrait (C:/Users/chris/Dev/Projects/TheFantasyWorldSimulator/src/engine/phaseReputationTraits.ts:297:5)
    at phaseReputationTraits (C:/Users/chris/Dev/Projects/TheFantasyWorldSimulator/src/engine/phaseReputationTraits.ts:273:7)
    at runTick (C:/Users/chris/Dev/Projects/TheFantasyWorldSimulator/src/engine/orchestrator.ts:1896:18)
    at C:/Users/chris/Dev/Projects/TheFantasyWorldSimulator/src/engine/__tests__/traceBuffer-integration.test.ts:219:15
    at file:///C:/Users/chris/Dev/Projects/TheFantasyWorldSimulator/node_modules/@vitest/runner/dist/index.js:145:11
    at file:///C:/Users/chris/Dev/Projects/TheFantasyWorldSimulator/node_modules/@vitest/runner/dist/index.js:915:26
    at file:///C:/Users/chris/Dev/Projects/TheFantasyWorldSimulator/node_modules/@vitest/runner/dist/index.js:1243:20
    at new Promise (<anonymous>)
    at runWithTimeout (file:///C:/Users/chris/Dev/Projects/TheFantasyWorldSimulator/node_modules/@vitest/runner/dist/index.js:1209:10)
[Orchestrator] Tick crashed, returning previous state: Error: Trait not found: trait.reputation.power.renown
    at assignTrait (C:/Users/chris/Dev/Projects/TheFantasyWorldSimulator/src/engine/traits.ts:44:25)
    at syncReputationTrait (C:/Users/chris/Dev/Projects/TheFantasyWorldSimulator/src/engine/phaseReputationTraits.ts:297:5)
    at phaseReputationTraits (C:/Users/chris/Dev/Projects/TheFantasyWorldSimulator/src/engine/phaseReputationTraits.ts:273:7)
    at runTick (C:/Users/chris/Dev/Projects/TheFantasyWorldSimulator/src/engine/orchestrator.ts:1896:18)
    at C:/Users/chris/Dev/Projects/TheFantasyWorldSimulator/src/engine/__tests__/traceBuffer-integration.test.ts:219:15
    at file:///C:/Users/chris/Dev/Projects/TheFantasyWorldSimulator/node_modules/@vitest/runner/dist/index.js:145:11
    at file:///C:/Users/chris/Dev/Projects/TheFantasyWorldSimulator/node_modules/@vitest/runner/dist/index.js:915:26
    at file:///C:/Users/chris/Dev/Projects/TheFantasyWorldSimulator/node_modules/@vitest/runner/dist/index.js:1243:20
    at new Promise (<anonymous>)
    at runWithTimeout (file:///C:/Users/chris/Dev/Projects/TheFantasyWorldSimulator/node_modules/@vitest/runner/dist/index.js:1209:10)
[Orchestrator] Tick crashed, returning previous state: Error: Trait not found: trait.reputation.power.renown
    at assignTrait (C:/Users/chris/Dev/Projects/TheFantasyWorldSimulator/src/engine/traits.ts:44:25)
    at syncReputationTrait (C:/Users/chris/Dev/Projects/TheFantasyWorldSimulator/src/engine/phaseReputationTraits.ts:297:5)
    at phaseReputationTraits (C:/Users/chris/Dev/Projects/TheFantasyWorldSimulator/src/engine/phaseReputationTraits.ts:273:7)
    at runTick (C:/Users/chris/Dev/Projects/TheFantasyWorldSimulator/src/engine/orchestrator.ts:1896:18)
    at C:/Users/chris/Dev/Projects/TheFantasyWorldSimulator/src/engine/__tests__/traceBuffer-integration.test.ts:219:15
    at file:///C:/Users/chris/Dev/Projects/TheFantasyWorldSimulator/node_modules/@vitest/runner/dist/index.js:145:11
    at file:///C:/Users/chris/Dev/Projects/TheFantasyWorldSimulator/node_modules/@vitest/runner/dist/index.js:915:26
    at file:///C:/Users/chris/Dev/Projects/TheFantasyWorldSimulator/node_modules/@vitest/runner/dist/index.js:1243:20
    at new Promise (<anonymous>)
    at runWithTimeout (file:///C:/Users/chris/Dev/Projects/TheFantasyWorldSimulator/node_modules/@vitest/runner/dist/index.js:1209:10)
[Orchestrator] Tick crashed, returning previous state: Error: Trait not found: trait.reputation.power.renown
    at assignTrait (C:/Users/chris/Dev/Projects/TheFantasyWorldSimulator/src/engine/traits.ts:44:25)
    at syncReputationTrait (C:/Users/chris/Dev/Projects/TheFantasyWorldSimulator/src/engine/phaseReputationTraits.ts:297:5)
    at phaseReputationTraits (C:/Users/chris/Dev/Projects/TheFantasyWorldSimulator/src/engine/phaseReputationTraits.ts:273:7)
    at runTick (C:/Users/chris/Dev/Projects/TheFantasyWorldSimulator/src/engine/orchestrator.ts:1896:18)
    at C:/Users/chris/Dev/Projects/TheFantasyWorldSimulator/src/engine/__tests__/traceBuffer-integration.test.ts:219:15
    at file:///C:/Users/chris/Dev/Projects/TheFantasyWorldSimulator/node_modules/@vitest/runner/dist/index.js:145:11
    at file:///C:/Users/chris/Dev/Projects/TheFantasyWorldSimulator/node_modules/@vitest/runner/dist/index.js:915:26
    at file:///C:/Users/chris/Dev/Projects/TheFantasyWorldSimulator/node_modules/@vitest/runner/dist/index.js:1243:20
    at new Promise (<anonymous>)
    at runWithTimeout (file:///C:/Users/chris/Dev/Projects/TheFantasyWorldSimulator/node_modules/@vitest/runner/dist/index.js:1209:10)
[Orchestrator] Tick crashed, returning previous state: Error: Trait not found: trait.reputation.power.renown
    at assignTrait (C:/Users/chris/Dev/Projects/TheFantasyWorldSimulator/src/engine/traits.ts:44:25)
    at syncReputationTrait (C:/Users/chris/Dev/Projects/TheFantasyWorldSimulator/src/engine/phaseReputationTraits.ts:297:5)
    at phaseReputationTraits (C:/Users/chris/Dev/Projects/TheFantasyWorldSimulator/src/engine/phaseReputationTraits.ts:273:7)
    at runTick (C:/Users/chris/Dev/Projects/TheFantasyWorldSimulator/src/engine/orchestrator.ts:1896:18)
    at C:/Users/chris/Dev/Projects/TheFantasyWorldSimulator/src/engine/__tests__/traceBuffer-integration.test.ts:219:15
    at file:///C:/Users/chris/Dev/Projects/TheFantasyWorldSimulator/node_modules/@vitest/runner/dist/index.js:145:11
    at file:///C:/Users/chris/Dev/Projects/TheFantasyWorldSimulator/node_modules/@vitest/runner/dist/index.js:915:26
    at file:///C:/Users/chris/Dev/Projects/TheFantasyWorldSimulator/node_modules/@vitest/runner/dist/index.js:1243:20
    at new Promise (<anonymous>)
    at runWithTimeout (file:///C:/Users/chris/Dev/Projects/TheFantasyWorldSimulator/node_modules/@vitest/runner/dist/index.js:1209:10)
[Orchestrator] Tick crashed, returning previous state: Error: Trait not found: trait.reputation.power.renown
    at assignTrait (C:/Users/chris/Dev/Projects/TheFantasyWorldSimulator/src/engine/traits.ts:44:25)
    at syncReputationTrait (C:/Users/chris/Dev/Projects/TheFantasyWorldSimulator/src/engine/phaseReputationTraits.ts:297:5)
    at phaseReputationTraits (C:/Users/chris/Dev/Projects/TheFantasyWorldSimulator/src/engine/phaseReputationTraits.ts:273:7)
    at runTick (C:/Users/chris/Dev/Projects/TheFantasyWorldSimulator/src/engine/orchestrator.ts:1896:18)
    at C:/Users/chris/Dev/Projects/TheFantasyWorldSimulator/src/engine/__tests__/traceBuffer-integration.test.ts:219:15
    at file:///C:/Users/chris/Dev/Projects/TheFantasyWorldSimulator/node_modules/@vitest/runner/dist/index.js:145:11
    at file:///C:/Users/chris/Dev/Projects/TheFantasyWorldSimulator/node_modules/@vitest/runner/dist/index.js:915:26
    at file:///C:/Users/chris/Dev/Projects/TheFantasyWorldSimulator/node_modules/@vitest/runner/dist/index.js:1243:20
    at new Promise (<anonymous>)
    at runWithTimeout (file:///C:/Users/chris/Dev/Projects/TheFantasyWorldSimulator/node_modules/@vitest/runner/dist/index.js:1209:10)
[Orchestrator] Tick crashed, returning previous state: Error: Trait not found: trait.reputation.power.renown
    at assignTrait (C:/Users/chris/Dev/Projects/TheFantasyWorldSimulator/src/engine/traits.ts:44:25)
    at syncReputationTrait (C:/Users/chris/Dev/Projects/TheFantasyWorldSimulator/src/engine/phaseReputationTraits.ts:297:5)
    at phaseReputationTraits (C:/Users/chris/Dev/Projects/TheFantasyWorldSimulator/src/engine/phaseReputationTraits.ts:273:7)
    at runTick (C:/Users/chris/Dev/Projects/TheFantasyWorldSimulator/src/engine/orchestrator.ts:1896:18)
    at C:/Users/chris/Dev/Projects/TheFantasyWorldSimulator/src/engine/__tests__/traceBuffer-integration.test.ts:219:15
    at file:///C:/Users/chris/Dev/Projects/TheFantasyWorldSimulator/node_modules/@vitest/runner/dist/index.js:145:11
    at file:///C:/Users/chris/Dev/Projects/TheFantasyWorldSimulator/node_modules/@vitest/runner/dist/index.js:915:26
    at file:///C:/Users/chris/Dev/Projects/TheFantasyWorldSimulator/node_modules/@vitest/runner/dist/index.js:1243:20
    at new Promise (<anonymous>)
    at runWithTimeout (file:///C:/Users/chris/Dev/Projects/TheFantasyWorldSimulator/node_modules/@vitest/runner/dist/index.js:1209:10)
[Orchestrator] Tick crashed, returning previous state: Error: Trait not found: trait.reputation.power.renown
    at assignTrait (C:/Users/chris/Dev/Projects/TheFantasyWorldSimulator/src/engine/traits.ts:44:25)
    at syncReputationTrait (C:/Users/chris/Dev/Projects/TheFantasyWorldSimulator/src/engine/phaseReputationTraits.ts:297:5)
    at phaseReputationTraits (C:/Users/chris/Dev/Projects/TheFantasyWorldSimulator/src/engine/phaseReputationTraits.ts:273:7)
    at runTick (C:/Users/chris/Dev/Projects/TheFantasyWorldSimulator/src/engine/orchestrator.ts:1896:18)
    at C:/Users/chris/Dev/Projects/TheFantasyWorldSimulator/src/engine/__tests__/traceBuffer-integration.test.ts:219:15
    at file:///C:/Users/chris/Dev/Projects/TheFantasyWorldSimulator/node_modules/@vitest/runner/dist/index.js:145:11
    at file:///C:/Users/chris/Dev/Projects/TheFantasyWorldSimulator/node_modules/@vitest/runner/dist/index.js:915:26
    at file:///C:/Users/chris/Dev/Projects/TheFantasyWorldSimulator/node_modules/@vitest/runner/dist/index.js:1243:20
    at new Promise (<anonymous>)
    at runWithTimeout (file:///C:/Users/chris/Dev/Projects/TheFantasyWorldSimulator/node_modules/@vitest/runner/dist/index.js:1209:10)
[Orchestrator] Tick crashed, returning previous state: Error: Trait not found: trait.reputation.power.renown
    at assignTrait (C:/Users/chris/Dev/Projects/TheFantasyWorldSimulator/src/engine/traits.ts:44:25)
    at syncReputationTrait (C:/Users/chris/Dev/Projects/TheFantasyWorldSimulator/src/engine/phaseReputationTraits.ts:297:5)
    at phaseReputationTraits (C:/Users/chris/Dev/Projects/TheFantasyWorldSimulator/src/engine/phaseReputationTraits.ts:273:7)
    at runTick (C:/Users/chris/Dev/Projects/TheFantasyWorldSimulator/src/engine/orchestrator.ts:1896:18)
    at C:/Users/chris/Dev/Projects/TheFantasyWorldSimulator/src/engine/__tests__/traceBuffer-integration.test.ts:219:15
    at file:///C:/Users/chris/Dev/Projects/TheFantasyWorldSimulator/node_modules/@vitest/runner/dist/index.js:145:11
    at file:///C:/Users/chris/Dev/Projects/TheFantasyWorldSimulator/node_modules/@vitest/runner/dist/index.js:915:26
    at file:///C:/Users/chris/Dev/Projects/TheFantasyWorldSimulator/node_modules/@vitest/runner/dist/index.js:1243:20
    at new Promise (<anonymous>)
    at runWithTimeout (file:///C:/Users/chris/Dev/Projects/TheFantasyWorldSimulator/node_modules/@vitest/runner/dist/index.js:1209:10)
[Orchestrator] Tick crashed, returning previous state: Error: Trait not found: trait.reputation.power.renown
    at assignTrait (C:/Users/chris/Dev/Projects/TheFantasyWorldSimulator/src/engine/traits.ts:44:25)
    at syncReputationTrait (C:/Users/chris/Dev/Projects/TheFantasyWorldSimulator/src/engine/phaseReputationTraits.ts:297:5)
    at phaseReputationTraits (C:/Users/chris/Dev/Projects/TheFantasyWorldSimulator/src/engine/phaseReputationTraits.ts:273:7)
    at runTick (C:/Users/chris/Dev/Projects/TheFantasyWorldSimulator/src/engine/orchestrator.ts:1896:18)
    at C:/Users/chris/Dev/Projects/TheFantasyWorldSimulator/src/engine/__tests__/traceBuffer-integration.test.ts:219:15
    at file:///C:/Users/chris/Dev/Projects/TheFantasyWorldSimulator/node_modules/@vitest/runner/dist/index.js:145:11
    at file:///C:/Users/chris/Dev/Projects/TheFantasyWorldSimulator/node_modules/@vitest/runner/dist/index.js:915:26
    at file:///C:/Users/chris/Dev/Projects/TheFantasyWorldSimulator/node_modules/@vitest/runner/dist/index.js:1243:20
    at new Promise (<anonymous>)
    at runWithTimeout (file:///C:/Users/chris/Dev/Projects/TheFantasyWorldSimulator/node_modules/@vitest/runner/dist/index.js:1209:10)
[Orchestrator] Tick crashed, returning previous state: Error: Trait not found: trait.reputation.power.renown
    at assignTrait (C:/Users/chris/Dev/Projects/TheFantasyWorldSimulator/src/engine/traits.ts:44:25)
    at syncReputationTrait (C:/Users/chris/Dev/Projects/TheFantasyWorldSimulator/src/engine/phaseReputationTraits.ts:297:5)
    at phaseReputationTraits (C:/Users/chris/Dev/Projects/TheFantasyWorldSimulator/src/engine/phaseReputationTraits.ts:273:7)
    at runTick (C:/Users/chris/Dev/Projects/TheFantasyWorldSimulator/src/engine/orchestrator.ts:1896:18)
    at C:/Users/chris/Dev/Projects/TheFantasyWorldSimulator/src/engine/__tests__/traceBuffer-integration.test.ts:219:15
    at file:///C:/Users/chris/Dev/Projects/TheFantasyWorldSimulator/node_modules/@vitest/runner/dist/index.js:145:11
    at file:///C:/Users/chris/Dev/Projects/TheFantasyWorldSimulator/node_modules/@vitest/runner/dist/index.js:915:26
    at file:///C:/Users/chris/Dev/Projects/TheFantasyWorldSimulator/node_modules/@vitest/runner/dist/index.js:1243:20
    at new Promise (<anonymous>)
    at runWithTimeout (file:///C:/Users/chris/Dev/Projects/TheFantasyWorldSimulator/node_modules/@vitest/runner/dist/index.js:1209:10)
[Orchestrator] Tick crashed, returning previous state: Error: Trait not found: trait.reputation.power.renown
    at assignTrait (C:/Users/chris/Dev/Projects/TheFantasyWorldSimulator/src/engine/traits.ts:44:25)
    at syncReputationTrait (C:/Users/chris/Dev/Projects/TheFantasyWorldSimulator/src/engine/phaseReputationTraits.ts:297:5)
    at phaseReputationTraits (C:/Users/chris/Dev/Projects/TheFantasyWorldSimulator/src/engine/phaseReputationTraits.ts:273:7)
    at runTick (C:/Users/chris/Dev/Projects/TheFantasyWorldSimulator/src/engine/orchestrator.ts:1896:18)
    at C:/Users/chris/Dev/Projects/TheFantasyWorldSimulator/src/engine/__tests__/traceBuffer-integration.test.ts:219:15
    at file:///C:/Users/chris/Dev/Projects/TheFantasyWorldSimulator/node_modules/@vitest/runner/dist/index.js:145:11
    at file:///C:/Users/chris/Dev/Projects/TheFantasyWorldSimulator/node_modules/@vitest/runner/dist/index.js:915:26
    at file:///C:/Users/chris/Dev/Projects/TheFantasyWorldSimulator/node_modules/@vitest/runner/dist/index.js:1243:20
    at new Promise (<anonymous>)
    at runWithTimeout (file:///C:/Users/chris/Dev/Projects/TheFantasyWorldSimulator/node_modules/@vitest/runner/dist/index.js:1209:10)
[Orchestrator] Tick crashed, returning previous state: Error: Trait not found: trait.reputation.power.renown
    at assignTrait (C:/Users/chris/Dev/Projects/TheFantasyWorldSimulator/src/engine/traits.ts:44:25)
    at syncReputationTrait (C:/Users/chris/Dev/Projects/TheFantasyWorldSimulator/src/engine/phaseReputationTraits.ts:297:5)
    at phaseReputationTraits (C:/Users/chris/Dev/Projects/TheFantasyWorldSimulator/src/engine/phaseReputationTraits.ts:273:7)
    at runTick (C:/Users/chris/Dev/Projects/TheFantasyWorldSimulator/src/engine/orchestrator.ts:1896:18)
    at C:/Users/chris/Dev/Projects/TheFantasyWorldSimulator/src/engine/__tests__/traceBuffer-integration.test.ts:219:15
    at file:///C:/Users/chris/Dev/Projects/TheFantasyWorldSimulator/node_modules/@vitest/runner/dist/index.js:145:11
    at file:///C:/Users/chris/Dev/Projects/TheFantasyWorldSimulator/node_modules/@vitest/runner/dist/index.js:915:26
    at file:///C:/Users/chris/Dev/Projects/TheFantasyWorldSimulator/node_modules/@vitest/runner/dist/index.js:1243:20
    at new Promise (<anonymous>)
    at runWithTimeout (file:///C:/Users/chris/Dev/Projects/TheFantasyWorldSimulator/node_modules/@vitest/runner/dist/index.js:1209:10)
[Orchestrator] Tick crashed, returning previous state: Error: Trait not found: trait.reputation.power.renown
    at assignTrait (C:/Users/chris/Dev/Projects/TheFantasyWorldSimulator/src/engine/traits.ts:44:25)
    at syncReputationTrait (C:/Users/chris/Dev/Projects/TheFantasyWorldSimulator/src/engine/phaseReputationTraits.ts:297:5)
    at phaseReputationTraits (C:/Users/chris/Dev/Projects/TheFantasyWorldSimulator/src/engine/phaseReputationTraits.ts:273:7)
    at runTick (C:/Users/chris/Dev/Projects/TheFantasyWorldSimulator/src/engine/orchestrator.ts:1896:18)
    at C:/Users/chris/Dev/Projects/TheFantasyWorldSimulator/src/engine/__tests__/traceBuffer-integration.test.ts:219:15
    at file:///C:/Users/chris/Dev/Projects/TheFantasyWorldSimulator/node_modules/@vitest/runner/dist/index.js:145:11
    at file:///C:/Users/chris/Dev/Projects/TheFantasyWorldSimulator/node_modules/@vitest/runner/dist/index.js:915:26
    at file:///C:/Users/chris/Dev/Projects/TheFantasyWorldSimulator/node_modules/@vitest/runner/dist/index.js:1243:20
    at new Promise (<anonymous>)
    at runWithTimeout (file:///C:/Users/chris/Dev/Projects/TheFantasyWorldSimulator/node_modules/@vitest/runner/dist/index.js:1209:10)
[Orchestrator] Tick crashed, returning previous state: Error: Trait not found: trait.reputation.power.renown
    at assignTrait (C:/Users/chris/Dev/Projects/TheFantasyWorldSimulator/src/engine/traits.ts:44:25)
    at syncReputationTrait (C:/Users/chris/Dev/Projects/TheFantasyWorldSimulator/src/engine/phaseReputationTraits.ts:297:5)
    at phaseReputationTraits (C:/Users/chris/Dev/Projects/TheFantasyWorldSimulator/src/engine/phaseReputationTraits.ts:273:7)
    at runTick (C:/Users/chris/Dev/Projects/TheFantasyWorldSimulator/src/engine/orchestrator.ts:1896:18)
    at C:/Users/chris/Dev/Projects/TheFantasyWorldSimulator/src/engine/__tests__/traceBuffer-integration.test.ts:219:15
    at file:///C:/Users/chris/Dev/Projects/TheFantasyWorldSimulator/node_modules/@vitest/runner/dist/index.js:145:11
    at file:///C:/Users/chris/Dev/Projects/TheFantasyWorldSimulator/node_modules/@vitest/runner/dist/index.js:915:26
    at file:///C:/Users/chris/Dev/Projects/TheFantasyWorldSimulator/node_modules/@vitest/runner/dist/index.js:1243:20
    at new Promise (<anonymous>)
    at runWithTimeout (file:///C:/Users/chris/Dev/Projects/TheFantasyWorldSimulator/node_modules/@vitest/runner/dist/index.js:1209:10)
[Orchestrator] Tick crashed, returning previous state: Error: Trait not found: trait.reputation.power.renown
    at assignTrait (C:/Users/chris/Dev/Projects/TheFantasyWorldSimulator/src/engine/traits.ts:44:25)
    at syncReputationTrait (C:/Users/chris/Dev/Projects/TheFantasyWorldSimulator/src/engine/phaseReputationTraits.ts:297:5)
    at phaseReputationTraits (C:/Users/chris/Dev/Projects/TheFantasyWorldSimulator/src/engine/phaseReputationTraits.ts:273:7)
    at runTick (C:/Users/chris/Dev/Projects/TheFantasyWorldSimulator/src/engine/orchestrator.ts:1896:18)
    at C:/Users/chris/Dev/Projects/TheFantasyWorldSimulator/src/engine/__tests__/traceBuffer-integration.test.ts:219:15
    at file:///C:/Users/chris/Dev/Projects/TheFantasyWorldSimulator/node_modules/@vitest/runner/dist/index.js:145:11
    at file:///C:/Users/chris/Dev/Projects/TheFantasyWorldSimulator/node_modules/@vitest/runner/dist/index.js:915:26
    at file:///C:/Users/chris/Dev/Projects/TheFantasyWorldSimulator/node_modules/@vitest/runner/dist/index.js:1243:20
    at new Promise (<anonymous>)
    at runWithTimeout (file:///C:/Users/chris/Dev/Projects/TheFantasyWorldSimulator/node_modules/@vitest/runner/dist/index.js:1209:10)
[Orchestrator] Tick crashed, returning previous state: Error: Trait not found: trait.reputation.power.renown
    at assignTrait (C:/Users/chris/Dev/Projects/TheFantasyWorldSimulator/src/engine/traits.ts:44:25)
    at syncReputationTrait (C:/Users/chris/Dev/Projects/TheFantasyWorldSimulator/src/engine/phaseReputationTraits.ts:297:5)
    at phaseReputationTraits (C:/Users/chris/Dev/Projects/TheFantasyWorldSimulator/src/engine/phaseReputationTraits.ts:273:7)
    at runTick (C:/Users/chris/Dev/Projects/TheFantasyWorldSimulator/src/engine/orchestrator.ts:1896:18)
    at C:/Users/chris/Dev/Projects/TheFantasyWorldSimulator/src/engine/__tests__/traceBuffer-integration.test.ts:219:15
    at file:///C:/Users/chris/Dev/Projects/TheFantasyWorldSimulator/node_modules/@vitest/runner/dist/index.js:145:11
    at file:///C:/Users/chris/Dev/Projects/TheFantasyWorldSimulator/node_modules/@vitest/runner/dist/index.js:915:26
    at file:///C:/Users/chris/Dev/Projects/TheFantasyWorldSimulator/node_modules/@vitest/runner/dist/index.js:1243:20
    at new Promise (<anonymous>)
    at runWithTimeout (file:///C:/Users/chris/Dev/Projects/TheFantasyWorldSimulator/node_modules/@vitest/runner/dist/index.js:1209:10)
[Orchestrator] Tick crashed, returning previous state: Error: Trait not found: trait.reputation.power.renown
    at assignTrait (C:/Users/chris/Dev/Projects/TheFantasyWorldSimulator/src/engine/traits.ts:44:25)
    at syncReputationTrait (C:/Users/chris/Dev/Projects/TheFantasyWorldSimulator/src/engine/phaseReputationTraits.ts:297:5)
    at phaseReputationTraits (C:/Users/chris/Dev/Projects/TheFantasyWorldSimulator/src/engine/phaseReputationTraits.ts:273:7)
    at runTick (C:/Users/chris/Dev/Projects/TheFantasyWorldSimulator/src/engine/orchestrator.ts:1896:18)
    at C:/Users/chris/Dev/Projects/TheFantasyWorldSimulator/src/engine/__tests__/traceBuffer-integration.test.ts:219:15
    at file:///C:/Users/chris/Dev/Projects/TheFantasyWorldSimulator/node_modules/@vitest/runner/dist/index.js:145:11
    at file:///C:/Users/chris/Dev/Projects/TheFantasyWorldSimulator/node_modules/@vitest/runner/dist/index.js:915:26
    at file:///C:/Users/chris/Dev/Projects/TheFantasyWorldSimulator/node_modules/@vitest/runner/dist/index.js:1243:20
    at new Promise (<anonymous>)
    at runWithTimeout (file:///C:/Users/chris/Dev/Projects/TheFantasyWorldSimulator/node_modules/@vitest/runner/dist/index.js:1209:10)
[Orchestrator] Tick crashed, returning previous state: Error: Trait not found: trait.reputation.power.renown
    at assignTrait (C:/Users/chris/Dev/Projects/TheFantasyWorldSimulator/src/engine/traits.ts:44:25)
    at syncReputationTrait (C:/Users/chris/Dev/Projects/TheFantasyWorldSimulator/src/engine/phaseReputationTraits.ts:297:5)
    at phaseReputationTraits (C:/Users/chris/Dev/Projects/TheFantasyWorldSimulator/src/engine/phaseReputationTraits.ts:273:7)
    at runTick (C:/Users/chris/Dev/Projects/TheFantasyWorldSimulator/src/engine/orchestrator.ts:1896:18)
    at C:/Users/chris/Dev/Projects/TheFantasyWorldSimulator/src/engine/__tests__/traceBuffer-integration.test.ts:219:15
    at file:///C:/Users/chris/Dev/Projects/TheFantasyWorldSimulator/node_modules/@vitest/runner/dist/index.js:145:11
    at file:///C:/Users/chris/Dev/Projects/TheFantasyWorldSimulator/node_modules/@vitest/runner/dist/index.js:915:26
    at file:///C:/Users/chris/Dev/Projects/TheFantasyWorldSimulator/node_modules/@vitest/runner/dist/index.js:1243:20
    at new Promise (<anonymous>)
    at runWithTimeout (file:///C:/Users/chris/Dev/Projects/TheFantasyWorldSimulator/node_modules/@vitest/runner/dist/index.js:1209:10)
[Orchestrator] Tick crashed, returning previous state: Error: Trait not found: trait.reputation.power.renown
    at assignTrait (C:/Users/chris/Dev/Projects/TheFantasyWorldSimulator/src/engine/traits.ts:44:25)
    at syncReputationTrait (C:/Users/chris/Dev/Projects/TheFantasyWorldSimulator/src/engine/phaseReputationTraits.ts:297:5)
    at phaseReputationTraits (C:/Users/chris/Dev/Projects/TheFantasyWorldSimulator/src/engine/phaseReputationTraits.ts:273:7)
    at runTick (C:/Users/chris/Dev/Projects/TheFantasyWorldSimulator/src/engine/orchestrator.ts:1896:18)
    at C:/Users/chris/Dev/Projects/TheFantasyWorldSimulator/src/engine/__tests__/traceBuffer-integration.test.ts:219:15
    at file:///C:/Users/chris/Dev/Projects/TheFantasyWorldSimulator/node_modules/@vitest/runner/dist/index.js:145:11
    at file:///C:/Users/chris/Dev/Projects/TheFantasyWorldSimulator/node_modules/@vitest/runner/dist/index.js:915:26
    at file:///C:/Users/chris/Dev/Projects/TheFantasyWorldSimulator/node_modules/@vitest/runner/dist/index.js:1243:20
    at new Promise (<anonymous>)
    at runWithTimeout (file:///C:/Users/chris/Dev/Projects/TheFantasyWorldSimulator/node_modules/@vitest/runner/dist/index.js:1209:10)

stderr | src/engine/__tests__/armyAttrition.test.ts > monster territory attrition > army at hex with cleared_lair receives NO monster attrition
[GraphSchema] Edge "located_at" source should be "actor", got "location" (edge e_lair_lair1)

stderr | src/engine/__tests__/armyAttrition.test.ts > monster territory attrition > monster attrition is additive (added to existing attrition, not replacing it)
[GraphSchema] Edge "located_at" source should be "actor", got "location" (edge e_lair_lair1)

 [32m✓[39m src/data/__tests__/encounter-migration-audit.test.ts [2m([22m[2m5 tests[22m[2m)[22m[32m 9[2mms[22m[39m
 [32m✓[39m src/engine/__tests__/armyAttrition.test.ts [2m([22m[2m18 tests[22m[2m)[22m[32m 8[2mms[22m[39m
stderr | src/engine/__tests__/agentValidation.test.ts > validateAgentIntegrity > checks edge relationship targets have correct type
[GraphSchema] Edge "member_of" target should be "actor", got "location" (edge bad_member)
[GraphSchema] Edge "member_of" missing required property: "role" (edge bad_member)
[GraphSchema] Edge "member_of" missing required property: "rank" (edge bad_member)
[GraphSchema] Edge "member_of" missing required property: "joinedTick" (edge bad_member)

 [32m✓[39m src/engine/__tests__/agentValidation.test.ts [2m([22m[2m11 tests[22m[2m)[22m[32m 7[2mms[22m[39m
 [32m✓[39m src/engine/__tests__/phaseSpherePressure.test.ts [2m([22m[2m28 tests[22m[2m)[22m[32m 9[2mms[22m[39m
stderr | src/engine/__tests__/resolutionModifiers.test.ts > computeEquipmentModifier > sums reachBonus for matching reach
[GraphSchema] Edge "bonded_to" target should be "artifact_legendary", got "artifact" (edge e.test.3)

stderr | src/engine/__tests__/resolutionModifiers.test.ts > computeTerrainModifier > faction control bonus applies when agent is member of controlling faction
[GraphSchema] Edge "member_of" missing required property: "role" (edge e.test.11)
[GraphSchema] Edge "member_of" missing required property: "rank" (edge e.test.11)
[GraphSchema] Edge "member_of" missing required property: "joinedTick" (edge e.test.11)

stderr | src/engine/__tests__/resolutionModifiers.test.ts > computeTerrainModifier > caps total terrain modifier at TERRAIN_MODIFIER_CAP
[GraphSchema] Edge "member_of" missing required property: "role" (edge e.test.15)
[GraphSchema] Edge "member_of" missing required property: "rank" (edge e.test.15)
[GraphSchema] Edge "member_of" missing required property: "joinedTick" (edge e.test.15)

 [32m✓[39m src/engine/__tests__/resolutionModifiers.test.ts [2m([22m[2m30 tests[22m[2m)[22m[32m 8[2mms[22m[39m
[90mstdout[2m | src/components/Game/__tests__/GameView-debug.test.tsx[2m > [22m[2mGameView debug panel integration[2m > [22m[2mtoggles debug panel with backtick keyboard shortcut
[22m[39m[WorldGen] Pass 'province' completed in 2.2ms
[WorldGen] Pass 'elevation' completed in 5.4ms
[WorldGen] Pass 'coastline' completed in 4.0ms
[WorldGen] Pass 'climate' completed in 3.1ms
[WorldGen] Pass 'hydrology' completed in 1.1ms
[WorldGen] Pass 'tempReassess' completed in 0.0ms
[WorldGen] Pass 'biome' completed in 0.3ms
[WorldGen] Culture terrain nudge: 42 hexes modified
[WorldGen] Pass 'cultureTerrainNudge' completed in 0.2ms
[WorldGen] Pass 'smoothing' completed in 7.8ms
[WorldGen] Pass 'validation' completed in 1.0ms

stderr | src/components/Game/__tests__/GameView-debug.test.tsx > GameView debug panel integration > toggles debug panel with backtick keyboard shortcut
[WorldGen] Validation errors: [ 'Ocean fraction too low: 7.4%' ]
[GraphSchema] Edge "belongs_to" source should be ["actor","location"], got "region" (edge edge_hist_territory_region_15_hist_culture_0)
[GraphSchema] Edge "belongs_to" source should be ["actor","location"], got "region" (edge edge_hist_territory_region_19_hist_culture_1)
[GraphSchema] Edge "belongs_to" source should be ["actor","location"], got "region" (edge edge_hist_territory_region_3_hist_culture_2)
[GraphSchema] Edge "belongs_to" source should be ["actor","location"], got "region" (edge edge_hist_territory_region_13_hist_culture_0)
[GraphSchema] Edge "belongs_to" source should be ["actor","location"], got "region" (edge edge_hist_territory_region_14_hist_culture_1)
[GraphSchema] Edge "belongs_to" source should be ["actor","location"], got "region" (edge edge_hist_territory_region_12_hist_culture_2)
[GraphSchema] Edge "belongs_to" source should be ["actor","location"], got "region" (edge edge_hist_territory_region_16_hist_culture_0)
[GraphSchema] Edge "belongs_to" source should be ["actor","location"], got "region" (edge edge_hist_territory_region_18_hist_culture_1)
[GraphSchema] Edge "belongs_to" source should be ["actor","location"], got "region" (edge edge_hist_territory_region_17_hist_culture_2)
[GraphSchema] Edge "belongs_to" source should be ["actor","location"], got "region" (edge edge_hist_territory_region_7_hist_culture_0)
[GraphSchema] Edge "belongs_to" source should be ["actor","location"], got "region" (edge edge_hist_territory_region_9_hist_culture_2)
[GraphSchema] Edge "belongs_to" source should be ["actor","location"], got "region" (edge edge_hist_territory_region_11_hist_culture_0)
[GraphSchema] Edge "belongs_to" source should be ["actor","location"], got "region" (edge edge_hist_territory_region_2_hist_culture_2)
[GraphSchema] Edge "belongs_to" source should be ["actor","location"], got "region" (edge edge_hist_territory_region_0_hist_culture_0)
[GraphSchema] Edge "belongs_to" source should be ["actor","location"], got "region" (edge edge_hist_territory_region_6_hist_culture_2)
[GraphSchema] Edge "belongs_to" source should be ["actor","location"], got "region" (edge edge_hist_territory_region_10_hist_culture_0)
[GraphSchema] Edge "belongs_to" source should be ["actor","location"], got "region" (edge edge_hist_territory_region_1_hist_culture_2)
[GraphSchema] Edge "belongs_to" source should be ["actor","location"], got "region" (edge edge_hist_territory_region_5_hist_culture_0)

[90mstdout[2m | src/components/Game/__tests__/GameView-interaction.test.tsx[2m > [22m[2mGameView[2m > [22m[2mrenders simulation controls with tick info
[22m[39m[WorldGen] Pass 'province' completed in 4.2ms
[WorldGen] Pass 'elevation' completed in 7.9ms
[WorldGen] Pass 'coastline' completed in 5.8ms
[WorldGen] Pass 'climate' completed in 2.9ms
[WorldGen] Pass 'hydrology' completed in 5.0ms
[WorldGen] Pass 'tempReassess' completed in 0.0ms
[WorldGen] Pass 'biome' completed in 0.3ms
[WorldGen] Culture terrain nudge: 42 hexes modified
[WorldGen] Pass 'cultureTerrainNudge' completed in 0.1ms
[WorldGen] Pass 'smoothing' completed in 1.0ms
[WorldGen] Pass 'validation' completed in 0.9ms

stderr | src/components/Game/__tests__/GameView-interaction.test.tsx > GameView > renders simulation controls with tick info
[WorldGen] Validation errors: [ 'Ocean fraction too low: 7.4%' ]
[GraphSchema] Edge "belongs_to" source should be ["actor","location"], got "region" (edge edge_hist_territory_region_15_hist_culture_0)
[GraphSchema] Edge "belongs_to" source should be ["actor","location"], got "region" (edge edge_hist_territory_region_19_hist_culture_1)
[GraphSchema] Edge "belongs_to" source should be ["actor","location"], got "region" (edge edge_hist_territory_region_3_hist_culture_2)
[GraphSchema] Edge "belongs_to" source should be ["actor","location"], got "region" (edge edge_hist_territory_region_13_hist_culture_0)
[GraphSchema] Edge "belongs_to" source should be ["actor","location"], got "region" (edge edge_hist_territory_region_14_hist_culture_1)
[GraphSchema] Edge "belongs_to" source should be ["actor","location"], got "region" (edge edge_hist_territory_region_12_hist_culture_2)
[GraphSchema] Edge "belongs_to" source should be ["actor","location"], got "region" (edge edge_hist_territory_region_16_hist_culture_0)
[GraphSchema] Edge "belongs_to" source should be ["actor","location"], got "region" (edge edge_hist_territory_region_18_hist_culture_1)
[GraphSchema] Edge "belongs_to" source should be ["actor","location"], got "region" (edge edge_hist_territory_region_17_hist_culture_2)
[GraphSchema] Edge "belongs_to" source should be ["actor","location"], got "region" (edge edge_hist_territory_region_7_hist_culture_0)
[GraphSchema] Edge "belongs_to" source should be ["actor","location"], got "region" (edge edge_hist_territory_region_9_hist_culture_2)
[GraphSchema] Edge "belongs_to" source should be ["actor","location"], got "region" (edge edge_hist_territory_region_11_hist_culture_0)
[GraphSchema] Edge "belongs_to" source should be ["actor","location"], got "region" (edge edge_hist_territory_region_2_hist_culture_2)
[GraphSchema] Edge "belongs_to" source should be ["actor","location"], got "region" (edge edge_hist_territory_region_0_hist_culture_0)
[GraphSchema] Edge "belongs_to" source should be ["actor","location"], got "region" (edge edge_hist_territory_region_6_hist_culture_2)
[GraphSchema] Edge "belongs_to" source should be ["actor","location"], got "region" (edge edge_hist_territory_region_10_hist_culture_0)
[GraphSchema] Edge "belongs_to" source should be ["actor","location"], got "region" (edge edge_hist_territory_region_1_hist_culture_2)
[GraphSchema] Edge "belongs_to" source should be ["actor","location"], got "region" (edge edge_hist_territory_region_5_hist_culture_0)

 [32m✓[39m src/engine/__tests__/proseResolvers-tradeRoute.test.ts [2m([22m[2m22 tests[22m[2m)[22m[32m 8[2mms[22m[39m
 [32m✓[39m src/components/HexMapV2/scene/__tests__/ParticleBurstMesh.test.ts [2m([22m[2m19 tests[22m[2m)[22m[32m 9[2mms[22m[39m
 [32m✓[39m src/engine/__tests__/hexZoom.test.ts [2m([22m[2m22 tests[22m[2m)[22m[32m 9[2mms[22m[39m
stderr | src/engine/__tests__/graph.test.ts > WorldGraph > edge operations > queries edges by type
[GraphSchema] Edge "has_trait" target should be "trait", got "actor" (edge e2)

stderr | src/engine/__tests__/graph.test.ts > WorldGraph > neighborhood queries > gets all edges for a node (incoming + outgoing)
[GraphSchema] Edge "member_of" missing required property: "role" (edge e2)
[GraphSchema] Edge "member_of" missing required property: "rank" (edge e2)
[GraphSchema] Edge "member_of" missing required property: "joinedTick" (edge e2)

 [32m✓[39m src/engine/__tests__/echo.test.ts [2m([22m[2m30 tests[22m[2m)[22m[32m 8[2mms[22m[39m
stderr | src/engine/__tests__/graph.test.ts > WorldGraph > neighborhood queries > gets neighbors (connected node IDs)
[GraphSchema] Edge "member_of" missing required property: "role" (edge e2)
[GraphSchema] Edge "member_of" missing required property: "rank" (edge e2)
[GraphSchema] Edge "member_of" missing required property: "joinedTick" (edge e2)

stderr | src/engine/__tests__/graph.test.ts > WorldGraph > neighborhood queries > gets outgoing neighbors filtered by edge type
[GraphSchema] Edge "member_of" missing required property: "role" (edge e2)
[GraphSchema] Edge "member_of" missing required property: "rank" (edge e2)
[GraphSchema] Edge "member_of" missing required property: "joinedTick" (edge e2)

 [32m✓[39m src/engine/__tests__/battleSpotlights.test.ts [2m([22m[2m16 tests[22m[2m)[22m[32m 8[2mms[22m[39m
 [32m✓[39m src/engine/__tests__/graph.test.ts [2m([22m[2m18 tests[22m[2m)[22m[32m 10[2mms[22m[39m
21.18.35 [vite] (ssr) warning: Duplicate key "sacrifice_survival" in object literal
113 |              preservation_transformation: 0,
114 |              sacrifice_survival: 0,
115 |              sacrifice_survival: 0,
    |              ^
116 |              courage_prudence: 0,
117 |            },

  Plugin: vite:esbuild
  File: C:/Users/chris/Dev/Projects/TheFantasyWorldSimulator/src/engine/__tests__/agentDetail-integration.test.ts
[90mstdout[2m | src/components/Game/__tests__/GameView-interaction.test.tsx[2m > [22m[2mGameView[2m > [22m[2mrenders doom bar at top
[22m[39m[WorldGen] Pass 'province' completed in 1.6ms
[WorldGen] Pass 'elevation' completed in 2.5ms
[WorldGen] Pass 'coastline' completed in 6.4ms
[WorldGen] Pass 'climate' completed in 2.5ms
[WorldGen] Pass 'hydrology' completed in 1.0ms
[WorldGen] Pass 'tempReassess' completed in 0.0ms
[WorldGen] Pass 'biome' completed in 0.3ms
[WorldGen] Culture terrain nudge: 42 hexes modified
[WorldGen] Pass 'cultureTerrainNudge' completed in 0.1ms
[WorldGen] Pass 'smoothing' completed in 0.8ms
[WorldGen] Pass 'validation' completed in 0.5ms

stderr | src/components/Game/__tests__/GameView-interaction.test.tsx > GameView > renders doom bar at top
[WorldGen] Validation errors: [ 'Ocean fraction too low: 7.4%' ]
[GraphSchema] Edge "belongs_to" source should be ["actor","location"], got "region" (edge edge_hist_territory_region_15_hist_culture_0)
[GraphSchema] Edge "belongs_to" source should be ["actor","location"], got "region" (edge edge_hist_territory_region_19_hist_culture_1)
[GraphSchema] Edge "belongs_to" source should be ["actor","location"], got "region" (edge edge_hist_territory_region_3_hist_culture_2)
[GraphSchema] Edge "belongs_to" source should be ["actor","location"], got "region" (edge edge_hist_territory_region_13_hist_culture_0)
[GraphSchema] Edge "belongs_to" source should be ["actor","location"], got "region" (edge edge_hist_territory_region_14_hist_culture_1)
[GraphSchema] Edge "belongs_to" source should be ["actor","location"], got "region" (edge edge_hist_territory_region_12_hist_culture_2)
[GraphSchema] Edge "belongs_to" source should be ["actor","location"], got "region" (edge edge_hist_territory_region_16_hist_culture_0)
[GraphSchema] Edge "belongs_to" source should be ["actor","location"], got "region" (edge edge_hist_territory_region_18_hist_culture_1)
[GraphSchema] Edge "belongs_to" source should be ["actor","location"], got "region" (edge edge_hist_territory_region_17_hist_culture_2)
[GraphSchema] Edge "belongs_to" source should be ["actor","location"], got "region" (edge edge_hist_territory_region_7_hist_culture_0)
[GraphSchema] Edge "belongs_to" source should be ["actor","location"], got "region" (edge edge_hist_territory_region_9_hist_culture_2)
[GraphSchema] Edge "belongs_to" source should be ["actor","location"], got "region" (edge edge_hist_territory_region_11_hist_culture_0)
[GraphSchema] Edge "belongs_to" source should be ["actor","location"], got "region" (edge edge_hist_territory_region_2_hist_culture_2)
[GraphSchema] Edge "belongs_to" source should be ["actor","location"], got "region" (edge edge_hist_territory_region_0_hist_culture_0)
[GraphSchema] Edge "belongs_to" source should be ["actor","location"], got "region" (edge edge_hist_territory_region_6_hist_culture_2)
[GraphSchema] Edge "belongs_to" source should be ["actor","location"], got "region" (edge edge_hist_territory_region_10_hist_culture_0)
[GraphSchema] Edge "belongs_to" source should be ["actor","location"], got "region" (edge edge_hist_territory_region_1_hist_culture_2)
[GraphSchema] Edge "belongs_to" source should be ["actor","location"], got "region" (edge edge_hist_territory_region_5_hist_culture_0)

stderr | src/engine/__tests__/proseResolvers-historical.test.ts > Historical Culture Resolvers > historicalCultureResolver > returns prose with chaos foundationBias when culture has chaos identity
[GraphSchema] Edge "belongs_to" source should be ["actor","location"], got "region" (edge edge_0)

stderr | src/engine/__tests__/proseResolvers-historical.test.ts > Historical Culture Resolvers > historicalCultureResolver > returns prose with order foundationBias when culture has order identity
[GraphSchema] Edge "belongs_to" source should be ["actor","location"], got "region" (edge edge_0)

stderr | src/engine/__tests__/proseResolvers-historical.test.ts > Historical Culture Resolvers > historicalCultureResolver > uses unknown bias when foundationBias is missing
[GraphSchema] Edge "belongs_to" source should be ["actor","location"], got "region" (edge edge_0)

stderr | src/engine/__tests__/proseResolvers-historical.test.ts > Historical Culture Resolvers > historicalCultureResolver > selects a ruin descriptor from ruinDescriptors array
[GraphSchema] Edge "belongs_to" source should be ["actor","location"], got "region" (edge edge_0)

stderr | src/engine/__tests__/proseResolvers-historical.test.ts > Historical Culture Resolvers > historicalCultureResolver > uses fallback "weathered ruins" when ruinDescriptors is empty
[GraphSchema] Edge "belongs_to" source should be ["actor","location"], got "region" (edge edge_0)

stderr | src/engine/__tests__/proseResolvers-historical.test.ts > Historical Culture Resolvers > historicalCultureResolver > ignores non-historical culture edges
[GraphSchema] Edge "belongs_to" source should be ["actor","location"], got "region" (edge edge_0)

stderr | src/engine/__tests__/proseResolvers-historical.test.ts > Historical Culture Resolvers > regionEtymologyResolver > returns prose containing region name and culture name
[GraphSchema] Edge "belongs_to" source should be ["actor","location"], got "region" (edge edge_0)

stderr | src/engine/__tests__/proseResolvers-historical.test.ts > Historical Culture Resolvers > regionEtymologyResolver > returns prose explaining name etymology
[GraphSchema] Edge "belongs_to" source should be ["actor","location"], got "region" (edge edge_0)

stderr | src/engine/__tests__/proseResolvers-historical.test.ts > Historical Culture Resolvers > regionEtymologyResolver > ignores non-historical culture edges
[GraphSchema] Edge "belongs_to" source should be ["actor","location"], got "region" (edge edge_0)

 [32m✓[39m src/engine/__tests__/proseResolvers-historical.test.ts [2m([22m[2m16 tests[22m[2m)[22m[32m 8[2mms[22m[39m
 [32m✓[39m src/engine/__tests__/actionLifecycle.test.ts [2m([22m[2m21 tests[22m[2m)[22m[32m 8[2mms[22m[39m
stderr | src/engine/__tests__/modifiers.test.ts > collectModifiers > collects modifier from incoming edge
[GraphSchema] Edge "blessed" source should be "actor", got "trait" (edge e1)

 [32m✓[39m src/engine/__tests__/sphereAffinity.test.ts [2m([22m[2m36 tests[22m[2m)[22m[32m 8[2mms[22m[39m
 [32m✓[39m src/engine/__tests__/modifiers.test.ts [2m([22m[2m16 tests[22m[2m)[22m[32m 8[2mms[22m[39m
21.18.35 [vite] (ssr) warning: Duplicate key "loyalty_ambition" in object literal
28 |      honesty_cunning: 0,
29 |      sacrifice_survival: 0,
30 |      loyalty_ambition: 0,
   |      ^
31 |      tradition_novelty: 0,
32 |      preservation_transformation: 0,

  Plugin: vite:esbuild
  File: C:/Users/chris/Dev/Projects/TheFantasyWorldSimulator/src/engine/__tests__/disposition-seeding.test.ts
21.18.35 [vite] (ssr) warning: Duplicate key "mercy_ruthlessness" in object literal
31 |      tradition_novelty: 0,
32 |      preservation_transformation: 0,
33 |      mercy_ruthlessness: 0,
   |      ^
34 |      asceticism_extravagance: 0,
35 |    };

  Plugin: vite:esbuild
  File: C:/Users/chris/Dev/Projects/TheFantasyWorldSimulator/src/engine/__tests__/disposition-seeding.test.ts
 [32m✓[39m src/engine/__tests__/phaseReputationTraits.test.ts [2m([22m[2m16 tests[22m[2m)[22m[32m 7[2mms[22m[39m
stderr | src/engine/__tests__/agentDetail-integration.test.ts > agent detail integration > full flow: retinue agent → detail with archetype, values, bonds
[GraphSchema] Edge "member_of" missing required property: "rank" (edge m.1)
[GraphSchema] Edge "member_of" missing required property: "joinedTick" (edge m.1)

 [32m✓[39m src/engine/__tests__/agentDetail-integration.test.ts [2m([22m[2m2 tests[22m[2m)[22m[32m 8[2mms[22m[39m
[90mstdout[2m | src/components/Game/__tests__/GameView-interaction.test.tsx[2m > [22m[2mGameView[2m > [22m[2mrenders layout with top bar and right sidebar
[22m[39m[WorldGen] Pass 'province' completed in 1.7ms
[WorldGen] Pass 'elevation' completed in 2.4ms
[WorldGen] Pass 'coastline' completed in 1.0ms
[WorldGen] Pass 'climate' completed in 2.5ms
[WorldGen] Pass 'hydrology' completed in 1.5ms
[WorldGen] Pass 'tempReassess' completed in 0.1ms
[WorldGen] Pass 'biome' completed in 0.3ms
[WorldGen] Culture terrain nudge: 42 hexes modified
[WorldGen] Pass 'cultureTerrainNudge' completed in 0.1ms
[WorldGen] Pass 'smoothing' completed in 0.7ms
[WorldGen] Pass 'validation' completed in 1.7ms

stderr | src/components/Game/__tests__/GameView-interaction.test.tsx > GameView > renders layout with top bar and right sidebar
[WorldGen] Validation errors: [ 'Ocean fraction too low: 7.4%' ]
[GraphSchema] Edge "belongs_to" source should be ["actor","location"], got "region" (edge edge_hist_territory_region_15_hist_culture_0)
[GraphSchema] Edge "belongs_to" source should be ["actor","location"], got "region" (edge edge_hist_territory_region_19_hist_culture_1)
[GraphSchema] Edge "belongs_to" source should be ["actor","location"], got "region" (edge edge_hist_territory_region_3_hist_culture_2)
[GraphSchema] Edge "belongs_to" source should be ["actor","location"], got "region" (edge edge_hist_territory_region_13_hist_culture_0)
[GraphSchema] Edge "belongs_to" source should be ["actor","location"], got "region" (edge edge_hist_territory_region_14_hist_culture_1)
[GraphSchema] Edge "belongs_to" source should be ["actor","location"], got "region" (edge edge_hist_territory_region_12_hist_culture_2)
[GraphSchema] Edge "belongs_to" source should be ["actor","location"], got "region" (edge edge_hist_territory_region_16_hist_culture_0)
[GraphSchema] Edge "belongs_to" source should be ["actor","location"], got "region" (edge edge_hist_territory_region_18_hist_culture_1)
[GraphSchema] Edge "belongs_to" source should be ["actor","location"], got "region" (edge edge_hist_territory_region_17_hist_culture_2)
[GraphSchema] Edge "belongs_to" source should be ["actor","location"], got "region" (edge edge_hist_territory_region_7_hist_culture_0)
[GraphSchema] Edge "belongs_to" source should be ["actor","location"], got "region" (edge edge_hist_territory_region_9_hist_culture_2)
[GraphSchema] Edge "belongs_to" source should be ["actor","location"], got "region" (edge edge_hist_territory_region_11_hist_culture_0)
[GraphSchema] Edge "belongs_to" source should be ["actor","location"], got "region" (edge edge_hist_territory_region_2_hist_culture_2)
[GraphSchema] Edge "belongs_to" source should be ["actor","location"], got "region" (edge edge_hist_territory_region_0_hist_culture_0)
[GraphSchema] Edge "belongs_to" source should be ["actor","location"], got "region" (edge edge_hist_territory_region_6_hist_culture_2)
[GraphSchema] Edge "belongs_to" source should be ["actor","location"], got "region" (edge edge_hist_territory_region_10_hist_culture_0)
[GraphSchema] Edge "belongs_to" source should be ["actor","location"], got "region" (edge edge_hist_territory_region_1_hist_culture_2)
[GraphSchema] Edge "belongs_to" source should be ["actor","location"], got "region" (edge edge_hist_territory_region_5_hist_culture_0)

 [32m✓[39m src/data/__tests__/monster-encounter-content.test.ts [2m([22m[2m14 tests[22m[2m)[22m[32m 7[2mms[22m[39m
[90mstdout[2m | src/components/Game/__tests__/GameView-debug.test.tsx[2m > [22m[2mGameView debug panel integration[2m > [22m[2mopens settings panel on gear icon click
[22m[39m[WorldGen] Pass 'province' completed in 1.5ms
[WorldGen] Pass 'elevation' completed in 2.7ms
[WorldGen] Pass 'coastline' completed in 2.1ms
[WorldGen] Pass 'climate' completed in 2.8ms
[WorldGen] Pass 'hydrology' completed in 0.9ms
[WorldGen] Pass 'tempReassess' completed in 0.0ms
[WorldGen] Pass 'biome' completed in 0.3ms
[WorldGen] Culture terrain nudge: 42 hexes modified
[WorldGen] Pass 'cultureTerrainNudge' completed in 0.1ms
[WorldGen] Pass 'smoothing' completed in 0.7ms
[WorldGen] Pass 'validation' completed in 0.6ms

 [32m✓[39m src/engine/__tests__/disposition-seeding.test.ts [2m([22m[2m13 tests[22m[2m)[22m[32m 9[2mms[22m[39m
stderr | src/components/Game/__tests__/GameView-debug.test.tsx > GameView debug panel integration > opens settings panel on gear icon click
[WorldGen] Validation errors: [ 'Ocean fraction too low: 7.4%' ]
[GraphSchema] Edge "belongs_to" source should be ["actor","location"], got "region" (edge edge_hist_territory_region_15_hist_culture_0)
[GraphSchema] Edge "belongs_to" source should be ["actor","location"], got "region" (edge edge_hist_territory_region_19_hist_culture_1)
[GraphSchema] Edge "belongs_to" source should be ["actor","location"], got "region" (edge edge_hist_territory_region_3_hist_culture_2)
[GraphSchema] Edge "belongs_to" source should be ["actor","location"], got "region" (edge edge_hist_territory_region_13_hist_culture_0)
[GraphSchema] Edge "belongs_to" source should be ["actor","location"], got "region" (edge edge_hist_territory_region_14_hist_culture_1)
[GraphSchema] Edge "belongs_to" source should be ["actor","location"], got "region" (edge edge_hist_territory_region_12_hist_culture_2)
[GraphSchema] Edge "belongs_to" source should be ["actor","location"], got "region" (edge edge_hist_territory_region_16_hist_culture_0)
[GraphSchema] Edge "belongs_to" source should be ["actor","location"], got "region" (edge edge_hist_territory_region_18_hist_culture_1)
[GraphSchema] Edge "belongs_to" source should be ["actor","location"], got "region" (edge edge_hist_territory_region_17_hist_culture_2)
[GraphSchema] Edge "belongs_to" source should be ["actor","location"], got "region" (edge edge_hist_territory_region_7_hist_culture_0)
[GraphSchema] Edge "belongs_to" source should be ["actor","location"], got "region" (edge edge_hist_territory_region_9_hist_culture_2)
[GraphSchema] Edge "belongs_to" source should be ["actor","location"], got "region" (edge edge_hist_territory_region_11_hist_culture_0)
[GraphSchema] Edge "belongs_to" source should be ["actor","location"], got "region" (edge edge_hist_territory_region_2_hist_culture_2)
[GraphSchema] Edge "belongs_to" source should be ["actor","location"], got "region" (edge edge_hist_territory_region_0_hist_culture_0)
[GraphSchema] Edge "belongs_to" source should be ["actor","location"], got "region" (edge edge_hist_territory_region_6_hist_culture_2)
[GraphSchema] Edge "belongs_to" source should be ["actor","location"], got "region" (edge edge_hist_territory_region_10_hist_culture_0)
[GraphSchema] Edge "belongs_to" source should be ["actor","location"], got "region" (edge edge_hist_territory_region_1_hist_culture_2)
[GraphSchema] Edge "belongs_to" source should be ["actor","location"], got "region" (edge edge_hist_territory_region_5_hist_culture_0)

stderr | src/engine/__tests__/traceBuffer-integration.test.ts > trace buffer integration > disabling tracing prevents new entries from being recorded
[Orchestrator] Tick crashed, returning previous state: Error: Trait not found: trait.reputation.power.renown
    at assignTrait (C:/Users/chris/Dev/Projects/TheFantasyWorldSimulator/src/engine/traits.ts:44:25)
    at syncReputationTrait (C:/Users/chris/Dev/Projects/TheFantasyWorldSimulator/src/engine/phaseReputationTraits.ts:297:5)
    at phaseReputationTraits (C:/Users/chris/Dev/Projects/TheFantasyWorldSimulator/src/engine/phaseReputationTraits.ts:273:7)
    at runTick (C:/Users/chris/Dev/Projects/TheFantasyWorldSimulator/src/engine/orchestrator.ts:1896:18)
    at C:/Users/chris/Dev/Projects/TheFantasyWorldSimulator/src/engine/__tests__/traceBuffer-integration.test.ts:229:15
    at file:///C:/Users/chris/Dev/Projects/TheFantasyWorldSimulator/node_modules/@vitest/runner/dist/index.js:145:11
    at file:///C:/Users/chris/Dev/Projects/TheFantasyWorldSimulator/node_modules/@vitest/runner/dist/index.js:915:26
    at file:///C:/Users/chris/Dev/Projects/TheFantasyWorldSimulator/node_modules/@vitest/runner/dist/index.js:1243:20
    at new Promise (<anonymous>)
    at runWithTimeout (file:///C:/Users/chris/Dev/Projects/TheFantasyWorldSimulator/node_modules/@vitest/runner/dist/index.js:1209:10)
[Orchestrator] Tick crashed, returning previous state: Error: Trait not found: trait.reputation.power.renown
    at assignTrait (C:/Users/chris/Dev/Projects/TheFantasyWorldSimulator/src/engine/traits.ts:44:25)
    at syncReputationTrait (C:/Users/chris/Dev/Projects/TheFantasyWorldSimulator/src/engine/phaseReputationTraits.ts:297:5)
    at phaseReputationTraits (C:/Users/chris/Dev/Projects/TheFantasyWorldSimulator/src/engine/phaseReputationTraits.ts:273:7)
    at runTick (C:/Users/chris/Dev/Projects/TheFantasyWorldSimulator/src/engine/orchestrator.ts:1896:18)
    at C:/Users/chris/Dev/Projects/TheFantasyWorldSimulator/src/engine/__tests__/traceBuffer-integration.test.ts:229:15
    at file:///C:/Users/chris/Dev/Projects/TheFantasyWorldSimulator/node_modules/@vitest/runner/dist/index.js:145:11
    at file:///C:/Users/chris/Dev/Projects/TheFantasyWorldSimulator/node_modules/@vitest/runner/dist/index.js:915:26
    at file:///C:/Users/chris/Dev/Projects/TheFantasyWorldSimulator/node_modules/@vitest/runner/dist/index.js:1243:20
    at new Promise (<anonymous>)
    at runWithTimeout (file:///C:/Users/chris/Dev/Projects/TheFantasyWorldSimulator/node_modules/@vitest/runner/dist/index.js:1209:10)
[Orchestrator] Tick crashed, returning previous state: Error: Trait not found: trait.reputation.power.renown
    at assignTrait (C:/Users/chris/Dev/Projects/TheFantasyWorldSimulator/src/engine/traits.ts:44:25)
    at syncReputationTrait (C:/Users/chris/Dev/Projects/TheFantasyWorldSimulator/src/engine/phaseReputationTraits.ts:297:5)
    at phaseReputationTraits (C:/Users/chris/Dev/Projects/TheFantasyWorldSimulator/src/engine/phaseReputationTraits.ts:273:7)
    at runTick (C:/Users/chris/Dev/Projects/TheFantasyWorldSimulator/src/engine/orchestrator.ts:1896:18)
    at C:/Users/chris/Dev/Projects/TheFantasyWorldSimulator/src/engine/__tests__/traceBuffer-integration.test.ts:229:15
    at file:///C:/Users/chris/Dev/Projects/TheFantasyWorldSimulator/node_modules/@vitest/runner/dist/index.js:145:11
    at file:///C:/Users/chris/Dev/Projects/TheFantasyWorldSimulator/node_modules/@vitest/runner/dist/index.js:915:26
    at file:///C:/Users/chris/Dev/Projects/TheFantasyWorldSimulator/node_modules/@vitest/runner/dist/index.js:1243:20
    at new Promise (<anonymous>)
    at runWithTimeout (file:///C:/Users/chris/Dev/Projects/TheFantasyWorldSimulator/node_modules/@vitest/runner/dist/index.js:1209:10)
[Orchestrator] Tick crashed, returning previous state: Error: Trait not found: trait.reputation.power.renown
    at assignTrait (C:/Users/chris/Dev/Projects/TheFantasyWorldSimulator/src/engine/traits.ts:44:25)
    at syncReputationTrait (C:/Users/chris/Dev/Projects/TheFantasyWorldSimulator/src/engine/phaseReputationTraits.ts:297:5)
    at phaseReputationTraits (C:/Users/chris/Dev/Projects/TheFantasyWorldSimulator/src/engine/phaseReputationTraits.ts:273:7)
    at runTick (C:/Users/chris/Dev/Projects/TheFantasyWorldSimulator/src/engine/orchestrator.ts:1896:18)
    at C:/Users/chris/Dev/Projects/TheFantasyWorldSimulator/src/engine/__tests__/traceBuffer-integration.test.ts:229:15
    at file:///C:/Users/chris/Dev/Projects/TheFantasyWorldSimulator/node_modules/@vitest/runner/dist/index.js:145:11
    at file:///C:/Users/chris/Dev/Projects/TheFantasyWorldSimulator/node_modules/@vitest/runner/dist/index.js:915:26
    at file:///C:/Users/chris/Dev/Projects/TheFantasyWorldSimulator/node_modules/@vitest/runner/dist/index.js:1243:20
    at new Promise (<anonymous>)
    at runWithTimeout (file:///C:/Users/chris/Dev/Projects/TheFantasyWorldSimulator/node_modules/@vitest/runner/dist/index.js:1209:10)
[Orchestrator] Tick crashed, returning previous state: Error: Trait not found: trait.reputation.power.renown
    at assignTrait (C:/Users/chris/Dev/Projects/TheFantasyWorldSimulator/src/engine/traits.ts:44:25)
    at syncReputationTrait (C:/Users/chris/Dev/Projects/TheFantasyWorldSimulator/src/engine/phaseReputationTraits.ts:297:5)
    at phaseReputationTraits (C:/Users/chris/Dev/Projects/TheFantasyWorldSimulator/src/engine/phaseReputationTraits.ts:273:7)
    at runTick (C:/Users/chris/Dev/Projects/TheFantasyWorldSimulator/src/engine/orchestrator.ts:1896:18)
    at C:/Users/chris/Dev/Projects/TheFantasyWorldSimulator/src/engine/__tests__/traceBuffer-integration.test.ts:229:15
    at file:///C:/Users/chris/Dev/Projects/TheFantasyWorldSimulator/node_modules/@vitest/runner/dist/index.js:145:11
    at file:///C:/Users/chris/Dev/Projects/TheFantasyWorldSimulator/node_modules/@vitest/runner/dist/index.js:915:26
    at file:///C:/Users/chris/Dev/Projects/TheFantasyWorldSimulator/node_modules/@vitest/runner/dist/index.js:1243:20
    at new Promise (<anonymous>)
    at runWithTimeout (file:///C:/Users/chris/Dev/Projects/TheFantasyWorldSimulator/node_modules/@vitest/runner/dist/index.js:1209:10)
[Orchestrator] Tick crashed, returning previous state: Error: Trait not found: trait.reputation.power.renown
    at assignTrait (C:/Users/chris/Dev/Projects/TheFantasyWorldSimulator/src/engine/traits.ts:44:25)
    at syncReputationTrait (C:/Users/chris/Dev/Projects/TheFantasyWorldSimulator/src/engine/phaseReputationTraits.ts:297:5)
    at phaseReputationTraits (C:/Users/chris/Dev/Projects/TheFantasyWorldSimulator/src/engine/phaseReputationTraits.ts:273:7)
    at runTick (C:/Users/chris/Dev/Projects/TheFantasyWorldSimulator/src/engine/orchestrator.ts:1896:18)
    at C:/Users/chris/Dev/Projects/TheFantasyWorldSimulator/src/engine/__tests__/traceBuffer-integration.test.ts:241:15
    at file:///C:/Users/chris/Dev/Projects/TheFantasyWorldSimulator/node_modules/@vitest/runner/dist/index.js:145:11
    at file:///C:/Users/chris/Dev/Projects/TheFantasyWorldSimulator/node_modules/@vitest/runner/dist/index.js:915:26
    at file:///C:/Users/chris/Dev/Projects/TheFantasyWorldSimulator/node_modules/@vitest/runner/dist/index.js:1243:20
    at new Promise (<anonymous>)
    at runWithTimeout (file:///C:/Users/chris/Dev/Projects/TheFantasyWorldSimulator/node_modules/@vitest/runner/dist/index.js:1209:10)
[Orchestrator] Tick crashed, returning previous state: Error: Trait not found: trait.reputation.power.renown
    at assignTrait (C:/Users/chris/Dev/Projects/TheFantasyWorldSimulator/src/engine/traits.ts:44:25)
    at syncReputationTrait (C:/Users/chris/Dev/Projects/TheFantasyWorldSimulator/src/engine/phaseReputationTraits.ts:297:5)
    at phaseReputationTraits (C:/Users/chris/Dev/Projects/TheFantasyWorldSimulator/src/engine/phaseReputationTraits.ts:273:7)
    at runTick (C:/Users/chris/Dev/Projects/TheFantasyWorldSimulator/src/engine/orchestrator.ts:1896:18)
    at C:/Users/chris/Dev/Projects/TheFantasyWorldSimulator/src/engine/__tests__/traceBuffer-integration.test.ts:241:15
    at file:///C:/Users/chris/Dev/Projects/TheFantasyWorldSimulator/node_modules/@vitest/runner/dist/index.js:145:11
    at file:///C:/Users/chris/Dev/Projects/TheFantasyWorldSimulator/node_modules/@vitest/runner/dist/index.js:915:26
    at file:///C:/Users/chris/Dev/Projects/TheFantasyWorldSimulator/node_modules/@vitest/runner/dist/index.js:1243:20
    at new Promise (<anonymous>)
    at runWithTimeout (file:///C:/Users/chris/Dev/Projects/TheFantasyWorldSimulator/node_modules/@vitest/runner/dist/index.js:1209:10)
[Orchestrator] Tick crashed, returning previous state: Error: Trait not found: trait.reputation.power.renown
    at assignTrait (C:/Users/chris/Dev/Projects/TheFantasyWorldSimulator/src/engine/traits.ts:44:25)
    at syncReputationTrait (C:/Users/chris/Dev/Projects/TheFantasyWorldSimulator/src/engine/phaseReputationTraits.ts:297:5)
    at phaseReputationTraits (C:/Users/chris/Dev/Projects/TheFantasyWorldSimulator/src/engine/phaseReputationTraits.ts:273:7)
    at runTick (C:/Users/chris/Dev/Projects/TheFantasyWorldSimulator/src/engine/orchestrator.ts:1896:18)
    at C:/Users/chris/Dev/Projects/TheFantasyWorldSimulator/src/engine/__tests__/traceBuffer-integration.test.ts:241:15
    at file:///C:/Users/chris/Dev/Projects/TheFantasyWorldSimulator/node_modules/@vitest/runner/dist/index.js:145:11
    at file:///C:/Users/chris/Dev/Projects/TheFantasyWorldSimulator/node_modules/@vitest/runner/dist/index.js:915:26
    at file:///C:/Users/chris/Dev/Projects/TheFantasyWorldSimulator/node_modules/@vitest/runner/dist/index.js:1243:20
    at new Promise (<anonymous>)
    at runWithTimeout (file:///C:/Users/chris/Dev/Projects/TheFantasyWorldSimulator/node_modules/@vitest/runner/dist/index.js:1209:10)
[Orchestrator] Tick crashed, returning previous state: Error: Trait not found: trait.reputation.power.renown
    at assignTrait (C:/Users/chris/Dev/Projects/TheFantasyWorldSimulator/src/engine/traits.ts:44:25)
    at syncReputationTrait (C:/Users/chris/Dev/Projects/TheFantasyWorldSimulator/src/engine/phaseReputationTraits.ts:297:5)
    at phaseReputationTraits (C:/Users/chris/Dev/Projects/TheFantasyWorldSimulator/src/engine/phaseReputationTraits.ts:273:7)
    at runTick (C:/Users/chris/Dev/Projects/TheFantasyWorldSimulator/src/engine/orchestrator.ts:1896:18)
    at C:/Users/chris/Dev/Projects/TheFantasyWorldSimulator/src/engine/__tests__/traceBuffer-integration.test.ts:241:15
    at file:///C:/Users/chris/Dev/Projects/TheFantasyWorldSimulator/node_modules/@vitest/runner/dist/index.js:145:11
    at file:///C:/Users/chris/Dev/Projects/TheFantasyWorldSimulator/node_modules/@vitest/runner/dist/index.js:915:26
    at file:///C:/Users/chris/Dev/Projects/TheFantasyWorldSimulator/node_modules/@vitest/runner/dist/index.js:1243:20
    at new Promise (<anonymous>)
    at runWithTimeout (file:///C:/Users/chris/Dev/Projects/TheFantasyWorldSimulator/node_modules/@vitest/runner/dist/index.js:1209:10)
[Orchestrator] Tick crashed, returning previous state: Error: Trait not found: trait.reputation.power.renown
    at assignTrait (C:/Users/chris/Dev/Projects/TheFantasyWorldSimulator/src/engine/traits.ts:44:25)
    at syncReputationTrait (C:/Users/chris/Dev/Projects/TheFantasyWorldSimulator/src/engine/phaseReputationTraits.ts:297:5)
    at phaseReputationTraits (C:/Users/chris/Dev/Projects/TheFantasyWorldSimulator/src/engine/phaseReputationTraits.ts:273:7)
    at runTick (C:/Users/chris/Dev/Projects/TheFantasyWorldSimulator/src/engine/orchestrator.ts:1896:18)
    at C:/Users/chris/Dev/Projects/TheFantasyWorldSimulator/src/engine/__tests__/traceBuffer-integration.test.ts:241:15
    at file:///C:/Users/chris/Dev/Projects/TheFantasyWorldSimulator/node_modules/@vitest/runner/dist/index.js:145:11
    at file:///C:/Users/chris/Dev/Projects/TheFantasyWorldSimulator/node_modules/@vitest/runner/dist/index.js:915:26
    at file:///C:/Users/chris/Dev/Projects/TheFantasyWorldSimulator/node_modules/@vitest/runner/dist/index.js:1243:20
    at new Promise (<anonymous>)
    at runWithTimeout (file:///C:/Users/chris/Dev/Projects/TheFantasyWorldSimulator/node_modules/@vitest/runner/dist/index.js:1209:10)

 [32m✓[39m src/engine/__tests__/profileGenerator.test.ts [2m([22m[2m24 tests[22m[2m)[22m[32m 6[2mms[22m[39m
 [32m✓[39m src/data/encounters/__tests__/soul-ferryman.test.ts [2m([22m[2m48 tests[22m[2m)[22m[32m 7[2mms[22m[39m
 [32m✓[39m src/lib/__tests__/hexMath.test.ts [2m([22m[2m18 tests[22m[2m)[22m[32m 8[2mms[22m[39m
 [32m✓[39m src/data/__tests__/doom-loader.test.ts [2m([22m[2m14 tests[22m[2m)[22m[32m 8[2mms[22m[39m
[90mstdout[2m | src/components/Game/__tests__/GameView-interaction.test.tsx[2m > [22m[2mThreadDetailView keyboard[2m > [22m[2mpressing Escape closes ThreadDetailView when open
[22m[39m[WorldGen] Pass 'province' completed in 2.1ms
[WorldGen] Pass 'elevation' completed in 2.2ms
[WorldGen] Pass 'coastline' completed in 1.3ms
[WorldGen] Pass 'climate' completed in 3.2ms
[WorldGen] Pass 'hydrology' completed in 1.0ms
[WorldGen] Pass 'tempReassess' completed in 0.2ms
[WorldGen] Pass 'biome' completed in 0.5ms
[WorldGen] Culture terrain nudge: 42 hexes modified
[WorldGen] Pass 'cultureTerrainNudge' completed in 0.1ms
[WorldGen] Pass 'smoothing' completed in 5.4ms
[WorldGen] Pass 'validation' completed in 0.4ms

stderr | src/components/Game/__tests__/GameView-interaction.test.tsx > ThreadDetailView keyboard > pressing Escape closes ThreadDetailView when open
[WorldGen] Validation errors: [ 'Ocean fraction too low: 7.4%' ]
[GraphSchema] Edge "belongs_to" source should be ["actor","location"], got "region" (edge edge_hist_territory_region_15_hist_culture_0)
[GraphSchema] Edge "belongs_to" source should be ["actor","location"], got "region" (edge edge_hist_territory_region_19_hist_culture_1)
[GraphSchema] Edge "belongs_to" source should be ["actor","location"], got "region" (edge edge_hist_territory_region_3_hist_culture_2)
[GraphSchema] Edge "belongs_to" source should be ["actor","location"], got "region" (edge edge_hist_territory_region_13_hist_culture_0)
[GraphSchema] Edge "belongs_to" source should be ["actor","location"], got "region" (edge edge_hist_territory_region_14_hist_culture_1)
[GraphSchema] Edge "belongs_to" source should be ["actor","location"], got "region" (edge edge_hist_territory_region_12_hist_culture_2)
[GraphSchema] Edge "belongs_to" source should be ["actor","location"], got "region" (edge edge_hist_territory_region_16_hist_culture_0)
[GraphSchema] Edge "belongs_to" source should be ["actor","location"], got "region" (edge edge_hist_territory_region_18_hist_culture_1)
[GraphSchema] Edge "belongs_to" source should be ["actor","location"], got "region" (edge edge_hist_territory_region_17_hist_culture_2)
[GraphSchema] Edge "belongs_to" source should be ["actor","location"], got "region" (edge edge_hist_territory_region_7_hist_culture_0)
[GraphSchema] Edge "belongs_to" source should be ["actor","location"], got "region" (edge edge_hist_territory_region_9_hist_culture_2)
[GraphSchema] Edge "belongs_to" source should be ["actor","location"], got "region" (edge edge_hist_territory_region_11_hist_culture_0)
[GraphSchema] Edge "belongs_to" source should be ["actor","location"], got "region" (edge edge_hist_territory_region_2_hist_culture_2)
[GraphSchema] Edge "belongs_to" source should be ["actor","location"], got "region" (edge edge_hist_territory_region_0_hist_culture_0)
[GraphSchema] Edge "belongs_to" source should be ["actor","location"], got "region" (edge edge_hist_territory_region_6_hist_culture_2)
[GraphSchema] Edge "belongs_to" source should be ["actor","location"], got "region" (edge edge_hist_territory_region_10_hist_culture_0)
[GraphSchema] Edge "belongs_to" source should be ["actor","location"], got "region" (edge edge_hist_territory_region_1_hist_culture_2)
[GraphSchema] Edge "belongs_to" source should be ["actor","location"], got "region" (edge edge_hist_territory_region_5_hist_culture_0)

 [31m❯[39m src/components/Game/__tests__/GameView-interaction.test.tsx [2m([22m[2m6 tests[22m[2m | [22m[31m3 failed[39m[2m)[22m[33m 1188[2mms[22m[39m
     [33m[2m✓[22m[39m renders the retinue panel [33m 415[2mms[22m[39m
[31m     [31m×[31m renders the ascendant info[39m[32m 175[2mms[22m[39m
[31m     [31m×[31m renders simulation controls with tick info[39m[32m 191[2mms[22m[39m
[31m     [31m×[31m renders doom bar at top[39m[32m 156[2mms[22m[39m
     [32m✓[39m renders layout with top bar and right sidebar[32m 123[2mms[22m[39m
     [32m✓[39m pressing Escape closes ThreadDetailView when open[32m 126[2mms[22m[39m
 [32m✓[39m src/engine/__tests__/attachmentTriggers.test.ts [2m([22m[2m32 tests[22m[2m)[22m[32m 9[2mms[22m[39m
 [32m✓[39m src/data/__tests__/sphereIcons.test.ts [2m([22m[2m43 tests[22m[2m)[22m[32m 8[2mms[22m[39m
 [32m✓[39m src/components/HexMapV2/agents/__tests__/agentAnimationState.test.ts [2m([22m[2m17 tests[22m[2m)[22m[32m 8[2mms[22m[39m
 [32m✓[39m src/engine/__tests__/balanceTargets.test.ts [2m([22m[2m15 tests[22m[2m)[22m[32m 7[2mms[22m[39m
 [32m✓[39m src/engine/__tests__/armyVisibility.test.ts [2m([22m[2m19 tests[22m[2m)[22m[32m 8[2mms[22m[39m
 [32m✓[39m src/engine/__tests__/wheel.test.ts [2m([22m[2m28 tests[22m[2m)[22m[32m 8[2mms[22m[39m
[90mstdout[2m | src/components/Game/__tests__/GameView-debug.test.tsx[2m > [22m[2mGameView debug panel integration[2m > [22m[2mhides right sidebar when debug panel is open
[22m[39m[WorldGen] Pass 'province' completed in 1.7ms
[WorldGen] Pass 'elevation' completed in 2.3ms
[WorldGen] Pass 'coastline' completed in 0.9ms
[WorldGen] Pass 'climate' completed in 6.2ms
[WorldGen] Pass 'hydrology' completed in 1.0ms
[WorldGen] Pass 'tempReassess' completed in 0.1ms
[WorldGen] Pass 'biome' completed in 0.4ms
[WorldGen] Culture terrain nudge: 42 hexes modified
[WorldGen] Pass 'cultureTerrainNudge' completed in 0.1ms
[WorldGen] Pass 'smoothing' completed in 0.7ms
[WorldGen] Pass 'validation' completed in 0.5ms

stderr | src/components/Game/__tests__/GameView-debug.test.tsx > GameView debug panel integration > hides right sidebar when debug panel is open
[WorldGen] Validation errors: [ 'Ocean fraction too low: 7.4%' ]
[GraphSchema] Edge "belongs_to" source should be ["actor","location"], got "region" (edge edge_hist_territory_region_15_hist_culture_0)
[GraphSchema] Edge "belongs_to" source should be ["actor","location"], got "region" (edge edge_hist_territory_region_19_hist_culture_1)
[GraphSchema] Edge "belongs_to" source should be ["actor","location"], got "region" (edge edge_hist_territory_region_3_hist_culture_2)
[GraphSchema] Edge "belongs_to" source should be ["actor","location"], got "region" (edge edge_hist_territory_region_13_hist_culture_0)
[GraphSchema] Edge "belongs_to" source should be ["actor","location"], got "region" (edge edge_hist_territory_region_14_hist_culture_1)
[GraphSchema] Edge "belongs_to" source should be ["actor","location"], got "region" (edge edge_hist_territory_region_12_hist_culture_2)
[GraphSchema] Edge "belongs_to" source should be ["actor","location"], got "region" (edge edge_hist_territory_region_16_hist_culture_0)
[GraphSchema] Edge "belongs_to" source should be ["actor","location"], got "region" (edge edge_hist_territory_region_18_hist_culture_1)
[GraphSchema] Edge "belongs_to" source should be ["actor","location"], got "region" (edge edge_hist_territory_region_17_hist_culture_2)
[GraphSchema] Edge "belongs_to" source should be ["actor","location"], got "region" (edge edge_hist_territory_region_7_hist_culture_0)
[GraphSchema] Edge "belongs_to" source should be ["actor","location"], got "region" (edge edge_hist_territory_region_9_hist_culture_2)
[GraphSchema] Edge "belongs_to" source should be ["actor","location"], got "region" (edge edge_hist_territory_region_11_hist_culture_0)
[GraphSchema] Edge "belongs_to" source should be ["actor","location"], got "region" (edge edge_hist_territory_region_2_hist_culture_2)
[GraphSchema] Edge "belongs_to" source should be ["actor","location"], got "region" (edge edge_hist_territory_region_0_hist_culture_0)
[GraphSchema] Edge "belongs_to" source should be ["actor","location"], got "region" (edge edge_hist_territory_region_6_hist_culture_2)
[GraphSchema] Edge "belongs_to" source should be ["actor","location"], got "region" (edge edge_hist_territory_region_10_hist_culture_0)
[GraphSchema] Edge "belongs_to" source should be ["actor","location"], got "region" (edge edge_hist_territory_region_1_hist_culture_2)
[GraphSchema] Edge "belongs_to" source should be ["actor","location"], got "region" (edge edge_hist_territory_region_5_hist_culture_0)

 [32m✓[39m src/engine/__tests__/settlementGenome-pipeline.test.ts [2m([22m[2m13 tests[22m[2m)[22m[32m 8[2mms[22m[39m
 [32m✓[39m src/engine/__tests__/rewardInstantiation.test.ts [2m([22m[2m17 tests[22m[2m)[22m[32m 6[2mms[22m[39m
 [32m✓[39m src/engine/__tests__/domainCapability.test.ts [2m([22m[2m13 tests[22m[2m)[22m[32m 7[2mms[22m[39m
 [32m✓[39m src/engine/__tests__/encounterVisibility.test.ts [2m([22m[2m21 tests[22m[2m)[22m[32m 6[2mms[22m[39m
21.18.36 [vite] (ssr) warning: Duplicate key "sacrifice_survival" in object literal
18 |      preservation_transformation: 0.4,
19 |      sacrifice_survival: -0.2,
20 |      sacrifice_survival: 0,
   |      ^
21 |      courage_prudence: 0.3,
22 |    };

  Plugin: vite:esbuild
  File: C:/Users/chris/Dev/Projects/TheFantasyWorldSimulator/src/engine/__tests__/disposition-pipeline.test.ts
 [32m✓[39m src/engine/__tests__/hexVignette.test.ts [2m([22m[2m25 tests[22m[2m)[22m[32m 8[2mms[22m[39m
 [32m✓[39m src/engine/__tests__/multiTickSteps.test.ts [2m([22m[2m8 tests[22m[2m)[22m[32m 8[2mms[22m[39m
 [32m✓[39m scripts/__tests__/playtest-format.test.ts [2m([22m[2m37 tests[22m[2m)[22m[32m 9[2mms[22m[39m
 [32m✓[39m src/engine/__tests__/visibility.test.ts [2m([22m[2m10 tests[22m[2m)[22m[32m 7[2mms[22m[39m
 [32m✓[39m src/engine/__tests__/phaseTradeRouteDecay.test.ts [2m([22m[2m11 tests[22m[2m)[22m[32m 7[2mms[22m[39m
 [32m✓[39m src/engine/__tests__/movementExecution.test.ts [2m([22m[2m11 tests[22m[2m)[22m[32m 9[2mms[22m[39m
 [32m✓[39m src/engine/__tests__/hiddenMarks.test.ts [2m([22m[2m24 tests[22m[2m)[22m[32m 8[2mms[22m[39m
 [32m✓[39m src/engine/__tests__/culturalProse.test.ts [2m([22m[2m14 tests[22m[2m)[22m[32m 8[2mms[22m[39m
 [32m✓[39m src/engine/__tests__/conditionDecay.test.ts [2m([22m[2m9 tests[22m[2m)[22m[32m 7[2mms[22m[39m
[90mstdout[2m | src/components/Game/__tests__/GameView-debug.test.tsx[2m > [22m[2mGameView debug panel integration[2m > [22m[2msettings panel contains Display and Debug sections
[22m[39m[WorldGen] Pass 'province' completed in 2.1ms
[WorldGen] Pass 'elevation' completed in 2.9ms
[WorldGen] Pass 'coastline' completed in 4.2ms
[WorldGen] Pass 'climate' completed in 2.6ms
[WorldGen] Pass 'hydrology' completed in 2.4ms
[WorldGen] Pass 'tempReassess' completed in 0.0ms
[WorldGen] Pass 'biome' completed in 0.2ms
[WorldGen] Culture terrain nudge: 42 hexes modified
[WorldGen] Pass 'cultureTerrainNudge' completed in 0.1ms
[WorldGen] Pass 'smoothing' completed in 0.7ms
[WorldGen] Pass 'validation' completed in 0.6ms

stderr | src/components/Game/__tests__/GameView-debug.test.tsx > GameView debug panel integration > settings panel contains Display and Debug sections
[WorldGen] Validation errors: [ 'Ocean fraction too low: 7.4%' ]
[GraphSchema] Edge "belongs_to" source should be ["actor","location"], got "region" (edge edge_hist_territory_region_15_hist_culture_0)
[GraphSchema] Edge "belongs_to" source should be ["actor","location"], got "region" (edge edge_hist_territory_region_19_hist_culture_1)
[GraphSchema] Edge "belongs_to" source should be ["actor","location"], got "region" (edge edge_hist_territory_region_3_hist_culture_2)
[GraphSchema] Edge "belongs_to" source should be ["actor","location"], got "region" (edge edge_hist_territory_region_13_hist_culture_0)
[GraphSchema] Edge "belongs_to" source should be ["actor","location"], got "region" (edge edge_hist_territory_region_14_hist_culture_1)
[GraphSchema] Edge "belongs_to" source should be ["actor","location"], got "region" (edge edge_hist_territory_region_12_hist_culture_2)
[GraphSchema] Edge "belongs_to" source should be ["actor","location"], got "region" (edge edge_hist_territory_region_16_hist_culture_0)
[GraphSchema] Edge "belongs_to" source should be ["actor","location"], got "region" (edge edge_hist_territory_region_18_hist_culture_1)
[GraphSchema] Edge "belongs_to" source should be ["actor","location"], got "region" (edge edge_hist_territory_region_17_hist_culture_2)
[GraphSchema] Edge "belongs_to" source should be ["actor","location"], got "region" (edge edge_hist_territory_region_7_hist_culture_0)
[GraphSchema] Edge "belongs_to" source should be ["actor","location"], got "region" (edge edge_hist_territory_region_9_hist_culture_2)
[GraphSchema] Edge "belongs_to" source should be ["actor","location"], got "region" (edge edge_hist_territory_region_11_hist_culture_0)
[GraphSchema] Edge "belongs_to" source should be ["actor","location"], got "region" (edge edge_hist_territory_region_2_hist_culture_2)
[GraphSchema] Edge "belongs_to" source should be ["actor","location"], got "region" (edge edge_hist_territory_region_0_hist_culture_0)
[GraphSchema] Edge "belongs_to" source should be ["actor","location"], got "region" (edge edge_hist_territory_region_6_hist_culture_2)
[GraphSchema] Edge "belongs_to" source should be ["actor","location"], got "region" (edge edge_hist_territory_region_10_hist_culture_0)
[GraphSchema] Edge "belongs_to" source should be ["actor","location"], got "region" (edge edge_hist_territory_region_1_hist_culture_2)
[GraphSchema] Edge "belongs_to" source should be ["actor","location"], got "region" (edge edge_hist_territory_region_5_hist_culture_0)

 [32m✓[39m src/components/Game/__tests__/GameView-debug.test.tsx [2m([22m[2m6 tests[22m[2m)[22m[33m 1513[2mms[22m[39m
     [33m[2m✓[22m[39m does not show debug panel by default [33m 389[2mms[22m[39m
     [33m[2m✓[22m[39m opens settings panel on gear icon click [33m 330[2mms[22m[39m
 [32m✓[39m src/types/__tests__/familiarity.test.ts [2m([22m[2m20 tests[22m[2m)[22m[32m 6[2mms[22m[39m
 [32m✓[39m src/engine/__tests__/disposition-pipeline.test.ts [2m([22m[2m7 tests[22m[2m)[22m[32m 7[2mms[22m[39m
 [32m✓[39m src/components/HexMap/__tests__/RiverOverlay.test.tsx [2m([22m[2m7 tests[22m[2m)[22m[32m 7[2mms[22m[39m
 [32m✓[39m src/engine/__tests__/attachmentSlotResolver.test.ts [2m([22m[2m22 tests[22m[2m)[22m[32m 8[2mms[22m[39m
 [32m✓[39m src/data/__tests__/intervention-feedback-content.test.ts [2m([22m[2m16 tests[22m[2m)[22m[32m 7[2mms[22m[39m
 [32m✓[39m src/engine/__tests__/phaseSphereAggregation.test.ts [2m([22m[2m13 tests[22m[2m)[22m[32m 6[2mms[22m[39m
stderr | src/engine/__tests__/traceBuffer-integration.test.ts > trace buffer integration > clearing traces resets buffer and ID counter
[Orchestrator] Tick crashed, returning previous state: Error: Trait not found: trait.reputation.power.renown
    at assignTrait (C:/Users/chris/Dev/Projects/TheFantasyWorldSimulator/src/engine/traits.ts:44:25)
    at syncReputationTrait (C:/Users/chris/Dev/Projects/TheFantasyWorldSimulator/src/engine/phaseReputationTraits.ts:297:5)
    at phaseReputationTraits (C:/Users/chris/Dev/Projects/TheFantasyWorldSimulator/src/engine/phaseReputationTraits.ts:273:7)
    at runTick (C:/Users/chris/Dev/Projects/TheFantasyWorldSimulator/src/engine/orchestrator.ts:1896:18)
    at C:/Users/chris/Dev/Projects/TheFantasyWorldSimulator/src/engine/__tests__/traceBuffer-integration.test.ts:251:15
    at file:///C:/Users/chris/Dev/Projects/TheFantasyWorldSimulator/node_modules/@vitest/runner/dist/index.js:145:11
    at file:///C:/Users/chris/Dev/Projects/TheFantasyWorldSimulator/node_modules/@vitest/runner/dist/index.js:915:26
    at file:///C:/Users/chris/Dev/Projects/TheFantasyWorldSimulator/node_modules/@vitest/runner/dist/index.js:1243:20
    at new Promise (<anonymous>)
    at runWithTimeout (file:///C:/Users/chris/Dev/Projects/TheFantasyWorldSimulator/node_modules/@vitest/runner/dist/index.js:1209:10)
[Orchestrator] Tick crashed, returning previous state: Error: Trait not found: trait.reputation.power.renown
    at assignTrait (C:/Users/chris/Dev/Projects/TheFantasyWorldSimulator/src/engine/traits.ts:44:25)
    at syncReputationTrait (C:/Users/chris/Dev/Projects/TheFantasyWorldSimulator/src/engine/phaseReputationTraits.ts:297:5)
    at phaseReputationTraits (C:/Users/chris/Dev/Projects/TheFantasyWorldSimulator/src/engine/phaseReputationTraits.ts:273:7)
    at runTick (C:/Users/chris/Dev/Projects/TheFantasyWorldSimulator/src/engine/orchestrator.ts:1896:18)
    at C:/Users/chris/Dev/Projects/TheFantasyWorldSimulator/src/engine/__tests__/traceBuffer-integration.test.ts:251:15
    at file:///C:/Users/chris/Dev/Projects/TheFantasyWorldSimulator/node_modules/@vitest/runner/dist/index.js:145:11
    at file:///C:/Users/chris/Dev/Projects/TheFantasyWorldSimulator/node_modules/@vitest/runner/dist/index.js:915:26
    at file:///C:/Users/chris/Dev/Projects/TheFantasyWorldSimulator/node_modules/@vitest/runner/dist/index.js:1243:20
    at new Promise (<anonymous>)
    at runWithTimeout (file:///C:/Users/chris/Dev/Projects/TheFantasyWorldSimulator/node_modules/@vitest/runner/dist/index.js:1209:10)
[Orchestrator] Tick crashed, returning previous state: Error: Trait not found: trait.reputation.power.renown
    at assignTrait (C:/Users/chris/Dev/Projects/TheFantasyWorldSimulator/src/engine/traits.ts:44:25)
    at syncReputationTrait (C:/Users/chris/Dev/Projects/TheFantasyWorldSimulator/src/engine/phaseReputationTraits.ts:297:5)
    at phaseReputationTraits (C:/Users/chris/Dev/Projects/TheFantasyWorldSimulator/src/engine/phaseReputationTraits.ts:273:7)
    at runTick (C:/Users/chris/Dev/Projects/TheFantasyWorldSimulator/src/engine/orchestrator.ts:1896:18)
    at C:/Users/chris/Dev/Projects/TheFantasyWorldSimulator/src/engine/__tests__/traceBuffer-integration.test.ts:251:15
    at file:///C:/Users/chris/Dev/Projects/TheFantasyWorldSimulator/node_modules/@vitest/runner/dist/index.js:145:11
    at file:///C:/Users/chris/Dev/Projects/TheFantasyWorldSimulator/node_modules/@vitest/runner/dist/index.js:915:26
    at file:///C:/Users/chris/Dev/Projects/TheFantasyWorldSimulator/node_modules/@vitest/runner/dist/index.js:1243:20
    at new Promise (<anonymous>)
    at runWithTimeout (file:///C:/Users/chris/Dev/Projects/TheFantasyWorldSimulator/node_modules/@vitest/runner/dist/index.js:1209:10)
[Orchestrator] Tick crashed, returning previous state: Error: Trait not found: trait.reputation.power.renown
    at assignTrait (C:/Users/chris/Dev/Projects/TheFantasyWorldSimulator/src/engine/traits.ts:44:25)
    at syncReputationTrait (C:/Users/chris/Dev/Projects/TheFantasyWorldSimulator/src/engine/phaseReputationTraits.ts:297:5)
    at phaseReputationTraits (C:/Users/chris/Dev/Projects/TheFantasyWorldSimulator/src/engine/phaseReputationTraits.ts:273:7)
    at runTick (C:/Users/chris/Dev/Projects/TheFantasyWorldSimulator/src/engine/orchestrator.ts:1896:18)
    at C:/Users/chris/Dev/Projects/TheFantasyWorldSimulator/src/engine/__tests__/traceBuffer-integration.test.ts:251:15
    at file:///C:/Users/chris/Dev/Projects/TheFantasyWorldSimulator/node_modules/@vitest/runner/dist/index.js:145:11
    at file:///C:/Users/chris/Dev/Projects/TheFantasyWorldSimulator/node_modules/@vitest/runner/dist/index.js:915:26
    at file:///C:/Users/chris/Dev/Projects/TheFantasyWorldSimulator/node_modules/@vitest/runner/dist/index.js:1243:20
    at new Promise (<anonymous>)
    at runWithTimeout (file:///C:/Users/chris/Dev/Projects/TheFantasyWorldSimulator/node_modules/@vitest/runner/dist/index.js:1209:10)
[Orchestrator] Tick crashed, returning previous state: Error: Trait not found: trait.reputation.power.renown
    at assignTrait (C:/Users/chris/Dev/Projects/TheFantasyWorldSimulator/src/engine/traits.ts:44:25)
    at syncReputationTrait (C:/Users/chris/Dev/Projects/TheFantasyWorldSimulator/src/engine/phaseReputationTraits.ts:297:5)
    at phaseReputationTraits (C:/Users/chris/Dev/Projects/TheFantasyWorldSimulator/src/engine/phaseReputationTraits.ts:273:7)
    at runTick (C:/Users/chris/Dev/Projects/TheFantasyWorldSimulator/src/engine/orchestrator.ts:1896:18)
    at C:/Users/chris/Dev/Projects/TheFantasyWorldSimulator/src/engine/__tests__/traceBuffer-integration.test.ts:251:15
    at file:///C:/Users/chris/Dev/Projects/TheFantasyWorldSimulator/node_modules/@vitest/runner/dist/index.js:145:11
    at file:///C:/Users/chris/Dev/Projects/TheFantasyWorldSimulator/node_modules/@vitest/runner/dist/index.js:915:26
    at file:///C:/Users/chris/Dev/Projects/TheFantasyWorldSimulator/node_modules/@vitest/runner/dist/index.js:1243:20
    at new Promise (<anonymous>)
    at runWithTimeout (file:///C:/Users/chris/Dev/Projects/TheFantasyWorldSimulator/node_modules/@vitest/runner/dist/index.js:1209:10)
[Orchestrator] Tick crashed, returning previous state: Error: Trait not found: trait.reputation.power.renown
    at assignTrait (C:/Users/chris/Dev/Projects/TheFantasyWorldSimulator/src/engine/traits.ts:44:25)
    at syncReputationTrait (C:/Users/chris/Dev/Projects/TheFantasyWorldSimulator/src/engine/phaseReputationTraits.ts:297:5)
    at phaseReputationTraits (C:/Users/chris/Dev/Projects/TheFantasyWorldSimulator/src/engine/phaseReputationTraits.ts:273:7)
    at runTick (C:/Users/chris/Dev/Projects/TheFantasyWorldSimulator/src/engine/orchestrator.ts:1896:18)
    at C:/Users/chris/Dev/Projects/TheFantasyWorldSimulator/src/engine/__tests__/traceBuffer-integration.test.ts:251:15
    at file:///C:/Users/chris/Dev/Projects/TheFantasyWorldSimulator/node_modules/@vitest/runner/dist/index.js:145:11
    at file:///C:/Users/chris/Dev/Projects/TheFantasyWorldSimulator/node_modules/@vitest/runner/dist/index.js:915:26
    at file:///C:/Users/chris/Dev/Projects/TheFantasyWorldSimulator/node_modules/@vitest/runner/dist/index.js:1243:20
    at new Promise (<anonymous>)
    at runWithTimeout (file:///C:/Users/chris/Dev/Projects/TheFantasyWorldSimulator/node_modules/@vitest/runner/dist/index.js:1209:10)
[Orchestrator] Tick crashed, returning previous state: Error: Trait not found: trait.reputation.power.renown
    at assignTrait (C:/Users/chris/Dev/Projects/TheFantasyWorldSimulator/src/engine/traits.ts:44:25)
    at syncReputationTrait (C:/Users/chris/Dev/Projects/TheFantasyWorldSimulator/src/engine/phaseReputationTraits.ts:297:5)
    at phaseReputationTraits (C:/Users/chris/Dev/Projects/TheFantasyWorldSimulator/src/engine/phaseReputationTraits.ts:273:7)
    at runTick (C:/Users/chris/Dev/Projects/TheFantasyWorldSimulator/src/engine/orchestrator.ts:1896:18)
    at C:/Users/chris/Dev/Projects/TheFantasyWorldSimulator/src/engine/__tests__/traceBuffer-integration.test.ts:251:15
    at file:///C:/Users/chris/Dev/Projects/TheFantasyWorldSimulator/node_modules/@vitest/runner/dist/index.js:145:11
    at file:///C:/Users/chris/Dev/Projects/TheFantasyWorldSimulator/node_modules/@vitest/runner/dist/index.js:915:26
    at file:///C:/Users/chris/Dev/Projects/TheFantasyWorldSimulator/node_modules/@vitest/runner/dist/index.js:1243:20
    at new Promise (<anonymous>)
    at runWithTimeout (file:///C:/Users/chris/Dev/Projects/TheFantasyWorldSimulator/node_modules/@vitest/runner/dist/index.js:1209:10)
[Orchestrator] Tick crashed, returning previous state: Error: Trait not found: trait.reputation.power.renown
    at assignTrait (C:/Users/chris/Dev/Projects/TheFantasyWorldSimulator/src/engine/traits.ts:44:25)
    at syncReputationTrait (C:/Users/chris/Dev/Projects/TheFantasyWorldSimulator/src/engine/phaseReputationTraits.ts:297:5)
    at phaseReputationTraits (C:/Users/chris/Dev/Projects/TheFantasyWorldSimulator/src/engine/phaseReputationTraits.ts:273:7)
    at runTick (C:/Users/chris/Dev/Projects/TheFantasyWorldSimulator/src/engine/orchestrator.ts:1896:18)
    at C:/Users/chris/Dev/Projects/TheFantasyWorldSimulator/src/engine/__tests__/traceBuffer-integration.test.ts:251:15
    at file:///C:/Users/chris/Dev/Projects/TheFantasyWorldSimulator/node_modules/@vitest/runner/dist/index.js:145:11
    at file:///C:/Users/chris/Dev/Projects/TheFantasyWorldSimulator/node_modules/@vitest/runner/dist/index.js:915:26
    at file:///C:/Users/chris/Dev/Projects/TheFantasyWorldSimulator/node_modules/@vitest/runner/dist/index.js:1243:20
    at new Promise (<anonymous>)
    at runWithTimeout (file:///C:/Users/chris/Dev/Projects/TheFantasyWorldSimulator/node_modules/@vitest/runner/dist/index.js:1209:10)
[Orchestrator] Tick crashed, returning previous state: Error: Trait not found: trait.reputation.power.renown
    at assignTrait (C:/Users/chris/Dev/Projects/TheFantasyWorldSimulator/src/engine/traits.ts:44:25)
    at syncReputationTrait (C:/Users/chris/Dev/Projects/TheFantasyWorldSimulator/src/engine/phaseReputationTraits.ts:297:5)
    at phaseReputationTraits (C:/Users/chris/Dev/Projects/TheFantasyWorldSimulator/src/engine/phaseReputationTraits.ts:273:7)
    at runTick (C:/Users/chris/Dev/Projects/TheFantasyWorldSimulator/src/engine/orchestrator.ts:1896:18)
    at C:/Users/chris/Dev/Projects/TheFantasyWorldSimulator/src/engine/__tests__/traceBuffer-integration.test.ts:251:15
    at file:///C:/Users/chris/Dev/Projects/TheFantasyWorldSimulator/node_modules/@vitest/runner/dist/index.js:145:11
    at file:///C:/Users/chris/Dev/Projects/TheFantasyWorldSimulator/node_modules/@vitest/runner/dist/index.js:915:26
    at file:///C:/Users/chris/Dev/Projects/TheFantasyWorldSimulator/node_modules/@vitest/runner/dist/index.js:1243:20
    at new Promise (<anonymous>)
    at runWithTimeout (file:///C:/Users/chris/Dev/Projects/TheFantasyWorldSimulator/node_modules/@vitest/runner/dist/index.js:1209:10)
[Orchestrator] Tick crashed, returning previous state: Error: Trait not found: trait.reputation.power.renown
    at assignTrait (C:/Users/chris/Dev/Projects/TheFantasyWorldSimulator/src/engine/traits.ts:44:25)
    at syncReputationTrait (C:/Users/chris/Dev/Projects/TheFantasyWorldSimulator/src/engine/phaseReputationTraits.ts:297:5)
    at phaseReputationTraits (C:/Users/chris/Dev/Projects/TheFantasyWorldSimulator/src/engine/phaseReputationTraits.ts:273:7)
    at runTick (C:/Users/chris/Dev/Projects/TheFantasyWorldSimulator/src/engine/orchestrator.ts:1896:18)
    at C:/Users/chris/Dev/Projects/TheFantasyWorldSimulator/src/engine/__tests__/traceBuffer-integration.test.ts:251:15
    at file:///C:/Users/chris/Dev/Projects/TheFantasyWorldSimulator/node_modules/@vitest/runner/dist/index.js:145:11
    at file:///C:/Users/chris/Dev/Projects/TheFantasyWorldSimulator/node_modules/@vitest/runner/dist/index.js:915:26
    at file:///C:/Users/chris/Dev/Projects/TheFantasyWorldSimulator/node_modules/@vitest/runner/dist/index.js:1243:20
    at new Promise (<anonymous>)
    at runWithTimeout (file:///C:/Users/chris/Dev/Projects/TheFantasyWorldSimulator/node_modules/@vitest/runner/dist/index.js:1209:10)
[Orchestrator] Tick crashed, returning previous state: Error: Trait not found: trait.reputation.power.renown
    at assignTrait (C:/Users/chris/Dev/Projects/TheFantasyWorldSimulator/src/engine/traits.ts:44:25)
    at syncReputationTrait (C:/Users/chris/Dev/Projects/TheFantasyWorldSimulator/src/engine/phaseReputationTraits.ts:297:5)
    at phaseReputationTraits (C:/Users/chris/Dev/Projects/TheFantasyWorldSimulator/src/engine/phaseReputationTraits.ts:273:7)
    at runTick (C:/Users/chris/Dev/Projects/TheFantasyWorldSimulator/src/engine/orchestrator.ts:1896:18)
    at C:/Users/chris/Dev/Projects/TheFantasyWorldSimulator/src/engine/__tests__/traceBuffer-integration.test.ts:262:15
    at file:///C:/Users/chris/Dev/Projects/TheFantasyWorldSimulator/node_modules/@vitest/runner/dist/index.js:145:11
    at file:///C:/Users/chris/Dev/Projects/TheFantasyWorldSimulator/node_modules/@vitest/runner/dist/index.js:915:26
    at file:///C:/Users/chris/Dev/Projects/TheFantasyWorldSimulator/node_modules/@vitest/runner/dist/index.js:1243:20
    at new Promise (<anonymous>)
    at runWithTimeout (file:///C:/Users/chris/Dev/Projects/TheFantasyWorldSimulator/node_modules/@vitest/runner/dist/index.js:1209:10)
[Orchestrator] Tick crashed, returning previous state: Error: Trait not found: trait.reputation.power.renown
    at assignTrait (C:/Users/chris/Dev/Projects/TheFantasyWorldSimulator/src/engine/traits.ts:44:25)
    at syncReputationTrait (C:/Users/chris/Dev/Projects/TheFantasyWorldSimulator/src/engine/phaseReputationTraits.ts:297:5)
    at phaseReputationTraits (C:/Users/chris/Dev/Projects/TheFantasyWorldSimulator/src/engine/phaseReputationTraits.ts:273:7)
    at runTick (C:/Users/chris/Dev/Projects/TheFantasyWorldSimulator/src/engine/orchestrator.ts:1896:18)
    at C:/Users/chris/Dev/Projects/TheFantasyWorldSimulator/src/engine/__tests__/traceBuffer-integration.test.ts:262:15
    at file:///C:/Users/chris/Dev/Projects/TheFantasyWorldSimulator/node_modules/@vitest/runner/dist/index.js:145:11
    at file:///C:/Users/chris/Dev/Projects/TheFantasyWorldSimulator/node_modules/@vitest/runner/dist/index.js:915:26
    at file:///C:/Users/chris/Dev/Projects/TheFantasyWorldSimulator/node_modules/@vitest/runner/dist/index.js:1243:20
    at new Promise (<anonymous>)
    at runWithTimeout (file:///C:/Users/chris/Dev/Projects/TheFantasyWorldSimulator/node_modules/@vitest/runner/dist/index.js:1209:10)
[Orchestrator] Tick crashed, returning previous state: Error: Trait not found: trait.reputation.power.renown
    at assignTrait (C:/Users/chris/Dev/Projects/TheFantasyWorldSimulator/src/engine/traits.ts:44:25)
    at syncReputationTrait (C:/Users/chris/Dev/Projects/TheFantasyWorldSimulator/src/engine/phaseReputationTraits.ts:297:5)
    at phaseReputationTraits (C:/Users/chris/Dev/Projects/TheFantasyWorldSimulator/src/engine/phaseReputationTraits.ts:273:7)
    at runTick (C:/Users/chris/Dev/Projects/TheFantasyWorldSimulator/src/engine/orchestrator.ts:1896:18)
    at C:/Users/chris/Dev/Projects/TheFantasyWorldSimulator/src/engine/__tests__/traceBuffer-integration.test.ts:262:15
    at file:///C:/Users/chris/Dev/Projects/TheFantasyWorldSimulator/node_modules/@vitest/runner/dist/index.js:145:11
    at file:///C:/Users/chris/Dev/Projects/TheFantasyWorldSimulator/node_modules/@vitest/runner/dist/index.js:915:26
    at file:///C:/Users/chris/Dev/Projects/TheFantasyWorldSimulator/node_modules/@vitest/runner/dist/index.js:1243:20
    at new Promise (<anonymous>)
    at runWithTimeout (file:///C:/Users/chris/Dev/Projects/TheFantasyWorldSimulator/node_modules/@vitest/runner/dist/index.js:1209:10)
[Orchestrator] Tick crashed, returning previous state: Error: Trait not found: trait.reputation.power.renown
    at assignTrait (C:/Users/chris/Dev/Projects/TheFantasyWorldSimulator/src/engine/traits.ts:44:25)
    at syncReputationTrait (C:/Users/chris/Dev/Projects/TheFantasyWorldSimulator/src/engine/phaseReputationTraits.ts:297:5)
    at phaseReputationTraits (C:/Users/chris/Dev/Projects/TheFantasyWorldSimulator/src/engine/phaseReputationTraits.ts:273:7)
    at runTick (C:/Users/chris/Dev/Projects/TheFantasyWorldSimulator/src/engine/orchestrator.ts:1896:18)
    at C:/Users/chris/Dev/Projects/TheFantasyWorldSimulator/src/engine/__tests__/traceBuffer-integration.test.ts:262:15
    at file:///C:/Users/chris/Dev/Projects/TheFantasyWorldSimulator/node_modules/@vitest/runner/dist/index.js:145:11
    at file:///C:/Users/chris/Dev/Projects/TheFantasyWorldSimulator/node_modules/@vitest/runner/dist/index.js:915:26
    at file:///C:/Users/chris/Dev/Projects/TheFantasyWorldSimulator/node_modules/@vitest/runner/dist/index.js:1243:20
    at new Promise (<anonymous>)
    at runWithTimeout (file:///C:/Users/chris/Dev/Projects/TheFantasyWorldSimulator/node_modules/@vitest/runner/dist/index.js:1209:10)
[Orchestrator] Tick crashed, returning previous state: Error: Trait not found: trait.reputation.power.renown
    at assignTrait (C:/Users/chris/Dev/Projects/TheFantasyWorldSimulator/src/engine/traits.ts:44:25)
    at syncReputationTrait (C:/Users/chris/Dev/Projects/TheFantasyWorldSimulator/src/engine/phaseReputationTraits.ts:297:5)
    at phaseReputationTraits (C:/Users/chris/Dev/Projects/TheFantasyWorldSimulator/src/engine/phaseReputationTraits.ts:273:7)
    at runTick (C:/Users/chris/Dev/Projects/TheFantasyWorldSimulator/src/engine/orchestrator.ts:1896:18)
    at C:/Users/chris/Dev/Projects/TheFantasyWorldSimulator/src/engine/__tests__/traceBuffer-integration.test.ts:262:15
    at file:///C:/Users/chris/Dev/Projects/TheFantasyWorldSimulator/node_modules/@vitest/runner/dist/index.js:145:11
    at file:///C:/Users/chris/Dev/Projects/TheFantasyWorldSimulator/node_modules/@vitest/runner/dist/index.js:915:26
    at file:///C:/Users/chris/Dev/Projects/TheFantasyWorldSimulator/node_modules/@vitest/runner/dist/index.js:1243:20
    at new Promise (<anonymous>)
    at runWithTimeout (file:///C:/Users/chris/Dev/Projects/TheFantasyWorldSimulator/node_modules/@vitest/runner/dist/index.js:1209:10)

 [32m✓[39m src/engine/__tests__/npcGraduation.test.ts [2m([22m[2m16 tests[22m[2m)[22m[32m 8[2mms[22m[39m
 [32m✓[39m src/engine/__tests__/effectTick.test.ts [2m([22m[2m16 tests[22m[2m)[22m[32m 6[2mms[22m[39m
 [32m✓[39m src/engine/__tests__/remembrance.test.ts [2m([22m[2m17 tests[22m[2m)[22m[32m 9[2mms[22m[39m
 [32m✓[39m src/data/__tests__/npc-action-templates.test.ts [2m([22m[2m10 tests[22m[2m)[22m[32m 7[2mms[22m[39m
 [32m✓[39m scripts/__tests__/generateVault.test.ts [2m([22m[2m37 tests[22m[2m)[22m[32m 7[2mms[22m[39m
 [32m✓[39m src/engine/__tests__/factionAmbitions.test.ts [2m([22m[2m14 tests[22m[2m)[22m[32m 8[2mms[22m[39m
stderr | src/engine/__tests__/pathfinding.test.ts > findShortestPath (Dijkstra) > node type filtering > skips non-location nodes (only traverses location type)
[GraphSchema] Edge "adjacent" target should be ["location","region"], got "actor" (edge edge_a_npc)
[GraphSchema] Edge "adjacent" source should be ["location","region"], got "actor" (edge edge_npc_b)

21.18.36 [vite] (ssr) warning: Duplicate key "loyalty_ambition" in object literal
79 |      honesty_cunning: -0.3,
80 |      sacrifice_survival: 0.2,
81 |      loyalty_ambition: 0.4,
   |      ^
82 |      tradition_novelty: -0.1,
83 |      preservation_transformation: 0.3,

  Plugin: vite:esbuild
  File: C:/Users/chris/Dev/Projects/TheFantasyWorldSimulator/src/engine/__tests__/dream.test.ts
21.18.36 [vite] (ssr) warning: Duplicate key "mercy_ruthlessness" in object literal
82 |      tradition_novelty: -0.1,
83 |      preservation_transformation: 0.3,
84 |      mercy_ruthlessness: -0.2,
   |      ^
85 |      asceticism_extravagance: -0.4,
86 |    };

  Plugin: vite:esbuild
  File: C:/Users/chris/Dev/Projects/TheFantasyWorldSimulator/src/engine/__tests__/dream.test.ts
 [32m✓[39m src/engine/__tests__/pathfinding.test.ts [2m([22m[2m9 tests[22m[2m)[22m[32m 7[2mms[22m[39m
 [32m✓[39m src/components/HexMapV2/scene/__tests__/RiverMesh.test.ts [2m([22m[2m6 tests[22m[2m)[22m[32m 7[2mms[22m[39m
 [32m✓[39m src/components/icons/__tests__/constants.test.ts [2m([22m[2m11 tests[22m[2m)[22m[32m 6[2mms[22m[39m
 [32m✓[39m src/components/HexMapV2/scene/__tests__/RoadMesh.test.ts [2m([22m[2m12 tests[22m[2m)[22m[32m 7[2mms[22m[39m
 [32m✓[39m src/engine/__tests__/proseGenerator.test.ts [2m([22m[2m12 tests[22m[2m)[22m[32m 7[2mms[22m[39m
 [32m✓[39m src/engine/__tests__/phaseMovement.test.ts [2m([22m[2m8 tests[22m[2m)[22m[32m 7[2mms[22m[39m
stderr | src/engine/__tests__/contracts/strategic-actions.contract.test.ts > merchant proving slice contract > generates diverse strategic candidates from merchant ambition
[GraphSchema] Edge "pursues" target should be "ambition", got "event" (edge pursues_merchant_a)

stderr | src/engine/__tests__/contracts/strategic-actions.contract.test.ts > merchant proving slice contract > scores and ranks strategic candidates
[GraphSchema] Edge "pursues" target should be "ambition", got "event" (edge pursues_merchant_a)

stderr | src/engine/__tests__/contracts/strategic-actions.contract.test.ts > merchant proving slice contract > executes an instant action and records history
[GraphSchema] Edge "pursues" target should be "ambition", got "event" (edge pursues_merchant_a)

stderr | src/engine/__tests__/contracts/strategic-actions.contract.test.ts > merchant proving slice contract > starts and completes a multi-tick warehouse project
[GraphSchema] Edge "pursues" target should be "ambition", got "event" (edge pursues_merchant_a)
[GraphSchema] Edge "contains" target should be "location", got "sublocation" (edge contains_loc_market_central_subloc_warehouse_loc_market_central_18)
[GraphSchema] Edge "constructed_by" source should be "actor", got "sublocation" (edge constructed_by_subloc_warehouse_loc_market_central_18_merchant_a)
[GraphSchema] Edge "constructed_by" target should be "location", got "actor" (edge constructed_by_subloc_warehouse_loc_market_central_18_merchant_a)

stderr | src/engine/__tests__/contracts/strategic-actions.contract.test.ts > merchant proving slice contract > candidate board shows variety beyond one template
[GraphSchema] Edge "pursues" target should be "ambition", got "event" (edge pursues_merchant_a)

 [32m✓[39m src/engine/__tests__/contracts/strategic-actions.contract.test.ts [2m([22m[2m6 tests[22m[2m)[22m[32m 9[2mms[22m[39m
 [32m✓[39m src/engine/__tests__/dream.test.ts [2m([22m[2m26 tests[22m[2m)[22m[32m 7[2mms[22m[39m
 [32m✓[39m src/lib/__tests__/simplexNoise.test.ts [2m([22m[2m5 tests[22m[2m)[22m[32m 7[2mms[22m[39m
 [32m✓[39m src/engine/__tests__/encounterAwareness.test.ts [2m([22m[2m20 tests[22m[2m)[22m[32m 7[2mms[22m[39m
stderr | src/engine/__tests__/tickHealth-integration.test.ts > tick health integration > state cleanup: encounterNotifications are trimmed over time
[GraphSchema] Edge "belongs_to" source should be ["actor","location"], got "region" (edge edge_hist_territory_region_0_hist_culture_0)
[Orchestrator] Tick crashed, returning previous state: Error: Trait not found: trait.reputation.power.renown
    at assignTrait (C:/Users/chris/Dev/Projects/TheFantasyWorldSimulator/src/engine/traits.ts:44:25)
    at syncReputationTrait (C:/Users/chris/Dev/Projects/TheFantasyWorldSimulator/src/engine/phaseReputationTraits.ts:297:5)
    at phaseReputationTraits (C:/Users/chris/Dev/Projects/TheFantasyWorldSimulator/src/engine/phaseReputationTraits.ts:273:7)
    at runTick (C:/Users/chris/Dev/Projects/TheFantasyWorldSimulator/src/engine/orchestrator.ts:1896:18)
    at C:/Users/chris/Dev/Projects/TheFantasyWorldSimulator/src/engine/__tests__/tickHealth-integration.test.ts:173:15
    at file:///C:/Users/chris/Dev/Projects/TheFantasyWorldSimulator/node_modules/@vitest/runner/dist/index.js:145:11
    at file:///C:/Users/chris/Dev/Projects/TheFantasyWorldSimulator/node_modules/@vitest/runner/dist/index.js:915:26
    at file:///C:/Users/chris/Dev/Projects/TheFantasyWorldSimulator/node_modules/@vitest/runner/dist/index.js:1243:20
    at new Promise (<anonymous>)
    at runWithTimeout (file:///C:/Users/chris/Dev/Projects/TheFantasyWorldSimulator/node_modules/@vitest/runner/dist/index.js:1209:10)
[Orchestrator] Tick crashed, returning previous state: Error: Trait not found: trait.reputation.power.renown
    at assignTrait (C:/Users/chris/Dev/Projects/TheFantasyWorldSimulator/src/engine/traits.ts:44:25)
    at syncReputationTrait (C:/Users/chris/Dev/Projects/TheFantasyWorldSimulator/src/engine/phaseReputationTraits.ts:297:5)
    at phaseReputationTraits (C:/Users/chris/Dev/Projects/TheFantasyWorldSimulator/src/engine/phaseReputationTraits.ts:273:7)
    at runTick (C:/Users/chris/Dev/Projects/TheFantasyWorldSimulator/src/engine/orchestrator.ts:1896:18)
    at C:/Users/chris/Dev/Projects/TheFantasyWorldSimulator/src/engine/__tests__/tickHealth-integration.test.ts:173:15
    at file:///C:/Users/chris/Dev/Projects/TheFantasyWorldSimulator/node_modules/@vitest/runner/dist/index.js:145:11
    at file:///C:/Users/chris/Dev/Projects/TheFantasyWorldSimulator/node_modules/@vitest/runner/dist/index.js:915:26
    at file:///C:/Users/chris/Dev/Projects/TheFantasyWorldSimulator/node_modules/@vitest/runner/dist/index.js:1243:20
    at new Promise (<anonymous>)
    at runWithTimeout (file:///C:/Users/chris/Dev/Projects/TheFantasyWorldSimulator/node_modules/@vitest/runner/dist/index.js:1209:10)
[Orchestrator] Tick crashed, returning previous state: Error: Trait not found: trait.reputation.power.renown
    at assignTrait (C:/Users/chris/Dev/Projects/TheFantasyWorldSimulator/src/engine/traits.ts:44:25)
    at syncReputationTrait (C:/Users/chris/Dev/Projects/TheFantasyWorldSimulator/src/engine/phaseReputationTraits.ts:297:5)
    at phaseReputationTraits (C:/Users/chris/Dev/Projects/TheFantasyWorldSimulator/src/engine/phaseReputationTraits.ts:273:7)
    at runTick (C:/Users/chris/Dev/Projects/TheFantasyWorldSimulator/src/engine/orchestrator.ts:1896:18)
    at C:/Users/chris/Dev/Projects/TheFantasyWorldSimulator/src/engine/__tests__/tickHealth-integration.test.ts:173:15
    at file:///C:/Users/chris/Dev/Projects/TheFantasyWorldSimulator/node_modules/@vitest/runner/dist/index.js:145:11
    at file:///C:/Users/chris/Dev/Projects/TheFantasyWorldSimulator/node_modules/@vitest/runner/dist/index.js:915:26
    at file:///C:/Users/chris/Dev/Projects/TheFantasyWorldSimulator/node_modules/@vitest/runner/dist/index.js:1243:20
    at new Promise (<anonymous>)
    at runWithTimeout (file:///C:/Users/chris/Dev/Projects/TheFantasyWorldSimulator/node_modules/@vitest/runner/dist/index.js:1209:10)
[Orchestrator] Tick crashed, returning previous state: Error: Trait not found: trait.reputation.power.renown
    at assignTrait (C:/Users/chris/Dev/Projects/TheFantasyWorldSimulator/src/engine/traits.ts:44:25)
    at syncReputationTrait (C:/Users/chris/Dev/Projects/TheFantasyWorldSimulator/src/engine/phaseReputationTraits.ts:297:5)
    at phaseReputationTraits (C:/Users/chris/Dev/Projects/TheFantasyWorldSimulator/src/engine/phaseReputationTraits.ts:273:7)
    at runTick (C:/Users/chris/Dev/Projects/TheFantasyWorldSimulator/src/engine/orchestrator.ts:1896:18)
    at C:/Users/chris/Dev/Projects/TheFantasyWorldSimulator/src/engine/__tests__/tickHealth-integration.test.ts:173:15
    at file:///C:/Users/chris/Dev/Projects/TheFantasyWorldSimulator/node_modules/@vitest/runner/dist/index.js:145:11
    at file:///C:/Users/chris/Dev/Projects/TheFantasyWorldSimulator/node_modules/@vitest/runner/dist/index.js:915:26
    at file:///C:/Users/chris/Dev/Projects/TheFantasyWorldSimulator/node_modules/@vitest/runner/dist/index.js:1243:20
    at new Promise (<anonymous>)
    at runWithTimeout (file:///C:/Users/chris/Dev/Projects/TheFantasyWorldSimulator/node_modules/@vitest/runner/dist/index.js:1209:10)
[Orchestrator] Tick crashed, returning previous state: Error: Trait not found: trait.reputation.power.renown
    at assignTrait (C:/Users/chris/Dev/Projects/TheFantasyWorldSimulator/src/engine/traits.ts:44:25)
    at syncReputationTrait (C:/Users/chris/Dev/Projects/TheFantasyWorldSimulator/src/engine/phaseReputationTraits.ts:297:5)
    at phaseReputationTraits (C:/Users/chris/Dev/Projects/TheFantasyWorldSimulator/src/engine/phaseReputationTraits.ts:273:7)
    at runTick (C:/Users/chris/Dev/Projects/TheFantasyWorldSimulator/src/engine/orchestrator.ts:1896:18)
    at C:/Users/chris/Dev/Projects/TheFantasyWorldSimulator/src/engine/__tests__/tickHealth-integration.test.ts:173:15
    at file:///C:/Users/chris/Dev/Projects/TheFantasyWorldSimulator/node_modules/@vitest/runner/dist/index.js:145:11
    at file:///C:/Users/chris/Dev/Projects/TheFantasyWorldSimulator/node_modules/@vitest/runner/dist/index.js:915:26
    at file:///C:/Users/chris/Dev/Projects/TheFantasyWorldSimulator/node_modules/@vitest/runner/dist/index.js:1243:20
    at new Promise (<anonymous>)
    at runWithTimeout (file:///C:/Users/chris/Dev/Projects/TheFantasyWorldSimulator/node_modules/@vitest/runner/dist/index.js:1209:10)
[Orchestrator] Tick crashed, returning previous state: Error: Trait not found: trait.reputation.power.renown
    at assignTrait (C:/Users/chris/Dev/Projects/TheFantasyWorldSimulator/src/engine/traits.ts:44:25)
    at syncReputationTrait (C:/Users/chris/Dev/Projects/TheFantasyWorldSimulator/src/engine/phaseReputationTraits.ts:297:5)
    at phaseReputationTraits (C:/Users/chris/Dev/Projects/TheFantasyWorldSimulator/src/engine/phaseReputationTraits.ts:273:7)
    at runTick (C:/Users/chris/Dev/Projects/TheFantasyWorldSimulator/src/engine/orchestrator.ts:1896:18)
    at C:/Users/chris/Dev/Projects/TheFantasyWorldSimulator/src/engine/__tests__/tickHealth-integration.test.ts:173:15
    at file:///C:/Users/chris/Dev/Projects/TheFantasyWorldSimulator/node_modules/@vitest/runner/dist/index.js:145:11
    at file:///C:/Users/chris/Dev/Projects/TheFantasyWorldSimulator/node_modules/@vitest/runner/dist/index.js:915:26
    at file:///C:/Users/chris/Dev/Projects/TheFantasyWorldSimulator/node_modules/@vitest/runner/dist/index.js:1243:20
    at new Promise (<anonymous>)
    at runWithTimeout (file:///C:/Users/chris/Dev/Projects/TheFantasyWorldSimulator/node_modules/@vitest/runner/dist/index.js:1209:10)
[Orchestrator] Tick crashed, returning previous state: Error: Trait not found: trait.reputation.power.renown
    at assignTrait (C:/Users/chris/Dev/Projects/TheFantasyWorldSimulator/src/engine/traits.ts:44:25)
    at syncReputationTrait (C:/Users/chris/Dev/Projects/TheFantasyWorldSimulator/src/engine/phaseReputationTraits.ts:297:5)
    at phaseReputationTraits (C:/Users/chris/Dev/Projects/TheFantasyWorldSimulator/src/engine/phaseReputationTraits.ts:273:7)
    at runTick (C:/Users/chris/Dev/Projects/TheFantasyWorldSimulator/src/engine/orchestrator.ts:1896:18)
    at C:/Users/chris/Dev/Projects/TheFantasyWorldSimulator/src/engine/__tests__/tickHealth-integration.test.ts:173:15
    at file:///C:/Users/chris/Dev/Projects/TheFantasyWorldSimulator/node_modules/@vitest/runner/dist/index.js:145:11
    at file:///C:/Users/chris/Dev/Projects/TheFantasyWorldSimulator/node_modules/@vitest/runner/dist/index.js:915:26
    at file:///C:/Users/chris/Dev/Projects/TheFantasyWorldSimulator/node_modules/@vitest/runner/dist/index.js:1243:20
    at new Promise (<anonymous>)
    at runWithTimeout (file:///C:/Users/chris/Dev/Projects/TheFantasyWorldSimulator/node_modules/@vitest/runner/dist/index.js:1209:10)
[Orchestrator] Tick crashed, returning previous state: Error: Trait not found: trait.reputation.power.renown
    at assignTrait (C:/Users/chris/Dev/Projects/TheFantasyWorldSimulator/src/engine/traits.ts:44:25)
    at syncReputationTrait (C:/Users/chris/Dev/Projects/TheFantasyWorldSimulator/src/engine/phaseReputationTraits.ts:297:5)
    at phaseReputationTraits (C:/Users/chris/Dev/Projects/TheFantasyWorldSimulator/src/engine/phaseReputationTraits.ts:273:7)
    at runTick (C:/Users/chris/Dev/Projects/TheFantasyWorldSimulator/src/engine/orchestrator.ts:1896:18)
    at C:/Users/chris/Dev/Projects/TheFantasyWorldSimulator/src/engine/__tests__/tickHealth-integration.test.ts:173:15
    at file:///C:/Users/chris/Dev/Projects/TheFantasyWorldSimulator/node_modules/@vitest/runner/dist/index.js:145:11
    at file:///C:/Users/chris/Dev/Projects/TheFantasyWorldSimulator/node_modules/@vitest/runner/dist/index.js:915:26
    at file:///C:/Users/chris/Dev/Projects/TheFantasyWorldSimulator/node_modules/@vitest/runner/dist/index.js:1243:20
    at new Promise (<anonymous>)
    at runWithTimeout (file:///C:/Users/chris/Dev/Projects/TheFantasyWorldSimulator/node_modules/@vitest/runner/dist/index.js:1209:10)
[Orchestrator] Tick crashed, returning previous state: Error: Trait not found: trait.reputation.power.renown
    at assignTrait (C:/Users/chris/Dev/Projects/TheFantasyWorldSimulator/src/engine/traits.ts:44:25)
    at syncReputationTrait (C:/Users/chris/Dev/Projects/TheFantasyWorldSimulator/src/engine/phaseReputationTraits.ts:297:5)
    at phaseReputationTraits (C:/Users/chris/Dev/Projects/TheFantasyWorldSimulator/src/engine/phaseReputationTraits.ts:273:7)
    at runTick (C:/Users/chris/Dev/Projects/TheFantasyWorldSimulator/src/engine/orchestrator.ts:1896:18)
    at C:/Users/chris/Dev/Projects/TheFantasyWorldSimulator/src/engine/__tests__/tickHealth-integration.test.ts:173:15
    at file:///C:/Users/chris/Dev/Projects/TheFantasyWorldSimulator/node_modules/@vitest/runner/dist/index.js:145:11
    at file:///C:/Users/chris/Dev/Projects/TheFantasyWorldSimulator/node_modules/@vitest/runner/dist/index.js:915:26
    at file:///C:/Users/chris/Dev/Projects/TheFantasyWorldSimulator/node_modules/@vitest/runner/dist/index.js:1243:20
    at new Promise (<anonymous>)
    at runWithTimeout (file:///C:/Users/chris/Dev/Projects/TheFantasyWorldSimulator/node_modules/@vitest/runner/dist/index.js:1209:10)
[Orchestrator] Tick crashed, returning previous state: Error: Trait not found: trait.reputation.power.renown
    at assignTrait (C:/Users/chris/Dev/Projects/TheFantasyWorldSimulator/src/engine/traits.ts:44:25)
    at syncReputationTrait (C:/Users/chris/Dev/Projects/TheFantasyWorldSimulator/src/engine/phaseReputationTraits.ts:297:5)
    at phaseReputationTraits (C:/Users/chris/Dev/Projects/TheFantasyWorldSimulator/src/engine/phaseReputationTraits.ts:273:7)
    at runTick (C:/Users/chris/Dev/Projects/TheFantasyWorldSimulator/src/engine/orchestrator.ts:1896:18)
    at C:/Users/chris/Dev/Projects/TheFantasyWorldSimulator/src/engine/__tests__/tickHealth-integration.test.ts:173:15
    at file:///C:/Users/chris/Dev/Projects/TheFantasyWorldSimulator/node_modules/@vitest/runner/dist/index.js:145:11
    at file:///C:/Users/chris/Dev/Projects/TheFantasyWorldSimulator/node_modules/@vitest/runner/dist/index.js:915:26
    at file:///C:/Users/chris/Dev/Projects/TheFantasyWorldSimulator/node_modules/@vitest/runner/dist/index.js:1243:20
    at new Promise (<anonymous>)
    at runWithTimeout (file:///C:/Users/chris/Dev/Projects/TheFantasyWorldSimulator/node_modules/@vitest/runner/dist/index.js:1209:10)
[Orchestrator] Tick crashed, returning previous state: Error: Trait not found: trait.reputation.power.renown
    at assignTrait (C:/Users/chris/Dev/Projects/TheFantasyWorldSimulator/src/engine/traits.ts:44:25)
    at syncReputationTrait (C:/Users/chris/Dev/Projects/TheFantasyWorldSimulator/src/engine/phaseReputationTraits.ts:297:5)
    at phaseReputationTraits (C:/Users/chris/Dev/Projects/TheFantasyWorldSimulator/src/engine/phaseReputationTraits.ts:273:7)
    at runTick (C:/Users/chris/Dev/Projects/TheFantasyWorldSimulator/src/engine/orchestrator.ts:1896:18)
    at C:/Users/chris/Dev/Projects/TheFantasyWorldSimulator/src/engine/__tests__/tickHealth-integration.test.ts:195:15
    at file:///C:/Users/chris/Dev/Projects/TheFantasyWorldSimulator/node_modules/@vitest/runner/dist/index.js:145:11
    at file:///C:/Users/chris/Dev/Projects/TheFantasyWorldSimulator/node_modules/@vitest/runner/dist/index.js:915:26
    at file:///C:/Users/chris/Dev/Projects/TheFantasyWorldSimulator/node_modules/@vitest/runner/dist/index.js:1243:20
    at new Promise (<anonymous>)
    at runWithTimeout (file:///C:/Users/chris/Dev/Projects/TheFantasyWorldSimulator/node_modules/@vitest/runner/dist/index.js:1209:10)
[Orchestrator] Tick crashed, returning previous state: Error: Trait not found: trait.reputation.power.renown
    at assignTrait (C:/Users/chris/Dev/Projects/TheFantasyWorldSimulator/src/engine/traits.ts:44:25)
    at syncReputationTrait (C:/Users/chris/Dev/Projects/TheFantasyWorldSimulator/src/engine/phaseReputationTraits.ts:297:5)
    at phaseReputationTraits (C:/Users/chris/Dev/Projects/TheFantasyWorldSimulator/src/engine/phaseReputationTraits.ts:273:7)
    at runTick (C:/Users/chris/Dev/Projects/TheFantasyWorldSimulator/src/engine/orchestrator.ts:1896:18)
    at C:/Users/chris/Dev/Projects/TheFantasyWorldSimulator/src/engine/__tests__/tickHealth-integration.test.ts:195:15
    at file:///C:/Users/chris/Dev/Projects/TheFantasyWorldSimulator/node_modules/@vitest/runner/dist/index.js:145:11
    at file:///C:/Users/chris/Dev/Projects/TheFantasyWorldSimulator/node_modules/@vitest/runner/dist/index.js:915:26
    at file:///C:/Users/chris/Dev/Projects/TheFantasyWorldSimulator/node_modules/@vitest/runner/dist/index.js:1243:20
    at new Promise (<anonymous>)
    at runWithTimeout (file:///C:/Users/chris/Dev/Projects/TheFantasyWorldSimulator/node_modules/@vitest/runner/dist/index.js:1209:10)
[Orchestrator] Tick crashed, returning previous state: Error: Trait not found: trait.reputation.power.renown
    at assignTrait (C:/Users/chris/Dev/Projects/TheFantasyWorldSimulator/src/engine/traits.ts:44:25)
    at syncReputationTrait (C:/Users/chris/Dev/Projects/TheFantasyWorldSimulator/src/engine/phaseReputationTraits.ts:297:5)
    at phaseReputationTraits (C:/Users/chris/Dev/Projects/TheFantasyWorldSimulator/src/engine/phaseReputationTraits.ts:273:7)
    at runTick (C:/Users/chris/Dev/Projects/TheFantasyWorldSimulator/src/engine/orchestrator.ts:1896:18)
    at C:/Users/chris/Dev/Projects/TheFantasyWorldSimulator/src/engine/__tests__/tickHealth-integration.test.ts:195:15
    at file:///C:/Users/chris/Dev/Projects/TheFantasyWorldSimulator/node_modules/@vitest/runner/dist/index.js:145:11
    at file:///C:/Users/chris/Dev/Projects/TheFantasyWorldSimulator/node_modules/@vitest/runner/dist/index.js:915:26
    at file:///C:/Users/chris/Dev/Projects/TheFantasyWorldSimulator/node_modules/@vitest/runner/dist/index.js:1243:20
    at new Promise (<anonymous>)
    at runWithTimeout (file:///C:/Users/chris/Dev/Projects/TheFantasyWorldSimulator/node_modules/@vitest/runner/dist/index.js:1209:10)
[Orchestrator] Tick crashed, returning previous state: Error: Trait not found: trait.reputation.power.renown
    at assignTrait (C:/Users/chris/Dev/Projects/TheFantasyWorldSimulator/src/engine/traits.ts:44:25)
    at syncReputationTrait (C:/Users/chris/Dev/Projects/TheFantasyWorldSimulator/src/engine/phaseReputationTraits.ts:297:5)
    at phaseReputationTraits (C:/Users/chris/Dev/Projects/TheFantasyWorldSimulator/src/engine/phaseReputationTraits.ts:273:7)
    at runTick (C:/Users/chris/Dev/Projects/TheFantasyWorldSimulator/src/engine/orchestrator.ts:1896:18)
    at C:/Users/chris/Dev/Projects/TheFantasyWorldSimulator/src/engine/__tests__/tickHealth-integration.test.ts:195:15
    at file:///C:/Users/chris/Dev/Projects/TheFantasyWorldSimulator/node_modules/@vitest/runner/dist/index.js:145:11
    at file:///C:/Users/chris/Dev/Projects/TheFantasyWorldSimulator/node_modules/@vitest/runner/dist/index.js:915:26
    at file:///C:/Users/chris/Dev/Projects/TheFantasyWorldSimulator/node_modules/@vitest/runner/dist/index.js:1243:20
    at new Promise (<anonymous>)
    at runWithTimeout (file:///C:/Users/chris/Dev/Projects/TheFantasyWorldSimulator/node_modules/@vitest/runner/dist/index.js:1209:10)
[Orchestrator] Tick crashed, returning previous state: Error: Trait not found: trait.reputation.power.renown
    at assignTrait (C:/Users/chris/Dev/Projects/TheFantasyWorldSimulator/src/engine/traits.ts:44:25)
    at syncReputationTrait (C:/Users/chris/Dev/Projects/TheFantasyWorldSimulator/src/engine/phaseReputationTraits.ts:297:5)
    at phaseReputationTraits (C:/Users/chris/Dev/Projects/TheFantasyWorldSimulator/src/engine/phaseReputationTraits.ts:273:7)
    at runTick (C:/Users/chris/Dev/Projects/TheFantasyWorldSimulator/src/engine/orchestrator.ts:1896:18)
    at C:/Users/chris/Dev/Projects/TheFantasyWorldSimulator/src/engine/__tests__/tickHealth-integration.test.ts:195:15
    at file:///C:/Users/chris/Dev/Projects/TheFantasyWorldSimulator/node_modules/@vitest/runner/dist/index.js:145:11
    at file:///C:/Users/chris/Dev/Projects/TheFantasyWorldSimulator/node_modules/@vitest/runner/dist/index.js:915:26
    at file:///C:/Users/chris/Dev/Projects/TheFantasyWorldSimulator/node_modules/@vitest/runner/dist/index.js:1243:20
    at new Promise (<anonymous>)
    at runWithTimeout (file:///C:/Users/chris/Dev/Projects/TheFantasyWorldSimulator/node_modules/@vitest/runner/dist/index.js:1209:10)
[Orchestrator] Tick crashed, returning previous state: Error: Trait not found: trait.reputation.power.renown
    at assignTrait (C:/Users/chris/Dev/Projects/TheFantasyWorldSimulator/src/engine/traits.ts:44:25)
    at syncReputationTrait (C:/Users/chris/Dev/Projects/TheFantasyWorldSimulator/src/engine/phaseReputationTraits.ts:297:5)
    at phaseReputationTraits (C:/Users/chris/Dev/Projects/TheFantasyWorldSimulator/src/engine/phaseReputationTraits.ts:273:7)
    at runTick (C:/Users/chris/Dev/Projects/TheFantasyWorldSimulator/src/engine/orchestrator.ts:1896:18)
    at C:/Users/chris/Dev/Projects/TheFantasyWorldSimulator/src/engine/__tests__/tickHealth-integration.test.ts:195:15
    at file:///C:/Users/chris/Dev/Projects/TheFantasyWorldSimulator/node_modules/@vitest/runner/dist/index.js:145:11
    at file:///C:/Users/chris/Dev/Projects/TheFantasyWorldSimulator/node_modules/@vitest/runner/dist/index.js:915:26
    at file:///C:/Users/chris/Dev/Projects/TheFantasyWorldSimulator/node_modules/@vitest/runner/dist/index.js:1243:20
    at new Promise (<anonymous>)
    at runWithTimeout (file:///C:/Users/chris/Dev/Projects/TheFantasyWorldSimulator/node_modules/@vitest/runner/dist/index.js:1209:10)
[Orchestrator] Tick crashed, returning previous state: Error: Trait not found: trait.reputation.power.renown
    at assignTrait (C:/Users/chris/Dev/Projects/TheFantasyWorldSimulator/src/engine/traits.ts:44:25)
    at syncReputationTrait (C:/Users/chris/Dev/Projects/TheFantasyWorldSimulator/src/engine/phaseReputationTraits.ts:297:5)
    at phaseReputationTraits (C:/Users/chris/Dev/Projects/TheFantasyWorldSimulator/src/engine/phaseReputationTraits.ts:273:7)
    at runTick (C:/Users/chris/Dev/Projects/TheFantasyWorldSimulator/src/engine/orchestrator.ts:1896:18)
    at C:/Users/chris/Dev/Projects/TheFantasyWorldSimulator/src/engine/__tests__/tickHealth-integration.test.ts:195:15
    at file:///C:/Users/chris/Dev/Projects/TheFantasyWorldSimulator/node_modules/@vitest/runner/dist/index.js:145:11
    at file:///C:/Users/chris/Dev/Projects/TheFantasyWorldSimulator/node_modules/@vitest/runner/dist/index.js:915:26
    at file:///C:/Users/chris/Dev/Projects/TheFantasyWorldSimulator/node_modules/@vitest/runner/dist/index.js:1243:20
    at new Promise (<anonymous>)
    at runWithTimeout (file:///C:/Users/chris/Dev/Projects/TheFantasyWorldSimulator/node_modules/@vitest/runner/dist/index.js:1209:10)
[Orchestrator] Tick crashed, returning previous state: Error: Trait not found: trait.reputation.power.renown
    at assignTrait (C:/Users/chris/Dev/Projects/TheFantasyWorldSimulator/src/engine/traits.ts:44:25)
    at syncReputationTrait (C:/Users/chris/Dev/Projects/TheFantasyWorldSimulator/src/engine/phaseReputationTraits.ts:297:5)
    at phaseReputationTraits (C:/Users/chris/Dev/Projects/TheFantasyWorldSimulator/src/engine/phaseReputationTraits.ts:273:7)
    at runTick (C:/Users/chris/Dev/Projects/TheFantasyWorldSimulator/src/engine/orchestrator.ts:1896:18)
    at C:/Users/chris/Dev/Projects/TheFantasyWorldSimulator/src/engine/__tests__/tickHealth-integration.test.ts:195:15
    at file:///C:/Users/chris/Dev/Projects/TheFantasyWorldSimulator/node_modules/@vitest/runner/dist/index.js:145:11
    at file:///C:/Users/chris/Dev/Projects/TheFantasyWorldSimulator/node_modules/@vitest/runner/dist/index.js:915:26
    at file:///C:/Users/chris/Dev/Projects/TheFantasyWorldSimulator/node_modules/@vitest/runner/dist/index.js:1243:20
    at new Promise (<anonymous>)
    at runWithTimeout (file:///C:/Users/chris/Dev/Projects/TheFantasyWorldSimulator/node_modules/@vitest/runner/dist/index.js:1209:10)
[Orchestrator] Tick crashed, returning previous state: Error: Trait not found: trait.reputation.power.renown
    at assignTrait (C:/Users/chris/Dev/Projects/TheFantasyWorldSimulator/src/engine/traits.ts:44:25)
    at syncReputationTrait (C:/Users/chris/Dev/Projects/TheFantasyWorldSimulator/src/engine/phaseReputationTraits.ts:297:5)
    at phaseReputationTraits (C:/Users/chris/Dev/Projects/TheFantasyWorldSimulator/src/engine/phaseReputationTraits.ts:273:7)
    at runTick (C:/Users/chris/Dev/Projects/TheFantasyWorldSimulator/src/engine/orchestrator.ts:1896:18)
    at C:/Users/chris/Dev/Projects/TheFantasyWorldSimulator/src/engine/__tests__/tickHealth-integration.test.ts:195:15
    at file:///C:/Users/chris/Dev/Projects/TheFantasyWorldSimulator/node_modules/@vitest/runner/dist/index.js:145:11
    at file:///C:/Users/chris/Dev/Projects/TheFantasyWorldSimulator/node_modules/@vitest/runner/dist/index.js:915:26
    at file:///C:/Users/chris/Dev/Projects/TheFantasyWorldSimulator/node_modules/@vitest/runner/dist/index.js:1243:20
    at new Promise (<anonymous>)
    at runWithTimeout (file:///C:/Users/chris/Dev/Projects/TheFantasyWorldSimulator/node_modules/@vitest/runner/dist/index.js:1209:10)
[Orchestrator] Tick crashed, returning previous state: Error: Trait not found: trait.reputation.power.renown
    at assignTrait (C:/Users/chris/Dev/Projects/TheFantasyWorldSimulator/src/engine/traits.ts:44:25)
    at syncReputationTrait (C:/Users/chris/Dev/Projects/TheFantasyWorldSimulator/src/engine/phaseReputationTraits.ts:297:5)
    at phaseReputationTraits (C:/Users/chris/Dev/Projects/TheFantasyWorldSimulator/src/engine/phaseReputationTraits.ts:273:7)
    at runTick (C:/Users/chris/Dev/Projects/TheFantasyWorldSimulator/src/engine/orchestrator.ts:1896:18)
    at C:/Users/chris/Dev/Projects/TheFantasyWorldSimulator/src/engine/__tests__/tickHealth-integration.test.ts:195:15
    at file:///C:/Users/chris/Dev/Projects/TheFantasyWorldSimulator/node_modules/@vitest/runner/dist/index.js:145:11
    at file:///C:/Users/chris/Dev/Projects/TheFantasyWorldSimulator/node_modules/@vitest/runner/dist/index.js:915:26
    at file:///C:/Users/chris/Dev/Projects/TheFantasyWorldSimulator/node_modules/@vitest/runner/dist/index.js:1243:20
    at new Promise (<anonymous>)
    at runWithTimeout (file:///C:/Users/chris/Dev/Projects/TheFantasyWorldSimulator/node_modules/@vitest/runner/dist/index.js:1209:10)
[Orchestrator] Tick crashed, returning previous state: Error: Trait not found: trait.reputation.power.renown
    at assignTrait (C:/Users/chris/Dev/Projects/TheFantasyWorldSimulator/src/engine/traits.ts:44:25)
    at syncReputationTrait (C:/Users/chris/Dev/Projects/TheFantasyWorldSimulator/src/engine/phaseReputationTraits.ts:297:5)
    at phaseReputationTraits (C:/Users/chris/Dev/Projects/TheFantasyWorldSimulator/src/engine/phaseReputationTraits.ts:273:7)
    at runTick (C:/Users/chris/Dev/Projects/TheFantasyWorldSimulator/src/engine/orchestrator.ts:1896:18)
    at C:/Users/chris/Dev/Projects/TheFantasyWorldSimulator/src/engine/__tests__/tickHealth-integration.test.ts:195:15
    at file:///C:/Users/chris/Dev/Projects/TheFantasyWorldSimulator/node_modules/@vitest/runner/dist/index.js:145:11
    at file:///C:/Users/chris/Dev/Projects/TheFantasyWorldSimulator/node_modules/@vitest/runner/dist/index.js:915:26
    at file:///C:/Users/chris/Dev/Projects/TheFantasyWorldSimulator/node_modules/@vitest/runner/dist/index.js:1243:20
    at new Promise (<anonymous>)
    at runWithTimeout (file:///C:/Users/chris/Dev/Projects/TheFantasyWorldSimulator/node_modules/@vitest/runner/dist/index.js:1209:10)
[Orchestrator] Tick crashed, returning previous state: Error: Trait not found: trait.reputation.power.renown
    at assignTrait (C:/Users/chris/Dev/Projects/TheFantasyWorldSimulator/src/engine/traits.ts:44:25)
    at syncReputationTrait (C:/Users/chris/Dev/Projects/TheFantasyWorldSimulator/src/engine/phaseReputationTraits.ts:297:5)
    at phaseReputationTraits (C:/Users/chris/Dev/Projects/TheFantasyWorldSimulator/src/engine/phaseReputationTraits.ts:273:7)
    at runTick (C:/Users/chris/Dev/Projects/TheFantasyWorldSimulator/src/engine/orchestrator.ts:1896:18)
    at C:/Users/chris/Dev/Projects/TheFantasyWorldSimulator/src/engine/__tests__/tickHealth-integration.test.ts:195:15
    at file:///C:/Users/chris/Dev/Projects/TheFantasyWorldSimulator/node_modules/@vitest/runner/dist/index.js:145:11
    at file:///C:/Users/chris/Dev/Projects/TheFantasyWorldSimulator/node_modules/@vitest/runner/dist/index.js:915:26
    at file:///C:/Users/chris/Dev/Projects/TheFantasyWorldSimulator/node_modules/@vitest/runner/dist/index.js:1243:20
    at new Promise (<anonymous>)
    at runWithTimeout (file:///C:/Users/chris/Dev/Projects/TheFantasyWorldSimulator/node_modules/@vitest/runner/dist/index.js:1209:10)
[Orchestrator] Tick crashed, returning previous state: Error: Trait not found: trait.reputation.power.renown
    at assignTrait (C:/Users/chris/Dev/Projects/TheFantasyWorldSimulator/src/engine/traits.ts:44:25)
    at syncReputationTrait (C:/Users/chris/Dev/Projects/TheFantasyWorldSimulator/src/engine/phaseReputationTraits.ts:297:5)
    at phaseReputationTraits (C:/Users/chris/Dev/Projects/TheFantasyWorldSimulator/src/engine/phaseReputationTraits.ts:273:7)
    at runTick (C:/Users/chris/Dev/Projects/TheFantasyWorldSimulator/src/engine/orchestrator.ts:1896:18)
    at C:/Users/chris/Dev/Projects/TheFantasyWorldSimulator/src/engine/__tests__/tickHealth-integration.test.ts:195:15
    at file:///C:/Users/chris/Dev/Projects/TheFantasyWorldSimulator/node_modules/@vitest/runner/dist/index.js:145:11
    at file:///C:/Users/chris/Dev/Projects/TheFantasyWorldSimulator/node_modules/@vitest/runner/dist/index.js:915:26
    at file:///C:/Users/chris/Dev/Projects/TheFantasyWorldSimulator/node_modules/@vitest/runner/dist/index.js:1243:20
    at new Promise (<anonymous>)
    at runWithTimeout (file:///C:/Users/chris/Dev/Projects/TheFantasyWorldSimulator/node_modules/@vitest/runner/dist/index.js:1209:10)
[Orchestrator] Tick crashed, returning previous state: Error: Trait not found: trait.reputation.power.renown
    at assignTrait (C:/Users/chris/Dev/Projects/TheFantasyWorldSimulator/src/engine/traits.ts:44:25)
    at syncReputationTrait (C:/Users/chris/Dev/Projects/TheFantasyWorldSimulator/src/engine/phaseReputationTraits.ts:297:5)
    at phaseReputationTraits (C:/Users/chris/Dev/Projects/TheFantasyWorldSimulator/src/engine/phaseReputationTraits.ts:273:7)
    at runTick (C:/Users/chris/Dev/Projects/TheFantasyWorldSimulator/src/engine/orchestrator.ts:1896:18)
    at C:/Users/chris/Dev/Projects/TheFantasyWorldSimulator/src/engine/__tests__/tickHealth-integration.test.ts:195:15
    at file:///C:/Users/chris/Dev/Projects/TheFantasyWorldSimulator/node_modules/@vitest/runner/dist/index.js:145:11
    at file:///C:/Users/chris/Dev/Projects/TheFantasyWorldSimulator/node_modules/@vitest/runner/dist/index.js:915:26
    at file:///C:/Users/chris/Dev/Projects/TheFantasyWorldSimulator/node_modules/@vitest/runner/dist/index.js:1243:20
    at new Promise (<anonymous>)
    at runWithTimeout (file:///C:/Users/chris/Dev/Projects/TheFantasyWorldSimulator/node_modules/@vitest/runner/dist/index.js:1209:10)
[Orchestrator] Tick crashed, returning previous state: Error: Trait not found: trait.reputation.power.renown
    at assignTrait (C:/Users/chris/Dev/Projects/TheFantasyWorldSimulator/src/engine/traits.ts:44:25)
    at syncReputationTrait (C:/Users/chris/Dev/Projects/TheFantasyWorldSimulator/src/engine/phaseReputationTraits.ts:297:5)
    at phaseReputationTraits (C:/Users/chris/Dev/Projects/TheFantasyWorldSimulator/src/engine/phaseReputationTraits.ts:273:7)
    at runTick (C:/Users/chris/Dev/Projects/TheFantasyWorldSimulator/src/engine/orchestrator.ts:1896:18)
    at C:/Users/chris/Dev/Projects/TheFantasyWorldSimulator/src/engine/__tests__/tickHealth-integration.test.ts:195:15
    at file:///C:/Users/chris/Dev/Projects/TheFantasyWorldSimulator/node_modules/@vitest/runner/dist/index.js:145:11
    at file:///C:/Users/chris/Dev/Projects/TheFantasyWorldSimulator/node_modules/@vitest/runner/dist/index.js:915:26
    at file:///C:/Users/chris/Dev/Projects/TheFantasyWorldSimulator/node_modules/@vitest/runner/dist/index.js:1243:20
    at new Promise (<anonymous>)
    at runWithTimeout (file:///C:/Users/chris/Dev/Projects/TheFantasyWorldSimulator/node_modules/@vitest/runner/dist/index.js:1209:10)
[Orchestrator] Tick crashed, returning previous state: Error: Trait not found: trait.reputation.power.renown
    at assignTrait (C:/Users/chris/Dev/Projects/TheFantasyWorldSimulator/src/engine/traits.ts:44:25)
    at syncReputationTrait (C:/Users/chris/Dev/Projects/TheFantasyWorldSimulator/src/engine/phaseReputationTraits.ts:297:5)
    at phaseReputationTraits (C:/Users/chris/Dev/Projects/TheFantasyWorldSimulator/src/engine/phaseReputationTraits.ts:273:7)
    at runTick (C:/Users/chris/Dev/Projects/TheFantasyWorldSimulator/src/engine/orchestrator.ts:1896:18)
    at C:/Users/chris/Dev/Projects/TheFantasyWorldSimulator/src/engine/__tests__/tickHealth-integration.test.ts:195:15
    at file:///C:/Users/chris/Dev/Projects/TheFantasyWorldSimulator/node_modules/@vitest/runner/dist/index.js:145:11
    at file:///C:/Users/chris/Dev/Projects/TheFantasyWorldSimulator/node_modules/@vitest/runner/dist/index.js:915:26
    at file:///C:/Users/chris/Dev/Projects/TheFantasyWorldSimulator/node_modules/@vitest/runner/dist/index.js:1243:20
    at new Promise (<anonymous>)
    at runWithTimeout (file:///C:/Users/chris/Dev/Projects/TheFantasyWorldSimulator/node_modules/@vitest/runner/dist/index.js:1209:10)
[Orchestrator] Tick crashed, returning previous state: Error: Trait not found: trait.reputation.power.renown
    at assignTrait (C:/Users/chris/Dev/Projects/TheFantasyWorldSimulator/src/engine/traits.ts:44:25)
    at syncReputationTrait (C:/Users/chris/Dev/Projects/TheFantasyWorldSimulator/src/engine/phaseReputationTraits.ts:297:5)
    at phaseReputationTraits (C:/Users/chris/Dev/Projects/TheFantasyWorldSimulator/src/engine/phaseReputationTraits.ts:273:7)
    at runTick (C:/Users/chris/Dev/Projects/TheFantasyWorldSimulator/src/engine/orchestrator.ts:1896:18)
    at C:/Users/chris/Dev/Projects/TheFantasyWorldSimulator/src/engine/__tests__/tickHealth-integration.test.ts:195:15
    at file:///C:/Users/chris/Dev/Projects/TheFantasyWorldSimulator/node_modules/@vitest/runner/dist/index.js:145:11
    at file:///C:/Users/chris/Dev/Projects/TheFantasyWorldSimulator/node_modules/@vitest/runner/dist/index.js:915:26
    at file:///C:/Users/chris/Dev/Projects/TheFantasyWorldSimulator/node_modules/@vitest/runner/dist/index.js:1243:20
    at new Promise (<anonymous>)
    at runWithTimeout (file:///C:/Users/chris/Dev/Projects/TheFantasyWorldSimulator/node_modules/@vitest/runner/dist/index.js:1209:10)
[Orchestrator] Tick crashed, returning previous state: Error: Trait not found: trait.reputation.power.renown
    at assignTrait (C:/Users/chris/Dev/Projects/TheFantasyWorldSimulator/src/engine/traits.ts:44:25)
    at syncReputationTrait (C:/Users/chris/Dev/Projects/TheFantasyWorldSimulator/src/engine/phaseReputationTraits.ts:297:5)
    at phaseReputationTraits (C:/Users/chris/Dev/Projects/TheFantasyWorldSimulator/src/engine/phaseReputationTraits.ts:273:7)
    at runTick (C:/Users/chris/Dev/Projects/TheFantasyWorldSimulator/src/engine/orchestrator.ts:1896:18)
    at C:/Users/chris/Dev/Projects/TheFantasyWorldSimulator/src/engine/__tests__/tickHealth-integration.test.ts:195:15
    at file:///C:/Users/chris/Dev/Projects/TheFantasyWorldSimulator/node_modules/@vitest/runner/dist/index.js:145:11
    at file:///C:/Users/chris/Dev/Projects/TheFantasyWorldSimulator/node_modules/@vitest/runner/dist/index.js:915:26
    at file:///C:/Users/chris/Dev/Projects/TheFantasyWorldSimulator/node_modules/@vitest/runner/dist/index.js:1243:20
    at new Promise (<anonymous>)
    at runWithTimeout (file:///C:/Users/chris/Dev/Projects/TheFantasyWorldSimulator/node_modules/@vitest/runner/dist/index.js:1209:10)
[Orchestrator] Tick crashed, returning previous state: Error: Trait not found: trait.reputation.power.renown
    at assignTrait (C:/Users/chris/Dev/Projects/TheFantasyWorldSimulator/src/engine/traits.ts:44:25)
    at syncReputationTrait (C:/Users/chris/Dev/Projects/TheFantasyWorldSimulator/src/engine/phaseReputationTraits.ts:297:5)
    at phaseReputationTraits (C:/Users/chris/Dev/Projects/TheFantasyWorldSimulator/src/engine/phaseReputationTraits.ts:273:7)
    at runTick (C:/Users/chris/Dev/Projects/TheFantasyWorldSimulator/src/engine/orchestrator.ts:1896:18)
    at C:/Users/chris/Dev/Projects/TheFantasyWorldSimulator/src/engine/__tests__/tickHealth-integration.test.ts:195:15
    at file:///C:/Users/chris/Dev/Projects/TheFantasyWorldSimulator/node_modules/@vitest/runner/dist/index.js:145:11
    at file:///C:/Users/chris/Dev/Projects/TheFantasyWorldSimulator/node_modules/@vitest/runner/dist/index.js:915:26
    at file:///C:/Users/chris/Dev/Projects/TheFantasyWorldSimulator/node_modules/@vitest/runner/dist/index.js:1243:20
    at new Promise (<anonymous>)
    at runWithTimeout (file:///C:/Users/chris/Dev/Projects/TheFantasyWorldSimulator/node_modules/@vitest/runner/dist/index.js:1209:10)
[Orchestrator] Tick crashed, returning previous state: Error: Trait not found: trait.reputation.power.renown
    at assignTrait (C:/Users/chris/Dev/Projects/TheFantasyWorldSimulator/src/engine/traits.ts:44:25)
    at syncReputationTrait (C:/Users/chris/Dev/Projects/TheFantasyWorldSimulator/src/engine/phaseReputationTraits.ts:297:5)
    at phaseReputationTraits (C:/Users/chris/Dev/Projects/TheFantasyWorldSimulator/src/engine/phaseReputationTraits.ts:273:7)
    at runTick (C:/Users/chris/Dev/Projects/TheFantasyWorldSimulator/src/engine/orchestrator.ts:1896:18)
    at C:/Users/chris/Dev/Projects/TheFantasyWorldSimulator/src/engine/__tests__/tickHealth-integration.test.ts:195:15
    at file:///C:/Users/chris/Dev/Projects/TheFantasyWorldSimulator/node_modules/@vitest/runner/dist/index.js:145:11
    at file:///C:/Users/chris/Dev/Projects/TheFantasyWorldSimulator/node_modules/@vitest/runner/dist/index.js:915:26
    at file:///C:/Users/chris/Dev/Projects/TheFantasyWorldSimulator/node_modules/@vitest/runner/dist/index.js:1243:20
    at new Promise (<anonymous>)
    at runWithTimeout (file:///C:/Users/chris/Dev/Projects/TheFantasyWorldSimulator/node_modules/@vitest/runner/dist/index.js:1209:10)
[Orchestrator] Tick crashed, returning previous state: Error: Trait not found: trait.reputation.power.renown
    at assignTrait (C:/Users/chris/Dev/Projects/TheFantasyWorldSimulator/src/engine/traits.ts:44:25)
    at syncReputationTrait (C:/Users/chris/Dev/Projects/TheFantasyWorldSimulator/src/engine/phaseReputationTraits.ts:297:5)
    at phaseReputationTraits (C:/Users/chris/Dev/Projects/TheFantasyWorldSimulator/src/engine/phaseReputationTraits.ts:273:7)
    at runTick (C:/Users/chris/Dev/Projects/TheFantasyWorldSimulator/src/engine/orchestrator.ts:1896:18)
    at C:/Users/chris/Dev/Projects/TheFantasyWorldSimulator/src/engine/__tests__/tickHealth-integration.test.ts:195:15
    at file:///C:/Users/chris/Dev/Projects/TheFantasyWorldSimulator/node_modules/@vitest/runner/dist/index.js:145:11
    at file:///C:/Users/chris/Dev/Projects/TheFantasyWorldSimulator/node_modules/@vitest/runner/dist/index.js:915:26
    at file:///C:/Users/chris/Dev/Projects/TheFantasyWorldSimulator/node_modules/@vitest/runner/dist/index.js:1243:20
    at new Promise (<anonymous>)
    at runWithTimeout (file:///C:/Users/chris/Dev/Projects/TheFantasyWorldSimulator/node_modules/@vitest/runner/dist/index.js:1209:10)
[Orchestrator] Tick crashed, returning previous state: Error: Trait not found: trait.reputation.power.renown
    at assignTrait (C:/Users/chris/Dev/Projects/TheFantasyWorldSimulator/src/engine/traits.ts:44:25)
    at syncReputationTrait (C:/Users/chris/Dev/Projects/TheFantasyWorldSimulator/src/engine/phaseReputationTraits.ts:297:5)
    at phaseReputationTraits (C:/Users/chris/Dev/Projects/TheFantasyWorldSimulator/src/engine/phaseReputationTraits.ts:273:7)
    at runTick (C:/Users/chris/Dev/Projects/TheFantasyWorldSimulator/src/engine/orchestrator.ts:1896:18)
    at C:/Users/chris/Dev/Projects/TheFantasyWorldSimulator/src/engine/__tests__/tickHealth-integration.test.ts:195:15
    at file:///C:/Users/chris/Dev/Projects/TheFantasyWorldSimulator/node_modules/@vitest/runner/dist/index.js:145:11
    at file:///C:/Users/chris/Dev/Projects/TheFantasyWorldSimulator/node_modules/@vitest/runner/dist/index.js:915:26
    at file:///C:/Users/chris/Dev/Projects/TheFantasyWorldSimulator/node_modules/@vitest/runner/dist/index.js:1243:20
    at new Promise (<anonymous>)
    at runWithTimeout (file:///C:/Users/chris/Dev/Projects/TheFantasyWorldSimulator/node_modules/@vitest/runner/dist/index.js:1209:10)
[Orchestrator] Tick crashed, returning previous state: Error: Trait not found: trait.reputation.power.renown
    at assignTrait (C:/Users/chris/Dev/Projects/TheFantasyWorldSimulator/src/engine/traits.ts:44:25)
    at syncReputationTrait (C:/Users/chris/Dev/Projects/TheFantasyWorldSimulator/src/engine/phaseReputationTraits.ts:297:5)
    at phaseReputationTraits (C:/Users/chris/Dev/Projects/TheFantasyWorldSimulator/src/engine/phaseReputationTraits.ts:273:7)
    at runTick (C:/Users/chris/Dev/Projects/TheFantasyWorldSimulator/src/engine/orchestrator.ts:1896:18)
    at C:/Users/chris/Dev/Projects/TheFantasyWorldSimulator/src/engine/__tests__/tickHealth-integration.test.ts:195:15
    at file:///C:/Users/chris/Dev/Projects/TheFantasyWorldSimulator/node_modules/@vitest/runner/dist/index.js:145:11
    at file:///C:/Users/chris/Dev/Projects/TheFantasyWorldSimulator/node_modules/@vitest/runner/dist/index.js:915:26
    at file:///C:/Users/chris/Dev/Projects/TheFantasyWorldSimulator/node_modules/@vitest/runner/dist/index.js:1243:20
    at new Promise (<anonymous>)
    at runWithTimeout (file:///C:/Users/chris/Dev/Projects/TheFantasyWorldSimulator/node_modules/@vitest/runner/dist/index.js:1209:10)
[Orchestrator] Tick crashed, returning previous state: Error: Trait not found: trait.reputation.power.renown
    at assignTrait (C:/Users/chris/Dev/Projects/TheFantasyWorldSimulator/src/engine/traits.ts:44:25)
    at syncReputationTrait (C:/Users/chris/Dev/Projects/TheFantasyWorldSimulator/src/engine/phaseReputationTraits.ts:297:5)
    at phaseReputationTraits (C:/Users/chris/Dev/Projects/TheFantasyWorldSimulator/src/engine/phaseReputationTraits.ts:273:7)
    at runTick (C:/Users/chris/Dev/Projects/TheFantasyWorldSimulator/src/engine/orchestrator.ts:1896:18)
    at C:/Users/chris/Dev/Projects/TheFantasyWorldSimulator/src/engine/__tests__/tickHealth-integration.test.ts:195:15
    at file:///C:/Users/chris/Dev/Projects/TheFantasyWorldSimulator/node_modules/@vitest/runner/dist/index.js:145:11
    at file:///C:/Users/chris/Dev/Projects/TheFantasyWorldSimulator/node_modules/@vitest/runner/dist/index.js:915:26
    at file:///C:/Users/chris/Dev/Projects/TheFantasyWorldSimulator/node_modules/@vitest/runner/dist/index.js:1243:20
    at new Promise (<anonymous>)
    at runWithTimeout (file:///C:/Users/chris/Dev/Projects/TheFantasyWorldSimulator/node_modules/@vitest/runner/dist/index.js:1209:10)
[Orchestrator] Tick crashed, returning previous state: Error: Trait not found: trait.reputation.power.renown
    at assignTrait (C:/Users/chris/Dev/Projects/TheFantasyWorldSimulator/src/engine/traits.ts:44:25)
    at syncReputationTrait (C:/Users/chris/Dev/Projects/TheFantasyWorldSimulator/src/engine/phaseReputationTraits.ts:297:5)
    at phaseReputationTraits (C:/Users/chris/Dev/Projects/TheFantasyWorldSimulator/src/engine/phaseReputationTraits.ts:273:7)
    at runTick (C:/Users/chris/Dev/Projects/TheFantasyWorldSimulator/src/engine/orchestrator.ts:1896:18)
    at C:/Users/chris/Dev/Projects/TheFantasyWorldSimulator/src/engine/__tests__/tickHealth-integration.test.ts:195:15
    at file:///C:/Users/chris/Dev/Projects/TheFantasyWorldSimulator/node_modules/@vitest/runner/dist/index.js:145:11
    at file:///C:/Users/chris/Dev/Projects/TheFantasyWorldSimulator/node_modules/@vitest/runner/dist/index.js:915:26
    at file:///C:/Users/chris/Dev/Projects/TheFantasyWorldSimulator/node_modules/@vitest/runner/dist/index.js:1243:20
    at new Promise (<anonymous>)
    at runWithTimeout (file:///C:/Users/chris/Dev/Projects/TheFantasyWorldSimulator/node_modules/@vitest/runner/dist/index.js:1209:10)
[Orchestrator] Tick crashed, returning previous state: Error: Trait not found: trait.reputation.power.renown
    at assignTrait (C:/Users/chris/Dev/Projects/TheFantasyWorldSimulator/src/engine/traits.ts:44:25)
    at syncReputationTrait (C:/Users/chris/Dev/Projects/TheFantasyWorldSimulator/src/engine/phaseReputationTraits.ts:297:5)
    at phaseReputationTraits (C:/Users/chris/Dev/Projects/TheFantasyWorldSimulator/src/engine/phaseReputationTraits.ts:273:7)
    at runTick (C:/Users/chris/Dev/Projects/TheFantasyWorldSimulator/src/engine/orchestrator.ts:1896:18)
    at C:/Users/chris/Dev/Projects/TheFantasyWorldSimulator/src/engine/__tests__/tickHealth-integration.test.ts:195:15
    at file:///C:/Users/chris/Dev/Projects/TheFantasyWorldSimulator/node_modules/@vitest/runner/dist/index.js:145:11
    at file:///C:/Users/chris/Dev/Projects/TheFantasyWorldSimulator/node_modules/@vitest/runner/dist/index.js:915:26
    at file:///C:/Users/chris/Dev/Projects/TheFantasyWorldSimulator/node_modules/@vitest/runner/dist/index.js:1243:20
    at new Promise (<anonymous>)
    at runWithTimeout (file:///C:/Users/chris/Dev/Projects/TheFantasyWorldSimulator/node_modules/@vitest/runner/dist/index.js:1209:10)
[Orchestrator] Tick crashed, returning previous state: Error: Trait not found: trait.reputation.power.renown
    at assignTrait (C:/Users/chris/Dev/Projects/TheFantasyWorldSimulator/src/engine/traits.ts:44:25)
    at syncReputationTrait (C:/Users/chris/Dev/Projects/TheFantasyWorldSimulator/src/engine/phaseReputationTraits.ts:297:5)
    at phaseReputationTraits (C:/Users/chris/Dev/Projects/TheFantasyWorldSimulator/src/engine/phaseReputationTraits.ts:273:7)
    at runTick (C:/Users/chris/Dev/Projects/TheFantasyWorldSimulator/src/engine/orchestrator.ts:1896:18)
    at C:/Users/chris/Dev/Projects/TheFantasyWorldSimulator/src/engine/__tests__/tickHealth-integration.test.ts:195:15
    at file:///C:/Users/chris/Dev/Projects/TheFantasyWorldSimulator/node_modules/@vitest/runner/dist/index.js:145:11
    at file:///C:/Users/chris/Dev/Projects/TheFantasyWorldSimulator/node_modules/@vitest/runner/dist/index.js:915:26
    at file:///C:/Users/chris/Dev/Projects/TheFantasyWorldSimulator/node_modules/@vitest/runner/dist/index.js:1243:20
    at new Promise (<anonymous>)
    at runWithTimeout (file:///C:/Users/chris/Dev/Projects/TheFantasyWorldSimulator/node_modules/@vitest/runner/dist/index.js:1209:10)
[Orchestrator] Tick crashed, returning previous state: Error: Trait not found: trait.reputation.power.renown
    at assignTrait (C:/Users/chris/Dev/Projects/TheFantasyWorldSimulator/src/engine/traits.ts:44:25)
    at syncReputationTrait (C:/Users/chris/Dev/Projects/TheFantasyWorldSimulator/src/engine/phaseReputationTraits.ts:297:5)
    at phaseReputationTraits (C:/Users/chris/Dev/Projects/TheFantasyWorldSimulator/src/engine/phaseReputationTraits.ts:273:7)
    at runTick (C:/Users/chris/Dev/Projects/TheFantasyWorldSimulator/src/engine/orchestrator.ts:1896:18)
    at C:/Users/chris/Dev/Projects/TheFantasyWorldSimulator/src/engine/__tests__/tickHealth-integration.test.ts:195:15
    at file:///C:/Users/chris/Dev/Projects/TheFantasyWorldSimulator/node_modules/@vitest/runner/dist/index.js:145:11
    at file:///C:/Users/chris/Dev/Projects/TheFantasyWorldSimulator/node_modules/@vitest/runner/dist/index.js:915:26
    at file:///C:/Users/chris/Dev/Projects/TheFantasyWorldSimulator/node_modules/@vitest/runner/dist/index.js:1243:20
    at new Promise (<anonymous>)
    at runWithTimeout (file:///C:/Users/chris/Dev/Projects/TheFantasyWorldSimulator/node_modules/@vitest/runner/dist/index.js:1209:10)
[Orchestrator] Tick crashed, returning previous state: Error: Trait not found: trait.reputation.power.renown
    at assignTrait (C:/Users/chris/Dev/Projects/TheFantasyWorldSimulator/src/engine/traits.ts:44:25)
    at syncReputationTrait (C:/Users/chris/Dev/Projects/TheFantasyWorldSimulator/src/engine/phaseReputationTraits.ts:297:5)
    at phaseReputationTraits (C:/Users/chris/Dev/Projects/TheFantasyWorldSimulator/src/engine/phaseReputationTraits.ts:273:7)
    at runTick (C:/Users/chris/Dev/Projects/TheFantasyWorldSimulator/src/engine/orchestrator.ts:1896:18)
    at C:/Users/chris/Dev/Projects/TheFantasyWorldSimulator/src/engine/__tests__/tickHealth-integration.test.ts:195:15
    at file:///C:/Users/chris/Dev/Projects/TheFantasyWorldSimulator/node_modules/@vitest/runner/dist/index.js:145:11
    at file:///C:/Users/chris/Dev/Projects/TheFantasyWorldSimulator/node_modules/@vitest/runner/dist/index.js:915:26
    at file:///C:/Users/chris/Dev/Projects/TheFantasyWorldSimulator/node_modules/@vitest/runner/dist/index.js:1243:20
    at new Promise (<anonymous>)
    at runWithTimeout (file:///C:/Users/chris/Dev/Projects/TheFantasyWorldSimulator/node_modules/@vitest/runner/dist/index.js:1209:10)
[Orchestrator] Tick crashed, returning previous state: Error: Trait not found: trait.reputation.power.renown
    at assignTrait (C:/Users/chris/Dev/Projects/TheFantasyWorldSimulator/src/engine/traits.ts:44:25)
    at syncReputationTrait (C:/Users/chris/Dev/Projects/TheFantasyWorldSimulator/src/engine/phaseReputationTraits.ts:297:5)
    at phaseReputationTraits (C:/Users/chris/Dev/Projects/TheFantasyWorldSimulator/src/engine/phaseReputationTraits.ts:273:7)
    at runTick (C:/Users/chris/Dev/Projects/TheFantasyWorldSimulator/src/engine/orchestrator.ts:1896:18)
    at C:/Users/chris/Dev/Projects/TheFantasyWorldSimulator/src/engine/__tests__/tickHealth-integration.test.ts:195:15
    at file:///C:/Users/chris/Dev/Projects/TheFantasyWorldSimulator/node_modules/@vitest/runner/dist/index.js:145:11
    at file:///C:/Users/chris/Dev/Projects/TheFantasyWorldSimulator/node_modules/@vitest/runner/dist/index.js:915:26
    at file:///C:/Users/chris/Dev/Projects/TheFantasyWorldSimulator/node_modules/@vitest/runner/dist/index.js:1243:20
    at new Promise (<anonymous>)
    at runWithTimeout (file:///C:/Users/chris/Dev/Projects/TheFantasyWorldSimulator/node_modules/@vitest/runner/dist/index.js:1209:10)
[Orchestrator] Tick crashed, returning previous state: Error: Trait not found: trait.reputation.power.renown
    at assignTrait (C:/Users/chris/Dev/Projects/TheFantasyWorldSimulator/src/engine/traits.ts:44:25)
    at syncReputationTrait (C:/Users/chris/Dev/Projects/TheFantasyWorldSimulator/src/engine/phaseReputationTraits.ts:297:5)
    at phaseReputationTraits (C:/Users/chris/Dev/Projects/TheFantasyWorldSimulator/src/engine/phaseReputationTraits.ts:273:7)
    at runTick (C:/Users/chris/Dev/Projects/TheFantasyWorldSimulator/src/engine/orchestrator.ts:1896:18)
    at C:/Users/chris/Dev/Projects/TheFantasyWorldSimulator/src/engine/__tests__/tickHealth-integration.test.ts:195:15
    at file:///C:/Users/chris/Dev/Projects/TheFantasyWorldSimulator/node_modules/@vitest/runner/dist/index.js:145:11
    at file:///C:/Users/chris/Dev/Projects/TheFantasyWorldSimulator/node_modules/@vitest/runner/dist/index.js:915:26
    at file:///C:/Users/chris/Dev/Projects/TheFantasyWorldSimulator/node_modules/@vitest/runner/dist/index.js:1243:20
    at new Promise (<anonymous>)
    at runWithTimeout (file:///C:/Users/chris/Dev/Projects/TheFantasyWorldSimulator/node_modules/@vitest/runner/dist/index.js:1209:10)
[Orchestrator] Tick crashed, returning previous state: Error: Trait not found: trait.reputation.power.renown
    at assignTrait (C:/Users/chris/Dev/Projects/TheFantasyWorldSimulator/src/engine/traits.ts:44:25)
    at syncReputationTrait (C:/Users/chris/Dev/Projects/TheFantasyWorldSimulator/src/engine/phaseReputationTraits.ts:297:5)
    at phaseReputationTraits (C:/Users/chris/Dev/Projects/TheFantasyWorldSimulator/src/engine/phaseReputationTraits.ts:273:7)
    at runTick (C:/Users/chris/Dev/Projects/TheFantasyWorldSimulator/src/engine/orchestrator.ts:1896:18)
    at C:/Users/chris/Dev/Projects/TheFantasyWorldSimulator/src/engine/__tests__/tickHealth-integration.test.ts:195:15
    at file:///C:/Users/chris/Dev/Projects/TheFantasyWorldSimulator/node_modules/@vitest/runner/dist/index.js:145:11
    at file:///C:/Users/chris/Dev/Projects/TheFantasyWorldSimulator/node_modules/@vitest/runner/dist/index.js:915:26
    at file:///C:/Users/chris/Dev/Projects/TheFantasyWorldSimulator/node_modules/@vitest/runner/dist/index.js:1243:20
    at new Promise (<anonymous>)
    at runWithTimeout (file:///C:/Users/chris/Dev/Projects/TheFantasyWorldSimulator/node_modules/@vitest/runner/dist/index.js:1209:10)
[Orchestrator] Tick crashed, returning previous state: Error: Trait not found: trait.reputation.power.renown
    at assignTrait (C:/Users/chris/Dev/Projects/TheFantasyWorldSimulator/src/engine/traits.ts:44:25)
    at syncReputationTrait (C:/Users/chris/Dev/Projects/TheFantasyWorldSimulator/src/engine/phaseReputationTraits.ts:297:5)
    at phaseReputationTraits (C:/Users/chris/Dev/Projects/TheFantasyWorldSimulator/src/engine/phaseReputationTraits.ts:273:7)
    at runTick (C:/Users/chris/Dev/Projects/TheFantasyWorldSimulator/src/engine/orchestrator.ts:1896:18)
    at C:/Users/chris/Dev/Projects/TheFantasyWorldSimulator/src/engine/__tests__/tickHealth-integration.test.ts:195:15
    at file:///C:/Users/chris/Dev/Projects/TheFantasyWorldSimulator/node_modules/@vitest/runner/dist/index.js:145:11
    at file:///C:/Users/chris/Dev/Projects/TheFantasyWorldSimulator/node_modules/@vitest/runner/dist/index.js:915:26
    at file:///C:/Users/chris/Dev/Projects/TheFantasyWorldSimulator/node_modules/@vitest/runner/dist/index.js:1243:20
    at new Promise (<anonymous>)
    at runWithTimeout (file:///C:/Users/chris/Dev/Projects/TheFantasyWorldSimulator/node_modules/@vitest/runner/dist/index.js:1209:10)
[Orchestrator] Tick crashed, returning previous state: Error: Trait not found: trait.reputation.power.renown
    at assignTrait (C:/Users/chris/Dev/Projects/TheFantasyWorldSimulator/src/engine/traits.ts:44:25)
    at syncReputationTrait (C:/Users/chris/Dev/Projects/TheFantasyWorldSimulator/src/engine/phaseReputationTraits.ts:297:5)
    at phaseReputationTraits (C:/Users/chris/Dev/Projects/TheFantasyWorldSimulator/src/engine/phaseReputationTraits.ts:273:7)
    at runTick (C:/Users/chris/Dev/Projects/TheFantasyWorldSimulator/src/engine/orchestrator.ts:1896:18)
    at C:/Users/chris/Dev/Projects/TheFantasyWorldSimulator/src/engine/__tests__/tickHealth-integration.test.ts:195:15
    at file:///C:/Users/chris/Dev/Projects/TheFantasyWorldSimulator/node_modules/@vitest/runner/dist/index.js:145:11
    at file:///C:/Users/chris/Dev/Projects/TheFantasyWorldSimulator/node_modules/@vitest/runner/dist/index.js:915:26
    at file:///C:/Users/chris/Dev/Projects/TheFantasyWorldSimulator/node_modules/@vitest/runner/dist/index.js:1243:20
    at new Promise (<anonymous>)
    at runWithTimeout (file:///C:/Users/chris/Dev/Projects/TheFantasyWorldSimulator/node_modules/@vitest/runner/dist/index.js:1209:10)
[Orchestrator] Tick crashed, returning previous state: Error: Trait not found: trait.reputation.power.renown
    at assignTrait (C:/Users/chris/Dev/Projects/TheFantasyWorldSimulator/src/engine/traits.ts:44:25)
    at syncReputationTrait (C:/Users/chris/Dev/Projects/TheFantasyWorldSimulator/src/engine/phaseReputationTraits.ts:297:5)
    at phaseReputationTraits (C:/Users/chris/Dev/Projects/TheFantasyWorldSimulator/src/engine/phaseReputationTraits.ts:273:7)
    at runTick (C:/Users/chris/Dev/Projects/TheFantasyWorldSimulator/src/engine/orchestrator.ts:1896:18)
    at C:/Users/chris/Dev/Projects/TheFantasyWorldSimulator/src/engine/__tests__/tickHealth-integration.test.ts:195:15
    at file:///C:/Users/chris/Dev/Projects/TheFantasyWorldSimulator/node_modules/@vitest/runner/dist/index.js:145:11
    at file:///C:/Users/chris/Dev/Projects/TheFantasyWorldSimulator/node_modules/@vitest/runner/dist/index.js:915:26
    at file:///C:/Users/chris/Dev/Projects/TheFantasyWorldSimulator/node_modules/@vitest/runner/dist/index.js:1243:20
    at new Promise (<anonymous>)
    at runWithTimeout (file:///C:/Users/chris/Dev/Projects/TheFantasyWorldSimulator/node_modules/@vitest/runner/dist/index.js:1209:10)
[Orchestrator] Tick crashed, returning previous state: Error: Trait not found: trait.reputation.power.renown
    at assignTrait (C:/Users/chris/Dev/Projects/TheFantasyWorldSimulator/src/engine/traits.ts:44:25)
    at syncReputationTrait (C:/Users/chris/Dev/Projects/TheFantasyWorldSimulator/src/engine/phaseReputationTraits.ts:297:5)
    at phaseReputationTraits (C:/Users/chris/Dev/Projects/TheFantasyWorldSimulator/src/engine/phaseReputationTraits.ts:273:7)
    at runTick (C:/Users/chris/Dev/Projects/TheFantasyWorldSimulator/src/engine/orchestrator.ts:1896:18)
    at C:/Users/chris/Dev/Projects/TheFantasyWorldSimulator/src/engine/__tests__/tickHealth-integration.test.ts:195:15
    at file:///C:/Users/chris/Dev/Projects/TheFantasyWorldSimulator/node_modules/@vitest/runner/dist/index.js:145:11
    at file:///C:/Users/chris/Dev/Projects/TheFantasyWorldSimulator/node_modules/@vitest/runner/dist/index.js:915:26
    at file:///C:/Users/chris/Dev/Projects/TheFantasyWorldSimulator/node_modules/@vitest/runner/dist/index.js:1243:20
    at new Promise (<anonymous>)
    at runWithTimeout (file:///C:/Users/chris/Dev/Projects/TheFantasyWorldSimulator/node_modules/@vitest/runner/dist/index.js:1209:10)
[Orchestrator] Tick crashed, returning previous state: Error: Trait not found: trait.reputation.power.renown
    at assignTrait (C:/Users/chris/Dev/Projects/TheFantasyWorldSimulator/src/engine/traits.ts:44:25)
    at syncReputationTrait (C:/Users/chris/Dev/Projects/TheFantasyWorldSimulator/src/engine/phaseReputationTraits.ts:297:5)
    at phaseReputationTraits (C:/Users/chris/Dev/Projects/TheFantasyWorldSimulator/src/engine/phaseReputationTraits.ts:273:7)
    at runTick (C:/Users/chris/Dev/Projects/TheFantasyWorldSimulator/src/engine/orchestrator.ts:1896:18)
    at C:/Users/chris/Dev/Projects/TheFantasyWorldSimulator/src/engine/__tests__/tickHealth-integration.test.ts:195:15
    at file:///C:/Users/chris/Dev/Projects/TheFantasyWorldSimulator/node_modules/@vitest/runner/dist/index.js:145:11
    at file:///C:/Users/chris/Dev/Projects/TheFantasyWorldSimulator/node_modules/@vitest/runner/dist/index.js:915:26
    at file:///C:/Users/chris/Dev/Projects/TheFantasyWorldSimulator/node_modules/@vitest/runner/dist/index.js:1243:20
    at new Promise (<anonymous>)
    at runWithTimeout (file:///C:/Users/chris/Dev/Projects/TheFantasyWorldSimulator/node_modules/@vitest/runner/dist/index.js:1209:10)
[Orchestrator] Tick crashed, returning previous state: Error: Trait not found: trait.reputation.power.renown
    at assignTrait (C:/Users/chris/Dev/Projects/TheFantasyWorldSimulator/src/engine/traits.ts:44:25)
    at syncReputationTrait (C:/Users/chris/Dev/Projects/TheFantasyWorldSimulator/src/engine/phaseReputationTraits.ts:297:5)
    at phaseReputationTraits (C:/Users/chris/Dev/Projects/TheFantasyWorldSimulator/src/engine/phaseReputationTraits.ts:273:7)
    at runTick (C:/Users/chris/Dev/Projects/TheFantasyWorldSimulator/src/engine/orchestrator.ts:1896:18)
    at C:/Users/chris/Dev/Projects/TheFantasyWorldSimulator/src/engine/__tests__/tickHealth-integration.test.ts:195:15
    at file:///C:/Users/chris/Dev/Projects/TheFantasyWorldSimulator/node_modules/@vitest/runner/dist/index.js:145:11
    at file:///C:/Users/chris/Dev/Projects/TheFantasyWorldSimulator/node_modules/@vitest/runner/dist/index.js:915:26
    at file:///C:/Users/chris/Dev/Projects/TheFantasyWorldSimulator/node_modules/@vitest/runner/dist/index.js:1243:20
    at new Promise (<anonymous>)
    at runWithTimeout (file:///C:/Users/chris/Dev/Projects/TheFantasyWorldSimulator/node_modules/@vitest/runner/dist/index.js:1209:10)
[Orchestrator] Tick crashed, returning previous state: Error: Trait not found: trait.reputation.power.renown
    at assignTrait (C:/Users/chris/Dev/Projects/TheFantasyWorldSimulator/src/engine/traits.ts:44:25)
    at syncReputationTrait (C:/Users/chris/Dev/Projects/TheFantasyWorldSimulator/src/engine/phaseReputationTraits.ts:297:5)
    at phaseReputationTraits (C:/Users/chris/Dev/Projects/TheFantasyWorldSimulator/src/engine/phaseReputationTraits.ts:273:7)
    at runTick (C:/Users/chris/Dev/Projects/TheFantasyWorldSimulator/src/engine/orchestrator.ts:1896:18)
    at C:/Users/chris/Dev/Projects/TheFantasyWorldSimulator/src/engine/__tests__/tickHealth-integration.test.ts:195:15
    at file:///C:/Users/chris/Dev/Projects/TheFantasyWorldSimulator/node_modules/@vitest/runner/dist/index.js:145:11
    at file:///C:/Users/chris/Dev/Projects/TheFantasyWorldSimulator/node_modules/@vitest/runner/dist/index.js:915:26
    at file:///C:/Users/chris/Dev/Projects/TheFantasyWorldSimulator/node_modules/@vitest/runner/dist/index.js:1243:20
    at new Promise (<anonymous>)
    at runWithTimeout (file:///C:/Users/chris/Dev/Projects/TheFantasyWorldSimulator/node_modules/@vitest/runner/dist/index.js:1209:10)
[Orchestrator] Tick crashed, returning previous state: Error: Trait not found: trait.reputation.power.renown
    at assignTrait (C:/Users/chris/Dev/Projects/TheFantasyWorldSimulator/src/engine/traits.ts:44:25)
    at syncReputationTrait (C:/Users/chris/Dev/Projects/TheFantasyWorldSimulator/src/engine/phaseReputationTraits.ts:297:5)
    at phaseReputationTraits (C:/Users/chris/Dev/Projects/TheFantasyWorldSimulator/src/engine/phaseReputationTraits.ts:273:7)
    at runTick (C:/Users/chris/Dev/Projects/TheFantasyWorldSimulator/src/engine/orchestrator.ts:1896:18)
    at C:/Users/chris/Dev/Projects/TheFantasyWorldSimulator/src/engine/__tests__/tickHealth-integration.test.ts:195:15
    at file:///C:/Users/chris/Dev/Projects/TheFantasyWorldSimulator/node_modules/@vitest/runner/dist/index.js:145:11
    at file:///C:/Users/chris/Dev/Projects/TheFantasyWorldSimulator/node_modules/@vitest/runner/dist/index.js:915:26
    at file:///C:/Users/chris/Dev/Projects/TheFantasyWorldSimulator/node_modules/@vitest/runner/dist/index.js:1243:20
    at new Promise (<anonymous>)
    at runWithTimeout (file:///C:/Users/chris/Dev/Projects/TheFantasyWorldSimulator/node_modules/@vitest/runner/dist/index.js:1209:10)
[Orchestrator] Tick crashed, returning previous state: Error: Trait not found: trait.reputation.power.renown
    at assignTrait (C:/Users/chris/Dev/Projects/TheFantasyWorldSimulator/src/engine/traits.ts:44:25)
    at syncReputationTrait (C:/Users/chris/Dev/Projects/TheFantasyWorldSimulator/src/engine/phaseReputationTraits.ts:297:5)
    at phaseReputationTraits (C:/Users/chris/Dev/Projects/TheFantasyWorldSimulator/src/engine/phaseReputationTraits.ts:273:7)
    at runTick (C:/Users/chris/Dev/Projects/TheFantasyWorldSimulator/src/engine/orchestrator.ts:1896:18)
    at C:/Users/chris/Dev/Projects/TheFantasyWorldSimulator/src/engine/__tests__/tickHealth-integration.test.ts:195:15
    at file:///C:/Users/chris/Dev/Projects/TheFantasyWorldSimulator/node_modules/@vitest/runner/dist/index.js:145:11
    at file:///C:/Users/chris/Dev/Projects/TheFantasyWorldSimulator/node_modules/@vitest/runner/dist/index.js:915:26
    at file:///C:/Users/chris/Dev/Projects/TheFantasyWorldSimulator/node_modules/@vitest/runner/dist/index.js:1243:20
    at new Promise (<anonymous>)
    at runWithTimeout (file:///C:/Users/chris/Dev/Projects/TheFantasyWorldSimulator/node_modules/@vitest/runner/dist/index.js:1209:10)
[Orchestrator] Tick crashed, returning previous state: Error: Trait not found: trait.reputation.power.renown
    at assignTrait (C:/Users/chris/Dev/Projects/TheFantasyWorldSimulator/src/engine/traits.ts:44:25)
    at syncReputationTrait (C:/Users/chris/Dev/Projects/TheFantasyWorldSimulator/src/engine/phaseReputationTraits.ts:297:5)
    at phaseReputationTraits (C:/Users/chris/Dev/Projects/TheFantasyWorldSimulator/src/engine/phaseReputationTraits.ts:273:7)
    at runTick (C:/Users/chris/Dev/Projects/TheFantasyWorldSimulator/src/engine/orchestrator.ts:1896:18)
    at C:/Users/chris/Dev/Projects/TheFantasyWorldSimulator/src/engine/__tests__/tickHealth-integration.test.ts:195:15
    at file:///C:/Users/chris/Dev/Projects/TheFantasyWorldSimulator/node_modules/@vitest/runner/dist/index.js:145:11
    at file:///C:/Users/chris/Dev/Projects/TheFantasyWorldSimulator/node_modules/@vitest/runner/dist/index.js:915:26
    at file:///C:/Users/chris/Dev/Projects/TheFantasyWorldSimulator/node_modules/@vitest/runner/dist/index.js:1243:20
    at new Promise (<anonymous>)
    at runWithTimeout (file:///C:/Users/chris/Dev/Projects/TheFantasyWorldSimulator/node_modules/@vitest/runner/dist/index.js:1209:10)
[Orchestrator] Tick crashed, returning previous state: Error: Trait not found: trait.reputation.power.renown
    at assignTrait (C:/Users/chris/Dev/Projects/TheFantasyWorldSimulator/src/engine/traits.ts:44:25)
    at syncReputationTrait (C:/Users/chris/Dev/Projects/TheFantasyWorldSimulator/src/engine/phaseReputationTraits.ts:297:5)
    at phaseReputationTraits (C:/Users/chris/Dev/Projects/TheFantasyWorldSimulator/src/engine/phaseReputationTraits.ts:273:7)
    at runTick (C:/Users/chris/Dev/Projects/TheFantasyWorldSimulator/src/engine/orchestrator.ts:1896:18)
    at C:/Users/chris/Dev/Projects/TheFantasyWorldSimulator/src/engine/__tests__/tickHealth-integration.test.ts:195:15
    at file:///C:/Users/chris/Dev/Projects/TheFantasyWorldSimulator/node_modules/@vitest/runner/dist/index.js:145:11
    at file:///C:/Users/chris/Dev/Projects/TheFantasyWorldSimulator/node_modules/@vitest/runner/dist/index.js:915:26
    at file:///C:/Users/chris/Dev/Projects/TheFantasyWorldSimulator/node_modules/@vitest/runner/dist/index.js:1243:20
    at new Promise (<anonymous>)
    at runWithTimeout (file:///C:/Users/chris/Dev/Projects/TheFantasyWorldSimulator/node_modules/@vitest/runner/dist/index.js:1209:10)
[Orchestrator] Tick crashed, returning previous state: Error: Trait not found: trait.reputation.power.renown
    at assignTrait (C:/Users/chris/Dev/Projects/TheFantasyWorldSimulator/src/engine/traits.ts:44:25)
    at syncReputationTrait (C:/Users/chris/Dev/Projects/TheFantasyWorldSimulator/src/engine/phaseReputationTraits.ts:297:5)
    at phaseReputationTraits (C:/Users/chris/Dev/Projects/TheFantasyWorldSimulator/src/engine/phaseReputationTraits.ts:273:7)
    at runTick (C:/Users/chris/Dev/Projects/TheFantasyWorldSimulator/src/engine/orchestrator.ts:1896:18)
    at C:/Users/chris/Dev/Projects/TheFantasyWorldSimulator/src/engine/__tests__/tickHealth-integration.test.ts:195:15
    at file:///C:/Users/chris/Dev/Projects/TheFantasyWorldSimulator/node_modules/@vitest/runner/dist/index.js:145:11
    at file:///C:/Users/chris/Dev/Projects/TheFantasyWorldSimulator/node_modules/@vitest/runner/dist/index.js:915:26
    at file:///C:/Users/chris/Dev/Projects/TheFantasyWorldSimulator/node_modules/@vitest/runner/dist/index.js:1243:20
    at new Promise (<anonymous>)
    at runWithTimeout (file:///C:/Users/chris/Dev/Projects/TheFantasyWorldSimulator/node_modules/@vitest/runner/dist/index.js:1209:10)
[Orchestrator] Tick crashed, returning previous state: Error: Trait not found: trait.reputation.power.renown
    at assignTrait (C:/Users/chris/Dev/Projects/TheFantasyWorldSimulator/src/engine/traits.ts:44:25)
    at syncReputationTrait (C:/Users/chris/Dev/Projects/TheFantasyWorldSimulator/src/engine/phaseReputationTraits.ts:297:5)
    at phaseReputationTraits (C:/Users/chris/Dev/Projects/TheFantasyWorldSimulator/src/engine/phaseReputationTraits.ts:273:7)
    at runTick (C:/Users/chris/Dev/Projects/TheFantasyWorldSimulator/src/engine/orchestrator.ts:1896:18)
    at C:/Users/chris/Dev/Projects/TheFantasyWorldSimulator/src/engine/__tests__/tickHealth-integration.test.ts:195:15
    at file:///C:/Users/chris/Dev/Projects/TheFantasyWorldSimulator/node_modules/@vitest/runner/dist/index.js:145:11
    at file:///C:/Users/chris/Dev/Projects/TheFantasyWorldSimulator/node_modules/@vitest/runner/dist/index.js:915:26
    at file:///C:/Users/chris/Dev/Projects/TheFantasyWorldSimulator/node_modules/@vitest/runner/dist/index.js:1243:20
    at new Promise (<anonymous>)
    at runWithTimeout (file:///C:/Users/chris/Dev/Projects/TheFantasyWorldSimulator/node_modules/@vitest/runner/dist/index.js:1209:10)
[Orchestrator] Tick crashed, returning previous state: Error: Trait not found: trait.reputation.power.renown
    at assignTrait (C:/Users/chris/Dev/Projects/TheFantasyWorldSimulator/src/engine/traits.ts:44:25)
    at syncReputationTrait (C:/Users/chris/Dev/Projects/TheFantasyWorldSimulator/src/engine/phaseReputationTraits.ts:297:5)
    at phaseReputationTraits (C:/Users/chris/Dev/Projects/TheFantasyWorldSimulator/src/engine/phaseReputationTraits.ts:273:7)
    at runTick (C:/Users/chris/Dev/Projects/TheFantasyWorldSimulator/src/engine/orchestrator.ts:1896:18)
    at C:/Users/chris/Dev/Projects/TheFantasyWorldSimulator/src/engine/__tests__/tickHealth-integration.test.ts:195:15
    at file:///C:/Users/chris/Dev/Projects/TheFantasyWorldSimulator/node_modules/@vitest/runner/dist/index.js:145:11
    at file:///C:/Users/chris/Dev/Projects/TheFantasyWorldSimulator/node_modules/@vitest/runner/dist/index.js:915:26
    at file:///C:/Users/chris/Dev/Projects/TheFantasyWorldSimulator/node_modules/@vitest/runner/dist/index.js:1243:20
    at new Promise (<anonymous>)
    at runWithTimeout (file:///C:/Users/chris/Dev/Projects/TheFantasyWorldSimulator/node_modules/@vitest/runner/dist/index.js:1209:10)
[Orchestrator] Tick crashed, returning previous state: Error: Trait not found: trait.reputation.power.renown
    at assignTrait (C:/Users/chris/Dev/Projects/TheFantasyWorldSimulator/src/engine/traits.ts:44:25)
    at syncReputationTrait (C:/Users/chris/Dev/Projects/TheFantasyWorldSimulator/src/engine/phaseReputationTraits.ts:297:5)
    at phaseReputationTraits (C:/Users/chris/Dev/Projects/TheFantasyWorldSimulator/src/engine/phaseReputationTraits.ts:273:7)
    at runTick (C:/Users/chris/Dev/Projects/TheFantasyWorldSimulator/src/engine/orchestrator.ts:1896:18)
    at C:/Users/chris/Dev/Projects/TheFantasyWorldSimulator/src/engine/__tests__/tickHealth-integration.test.ts:195:15
    at file:///C:/Users/chris/Dev/Projects/TheFantasyWorldSimulator/node_modules/@vitest/runner/dist/index.js:145:11
    at file:///C:/Users/chris/Dev/Projects/TheFantasyWorldSimulator/node_modules/@vitest/runner/dist/index.js:915:26
    at file:///C:/Users/chris/Dev/Projects/TheFantasyWorldSimulator/node_modules/@vitest/runner/dist/index.js:1243:20
    at new Promise (<anonymous>)
    at runWithTimeout (file:///C:/Users/chris/Dev/Projects/TheFantasyWorldSimulator/node_modules/@vitest/runner/dist/index.js:1209:10)
[Orchestrator] Tick crashed, returning previous state: Error: Trait not found: trait.reputation.power.renown
    at assignTrait (C:/Users/chris/Dev/Projects/TheFantasyWorldSimulator/src/engine/traits.ts:44:25)
    at syncReputationTrait (C:/Users/chris/Dev/Projects/TheFantasyWorldSimulator/src/engine/phaseReputationTraits.ts:297:5)
    at phaseReputationTraits (C:/Users/chris/Dev/Projects/TheFantasyWorldSimulator/src/engine/phaseReputationTraits.ts:273:7)
    at runTick (C:/Users/chris/Dev/Projects/TheFantasyWorldSimulator/src/engine/orchestrator.ts:1896:18)
    at C:/Users/chris/Dev/Projects/TheFantasyWorldSimulator/src/engine/__tests__/tickHealth-integration.test.ts:195:15
    at file:///C:/Users/chris/Dev/Projects/TheFantasyWorldSimulator/node_modules/@vitest/runner/dist/index.js:145:11
    at file:///C:/Users/chris/Dev/Projects/TheFantasyWorldSimulator/node_modules/@vitest/runner/dist/index.js:915:26
    at file:///C:/Users/chris/Dev/Projects/TheFantasyWorldSimulator/node_modules/@vitest/runner/dist/index.js:1243:20
    at new Promise (<anonymous>)
    at runWithTimeout (file:///C:/Users/chris/Dev/Projects/TheFantasyWorldSimulator/node_modules/@vitest/runner/dist/index.js:1209:10)
[Orchestrator] Tick crashed, returning previous state: Error: Trait not found: trait.reputation.power.renown
    at assignTrait (C:/Users/chris/Dev/Projects/TheFantasyWorldSimulator/src/engine/traits.ts:44:25)
    at syncReputationTrait (C:/Users/chris/Dev/Projects/TheFantasyWorldSimulator/src/engine/phaseReputationTraits.ts:297:5)
    at phaseReputationTraits (C:/Users/chris/Dev/Projects/TheFantasyWorldSimulator/src/engine/phaseReputationTraits.ts:273:7)
    at runTick (C:/Users/chris/Dev/Projects/TheFantasyWorldSimulator/src/engine/orchestrator.ts:1896:18)
    at C:/Users/chris/Dev/Projects/TheFantasyWorldSimulator/src/engine/__tests__/tickHealth-integration.test.ts:195:15
    at file:///C:/Users/chris/Dev/Projects/TheFantasyWorldSimulator/node_modules/@vitest/runner/dist/index.js:145:11
    at file:///C:/Users/chris/Dev/Projects/TheFantasyWorldSimulator/node_modules/@vitest/runner/dist/index.js:915:26
    at file:///C:/Users/chris/Dev/Projects/TheFantasyWorldSimulator/node_modules/@vitest/runner/dist/index.js:1243:20
    at new Promise (<anonymous>)
    at runWithTimeout (file:///C:/Users/chris/Dev/Projects/TheFantasyWorldSimulator/node_modules/@vitest/runner/dist/index.js:1209:10)
[Orchestrator] Tick crashed, returning previous state: Error: Trait not found: trait.reputation.power.renown
    at assignTrait (C:/Users/chris/Dev/Projects/TheFantasyWorldSimulator/src/engine/traits.ts:44:25)
    at syncReputationTrait (C:/Users/chris/Dev/Projects/TheFantasyWorldSimulator/src/engine/phaseReputationTraits.ts:297:5)
    at phaseReputationTraits (C:/Users/chris/Dev/Projects/TheFantasyWorldSimulator/src/engine/phaseReputationTraits.ts:273:7)
    at runTick (C:/Users/chris/Dev/Projects/TheFantasyWorldSimulator/src/engine/orchestrator.ts:1896:18)
    at C:/Users/chris/Dev/Projects/TheFantasyWorldSimulator/src/engine/__tests__/tickHealth-integration.test.ts:195:15
    at file:///C:/Users/chris/Dev/Projects/TheFantasyWorldSimulator/node_modules/@vitest/runner/dist/index.js:145:11
    at file:///C:/Users/chris/Dev/Projects/TheFantasyWorldSimulator/node_modules/@vitest/runner/dist/index.js:915:26
    at file:///C:/Users/chris/Dev/Projects/TheFantasyWorldSimulator/node_modules/@vitest/runner/dist/index.js:1243:20
    at new Promise (<anonymous>)
    at runWithTimeout (file:///C:/Users/chris/Dev/Projects/TheFantasyWorldSimulator/node_modules/@vitest/runner/dist/index.js:1209:10)
[Orchestrator] Tick crashed, returning previous state: Error: Trait not found: trait.reputation.power.renown
    at assignTrait (C:/Users/chris/Dev/Projects/TheFantasyWorldSimulator/src/engine/traits.ts:44:25)
    at syncReputationTrait (C:/Users/chris/Dev/Projects/TheFantasyWorldSimulator/src/engine/phaseReputationTraits.ts:297:5)
    at phaseReputationTraits (C:/Users/chris/Dev/Projects/TheFantasyWorldSimulator/src/engine/phaseReputationTraits.ts:273:7)
    at runTick (C:/Users/chris/Dev/Projects/TheFantasyWorldSimulator/src/engine/orchestrator.ts:1896:18)
    at C:/Users/chris/Dev/Projects/TheFantasyWorldSimulator/src/engine/__tests__/tickHealth-integration.test.ts:195:15
    at file:///C:/Users/chris/Dev/Projects/TheFantasyWorldSimulator/node_modules/@vitest/runner/dist/index.js:145:11
    at file:///C:/Users/chris/Dev/Projects/TheFantasyWorldSimulator/node_modules/@vitest/runner/dist/index.js:915:26
    at file:///C:/Users/chris/Dev/Projects/TheFantasyWorldSimulator/node_modules/@vitest/runner/dist/index.js:1243:20
    at new Promise (<anonymous>)
    at runWithTimeout (file:///C:/Users/chris/Dev/Projects/TheFantasyWorldSimulator/node_modules/@vitest/runner/dist/index.js:1209:10)
[Orchestrator] Tick crashed, returning previous state: Error: Trait not found: trait.reputation.power.renown
    at assignTrait (C:/Users/chris/Dev/Projects/TheFantasyWorldSimulator/src/engine/traits.ts:44:25)
    at syncReputationTrait (C:/Users/chris/Dev/Projects/TheFantasyWorldSimulator/src/engine/phaseReputationTraits.ts:297:5)
    at phaseReputationTraits (C:/Users/chris/Dev/Projects/TheFantasyWorldSimulator/src/engine/phaseReputationTraits.ts:273:7)
    at runTick (C:/Users/chris/Dev/Projects/TheFantasyWorldSimulator/src/engine/orchestrator.ts:1896:18)
    at C:/Users/chris/Dev/Projects/TheFantasyWorldSimulator/src/engine/__tests__/tickHealth-integration.test.ts:195:15
    at file:///C:/Users/chris/Dev/Projects/TheFantasyWorldSimulator/node_modules/@vitest/runner/dist/index.js:145:11
    at file:///C:/Users/chris/Dev/Projects/TheFantasyWorldSimulator/node_modules/@vitest/runner/dist/index.js:915:26
    at file:///C:/Users/chris/Dev/Projects/TheFantasyWorldSimulator/node_modules/@vitest/runner/dist/index.js:1243:20
    at new Promise (<anonymous>)
    at runWithTimeout (file:///C:/Users/chris/Dev/Projects/TheFantasyWorldSimulator/node_modules/@vitest/runner/dist/index.js:1209:10)
[Orchestrator] Tick crashed, returning previous state: Error: Trait not found: trait.reputation.power.renown
    at assignTrait (C:/Users/chris/Dev/Projects/TheFantasyWorldSimulator/src/engine/traits.ts:44:25)
    at syncReputationTrait (C:/Users/chris/Dev/Projects/TheFantasyWorldSimulator/src/engine/phaseReputationTraits.ts:297:5)
    at phaseReputationTraits (C:/Users/chris/Dev/Projects/TheFantasyWorldSimulator/src/engine/phaseReputationTraits.ts:273:7)
    at runTick (C:/Users/chris/Dev/Projects/TheFantasyWorldSimulator/src/engine/orchestrator.ts:1896:18)
    at C:/Users/chris/Dev/Projects/TheFantasyWorldSimulator/src/engine/__tests__/tickHealth-integration.test.ts:195:15
    at file:///C:/Users/chris/Dev/Projects/TheFantasyWorldSimulator/node_modules/@vitest/runner/dist/index.js:145:11
    at file:///C:/Users/chris/Dev/Projects/TheFantasyWorldSimulator/node_modules/@vitest/runner/dist/index.js:915:26
    at file:///C:/Users/chris/Dev/Projects/TheFantasyWorldSimulator/node_modules/@vitest/runner/dist/index.js:1243:20
    at new Promise (<anonymous>)
    at runWithTimeout (file:///C:/Users/chris/Dev/Projects/TheFantasyWorldSimulator/node_modules/@vitest/runner/dist/index.js:1209:10)
[Orchestrator] Tick crashed, returning previous state: Error: Trait not found: trait.reputation.power.renown
    at assignTrait (C:/Users/chris/Dev/Projects/TheFantasyWorldSimulator/src/engine/traits.ts:44:25)
    at syncReputationTrait (C:/Users/chris/Dev/Projects/TheFantasyWorldSimulator/src/engine/phaseReputationTraits.ts:297:5)
    at phaseReputationTraits (C:/Users/chris/Dev/Projects/TheFantasyWorldSimulator/src/engine/phaseReputationTraits.ts:273:7)
    at runTick (C:/Users/chris/Dev/Projects/TheFantasyWorldSimulator/src/engine/orchestrator.ts:1896:18)
    at C:/Users/chris/Dev/Projects/TheFantasyWorldSimulator/src/engine/__tests__/tickHealth-integration.test.ts:195:15
    at file:///C:/Users/chris/Dev/Projects/TheFantasyWorldSimulator/node_modules/@vitest/runner/dist/index.js:145:11
    at file:///C:/Users/chris/Dev/Projects/TheFantasyWorldSimulator/node_modules/@vitest/runner/dist/index.js:915:26
    at file:///C:/Users/chris/Dev/Projects/TheFantasyWorldSimulator/node_modules/@vitest/runner/dist/index.js:1243:20
    at new Promise (<anonymous>)
    at runWithTimeout (file:///C:/Users/chris/Dev/Projects/TheFantasyWorldSimulator/node_modules/@vitest/runner/dist/index.js:1209:10)
[Orchestrator] Tick crashed, returning previous state: Error: Trait not found: trait.reputation.power.renown
    at assignTrait (C:/Users/chris/Dev/Projects/TheFantasyWorldSimulator/src/engine/traits.ts:44:25)
    at syncReputationTrait (C:/Users/chris/Dev/Projects/TheFantasyWorldSimulator/src/engine/phaseReputationTraits.ts:297:5)
    at phaseReputationTraits (C:/Users/chris/Dev/Projects/TheFantasyWorldSimulator/src/engine/phaseReputationTraits.ts:273:7)
    at runTick (C:/Users/chris/Dev/Projects/TheFantasyWorldSimulator/src/engine/orchestrator.ts:1896:18)
    at C:/Users/chris/Dev/Projects/TheFantasyWorldSimulator/src/engine/__tests__/tickHealth-integration.test.ts:195:15
    at file:///C:/Users/chris/Dev/Projects/TheFantasyWorldSimulator/node_modules/@vitest/runner/dist/index.js:145:11
    at file:///C:/Users/chris/Dev/Projects/TheFantasyWorldSimulator/node_modules/@vitest/runner/dist/index.js:915:26
    at file:///C:/Users/chris/Dev/Projects/TheFantasyWorldSimulator/node_modules/@vitest/runner/dist/index.js:1243:20
    at new Promise (<anonymous>)
    at runWithTimeout (file:///C:/Users/chris/Dev/Projects/TheFantasyWorldSimulator/node_modules/@vitest/runner/dist/index.js:1209:10)
[Orchestrator] Tick crashed, returning previous state: Error: Trait not found: trait.reputation.power.renown
    at assignTrait (C:/Users/chris/Dev/Projects/TheFantasyWorldSimulator/src/engine/traits.ts:44:25)
    at syncReputationTrait (C:/Users/chris/Dev/Projects/TheFantasyWorldSimulator/src/engine/phaseReputationTraits.ts:297:5)
    at phaseReputationTraits (C:/Users/chris/Dev/Projects/TheFantasyWorldSimulator/src/engine/phaseReputationTraits.ts:273:7)
    at runTick (C:/Users/chris/Dev/Projects/TheFantasyWorldSimulator/src/engine/orchestrator.ts:1896:18)
    at C:/Users/chris/Dev/Projects/TheFantasyWorldSimulator/src/engine/__tests__/tickHealth-integration.test.ts:195:15
    at file:///C:/Users/chris/Dev/Projects/TheFantasyWorldSimulator/node_modules/@vitest/runner/dist/index.js:145:11
    at file:///C:/Users/chris/Dev/Projects/TheFantasyWorldSimulator/node_modules/@vitest/runner/dist/index.js:915:26
    at file:///C:/Users/chris/Dev/Projects/TheFantasyWorldSimulator/node_modules/@vitest/runner/dist/index.js:1243:20
    at new Promise (<anonymous>)
    at runWithTimeout (file:///C:/Users/chris/Dev/Projects/TheFantasyWorldSimulator/node_modules/@vitest/runner/dist/index.js:1209:10)
[Orchestrator] Tick crashed, returning previous state: Error: Trait not found: trait.reputation.power.renown
    at assignTrait (C:/Users/chris/Dev/Projects/TheFantasyWorldSimulator/src/engine/traits.ts:44:25)
    at syncReputationTrait (C:/Users/chris/Dev/Projects/TheFantasyWorldSimulator/src/engine/phaseReputationTraits.ts:297:5)
    at phaseReputationTraits (C:/Users/chris/Dev/Projects/TheFantasyWorldSimulator/src/engine/phaseReputationTraits.ts:273:7)
    at runTick (C:/Users/chris/Dev/Projects/TheFantasyWorldSimulator/src/engine/orchestrator.ts:1896:18)
    at C:/Users/chris/Dev/Projects/TheFantasyWorldSimulator/src/engine/__tests__/tickHealth-integration.test.ts:195:15
    at file:///C:/Users/chris/Dev/Projects/TheFantasyWorldSimulator/node_modules/@vitest/runner/dist/index.js:145:11
    at file:///C:/Users/chris/Dev/Projects/TheFantasyWorldSimulator/node_modules/@vitest/runner/dist/index.js:915:26
    at file:///C:/Users/chris/Dev/Projects/TheFantasyWorldSimulator/node_modules/@vitest/runner/dist/index.js:1243:20
    at new Promise (<anonymous>)
    at runWithTimeout (file:///C:/Users/chris/Dev/Projects/TheFantasyWorldSimulator/node_modules/@vitest/runner/dist/index.js:1209:10)
[Orchestrator] Tick crashed, returning previous state: Error: Trait not found: trait.reputation.power.renown
    at assignTrait (C:/Users/chris/Dev/Projects/TheFantasyWorldSimulator/src/engine/traits.ts:44:25)
    at syncReputationTrait (C:/Users/chris/Dev/Projects/TheFantasyWorldSimulator/src/engine/phaseReputationTraits.ts:297:5)
    at phaseReputationTraits (C:/Users/chris/Dev/Projects/TheFantasyWorldSimulator/src/engine/phaseReputationTraits.ts:273:7)
    at runTick (C:/Users/chris/Dev/Projects/TheFantasyWorldSimulator/src/engine/orchestrator.ts:1896:18)
    at C:/Users/chris/Dev/Projects/TheFantasyWorldSimulator/src/engine/__tests__/tickHealth-integration.test.ts:195:15
    at file:///C:/Users/chris/Dev/Projects/TheFantasyWorldSimulator/node_modules/@vitest/runner/dist/index.js:145:11
    at file:///C:/Users/chris/Dev/Projects/TheFantasyWorldSimulator/node_modules/@vitest/runner/dist/index.js:915:26
    at file:///C:/Users/chris/Dev/Projects/TheFantasyWorldSimulator/node_modules/@vitest/runner/dist/index.js:1243:20
    at new Promise (<anonymous>)
    at runWithTimeout (file:///C:/Users/chris/Dev/Projects/TheFantasyWorldSimulator/node_modules/@vitest/runner/dist/index.js:1209:10)
[Orchestrator] Tick crashed, returning previous state: Error: Trait not found: trait.reputation.power.renown
    at assignTrait (C:/Users/chris/Dev/Projects/TheFantasyWorldSimulator/src/engine/traits.ts:44:25)
    at syncReputationTrait (C:/Users/chris/Dev/Projects/TheFantasyWorldSimulator/src/engine/phaseReputationTraits.ts:297:5)
    at phaseReputationTraits (C:/Users/chris/Dev/Projects/TheFantasyWorldSimulator/src/engine/phaseReputationTraits.ts:273:7)
    at runTick (C:/Users/chris/Dev/Projects/TheFantasyWorldSimulator/src/engine/orchestrator.ts:1896:18)
    at C:/Users/chris/Dev/Projects/TheFantasyWorldSimulator/src/engine/__tests__/tickHealth-integration.test.ts:195:15
    at file:///C:/Users/chris/Dev/Projects/TheFantasyWorldSimulator/node_modules/@vitest/runner/dist/index.js:145:11
    at file:///C:/Users/chris/Dev/Projects/TheFantasyWorldSimulator/node_modules/@vitest/runner/dist/index.js:915:26
    at file:///C:/Users/chris/Dev/Projects/TheFantasyWorldSimulator/node_modules/@vitest/runner/dist/index.js:1243:20
    at new Promise (<anonymous>)
    at runWithTimeout (file:///C:/Users/chris/Dev/Projects/TheFantasyWorldSimulator/node_modules/@vitest/runner/dist/index.js:1209:10)
[Orchestrator] Tick crashed, returning previous state: Error: Trait not found: trait.reputation.power.renown
    at assignTrait (C:/Users/chris/Dev/Projects/TheFantasyWorldSimulator/src/engine/traits.ts:44:25)
    at syncReputationTrait (C:/Users/chris/Dev/Projects/TheFantasyWorldSimulator/src/engine/phaseReputationTraits.ts:297:5)
    at phaseReputationTraits (C:/Users/chris/Dev/Projects/TheFantasyWorldSimulator/src/engine/phaseReputationTraits.ts:273:7)
    at runTick (C:/Users/chris/Dev/Projects/TheFantasyWorldSimulator/src/engine/orchestrator.ts:1896:18)
    at C:/Users/chris/Dev/Projects/TheFantasyWorldSimulator/src/engine/__tests__/tickHealth-integration.test.ts:195:15
    at file:///C:/Users/chris/Dev/Projects/TheFantasyWorldSimulator/node_modules/@vitest/runner/dist/index.js:145:11
    at file:///C:/Users/chris/Dev/Projects/TheFantasyWorldSimulator/node_modules/@vitest/runner/dist/index.js:915:26
    at file:///C:/Users/chris/Dev/Projects/TheFantasyWorldSimulator/node_modules/@vitest/runner/dist/index.js:1243:20
    at new Promise (<anonymous>)
    at runWithTimeout (file:///C:/Users/chris/Dev/Projects/TheFantasyWorldSimulator/node_modules/@vitest/runner/dist/index.js:1209:10)

 [32m✓[39m src/engine/__tests__/depressionLakes.test.ts [2m([22m[2m5 tests[22m[2m)[22m[32m 7[2mms[22m[39m
 [32m✓[39m src/data/__tests__/doom-content.test.ts [2m([22m[2m7 tests[22m[2m)[22m[32m 7[2mms[22m[39m
 [32m✓[39m src/engine/__tests__/quintessenceModel.test.ts [2m([22m[2m33 tests[22m[2m)[22m[32m 6[2mms[22m[39m
 [32m✓[39m src/engine/__tests__/intelligence.test.ts [2m([22m[2m25 tests[22m[2m)[22m[32m 8[2mms[22m[39m
 [32m✓[39m src/engine/__tests__/influence-integration.test.ts [2m([22m[2m1 test[22m[2m)[22m[32m 7[2mms[22m[39m
 [32m✓[39m src/lib/__tests__/prng.test.ts [2m([22m[2m4 tests[22m[2m)[22m[32m 6[2mms[22m[39m
 [32m✓[39m src/engine/__tests__/narrative.test.ts [2m([22m[2m21 tests[22m[2m)[22m[32m 8[2mms[22m[39m
 [32m✓[39m src/engine/__tests__/attachmentTierAdvancement.test.ts [2m([22m[2m19 tests[22m[2m)[22m[32m 7[2mms[22m[39m
 [32m✓[39m src/components/HexMapV2/lab/__tests__/terrainTextureLabShader.test.ts [2m([22m[2m9 tests[22m[2m)[22m[32m 6[2mms[22m[39m
 [32m✓[39m src/engine/__tests__/encounterSeeding.test.ts [2m([22m[2m15 tests[22m[2m)[22m[32m 9[2mms[22m[39m
21.18.36 [vite] (ssr) warning: Duplicate key "rarityTier" in object literal
46 |      crudType: 'update',
47 |      scale: 'personal',
48 |      rarityTier: 1,
   |      ^
49 |      steps: [
50 |        {

  Plugin: vite:esbuild
  File: C:/Users/chris/Dev/Projects/TheFantasyWorldSimulator/src/engine/__tests__/phase3-outcomeExpansion.test.ts
 [32m✓[39m src/data/__tests__/ambition-templates.test.ts [2m([22m[2m12 tests[22m[2m)[22m[32m 6[2mms[22m[39m
21.18.36 [vite] (ssr) warning: Duplicate key "loyalty_ambition" in object literal
13 |    honesty_cunning: 0,
14 |    sacrifice_survival: 0,
15 |    loyalty_ambition: 0,
   |    ^
16 |    tradition_novelty: 0,
17 |    preservation_transformation: 0,

  Plugin: vite:esbuild
  File: C:/Users/chris/Dev/Projects/TheFantasyWorldSimulator/src/engine/__tests__/movement-p1-integration.test.ts
21.18.36 [vite] (ssr) warning: Duplicate key "mercy_ruthlessness" in object literal
16 |    tradition_novelty: 0,
17 |    preservation_transformation: 0,
18 |    mercy_ruthlessness: 0,
   |    ^
19 |    asceticism_extravagance: 0,
20 |  };

  Plugin: vite:esbuild
  File: C:/Users/chris/Dev/Projects/TheFantasyWorldSimulator/src/engine/__tests__/movement-p1-integration.test.ts
 [32m✓[39m src/engine/__tests__/mercenaryPipeline.test.ts [2m([22m[2m5 tests[22m[2m)[22m[32m 7[2mms[22m[39m
 [32m✓[39m src/data/__tests__/economic-trait-content.test.ts [2m([22m[2m22 tests[22m[2m)[22m[32m 6[2mms[22m[39m
 [32m✓[39m tests/engine/digestBuffer.test.ts [2m([22m[2m17 tests[22m[2m)[22m[32m 6[2mms[22m[39m
 [32m✓[39m src/components/HexMapV2/scene/__tests__/ZoomVisibilityMatrix.test.ts [2m([22m[2m38 tests[22m[2m)[22m[32m 7[2mms[22m[39m
 [32m✓[39m src/engine/__tests__/cultureFlag.test.ts [2m([22m[2m13 tests[22m[2m)[22m[32m 6[2mms[22m[39m
stderr | src/engine/__tests__/movement-p1-integration.test.ts > P1 integration > quest priority boosts movement candidate score
[GraphSchema] Edge "encounter_at" source should be "action_template", got "encounter" (edge enc_at)

stderr | src/engine/__tests__/movement-p1-integration.test.ts > P1 integration > threat rating reduces scores for cautious agents
[GraphSchema] Edge "controls" source should be "actor", got "rival" (edge ctrl)

stderr | src/engine/__tests__/movement-p1-integration.test.ts > P1 integration > quest visibility filter works end-to-end
[GraphSchema] Edge "member_of" target should be "actor", got "faction" (edge e1)
[GraphSchema] Edge "member_of" missing required property: "role" (edge e1)
[GraphSchema] Edge "member_of" missing required property: "rank" (edge e1)
[GraphSchema] Edge "member_of" missing required property: "joinedTick" (edge e1)

stderr | src/engine/__tests__/movement-p1-integration.test.ts > P1 integration > invisible quests do not boost candidate scores
[GraphSchema] Edge "encounter_at" source should be "action_template", got "encounter" (edge enc_at)

 [32m✓[39m src/engine/__tests__/movement-p1-integration.test.ts [2m([22m[2m5 tests[22m[2m)[22m[32m 6[2mms[22m[39m
stderr | src/engine/__tests__/hexRegion.test.ts > getHexRegionData > should return historicalCulture data when region has historical belongs_to edge
[GraphSchema] Edge "belongs_to" source should be ["actor","location"], got "region" (edge edge.region_to_historical)

stderr | src/engine/__tests__/hexRegion.test.ts > getHexRegionData > should return null historicalCulture when region only has current culture edges
[GraphSchema] Edge "belongs_to" source should be ["actor","location"], got "region" (edge edge.region_to_current)

stderr | src/engine/__tests__/hexRegion.test.ts > getHexRegionData > should handle missing culture node properties gracefully
[GraphSchema] Edge "belongs_to" source should be ["actor","location"], got "region" (edge edge.region_to_sparse_culture)

stderr | src/engine/__tests__/hexRegion.test.ts > getHexRegionData > should pick first historical culture when multiple belong_to edges exist
[GraphSchema] Edge "belongs_to" source should be ["actor","location"], got "region" (edge edge.to_historical_1)
[GraphSchema] Edge "belongs_to" source should be ["actor","location"], got "region" (edge edge.to_historical_2)

 [32m✓[39m src/engine/__tests__/hexRegion.test.ts [2m([22m[2m10 tests[22m[2m)[22m[32m 6[2mms[22m[39m
stderr | src/engine/__tests__/visibility-modifiers.test.ts > visibility modifier integration > collectLOSSources returns modified range for avatar with trait
[GraphSchema] Edge "avatar_of" target should be "actor", got "ascendant" (edge e1)

stderr | src/engine/__tests__/visibility-modifiers.test.ts > visibility modifier integration > collectLOSSources returns modified range for retinue agent with terrain
[GraphSchema] Edge "thread" source should be "actor", got "ascendant" (edge e1)

 [32m✓[39m src/engine/__tests__/visibility-modifiers.test.ts [2m([22m[2m7 tests[22m[2m)[22m[32m 6[2mms[22m[39m
 [32m✓[39m src/engine/__tests__/unifiedCandidates.test.ts [2m([22m[2m17 tests[22m[2m)[22m[32m 8[2mms[22m[39m
 [32m✓[39m src/engine/__tests__/controlContestationResolver.test.ts [2m([22m[2m22 tests[22m[2m)[22m[32m 6[2mms[22m[39m
21.18.36 [vite] (ssr) warning: Duplicate key "sacrifice_survival" in object literal
32 |            preservation_transformation: 0.0,
33 |            sacrifice_survival: 0.2,
34 |            sacrifice_survival: 0,
   |            ^
35 |            courage_prudence: 0.3,
36 |          },

  Plugin: vite:esbuild
  File: C:/Users/chris/Dev/Projects/TheFantasyWorldSimulator/src/engine/__tests__/interventionEffects.test.ts
21.18.36 [vite] (ssr) warning: Duplicate key "sacrifice_survival" in object literal
204 |        preservation_transformation: 0.0,
205 |        sacrifice_survival: 0.2,
206 |        sacrifice_survival: 0,
    |        ^
207 |        courage_prudence: 0.3,
208 |      };

  Plugin: vite:esbuild
  File: C:/Users/chris/Dev/Projects/TheFantasyWorldSimulator/src/engine/__tests__/interventionEffects.test.ts
21.18.36 [vite] (ssr) warning: Duplicate key "sacrifice_survival" in object literal
233 |        preservation_transformation: 0.0,
234 |        sacrifice_survival: 0.2,
235 |        sacrifice_survival: 0,
    |        ^
236 |        courage_prudence: 0.3,
237 |      };

  Plugin: vite:esbuild
  File: C:/Users/chris/Dev/Projects/TheFantasyWorldSimulator/src/engine/__tests__/interventionEffects.test.ts
21.18.36 [vite] (ssr) warning: Duplicate key "sacrifice_survival" in object literal
260 |        preservation_transformation: 0.0,
261 |        sacrifice_survival: 0.0,
262 |        sacrifice_survival: 0.0,
    |        ^
263 |        courage_prudence: 0.0,
264 |      };

  Plugin: vite:esbuild
  File: C:/Users/chris/Dev/Projects/TheFantasyWorldSimulator/src/engine/__tests__/interventionEffects.test.ts
21.18.36 [vite] (ssr) warning: Duplicate key "sacrifice_survival" in object literal
296 |        preservation_transformation: 0.0,
297 |        sacrifice_survival: 0.2,
298 |        sacrifice_survival: 0,
    |        ^
299 |        courage_prudence: 0.3,
300 |      };

  Plugin: vite:esbuild
  File: C:/Users/chris/Dev/Projects/TheFantasyWorldSimulator/src/engine/__tests__/interventionEffects.test.ts
 [32m✓[39m src/types/__tests__/disposition.test.ts [2m([22m[2m28 tests[22m[2m)[22m[32m 6[2mms[22m[39m
 [32m✓[39m src/engine/__tests__/actionCandidatesWealth.test.ts [2m([22m[2m15 tests[22m[2m)[22m[32m 7[2mms[22m[39m
stderr | src/engine/__tests__/movementCost.test.ts > computeEdgeCost > speed modifiers from agent traits > agent with movement_speed=-5 trait floors at MIN_EDGE_COST=0.5
[GraphSchema] Edge "has_trait" target should be "trait", got "actor" (edge trait_fleet_footed)

stderr | src/engine/__tests__/movementCost.test.ts > computeEdgeCost > speed modifiers from agent traits > combines multiple movement_speed modifiers from multiple traits
[GraphSchema] Edge "has_trait" target should be "trait", got "actor" (edge trait_swift_1)
[GraphSchema] Edge "has_trait" target should be "trait", got "actor" (edge trait_swift_2)

stderr | src/engine/__tests__/movementCost.test.ts > computeEdgeCost > edge cases > handles trait edges with no movement_speed property
[GraphSchema] Edge "has_trait" target should be "trait", got "actor" (edge trait_other)

 [32m✓[39m src/engine/__tests__/movementCost.test.ts [2m([22m[2m12 tests[22m[2m)[22m[32m 7[2mms[22m[39m
 [32m✓[39m src/data/__tests__/opposition-content.test.ts [2m([22m[2m22 tests[22m[2m)[22m[32m 6[2mms[22m[39m
stderr | src/engine/__tests__/mandate.test.ts > mandate evaluation engine > sphere_weight checks region sphere influence
[GraphSchema] Edge "sphere_influence" target should be "cosmology", got "sphere" (edge edge_sphere_inf_1)

stderr | src/engine/__tests__/mandate.test.ts > mandate evaluation engine > sphere_weight fails when insufficient regions
[GraphSchema] Edge "sphere_influence" target should be "cosmology", got "sphere" (edge edge_sphere_inf_order)

 [32m✓[39m src/engine/__tests__/interventionEffects.test.ts [2m([22m[2m16 tests[22m[2m)[22m[32m 7[2mms[22m[39m
 [32m✓[39m src/engine/__tests__/mandate.test.ts [2m([22m[2m12 tests[22m[2m)[22m[32m 5[2mms[22m[39m
 [32m✓[39m src/engine/__tests__/phaseSlotCaps.test.ts [2m([22m[2m7 tests[22m[2m)[22m[32m 6[2mms[22m[39m
 [32m✓[39m src/engine/__tests__/armyMovement.test.ts [2m([22m[2m20 tests[22m[2m)[22m[32m 7[2mms[22m[39m
 [32m✓[39m src/engine/__tests__/phaseEncounterVisibility.test.ts [2m([22m[2m8 tests[22m[2m)[22m[32m 6[2mms[22m[39m
 [32m✓[39m tests/engine/attentionTier.test.ts [2m([22m[2m45 tests[22m[2m)[22m[32m 5[2mms[22m[39m
 [32m✓[39m src/engine/__tests__/npcTierGuards.test.ts [2m([22m[2m6 tests[22m[2m)[22m[32m 6[2mms[22m[39m
stderr | src/engine/__tests__/tickHealth-integration.test.ts > tick health integration > state cleanup: resolved unifiedActions get completedAtTick stamped and pruned
[GraphSchema] Edge "belongs_to" source should be ["actor","location"], got "region" (edge edge_hist_territory_region_0_hist_culture_0)
[Orchestrator] Tick crashed, returning previous state: Error: Trait not found: trait.reputation.power.renown
    at assignTrait (C:/Users/chris/Dev/Projects/TheFantasyWorldSimulator/src/engine/traits.ts:44:25)
    at syncReputationTrait (C:/Users/chris/Dev/Projects/TheFantasyWorldSimulator/src/engine/phaseReputationTraits.ts:297:5)
    at phaseReputationTraits (C:/Users/chris/Dev/Projects/TheFantasyWorldSimulator/src/engine/phaseReputationTraits.ts:273:7)
    at runTick (C:/Users/chris/Dev/Projects/TheFantasyWorldSimulator/src/engine/orchestrator.ts:1896:18)
    at C:/Users/chris/Dev/Projects/TheFantasyWorldSimulator/src/engine/__tests__/tickHealth-integration.test.ts:207:15
    at file:///C:/Users/chris/Dev/Projects/TheFantasyWorldSimulator/node_modules/@vitest/runner/dist/index.js:145:11
    at file:///C:/Users/chris/Dev/Projects/TheFantasyWorldSimulator/node_modules/@vitest/runner/dist/index.js:915:26
    at file:///C:/Users/chris/Dev/Projects/TheFantasyWorldSimulator/node_modules/@vitest/runner/dist/index.js:1243:20
    at new Promise (<anonymous>)
    at runWithTimeout (file:///C:/Users/chris/Dev/Projects/TheFantasyWorldSimulator/node_modules/@vitest/runner/dist/index.js:1209:10)
[Orchestrator] Tick crashed, returning previous state: Error: Trait not found: trait.reputation.power.renown
    at assignTrait (C:/Users/chris/Dev/Projects/TheFantasyWorldSimulator/src/engine/traits.ts:44:25)
    at syncReputationTrait (C:/Users/chris/Dev/Projects/TheFantasyWorldSimulator/src/engine/phaseReputationTraits.ts:297:5)
    at phaseReputationTraits (C:/Users/chris/Dev/Projects/TheFantasyWorldSimulator/src/engine/phaseReputationTraits.ts:273:7)
    at runTick (C:/Users/chris/Dev/Projects/TheFantasyWorldSimulator/src/engine/orchestrator.ts:1896:18)
    at C:/Users/chris/Dev/Projects/TheFantasyWorldSimulator/src/engine/__tests__/tickHealth-integration.test.ts:207:15
    at file:///C:/Users/chris/Dev/Projects/TheFantasyWorldSimulator/node_modules/@vitest/runner/dist/index.js:145:11
    at file:///C:/Users/chris/Dev/Projects/TheFantasyWorldSimulator/node_modules/@vitest/runner/dist/index.js:915:26
    at file:///C:/Users/chris/Dev/Projects/TheFantasyWorldSimulator/node_modules/@vitest/runner/dist/index.js:1243:20
    at new Promise (<anonymous>)
    at runWithTimeout (file:///C:/Users/chris/Dev/Projects/TheFantasyWorldSimulator/node_modules/@vitest/runner/dist/index.js:1209:10)
[Orchestrator] Tick crashed, returning previous state: Error: Trait not found: trait.reputation.power.renown
    at assignTrait (C:/Users/chris/Dev/Projects/TheFantasyWorldSimulator/src/engine/traits.ts:44:25)
    at syncReputationTrait (C:/Users/chris/Dev/Projects/TheFantasyWorldSimulator/src/engine/phaseReputationTraits.ts:297:5)
    at phaseReputationTraits (C:/Users/chris/Dev/Projects/TheFantasyWorldSimulator/src/engine/phaseReputationTraits.ts:273:7)
    at runTick (C:/Users/chris/Dev/Projects/TheFantasyWorldSimulator/src/engine/orchestrator.ts:1896:18)
    at C:/Users/chris/Dev/Projects/TheFantasyWorldSimulator/src/engine/__tests__/tickHealth-integration.test.ts:207:15
    at file:///C:/Users/chris/Dev/Projects/TheFantasyWorldSimulator/node_modules/@vitest/runner/dist/index.js:145:11
    at file:///C:/Users/chris/Dev/Projects/TheFantasyWorldSimulator/node_modules/@vitest/runner/dist/index.js:915:26
    at file:///C:/Users/chris/Dev/Projects/TheFantasyWorldSimulator/node_modules/@vitest/runner/dist/index.js:1243:20
    at new Promise (<anonymous>)
    at runWithTimeout (file:///C:/Users/chris/Dev/Projects/TheFantasyWorldSimulator/node_modules/@vitest/runner/dist/index.js:1209:10)
[Orchestrator] Tick crashed, returning previous state: Error: Trait not found: trait.reputation.power.renown
    at assignTrait (C:/Users/chris/Dev/Projects/TheFantasyWorldSimulator/src/engine/traits.ts:44:25)
    at syncReputationTrait (C:/Users/chris/Dev/Projects/TheFantasyWorldSimulator/src/engine/phaseReputationTraits.ts:297:5)
    at phaseReputationTraits (C:/Users/chris/Dev/Projects/TheFantasyWorldSimulator/src/engine/phaseReputationTraits.ts:273:7)
    at runTick (C:/Users/chris/Dev/Projects/TheFantasyWorldSimulator/src/engine/orchestrator.ts:1896:18)
    at C:/Users/chris/Dev/Projects/TheFantasyWorldSimulator/src/engine/__tests__/tickHealth-integration.test.ts:207:15
    at file:///C:/Users/chris/Dev/Projects/TheFantasyWorldSimulator/node_modules/@vitest/runner/dist/index.js:145:11
    at file:///C:/Users/chris/Dev/Projects/TheFantasyWorldSimulator/node_modules/@vitest/runner/dist/index.js:915:26
    at file:///C:/Users/chris/Dev/Projects/TheFantasyWorldSimulator/node_modules/@vitest/runner/dist/index.js:1243:20
    at new Promise (<anonymous>)
    at runWithTimeout (file:///C:/Users/chris/Dev/Projects/TheFantasyWorldSimulator/node_modules/@vitest/runner/dist/index.js:1209:10)
[Orchestrator] Tick crashed, returning previous state: Error: Trait not found: trait.reputation.power.renown
    at assignTrait (C:/Users/chris/Dev/Projects/TheFantasyWorldSimulator/src/engine/traits.ts:44:25)
    at syncReputationTrait (C:/Users/chris/Dev/Projects/TheFantasyWorldSimulator/src/engine/phaseReputationTraits.ts:297:5)
    at phaseReputationTraits (C:/Users/chris/Dev/Projects/TheFantasyWorldSimulator/src/engine/phaseReputationTraits.ts:273:7)
    at runTick (C:/Users/chris/Dev/Projects/TheFantasyWorldSimulator/src/engine/orchestrator.ts:1896:18)
    at C:/Users/chris/Dev/Projects/TheFantasyWorldSimulator/src/engine/__tests__/tickHealth-integration.test.ts:207:15
    at file:///C:/Users/chris/Dev/Projects/TheFantasyWorldSimulator/node_modules/@vitest/runner/dist/index.js:145:11
    at file:///C:/Users/chris/Dev/Projects/TheFantasyWorldSimulator/node_modules/@vitest/runner/dist/index.js:915:26
    at file:///C:/Users/chris/Dev/Projects/TheFantasyWorldSimulator/node_modules/@vitest/runner/dist/index.js:1243:20
    at new Promise (<anonymous>)
    at runWithTimeout (file:///C:/Users/chris/Dev/Projects/TheFantasyWorldSimulator/node_modules/@vitest/runner/dist/index.js:1209:10)
[Orchestrator] Tick crashed, returning previous state: Error: Trait not found: trait.reputation.power.renown
    at assignTrait (C:/Users/chris/Dev/Projects/TheFantasyWorldSimulator/src/engine/traits.ts:44:25)
    at syncReputationTrait (C:/Users/chris/Dev/Projects/TheFantasyWorldSimulator/src/engine/phaseReputationTraits.ts:297:5)
    at phaseReputationTraits (C:/Users/chris/Dev/Projects/TheFantasyWorldSimulator/src/engine/phaseReputationTraits.ts:273:7)
    at runTick (C:/Users/chris/Dev/Projects/TheFantasyWorldSimulator/src/engine/orchestrator.ts:1896:18)
    at C:/Users/chris/Dev/Projects/TheFantasyWorldSimulator/src/engine/__tests__/tickHealth-integration.test.ts:207:15
    at file:///C:/Users/chris/Dev/Projects/TheFantasyWorldSimulator/node_modules/@vitest/runner/dist/index.js:145:11
    at file:///C:/Users/chris/Dev/Projects/TheFantasyWorldSimulator/node_modules/@vitest/runner/dist/index.js:915:26
    at file:///C:/Users/chris/Dev/Projects/TheFantasyWorldSimulator/node_modules/@vitest/runner/dist/index.js:1243:20
    at new Promise (<anonymous>)
    at runWithTimeout (file:///C:/Users/chris/Dev/Projects/TheFantasyWorldSimulator/node_modules/@vitest/runner/dist/index.js:1209:10)
[Orchestrator] Tick crashed, returning previous state: Error: Trait not found: trait.reputation.power.renown
    at assignTrait (C:/Users/chris/Dev/Projects/TheFantasyWorldSimulator/src/engine/traits.ts:44:25)
    at syncReputationTrait (C:/Users/chris/Dev/Projects/TheFantasyWorldSimulator/src/engine/phaseReputationTraits.ts:297:5)
    at phaseReputationTraits (C:/Users/chris/Dev/Projects/TheFantasyWorldSimulator/src/engine/phaseReputationTraits.ts:273:7)
    at runTick (C:/Users/chris/Dev/Projects/TheFantasyWorldSimulator/src/engine/orchestrator.ts:1896:18)
    at C:/Users/chris/Dev/Projects/TheFantasyWorldSimulator/src/engine/__tests__/tickHealth-integration.test.ts:207:15
    at file:///C:/Users/chris/Dev/Projects/TheFantasyWorldSimulator/node_modules/@vitest/runner/dist/index.js:145:11
    at file:///C:/Users/chris/Dev/Projects/TheFantasyWorldSimulator/node_modules/@vitest/runner/dist/index.js:915:26
    at file:///C:/Users/chris/Dev/Projects/TheFantasyWorldSimulator/node_modules/@vitest/runner/dist/index.js:1243:20
    at new Promise (<anonymous>)
    at runWithTimeout (file:///C:/Users/chris/Dev/Projects/TheFantasyWorldSimulator/node_modules/@vitest/runner/dist/index.js:1209:10)
[Orchestrator] Tick crashed, returning previous state: Error: Trait not found: trait.reputation.power.renown
    at assignTrait (C:/Users/chris/Dev/Projects/TheFantasyWorldSimulator/src/engine/traits.ts:44:25)
    at syncReputationTrait (C:/Users/chris/Dev/Projects/TheFantasyWorldSimulator/src/engine/phaseReputationTraits.ts:297:5)
    at phaseReputationTraits (C:/Users/chris/Dev/Projects/TheFantasyWorldSimulator/src/engine/phaseReputationTraits.ts:273:7)
    at runTick (C:/Users/chris/Dev/Projects/TheFantasyWorldSimulator/src/engine/orchestrator.ts:1896:18)
    at C:/Users/chris/Dev/Projects/TheFantasyWorldSimulator/src/engine/__tests__/tickHealth-integration.test.ts:207:15
    at file:///C:/Users/chris/Dev/Projects/TheFantasyWorldSimulator/node_modules/@vitest/runner/dist/index.js:145:11
    at file:///C:/Users/chris/Dev/Projects/TheFantasyWorldSimulator/node_modules/@vitest/runner/dist/index.js:915:26
    at file:///C:/Users/chris/Dev/Projects/TheFantasyWorldSimulator/node_modules/@vitest/runner/dist/index.js:1243:20
    at new Promise (<anonymous>)
    at runWithTimeout (file:///C:/Users/chris/Dev/Projects/TheFantasyWorldSimulator/node_modules/@vitest/runner/dist/index.js:1209:10)
[Orchestrator] Tick crashed, returning previous state: Error: Trait not found: trait.reputation.power.renown
    at assignTrait (C:/Users/chris/Dev/Projects/TheFantasyWorldSimulator/src/engine/traits.ts:44:25)
    at syncReputationTrait (C:/Users/chris/Dev/Projects/TheFantasyWorldSimulator/src/engine/phaseReputationTraits.ts:297:5)
    at phaseReputationTraits (C:/Users/chris/Dev/Projects/TheFantasyWorldSimulator/src/engine/phaseReputationTraits.ts:273:7)
    at runTick (C:/Users/chris/Dev/Projects/TheFantasyWorldSimulator/src/engine/orchestrator.ts:1896:18)
    at C:/Users/chris/Dev/Projects/TheFantasyWorldSimulator/src/engine/__tests__/tickHealth-integration.test.ts:207:15
    at file:///C:/Users/chris/Dev/Projects/TheFantasyWorldSimulator/node_modules/@vitest/runner/dist/index.js:145:11
    at file:///C:/Users/chris/Dev/Projects/TheFantasyWorldSimulator/node_modules/@vitest/runner/dist/index.js:915:26
    at file:///C:/Users/chris/Dev/Projects/TheFantasyWorldSimulator/node_modules/@vitest/runner/dist/index.js:1243:20
    at new Promise (<anonymous>)
    at runWithTimeout (file:///C:/Users/chris/Dev/Projects/TheFantasyWorldSimulator/node_modules/@vitest/runner/dist/index.js:1209:10)
[Orchestrator] Tick crashed, returning previous state: Error: Trait not found: trait.reputation.power.renown
    at assignTrait (C:/Users/chris/Dev/Projects/TheFantasyWorldSimulator/src/engine/traits.ts:44:25)
    at syncReputationTrait (C:/Users/chris/Dev/Projects/TheFantasyWorldSimulator/src/engine/phaseReputationTraits.ts:297:5)
    at phaseReputationTraits (C:/Users/chris/Dev/Projects/TheFantasyWorldSimulator/src/engine/phaseReputationTraits.ts:273:7)
    at runTick (C:/Users/chris/Dev/Projects/TheFantasyWorldSimulator/src/engine/orchestrator.ts:1896:18)
    at C:/Users/chris/Dev/Projects/TheFantasyWorldSimulator/src/engine/__tests__/tickHealth-integration.test.ts:207:15
    at file:///C:/Users/chris/Dev/Projects/TheFantasyWorldSimulator/node_modules/@vitest/runner/dist/index.js:145:11
    at file:///C:/Users/chris/Dev/Projects/TheFantasyWorldSimulator/node_modules/@vitest/runner/dist/index.js:915:26
    at file:///C:/Users/chris/Dev/Projects/TheFantasyWorldSimulator/node_modules/@vitest/runner/dist/index.js:1243:20
    at new Promise (<anonymous>)
    at runWithTimeout (file:///C:/Users/chris/Dev/Projects/TheFantasyWorldSimulator/node_modules/@vitest/runner/dist/index.js:1209:10)
[Orchestrator] Tick crashed, returning previous state: Error: Trait not found: trait.reputation.power.renown
    at assignTrait (C:/Users/chris/Dev/Projects/TheFantasyWorldSimulator/src/engine/traits.ts:44:25)
    at syncReputationTrait (C:/Users/chris/Dev/Projects/TheFantasyWorldSimulator/src/engine/phaseReputationTraits.ts:297:5)
    at phaseReputationTraits (C:/Users/chris/Dev/Projects/TheFantasyWorldSimulator/src/engine/phaseReputationTraits.ts:273:7)
    at runTick (C:/Users/chris/Dev/Projects/TheFantasyWorldSimulator/src/engine/orchestrator.ts:1896:18)
    at C:/Users/chris/Dev/Projects/TheFantasyWorldSimulator/src/engine/__tests__/tickHealth-integration.test.ts:234:13
    at file:///C:/Users/chris/Dev/Projects/TheFantasyWorldSimulator/node_modules/@vitest/runner/dist/index.js:145:11
    at file:///C:/Users/chris/Dev/Projects/TheFantasyWorldSimulator/node_modules/@vitest/runner/dist/index.js:915:26
    at file:///C:/Users/chris/Dev/Projects/TheFantasyWorldSimulator/node_modules/@vitest/runner/dist/index.js:1243:20
    at new Promise (<anonymous>)
    at runWithTimeout (file:///C:/Users/chris/Dev/Projects/TheFantasyWorldSimulator/node_modules/@vitest/runner/dist/index.js:1209:10)

 [31m❯[39m src/engine/__tests__/tickHealth-integration.test.ts [2m([22m[2m3 tests[22m[2m | [22m[31m3 failed[39m[2m)[22m[33m 11350[2mms[22m[39m
[31m     [31m×[31m 200 ticks all report healthy with empty crash log[39m[33m 8094[2mms[22m[39m
[31m     [31m×[31m state cleanup: encounterNotifications are trimmed over time[39m[33m 2735[2mms[22m[39m
[31m     [31m×[31m state cleanup: resolved unifiedActions get completedAtTick stamped and pruned[39m[33m 519[2mms[22m[39m
 [32m✓[39m src/engine/__tests__/targetContextBuilders.test.ts [2m([22m[2m15 tests[22m[2m)[22m[32m 6[2mms[22m[39m
stderr | src/engine/__tests__/siegeRegionalEncounters.test.ts > generateRegionalEncounters > finds no eligible actors when no actors are within SIEGE_REGIONAL_ENCOUNTER_RANGE hexes
[GraphSchema] Edge "located_at" source should be "actor", got "location" (edge e_settloc_settle1)
[GraphSchema] Unknown edge type: "controlled_by". Not in EDGE_SCHEMA.

stderr | src/engine/__tests__/siegeRegionalEncounters.test.ts > generateRegionalEncounters > spawns siege.regional.call_for_aid for allied faction actors within range
[GraphSchema] Edge "located_at" source should be "actor", got "location" (edge e_settloc_settle1)
[GraphSchema] Unknown edge type: "controlled_by". Not in EDGE_SCHEMA.

stderr | src/engine/__tests__/siegeRegionalEncounters.test.ts > generateRegionalEncounters > spawns siege.regional.smuggle_supplies for Shadow-capable agents within range
[GraphSchema] Edge "located_at" source should be "actor", got "location" (edge e_settloc_settle1)
[GraphSchema] Unknown edge type: "controlled_by". Not in EDGE_SCHEMA.

stderr | src/engine/__tests__/siegeRegionalEncounters.test.ts > generateRegionalEncounters > spawns siege.regional.negotiate_terms for Heart-capable agents within range
[GraphSchema] Edge "located_at" source should be "actor", got "location" (edge e_settloc_settle1)
[GraphSchema] Unknown edge type: "controlled_by". Not in EDGE_SCHEMA.

stderr | src/engine/__tests__/siegeRegionalEncounters.test.ts > generateRegionalEncounters > does not spawn duplicate regional encounters for the same actor in the same siege
[GraphSchema] Edge "located_at" source should be "actor", got "location" (edge e_settloc_settle1)
[GraphSchema] Unknown edge type: "controlled_by". Not in EDGE_SCHEMA.

stderr | src/engine/__tests__/siegeRegionalEncounters.test.ts > generateRegionalEncounters > does not spawn encounters for actors already participating in a battle
[GraphSchema] Edge "located_at" source should be "actor", got "location" (edge e_settloc_settle1)
[GraphSchema] Unknown edge type: "controlled_by". Not in EDGE_SCHEMA.

stderr | src/engine/__tests__/siegeRegionalEncounters.test.ts > generateRegionalEncounters > only generates encounters for actors within range boundary
[GraphSchema] Edge "located_at" source should be "actor", got "location" (edge e_settloc_settle1)
[GraphSchema] Unknown edge type: "controlled_by". Not in EDGE_SCHEMA.

 [32m✓[39m src/engine/__tests__/siegeRegionalEncounters.test.ts [2m([22m[2m7 tests[22m[2m)[22m[32m 8[2mms[22m[39m
 [32m✓[39m src/audio/__tests__/BackgroundChannel.test.ts [2m([22m[2m7 tests[22m[2m)[22m[32m 7[2mms[22m[39m
 [32m✓[39m src/engine/__tests__/ambitionAssignment.test.ts [2m([22m[2m5 tests[22m[2m)[22m[32m 6[2mms[22m[39m
 [32m✓[39m src/engine/__tests__/traceBuffer-narrative.test.ts [2m([22m[2m14 tests[22m[2m)[22m[32m 6[2mms[22m[39m
 [32m✓[39m src/engine/__tests__/phase3-outcomeExpansion.test.ts [2m([22m[2m29 tests[22m[2m)[22m[32m 9[2mms[22m[39m
 [32m✓[39m src/engine/__tests__/regionLabels.test.ts [2m([22m[2m13 tests[22m[2m)[22m[32m 6[2mms[22m[39m
 [32m✓[39m src/engine/__tests__/temporal.test.ts [2m([22m[2m9 tests[22m[2m)[22m[32m 6[2mms[22m[39m
 [32m✓[39m src/engine/__tests__/vignetteNotification.test.ts [2m([22m[2m12 tests[22m[2m)[22m[32m 5[2mms[22m[39m
 [32m✓[39m src/engine/__tests__/armySpawning.test.ts [2m([22m[2m15 tests[22m[2m)[22m[32m 8[2mms[22m[39m
 [32m✓[39m src/engine/__tests__/mandate-integration.test.ts [2m([22m[2m3 tests[22m[2m)[22m[32m 6[2mms[22m[39m
 [32m✓[39m src/engine/__tests__/contestation.test.ts [2m([22m[2m14 tests[22m[2m)[22m[32m 6[2mms[22m[39m
 [32m✓[39m src/__tests__/engine/sphereModifiers.test.ts [2m([22m[2m23 tests[22m[2m)[22m[32m 6[2mms[22m[39m
 [32m✓[39m src/engine/__tests__/dilemmaSelection.test.ts [2m([22m[2m10 tests[22m[2m)[22m[32m 6[2mms[22m[39m
 [32m✓[39m src/data/__tests__/worldsoul-content.test.ts [2m([22m[2m9 tests[22m[2m)[22m[32m 6[2mms[22m[39m
 [32m✓[39m src/engine/__tests__/revelationResolver.test.ts [2m([22m[2m24 tests[22m[2m)[22m[32m 7[2mms[22m[39m
 [32m✓[39m src/components/icons/__tests__/CoatOfArms.test.tsx [2m([22m[2m23 tests[22m[2m)[22m[32m 5[2mms[22m[39m
stderr | src/engine/__tests__/traceBuffer-integration.test.ts > trace buffer integration > trace IDs are sequential after clearing
[Orchestrator] Tick crashed, returning previous state: Error: Trait not found: trait.reputation.power.renown
    at assignTrait (C:/Users/chris/Dev/Projects/TheFantasyWorldSimulator/src/engine/traits.ts:44:25)
    at syncReputationTrait (C:/Users/chris/Dev/Projects/TheFantasyWorldSimulator/src/engine/phaseReputationTraits.ts:297:5)
    at phaseReputationTraits (C:/Users/chris/Dev/Projects/TheFantasyWorldSimulator/src/engine/phaseReputationTraits.ts:273:7)
    at runTick (C:/Users/chris/Dev/Projects/TheFantasyWorldSimulator/src/engine/orchestrator.ts:1896:18)
    at C:/Users/chris/Dev/Projects/TheFantasyWorldSimulator/src/engine/__tests__/traceBuffer-integration.test.ts:273:15
    at file:///C:/Users/chris/Dev/Projects/TheFantasyWorldSimulator/node_modules/@vitest/runner/dist/index.js:145:11
    at file:///C:/Users/chris/Dev/Projects/TheFantasyWorldSimulator/node_modules/@vitest/runner/dist/index.js:915:26
    at file:///C:/Users/chris/Dev/Projects/TheFantasyWorldSimulator/node_modules/@vitest/runner/dist/index.js:1243:20
    at new Promise (<anonymous>)
    at runWithTimeout (file:///C:/Users/chris/Dev/Projects/TheFantasyWorldSimulator/node_modules/@vitest/runner/dist/index.js:1209:10)
[Orchestrator] Tick crashed, returning previous state: Error: Trait not found: trait.reputation.power.renown
    at assignTrait (C:/Users/chris/Dev/Projects/TheFantasyWorldSimulator/src/engine/traits.ts:44:25)
    at syncReputationTrait (C:/Users/chris/Dev/Projects/TheFantasyWorldSimulator/src/engine/phaseReputationTraits.ts:297:5)
    at phaseReputationTraits (C:/Users/chris/Dev/Projects/TheFantasyWorldSimulator/src/engine/phaseReputationTraits.ts:273:7)
    at runTick (C:/Users/chris/Dev/Projects/TheFantasyWorldSimulator/src/engine/orchestrator.ts:1896:18)
    at C:/Users/chris/Dev/Projects/TheFantasyWorldSimulator/src/engine/__tests__/traceBuffer-integration.test.ts:273:15
    at file:///C:/Users/chris/Dev/Projects/TheFantasyWorldSimulator/node_modules/@vitest/runner/dist/index.js:145:11
    at file:///C:/Users/chris/Dev/Projects/TheFantasyWorldSimulator/node_modules/@vitest/runner/dist/index.js:915:26
    at file:///C:/Users/chris/Dev/Projects/TheFantasyWorldSimulator/node_modules/@vitest/runner/dist/index.js:1243:20
    at new Promise (<anonymous>)
    at runWithTimeout (file:///C:/Users/chris/Dev/Projects/TheFantasyWorldSimulator/node_modules/@vitest/runner/dist/index.js:1209:10)
[Orchestrator] Tick crashed, returning previous state: Error: Trait not found: trait.reputation.power.renown
    at assignTrait (C:/Users/chris/Dev/Projects/TheFantasyWorldSimulator/src/engine/traits.ts:44:25)
    at syncReputationTrait (C:/Users/chris/Dev/Projects/TheFantasyWorldSimulator/src/engine/phaseReputationTraits.ts:297:5)
    at phaseReputationTraits (C:/Users/chris/Dev/Projects/TheFantasyWorldSimulator/src/engine/phaseReputationTraits.ts:273:7)
    at runTick (C:/Users/chris/Dev/Projects/TheFantasyWorldSimulator/src/engine/orchestrator.ts:1896:18)
    at C:/Users/chris/Dev/Projects/TheFantasyWorldSimulator/src/engine/__tests__/traceBuffer-integration.test.ts:273:15
    at file:///C:/Users/chris/Dev/Projects/TheFantasyWorldSimulator/node_modules/@vitest/runner/dist/index.js:145:11
    at file:///C:/Users/chris/Dev/Projects/TheFantasyWorldSimulator/node_modules/@vitest/runner/dist/index.js:915:26
    at file:///C:/Users/chris/Dev/Projects/TheFantasyWorldSimulator/node_modules/@vitest/runner/dist/index.js:1243:20
    at new Promise (<anonymous>)
    at runWithTimeout (file:///C:/Users/chris/Dev/Projects/TheFantasyWorldSimulator/node_modules/@vitest/runner/dist/index.js:1209:10)
[Orchestrator] Tick crashed, returning previous state: Error: Trait not found: trait.reputation.power.renown
    at assignTrait (C:/Users/chris/Dev/Projects/TheFantasyWorldSimulator/src/engine/traits.ts:44:25)
    at syncReputationTrait (C:/Users/chris/Dev/Projects/TheFantasyWorldSimulator/src/engine/phaseReputationTraits.ts:297:5)
    at phaseReputationTraits (C:/Users/chris/Dev/Projects/TheFantasyWorldSimulator/src/engine/phaseReputationTraits.ts:273:7)
    at runTick (C:/Users/chris/Dev/Projects/TheFantasyWorldSimulator/src/engine/orchestrator.ts:1896:18)
    at C:/Users/chris/Dev/Projects/TheFantasyWorldSimulator/src/engine/__tests__/traceBuffer-integration.test.ts:273:15
    at file:///C:/Users/chris/Dev/Projects/TheFantasyWorldSimulator/node_modules/@vitest/runner/dist/index.js:145:11
    at file:///C:/Users/chris/Dev/Projects/TheFantasyWorldSimulator/node_modules/@vitest/runner/dist/index.js:915:26
    at file:///C:/Users/chris/Dev/Projects/TheFantasyWorldSimulator/node_modules/@vitest/runner/dist/index.js:1243:20
    at new Promise (<anonymous>)
    at runWithTimeout (file:///C:/Users/chris/Dev/Projects/TheFantasyWorldSimulator/node_modules/@vitest/runner/dist/index.js:1209:10)
[Orchestrator] Tick crashed, returning previous state: Error: Trait not found: trait.reputation.power.renown
    at assignTrait (C:/Users/chris/Dev/Projects/TheFantasyWorldSimulator/src/engine/traits.ts:44:25)
    at syncReputationTrait (C:/Users/chris/Dev/Projects/TheFantasyWorldSimulator/src/engine/phaseReputationTraits.ts:297:5)
    at phaseReputationTraits (C:/Users/chris/Dev/Projects/TheFantasyWorldSimulator/src/engine/phaseReputationTraits.ts:273:7)
    at runTick (C:/Users/chris/Dev/Projects/TheFantasyWorldSimulator/src/engine/orchestrator.ts:1896:18)
    at C:/Users/chris/Dev/Projects/TheFantasyWorldSimulator/src/engine/__tests__/traceBuffer-integration.test.ts:273:15
    at file:///C:/Users/chris/Dev/Projects/TheFantasyWorldSimulator/node_modules/@vitest/runner/dist/index.js:145:11
    at file:///C:/Users/chris/Dev/Projects/TheFantasyWorldSimulator/node_modules/@vitest/runner/dist/index.js:915:26
    at file:///C:/Users/chris/Dev/Projects/TheFantasyWorldSimulator/node_modules/@vitest/runner/dist/index.js:1243:20
    at new Promise (<anonymous>)
    at runWithTimeout (file:///C:/Users/chris/Dev/Projects/TheFantasyWorldSimulator/node_modules/@vitest/runner/dist/index.js:1209:10)
[Orchestrator] Tick crashed, returning previous state: Error: Trait not found: trait.reputation.power.renown
    at assignTrait (C:/Users/chris/Dev/Projects/TheFantasyWorldSimulator/src/engine/traits.ts:44:25)
    at syncReputationTrait (C:/Users/chris/Dev/Projects/TheFantasyWorldSimulator/src/engine/phaseReputationTraits.ts:297:5)
    at phaseReputationTraits (C:/Users/chris/Dev/Projects/TheFantasyWorldSimulator/src/engine/phaseReputationTraits.ts:273:7)
    at runTick (C:/Users/chris/Dev/Projects/TheFantasyWorldSimulator/src/engine/orchestrator.ts:1896:18)
    at C:/Users/chris/Dev/Projects/TheFantasyWorldSimulator/src/engine/__tests__/traceBuffer-integration.test.ts:273:15
    at file:///C:/Users/chris/Dev/Projects/TheFantasyWorldSimulator/node_modules/@vitest/runner/dist/index.js:145:11
    at file:///C:/Users/chris/Dev/Projects/TheFantasyWorldSimulator/node_modules/@vitest/runner/dist/index.js:915:26
    at file:///C:/Users/chris/Dev/Projects/TheFantasyWorldSimulator/node_modules/@vitest/runner/dist/index.js:1243:20
    at new Promise (<anonymous>)
    at runWithTimeout (file:///C:/Users/chris/Dev/Projects/TheFantasyWorldSimulator/node_modules/@vitest/runner/dist/index.js:1209:10)
[Orchestrator] Tick crashed, returning previous state: Error: Trait not found: trait.reputation.power.renown
    at assignTrait (C:/Users/chris/Dev/Projects/TheFantasyWorldSimulator/src/engine/traits.ts:44:25)
    at syncReputationTrait (C:/Users/chris/Dev/Projects/TheFantasyWorldSimulator/src/engine/phaseReputationTraits.ts:297:5)
    at phaseReputationTraits (C:/Users/chris/Dev/Projects/TheFantasyWorldSimulator/src/engine/phaseReputationTraits.ts:273:7)
    at runTick (C:/Users/chris/Dev/Projects/TheFantasyWorldSimulator/src/engine/orchestrator.ts:1896:18)
    at C:/Users/chris/Dev/Projects/TheFantasyWorldSimulator/src/engine/__tests__/traceBuffer-integration.test.ts:273:15
    at file:///C:/Users/chris/Dev/Projects/TheFantasyWorldSimulator/node_modules/@vitest/runner/dist/index.js:145:11
    at file:///C:/Users/chris/Dev/Projects/TheFantasyWorldSimulator/node_modules/@vitest/runner/dist/index.js:915:26
    at file:///C:/Users/chris/Dev/Projects/TheFantasyWorldSimulator/node_modules/@vitest/runner/dist/index.js:1243:20
    at new Promise (<anonymous>)
    at runWithTimeout (file:///C:/Users/chris/Dev/Projects/TheFantasyWorldSimulator/node_modules/@vitest/runner/dist/index.js:1209:10)
[Orchestrator] Tick crashed, returning previous state: Error: Trait not found: trait.reputation.power.renown
    at assignTrait (C:/Users/chris/Dev/Projects/TheFantasyWorldSimulator/src/engine/traits.ts:44:25)
    at syncReputationTrait (C:/Users/chris/Dev/Projects/TheFantasyWorldSimulator/src/engine/phaseReputationTraits.ts:297:5)
    at phaseReputationTraits (C:/Users/chris/Dev/Projects/TheFantasyWorldSimulator/src/engine/phaseReputationTraits.ts:273:7)
    at runTick (C:/Users/chris/Dev/Projects/TheFantasyWorldSimulator/src/engine/orchestrator.ts:1896:18)
    at C:/Users/chris/Dev/Projects/TheFantasyWorldSimulator/src/engine/__tests__/traceBuffer-integration.test.ts:273:15
    at file:///C:/Users/chris/Dev/Projects/TheFantasyWorldSimulator/node_modules/@vitest/runner/dist/index.js:145:11
    at file:///C:/Users/chris/Dev/Projects/TheFantasyWorldSimulator/node_modules/@vitest/runner/dist/index.js:915:26
    at file:///C:/Users/chris/Dev/Projects/TheFantasyWorldSimulator/node_modules/@vitest/runner/dist/index.js:1243:20
    at new Promise (<anonymous>)
    at runWithTimeout (file:///C:/Users/chris/Dev/Projects/TheFantasyWorldSimulator/node_modules/@vitest/runner/dist/index.js:1209:10)
[Orchestrator] Tick crashed, returning previous state: Error: Trait not found: trait.reputation.power.renown
    at assignTrait (C:/Users/chris/Dev/Projects/TheFantasyWorldSimulator/src/engine/traits.ts:44:25)
    at syncReputationTrait (C:/Users/chris/Dev/Projects/TheFantasyWorldSimulator/src/engine/phaseReputationTraits.ts:297:5)
    at phaseReputationTraits (C:/Users/chris/Dev/Projects/TheFantasyWorldSimulator/src/engine/phaseReputationTraits.ts:273:7)
    at runTick (C:/Users/chris/Dev/Projects/TheFantasyWorldSimulator/src/engine/orchestrator.ts:1896:18)
    at C:/Users/chris/Dev/Projects/TheFantasyWorldSimulator/src/engine/__tests__/traceBuffer-integration.test.ts:273:15
    at file:///C:/Users/chris/Dev/Projects/TheFantasyWorldSimulator/node_modules/@vitest/runner/dist/index.js:145:11
    at file:///C:/Users/chris/Dev/Projects/TheFantasyWorldSimulator/node_modules/@vitest/runner/dist/index.js:915:26
    at file:///C:/Users/chris/Dev/Projects/TheFantasyWorldSimulator/node_modules/@vitest/runner/dist/index.js:1243:20
    at new Promise (<anonymous>)
    at runWithTimeout (file:///C:/Users/chris/Dev/Projects/TheFantasyWorldSimulator/node_modules/@vitest/runner/dist/index.js:1209:10)
[Orchestrator] Tick crashed, returning previous state: Error: Trait not found: trait.reputation.power.renown
    at assignTrait (C:/Users/chris/Dev/Projects/TheFantasyWorldSimulator/src/engine/traits.ts:44:25)
    at syncReputationTrait (C:/Users/chris/Dev/Projects/TheFantasyWorldSimulator/src/engine/phaseReputationTraits.ts:297:5)
    at phaseReputationTraits (C:/Users/chris/Dev/Projects/TheFantasyWorldSimulator/src/engine/phaseReputationTraits.ts:273:7)
    at runTick (C:/Users/chris/Dev/Projects/TheFantasyWorldSimulator/src/engine/orchestrator.ts:1896:18)
    at C:/Users/chris/Dev/Projects/TheFantasyWorldSimulator/src/engine/__tests__/traceBuffer-integration.test.ts:273:15
    at file:///C:/Users/chris/Dev/Projects/TheFantasyWorldSimulator/node_modules/@vitest/runner/dist/index.js:145:11
    at file:///C:/Users/chris/Dev/Projects/TheFantasyWorldSimulator/node_modules/@vitest/runner/dist/index.js:915:26
    at file:///C:/Users/chris/Dev/Projects/TheFantasyWorldSimulator/node_modules/@vitest/runner/dist/index.js:1243:20
    at new Promise (<anonymous>)
    at runWithTimeout (file:///C:/Users/chris/Dev/Projects/TheFantasyWorldSimulator/node_modules/@vitest/runner/dist/index.js:1209:10)
[Orchestrator] Tick crashed, returning previous state: Error: Trait not found: trait.reputation.power.renown
    at assignTrait (C:/Users/chris/Dev/Projects/TheFantasyWorldSimulator/src/engine/traits.ts:44:25)
    at syncReputationTrait (C:/Users/chris/Dev/Projects/TheFantasyWorldSimulator/src/engine/phaseReputationTraits.ts:297:5)
    at phaseReputationTraits (C:/Users/chris/Dev/Projects/TheFantasyWorldSimulator/src/engine/phaseReputationTraits.ts:273:7)
    at runTick (C:/Users/chris/Dev/Projects/TheFantasyWorldSimulator/src/engine/orchestrator.ts:1896:18)
    at C:/Users/chris/Dev/Projects/TheFantasyWorldSimulator/src/engine/__tests__/traceBuffer-integration.test.ts:273:15
    at file:///C:/Users/chris/Dev/Projects/TheFantasyWorldSimulator/node_modules/@vitest/runner/dist/index.js:145:11
    at file:///C:/Users/chris/Dev/Projects/TheFantasyWorldSimulator/node_modules/@vitest/runner/dist/index.js:915:26
    at file:///C:/Users/chris/Dev/Projects/TheFantasyWorldSimulator/node_modules/@vitest/runner/dist/index.js:1243:20
    at new Promise (<anonymous>)
    at runWithTimeout (file:///C:/Users/chris/Dev/Projects/TheFantasyWorldSimulator/node_modules/@vitest/runner/dist/index.js:1209:10)
[Orchestrator] Tick crashed, returning previous state: Error: Trait not found: trait.reputation.power.renown
    at assignTrait (C:/Users/chris/Dev/Projects/TheFantasyWorldSimulator/src/engine/traits.ts:44:25)
    at syncReputationTrait (C:/Users/chris/Dev/Projects/TheFantasyWorldSimulator/src/engine/phaseReputationTraits.ts:297:5)
    at phaseReputationTraits (C:/Users/chris/Dev/Projects/TheFantasyWorldSimulator/src/engine/phaseReputationTraits.ts:273:7)
    at runTick (C:/Users/chris/Dev/Projects/TheFantasyWorldSimulator/src/engine/orchestrator.ts:1896:18)
    at C:/Users/chris/Dev/Projects/TheFantasyWorldSimulator/src/engine/__tests__/traceBuffer-integration.test.ts:273:15
    at file:///C:/Users/chris/Dev/Projects/TheFantasyWorldSimulator/node_modules/@vitest/runner/dist/index.js:145:11
    at file:///C:/Users/chris/Dev/Projects/TheFantasyWorldSimulator/node_modules/@vitest/runner/dist/index.js:915:26
    at file:///C:/Users/chris/Dev/Projects/TheFantasyWorldSimulator/node_modules/@vitest/runner/dist/index.js:1243:20
    at new Promise (<anonymous>)
    at runWithTimeout (file:///C:/Users/chris/Dev/Projects/TheFantasyWorldSimulator/node_modules/@vitest/runner/dist/index.js:1209:10)
[Orchestrator] Tick crashed, returning previous state: Error: Trait not found: trait.reputation.power.renown
    at assignTrait (C:/Users/chris/Dev/Projects/TheFantasyWorldSimulator/src/engine/traits.ts:44:25)
    at syncReputationTrait (C:/Users/chris/Dev/Projects/TheFantasyWorldSimulator/src/engine/phaseReputationTraits.ts:297:5)
    at phaseReputationTraits (C:/Users/chris/Dev/Projects/TheFantasyWorldSimulator/src/engine/phaseReputationTraits.ts:273:7)
    at runTick (C:/Users/chris/Dev/Projects/TheFantasyWorldSimulator/src/engine/orchestrator.ts:1896:18)
    at C:/Users/chris/Dev/Projects/TheFantasyWorldSimulator/src/engine/__tests__/traceBuffer-integration.test.ts:273:15
    at file:///C:/Users/chris/Dev/Projects/TheFantasyWorldSimulator/node_modules/@vitest/runner/dist/index.js:145:11
    at file:///C:/Users/chris/Dev/Projects/TheFantasyWorldSimulator/node_modules/@vitest/runner/dist/index.js:915:26
    at file:///C:/Users/chris/Dev/Projects/TheFantasyWorldSimulator/node_modules/@vitest/runner/dist/index.js:1243:20
    at new Promise (<anonymous>)
    at runWithTimeout (file:///C:/Users/chris/Dev/Projects/TheFantasyWorldSimulator/node_modules/@vitest/runner/dist/index.js:1209:10)
[Orchestrator] Tick crashed, returning previous state: Error: Trait not found: trait.reputation.power.renown
    at assignTrait (C:/Users/chris/Dev/Projects/TheFantasyWorldSimulator/src/engine/traits.ts:44:25)
    at syncReputationTrait (C:/Users/chris/Dev/Projects/TheFantasyWorldSimulator/src/engine/phaseReputationTraits.ts:297:5)
    at phaseReputationTraits (C:/Users/chris/Dev/Projects/TheFantasyWorldSimulator/src/engine/phaseReputationTraits.ts:273:7)
    at runTick (C:/Users/chris/Dev/Projects/TheFantasyWorldSimulator/src/engine/orchestrator.ts:1896:18)
    at C:/Users/chris/Dev/Projects/TheFantasyWorldSimulator/src/engine/__tests__/traceBuffer-integration.test.ts:273:15
    at file:///C:/Users/chris/Dev/Projects/TheFantasyWorldSimulator/node_modules/@vitest/runner/dist/index.js:145:11
    at file:///C:/Users/chris/Dev/Projects/TheFantasyWorldSimulator/node_modules/@vitest/runner/dist/index.js:915:26
    at file:///C:/Users/chris/Dev/Projects/TheFantasyWorldSimulator/node_modules/@vitest/runner/dist/index.js:1243:20
    at new Promise (<anonymous>)
    at runWithTimeout (file:///C:/Users/chris/Dev/Projects/TheFantasyWorldSimulator/node_modules/@vitest/runner/dist/index.js:1209:10)
[Orchestrator] Tick crashed, returning previous state: Error: Trait not found: trait.reputation.power.renown
    at assignTrait (C:/Users/chris/Dev/Projects/TheFantasyWorldSimulator/src/engine/traits.ts:44:25)
    at syncReputationTrait (C:/Users/chris/Dev/Projects/TheFantasyWorldSimulator/src/engine/phaseReputationTraits.ts:297:5)
    at phaseReputationTraits (C:/Users/chris/Dev/Projects/TheFantasyWorldSimulator/src/engine/phaseReputationTraits.ts:273:7)
    at runTick (C:/Users/chris/Dev/Projects/TheFantasyWorldSimulator/src/engine/orchestrator.ts:1896:18)
    at C:/Users/chris/Dev/Projects/TheFantasyWorldSimulator/src/engine/__tests__/traceBuffer-integration.test.ts:273:15
    at file:///C:/Users/chris/Dev/Projects/TheFantasyWorldSimulator/node_modules/@vitest/runner/dist/index.js:145:11
    at file:///C:/Users/chris/Dev/Projects/TheFantasyWorldSimulator/node_modules/@vitest/runner/dist/index.js:915:26
    at file:///C:/Users/chris/Dev/Projects/TheFantasyWorldSimulator/node_modules/@vitest/runner/dist/index.js:1243:20
    at new Promise (<anonymous>)
    at runWithTimeout (file:///C:/Users/chris/Dev/Projects/TheFantasyWorldSimulator/node_modules/@vitest/runner/dist/index.js:1209:10)
[Orchestrator] Tick crashed, returning previous state: Error: Trait not found: trait.reputation.power.renown
    at assignTrait (C:/Users/chris/Dev/Projects/TheFantasyWorldSimulator/src/engine/traits.ts:44:25)
    at syncReputationTrait (C:/Users/chris/Dev/Projects/TheFantasyWorldSimulator/src/engine/phaseReputationTraits.ts:297:5)
    at phaseReputationTraits (C:/Users/chris/Dev/Projects/TheFantasyWorldSimulator/src/engine/phaseReputationTraits.ts:273:7)
    at runTick (C:/Users/chris/Dev/Projects/TheFantasyWorldSimulator/src/engine/orchestrator.ts:1896:18)
    at C:/Users/chris/Dev/Projects/TheFantasyWorldSimulator/src/engine/__tests__/traceBuffer-integration.test.ts:273:15
    at file:///C:/Users/chris/Dev/Projects/TheFantasyWorldSimulator/node_modules/@vitest/runner/dist/index.js:145:11
    at file:///C:/Users/chris/Dev/Projects/TheFantasyWorldSimulator/node_modules/@vitest/runner/dist/index.js:915:26
    at file:///C:/Users/chris/Dev/Projects/TheFantasyWorldSimulator/node_modules/@vitest/runner/dist/index.js:1243:20
    at new Promise (<anonymous>)
    at runWithTimeout (file:///C:/Users/chris/Dev/Projects/TheFantasyWorldSimulator/node_modules/@vitest/runner/dist/index.js:1209:10)
[Orchestrator] Tick crashed, returning previous state: Error: Trait not found: trait.reputation.power.renown
    at assignTrait (C:/Users/chris/Dev/Projects/TheFantasyWorldSimulator/src/engine/traits.ts:44:25)
    at syncReputationTrait (C:/Users/chris/Dev/Projects/TheFantasyWorldSimulator/src/engine/phaseReputationTraits.ts:297:5)
    at phaseReputationTraits (C:/Users/chris/Dev/Projects/TheFantasyWorldSimulator/src/engine/phaseReputationTraits.ts:273:7)
    at runTick (C:/Users/chris/Dev/Projects/TheFantasyWorldSimulator/src/engine/orchestrator.ts:1896:18)
    at C:/Users/chris/Dev/Projects/TheFantasyWorldSimulator/src/engine/__tests__/traceBuffer-integration.test.ts:273:15
    at file:///C:/Users/chris/Dev/Projects/TheFantasyWorldSimulator/node_modules/@vitest/runner/dist/index.js:145:11
    at file:///C:/Users/chris/Dev/Projects/TheFantasyWorldSimulator/node_modules/@vitest/runner/dist/index.js:915:26
    at file:///C:/Users/chris/Dev/Projects/TheFantasyWorldSimulator/node_modules/@vitest/runner/dist/index.js:1243:20
    at new Promise (<anonymous>)
    at runWithTimeout (file:///C:/Users/chris/Dev/Projects/TheFantasyWorldSimulator/node_modules/@vitest/runner/dist/index.js:1209:10)
[Orchestrator] Tick crashed, returning previous state: Error: Trait not found: trait.reputation.power.renown
    at assignTrait (C:/Users/chris/Dev/Projects/TheFantasyWorldSimulator/src/engine/traits.ts:44:25)
    at syncReputationTrait (C:/Users/chris/Dev/Projects/TheFantasyWorldSimulator/src/engine/phaseReputationTraits.ts:297:5)
    at phaseReputationTraits (C:/Users/chris/Dev/Projects/TheFantasyWorldSimulator/src/engine/phaseReputationTraits.ts:273:7)
    at runTick (C:/Users/chris/Dev/Projects/TheFantasyWorldSimulator/src/engine/orchestrator.ts:1896:18)
    at C:/Users/chris/Dev/Projects/TheFantasyWorldSimulator/src/engine/__tests__/traceBuffer-integration.test.ts:273:15
    at file:///C:/Users/chris/Dev/Projects/TheFantasyWorldSimulator/node_modules/@vitest/runner/dist/index.js:145:11
    at file:///C:/Users/chris/Dev/Projects/TheFantasyWorldSimulator/node_modules/@vitest/runner/dist/index.js:915:26
    at file:///C:/Users/chris/Dev/Projects/TheFantasyWorldSimulator/node_modules/@vitest/runner/dist/index.js:1243:20
    at new Promise (<anonymous>)
    at runWithTimeout (file:///C:/Users/chris/Dev/Projects/TheFantasyWorldSimulator/node_modules/@vitest/runner/dist/index.js:1209:10)
[Orchestrator] Tick crashed, returning previous state: Error: Trait not found: trait.reputation.power.renown
    at assignTrait (C:/Users/chris/Dev/Projects/TheFantasyWorldSimulator/src/engine/traits.ts:44:25)
    at syncReputationTrait (C:/Users/chris/Dev/Projects/TheFantasyWorldSimulator/src/engine/phaseReputationTraits.ts:297:5)
    at phaseReputationTraits (C:/Users/chris/Dev/Projects/TheFantasyWorldSimulator/src/engine/phaseReputationTraits.ts:273:7)
    at runTick (C:/Users/chris/Dev/Projects/TheFantasyWorldSimulator/src/engine/orchestrator.ts:1896:18)
    at C:/Users/chris/Dev/Projects/TheFantasyWorldSimulator/src/engine/__tests__/traceBuffer-integration.test.ts:273:15
    at file:///C:/Users/chris/Dev/Projects/TheFantasyWorldSimulator/node_modules/@vitest/runner/dist/index.js:145:11
    at file:///C:/Users/chris/Dev/Projects/TheFantasyWorldSimulator/node_modules/@vitest/runner/dist/index.js:915:26
    at file:///C:/Users/chris/Dev/Projects/TheFantasyWorldSimulator/node_modules/@vitest/runner/dist/index.js:1243:20
    at new Promise (<anonymous>)
    at runWithTimeout (file:///C:/Users/chris/Dev/Projects/TheFantasyWorldSimulator/node_modules/@vitest/runner/dist/index.js:1209:10)
[Orchestrator] Tick crashed, returning previous state: Error: Trait not found: trait.reputation.power.renown
    at assignTrait (C:/Users/chris/Dev/Projects/TheFantasyWorldSimulator/src/engine/traits.ts:44:25)
    at syncReputationTrait (C:/Users/chris/Dev/Projects/TheFantasyWorldSimulator/src/engine/phaseReputationTraits.ts:297:5)
    at phaseReputationTraits (C:/Users/chris/Dev/Projects/TheFantasyWorldSimulator/src/engine/phaseReputationTraits.ts:273:7)
    at runTick (C:/Users/chris/Dev/Projects/TheFantasyWorldSimulator/src/engine/orchestrator.ts:1896:18)
    at C:/Users/chris/Dev/Projects/TheFantasyWorldSimulator/src/engine/__tests__/traceBuffer-integration.test.ts:273:15
    at file:///C:/Users/chris/Dev/Projects/TheFantasyWorldSimulator/node_modules/@vitest/runner/dist/index.js:145:11
    at file:///C:/Users/chris/Dev/Projects/TheFantasyWorldSimulator/node_modules/@vitest/runner/dist/index.js:915:26
    at file:///C:/Users/chris/Dev/Projects/TheFantasyWorldSimulator/node_modules/@vitest/runner/dist/index.js:1243:20
    at new Promise (<anonymous>)
    at runWithTimeout (file:///C:/Users/chris/Dev/Projects/TheFantasyWorldSimulator/node_modules/@vitest/runner/dist/index.js:1209:10)
[Orchestrator] Tick crashed, returning previous state: Error: Trait not found: trait.reputation.power.renown
    at assignTrait (C:/Users/chris/Dev/Projects/TheFantasyWorldSimulator/src/engine/traits.ts:44:25)
    at syncReputationTrait (C:/Users/chris/Dev/Projects/TheFantasyWorldSimulator/src/engine/phaseReputationTraits.ts:297:5)
    at phaseReputationTraits (C:/Users/chris/Dev/Projects/TheFantasyWorldSimulator/src/engine/phaseReputationTraits.ts:273:7)
    at runTick (C:/Users/chris/Dev/Projects/TheFantasyWorldSimulator/src/engine/orchestrator.ts:1896:18)
    at C:/Users/chris/Dev/Projects/TheFantasyWorldSimulator/src/engine/__tests__/traceBuffer-integration.test.ts:280:15
    at file:///C:/Users/chris/Dev/Projects/TheFantasyWorldSimulator/node_modules/@vitest/runner/dist/index.js:145:11
    at file:///C:/Users/chris/Dev/Projects/TheFantasyWorldSimulator/node_modules/@vitest/runner/dist/index.js:915:26
    at file:///C:/Users/chris/Dev/Projects/TheFantasyWorldSimulator/node_modules/@vitest/runner/dist/index.js:1243:20
    at new Promise (<anonymous>)
    at runWithTimeout (file:///C:/Users/chris/Dev/Projects/TheFantasyWorldSimulator/node_modules/@vitest/runner/dist/index.js:1209:10)
[Orchestrator] Tick crashed, returning previous state: Error: Trait not found: trait.reputation.power.renown
    at assignTrait (C:/Users/chris/Dev/Projects/TheFantasyWorldSimulator/src/engine/traits.ts:44:25)
    at syncReputationTrait (C:/Users/chris/Dev/Projects/TheFantasyWorldSimulator/src/engine/phaseReputationTraits.ts:297:5)
    at phaseReputationTraits (C:/Users/chris/Dev/Projects/TheFantasyWorldSimulator/src/engine/phaseReputationTraits.ts:273:7)
    at runTick (C:/Users/chris/Dev/Projects/TheFantasyWorldSimulator/src/engine/orchestrator.ts:1896:18)
    at C:/Users/chris/Dev/Projects/TheFantasyWorldSimulator/src/engine/__tests__/traceBuffer-integration.test.ts:280:15
    at file:///C:/Users/chris/Dev/Projects/TheFantasyWorldSimulator/node_modules/@vitest/runner/dist/index.js:145:11
    at file:///C:/Users/chris/Dev/Projects/TheFantasyWorldSimulator/node_modules/@vitest/runner/dist/index.js:915:26
    at file:///C:/Users/chris/Dev/Projects/TheFantasyWorldSimulator/node_modules/@vitest/runner/dist/index.js:1243:20
    at new Promise (<anonymous>)
    at runWithTimeout (file:///C:/Users/chris/Dev/Projects/TheFantasyWorldSimulator/node_modules/@vitest/runner/dist/index.js:1209:10)
[Orchestrator] Tick crashed, returning previous state: Error: Trait not found: trait.reputation.power.renown
    at assignTrait (C:/Users/chris/Dev/Projects/TheFantasyWorldSimulator/src/engine/traits.ts:44:25)
    at syncReputationTrait (C:/Users/chris/Dev/Projects/TheFantasyWorldSimulator/src/engine/phaseReputationTraits.ts:297:5)
    at phaseReputationTraits (C:/Users/chris/Dev/Projects/TheFantasyWorldSimulator/src/engine/phaseReputationTraits.ts:273:7)
    at runTick (C:/Users/chris/Dev/Projects/TheFantasyWorldSimulator/src/engine/orchestrator.ts:1896:18)
    at C:/Users/chris/Dev/Projects/TheFantasyWorldSimulator/src/engine/__tests__/traceBuffer-integration.test.ts:280:15
    at file:///C:/Users/chris/Dev/Projects/TheFantasyWorldSimulator/node_modules/@vitest/runner/dist/index.js:145:11
    at file:///C:/Users/chris/Dev/Projects/TheFantasyWorldSimulator/node_modules/@vitest/runner/dist/index.js:915:26
    at file:///C:/Users/chris/Dev/Projects/TheFantasyWorldSimulator/node_modules/@vitest/runner/dist/index.js:1243:20
    at new Promise (<anonymous>)
    at runWithTimeout (file:///C:/Users/chris/Dev/Projects/TheFantasyWorldSimulator/node_modules/@vitest/runner/dist/index.js:1209:10)
[Orchestrator] Tick crashed, returning previous state: Error: Trait not found: trait.reputation.power.renown
    at assignTrait (C:/Users/chris/Dev/Projects/TheFantasyWorldSimulator/src/engine/traits.ts:44:25)
    at syncReputationTrait (C:/Users/chris/Dev/Projects/TheFantasyWorldSimulator/src/engine/phaseReputationTraits.ts:297:5)
    at phaseReputationTraits (C:/Users/chris/Dev/Projects/TheFantasyWorldSimulator/src/engine/phaseReputationTraits.ts:273:7)
    at runTick (C:/Users/chris/Dev/Projects/TheFantasyWorldSimulator/src/engine/orchestrator.ts:1896:18)
    at C:/Users/chris/Dev/Projects/TheFantasyWorldSimulator/src/engine/__tests__/traceBuffer-integration.test.ts:280:15
    at file:///C:/Users/chris/Dev/Projects/TheFantasyWorldSimulator/node_modules/@vitest/runner/dist/index.js:145:11
    at file:///C:/Users/chris/Dev/Projects/TheFantasyWorldSimulator/node_modules/@vitest/runner/dist/index.js:915:26
    at file:///C:/Users/chris/Dev/Projects/TheFantasyWorldSimulator/node_modules/@vitest/runner/dist/index.js:1243:20
    at new Promise (<anonymous>)
    at runWithTimeout (file:///C:/Users/chris/Dev/Projects/TheFantasyWorldSimulator/node_modules/@vitest/runner/dist/index.js:1209:10)
[Orchestrator] Tick crashed, returning previous state: Error: Trait not found: trait.reputation.power.renown
    at assignTrait (C:/Users/chris/Dev/Projects/TheFantasyWorldSimulator/src/engine/traits.ts:44:25)
    at syncReputationTrait (C:/Users/chris/Dev/Projects/TheFantasyWorldSimulator/src/engine/phaseReputationTraits.ts:297:5)
    at phaseReputationTraits (C:/Users/chris/Dev/Projects/TheFantasyWorldSimulator/src/engine/phaseReputationTraits.ts:273:7)
    at runTick (C:/Users/chris/Dev/Projects/TheFantasyWorldSimulator/src/engine/orchestrator.ts:1896:18)
    at C:/Users/chris/Dev/Projects/TheFantasyWorldSimulator/src/engine/__tests__/traceBuffer-integration.test.ts:280:15
    at file:///C:/Users/chris/Dev/Projects/TheFantasyWorldSimulator/node_modules/@vitest/runner/dist/index.js:145:11
    at file:///C:/Users/chris/Dev/Projects/TheFantasyWorldSimulator/node_modules/@vitest/runner/dist/index.js:915:26
    at file:///C:/Users/chris/Dev/Projects/TheFantasyWorldSimulator/node_modules/@vitest/runner/dist/index.js:1243:20
    at new Promise (<anonymous>)
    at runWithTimeout (file:///C:/Users/chris/Dev/Projects/TheFantasyWorldSimulator/node_modules/@vitest/runner/dist/index.js:1209:10)
[Orchestrator] Tick crashed, returning previous state: Error: Trait not found: trait.reputation.power.renown
    at assignTrait (C:/Users/chris/Dev/Projects/TheFantasyWorldSimulator/src/engine/traits.ts:44:25)
    at syncReputationTrait (C:/Users/chris/Dev/Projects/TheFantasyWorldSimulator/src/engine/phaseReputationTraits.ts:297:5)
    at phaseReputationTraits (C:/Users/chris/Dev/Projects/TheFantasyWorldSimulator/src/engine/phaseReputationTraits.ts:273:7)
    at runTick (C:/Users/chris/Dev/Projects/TheFantasyWorldSimulator/src/engine/orchestrator.ts:1896:18)
    at C:/Users/chris/Dev/Projects/TheFantasyWorldSimulator/src/engine/__tests__/traceBuffer-integration.test.ts:280:15
    at file:///C:/Users/chris/Dev/Projects/TheFantasyWorldSimulator/node_modules/@vitest/runner/dist/index.js:145:11
    at file:///C:/Users/chris/Dev/Projects/TheFantasyWorldSimulator/node_modules/@vitest/runner/dist/index.js:915:26
    at file:///C:/Users/chris/Dev/Projects/TheFantasyWorldSimulator/node_modules/@vitest/runner/dist/index.js:1243:20
    at new Promise (<anonymous>)
    at runWithTimeout (file:///C:/Users/chris/Dev/Projects/TheFantasyWorldSimulator/node_modules/@vitest/runner/dist/index.js:1209:10)
[Orchestrator] Tick crashed, returning previous state: Error: Trait not found: trait.reputation.power.renown
    at assignTrait (C:/Users/chris/Dev/Projects/TheFantasyWorldSimulator/src/engine/traits.ts:44:25)
    at syncReputationTrait (C:/Users/chris/Dev/Projects/TheFantasyWorldSimulator/src/engine/phaseReputationTraits.ts:297:5)
    at phaseReputationTraits (C:/Users/chris/Dev/Projects/TheFantasyWorldSimulator/src/engine/phaseReputationTraits.ts:273:7)
    at runTick (C:/Users/chris/Dev/Projects/TheFantasyWorldSimulator/src/engine/orchestrator.ts:1896:18)
    at C:/Users/chris/Dev/Projects/TheFantasyWorldSimulator/src/engine/__tests__/traceBuffer-integration.test.ts:280:15
    at file:///C:/Users/chris/Dev/Projects/TheFantasyWorldSimulator/node_modules/@vitest/runner/dist/index.js:145:11
    at file:///C:/Users/chris/Dev/Projects/TheFantasyWorldSimulator/node_modules/@vitest/runner/dist/index.js:915:26
    at file:///C:/Users/chris/Dev/Projects/TheFantasyWorldSimulator/node_modules/@vitest/runner/dist/index.js:1243:20
    at new Promise (<anonymous>)
    at runWithTimeout (file:///C:/Users/chris/Dev/Projects/TheFantasyWorldSimulator/node_modules/@vitest/runner/dist/index.js:1209:10)
[Orchestrator] Tick crashed, returning previous state: Error: Trait not found: trait.reputation.power.renown
    at assignTrait (C:/Users/chris/Dev/Projects/TheFantasyWorldSimulator/src/engine/traits.ts:44:25)
    at syncReputationTrait (C:/Users/chris/Dev/Projects/TheFantasyWorldSimulator/src/engine/phaseReputationTraits.ts:297:5)
    at phaseReputationTraits (C:/Users/chris/Dev/Projects/TheFantasyWorldSimulator/src/engine/phaseReputationTraits.ts:273:7)
    at runTick (C:/Users/chris/Dev/Projects/TheFantasyWorldSimulator/src/engine/orchestrator.ts:1896:18)
    at C:/Users/chris/Dev/Projects/TheFantasyWorldSimulator/src/engine/__tests__/traceBuffer-integration.test.ts:280:15
    at file:///C:/Users/chris/Dev/Projects/TheFantasyWorldSimulator/node_modules/@vitest/runner/dist/index.js:145:11
    at file:///C:/Users/chris/Dev/Projects/TheFantasyWorldSimulator/node_modules/@vitest/runner/dist/index.js:915:26
    at file:///C:/Users/chris/Dev/Projects/TheFantasyWorldSimulator/node_modules/@vitest/runner/dist/index.js:1243:20
    at new Promise (<anonymous>)
    at runWithTimeout (file:///C:/Users/chris/Dev/Projects/TheFantasyWorldSimulator/node_modules/@vitest/runner/dist/index.js:1209:10)
[Orchestrator] Tick crashed, returning previous state: Error: Trait not found: trait.reputation.power.renown
    at assignTrait (C:/Users/chris/Dev/Projects/TheFantasyWorldSimulator/src/engine/traits.ts:44:25)
    at syncReputationTrait (C:/Users/chris/Dev/Projects/TheFantasyWorldSimulator/src/engine/phaseReputationTraits.ts:297:5)
    at phaseReputationTraits (C:/Users/chris/Dev/Projects/TheFantasyWorldSimulator/src/engine/phaseReputationTraits.ts:273:7)
    at runTick (C:/Users/chris/Dev/Projects/TheFantasyWorldSimulator/src/engine/orchestrator.ts:1896:18)
    at C:/Users/chris/Dev/Projects/TheFantasyWorldSimulator/src/engine/__tests__/traceBuffer-integration.test.ts:280:15
    at file:///C:/Users/chris/Dev/Projects/TheFantasyWorldSimulator/node_modules/@vitest/runner/dist/index.js:145:11
    at file:///C:/Users/chris/Dev/Projects/TheFantasyWorldSimulator/node_modules/@vitest/runner/dist/index.js:915:26
    at file:///C:/Users/chris/Dev/Projects/TheFantasyWorldSimulator/node_modules/@vitest/runner/dist/index.js:1243:20
    at new Promise (<anonymous>)
    at runWithTimeout (file:///C:/Users/chris/Dev/Projects/TheFantasyWorldSimulator/node_modules/@vitest/runner/dist/index.js:1209:10)
[Orchestrator] Tick crashed, returning previous state: Error: Trait not found: trait.reputation.power.renown
    at assignTrait (C:/Users/chris/Dev/Projects/TheFantasyWorldSimulator/src/engine/traits.ts:44:25)
    at syncReputationTrait (C:/Users/chris/Dev/Projects/TheFantasyWorldSimulator/src/engine/phaseReputationTraits.ts:297:5)
    at phaseReputationTraits (C:/Users/chris/Dev/Projects/TheFantasyWorldSimulator/src/engine/phaseReputationTraits.ts:273:7)
    at runTick (C:/Users/chris/Dev/Projects/TheFantasyWorldSimulator/src/engine/orchestrator.ts:1896:18)
    at C:/Users/chris/Dev/Projects/TheFantasyWorldSimulator/src/engine/__tests__/traceBuffer-integration.test.ts:280:15
    at file:///C:/Users/chris/Dev/Projects/TheFantasyWorldSimulator/node_modules/@vitest/runner/dist/index.js:145:11
    at file:///C:/Users/chris/Dev/Projects/TheFantasyWorldSimulator/node_modules/@vitest/runner/dist/index.js:915:26
    at file:///C:/Users/chris/Dev/Projects/TheFantasyWorldSimulator/node_modules/@vitest/runner/dist/index.js:1243:20
    at new Promise (<anonymous>)
    at runWithTimeout (file:///C:/Users/chris/Dev/Projects/TheFantasyWorldSimulator/node_modules/@vitest/runner/dist/index.js:1209:10)

 [32m✓[39m src/engine/__tests__/encounterTimeline.test.ts [2m([22m[2m10 tests[22m[2m)[22m[32m 6[2mms[22m[39m
 [32m✓[39m src/components/HexMapV2/palette/__tests__/terrainPalette.test.ts [2m([22m[2m22 tests[22m[2m)[22m[32m 6[2mms[22m[39m
 [32m✓[39m src/engine/__tests__/capabilityGrowth.test.ts [2m([22m[2m14 tests[22m[2m)[22m[32m 6[2mms[22m[39m
 [32m✓[39m src/__tests__/engine/magicPower.test.ts [2m([22m[2m32 tests[22m[2m)[22m[32m 6[2mms[22m[39m
 [32m✓[39m src/engine/__tests__/rival.test.ts [2m([22m[2m13 tests[22m[2m)[22m[32m 6[2mms[22m[39m
 [32m✓[39m src/audio/__tests__/MusicChannel.test.ts [2m([22m[2m7 tests[22m[2m)[22m[32m 5[2mms[22m[39m
 [32m✓[39m src/engine/__tests__/raritySeeding.test.ts [2m([22m[2m27 tests[22m[2m)[22m[32m 8[2mms[22m[39m
 [32m✓[39m src/engine/__tests__/actionCardRedesign-integration.test.ts [2m([22m[2m10 tests[22m[2m)[22m[32m 6[2mms[22m[39m
 [32m✓[39m src/engine/__tests__/traits.test.ts [2m([22m[2m10 tests[22m[2m)[22m[32m 5[2mms[22m[39m
 [32m✓[39m src/engine/__tests__/rewardPool.test.ts [2m([22m[2m19 tests[22m[2m)[22m[32m 6[2mms[22m[39m
 [32m✓[39m src/engine/__tests__/attachment-lifecycle-integration.test.ts [2m([22m[2m4 tests[22m[2m)[22m[32m 6[2mms[22m[39m
 [32m✓[39m src/components/icons/__tests__/ReachIcon.test.ts [2m([22m[2m9 tests[22m[2m)[22m[32m 6[2mms[22m[39m
[90mstdout[2m | src/data/__tests__/composeRetconLine.test.ts[2m > [22m[2mcomposeRetconLine[2m > [22m[2mproduces a non-empty string
[22m[39m[explore/eye/easy/here] Right here, a mystery begs investigation — well within their grasp

[90mstdout[2m | src/data/__tests__/composeRetconLine.test.ts[2m > [22m[2mcomposeRetconLine[2m > [22m[2mincludes distance context for far encounters
[22m[39m[explore/eye/easy/far] From distant lands, news of a mystery begs investigation, at Thornwall — well within their grasp

[90mstdout[2m | src/data/__tests__/composeRetconLine.test.ts[2m > [22m[2mcomposeRetconLine[2m > [22m[2muses remote fragments when requiresPresence is false
[22m[39m[explore/eye/easy/remote] Even from here, a mystery begs investigation — well within their grasp

 [32m✓[39m src/engine/__tests__/notificationRouter.test.ts [2m([22m[2m10 tests[22m[2m)[22m[32m 6[2mms[22m[39m
[90mstdout[2m | src/data/__tests__/composeRetconLine.test.ts[2m > [22m[2mcomposeRetconLine[2m > [22m[2mvaries by encounter type
[22m[39m[explore] Right here, something unknown waits to be found — well within their grasp
[duel] Right here, a challenge demands an answer — it'll take everything they have

[90mstdout[2m | src/data/__tests__/composeRetconLine.test.ts[2m > [22m[2mcomposeRetconLine[2m > [22m[2mvaries confidence by threat rating
[22m[39m[easy] Right here, something unknown waits to be found — well within their grasp
[deadly] Right here, something unknown waits to be found — but the pull is strong, despite the danger

[90mstdout[2m | src/data/__tests__/composeRetconLine.test.ts[2m > [22m[2mcomposeRetconLine[2m > [22m[2mresolves pronouns to they/their
[22m[39m[assist/pronoun-check] Right here, a task awaits willing hands — well within their grasp

[90mstdout[2m | src/data/__tests__/composeRetconLine.test.ts[2m > [22m[2mcomposeRetconLine[2m > [22m[2mcovers all encounter types without error
[22m[39m[explore] Right here, a mystery begs investigation — well within their grasp
[acquire] Right here, a prize sits waiting to be claimed — well within their grasp
[create] Right here, the urge to make something stirs — well within their grasp
[hire] Right here, loyalty is on offer — well within their grasp
[duel] Right here, someone stands in their way — well within their grasp
[steal] Right here, an opportunity for the quick-fingered — well within their grasp
[trade] Right here, goods change hands if the price is right — well within their grasp
[assist] Right here, a task awaits willing hands — well within their grasp
[build] Right here, raw materials and ambition align — well within their grasp
[lead] Right here, a group needs someone to follow — well within their grasp

 [32m✓[39m src/engine/__tests__/traceBuffer.test.ts [2m([22m[2m8 tests[22m[2m)[22m[32m 5[2mms[22m[39m
 [32m✓[39m src/data/__tests__/composeRetconLine.test.ts [2m([22m[2m8 tests[22m[2m)[22m[32m 5[2mms[22m[39m
 [32m✓[39m src/components/icons/__tests__/divisions.test.ts [2m([22m[2m11 tests[22m[2m)[22m[32m 5[2mms[22m[39m
 [32m✓[39m src/engine/__tests__/delivery.test.ts [2m([22m[2m17 tests[22m[2m)[22m[32m 6[2mms[22m[39m
21.18.37 [vite] (ssr) warning: Duplicate key "loyalty_ambition" in object literal
12 |      honesty_cunning: 0,
13 |      sacrifice_survival: 0,
14 |      loyalty_ambition: 0,
   |      ^
15 |      tradition_novelty: 0,
16 |      preservation_transformation: 0,

  Plugin: vite:esbuild
  File: C:/Users/chris/Dev/Projects/TheFantasyWorldSimulator/src/engine/__tests__/movementCandidates.test.ts
21.18.37 [vite] (ssr) warning: Duplicate key "mercy_ruthlessness" in object literal
15 |      tradition_novelty: 0,
16 |      preservation_transformation: 0,
17 |      mercy_ruthlessness: 0,
   |      ^
18 |      asceticism_extravagance: 0,
19 |    };

  Plugin: vite:esbuild
  File: C:/Users/chris/Dev/Projects/TheFantasyWorldSimulator/src/engine/__tests__/movementCandidates.test.ts
 [32m✓[39m src/engine/__tests__/ambitionTick.test.ts [2m([22m[2m6 tests[22m[2m)[22m[32m 6[2mms[22m[39m
stderr | src/engine/__tests__/settlementGenome-vitality.test.ts > computeSettlementReaches > returns non-zero gold reach when merchant faction is present via member_of
[GraphSchema] Edge "member_of" target should be "actor", got "location" (edge e1)
[GraphSchema] Edge "member_of" missing required property: "role" (edge e1)
[GraphSchema] Edge "member_of" missing required property: "rank" (edge e1)
[GraphSchema] Edge "member_of" missing required property: "joinedTick" (edge e1)

 [32m✓[39m src/engine/__tests__/settlementGenome-vitality.test.ts [2m([22m[2m10 tests[22m[2m)[22m[32m 5[2mms[22m[39m
stderr | src/engine/__tests__/phaseInteractionDepth.test.ts > phaseInteractionDepth — faction ambient > increments interactionDepth by DEPTH_FACTION_PER_TICK for faction co-member
[GraphSchema] Edge "member_of" missing required property: "role" (edge edge-avatar-faction)
[GraphSchema] Edge "member_of" missing required property: "rank" (edge edge-avatar-faction)
[GraphSchema] Edge "member_of" missing required property: "joinedTick" (edge edge-avatar-faction)
[GraphSchema] Edge "member_of" missing required property: "role" (edge edge-agentB-faction)
[GraphSchema] Edge "member_of" missing required property: "rank" (edge edge-agentB-faction)
[GraphSchema] Edge "member_of" missing required property: "joinedTick" (edge edge-agentB-faction)

stderr | src/engine/__tests__/phaseInteractionDepth.test.ts > phaseInteractionDepth — faction ambient > does not add faction depth to agents not in shared faction
[GraphSchema] Edge "member_of" missing required property: "role" (edge edge-avatar-faction)
[GraphSchema] Edge "member_of" missing required property: "rank" (edge edge-avatar-faction)
[GraphSchema] Edge "member_of" missing required property: "joinedTick" (edge edge-avatar-faction)
[GraphSchema] Edge "member_of" missing required property: "role" (edge edge-agentB-faction)
[GraphSchema] Edge "member_of" missing required property: "rank" (edge edge-agentB-faction)
[GraphSchema] Edge "member_of" missing required property: "joinedTick" (edge edge-agentB-faction)

 [32m✓[39m src/engine/__tests__/phaseHexState.test.ts [2m([22m[2m14 tests[22m[2m)[22m[32m 5[2mms[22m[39m
 [32m✓[39m src/engine/__tests__/encounterSupportBundle.test.ts [2m([22m[2m4 tests[22m[2m)[22m[32m 7[2mms[22m[39m
 [32m✓[39m src/engine/__tests__/phaseInteractionDepth.test.ts [2m([22m[2m8 tests[22m[2m)[22m[32m 6[2mms[22m[39m
 [32m✓[39m src/data/encounters/__tests__/wandering-healer-shrine-access.test.ts [2m([22m[2m20 tests[22m[2m)[22m[32m 6[2mms[22m[39m
 [32m✓[39m src/components/icons/__tests__/tinctures.test.ts [2m([22m[2m7 tests[22m[2m)[22m[32m 5[2mms[22m[39m
 [32m✓[39m src/engine/__tests__/culturalTraits.test.ts [2m([22m[2m8 tests[22m[2m)[22m[32m 5[2mms[22m[39m
21.18.37 [vite] (ssr) warning: Duplicate key "sacrifice_survival" in object literal
29 |      preservation_transformation: 0,
30 |      sacrifice_survival: 0,
31 |      sacrifice_survival: 0,
   |      ^
32 |      courage_prudence: 0,
33 |    };

  Plugin: vite:esbuild
  File: C:/Users/chris/Dev/Projects/TheFantasyWorldSimulator/src/engine/__tests__/idleBehavior.test.ts
stderr | src/engine/__tests__/questVisibility.test.ts > questVisibility > returns true when visibleTo is undefined (all)
[GraphSchema] Edge "member_of" target should be "actor", got "faction" (edge e1)
[GraphSchema] Edge "member_of" missing required property: "role" (edge e1)
[GraphSchema] Edge "member_of" missing required property: "rank" (edge e1)
[GraphSchema] Edge "member_of" missing required property: "joinedTick" (edge e1)
[GraphSchema] Edge "belongs_to" target should be "actor", got "culture" (edge e2)

stderr | src/engine/__tests__/questVisibility.test.ts > questVisibility > returns true when visibleTo includes "all"
[GraphSchema] Edge "member_of" target should be "actor", got "faction" (edge e1)
[GraphSchema] Edge "member_of" missing required property: "role" (edge e1)
[GraphSchema] Edge "member_of" missing required property: "rank" (edge e1)
[GraphSchema] Edge "member_of" missing required property: "joinedTick" (edge e1)
[GraphSchema] Edge "belongs_to" target should be "actor", got "culture" (edge e2)

stderr | src/engine/__tests__/questVisibility.test.ts > questVisibility > returns true when agent matches faction filter
[GraphSchema] Edge "member_of" target should be "actor", got "faction" (edge e1)
[GraphSchema] Edge "member_of" missing required property: "role" (edge e1)
[GraphSchema] Edge "member_of" missing required property: "rank" (edge e1)
[GraphSchema] Edge "member_of" missing required property: "joinedTick" (edge e1)
[GraphSchema] Edge "belongs_to" target should be "actor", got "culture" (edge e2)

 [32m✓[39m src/lib/__tests__/movementPath.test.ts [2m([22m[2m14 tests[22m[2m)[22m[32m 6[2mms[22m[39m
stderr | src/engine/__tests__/questVisibility.test.ts > questVisibility > returns false when agent does not match faction filter
[GraphSchema] Edge "member_of" target should be "actor", got "faction" (edge e1)
[GraphSchema] Edge "member_of" missing required property: "role" (edge e1)
[GraphSchema] Edge "member_of" missing required property: "rank" (edge e1)
[GraphSchema] Edge "member_of" missing required property: "joinedTick" (edge e1)
[GraphSchema] Edge "belongs_to" target should be "actor", got "culture" (edge e2)

stderr | src/engine/__tests__/questVisibility.test.ts > questVisibility > returns true when agent matches direct agent filter
[GraphSchema] Edge "member_of" target should be "actor", got "faction" (edge e1)
[GraphSchema] Edge "member_of" missing required property: "role" (edge e1)
[GraphSchema] Edge "member_of" missing required property: "rank" (edge e1)
[GraphSchema] Edge "member_of" missing required property: "joinedTick" (edge e1)
[GraphSchema] Edge "belongs_to" target should be "actor", got "culture" (edge e2)

stderr | src/engine/__tests__/questVisibility.test.ts > questVisibility > returns true when agent matches archetype filter
[GraphSchema] Edge "member_of" target should be "actor", got "faction" (edge e1)
[GraphSchema] Edge "member_of" missing required property: "role" (edge e1)
[GraphSchema] Edge "member_of" missing required property: "rank" (edge e1)
[GraphSchema] Edge "member_of" missing required property: "joinedTick" (edge e1)
[GraphSchema] Edge "belongs_to" target should be "actor", got "culture" (edge e2)

stderr | src/engine/__tests__/questVisibility.test.ts > questVisibility > returns true when agent matches culture filter
[GraphSchema] Edge "member_of" target should be "actor", got "faction" (edge e1)
[GraphSchema] Edge "member_of" missing required property: "role" (edge e1)
[GraphSchema] Edge "member_of" missing required property: "rank" (edge e1)
[GraphSchema] Edge "member_of" missing required property: "joinedTick" (edge e1)
[GraphSchema] Edge "belongs_to" target should be "actor", got "culture" (edge e2)

stderr | src/engine/__tests__/questVisibility.test.ts > questVisibility > returns true if any filter matches (OR logic)
[GraphSchema] Edge "member_of" target should be "actor", got "faction" (edge e1)
[GraphSchema] Edge "member_of" missing required property: "role" (edge e1)
[GraphSchema] Edge "member_of" missing required property: "rank" (edge e1)
[GraphSchema] Edge "member_of" missing required property: "joinedTick" (edge e1)
[GraphSchema] Edge "belongs_to" target should be "actor", got "culture" (edge e2)

 [32m✓[39m src/engine/__tests__/movementCandidates.test.ts [2m([22m[2m7 tests[22m[2m)[22m[32m 6[2mms[22m[39m
 [32m✓[39m src/engine/__tests__/questVisibility.test.ts [2m([22m[2m8 tests[22m[2m)[22m[32m 5[2mms[22m[39m
 [32m✓[39m src/engine/__tests__/idleBehavior.test.ts [2m([22m[2m11 tests[22m[2m)[22m[32m 5[2mms[22m[39m
 [32m✓[39m src/engine/__tests__/modifier-system-integration.test.ts [2m([22m[2m4 tests[22m[2m)[22m[32m 4[2mms[22m[39m
 [32m✓[39m src/engine/__tests__/interventionCost.test.ts [2m([22m[2m15 tests[22m[2m)[22m[32m 4[2mms[22m[39m
 [32m✓[39m src/engine/__tests__/traceBuffer-dilemma.test.ts [2m([22m[2m11 tests[22m[2m)[22m[32m 7[2mms[22m[39m
 [32m✓[39m src/engine/__tests__/revelationHooks.test.ts [2m([22m[2m28 tests[22m[2m)[22m[32m 5[2mms[22m[39m
 [32m✓[39m src/engine/__tests__/debugWorldSpawnTools.test.ts [2m([22m[2m6 tests[22m[2m)[22m[32m 6[2mms[22m[39m
stderr | src/engine/__tests__/tierPromotion.test.ts > handleTierPromotion > bumps faction rank when domain matches primary reach
[GraphSchema] Edge "member_of" missing required property: "role" (edge edge_member_agent_1_faction_iron)
[GraphSchema] Edge "member_of" missing required property: "joinedTick" (edge edge_member_agent_1_faction_iron)

stderr | src/engine/__tests__/tierPromotion.test.ts > handleTierPromotion > applies secondary fraction for non-primary match
[GraphSchema] Edge "member_of" missing required property: "role" (edge edge_member_agent_1_faction_iron)
[GraphSchema] Edge "member_of" missing required property: "joinedTick" (edge edge_member_agent_1_faction_iron)

 [32m✓[39m src/engine/__tests__/effectWalker.slotCaps.test.ts [2m([22m[2m9 tests[22m[2m)[22m[32m 5[2mms[22m[39m
 [32m✓[39m src/engine/__tests__/tierPromotion.test.ts [2m([22m[2m8 tests[22m[2m)[22m[32m 6[2mms[22m[39m
 [32m✓[39m src/engine/__tests__/trustMechanics.test.ts [2m([22m[2m14 tests[22m[2m)[22m[32m 7[2mms[22m[39m
 [32m✓[39m src/audio/__tests__/locationSoundKey.test.ts [2m([22m[2m51 tests[22m[2m)[22m[32m 5[2mms[22m[39m
stderr | src/engine/__tests__/avatar-position-chain.test.ts > getAvatarHexPosition — WIRE-02 avatar position chain > returns correct hex coordinates from graph traversal
[GraphSchema] Edge "avatar_of" source should be "actor", got "avatar" (edge edge.avatar-of)
[GraphSchema] Edge "avatar_of" target should be "actor", got "ascendant" (edge edge.avatar-of)
[GraphSchema] Edge "located_at" source should be "actor", got "avatar" (edge edge.located-at)

stderr | src/engine/__tests__/avatar-position-chain.test.ts > getAvatarHexPosition — WIRE-02 avatar position chain > returns null when avatar has no located_at edge
[GraphSchema] Edge "avatar_of" source should be "actor", got "avatar" (edge edge.ao)
[GraphSchema] Edge "avatar_of" target should be "actor", got "ascendant" (edge edge.ao)

stderr | src/engine/__tests__/avatar-position-chain.test.ts > getAvatarHexPosition — WIRE-02 avatar position chain > result type is structurally compatible with getTargetActionSlots avatarPos parameter
[GraphSchema] Edge "avatar_of" source should be "actor", got "avatar" (edge edge.avatar-of)
[GraphSchema] Edge "avatar_of" target should be "actor", got "ascendant" (edge edge.avatar-of)
[GraphSchema] Edge "located_at" source should be "actor", got "avatar" (edge edge.located-at)

stderr | src/engine/__tests__/avatar-position-chain.test.ts > getAvatarHexPosition — WIRE-02 avatar position chain > avatarPos return value satisfies HexPosition shape (col + row numbers)
[GraphSchema] Edge "avatar_of" source should be "actor", got "avatar" (edge edge.avatar-of)
[GraphSchema] Edge "avatar_of" target should be "actor", got "ascendant" (edge edge.avatar-of)
[GraphSchema] Edge "located_at" source should be "actor", got "avatar" (edge edge.located-at)

 [32m✓[39m src/engine/__tests__/avatar-position-chain.test.ts [2m([22m[2m5 tests[22m[2m)[22m[32m 5[2mms[22m[39m
21.18.37 [vite] (ssr) warning: Duplicate key "loyalty_ambition" in object literal
55 |            honesty_cunning: 0.1,
56 |            sacrifice_survival: -0.2,
57 |            loyalty_ambition: -0.6,
   |            ^
58 |            tradition_novelty: 0.0,
59 |            preservation_transformation: 0.4,

  Plugin: vite:esbuild
  File: C:/Users/chris/Dev/Projects/TheFantasyWorldSimulator/src/engine/__tests__/traceBuffer-actions.test.ts
21.18.37 [vite] (ssr) warning: Duplicate key "mercy_ruthlessness" in object literal
58 |            tradition_novelty: 0.0,
59 |            preservation_transformation: 0.4,
60 |            mercy_ruthlessness: -0.3,
   |            ^
61 |            asceticism_extravagance: -0.4,
62 |          },

  Plugin: vite:esbuild
  File: C:/Users/chris/Dev/Projects/TheFantasyWorldSimulator/src/engine/__tests__/traceBuffer-actions.test.ts
 [32m✓[39m src/engine/__tests__/hexTooltipProse.test.ts [2m([22m[2m11 tests[22m[2m)[22m[32m 5[2mms[22m[39m
 [32m✓[39m tests/engine/attentionPool.test.ts [2m([22m[2m19 tests[22m[2m)[22m[32m 4[2mms[22m[39m
stderr | src/engine/__tests__/graphOpExecutor-relative.test.ts > graphOpExecutor — relative update_node changes > skips non-numeric relative string (fail-soft, no crash)
[graphOpExecutor] applyNodeChanges: non-numeric relative change "+abc" for key "unrest" — skipped

 [32m✓[39m src/engine/__tests__/graphOpExecutor-relative.test.ts [2m([22m[2m6 tests[22m[2m)[22m[32m 5[2mms[22m[39m
stderr | src/engine/__tests__/traceBuffer-integration.test.ts > trace buffer integration > trace timestamps are in chronological order
[Orchestrator] Tick crashed, returning previous state: Error: Trait not found: trait.reputation.power.renown
    at assignTrait (C:/Users/chris/Dev/Projects/TheFantasyWorldSimulator/src/engine/traits.ts:44:25)
    at syncReputationTrait (C:/Users/chris/Dev/Projects/TheFantasyWorldSimulator/src/engine/phaseReputationTraits.ts:297:5)
    at phaseReputationTraits (C:/Users/chris/Dev/Projects/TheFantasyWorldSimulator/src/engine/phaseReputationTraits.ts:273:7)
    at runTick (C:/Users/chris/Dev/Projects/TheFantasyWorldSimulator/src/engine/orchestrator.ts:1896:18)
    at C:/Users/chris/Dev/Projects/TheFantasyWorldSimulator/src/engine/__tests__/traceBuffer-integration.test.ts:292:15
    at file:///C:/Users/chris/Dev/Projects/TheFantasyWorldSimulator/node_modules/@vitest/runner/dist/index.js:145:11
    at file:///C:/Users/chris/Dev/Projects/TheFantasyWorldSimulator/node_modules/@vitest/runner/dist/index.js:915:26
    at file:///C:/Users/chris/Dev/Projects/TheFantasyWorldSimulator/node_modules/@vitest/runner/dist/index.js:1243:20
    at new Promise (<anonymous>)
    at runWithTimeout (file:///C:/Users/chris/Dev/Projects/TheFantasyWorldSimulator/node_modules/@vitest/runner/dist/index.js:1209:10)
[Orchestrator] Tick crashed, returning previous state: Error: Trait not found: trait.reputation.power.renown
    at assignTrait (C:/Users/chris/Dev/Projects/TheFantasyWorldSimulator/src/engine/traits.ts:44:25)
    at syncReputationTrait (C:/Users/chris/Dev/Projects/TheFantasyWorldSimulator/src/engine/phaseReputationTraits.ts:297:5)
    at phaseReputationTraits (C:/Users/chris/Dev/Projects/TheFantasyWorldSimulator/src/engine/phaseReputationTraits.ts:273:7)
    at runTick (C:/Users/chris/Dev/Projects/TheFantasyWorldSimulator/src/engine/orchestrator.ts:1896:18)
    at C:/Users/chris/Dev/Projects/TheFantasyWorldSimulator/src/engine/__tests__/traceBuffer-integration.test.ts:292:15
    at file:///C:/Users/chris/Dev/Projects/TheFantasyWorldSimulator/node_modules/@vitest/runner/dist/index.js:145:11
    at file:///C:/Users/chris/Dev/Projects/TheFantasyWorldSimulator/node_modules/@vitest/runner/dist/index.js:915:26
    at file:///C:/Users/chris/Dev/Projects/TheFantasyWorldSimulator/node_modules/@vitest/runner/dist/index.js:1243:20
    at new Promise (<anonymous>)
    at runWithTimeout (file:///C:/Users/chris/Dev/Projects/TheFantasyWorldSimulator/node_modules/@vitest/runner/dist/index.js:1209:10)
[Orchestrator] Tick crashed, returning previous state: Error: Trait not found: trait.reputation.power.renown
    at assignTrait (C:/Users/chris/Dev/Projects/TheFantasyWorldSimulator/src/engine/traits.ts:44:25)
    at syncReputationTrait (C:/Users/chris/Dev/Projects/TheFantasyWorldSimulator/src/engine/phaseReputationTraits.ts:297:5)
    at phaseReputationTraits (C:/Users/chris/Dev/Projects/TheFantasyWorldSimulator/src/engine/phaseReputationTraits.ts:273:7)
    at runTick (C:/Users/chris/Dev/Projects/TheFantasyWorldSimulator/src/engine/orchestrator.ts:1896:18)
    at C:/Users/chris/Dev/Projects/TheFantasyWorldSimulator/src/engine/__tests__/traceBuffer-integration.test.ts:292:15
    at file:///C:/Users/chris/Dev/Projects/TheFantasyWorldSimulator/node_modules/@vitest/runner/dist/index.js:145:11
    at file:///C:/Users/chris/Dev/Projects/TheFantasyWorldSimulator/node_modules/@vitest/runner/dist/index.js:915:26
    at file:///C:/Users/chris/Dev/Projects/TheFantasyWorldSimulator/node_modules/@vitest/runner/dist/index.js:1243:20
    at new Promise (<anonymous>)
    at runWithTimeout (file:///C:/Users/chris/Dev/Projects/TheFantasyWorldSimulator/node_modules/@vitest/runner/dist/index.js:1209:10)
[Orchestrator] Tick crashed, returning previous state: Error: Trait not found: trait.reputation.power.renown
    at assignTrait (C:/Users/chris/Dev/Projects/TheFantasyWorldSimulator/src/engine/traits.ts:44:25)
    at syncReputationTrait (C:/Users/chris/Dev/Projects/TheFantasyWorldSimulator/src/engine/phaseReputationTraits.ts:297:5)
    at phaseReputationTraits (C:/Users/chris/Dev/Projects/TheFantasyWorldSimulator/src/engine/phaseReputationTraits.ts:273:7)
    at runTick (C:/Users/chris/Dev/Projects/TheFantasyWorldSimulator/src/engine/orchestrator.ts:1896:18)
    at C:/Users/chris/Dev/Projects/TheFantasyWorldSimulator/src/engine/__tests__/traceBuffer-integration.test.ts:292:15
    at file:///C:/Users/chris/Dev/Projects/TheFantasyWorldSimulator/node_modules/@vitest/runner/dist/index.js:145:11
    at file:///C:/Users/chris/Dev/Projects/TheFantasyWorldSimulator/node_modules/@vitest/runner/dist/index.js:915:26
    at file:///C:/Users/chris/Dev/Projects/TheFantasyWorldSimulator/node_modules/@vitest/runner/dist/index.js:1243:20
    at new Promise (<anonymous>)
    at runWithTimeout (file:///C:/Users/chris/Dev/Projects/TheFantasyWorldSimulator/node_modules/@vitest/runner/dist/index.js:1209:10)
[Orchestrator] Tick crashed, returning previous state: Error: Trait not found: trait.reputation.power.renown
    at assignTrait (C:/Users/chris/Dev/Projects/TheFantasyWorldSimulator/src/engine/traits.ts:44:25)
    at syncReputationTrait (C:/Users/chris/Dev/Projects/TheFantasyWorldSimulator/src/engine/phaseReputationTraits.ts:297:5)
    at phaseReputationTraits (C:/Users/chris/Dev/Projects/TheFantasyWorldSimulator/src/engine/phaseReputationTraits.ts:273:7)
    at runTick (C:/Users/chris/Dev/Projects/TheFantasyWorldSimulator/src/engine/orchestrator.ts:1896:18)
    at C:/Users/chris/Dev/Projects/TheFantasyWorldSimulator/src/engine/__tests__/traceBuffer-integration.test.ts:292:15
    at file:///C:/Users/chris/Dev/Projects/TheFantasyWorldSimulator/node_modules/@vitest/runner/dist/index.js:145:11
    at file:///C:/Users/chris/Dev/Projects/TheFantasyWorldSimulator/node_modules/@vitest/runner/dist/index.js:915:26
    at file:///C:/Users/chris/Dev/Projects/TheFantasyWorldSimulator/node_modules/@vitest/runner/dist/index.js:1243:20
    at new Promise (<anonymous>)
    at runWithTimeout (file:///C:/Users/chris/Dev/Projects/TheFantasyWorldSimulator/node_modules/@vitest/runner/dist/index.js:1209:10)
[Orchestrator] Tick crashed, returning previous state: Error: Trait not found: trait.reputation.power.renown
    at assignTrait (C:/Users/chris/Dev/Projects/TheFantasyWorldSimulator/src/engine/traits.ts:44:25)
    at syncReputationTrait (C:/Users/chris/Dev/Projects/TheFantasyWorldSimulator/src/engine/phaseReputationTraits.ts:297:5)
    at phaseReputationTraits (C:/Users/chris/Dev/Projects/TheFantasyWorldSimulator/src/engine/phaseReputationTraits.ts:273:7)
    at runTick (C:/Users/chris/Dev/Projects/TheFantasyWorldSimulator/src/engine/orchestrator.ts:1896:18)
    at C:/Users/chris/Dev/Projects/TheFantasyWorldSimulator/src/engine/__tests__/traceBuffer-integration.test.ts:292:15
    at file:///C:/Users/chris/Dev/Projects/TheFantasyWorldSimulator/node_modules/@vitest/runner/dist/index.js:145:11
    at file:///C:/Users/chris/Dev/Projects/TheFantasyWorldSimulator/node_modules/@vitest/runner/dist/index.js:915:26
    at file:///C:/Users/chris/Dev/Projects/TheFantasyWorldSimulator/node_modules/@vitest/runner/dist/index.js:1243:20
    at new Promise (<anonymous>)
    at runWithTimeout (file:///C:/Users/chris/Dev/Projects/TheFantasyWorldSimulator/node_modules/@vitest/runner/dist/index.js:1209:10)
[Orchestrator] Tick crashed, returning previous state: Error: Trait not found: trait.reputation.power.renown
    at assignTrait (C:/Users/chris/Dev/Projects/TheFantasyWorldSimulator/src/engine/traits.ts:44:25)
    at syncReputationTrait (C:/Users/chris/Dev/Projects/TheFantasyWorldSimulator/src/engine/phaseReputationTraits.ts:297:5)
    at phaseReputationTraits (C:/Users/chris/Dev/Projects/TheFantasyWorldSimulator/src/engine/phaseReputationTraits.ts:273:7)
    at runTick (C:/Users/chris/Dev/Projects/TheFantasyWorldSimulator/src/engine/orchestrator.ts:1896:18)
    at C:/Users/chris/Dev/Projects/TheFantasyWorldSimulator/src/engine/__tests__/traceBuffer-integration.test.ts:292:15
    at file:///C:/Users/chris/Dev/Projects/TheFantasyWorldSimulator/node_modules/@vitest/runner/dist/index.js:145:11
    at file:///C:/Users/chris/Dev/Projects/TheFantasyWorldSimulator/node_modules/@vitest/runner/dist/index.js:915:26
    at file:///C:/Users/chris/Dev/Projects/TheFantasyWorldSimulator/node_modules/@vitest/runner/dist/index.js:1243:20
    at new Promise (<anonymous>)
    at runWithTimeout (file:///C:/Users/chris/Dev/Projects/TheFantasyWorldSimulator/node_modules/@vitest/runner/dist/index.js:1209:10)
[Orchestrator] Tick crashed, returning previous state: Error: Trait not found: trait.reputation.power.renown
    at assignTrait (C:/Users/chris/Dev/Projects/TheFantasyWorldSimulator/src/engine/traits.ts:44:25)
    at syncReputationTrait (C:/Users/chris/Dev/Projects/TheFantasyWorldSimulator/src/engine/phaseReputationTraits.ts:297:5)
    at phaseReputationTraits (C:/Users/chris/Dev/Projects/TheFantasyWorldSimulator/src/engine/phaseReputationTraits.ts:273:7)
    at runTick (C:/Users/chris/Dev/Projects/TheFantasyWorldSimulator/src/engine/orchestrator.ts:1896:18)
    at C:/Users/chris/Dev/Projects/TheFantasyWorldSimulator/src/engine/__tests__/traceBuffer-integration.test.ts:292:15
    at file:///C:/Users/chris/Dev/Projects/TheFantasyWorldSimulator/node_modules/@vitest/runner/dist/index.js:145:11
    at file:///C:/Users/chris/Dev/Projects/TheFantasyWorldSimulator/node_modules/@vitest/runner/dist/index.js:915:26
    at file:///C:/Users/chris/Dev/Projects/TheFantasyWorldSimulator/node_modules/@vitest/runner/dist/index.js:1243:20
    at new Promise (<anonymous>)
    at runWithTimeout (file:///C:/Users/chris/Dev/Projects/TheFantasyWorldSimulator/node_modules/@vitest/runner/dist/index.js:1209:10)
[Orchestrator] Tick crashed, returning previous state: Error: Trait not found: trait.reputation.power.renown
    at assignTrait (C:/Users/chris/Dev/Projects/TheFantasyWorldSimulator/src/engine/traits.ts:44:25)
    at syncReputationTrait (C:/Users/chris/Dev/Projects/TheFantasyWorldSimulator/src/engine/phaseReputationTraits.ts:297:5)
    at phaseReputationTraits (C:/Users/chris/Dev/Projects/TheFantasyWorldSimulator/src/engine/phaseReputationTraits.ts:273:7)
    at runTick (C:/Users/chris/Dev/Projects/TheFantasyWorldSimulator/src/engine/orchestrator.ts:1896:18)
    at C:/Users/chris/Dev/Projects/TheFantasyWorldSimulator/src/engine/__tests__/traceBuffer-integration.test.ts:292:15
    at file:///C:/Users/chris/Dev/Projects/TheFantasyWorldSimulator/node_modules/@vitest/runner/dist/index.js:145:11
    at file:///C:/Users/chris/Dev/Projects/TheFantasyWorldSimulator/node_modules/@vitest/runner/dist/index.js:915:26
    at file:///C:/Users/chris/Dev/Projects/TheFantasyWorldSimulator/node_modules/@vitest/runner/dist/index.js:1243:20
    at new Promise (<anonymous>)
    at runWithTimeout (file:///C:/Users/chris/Dev/Projects/TheFantasyWorldSimulator/node_modules/@vitest/runner/dist/index.js:1209:10)
[Orchestrator] Tick crashed, returning previous state: Error: Trait not found: trait.reputation.power.renown
    at assignTrait (C:/Users/chris/Dev/Projects/TheFantasyWorldSimulator/src/engine/traits.ts:44:25)
    at syncReputationTrait (C:/Users/chris/Dev/Projects/TheFantasyWorldSimulator/src/engine/phaseReputationTraits.ts:297:5)
    at phaseReputationTraits (C:/Users/chris/Dev/Projects/TheFantasyWorldSimulator/src/engine/phaseReputationTraits.ts:273:7)
    at runTick (C:/Users/chris/Dev/Projects/TheFantasyWorldSimulator/src/engine/orchestrator.ts:1896:18)
    at C:/Users/chris/Dev/Projects/TheFantasyWorldSimulator/src/engine/__tests__/traceBuffer-integration.test.ts:292:15
    at file:///C:/Users/chris/Dev/Projects/TheFantasyWorldSimulator/node_modules/@vitest/runner/dist/index.js:145:11
    at file:///C:/Users/chris/Dev/Projects/TheFantasyWorldSimulator/node_modules/@vitest/runner/dist/index.js:915:26
    at file:///C:/Users/chris/Dev/Projects/TheFantasyWorldSimulator/node_modules/@vitest/runner/dist/index.js:1243:20
    at new Promise (<anonymous>)
    at runWithTimeout (file:///C:/Users/chris/Dev/Projects/TheFantasyWorldSimulator/node_modules/@vitest/runner/dist/index.js:1209:10)
[Orchestrator] Tick crashed, returning previous state: Error: Trait not found: trait.reputation.power.renown
    at assignTrait (C:/Users/chris/Dev/Projects/TheFantasyWorldSimulator/src/engine/traits.ts:44:25)
    at syncReputationTrait (C:/Users/chris/Dev/Projects/TheFantasyWorldSimulator/src/engine/phaseReputationTraits.ts:297:5)
    at phaseReputationTraits (C:/Users/chris/Dev/Projects/TheFantasyWorldSimulator/src/engine/phaseReputationTraits.ts:273:7)
    at runTick (C:/Users/chris/Dev/Projects/TheFantasyWorldSimulator/src/engine/orchestrator.ts:1896:18)
    at C:/Users/chris/Dev/Projects/TheFantasyWorldSimulator/src/engine/__tests__/traceBuffer-integration.test.ts:292:15
    at file:///C:/Users/chris/Dev/Projects/TheFantasyWorldSimulator/node_modules/@vitest/runner/dist/index.js:145:11
    at file:///C:/Users/chris/Dev/Projects/TheFantasyWorldSimulator/node_modules/@vitest/runner/dist/index.js:915:26
    at file:///C:/Users/chris/Dev/Projects/TheFantasyWorldSimulator/node_modules/@vitest/runner/dist/index.js:1243:20
    at new Promise (<anonymous>)
    at runWithTimeout (file:///C:/Users/chris/Dev/Projects/TheFantasyWorldSimulator/node_modules/@vitest/runner/dist/index.js:1209:10)
[Orchestrator] Tick crashed, returning previous state: Error: Trait not found: trait.reputation.power.renown
    at assignTrait (C:/Users/chris/Dev/Projects/TheFantasyWorldSimulator/src/engine/traits.ts:44:25)
    at syncReputationTrait (C:/Users/chris/Dev/Projects/TheFantasyWorldSimulator/src/engine/phaseReputationTraits.ts:297:5)
    at phaseReputationTraits (C:/Users/chris/Dev/Projects/TheFantasyWorldSimulator/src/engine/phaseReputationTraits.ts:273:7)
    at runTick (C:/Users/chris/Dev/Projects/TheFantasyWorldSimulator/src/engine/orchestrator.ts:1896:18)
    at C:/Users/chris/Dev/Projects/TheFantasyWorldSimulator/src/engine/__tests__/traceBuffer-integration.test.ts:292:15
    at file:///C:/Users/chris/Dev/Projects/TheFantasyWorldSimulator/node_modules/@vitest/runner/dist/index.js:145:11
    at file:///C:/Users/chris/Dev/Projects/TheFantasyWorldSimulator/node_modules/@vitest/runner/dist/index.js:915:26
    at file:///C:/Users/chris/Dev/Projects/TheFantasyWorldSimulator/node_modules/@vitest/runner/dist/index.js:1243:20
    at new Promise (<anonymous>)
    at runWithTimeout (file:///C:/Users/chris/Dev/Projects/TheFantasyWorldSimulator/node_modules/@vitest/runner/dist/index.js:1209:10)
[Orchestrator] Tick crashed, returning previous state: Error: Trait not found: trait.reputation.power.renown
    at assignTrait (C:/Users/chris/Dev/Projects/TheFantasyWorldSimulator/src/engine/traits.ts:44:25)
    at syncReputationTrait (C:/Users/chris/Dev/Projects/TheFantasyWorldSimulator/src/engine/phaseReputationTraits.ts:297:5)
    at phaseReputationTraits (C:/Users/chris/Dev/Projects/TheFantasyWorldSimulator/src/engine/phaseReputationTraits.ts:273:7)
    at runTick (C:/Users/chris/Dev/Projects/TheFantasyWorldSimulator/src/engine/orchestrator.ts:1896:18)
    at C:/Users/chris/Dev/Projects/TheFantasyWorldSimulator/src/engine/__tests__/traceBuffer-integration.test.ts:292:15
    at file:///C:/Users/chris/Dev/Projects/TheFantasyWorldSimulator/node_modules/@vitest/runner/dist/index.js:145:11
    at file:///C:/Users/chris/Dev/Projects/TheFantasyWorldSimulator/node_modules/@vitest/runner/dist/index.js:915:26
    at file:///C:/Users/chris/Dev/Projects/TheFantasyWorldSimulator/node_modules/@vitest/runner/dist/index.js:1243:20
    at new Promise (<anonymous>)
    at runWithTimeout (file:///C:/Users/chris/Dev/Projects/TheFantasyWorldSimulator/node_modules/@vitest/runner/dist/index.js:1209:10)
[Orchestrator] Tick crashed, returning previous state: Error: Trait not found: trait.reputation.power.renown
    at assignTrait (C:/Users/chris/Dev/Projects/TheFantasyWorldSimulator/src/engine/traits.ts:44:25)
    at syncReputationTrait (C:/Users/chris/Dev/Projects/TheFantasyWorldSimulator/src/engine/phaseReputationTraits.ts:297:5)
    at phaseReputationTraits (C:/Users/chris/Dev/Projects/TheFantasyWorldSimulator/src/engine/phaseReputationTraits.ts:273:7)
    at runTick (C:/Users/chris/Dev/Projects/TheFantasyWorldSimulator/src/engine/orchestrator.ts:1896:18)
    at C:/Users/chris/Dev/Projects/TheFantasyWorldSimulator/src/engine/__tests__/traceBuffer-integration.test.ts:292:15
    at file:///C:/Users/chris/Dev/Projects/TheFantasyWorldSimulator/node_modules/@vitest/runner/dist/index.js:145:11
    at file:///C:/Users/chris/Dev/Projects/TheFantasyWorldSimulator/node_modules/@vitest/runner/dist/index.js:915:26
    at file:///C:/Users/chris/Dev/Projects/TheFantasyWorldSimulator/node_modules/@vitest/runner/dist/index.js:1243:20
    at new Promise (<anonymous>)
    at runWithTimeout (file:///C:/Users/chris/Dev/Projects/TheFantasyWorldSimulator/node_modules/@vitest/runner/dist/index.js:1209:10)
[Orchestrator] Tick crashed, returning previous state: Error: Trait not found: trait.reputation.power.renown
    at assignTrait (C:/Users/chris/Dev/Projects/TheFantasyWorldSimulator/src/engine/traits.ts:44:25)
    at syncReputationTrait (C:/Users/chris/Dev/Projects/TheFantasyWorldSimulator/src/engine/phaseReputationTraits.ts:297:5)
    at phaseReputationTraits (C:/Users/chris/Dev/Projects/TheFantasyWorldSimulator/src/engine/phaseReputationTraits.ts:273:7)
    at runTick (C:/Users/chris/Dev/Projects/TheFantasyWorldSimulator/src/engine/orchestrator.ts:1896:18)
    at C:/Users/chris/Dev/Projects/TheFantasyWorldSimulator/src/engine/__tests__/traceBuffer-integration.test.ts:292:15
    at file:///C:/Users/chris/Dev/Projects/TheFantasyWorldSimulator/node_modules/@vitest/runner/dist/index.js:145:11
    at file:///C:/Users/chris/Dev/Projects/TheFantasyWorldSimulator/node_modules/@vitest/runner/dist/index.js:915:26
    at file:///C:/Users/chris/Dev/Projects/TheFantasyWorldSimulator/node_modules/@vitest/runner/dist/index.js:1243:20
    at new Promise (<anonymous>)
    at runWithTimeout (file:///C:/Users/chris/Dev/Projects/TheFantasyWorldSimulator/node_modules/@vitest/runner/dist/index.js:1209:10)
[Orchestrator] Tick crashed, returning previous state: Error: Trait not found: trait.reputation.power.renown
    at assignTrait (C:/Users/chris/Dev/Projects/TheFantasyWorldSimulator/src/engine/traits.ts:44:25)
    at syncReputationTrait (C:/Users/chris/Dev/Projects/TheFantasyWorldSimulator/src/engine/phaseReputationTraits.ts:297:5)
    at phaseReputationTraits (C:/Users/chris/Dev/Projects/TheFantasyWorldSimulator/src/engine/phaseReputationTraits.ts:273:7)
    at runTick (C:/Users/chris/Dev/Projects/TheFantasyWorldSimulator/src/engine/orchestrator.ts:1896:18)
    at C:/Users/chris/Dev/Projects/TheFantasyWorldSimulator/src/engine/__tests__/traceBuffer-integration.test.ts:292:15
    at file:///C:/Users/chris/Dev/Projects/TheFantasyWorldSimulator/node_modules/@vitest/runner/dist/index.js:145:11
    at file:///C:/Users/chris/Dev/Projects/TheFantasyWorldSimulator/node_modules/@vitest/runner/dist/index.js:915:26
    at file:///C:/Users/chris/Dev/Projects/TheFantasyWorldSimulator/node_modules/@vitest/runner/dist/index.js:1243:20
    at new Promise (<anonymous>)
    at runWithTimeout (file:///C:/Users/chris/Dev/Projects/TheFantasyWorldSimulator/node_modules/@vitest/runner/dist/index.js:1209:10)
[Orchestrator] Tick crashed, returning previous state: Error: Trait not found: trait.reputation.power.renown
    at assignTrait (C:/Users/chris/Dev/Projects/TheFantasyWorldSimulator/src/engine/traits.ts:44:25)
    at syncReputationTrait (C:/Users/chris/Dev/Projects/TheFantasyWorldSimulator/src/engine/phaseReputationTraits.ts:297:5)
    at phaseReputationTraits (C:/Users/chris/Dev/Projects/TheFantasyWorldSimulator/src/engine/phaseReputationTraits.ts:273:7)
    at runTick (C:/Users/chris/Dev/Projects/TheFantasyWorldSimulator/src/engine/orchestrator.ts:1896:18)
    at C:/Users/chris/Dev/Projects/TheFantasyWorldSimulator/src/engine/__tests__/traceBuffer-integration.test.ts:292:15
    at file:///C:/Users/chris/Dev/Projects/TheFantasyWorldSimulator/node_modules/@vitest/runner/dist/index.js:145:11
    at file:///C:/Users/chris/Dev/Projects/TheFantasyWorldSimulator/node_modules/@vitest/runner/dist/index.js:915:26
    at file:///C:/Users/chris/Dev/Projects/TheFantasyWorldSimulator/node_modules/@vitest/runner/dist/index.js:1243:20
    at new Promise (<anonymous>)
    at runWithTimeout (file:///C:/Users/chris/Dev/Projects/TheFantasyWorldSimulator/node_modules/@vitest/runner/dist/index.js:1209:10)
[Orchestrator] Tick crashed, returning previous state: Error: Trait not found: trait.reputation.power.renown
    at assignTrait (C:/Users/chris/Dev/Projects/TheFantasyWorldSimulator/src/engine/traits.ts:44:25)
    at syncReputationTrait (C:/Users/chris/Dev/Projects/TheFantasyWorldSimulator/src/engine/phaseReputationTraits.ts:297:5)
    at phaseReputationTraits (C:/Users/chris/Dev/Projects/TheFantasyWorldSimulator/src/engine/phaseReputationTraits.ts:273:7)
    at runTick (C:/Users/chris/Dev/Projects/TheFantasyWorldSimulator/src/engine/orchestrator.ts:1896:18)
    at C:/Users/chris/Dev/Projects/TheFantasyWorldSimulator/src/engine/__tests__/traceBuffer-integration.test.ts:292:15
    at file:///C:/Users/chris/Dev/Projects/TheFantasyWorldSimulator/node_modules/@vitest/runner/dist/index.js:145:11
    at file:///C:/Users/chris/Dev/Projects/TheFantasyWorldSimulator/node_modules/@vitest/runner/dist/index.js:915:26
    at file:///C:/Users/chris/Dev/Projects/TheFantasyWorldSimulator/node_modules/@vitest/runner/dist/index.js:1243:20
    at new Promise (<anonymous>)
    at runWithTimeout (file:///C:/Users/chris/Dev/Projects/TheFantasyWorldSimulator/node_modules/@vitest/runner/dist/index.js:1209:10)
[Orchestrator] Tick crashed, returning previous state: Error: Trait not found: trait.reputation.power.renown
    at assignTrait (C:/Users/chris/Dev/Projects/TheFantasyWorldSimulator/src/engine/traits.ts:44:25)
    at syncReputationTrait (C:/Users/chris/Dev/Projects/TheFantasyWorldSimulator/src/engine/phaseReputationTraits.ts:297:5)
    at phaseReputationTraits (C:/Users/chris/Dev/Projects/TheFantasyWorldSimulator/src/engine/phaseReputationTraits.ts:273:7)
    at runTick (C:/Users/chris/Dev/Projects/TheFantasyWorldSimulator/src/engine/orchestrator.ts:1896:18)
    at C:/Users/chris/Dev/Projects/TheFantasyWorldSimulator/src/engine/__tests__/traceBuffer-integration.test.ts:292:15
    at file:///C:/Users/chris/Dev/Projects/TheFantasyWorldSimulator/node_modules/@vitest/runner/dist/index.js:145:11
    at file:///C:/Users/chris/Dev/Projects/TheFantasyWorldSimulator/node_modules/@vitest/runner/dist/index.js:915:26
    at file:///C:/Users/chris/Dev/Projects/TheFantasyWorldSimulator/node_modules/@vitest/runner/dist/index.js:1243:20
    at new Promise (<anonymous>)
    at runWithTimeout (file:///C:/Users/chris/Dev/Projects/TheFantasyWorldSimulator/node_modules/@vitest/runner/dist/index.js:1209:10)
[Orchestrator] Tick crashed, returning previous state: Error: Trait not found: trait.reputation.power.renown
    at assignTrait (C:/Users/chris/Dev/Projects/TheFantasyWorldSimulator/src/engine/traits.ts:44:25)
    at syncReputationTrait (C:/Users/chris/Dev/Projects/TheFantasyWorldSimulator/src/engine/phaseReputationTraits.ts:297:5)
    at phaseReputationTraits (C:/Users/chris/Dev/Projects/TheFantasyWorldSimulator/src/engine/phaseReputationTraits.ts:273:7)
    at runTick (C:/Users/chris/Dev/Projects/TheFantasyWorldSimulator/src/engine/orchestrator.ts:1896:18)
    at C:/Users/chris/Dev/Projects/TheFantasyWorldSimulator/src/engine/__tests__/traceBuffer-integration.test.ts:292:15
    at file:///C:/Users/chris/Dev/Projects/TheFantasyWorldSimulator/node_modules/@vitest/runner/dist/index.js:145:11
    at file:///C:/Users/chris/Dev/Projects/TheFantasyWorldSimulator/node_modules/@vitest/runner/dist/index.js:915:26
    at file:///C:/Users/chris/Dev/Projects/TheFantasyWorldSimulator/node_modules/@vitest/runner/dist/index.js:1243:20
    at new Promise (<anonymous>)
    at runWithTimeout (file:///C:/Users/chris/Dev/Projects/TheFantasyWorldSimulator/node_modules/@vitest/runner/dist/index.js:1209:10)

 [32m✓[39m src/data/__tests__/chronicler-content.test.ts [2m([22m[2m10 tests[22m[2m)[22m[32m 4[2mms[22m[39m
 [32m✓[39m src/engine/__tests__/movement-p2-integration.test.ts [2m([22m[2m6 tests[22m[2m)[22m[32m 6[2mms[22m[39m
 [32m✓[39m src/engine/__tests__/cultureDetail.test.ts [2m([22m[2m9 tests[22m[2m)[22m[32m 5[2mms[22m[39m
 [32m✓[39m src/engine/__tests__/encounterLogExporter.test.ts [2m([22m[2m17 tests[22m[2m)[22m[32m 5[2mms[22m[39m
 [32m✓[39m src/engine/__tests__/socialOutcome.test.ts [2m([22m[2m16 tests[22m[2m)[22m[32m 6[2mms[22m[39m
 [32m✓[39m src/engine/__tests__/traceBuffer-actions.test.ts [2m([22m[2m6 tests[22m[2m)[22m[32m 7[2mms[22m[39m
 [32m✓[39m src/components/icons/__tests__/SphereIcon.test.ts [2m([22m[2m8 tests[22m[2m)[22m[32m 5[2mms[22m[39m
 [32m✓[39m src/engine/__tests__/graphConditions.test.ts [2m([22m[2m30 tests[22m[2m)[22m[32m 6[2mms[22m[39m
 [32m✓[39m src/engine/__tests__/graph-tags.test.ts [2m([22m[2m6 tests[22m[2m)[22m[32m 5[2mms[22m[39m
 [32m✓[39m src/components/HexMapV2/scene/__tests__/ElevationTicks.test.ts [2m([22m[2m7 tests[22m[2m)[22m[32m 5[2mms[22m[39m
21.18.38 [vite] (ssr) warning: Duplicate key "loyalty_ambition" in object literal
25 |    const base: AxiologicalProfile = {
26 |      loyalty_ambition: 0, courage_prudence: 0, mercy_ruthlessness: 0,
27 |      honesty_cunning: 0, sacrifice_survival: 0, loyalty_ambition: 0,
   |                                                 ^
28 |      tradition_novelty: 0, preservation_transformation: 0, mercy_ruthlessness: 0, asceticism_extravagance: 0,
29 |    };

  Plugin: vite:esbuild
  File: C:/Users/chris/Dev/Projects/TheFantasyWorldSimulator/src/engine/__tests__/disposition-dilemma-integration.test.ts
21.18.38 [vite] (ssr) warning: Duplicate key "mercy_ruthlessness" in object literal
26 |      loyalty_ambition: 0, courage_prudence: 0, mercy_ruthlessness: 0,
27 |      honesty_cunning: 0, sacrifice_survival: 0, loyalty_ambition: 0,
28 |      tradition_novelty: 0, preservation_transformation: 0, mercy_ruthlessness: 0, asceticism_extravagance: 0,
   |                                                            ^
29 |    };
30 |    return { ...base, ...overrides };

  Plugin: vite:esbuild
  File: C:/Users/chris/Dev/Projects/TheFantasyWorldSimulator/src/engine/__tests__/disposition-dilemma-integration.test.ts
 [32m✓[39m src/components/HexMapV2/signifiers/__tests__/compositionResolver.test.ts [2m([22m[2m9 tests[22m[2m)[22m[32m 5[2mms[22m[39m
 [32m✓[39m src/engine/__tests__/ambitionSelection.test.ts [2m([22m[2m9 tests[22m[2m)[22m[32m 6[2mms[22m[39m
 [32m✓[39m src/engine/__tests__/distanceMatrix.test.ts [2m([22m[2m11 tests[22m[2m)[22m[32m 5[2mms[22m[39m
 [32m✓[39m src/engine/__tests__/doomClock.test.ts [2m([22m[2m10 tests[22m[2m)[22m[32m 5[2mms[22m[39m
 [32m✓[39m src/types/__tests__/climate.test.ts [2m([22m[2m6 tests[22m[2m)[22m[32m 4[2mms[22m[39m
21.18.38 [vite] (ssr) warning: Duplicate key "loyalty_ambition" in object literal
9  |    honesty_cunning: 0.1,
10 |    sacrifice_survival: 0.0,
11 |    loyalty_ambition: 0.3,
   |    ^
12 |    tradition_novelty: 0.0,
13 |    preservation_transformation: 0.0,

  Plugin: vite:esbuild
  File: C:/Users/chris/Dev/Projects/TheFantasyWorldSimulator/src/engine/__tests__/agendaGenerator.test.ts
21.18.38 [vite] (ssr) warning: Duplicate key "mercy_ruthlessness" in object literal
12 |    tradition_novelty: 0.0,
13 |    preservation_transformation: 0.0,
14 |    mercy_ruthlessness: 0.0,
   |    ^
15 |    asceticism_extravagance: 0.0,
16 |  };

  Plugin: vite:esbuild
  File: C:/Users/chris/Dev/Projects/TheFantasyWorldSimulator/src/engine/__tests__/agendaGenerator.test.ts
21.18.38 [vite] (ssr) warning: Duplicate key "sacrifice_survival" in object literal
21 |      preservation_transformation: 0.4,
22 |      sacrifice_survival: -0.2,
23 |      sacrifice_survival: 0,
   |      ^
24 |      courage_prudence: 0.3,
25 |    };

  Plugin: vite:esbuild
  File: C:/Users/chris/Dev/Projects/TheFantasyWorldSimulator/src/engine/__tests__/agentSelection.test.ts
 [32m✓[39m src/engine/__tests__/mercenaryEncounterLookup.test.ts [2m([22m[2m19 tests[22m[2m)[22m[32m 5[2mms[22m[39m
 [32m✓[39m src/engine/__tests__/agendaGenerator.test.ts [2m([22m[2m5 tests[22m[2m)[22m[32m 3[2mms[22m[39m
 [32m✓[39m src/engine/__tests__/debugCommands.test.ts [2m([22m[2m12 tests[22m[2m)[22m[32m 5[2mms[22m[39m
 [32m✓[39m src/components/HexMapV2/interaction/__tests__/HexRaycaster.test.ts [2m([22m[2m8 tests[22m[2m)[22m[32m 5[2mms[22m[39m
 [32m✓[39m src/engine/__tests__/disposition-dilemma-integration.test.ts [2m([22m[2m4 tests[22m[2m)[22m[32m 6[2mms[22m[39m
 [32m✓[39m src/engine/__tests__/agentSelection.test.ts [2m([22m[2m6 tests[22m[2m)[22m[32m 5[2mms[22m[39m
 [32m✓[39m src/data/__tests__/trait-modifiers.test.ts [2m([22m[2m8 tests[22m[2m)[22m[32m 4[2mms[22m[39m
 [32m✓[39m src/engine/__tests__/resourcesResolver.test.ts [2m([22m[2m8 tests[22m[2m)[22m[32m 5[2mms[22m[39m
 [32m✓[39m src/engine/__tests__/viewLevel.test.ts [2m([22m[2m5 tests[22m[2m)[22m[32m 5[2mms[22m[39m
stderr | src/engine/__tests__/strategicActionLifecycle.test.ts > strategicActionLifecycle > advanceStrategicProjects > completes project when progress reaches required
[GraphSchema] Edge "contains" target should be "location", got "sublocation" (edge contains_loc_market_subloc_warehouse_loc_market_10)
[GraphSchema] Edge "constructed_by" source should be "actor", got "sublocation" (edge constructed_by_subloc_warehouse_loc_market_10_actor_1)
[GraphSchema] Edge "constructed_by" target should be "location", got "actor" (edge constructed_by_subloc_warehouse_loc_market_10_actor_1)

 [32m✓[39m src/engine/__tests__/battleThreadVisibility.test.ts [2m([22m[2m7 tests[22m[2m)[22m[32m 5[2mms[22m[39m
 [32m✓[39m src/engine/__tests__/strategicActionLifecycle.test.ts [2m([22m[2m8 tests[22m[2m)[22m[32m 6[2mms[22m[39m
 [32m✓[39m src/types/__tests__/trace.test.ts [2m([22m[2m7 tests[22m[2m)[22m[32m 5[2mms[22m[39m
 [32m✓[39m src/types/__tests__/traits.test.ts [2m([22m[2m8 tests[22m[2m)[22m[32m 5[2mms[22m[39m
 [32m✓[39m src/engine/__tests__/stealth.test.ts [2m([22m[2m14 tests[22m[2m)[22m[32m 5[2mms[22m[39m
 [32m✓[39m src/engine/__tests__/notification-integration.test.ts [2m([22m[2m5 tests[22m[2m)[22m[32m 6[2mms[22m[39m
 [32m✓[39m src/engine/__tests__/tooltipValidation.test.ts [2m([22m[2m5 tests[22m[2m)[22m[32m 4[2mms[22m[39m
 [32m✓[39m src/engine/__tests__/wealth.test.ts [2m([22m[2m21 tests[22m[2m)[22m[32m 4[2mms[22m[39m
 [32m✓[39m src/components/HexMapV2/palette/__tests__/paletteTheme.test.ts [2m([22m[2m13 tests[22m[2m)[22m[32m 5[2mms[22m[39m
 [32m✓[39m src/engine/__tests__/regionPolitical.test.ts [2m([22m[2m5 tests[22m[2m)[22m[32m 6[2mms[22m[39m
 [32m✓[39m src/engine/__tests__/culturalGravity.test.ts [2m([22m[2m12 tests[22m[2m)[22m[32m 5[2mms[22m[39m
 [32m✓[39m src/lib/__tests__/hexKey.test.ts [2m([22m[2m10 tests[22m[2m)[22m[32m 4[2mms[22m[39m
 [32m✓[39m src/components/HexMapV2/agents/__tests__/agentSpriteTarget.test.ts [2m([22m[2m6 tests[22m[2m)[22m[32m 5[2mms[22m[39m
 [32m✓[39m src/engine/__tests__/ambitionTick-actorId.test.ts [2m([22m[2m5 tests[22m[2m)[22m[32m 4[2mms[22m[39m
 [32m✓[39m src/data/__tests__/ui-content.test.ts [2m([22m[2m5 tests[22m[2m)[22m[32m 5[2mms[22m[39m
 [32m✓[39m src/components/HexMapV2/palette/__tests__/activePalette.test.ts [2m([22m[2m10 tests[22m[2m)[22m[32m 4[2mms[22m[39m
 [32m✓[39m src/engine/__tests__/scry-integration.test.ts [2m([22m[2m2 tests[22m[2m)[22m[32m 6[2mms[22m[39m
 [32m✓[39m tests/engine/pacingGovernor.test.ts [2m([22m[2m15 tests[22m[2m)[22m[32m 6[2mms[22m[39m
21.18.38 [vite] (ssr) warning: Duplicate key "loyalty_ambition" in object literal
29 |          honesty_cunning: 0.0,
30 |          sacrifice_survival: -0.1,
31 |          loyalty_ambition: -0.5,
   |          ^
32 |          tradition_novelty: 0.2,
33 |          preservation_transformation: 0.4,

  Plugin: vite:esbuild
  File: C:/Users/chris/Dev/Projects/TheFantasyWorldSimulator/src/engine/__tests__/integration.test.ts
21.18.38 [vite] (ssr) warning: Duplicate key "mercy_ruthlessness" in object literal
32 |          tradition_novelty: 0.2,
33 |          preservation_transformation: 0.4,
34 |          mercy_ruthlessness: 0.1,
   |          ^
35 |          asceticism_extravagance: -0.2,
36 |        } satisfies AxiologicalProfile,

  Plugin: vite:esbuild
  File: C:/Users/chris/Dev/Projects/TheFantasyWorldSimulator/src/engine/__tests__/integration.test.ts
 [32m✓[39m src/engine/__tests__/settlementGenome-tables.test.ts [2m([22m[2m8 tests[22m[2m)[22m[32m 5[2mms[22m[39m
 [32m✓[39m src/engine/__tests__/cultureMores.test.ts [2m([22m[2m9 tests[22m[2m)[22m[32m 5[2mms[22m[39m
 [32m✓[39m src/engine/__tests__/archetypeEpithet.test.ts [2m([22m[2m12 tests[22m[2m)[22m[32m 5[2mms[22m[39m
21.18.38 [vite] (ssr) warning: Duplicate key "loyalty_ambition" in object literal
81 |      honesty_cunning: 0.0,
82 |      sacrifice_survival: 0.0,
83 |      loyalty_ambition: 0.0,
   |      ^
84 |      tradition_novelty: 0.0,
85 |      preservation_transformation: 0.0,

  Plugin: vite:esbuild
  File: C:/Users/chris/Dev/Projects/TheFantasyWorldSimulator/src/engine/__tests__/decayCurve.test.ts
21.18.38 [vite] (ssr) warning: Duplicate key "mercy_ruthlessness" in object literal
84 |      tradition_novelty: 0.0,
85 |      preservation_transformation: 0.0,
86 |      mercy_ruthlessness: 0.0,
   |      ^
87 |      asceticism_extravagance: 0.0,
88 |    };

  Plugin: vite:esbuild
  File: C:/Users/chris/Dev/Projects/TheFantasyWorldSimulator/src/engine/__tests__/decayCurve.test.ts
 [32m✓[39m src/engine/__tests__/chronicle.test.ts [2m([22m[2m9 tests[22m[2m)[22m[32m 5[2mms[22m[39m
stderr | src/engine/__tests__/threatRating.test.ts > threatRating > factors in faction hostility
[GraphSchema] Edge "controls" source should be "actor", got "rival" (edge e_ctrl)

 [32m✓[39m src/data/__tests__/terrain-modifiers.test.ts [2m([22m[2m7 tests[22m[2m)[22m[32m 5[2mms[22m[39m
stderr | src/engine/__tests__/threatRating.test.ts > threatRating > clamps threat to [0, 1] range
[GraphSchema] Edge "controls" source should be "actor", got "rival" (edge e_ctrl)

stderr | src/engine/__tests__/threatRating.test.ts > threatRating > increases with hostile agents at location
[GraphSchema] Edge "controls" source should be "actor", got "rival" (edge e_ctrl)
[GraphSchema] Edge "member_of" target should be "actor", got "rival" (edge e_fac)
[GraphSchema] Edge "member_of" missing required property: "role" (edge e_fac)
[GraphSchema] Edge "member_of" missing required property: "rank" (edge e_fac)
[GraphSchema] Edge "member_of" missing required property: "joinedTick" (edge e_fac)

 [32m✓[39m src/engine/__tests__/decayCurve.test.ts [2m([22m[2m10 tests[22m[2m)[22m[32m 4[2mms[22m[39m
 [32m✓[39m src/engine/__tests__/threatRating.test.ts [2m([22m[2m4 tests[22m[2m)[22m[32m 4[2mms[22m[39m
 [32m✓[39m src/engine/__tests__/integration.test.ts [2m([22m[2m1 test[22m[2m)[22m[32m 4[2mms[22m[39m
 [32m✓[39m src/engine/__tests__/tooltip-integration.test.ts [2m([22m[2m5 tests[22m[2m)[22m[32m 5[2mms[22m[39m
 [32m✓[39m src/engine/__tests__/vignetteProse.test.ts [2m([22m[2m13 tests[22m[2m)[22m[32m 6[2mms[22m[39m
 [32m✓[39m src/types/__tests__/visibility.test.ts [2m([22m[2m5 tests[22m[2m)[22m[32m 4[2mms[22m[39m
 [32m✓[39m src/engine/__tests__/graphOpExecutor-influence.test.ts [2m([22m[2m4 tests[22m[2m)[22m[32m 4[2mms[22m[39m
 [32m✓[39m scripts/__tests__/validate.test.ts [2m([22m[2m10 tests[22m[2m)[22m[32m 4[2mms[22m[39m
 [32m✓[39m src/audio/__tests__/UiChannel.test.ts [2m([22m[2m7 tests[22m[2m)[22m[32m 4[2mms[22m[39m
 [32m✓[39m src/components/HexMapV2/palette/__tests__/waterPalette.test.ts [2m([22m[2m9 tests[22m[2m)[22m[32m 4[2mms[22m[39m
 [32m✓[39m src/engine/__tests__/content-full-integration.test.ts [2m([22m[2m5 tests[22m[2m)[22m[32m 5[2mms[22m[39m
21.18.38 [vite] (ssr) warning: Duplicate key "loyalty_ambition" in object literal
16 |          honesty_cunning: 0.0,
17 |          sacrifice_survival: 0.0,
18 |          loyalty_ambition: 0.0,
   |          ^
19 |          tradition_novelty: 0.0,
20 |          preservation_transformation: 0.0,

  Plugin: vite:esbuild
  File: C:/Users/chris/Dev/Projects/TheFantasyWorldSimulator/src/engine/__tests__/interventionEffects-agenda.test.ts
21.18.38 [vite] (ssr) warning: Duplicate key "mercy_ruthlessness" in object literal
19 |          tradition_novelty: 0.0,
20 |          preservation_transformation: 0.0,
21 |          mercy_ruthlessness: 0.0,
   |          ^
22 |          asceticism_extravagance: 0.0,
23 |        },

  Plugin: vite:esbuild
  File: C:/Users/chris/Dev/Projects/TheFantasyWorldSimulator/src/engine/__tests__/interventionEffects-agenda.test.ts
stderr | src/engine/__tests__/contextBuilder-integration.test.ts
[GraphSchema] Edge "member_of" missing required property: "role" (edge mem-hero)
[GraphSchema] Edge "member_of" missing required property: "rank" (edge mem-hero)
[GraphSchema] Edge "member_of" missing required property: "joinedTick" (edge mem-hero)

 [32m✓[39m src/engine/__tests__/ambitionLifecycle.test.ts [2m([22m[2m7 tests[22m[2m)[22m[32m 5[2mms[22m[39m
 [32m✓[39m src/engine/__tests__/contextBuilder-integration.test.ts [2m([22m[2m4 tests[22m[2m)[22m[32m 4[2mms[22m[39m
 [32m✓[39m src/types/__tests__/notification.test.ts [2m([22m[2m9 tests[22m[2m)[22m[32m 4[2mms[22m[39m
 [32m✓[39m src/engine/__tests__/road-double-move.test.ts [2m([22m[2m1 test[22m[2m)[22m[32m 4[2mms[22m[39m
 [32m✓[39m src/engine/__tests__/activitySummary.test.ts [2m([22m[2m7 tests[22m[2m)[22m[32m 4[2mms[22m[39m
 [32m✓[39m src/components/HexMapV2/overlay/__tests__/labelCollision.test.ts [2m([22m[2m10 tests[22m[2m)[22m[32m 5[2mms[22m[39m
 [32m✓[39m src/engine/__tests__/interventionEffects-agenda.test.ts [2m([22m[2m6 tests[22m[2m)[22m[32m 5[2mms[22m[39m
 [32m✓[39m src/engine/__tests__/interventionTracking.test.ts [2m([22m[2m7 tests[22m[2m)[22m[32m 5[2mms[22m[39m
 [32m✓[39m src/engine/__tests__/orchestrator-dilemma.test.ts [2m([22m[2m5 tests[22m[2m)[22m[32m 5[2mms[22m[39m
 [32m✓[39m src/engine/__tests__/strategicActionScoring.test.ts [2m([22m[2m6 tests[22m[2m)[22m[32m 6[2mms[22m[39m
 [32m✓[39m src/types/__tests__/quintessence.test.ts [2m([22m[2m16 tests[22m[2m)[22m[32m 4[2mms[22m[39m
 [32m✓[39m src/engine/__tests__/settlementGenome-materialize.test.ts [2m([22m[2m4 tests[22m[2m)[22m[32m 4[2mms[22m[39m
 [32m✓[39m src/engine/__tests__/phaseSettlementReassessment.test.ts [2m([22m[2m6 tests[22m[2m)[22m[32m 5[2mms[22m[39m
 [32m✓[39m src/components/Game/hooks/__tests__/useNotifications.test.ts [2m([22m[2m4 tests[22m[2m)[22m[32m 4[2mms[22m[39m
 [32m✓[39m src/types/__tests__/graphOp.test.ts [2m([22m[2m8 tests[22m[2m)[22m[32m 4[2mms[22m[39m
 [32m✓[39m src/engine/__tests__/notificationVisibilityFilter.test.ts [2m([22m[2m6 tests[22m[2m)[22m[32m 4[2mms[22m[39m
 [32m✓[39m src/engine/__tests__/resolution.test.ts [2m([22m[2m13 tests[22m[2m)[22m[32m 4[2mms[22m[39m
 [32m✓[39m src/types/__tests__/entityDetail.test.ts [2m([22m[2m6 tests[22m[2m)[22m[32m 3[2mms[22m[39m
 [32m✓[39m src/data/__tests__/dream-content.test.ts [2m([22m[2m7 tests[22m[2m)[22m[32m 4[2mms[22m[39m
 [32m✓[39m src/engine/__tests__/ascendantLens.test.ts [2m([22m[2m13 tests[22m[2m)[22m[32m 4[2mms[22m[39m
 [32m✓[39m src/engine/__tests__/orchestrator-narrative.test.ts [2m([22m[2m10 tests[22m[2m)[22m[32m 5[2mms[22m[39m
 [32m✓[39m src/engine/__tests__/ascendantFeedback.test.ts [2m([22m[2m5 tests[22m[2m)[22m[32m 4[2mms[22m[39m
 [32m✓[39m tests/engine/curator.test.ts [2m([22m[2m8 tests[22m[2m)[22m[32m 4[2mms[22m[39m
 [32m✓[39m src/engine/__tests__/encounterAftermath.test.ts [2m([22m[2m1 test[22m[2m)[22m[32m 4[2mms[22m[39m
 [32m✓[39m src/data/__tests__/hex-tile-assets.test.ts [2m([22m[2m6 tests[22m[2m)[22m[32m 3[2mms[22m[39m
 [32m✓[39m src/components/icons/__tests__/charges.test.ts [2m([22m[2m6 tests[22m[2m)[22m[32m 4[2mms[22m[39m
 [32m✓[39m src/engine/__tests__/notification-visibility-integration.test.ts [2m([22m[2m4 tests[22m[2m)[22m[32m 3[2mms[22m[39m
 [32m✓[39m src/engine/__tests__/conditionOverflow.test.ts [2m([22m[2m9 tests[22m[2m)[22m[32m 4[2mms[22m[39m
 [32m✓[39m src/engine/__tests__/hexZoom-integration.test.ts [2m([22m[2m1 test[22m[2m)[22m[32m 4[2mms[22m[39m
 [32m✓[39m src/types/__tests__/narrativeContext.test.ts [2m([22m[2m4 tests[22m[2m)[22m[32m 3[2mms[22m[39m
 [32m✓[39m src/engine/__tests__/tradeRoute.test.ts [2m([22m[2m12 tests[22m[2m)[22m[32m 3[2mms[22m[39m
21.18.39 [vite] (ssr) warning: Duplicate key "loyalty_ambition" in object literal
34 |        honesty_cunning: 0.1,
35 |        sacrifice_survival: 0.4,
36 |        loyalty_ambition: 0.5,
   |        ^
37 |        tradition_novelty: -0.2,
38 |        preservation_transformation: 0.5,

  Plugin: vite:esbuild
  File: C:/Users/chris/Dev/Projects/TheFantasyWorldSimulator/src/engine/__tests__/dream-integration.test.ts
21.18.39 [vite] (ssr) warning: Duplicate key "mercy_ruthlessness" in object literal
37 |        tradition_novelty: -0.2,
38 |        preservation_transformation: 0.5,
39 |        mercy_ruthlessness: 0.2,
   |        ^
40 |        asceticism_extravagance: -0.1,
41 |      };

  Plugin: vite:esbuild
  File: C:/Users/chris/Dev/Projects/TheFantasyWorldSimulator/src/engine/__tests__/dream-integration.test.ts
 [32m✓[39m src/types/__tests__/hexVignette.test.ts [2m([22m[2m7 tests[22m[2m)[22m[32m 4[2mms[22m[39m
 [32m✓[39m src/engine/__tests__/rival-doom-integration.test.ts [2m([22m[2m1 test[22m[2m)[22m[32m 3[2mms[22m[39m
 [32m✓[39m src/components/HexMapV2/agents/__tests__/agentSpriteTypes.test.ts [2m([22m[2m10 tests[22m[2m)[22m[32m 4[2mms[22m[39m
 [32m✓[39m src/engine/__tests__/divineAttention.test.ts [2m([22m[2m10 tests[22m[2m)[22m[32m 4[2mms[22m[39m
 [32m✓[39m src/engine/__tests__/phaseMagicalSaturation.test.ts [2m([22m[2m4 tests[22m[2m)[22m[32m 3[2mms[22m[39m
 [32m✓[39m src/engine/__tests__/familiarity.test.ts [2m([22m[2m18 tests[22m[2m)[22m[32m 4[2mms[22m[39m
 [32m✓[39m src/types/__tests__/tooltip.test.ts [2m([22m[2m7 tests[22m[2m)[22m[32m 5[2mms[22m[39m
 [32m✓[39m src/engine/__tests__/insiderBeatDetection.test.ts [2m([22m[2m8 tests[22m[2m)[22m[32m 4[2mms[22m[39m
21.18.39 [vite] (ssr) warning: Duplicate key "loyalty_ambition" in object literal
24 |            honesty_cunning: 0.0,
25 |            sacrifice_survival: 0.0,
26 |            loyalty_ambition: 0.0,
   |            ^
27 |            tradition_novelty: 0.0,
28 |            preservation_transformation: 0.0,

  Plugin: vite:esbuild
  File: C:/Users/chris/Dev/Projects/TheFantasyWorldSimulator/src/engine/__tests__/agentSelection-divine.test.ts
21.18.39 [vite] (ssr) warning: Duplicate key "mercy_ruthlessness" in object literal
27 |            tradition_novelty: 0.0,
28 |            preservation_transformation: 0.0,
29 |            mercy_ruthlessness: 0.0,
   |            ^
30 |            asceticism_extravagance: 0.0,
31 |          },

  Plugin: vite:esbuild
  File: C:/Users/chris/Dev/Projects/TheFantasyWorldSimulator/src/engine/__tests__/agentSelection-divine.test.ts
 [32m✓[39m src/engine/__tests__/dream-integration.test.ts [2m([22m[2m3 tests[22m[2m)[22m[32m 3[2mms[22m[39m
 [32m✓[39m src/components/HexMapV2/scene/__tests__/fogShader.test.ts [2m([22m[2m9 tests[22m[2m)[22m[32m 3[2mms[22m[39m
 [32m✓[39m src/engine/__tests__/color.test.ts [2m([22m[2m6 tests[22m[2m)[22m[32m 4[2mms[22m[39m
 [32m✓[39m src/lib/__tests__/polygonLayout.test.ts [2m([22m[2m6 tests[22m[2m)[22m[32m 4[2mms[22m[39m
 [32m✓[39m src/types/__tests__/movement.test.ts [2m([22m[2m5 tests[22m[2m)[22m[32m 3[2mms[22m[39m
 [32m✓[39m src/engine/__tests__/agentSelection-divine.test.ts [2m([22m[2m3 tests[22m[2m)[22m[32m 4[2mms[22m[39m
 [32m✓[39m src/lib/__tests__/worldPosition.test.ts [2m([22m[2m7 tests[22m[2m)[22m[32m 3[2mms[22m[39m
 [32m✓[39m src/types/__tests__/prose.test.ts [2m([22m[2m3 tests[22m[2m)[22m[32m 4[2mms[22m[39m
 [32m✓[39m src/components/icons/__tests__/borders.test.ts [2m([22m[2m7 tests[22m[2m)[22m[32m 3[2mms[22m[39m
 [32m✓[39m src/engine/__tests__/proseComposer.test.ts [2m([22m[2m7 tests[22m[2m)[22m[32m 4[2mms[22m[39m
 [32m✓[39m src/data/__tests__/region-name-content.test.ts [2m([22m[2m2 tests[22m[2m)[22m[32m 2[2mms[22m[39m
 [32m✓[39m src/data/__tests__/portrait-assets.test.ts [2m([22m[2m5 tests[22m[2m)[22m[32m 3[2mms[22m[39m
 [32m✓[39m src/engine/__tests__/ambitionBoost.test.ts [2m([22m[2m7 tests[22m[2m)[22m[32m 3[2mms[22m[39m
 [32m✓[39m src/engine/__tests__/narrative-integration.test.ts [2m([22m[2m2 tests[22m[2m)[22m[32m 3[2mms[22m[39m
 [32m✓[39m src/components/Game/__tests__/ToastStack.test.tsx [2m([22m[2m3 tests[22m[2m)[22m[32m 3[2mms[22m[39m
 [32m✓[39m src/types/__tests__/coastline.test.ts [2m([22m[2m4 tests[22m[2m)[22m[32m 3[2mms[22m[39m
 [32m✓[39m src/data/__tests__/avatar-portrait-assets.test.ts [2m([22m[2m9 tests[22m[2m)[22m[32m 3[2mms[22m[39m
 [32m✓[39m src/data/__tests__/historical-culture-content.test.ts [2m([22m[2m4 tests[22m[2m)[22m[32m 3[2mms[22m[39m
 [32m✓[39m src/engine/__tests__/delivery-integration.test.ts [2m([22m[2m3 tests[22m[2m)[22m[32m 3[2mms[22m[39m
 [32m✓[39m src/data/__tests__/concept-art-assets.test.ts [2m([22m[2m8 tests[22m[2m)[22m[32m 3[2mms[22m[39m
 [32m✓[39m src/components/HexMap/__tests__/AgentDots.test.tsx [2m([22m[2m7 tests[22m[2m)[22m[32m 3[2mms[22m[39m
 [32m✓[39m src/engine/__tests__/encounterChoiceMemory.test.ts [2m([22m[2m3 tests[22m[2m)[22m[32m 3[2mms[22m[39m
 [32m✓[39m src/engine/__tests__/phaseUnrest.test.ts [2m([22m[2m5 tests[22m[2m)[22m[32m 3[2mms[22m[39m
 [32m✓[39m src/types/__tests__/encounter-rewards.test.ts [2m([22m[2m3 tests[22m[2m)[22m[32m 3[2mms[22m[39m
 [32m✓[39m src/engine/terrainPipeline/__tests__/types.test.ts [2m([22m[2m3 tests[22m[2m)[22m[32m 3[2mms[22m[39m
 [32m✓[39m src/types/__tests__/unifiedAction.test.ts [2m([22m[2m5 tests[22m[2m)[22m[32m 4[2mms[22m[39m
stderr | src/engine/__tests__/traceBuffer-integration.test.ts > trace buffer integration > multiple agents produce multiple agent-specific traces
[Orchestrator] Tick crashed, returning previous state: Error: Trait not found: trait.reputation.power.renown
    at assignTrait (C:/Users/chris/Dev/Projects/TheFantasyWorldSimulator/src/engine/traits.ts:44:25)
    at syncReputationTrait (C:/Users/chris/Dev/Projects/TheFantasyWorldSimulator/src/engine/phaseReputationTraits.ts:297:5)
    at phaseReputationTraits (C:/Users/chris/Dev/Projects/TheFantasyWorldSimulator/src/engine/phaseReputationTraits.ts:273:7)
    at runTick (C:/Users/chris/Dev/Projects/TheFantasyWorldSimulator/src/engine/orchestrator.ts:1896:18)
    at C:/Users/chris/Dev/Projects/TheFantasyWorldSimulator/src/engine/__tests__/traceBuffer-integration.test.ts:303:15
    at file:///C:/Users/chris/Dev/Projects/TheFantasyWorldSimulator/node_modules/@vitest/runner/dist/index.js:145:11
    at file:///C:/Users/chris/Dev/Projects/TheFantasyWorldSimulator/node_modules/@vitest/runner/dist/index.js:915:26
    at file:///C:/Users/chris/Dev/Projects/TheFantasyWorldSimulator/node_modules/@vitest/runner/dist/index.js:1243:20
    at new Promise (<anonymous>)
    at runWithTimeout (file:///C:/Users/chris/Dev/Projects/TheFantasyWorldSimulator/node_modules/@vitest/runner/dist/index.js:1209:10)
[Orchestrator] Tick crashed, returning previous state: Error: Trait not found: trait.reputation.power.renown
    at assignTrait (C:/Users/chris/Dev/Projects/TheFantasyWorldSimulator/src/engine/traits.ts:44:25)
    at syncReputationTrait (C:/Users/chris/Dev/Projects/TheFantasyWorldSimulator/src/engine/phaseReputationTraits.ts:297:5)
    at phaseReputationTraits (C:/Users/chris/Dev/Projects/TheFantasyWorldSimulator/src/engine/phaseReputationTraits.ts:273:7)
    at runTick (C:/Users/chris/Dev/Projects/TheFantasyWorldSimulator/src/engine/orchestrator.ts:1896:18)
    at C:/Users/chris/Dev/Projects/TheFantasyWorldSimulator/src/engine/__tests__/traceBuffer-integration.test.ts:303:15
    at file:///C:/Users/chris/Dev/Projects/TheFantasyWorldSimulator/node_modules/@vitest/runner/dist/index.js:145:11
    at file:///C:/Users/chris/Dev/Projects/TheFantasyWorldSimulator/node_modules/@vitest/runner/dist/index.js:915:26
    at file:///C:/Users/chris/Dev/Projects/TheFantasyWorldSimulator/node_modules/@vitest/runner/dist/index.js:1243:20
    at new Promise (<anonymous>)
    at runWithTimeout (file:///C:/Users/chris/Dev/Projects/TheFantasyWorldSimulator/node_modules/@vitest/runner/dist/index.js:1209:10)
[Orchestrator] Tick crashed, returning previous state: Error: Trait not found: trait.reputation.power.renown
    at assignTrait (C:/Users/chris/Dev/Projects/TheFantasyWorldSimulator/src/engine/traits.ts:44:25)
    at syncReputationTrait (C:/Users/chris/Dev/Projects/TheFantasyWorldSimulator/src/engine/phaseReputationTraits.ts:297:5)
    at phaseReputationTraits (C:/Users/chris/Dev/Projects/TheFantasyWorldSimulator/src/engine/phaseReputationTraits.ts:273:7)
    at runTick (C:/Users/chris/Dev/Projects/TheFantasyWorldSimulator/src/engine/orchestrator.ts:1896:18)
    at C:/Users/chris/Dev/Projects/TheFantasyWorldSimulator/src/engine/__tests__/traceBuffer-integration.test.ts:303:15
    at file:///C:/Users/chris/Dev/Projects/TheFantasyWorldSimulator/node_modules/@vitest/runner/dist/index.js:145:11
    at file:///C:/Users/chris/Dev/Projects/TheFantasyWorldSimulator/node_modules/@vitest/runner/dist/index.js:915:26
    at file:///C:/Users/chris/Dev/Projects/TheFantasyWorldSimulator/node_modules/@vitest/runner/dist/index.js:1243:20
    at new Promise (<anonymous>)
    at runWithTimeout (file:///C:/Users/chris/Dev/Projects/TheFantasyWorldSimulator/node_modules/@vitest/runner/dist/index.js:1209:10)
[Orchestrator] Tick crashed, returning previous state: Error: Trait not found: trait.reputation.power.renown
    at assignTrait (C:/Users/chris/Dev/Projects/TheFantasyWorldSimulator/src/engine/traits.ts:44:25)
    at syncReputationTrait (C:/Users/chris/Dev/Projects/TheFantasyWorldSimulator/src/engine/phaseReputationTraits.ts:297:5)
    at phaseReputationTraits (C:/Users/chris/Dev/Projects/TheFantasyWorldSimulator/src/engine/phaseReputationTraits.ts:273:7)
    at runTick (C:/Users/chris/Dev/Projects/TheFantasyWorldSimulator/src/engine/orchestrator.ts:1896:18)
    at C:/Users/chris/Dev/Projects/TheFantasyWorldSimulator/src/engine/__tests__/traceBuffer-integration.test.ts:303:15
    at file:///C:/Users/chris/Dev/Projects/TheFantasyWorldSimulator/node_modules/@vitest/runner/dist/index.js:145:11
    at file:///C:/Users/chris/Dev/Projects/TheFantasyWorldSimulator/node_modules/@vitest/runner/dist/index.js:915:26
    at file:///C:/Users/chris/Dev/Projects/TheFantasyWorldSimulator/node_modules/@vitest/runner/dist/index.js:1243:20
    at new Promise (<anonymous>)
    at runWithTimeout (file:///C:/Users/chris/Dev/Projects/TheFantasyWorldSimulator/node_modules/@vitest/runner/dist/index.js:1209:10)
[Orchestrator] Tick crashed, returning previous state: Error: Trait not found: trait.reputation.power.renown
    at assignTrait (C:/Users/chris/Dev/Projects/TheFantasyWorldSimulator/src/engine/traits.ts:44:25)
    at syncReputationTrait (C:/Users/chris/Dev/Projects/TheFantasyWorldSimulator/src/engine/phaseReputationTraits.ts:297:5)
    at phaseReputationTraits (C:/Users/chris/Dev/Projects/TheFantasyWorldSimulator/src/engine/phaseReputationTraits.ts:273:7)
    at runTick (C:/Users/chris/Dev/Projects/TheFantasyWorldSimulator/src/engine/orchestrator.ts:1896:18)
    at C:/Users/chris/Dev/Projects/TheFantasyWorldSimulator/src/engine/__tests__/traceBuffer-integration.test.ts:303:15
    at file:///C:/Users/chris/Dev/Projects/TheFantasyWorldSimulator/node_modules/@vitest/runner/dist/index.js:145:11
    at file:///C:/Users/chris/Dev/Projects/TheFantasyWorldSimulator/node_modules/@vitest/runner/dist/index.js:915:26
    at file:///C:/Users/chris/Dev/Projects/TheFantasyWorldSimulator/node_modules/@vitest/runner/dist/index.js:1243:20
    at new Promise (<anonymous>)
    at runWithTimeout (file:///C:/Users/chris/Dev/Projects/TheFantasyWorldSimulator/node_modules/@vitest/runner/dist/index.js:1209:10)
[Orchestrator] Tick crashed, returning previous state: Error: Trait not found: trait.reputation.power.renown
    at assignTrait (C:/Users/chris/Dev/Projects/TheFantasyWorldSimulator/src/engine/traits.ts:44:25)
    at syncReputationTrait (C:/Users/chris/Dev/Projects/TheFantasyWorldSimulator/src/engine/phaseReputationTraits.ts:297:5)
    at phaseReputationTraits (C:/Users/chris/Dev/Projects/TheFantasyWorldSimulator/src/engine/phaseReputationTraits.ts:273:7)
    at runTick (C:/Users/chris/Dev/Projects/TheFantasyWorldSimulator/src/engine/orchestrator.ts:1896:18)
    at C:/Users/chris/Dev/Projects/TheFantasyWorldSimulator/src/engine/__tests__/traceBuffer-integration.test.ts:303:15
    at file:///C:/Users/chris/Dev/Projects/TheFantasyWorldSimulator/node_modules/@vitest/runner/dist/index.js:145:11
    at file:///C:/Users/chris/Dev/Projects/TheFantasyWorldSimulator/node_modules/@vitest/runner/dist/index.js:915:26
    at file:///C:/Users/chris/Dev/Projects/TheFantasyWorldSimulator/node_modules/@vitest/runner/dist/index.js:1243:20
    at new Promise (<anonymous>)
    at runWithTimeout (file:///C:/Users/chris/Dev/Projects/TheFantasyWorldSimulator/node_modules/@vitest/runner/dist/index.js:1209:10)
[Orchestrator] Tick crashed, returning previous state: Error: Trait not found: trait.reputation.power.renown
    at assignTrait (C:/Users/chris/Dev/Projects/TheFantasyWorldSimulator/src/engine/traits.ts:44:25)
    at syncReputationTrait (C:/Users/chris/Dev/Projects/TheFantasyWorldSimulator/src/engine/phaseReputationTraits.ts:297:5)
    at phaseReputationTraits (C:/Users/chris/Dev/Projects/TheFantasyWorldSimulator/src/engine/phaseReputationTraits.ts:273:7)
    at runTick (C:/Users/chris/Dev/Projects/TheFantasyWorldSimulator/src/engine/orchestrator.ts:1896:18)
    at C:/Users/chris/Dev/Projects/TheFantasyWorldSimulator/src/engine/__tests__/traceBuffer-integration.test.ts:303:15
    at file:///C:/Users/chris/Dev/Projects/TheFantasyWorldSimulator/node_modules/@vitest/runner/dist/index.js:145:11
    at file:///C:/Users/chris/Dev/Projects/TheFantasyWorldSimulator/node_modules/@vitest/runner/dist/index.js:915:26
    at file:///C:/Users/chris/Dev/Projects/TheFantasyWorldSimulator/node_modules/@vitest/runner/dist/index.js:1243:20
    at new Promise (<anonymous>)
    at runWithTimeout (file:///C:/Users/chris/Dev/Projects/TheFantasyWorldSimulator/node_modules/@vitest/runner/dist/index.js:1209:10)
[Orchestrator] Tick crashed, returning previous state: Error: Trait not found: trait.reputation.power.renown
    at assignTrait (C:/Users/chris/Dev/Projects/TheFantasyWorldSimulator/src/engine/traits.ts:44:25)
    at syncReputationTrait (C:/Users/chris/Dev/Projects/TheFantasyWorldSimulator/src/engine/phaseReputationTraits.ts:297:5)
    at phaseReputationTraits (C:/Users/chris/Dev/Projects/TheFantasyWorldSimulator/src/engine/phaseReputationTraits.ts:273:7)
    at runTick (C:/Users/chris/Dev/Projects/TheFantasyWorldSimulator/src/engine/orchestrator.ts:1896:18)
    at C:/Users/chris/Dev/Projects/TheFantasyWorldSimulator/src/engine/__tests__/traceBuffer-integration.test.ts:303:15
    at file:///C:/Users/chris/Dev/Projects/TheFantasyWorldSimulator/node_modules/@vitest/runner/dist/index.js:145:11
    at file:///C:/Users/chris/Dev/Projects/TheFantasyWorldSimulator/node_modules/@vitest/runner/dist/index.js:915:26
    at file:///C:/Users/chris/Dev/Projects/TheFantasyWorldSimulator/node_modules/@vitest/runner/dist/index.js:1243:20
    at new Promise (<anonymous>)
    at runWithTimeout (file:///C:/Users/chris/Dev/Projects/TheFantasyWorldSimulator/node_modules/@vitest/runner/dist/index.js:1209:10)
[Orchestrator] Tick crashed, returning previous state: Error: Trait not found: trait.reputation.power.renown
    at assignTrait (C:/Users/chris/Dev/Projects/TheFantasyWorldSimulator/src/engine/traits.ts:44:25)
    at syncReputationTrait (C:/Users/chris/Dev/Projects/TheFantasyWorldSimulator/src/engine/phaseReputationTraits.ts:297:5)
    at phaseReputationTraits (C:/Users/chris/Dev/Projects/TheFantasyWorldSimulator/src/engine/phaseReputationTraits.ts:273:7)
    at runTick (C:/Users/chris/Dev/Projects/TheFantasyWorldSimulator/src/engine/orchestrator.ts:1896:18)
    at C:/Users/chris/Dev/Projects/TheFantasyWorldSimulator/src/engine/__tests__/traceBuffer-integration.test.ts:303:15
    at file:///C:/Users/chris/Dev/Projects/TheFantasyWorldSimulator/node_modules/@vitest/runner/dist/index.js:145:11
    at file:///C:/Users/chris/Dev/Projects/TheFantasyWorldSimulator/node_modules/@vitest/runner/dist/index.js:915:26
    at file:///C:/Users/chris/Dev/Projects/TheFantasyWorldSimulator/node_modules/@vitest/runner/dist/index.js:1243:20
    at new Promise (<anonymous>)
    at runWithTimeout (file:///C:/Users/chris/Dev/Projects/TheFantasyWorldSimulator/node_modules/@vitest/runner/dist/index.js:1209:10)
[Orchestrator] Tick crashed, returning previous state: Error: Trait not found: trait.reputation.power.renown
    at assignTrait (C:/Users/chris/Dev/Projects/TheFantasyWorldSimulator/src/engine/traits.ts:44:25)
    at syncReputationTrait (C:/Users/chris/Dev/Projects/TheFantasyWorldSimulator/src/engine/phaseReputationTraits.ts:297:5)
    at phaseReputationTraits (C:/Users/chris/Dev/Projects/TheFantasyWorldSimulator/src/engine/phaseReputationTraits.ts:273:7)
    at runTick (C:/Users/chris/Dev/Projects/TheFantasyWorldSimulator/src/engine/orchestrator.ts:1896:18)
    at C:/Users/chris/Dev/Projects/TheFantasyWorldSimulator/src/engine/__tests__/traceBuffer-integration.test.ts:303:15
    at file:///C:/Users/chris/Dev/Projects/TheFantasyWorldSimulator/node_modules/@vitest/runner/dist/index.js:145:11
    at file:///C:/Users/chris/Dev/Projects/TheFantasyWorldSimulator/node_modules/@vitest/runner/dist/index.js:915:26
    at file:///C:/Users/chris/Dev/Projects/TheFantasyWorldSimulator/node_modules/@vitest/runner/dist/index.js:1243:20
    at new Promise (<anonymous>)
    at runWithTimeout (file:///C:/Users/chris/Dev/Projects/TheFantasyWorldSimulator/node_modules/@vitest/runner/dist/index.js:1209:10)
[Orchestrator] Tick crashed, returning previous state: Error: Trait not found: trait.reputation.power.renown
    at assignTrait (C:/Users/chris/Dev/Projects/TheFantasyWorldSimulator/src/engine/traits.ts:44:25)
    at syncReputationTrait (C:/Users/chris/Dev/Projects/TheFantasyWorldSimulator/src/engine/phaseReputationTraits.ts:297:5)
    at phaseReputationTraits (C:/Users/chris/Dev/Projects/TheFantasyWorldSimulator/src/engine/phaseReputationTraits.ts:273:7)
    at runTick (C:/Users/chris/Dev/Projects/TheFantasyWorldSimulator/src/engine/orchestrator.ts:1896:18)
    at C:/Users/chris/Dev/Projects/TheFantasyWorldSimulator/src/engine/__tests__/traceBuffer-integration.test.ts:303:15
    at file:///C:/Users/chris/Dev/Projects/TheFantasyWorldSimulator/node_modules/@vitest/runner/dist/index.js:145:11
    at file:///C:/Users/chris/Dev/Projects/TheFantasyWorldSimulator/node_modules/@vitest/runner/dist/index.js:915:26
    at file:///C:/Users/chris/Dev/Projects/TheFantasyWorldSimulator/node_modules/@vitest/runner/dist/index.js:1243:20
    at new Promise (<anonymous>)
    at runWithTimeout (file:///C:/Users/chris/Dev/Projects/TheFantasyWorldSimulator/node_modules/@vitest/runner/dist/index.js:1209:10)
[Orchestrator] Tick crashed, returning previous state: Error: Trait not found: trait.reputation.power.renown
    at assignTrait (C:/Users/chris/Dev/Projects/TheFantasyWorldSimulator/src/engine/traits.ts:44:25)
    at syncReputationTrait (C:/Users/chris/Dev/Projects/TheFantasyWorldSimulator/src/engine/phaseReputationTraits.ts:297:5)
    at phaseReputationTraits (C:/Users/chris/Dev/Projects/TheFantasyWorldSimulator/src/engine/phaseReputationTraits.ts:273:7)
    at runTick (C:/Users/chris/Dev/Projects/TheFantasyWorldSimulator/src/engine/orchestrator.ts:1896:18)
    at C:/Users/chris/Dev/Projects/TheFantasyWorldSimulator/src/engine/__tests__/traceBuffer-integration.test.ts:303:15
    at file:///C:/Users/chris/Dev/Projects/TheFantasyWorldSimulator/node_modules/@vitest/runner/dist/index.js:145:11
    at file:///C:/Users/chris/Dev/Projects/TheFantasyWorldSimulator/node_modules/@vitest/runner/dist/index.js:915:26
    at file:///C:/Users/chris/Dev/Projects/TheFantasyWorldSimulator/node_modules/@vitest/runner/dist/index.js:1243:20
    at new Promise (<anonymous>)
    at runWithTimeout (file:///C:/Users/chris/Dev/Projects/TheFantasyWorldSimulator/node_modules/@vitest/runner/dist/index.js:1209:10)
[Orchestrator] Tick crashed, returning previous state: Error: Trait not found: trait.reputation.power.renown
    at assignTrait (C:/Users/chris/Dev/Projects/TheFantasyWorldSimulator/src/engine/traits.ts:44:25)
    at syncReputationTrait (C:/Users/chris/Dev/Projects/TheFantasyWorldSimulator/src/engine/phaseReputationTraits.ts:297:5)
    at phaseReputationTraits (C:/Users/chris/Dev/Projects/TheFantasyWorldSimulator/src/engine/phaseReputationTraits.ts:273:7)
    at runTick (C:/Users/chris/Dev/Projects/TheFantasyWorldSimulator/src/engine/orchestrator.ts:1896:18)
    at C:/Users/chris/Dev/Projects/TheFantasyWorldSimulator/src/engine/__tests__/traceBuffer-integration.test.ts:303:15
    at file:///C:/Users/chris/Dev/Projects/TheFantasyWorldSimulator/node_modules/@vitest/runner/dist/index.js:145:11
    at file:///C:/Users/chris/Dev/Projects/TheFantasyWorldSimulator/node_modules/@vitest/runner/dist/index.js:915:26
    at file:///C:/Users/chris/Dev/Projects/TheFantasyWorldSimulator/node_modules/@vitest/runner/dist/index.js:1243:20
    at new Promise (<anonymous>)
    at runWithTimeout (file:///C:/Users/chris/Dev/Projects/TheFantasyWorldSimulator/node_modules/@vitest/runner/dist/index.js:1209:10)
[Orchestrator] Tick crashed, returning previous state: Error: Trait not found: trait.reputation.power.renown
    at assignTrait (C:/Users/chris/Dev/Projects/TheFantasyWorldSimulator/src/engine/traits.ts:44:25)
    at syncReputationTrait (C:/Users/chris/Dev/Projects/TheFantasyWorldSimulator/src/engine/phaseReputationTraits.ts:297:5)
    at phaseReputationTraits (C:/Users/chris/Dev/Projects/TheFantasyWorldSimulator/src/engine/phaseReputationTraits.ts:273:7)
    at runTick (C:/Users/chris/Dev/Projects/TheFantasyWorldSimulator/src/engine/orchestrator.ts:1896:18)
    at C:/Users/chris/Dev/Projects/TheFantasyWorldSimulator/src/engine/__tests__/traceBuffer-integration.test.ts:303:15
    at file:///C:/Users/chris/Dev/Projects/TheFantasyWorldSimulator/node_modules/@vitest/runner/dist/index.js:145:11
    at file:///C:/Users/chris/Dev/Projects/TheFantasyWorldSimulator/node_modules/@vitest/runner/dist/index.js:915:26
    at file:///C:/Users/chris/Dev/Projects/TheFantasyWorldSimulator/node_modules/@vitest/runner/dist/index.js:1243:20
    at new Promise (<anonymous>)
    at runWithTimeout (file:///C:/Users/chris/Dev/Projects/TheFantasyWorldSimulator/node_modules/@vitest/runner/dist/index.js:1209:10)
[Orchestrator] Tick crashed, returning previous state: Error: Trait not found: trait.reputation.power.renown
    at assignTrait (C:/Users/chris/Dev/Projects/TheFantasyWorldSimulator/src/engine/traits.ts:44:25)
    at syncReputationTrait (C:/Users/chris/Dev/Projects/TheFantasyWorldSimulator/src/engine/phaseReputationTraits.ts:297:5)
    at phaseReputationTraits (C:/Users/chris/Dev/Projects/TheFantasyWorldSimulator/src/engine/phaseReputationTraits.ts:273:7)
    at runTick (C:/Users/chris/Dev/Projects/TheFantasyWorldSimulator/src/engine/orchestrator.ts:1896:18)
    at C:/Users/chris/Dev/Projects/TheFantasyWorldSimulator/src/engine/__tests__/traceBuffer-integration.test.ts:303:15
    at file:///C:/Users/chris/Dev/Projects/TheFantasyWorldSimulator/node_modules/@vitest/runner/dist/index.js:145:11
    at file:///C:/Users/chris/Dev/Projects/TheFantasyWorldSimulator/node_modules/@vitest/runner/dist/index.js:915:26
    at file:///C:/Users/chris/Dev/Projects/TheFantasyWorldSimulator/node_modules/@vitest/runner/dist/index.js:1243:20
    at new Promise (<anonymous>)
    at runWithTimeout (file:///C:/Users/chris/Dev/Projects/TheFantasyWorldSimulator/node_modules/@vitest/runner/dist/index.js:1209:10)
[Orchestrator] Tick crashed, returning previous state: Error: Trait not found: trait.reputation.power.renown
    at assignTrait (C:/Users/chris/Dev/Projects/TheFantasyWorldSimulator/src/engine/traits.ts:44:25)
    at syncReputationTrait (C:/Users/chris/Dev/Projects/TheFantasyWorldSimulator/src/engine/phaseReputationTraits.ts:297:5)
    at phaseReputationTraits (C:/Users/chris/Dev/Projects/TheFantasyWorldSimulator/src/engine/phaseReputationTraits.ts:273:7)
    at runTick (C:/Users/chris/Dev/Projects/TheFantasyWorldSimulator/src/engine/orchestrator.ts:1896:18)
    at C:/Users/chris/Dev/Projects/TheFantasyWorldSimulator/src/engine/__tests__/traceBuffer-integration.test.ts:303:15
    at file:///C:/Users/chris/Dev/Projects/TheFantasyWorldSimulator/node_modules/@vitest/runner/dist/index.js:145:11
    at file:///C:/Users/chris/Dev/Projects/TheFantasyWorldSimulator/node_modules/@vitest/runner/dist/index.js:915:26
    at file:///C:/Users/chris/Dev/Projects/TheFantasyWorldSimulator/node_modules/@vitest/runner/dist/index.js:1243:20
    at new Promise (<anonymous>)
    at runWithTimeout (file:///C:/Users/chris/Dev/Projects/TheFantasyWorldSimulator/node_modules/@vitest/runner/dist/index.js:1209:10)
[Orchestrator] Tick crashed, returning previous state: Error: Trait not found: trait.reputation.power.renown
    at assignTrait (C:/Users/chris/Dev/Projects/TheFantasyWorldSimulator/src/engine/traits.ts:44:25)
    at syncReputationTrait (C:/Users/chris/Dev/Projects/TheFantasyWorldSimulator/src/engine/phaseReputationTraits.ts:297:5)
    at phaseReputationTraits (C:/Users/chris/Dev/Projects/TheFantasyWorldSimulator/src/engine/phaseReputationTraits.ts:273:7)
    at runTick (C:/Users/chris/Dev/Projects/TheFantasyWorldSimulator/src/engine/orchestrator.ts:1896:18)
    at C:/Users/chris/Dev/Projects/TheFantasyWorldSimulator/src/engine/__tests__/traceBuffer-integration.test.ts:303:15
    at file:///C:/Users/chris/Dev/Projects/TheFantasyWorldSimulator/node_modules/@vitest/runner/dist/index.js:145:11
    at file:///C:/Users/chris/Dev/Projects/TheFantasyWorldSimulator/node_modules/@vitest/runner/dist/index.js:915:26
    at file:///C:/Users/chris/Dev/Projects/TheFantasyWorldSimulator/node_modules/@vitest/runner/dist/index.js:1243:20
    at new Promise (<anonymous>)
    at runWithTimeout (file:///C:/Users/chris/Dev/Projects/TheFantasyWorldSimulator/node_modules/@vitest/runner/dist/index.js:1209:10)
[Orchestrator] Tick crashed, returning previous state: Error: Trait not found: trait.reputation.power.renown
    at assignTrait (C:/Users/chris/Dev/Projects/TheFantasyWorldSimulator/src/engine/traits.ts:44:25)
    at syncReputationTrait (C:/Users/chris/Dev/Projects/TheFantasyWorldSimulator/src/engine/phaseReputationTraits.ts:297:5)
    at phaseReputationTraits (C:/Users/chris/Dev/Projects/TheFantasyWorldSimulator/src/engine/phaseReputationTraits.ts:273:7)
    at runTick (C:/Users/chris/Dev/Projects/TheFantasyWorldSimulator/src/engine/orchestrator.ts:1896:18)
    at C:/Users/chris/Dev/Projects/TheFantasyWorldSimulator/src/engine/__tests__/traceBuffer-integration.test.ts:303:15
    at file:///C:/Users/chris/Dev/Projects/TheFantasyWorldSimulator/node_modules/@vitest/runner/dist/index.js:145:11
    at file:///C:/Users/chris/Dev/Projects/TheFantasyWorldSimulator/node_modules/@vitest/runner/dist/index.js:915:26
    at file:///C:/Users/chris/Dev/Projects/TheFantasyWorldSimulator/node_modules/@vitest/runner/dist/index.js:1243:20
    at new Promise (<anonymous>)
    at runWithTimeout (file:///C:/Users/chris/Dev/Projects/TheFantasyWorldSimulator/node_modules/@vitest/runner/dist/index.js:1209:10)
[Orchestrator] Tick crashed, returning previous state: Error: Trait not found: trait.reputation.power.renown
    at assignTrait (C:/Users/chris/Dev/Projects/TheFantasyWorldSimulator/src/engine/traits.ts:44:25)
    at syncReputationTrait (C:/Users/chris/Dev/Projects/TheFantasyWorldSimulator/src/engine/phaseReputationTraits.ts:297:5)
    at phaseReputationTraits (C:/Users/chris/Dev/Projects/TheFantasyWorldSimulator/src/engine/phaseReputationTraits.ts:273:7)
    at runTick (C:/Users/chris/Dev/Projects/TheFantasyWorldSimulator/src/engine/orchestrator.ts:1896:18)
    at C:/Users/chris/Dev/Projects/TheFantasyWorldSimulator/src/engine/__tests__/traceBuffer-integration.test.ts:303:15
    at file:///C:/Users/chris/Dev/Projects/TheFantasyWorldSimulator/node_modules/@vitest/runner/dist/index.js:145:11
    at file:///C:/Users/chris/Dev/Projects/TheFantasyWorldSimulator/node_modules/@vitest/runner/dist/index.js:915:26
    at file:///C:/Users/chris/Dev/Projects/TheFantasyWorldSimulator/node_modules/@vitest/runner/dist/index.js:1243:20
    at new Promise (<anonymous>)
    at runWithTimeout (file:///C:/Users/chris/Dev/Projects/TheFantasyWorldSimulator/node_modules/@vitest/runner/dist/index.js:1209:10)
[Orchestrator] Tick crashed, returning previous state: Error: Trait not found: trait.reputation.power.renown
    at assignTrait (C:/Users/chris/Dev/Projects/TheFantasyWorldSimulator/src/engine/traits.ts:44:25)
    at syncReputationTrait (C:/Users/chris/Dev/Projects/TheFantasyWorldSimulator/src/engine/phaseReputationTraits.ts:297:5)
    at phaseReputationTraits (C:/Users/chris/Dev/Projects/TheFantasyWorldSimulator/src/engine/phaseReputationTraits.ts:273:7)
    at runTick (C:/Users/chris/Dev/Projects/TheFantasyWorldSimulator/src/engine/orchestrator.ts:1896:18)
    at C:/Users/chris/Dev/Projects/TheFantasyWorldSimulator/src/engine/__tests__/traceBuffer-integration.test.ts:303:15
    at file:///C:/Users/chris/Dev/Projects/TheFantasyWorldSimulator/node_modules/@vitest/runner/dist/index.js:145:11
    at file:///C:/Users/chris/Dev/Projects/TheFantasyWorldSimulator/node_modules/@vitest/runner/dist/index.js:915:26
    at file:///C:/Users/chris/Dev/Projects/TheFantasyWorldSimulator/node_modules/@vitest/runner/dist/index.js:1243:20
    at new Promise (<anonymous>)
    at runWithTimeout (file:///C:/Users/chris/Dev/Projects/TheFantasyWorldSimulator/node_modules/@vitest/runner/dist/index.js:1209:10)
[Orchestrator] Tick crashed, returning previous state: Error: Trait not found: trait.reputation.power.renown
    at assignTrait (C:/Users/chris/Dev/Projects/TheFantasyWorldSimulator/src/engine/traits.ts:44:25)
    at syncReputationTrait (C:/Users/chris/Dev/Projects/TheFantasyWorldSimulator/src/engine/phaseReputationTraits.ts:297:5)
    at phaseReputationTraits (C:/Users/chris/Dev/Projects/TheFantasyWorldSimulator/src/engine/phaseReputationTraits.ts:273:7)
    at runTick (C:/Users/chris/Dev/Projects/TheFantasyWorldSimulator/src/engine/orchestrator.ts:1896:18)
    at C:/Users/chris/Dev/Projects/TheFantasyWorldSimulator/src/engine/__tests__/traceBuffer-integration.test.ts:303:15
    at file:///C:/Users/chris/Dev/Projects/TheFantasyWorldSimulator/node_modules/@vitest/runner/dist/index.js:145:11
    at file:///C:/Users/chris/Dev/Projects/TheFantasyWorldSimulator/node_modules/@vitest/runner/dist/index.js:915:26
    at file:///C:/Users/chris/Dev/Projects/TheFantasyWorldSimulator/node_modules/@vitest/runner/dist/index.js:1243:20
    at new Promise (<anonymous>)
    at runWithTimeout (file:///C:/Users/chris/Dev/Projects/TheFantasyWorldSimulator/node_modules/@vitest/runner/dist/index.js:1209:10)
[Orchestrator] Tick crashed, returning previous state: Error: Trait not found: trait.reputation.power.renown
    at assignTrait (C:/Users/chris/Dev/Projects/TheFantasyWorldSimulator/src/engine/traits.ts:44:25)
    at syncReputationTrait (C:/Users/chris/Dev/Projects/TheFantasyWorldSimulator/src/engine/phaseReputationTraits.ts:297:5)
    at phaseReputationTraits (C:/Users/chris/Dev/Projects/TheFantasyWorldSimulator/src/engine/phaseReputationTraits.ts:273:7)
    at runTick (C:/Users/chris/Dev/Projects/TheFantasyWorldSimulator/src/engine/orchestrator.ts:1896:18)
    at C:/Users/chris/Dev/Projects/TheFantasyWorldSimulator/src/engine/__tests__/traceBuffer-integration.test.ts:303:15
    at file:///C:/Users/chris/Dev/Projects/TheFantasyWorldSimulator/node_modules/@vitest/runner/dist/index.js:145:11
    at file:///C:/Users/chris/Dev/Projects/TheFantasyWorldSimulator/node_modules/@vitest/runner/dist/index.js:915:26
    at file:///C:/Users/chris/Dev/Projects/TheFantasyWorldSimulator/node_modules/@vitest/runner/dist/index.js:1243:20
    at new Promise (<anonymous>)
    at runWithTimeout (file:///C:/Users/chris/Dev/Projects/TheFantasyWorldSimulator/node_modules/@vitest/runner/dist/index.js:1209:10)
[Orchestrator] Tick crashed, returning previous state: Error: Trait not found: trait.reputation.power.renown
    at assignTrait (C:/Users/chris/Dev/Projects/TheFantasyWorldSimulator/src/engine/traits.ts:44:25)
    at syncReputationTrait (C:/Users/chris/Dev/Projects/TheFantasyWorldSimulator/src/engine/phaseReputationTraits.ts:297:5)
    at phaseReputationTraits (C:/Users/chris/Dev/Projects/TheFantasyWorldSimulator/src/engine/phaseReputationTraits.ts:273:7)
    at runTick (C:/Users/chris/Dev/Projects/TheFantasyWorldSimulator/src/engine/orchestrator.ts:1896:18)
    at C:/Users/chris/Dev/Projects/TheFantasyWorldSimulator/src/engine/__tests__/traceBuffer-integration.test.ts:303:15
    at file:///C:/Users/chris/Dev/Projects/TheFantasyWorldSimulator/node_modules/@vitest/runner/dist/index.js:145:11
    at file:///C:/Users/chris/Dev/Projects/TheFantasyWorldSimulator/node_modules/@vitest/runner/dist/index.js:915:26
    at file:///C:/Users/chris/Dev/Projects/TheFantasyWorldSimulator/node_modules/@vitest/runner/dist/index.js:1243:20
    at new Promise (<anonymous>)
    at runWithTimeout (file:///C:/Users/chris/Dev/Projects/TheFantasyWorldSimulator/node_modules/@vitest/runner/dist/index.js:1209:10)
[Orchestrator] Tick crashed, returning previous state: Error: Trait not found: trait.reputation.power.renown
    at assignTrait (C:/Users/chris/Dev/Projects/TheFantasyWorldSimulator/src/engine/traits.ts:44:25)
    at syncReputationTrait (C:/Users/chris/Dev/Projects/TheFantasyWorldSimulator/src/engine/phaseReputationTraits.ts:297:5)
    at phaseReputationTraits (C:/Users/chris/Dev/Projects/TheFantasyWorldSimulator/src/engine/phaseReputationTraits.ts:273:7)
    at runTick (C:/Users/chris/Dev/Projects/TheFantasyWorldSimulator/src/engine/orchestrator.ts:1896:18)
    at C:/Users/chris/Dev/Projects/TheFantasyWorldSimulator/src/engine/__tests__/traceBuffer-integration.test.ts:303:15
    at file:///C:/Users/chris/Dev/Projects/TheFantasyWorldSimulator/node_modules/@vitest/runner/dist/index.js:145:11
    at file:///C:/Users/chris/Dev/Projects/TheFantasyWorldSimulator/node_modules/@vitest/runner/dist/index.js:915:26
    at file:///C:/Users/chris/Dev/Projects/TheFantasyWorldSimulator/node_modules/@vitest/runner/dist/index.js:1243:20
    at new Promise (<anonymous>)
    at runWithTimeout (file:///C:/Users/chris/Dev/Projects/TheFantasyWorldSimulator/node_modules/@vitest/runner/dist/index.js:1209:10)
[Orchestrator] Tick crashed, returning previous state: Error: Trait not found: trait.reputation.power.renown
    at assignTrait (C:/Users/chris/Dev/Projects/TheFantasyWorldSimulator/src/engine/traits.ts:44:25)
    at syncReputationTrait (C:/Users/chris/Dev/Projects/TheFantasyWorldSimulator/src/engine/phaseReputationTraits.ts:297:5)
    at phaseReputationTraits (C:/Users/chris/Dev/Projects/TheFantasyWorldSimulator/src/engine/phaseReputationTraits.ts:273:7)
    at runTick (C:/Users/chris/Dev/Projects/TheFantasyWorldSimulator/src/engine/orchestrator.ts:1896:18)
    at C:/Users/chris/Dev/Projects/TheFantasyWorldSimulator/src/engine/__tests__/traceBuffer-integration.test.ts:303:15
    at file:///C:/Users/chris/Dev/Projects/TheFantasyWorldSimulator/node_modules/@vitest/runner/dist/index.js:145:11
    at file:///C:/Users/chris/Dev/Projects/TheFantasyWorldSimulator/node_modules/@vitest/runner/dist/index.js:915:26
    at file:///C:/Users/chris/Dev/Projects/TheFantasyWorldSimulator/node_modules/@vitest/runner/dist/index.js:1243:20
    at new Promise (<anonymous>)
    at runWithTimeout (file:///C:/Users/chris/Dev/Projects/TheFantasyWorldSimulator/node_modules/@vitest/runner/dist/index.js:1209:10)
[Orchestrator] Tick crashed, returning previous state: Error: Trait not found: trait.reputation.power.renown
    at assignTrait (C:/Users/chris/Dev/Projects/TheFantasyWorldSimulator/src/engine/traits.ts:44:25)
    at syncReputationTrait (C:/Users/chris/Dev/Projects/TheFantasyWorldSimulator/src/engine/phaseReputationTraits.ts:297:5)
    at phaseReputationTraits (C:/Users/chris/Dev/Projects/TheFantasyWorldSimulator/src/engine/phaseReputationTraits.ts:273:7)
    at runTick (C:/Users/chris/Dev/Projects/TheFantasyWorldSimulator/src/engine/orchestrator.ts:1896:18)
    at C:/Users/chris/Dev/Projects/TheFantasyWorldSimulator/src/engine/__tests__/traceBuffer-integration.test.ts:303:15
    at file:///C:/Users/chris/Dev/Projects/TheFantasyWorldSimulator/node_modules/@vitest/runner/dist/index.js:145:11
    at file:///C:/Users/chris/Dev/Projects/TheFantasyWorldSimulator/node_modules/@vitest/runner/dist/index.js:915:26
    at file:///C:/Users/chris/Dev/Projects/TheFantasyWorldSimulator/node_modules/@vitest/runner/dist/index.js:1243:20
    at new Promise (<anonymous>)
    at runWithTimeout (file:///C:/Users/chris/Dev/Projects/TheFantasyWorldSimulator/node_modules/@vitest/runner/dist/index.js:1209:10)
[Orchestrator] Tick crashed, returning previous state: Error: Trait not found: trait.reputation.power.renown
    at assignTrait (C:/Users/chris/Dev/Projects/TheFantasyWorldSimulator/src/engine/traits.ts:44:25)
    at syncReputationTrait (C:/Users/chris/Dev/Projects/TheFantasyWorldSimulator/src/engine/phaseReputationTraits.ts:297:5)
    at phaseReputationTraits (C:/Users/chris/Dev/Projects/TheFantasyWorldSimulator/src/engine/phaseReputationTraits.ts:273:7)
    at runTick (C:/Users/chris/Dev/Projects/TheFantasyWorldSimulator/src/engine/orchestrator.ts:1896:18)
    at C:/Users/chris/Dev/Projects/TheFantasyWorldSimulator/src/engine/__tests__/traceBuffer-integration.test.ts:303:15
    at file:///C:/Users/chris/Dev/Projects/TheFantasyWorldSimulator/node_modules/@vitest/runner/dist/index.js:145:11
    at file:///C:/Users/chris/Dev/Projects/TheFantasyWorldSimulator/node_modules/@vitest/runner/dist/index.js:915:26
    at file:///C:/Users/chris/Dev/Projects/TheFantasyWorldSimulator/node_modules/@vitest/runner/dist/index.js:1243:20
    at new Promise (<anonymous>)
    at runWithTimeout (file:///C:/Users/chris/Dev/Projects/TheFantasyWorldSimulator/node_modules/@vitest/runner/dist/index.js:1209:10)
[Orchestrator] Tick crashed, returning previous state: Error: Trait not found: trait.reputation.power.renown
    at assignTrait (C:/Users/chris/Dev/Projects/TheFantasyWorldSimulator/src/engine/traits.ts:44:25)
    at syncReputationTrait (C:/Users/chris/Dev/Projects/TheFantasyWorldSimulator/src/engine/phaseReputationTraits.ts:297:5)
    at phaseReputationTraits (C:/Users/chris/Dev/Projects/TheFantasyWorldSimulator/src/engine/phaseReputationTraits.ts:273:7)
    at runTick (C:/Users/chris/Dev/Projects/TheFantasyWorldSimulator/src/engine/orchestrator.ts:1896:18)
    at C:/Users/chris/Dev/Projects/TheFantasyWorldSimulator/src/engine/__tests__/traceBuffer-integration.test.ts:303:15
    at file:///C:/Users/chris/Dev/Projects/TheFantasyWorldSimulator/node_modules/@vitest/runner/dist/index.js:145:11
    at file:///C:/Users/chris/Dev/Projects/TheFantasyWorldSimulator/node_modules/@vitest/runner/dist/index.js:915:26
    at file:///C:/Users/chris/Dev/Projects/TheFantasyWorldSimulator/node_modules/@vitest/runner/dist/index.js:1243:20
    at new Promise (<anonymous>)
    at runWithTimeout (file:///C:/Users/chris/Dev/Projects/TheFantasyWorldSimulator/node_modules/@vitest/runner/dist/index.js:1209:10)
[Orchestrator] Tick crashed, returning previous state: Error: Trait not found: trait.reputation.power.renown
    at assignTrait (C:/Users/chris/Dev/Projects/TheFantasyWorldSimulator/src/engine/traits.ts:44:25)
    at syncReputationTrait (C:/Users/chris/Dev/Projects/TheFantasyWorldSimulator/src/engine/phaseReputationTraits.ts:297:5)
    at phaseReputationTraits (C:/Users/chris/Dev/Projects/TheFantasyWorldSimulator/src/engine/phaseReputationTraits.ts:273:7)
    at runTick (C:/Users/chris/Dev/Projects/TheFantasyWorldSimulator/src/engine/orchestrator.ts:1896:18)
    at C:/Users/chris/Dev/Projects/TheFantasyWorldSimulator/src/engine/__tests__/traceBuffer-integration.test.ts:303:15
    at file:///C:/Users/chris/Dev/Projects/TheFantasyWorldSimulator/node_modules/@vitest/runner/dist/index.js:145:11
    at file:///C:/Users/chris/Dev/Projects/TheFantasyWorldSimulator/node_modules/@vitest/runner/dist/index.js:915:26
    at file:///C:/Users/chris/Dev/Projects/TheFantasyWorldSimulator/node_modules/@vitest/runner/dist/index.js:1243:20
    at new Promise (<anonymous>)
    at runWithTimeout (file:///C:/Users/chris/Dev/Projects/TheFantasyWorldSimulator/node_modules/@vitest/runner/dist/index.js:1209:10)
[Orchestrator] Tick crashed, returning previous state: Error: Trait not found: trait.reputation.power.renown
    at assignTrait (C:/Users/chris/Dev/Projects/TheFantasyWorldSimulator/src/engine/traits.ts:44:25)
    at syncReputationTrait (C:/Users/chris/Dev/Projects/TheFantasyWorldSimulator/src/engine/phaseReputationTraits.ts:297:5)
    at phaseReputationTraits (C:/Users/chris/Dev/Projects/TheFantasyWorldSimulator/src/engine/phaseReputationTraits.ts:273:7)
    at runTick (C:/Users/chris/Dev/Projects/TheFantasyWorldSimulator/src/engine/orchestrator.ts:1896:18)
    at C:/Users/chris/Dev/Projects/TheFantasyWorldSimulator/src/engine/__tests__/traceBuffer-integration.test.ts:303:15
    at file:///C:/Users/chris/Dev/Projects/TheFantasyWorldSimulator/node_modules/@vitest/runner/dist/index.js:145:11
    at file:///C:/Users/chris/Dev/Projects/TheFantasyWorldSimulator/node_modules/@vitest/runner/dist/index.js:915:26
    at file:///C:/Users/chris/Dev/Projects/TheFantasyWorldSimulator/node_modules/@vitest/runner/dist/index.js:1243:20
    at new Promise (<anonymous>)
    at runWithTimeout (file:///C:/Users/chris/Dev/Projects/TheFantasyWorldSimulator/node_modules/@vitest/runner/dist/index.js:1209:10)
[Orchestrator] Tick crashed, returning previous state: Error: Trait not found: trait.reputation.power.renown
    at assignTrait (C:/Users/chris/Dev/Projects/TheFantasyWorldSimulator/src/engine/traits.ts:44:25)
    at syncReputationTrait (C:/Users/chris/Dev/Projects/TheFantasyWorldSimulator/src/engine/phaseReputationTraits.ts:297:5)
    at phaseReputationTraits (C:/Users/chris/Dev/Projects/TheFantasyWorldSimulator/src/engine/phaseReputationTraits.ts:273:7)
    at runTick (C:/Users/chris/Dev/Projects/TheFantasyWorldSimulator/src/engine/orchestrator.ts:1896:18)
    at C:/Users/chris/Dev/Projects/TheFantasyWorldSimulator/src/engine/__tests__/traceBuffer-integration.test.ts:303:15
    at file:///C:/Users/chris/Dev/Projects/TheFantasyWorldSimulator/node_modules/@vitest/runner/dist/index.js:145:11
    at file:///C:/Users/chris/Dev/Projects/TheFantasyWorldSimulator/node_modules/@vitest/runner/dist/index.js:915:26
    at file:///C:/Users/chris/Dev/Projects/TheFantasyWorldSimulator/node_modules/@vitest/runner/dist/index.js:1243:20
    at new Promise (<anonymous>)
    at runWithTimeout (file:///C:/Users/chris/Dev/Projects/TheFantasyWorldSimulator/node_modules/@vitest/runner/dist/index.js:1209:10)
[Orchestrator] Tick crashed, returning previous state: Error: Trait not found: trait.reputation.power.renown
    at assignTrait (C:/Users/chris/Dev/Projects/TheFantasyWorldSimulator/src/engine/traits.ts:44:25)
    at syncReputationTrait (C:/Users/chris/Dev/Projects/TheFantasyWorldSimulator/src/engine/phaseReputationTraits.ts:297:5)
    at phaseReputationTraits (C:/Users/chris/Dev/Projects/TheFantasyWorldSimulator/src/engine/phaseReputationTraits.ts:273:7)
    at runTick (C:/Users/chris/Dev/Projects/TheFantasyWorldSimulator/src/engine/orchestrator.ts:1896:18)
    at C:/Users/chris/Dev/Projects/TheFantasyWorldSimulator/src/engine/__tests__/traceBuffer-integration.test.ts:303:15
    at file:///C:/Users/chris/Dev/Projects/TheFantasyWorldSimulator/node_modules/@vitest/runner/dist/index.js:145:11
    at file:///C:/Users/chris/Dev/Projects/TheFantasyWorldSimulator/node_modules/@vitest/runner/dist/index.js:915:26
    at file:///C:/Users/chris/Dev/Projects/TheFantasyWorldSimulator/node_modules/@vitest/runner/dist/index.js:1243:20
    at new Promise (<anonymous>)
    at runWithTimeout (file:///C:/Users/chris/Dev/Projects/TheFantasyWorldSimulator/node_modules/@vitest/runner/dist/index.js:1209:10)
[Orchestrator] Tick crashed, returning previous state: Error: Trait not found: trait.reputation.power.renown
    at assignTrait (C:/Users/chris/Dev/Projects/TheFantasyWorldSimulator/src/engine/traits.ts:44:25)
    at syncReputationTrait (C:/Users/chris/Dev/Projects/TheFantasyWorldSimulator/src/engine/phaseReputationTraits.ts:297:5)
    at phaseReputationTraits (C:/Users/chris/Dev/Projects/TheFantasyWorldSimulator/src/engine/phaseReputationTraits.ts:273:7)
    at runTick (C:/Users/chris/Dev/Projects/TheFantasyWorldSimulator/src/engine/orchestrator.ts:1896:18)
    at C:/Users/chris/Dev/Projects/TheFantasyWorldSimulator/src/engine/__tests__/traceBuffer-integration.test.ts:303:15
    at file:///C:/Users/chris/Dev/Projects/TheFantasyWorldSimulator/node_modules/@vitest/runner/dist/index.js:145:11
    at file:///C:/Users/chris/Dev/Projects/TheFantasyWorldSimulator/node_modules/@vitest/runner/dist/index.js:915:26
    at file:///C:/Users/chris/Dev/Projects/TheFantasyWorldSimulator/node_modules/@vitest/runner/dist/index.js:1243:20
    at new Promise (<anonymous>)
    at runWithTimeout (file:///C:/Users/chris/Dev/Projects/TheFantasyWorldSimulator/node_modules/@vitest/runner/dist/index.js:1209:10)
[Orchestrator] Tick crashed, returning previous state: Error: Trait not found: trait.reputation.power.renown
    at assignTrait (C:/Users/chris/Dev/Projects/TheFantasyWorldSimulator/src/engine/traits.ts:44:25)
    at syncReputationTrait (C:/Users/chris/Dev/Projects/TheFantasyWorldSimulator/src/engine/phaseReputationTraits.ts:297:5)
    at phaseReputationTraits (C:/Users/chris/Dev/Projects/TheFantasyWorldSimulator/src/engine/phaseReputationTraits.ts:273:7)
    at runTick (C:/Users/chris/Dev/Projects/TheFantasyWorldSimulator/src/engine/orchestrator.ts:1896:18)
    at C:/Users/chris/Dev/Projects/TheFantasyWorldSimulator/src/engine/__tests__/traceBuffer-integration.test.ts:303:15
    at file:///C:/Users/chris/Dev/Projects/TheFantasyWorldSimulator/node_modules/@vitest/runner/dist/index.js:145:11
    at file:///C:/Users/chris/Dev/Projects/TheFantasyWorldSimulator/node_modules/@vitest/runner/dist/index.js:915:26
    at file:///C:/Users/chris/Dev/Projects/TheFantasyWorldSimulator/node_modules/@vitest/runner/dist/index.js:1243:20
    at new Promise (<anonymous>)
    at runWithTimeout (file:///C:/Users/chris/Dev/Projects/TheFantasyWorldSimulator/node_modules/@vitest/runner/dist/index.js:1209:10)
[Orchestrator] Tick crashed, returning previous state: Error: Trait not found: trait.reputation.power.renown
    at assignTrait (C:/Users/chris/Dev/Projects/TheFantasyWorldSimulator/src/engine/traits.ts:44:25)
    at syncReputationTrait (C:/Users/chris/Dev/Projects/TheFantasyWorldSimulator/src/engine/phaseReputationTraits.ts:297:5)
    at phaseReputationTraits (C:/Users/chris/Dev/Projects/TheFantasyWorldSimulator/src/engine/phaseReputationTraits.ts:273:7)
    at runTick (C:/Users/chris/Dev/Projects/TheFantasyWorldSimulator/src/engine/orchestrator.ts:1896:18)
    at C:/Users/chris/Dev/Projects/TheFantasyWorldSimulator/src/engine/__tests__/traceBuffer-integration.test.ts:303:15
    at file:///C:/Users/chris/Dev/Projects/TheFantasyWorldSimulator/node_modules/@vitest/runner/dist/index.js:145:11
    at file:///C:/Users/chris/Dev/Projects/TheFantasyWorldSimulator/node_modules/@vitest/runner/dist/index.js:915:26
    at file:///C:/Users/chris/Dev/Projects/TheFantasyWorldSimulator/node_modules/@vitest/runner/dist/index.js:1243:20
    at new Promise (<anonymous>)
    at runWithTimeout (file:///C:/Users/chris/Dev/Projects/TheFantasyWorldSimulator/node_modules/@vitest/runner/dist/index.js:1209:10)
[Orchestrator] Tick crashed, returning previous state: Error: Trait not found: trait.reputation.power.renown
    at assignTrait (C:/Users/chris/Dev/Projects/TheFantasyWorldSimulator/src/engine/traits.ts:44:25)
    at syncReputationTrait (C:/Users/chris/Dev/Projects/TheFantasyWorldSimulator/src/engine/phaseReputationTraits.ts:297:5)
    at phaseReputationTraits (C:/Users/chris/Dev/Projects/TheFantasyWorldSimulator/src/engine/phaseReputationTraits.ts:273:7)
    at runTick (C:/Users/chris/Dev/Projects/TheFantasyWorldSimulator/src/engine/orchestrator.ts:1896:18)
    at C:/Users/chris/Dev/Projects/TheFantasyWorldSimulator/src/engine/__tests__/traceBuffer-integration.test.ts:303:15
    at file:///C:/Users/chris/Dev/Projects/TheFantasyWorldSimulator/node_modules/@vitest/runner/dist/index.js:145:11
    at file:///C:/Users/chris/Dev/Projects/TheFantasyWorldSimulator/node_modules/@vitest/runner/dist/index.js:915:26
    at file:///C:/Users/chris/Dev/Projects/TheFantasyWorldSimulator/node_modules/@vitest/runner/dist/index.js:1243:20
    at new Promise (<anonymous>)
    at runWithTimeout (file:///C:/Users/chris/Dev/Projects/TheFantasyWorldSimulator/node_modules/@vitest/runner/dist/index.js:1209:10)
[Orchestrator] Tick crashed, returning previous state: Error: Trait not found: trait.reputation.power.renown
    at assignTrait (C:/Users/chris/Dev/Projects/TheFantasyWorldSimulator/src/engine/traits.ts:44:25)
    at syncReputationTrait (C:/Users/chris/Dev/Projects/TheFantasyWorldSimulator/src/engine/phaseReputationTraits.ts:297:5)
    at phaseReputationTraits (C:/Users/chris/Dev/Projects/TheFantasyWorldSimulator/src/engine/phaseReputationTraits.ts:273:7)
    at runTick (C:/Users/chris/Dev/Projects/TheFantasyWorldSimulator/src/engine/orchestrator.ts:1896:18)
    at C:/Users/chris/Dev/Projects/TheFantasyWorldSimulator/src/engine/__tests__/traceBuffer-integration.test.ts:303:15
    at file:///C:/Users/chris/Dev/Projects/TheFantasyWorldSimulator/node_modules/@vitest/runner/dist/index.js:145:11
    at file:///C:/Users/chris/Dev/Projects/TheFantasyWorldSimulator/node_modules/@vitest/runner/dist/index.js:915:26
    at file:///C:/Users/chris/Dev/Projects/TheFantasyWorldSimulator/node_modules/@vitest/runner/dist/index.js:1243:20
    at new Promise (<anonymous>)
    at runWithTimeout (file:///C:/Users/chris/Dev/Projects/TheFantasyWorldSimulator/node_modules/@vitest/runner/dist/index.js:1209:10)
[Orchestrator] Tick crashed, returning previous state: Error: Trait not found: trait.reputation.power.renown
    at assignTrait (C:/Users/chris/Dev/Projects/TheFantasyWorldSimulator/src/engine/traits.ts:44:25)
    at syncReputationTrait (C:/Users/chris/Dev/Projects/TheFantasyWorldSimulator/src/engine/phaseReputationTraits.ts:297:5)
    at phaseReputationTraits (C:/Users/chris/Dev/Projects/TheFantasyWorldSimulator/src/engine/phaseReputationTraits.ts:273:7)
    at runTick (C:/Users/chris/Dev/Projects/TheFantasyWorldSimulator/src/engine/orchestrator.ts:1896:18)
    at C:/Users/chris/Dev/Projects/TheFantasyWorldSimulator/src/engine/__tests__/traceBuffer-integration.test.ts:303:15
    at file:///C:/Users/chris/Dev/Projects/TheFantasyWorldSimulator/node_modules/@vitest/runner/dist/index.js:145:11
    at file:///C:/Users/chris/Dev/Projects/TheFantasyWorldSimulator/node_modules/@vitest/runner/dist/index.js:915:26
    at file:///C:/Users/chris/Dev/Projects/TheFantasyWorldSimulator/node_modules/@vitest/runner/dist/index.js:1243:20
    at new Promise (<anonymous>)
    at runWithTimeout (file:///C:/Users/chris/Dev/Projects/TheFantasyWorldSimulator/node_modules/@vitest/runner/dist/index.js:1209:10)
[Orchestrator] Tick crashed, returning previous state: Error: Trait not found: trait.reputation.power.renown
    at assignTrait (C:/Users/chris/Dev/Projects/TheFantasyWorldSimulator/src/engine/traits.ts:44:25)
    at syncReputationTrait (C:/Users/chris/Dev/Projects/TheFantasyWorldSimulator/src/engine/phaseReputationTraits.ts:297:5)
    at phaseReputationTraits (C:/Users/chris/Dev/Projects/TheFantasyWorldSimulator/src/engine/phaseReputationTraits.ts:273:7)
    at runTick (C:/Users/chris/Dev/Projects/TheFantasyWorldSimulator/src/engine/orchestrator.ts:1896:18)
    at C:/Users/chris/Dev/Projects/TheFantasyWorldSimulator/src/engine/__tests__/traceBuffer-integration.test.ts:303:15
    at file:///C:/Users/chris/Dev/Projects/TheFantasyWorldSimulator/node_modules/@vitest/runner/dist/index.js:145:11
    at file:///C:/Users/chris/Dev/Projects/TheFantasyWorldSimulator/node_modules/@vitest/runner/dist/index.js:915:26
    at file:///C:/Users/chris/Dev/Projects/TheFantasyWorldSimulator/node_modules/@vitest/runner/dist/index.js:1243:20
    at new Promise (<anonymous>)
    at runWithTimeout (file:///C:/Users/chris/Dev/Projects/TheFantasyWorldSimulator/node_modules/@vitest/runner/dist/index.js:1209:10)
[Orchestrator] Tick crashed, returning previous state: Error: Trait not found: trait.reputation.power.renown
    at assignTrait (C:/Users/chris/Dev/Projects/TheFantasyWorldSimulator/src/engine/traits.ts:44:25)
    at syncReputationTrait (C:/Users/chris/Dev/Projects/TheFantasyWorldSimulator/src/engine/phaseReputationTraits.ts:297:5)
    at phaseReputationTraits (C:/Users/chris/Dev/Projects/TheFantasyWorldSimulator/src/engine/phaseReputationTraits.ts:273:7)
    at runTick (C:/Users/chris/Dev/Projects/TheFantasyWorldSimulator/src/engine/orchestrator.ts:1896:18)
    at C:/Users/chris/Dev/Projects/TheFantasyWorldSimulator/src/engine/__tests__/traceBuffer-integration.test.ts:303:15
    at file:///C:/Users/chris/Dev/Projects/TheFantasyWorldSimulator/node_modules/@vitest/runner/dist/index.js:145:11
    at file:///C:/Users/chris/Dev/Projects/TheFantasyWorldSimulator/node_modules/@vitest/runner/dist/index.js:915:26
    at file:///C:/Users/chris/Dev/Projects/TheFantasyWorldSimulator/node_modules/@vitest/runner/dist/index.js:1243:20
    at new Promise (<anonymous>)
    at runWithTimeout (file:///C:/Users/chris/Dev/Projects/TheFantasyWorldSimulator/node_modules/@vitest/runner/dist/index.js:1209:10)
[Orchestrator] Tick crashed, returning previous state: Error: Trait not found: trait.reputation.power.renown
    at assignTrait (C:/Users/chris/Dev/Projects/TheFantasyWorldSimulator/src/engine/traits.ts:44:25)
    at syncReputationTrait (C:/Users/chris/Dev/Projects/TheFantasyWorldSimulator/src/engine/phaseReputationTraits.ts:297:5)
    at phaseReputationTraits (C:/Users/chris/Dev/Projects/TheFantasyWorldSimulator/src/engine/phaseReputationTraits.ts:273:7)
    at runTick (C:/Users/chris/Dev/Projects/TheFantasyWorldSimulator/src/engine/orchestrator.ts:1896:18)
    at C:/Users/chris/Dev/Projects/TheFantasyWorldSimulator/src/engine/__tests__/traceBuffer-integration.test.ts:303:15
    at file:///C:/Users/chris/Dev/Projects/TheFantasyWorldSimulator/node_modules/@vitest/runner/dist/index.js:145:11
    at file:///C:/Users/chris/Dev/Projects/TheFantasyWorldSimulator/node_modules/@vitest/runner/dist/index.js:915:26
    at file:///C:/Users/chris/Dev/Projects/TheFantasyWorldSimulator/node_modules/@vitest/runner/dist/index.js:1243:20
    at new Promise (<anonymous>)
    at runWithTimeout (file:///C:/Users/chris/Dev/Projects/TheFantasyWorldSimulator/node_modules/@vitest/runner/dist/index.js:1209:10)
[Orchestrator] Tick crashed, returning previous state: Error: Trait not found: trait.reputation.power.renown
    at assignTrait (C:/Users/chris/Dev/Projects/TheFantasyWorldSimulator/src/engine/traits.ts:44:25)
    at syncReputationTrait (C:/Users/chris/Dev/Projects/TheFantasyWorldSimulator/src/engine/phaseReputationTraits.ts:297:5)
    at phaseReputationTraits (C:/Users/chris/Dev/Projects/TheFantasyWorldSimulator/src/engine/phaseReputationTraits.ts:273:7)
    at runTick (C:/Users/chris/Dev/Projects/TheFantasyWorldSimulator/src/engine/orchestrator.ts:1896:18)
    at C:/Users/chris/Dev/Projects/TheFantasyWorldSimulator/src/engine/__tests__/traceBuffer-integration.test.ts:303:15
    at file:///C:/Users/chris/Dev/Projects/TheFantasyWorldSimulator/node_modules/@vitest/runner/dist/index.js:145:11
    at file:///C:/Users/chris/Dev/Projects/TheFantasyWorldSimulator/node_modules/@vitest/runner/dist/index.js:915:26
    at file:///C:/Users/chris/Dev/Projects/TheFantasyWorldSimulator/node_modules/@vitest/runner/dist/index.js:1243:20
    at new Promise (<anonymous>)
    at runWithTimeout (file:///C:/Users/chris/Dev/Projects/TheFantasyWorldSimulator/node_modules/@vitest/runner/dist/index.js:1209:10)
[Orchestrator] Tick crashed, returning previous state: Error: Trait not found: trait.reputation.power.renown
    at assignTrait (C:/Users/chris/Dev/Projects/TheFantasyWorldSimulator/src/engine/traits.ts:44:25)
    at syncReputationTrait (C:/Users/chris/Dev/Projects/TheFantasyWorldSimulator/src/engine/phaseReputationTraits.ts:297:5)
    at phaseReputationTraits (C:/Users/chris/Dev/Projects/TheFantasyWorldSimulator/src/engine/phaseReputationTraits.ts:273:7)
    at runTick (C:/Users/chris/Dev/Projects/TheFantasyWorldSimulator/src/engine/orchestrator.ts:1896:18)
    at C:/Users/chris/Dev/Projects/TheFantasyWorldSimulator/src/engine/__tests__/traceBuffer-integration.test.ts:303:15
    at file:///C:/Users/chris/Dev/Projects/TheFantasyWorldSimulator/node_modules/@vitest/runner/dist/index.js:145:11
    at file:///C:/Users/chris/Dev/Projects/TheFantasyWorldSimulator/node_modules/@vitest/runner/dist/index.js:915:26
    at file:///C:/Users/chris/Dev/Projects/TheFantasyWorldSimulator/node_modules/@vitest/runner/dist/index.js:1243:20
    at new Promise (<anonymous>)
    at runWithTimeout (file:///C:/Users/chris/Dev/Projects/TheFantasyWorldSimulator/node_modules/@vitest/runner/dist/index.js:1209:10)
[Orchestrator] Tick crashed, returning previous state: Error: Trait not found: trait.reputation.power.renown
    at assignTrait (C:/Users/chris/Dev/Projects/TheFantasyWorldSimulator/src/engine/traits.ts:44:25)
    at syncReputationTrait (C:/Users/chris/Dev/Projects/TheFantasyWorldSimulator/src/engine/phaseReputationTraits.ts:297:5)
    at phaseReputationTraits (C:/Users/chris/Dev/Projects/TheFantasyWorldSimulator/src/engine/phaseReputationTraits.ts:273:7)
    at runTick (C:/Users/chris/Dev/Projects/TheFantasyWorldSimulator/src/engine/orchestrator.ts:1896:18)
    at C:/Users/chris/Dev/Projects/TheFantasyWorldSimulator/src/engine/__tests__/traceBuffer-integration.test.ts:303:15
    at file:///C:/Users/chris/Dev/Projects/TheFantasyWorldSimulator/node_modules/@vitest/runner/dist/index.js:145:11
    at file:///C:/Users/chris/Dev/Projects/TheFantasyWorldSimulator/node_modules/@vitest/runner/dist/index.js:915:26
    at file:///C:/Users/chris/Dev/Projects/TheFantasyWorldSimulator/node_modules/@vitest/runner/dist/index.js:1243:20
    at new Promise (<anonymous>)
    at runWithTimeout (file:///C:/Users/chris/Dev/Projects/TheFantasyWorldSimulator/node_modules/@vitest/runner/dist/index.js:1209:10)
[Orchestrator] Tick crashed, returning previous state: Error: Trait not found: trait.reputation.power.renown
    at assignTrait (C:/Users/chris/Dev/Projects/TheFantasyWorldSimulator/src/engine/traits.ts:44:25)
    at syncReputationTrait (C:/Users/chris/Dev/Projects/TheFantasyWorldSimulator/src/engine/phaseReputationTraits.ts:297:5)
    at phaseReputationTraits (C:/Users/chris/Dev/Projects/TheFantasyWorldSimulator/src/engine/phaseReputationTraits.ts:273:7)
    at runTick (C:/Users/chris/Dev/Projects/TheFantasyWorldSimulator/src/engine/orchestrator.ts:1896:18)
    at C:/Users/chris/Dev/Projects/TheFantasyWorldSimulator/src/engine/__tests__/traceBuffer-integration.test.ts:303:15
    at file:///C:/Users/chris/Dev/Projects/TheFantasyWorldSimulator/node_modules/@vitest/runner/dist/index.js:145:11
    at file:///C:/Users/chris/Dev/Projects/TheFantasyWorldSimulator/node_modules/@vitest/runner/dist/index.js:915:26
    at file:///C:/Users/chris/Dev/Projects/TheFantasyWorldSimulator/node_modules/@vitest/runner/dist/index.js:1243:20
    at new Promise (<anonymous>)
    at runWithTimeout (file:///C:/Users/chris/Dev/Projects/TheFantasyWorldSimulator/node_modules/@vitest/runner/dist/index.js:1209:10)
[Orchestrator] Tick crashed, returning previous state: Error: Trait not found: trait.reputation.power.renown
    at assignTrait (C:/Users/chris/Dev/Projects/TheFantasyWorldSimulator/src/engine/traits.ts:44:25)
    at syncReputationTrait (C:/Users/chris/Dev/Projects/TheFantasyWorldSimulator/src/engine/phaseReputationTraits.ts:297:5)
    at phaseReputationTraits (C:/Users/chris/Dev/Projects/TheFantasyWorldSimulator/src/engine/phaseReputationTraits.ts:273:7)
    at runTick (C:/Users/chris/Dev/Projects/TheFantasyWorldSimulator/src/engine/orchestrator.ts:1896:18)
    at C:/Users/chris/Dev/Projects/TheFantasyWorldSimulator/src/engine/__tests__/traceBuffer-integration.test.ts:303:15
    at file:///C:/Users/chris/Dev/Projects/TheFantasyWorldSimulator/node_modules/@vitest/runner/dist/index.js:145:11
    at file:///C:/Users/chris/Dev/Projects/TheFantasyWorldSimulator/node_modules/@vitest/runner/dist/index.js:915:26
    at file:///C:/Users/chris/Dev/Projects/TheFantasyWorldSimulator/node_modules/@vitest/runner/dist/index.js:1243:20
    at new Promise (<anonymous>)
    at runWithTimeout (file:///C:/Users/chris/Dev/Projects/TheFantasyWorldSimulator/node_modules/@vitest/runner/dist/index.js:1209:10)
[Orchestrator] Tick crashed, returning previous state: Error: Trait not found: trait.reputation.power.renown
    at assignTrait (C:/Users/chris/Dev/Projects/TheFantasyWorldSimulator/src/engine/traits.ts:44:25)
    at syncReputationTrait (C:/Users/chris/Dev/Projects/TheFantasyWorldSimulator/src/engine/phaseReputationTraits.ts:297:5)
    at phaseReputationTraits (C:/Users/chris/Dev/Projects/TheFantasyWorldSimulator/src/engine/phaseReputationTraits.ts:273:7)
    at runTick (C:/Users/chris/Dev/Projects/TheFantasyWorldSimulator/src/engine/orchestrator.ts:1896:18)
    at C:/Users/chris/Dev/Projects/TheFantasyWorldSimulator/src/engine/__tests__/traceBuffer-integration.test.ts:303:15
    at file:///C:/Users/chris/Dev/Projects/TheFantasyWorldSimulator/node_modules/@vitest/runner/dist/index.js:145:11
    at file:///C:/Users/chris/Dev/Projects/TheFantasyWorldSimulator/node_modules/@vitest/runner/dist/index.js:915:26
    at file:///C:/Users/chris/Dev/Projects/TheFantasyWorldSimulator/node_modules/@vitest/runner/dist/index.js:1243:20
    at new Promise (<anonymous>)
    at runWithTimeout (file:///C:/Users/chris/Dev/Projects/TheFantasyWorldSimulator/node_modules/@vitest/runner/dist/index.js:1209:10)
[Orchestrator] Tick crashed, returning previous state: Error: Trait not found: trait.reputation.power.renown
    at assignTrait (C:/Users/chris/Dev/Projects/TheFantasyWorldSimulator/src/engine/traits.ts:44:25)
    at syncReputationTrait (C:/Users/chris/Dev/Projects/TheFantasyWorldSimulator/src/engine/phaseReputationTraits.ts:297:5)
    at phaseReputationTraits (C:/Users/chris/Dev/Projects/TheFantasyWorldSimulator/src/engine/phaseReputationTraits.ts:273:7)
    at runTick (C:/Users/chris/Dev/Projects/TheFantasyWorldSimulator/src/engine/orchestrator.ts:1896:18)
    at C:/Users/chris/Dev/Projects/TheFantasyWorldSimulator/src/engine/__tests__/traceBuffer-integration.test.ts:303:15
    at file:///C:/Users/chris/Dev/Projects/TheFantasyWorldSimulator/node_modules/@vitest/runner/dist/index.js:145:11
    at file:///C:/Users/chris/Dev/Projects/TheFantasyWorldSimulator/node_modules/@vitest/runner/dist/index.js:915:26
    at file:///C:/Users/chris/Dev/Projects/TheFantasyWorldSimulator/node_modules/@vitest/runner/dist/index.js:1243:20
    at new Promise (<anonymous>)
    at runWithTimeout (file:///C:/Users/chris/Dev/Projects/TheFantasyWorldSimulator/node_modules/@vitest/runner/dist/index.js:1209:10)
[Orchestrator] Tick crashed, returning previous state: Error: Trait not found: trait.reputation.power.renown
    at assignTrait (C:/Users/chris/Dev/Projects/TheFantasyWorldSimulator/src/engine/traits.ts:44:25)
    at syncReputationTrait (C:/Users/chris/Dev/Projects/TheFantasyWorldSimulator/src/engine/phaseReputationTraits.ts:297:5)
    at phaseReputationTraits (C:/Users/chris/Dev/Projects/TheFantasyWorldSimulator/src/engine/phaseReputationTraits.ts:273:7)
    at runTick (C:/Users/chris/Dev/Projects/TheFantasyWorldSimulator/src/engine/orchestrator.ts:1896:18)
    at C:/Users/chris/Dev/Projects/TheFantasyWorldSimulator/src/engine/__tests__/traceBuffer-integration.test.ts:303:15
    at file:///C:/Users/chris/Dev/Projects/TheFantasyWorldSimulator/node_modules/@vitest/runner/dist/index.js:145:11
    at file:///C:/Users/chris/Dev/Projects/TheFantasyWorldSimulator/node_modules/@vitest/runner/dist/index.js:915:26
    at file:///C:/Users/chris/Dev/Projects/TheFantasyWorldSimulator/node_modules/@vitest/runner/dist/index.js:1243:20
    at new Promise (<anonymous>)
    at runWithTimeout (file:///C:/Users/chris/Dev/Projects/TheFantasyWorldSimulator/node_modules/@vitest/runner/dist/index.js:1209:10)
[Orchestrator] Tick crashed, returning previous state: Error: Trait not found: trait.reputation.power.renown
    at assignTrait (C:/Users/chris/Dev/Projects/TheFantasyWorldSimulator/src/engine/traits.ts:44:25)
    at syncReputationTrait (C:/Users/chris/Dev/Projects/TheFantasyWorldSimulator/src/engine/phaseReputationTraits.ts:297:5)
    at phaseReputationTraits (C:/Users/chris/Dev/Projects/TheFantasyWorldSimulator/src/engine/phaseReputationTraits.ts:273:7)
    at runTick (C:/Users/chris/Dev/Projects/TheFantasyWorldSimulator/src/engine/orchestrator.ts:1896:18)
    at C:/Users/chris/Dev/Projects/TheFantasyWorldSimulator/src/engine/__tests__/traceBuffer-integration.test.ts:303:15
    at file:///C:/Users/chris/Dev/Projects/TheFantasyWorldSimulator/node_modules/@vitest/runner/dist/index.js:145:11
    at file:///C:/Users/chris/Dev/Projects/TheFantasyWorldSimulator/node_modules/@vitest/runner/dist/index.js:915:26
    at file:///C:/Users/chris/Dev/Projects/TheFantasyWorldSimulator/node_modules/@vitest/runner/dist/index.js:1243:20
    at new Promise (<anonymous>)
    at runWithTimeout (file:///C:/Users/chris/Dev/Projects/TheFantasyWorldSimulator/node_modules/@vitest/runner/dist/index.js:1209:10)

 [31m❯[39m src/engine/__tests__/traceBuffer-integration.test.ts [2m([22m[2m10 tests[22m[2m | [22m[31m2 failed[39m[2m)[22m[33m 13979[2mms[22m[39m
     [32m✓[39m tracing should be enabled after setup[32m 15[2mms[22m[39m
     [33m[2m✓[22m[39m running 50 ticks produces traces across multiple categories [33m 1389[2mms[22m[39m
[31m     [31m×[31m traces contain all required base fields[39m[33m 512[2mms[22m[39m
     [33m[2m✓[22m[39m getTracesForAgent returns only that agent traces [33m 1218[2mms[22m[39m
[31m     [31m×[31m buffer does not exceed BUFFER_SIZE (500)[39m[33m 6558[2mms[22m[39m
     [33m[2m✓[22m[39m disabling tracing prevents new entries from being recorded [33m 397[2mms[22m[39m
     [33m[2m✓[22m[39m clearing traces resets buffer and ID counter [33m 525[2mms[22m[39m
     [33m[2m✓[22m[39m trace IDs are sequential after clearing [33m 1014[2mms[22m[39m
     [33m[2m✓[22m[39m trace timestamps are in chronological order [33m 633[2mms[22m[39m
     [33m[2m✓[22m[39m multiple agents produce multiple agent-specific traces [33m 1716[2mms[22m[39m
 [32m✓[39m src/types/__tests__/divineInfluence.test.ts [2m([22m[2m5 tests[22m[2m)[22m[32m 3[2mms[22m[39m
 [32m✓[39m src/engine/__tests__/spellActivation.test.ts [2m([22m[2m5 tests[22m[2m)[22m[32m 3[2mms[22m[39m
 [32m✓[39m src/engine/__tests__/terrain.test.ts [2m([22m[2m13 tests[22m[2m)[22m[32m 4[2mms[22m[39m
 [32m✓[39m src/engine/__tests__/ghostDots.test.ts [2m([22m[2m6 tests[22m[2m)[22m[32m 3[2mms[22m[39m
 [32m✓[39m src/engine/__tests__/stealth-mandate-integration.test.ts [2m([22m[2m2 tests[22m[2m)[22m[32m 3[2mms[22m[39m
 [32m✓[39m src/engine/__tests__/cosmology.test.ts [2m([22m[2m4 tests[22m[2m)[22m[32m 3[2mms[22m[39m
 [32m✓[39m src/engine/__tests__/attachmentTooltip.test.ts [2m([22m[2m6 tests[22m[2m)[22m[32m 3[2mms[22m[39m
 [32m✓[39m src/types/__tests__/encounter-quest.test.ts [2m([22m[2m3 tests[22m[2m)[22m[32m 3[2mms[22m[39m
 [32m✓[39m src/types/__tests__/encounter.test.ts [2m([22m[2m3 tests[22m[2m)[22m[32m 3[2mms[22m[39m
 [32m✓[39m src/components/Game/__tests__/hexMapAgentVisibility.test.ts [2m([22m[2m5 tests[22m[2m)[22m[32m 3[2mms[22m[39m
 [32m✓[39m src/types/__tests__/trace-categories.test.ts [2m([22m[2m5 tests[22m[2m)[22m[32m 3[2mms[22m[39m
 [32m✓[39m src/engine/__tests__/debug-bridge.test.ts [2m([22m[2m3 tests[22m[2m)[22m[32m 3[2mms[22m[39m
 [32m✓[39m src/engine/__tests__/artSelection.test.ts [2m([22m[2m4 tests[22m[2m)[22m[32m 3[2mms[22m[39m
 [32m✓[39m src/engine/__tests__/color-fallback.test.ts [2m([22m[2m2 tests[22m[2m)[22m[32m 3[2mms[22m[39m
 [32m✓[39m src/engine/__tests__/traceBuffer-crud-actions.test.ts [2m([22m[2m1 test[22m[2m)[22m[32m 3[2mms[22m[39m
 [32m✓[39m src/engine/__tests__/culturalInsight.test.ts [2m([22m[2m5 tests[22m[2m)[22m[32m 3[2mms[22m[39m
 [32m✓[39m src/data/__tests__/agent-visual-content.test.ts [2m([22m[2m2 tests[22m[2m)[22m[32m 3[2mms[22m[39m
 [32m✓[39m src/types/__tests__/modifiers.test.ts [2m([22m[2m4 tests[22m[2m)[22m[32m 3[2mms[22m[39m
 [32m✓[39m src/engine/__tests__/regionNaming.test.ts [2m([22m[2m3 tests[22m[2m)[22m[32m 3[2mms[22m[39m
 [32m✓[39m src/components/Game/__tests__/AlertBar.test.tsx [2m([22m[2m2 tests[22m[2m)[22m[32m 2[2mms[22m[39m
 [32m✓[39m src/types/__tests__/type-extensions.test.ts [2m([22m[2m4 tests[22m[2m)[22m[32m 2[2mms[22m[39m
 [32m✓[39m src/types/__tests__/sublocation.test.ts [2m([22m[2m5 tests[22m[2m)[22m[32m 3[2mms[22m[39m
 [32m✓[39m src/components/AgentInfoCard/__tests__/AgentInfoCard.test.tsx [2m([22m[2m1 test[22m[2m)[22m[32m 3[2mms[22m[39m
 [32m✓[39m src/engine/__tests__/phaseMovement-reeval.test.ts [2m([22m[2m1 test[22m[2m)[22m[32m 2[2mms[22m[39m
 [32m✓[39m src/engine/__tests__/movementCandidates-threat.test.ts [2m([22m[2m5 tests[22m[2m)[22m[32m 3[2mms[22m[39m
 [32m✓[39m src/types/__tests__/traits-cultural.test.ts [2m([22m[2m2 tests[22m[2m)[22m[32m 2[2mms[22m[39m
 [32m✓[39m src/components/HexMapV2/overlay/__tests__/LocationLabelOverlay.test.ts [2m([22m[2m5 tests[22m[2m)[22m[32m 3[2mms[22m[39m
 [32m✓[39m src/components/Game/__tests__/EventPopup.test.tsx [2m([22m[2m3 tests[22m[2m)[22m[32m 2[2mms[22m[39m
 [32m✓[39m src/components/HexMapV2/camera/__tests__/D3ZoomCamera.test.ts [2m([22m[2m5 tests[22m[2m)[22m[32m 2[2mms[22m[39m
 [32m✓[39m src/components/Game/__tests__/GameView-unifiedNotifications.test.ts [2m([22m[2m3 tests[22m[2m)[22m[32m 2[2mms[22m[39m
 [32m✓[39m src/components/Game/__tests__/attachmentGlyphs.test.ts [2m([22m[2m5 tests[22m[2m)[22m[32m 2[2mms[22m[39m
 [2m[90m↓[39m[22m src/__tests__/App.test.tsx [2m([22m[2m4 tests[22m[2m | [22m[33m4 skipped[39m[2m)[22m
 [2m[90m↓[39m[22m src/components/StartPage/__tests__/useThemeMusic.test.ts [2m([22m[2m6 tests[22m[2m | [22m[33m6 skipped[39m[2m)[22m
 [2m[90m↓[39m[22m src/components/StartPage/__tests__/StartPage.test.tsx [2m([22m[2m15 tests[22m[2m | [22m[33m15 skipped[39m[2m)[22m
 [2m[90m↓[39m[22m src/components/Game/__tests__/DebugPanel-modifier.test.tsx [2m([22m[2m5 tests[22m[2m | [22m[33m5 skipped[39m[2m)[22m
stderr | src/engine/__tests__/contracts/encounter-liveness.contract.test.ts > Pipeline Liveness: encounter initiation → completion → rewards > pipeline liveness holds across multiple seeds
[GraphSchema] Edge "belongs_to" source should be ["actor","location"], got "region" (edge edge_hist_territory_region_0_hist_culture_0)
[Orchestrator] Tick crashed, returning previous state: Error: Trait not found: trait.reputation.power.renown
    at assignTrait (C:/Users/chris/Dev/Projects/TheFantasyWorldSimulator/src/engine/traits.ts:44:25)
    at syncReputationTrait (C:/Users/chris/Dev/Projects/TheFantasyWorldSimulator/src/engine/phaseReputationTraits.ts:297:5)
    at phaseReputationTraits (C:/Users/chris/Dev/Projects/TheFantasyWorldSimulator/src/engine/phaseReputationTraits.ts:273:7)
    at runTick (C:/Users/chris/Dev/Projects/TheFantasyWorldSimulator/src/engine/orchestrator.ts:1896:18)
    at C:/Users/chris/Dev/Projects/TheFantasyWorldSimulator/src/engine/__tests__/contracts/encounter-liveness.contract.test.ts:222:17
    at file:///C:/Users/chris/Dev/Projects/TheFantasyWorldSimulator/node_modules/@vitest/runner/dist/index.js:145:11
    at file:///C:/Users/chris/Dev/Projects/TheFantasyWorldSimulator/node_modules/@vitest/runner/dist/index.js:915:26
    at file:///C:/Users/chris/Dev/Projects/TheFantasyWorldSimulator/node_modules/@vitest/runner/dist/index.js:1243:20
    at new Promise (<anonymous>)
    at runWithTimeout (file:///C:/Users/chris/Dev/Projects/TheFantasyWorldSimulator/node_modules/@vitest/runner/dist/index.js:1209:10)
[Orchestrator] Tick crashed, returning previous state: Error: Trait not found: trait.reputation.power.renown
    at assignTrait (C:/Users/chris/Dev/Projects/TheFantasyWorldSimulator/src/engine/traits.ts:44:25)
    at syncReputationTrait (C:/Users/chris/Dev/Projects/TheFantasyWorldSimulator/src/engine/phaseReputationTraits.ts:297:5)
    at phaseReputationTraits (C:/Users/chris/Dev/Projects/TheFantasyWorldSimulator/src/engine/phaseReputationTraits.ts:273:7)
    at runTick (C:/Users/chris/Dev/Projects/TheFantasyWorldSimulator/src/engine/orchestrator.ts:1896:18)
    at C:/Users/chris/Dev/Projects/TheFantasyWorldSimulator/src/engine/__tests__/contracts/encounter-liveness.contract.test.ts:222:17
    at file:///C:/Users/chris/Dev/Projects/TheFantasyWorldSimulator/node_modules/@vitest/runner/dist/index.js:145:11
    at file:///C:/Users/chris/Dev/Projects/TheFantasyWorldSimulator/node_modules/@vitest/runner/dist/index.js:915:26
    at file:///C:/Users/chris/Dev/Projects/TheFantasyWorldSimulator/node_modules/@vitest/runner/dist/index.js:1243:20
    at new Promise (<anonymous>)
    at runWithTimeout (file:///C:/Users/chris/Dev/Projects/TheFantasyWorldSimulator/node_modules/@vitest/runner/dist/index.js:1209:10)
[Orchestrator] Tick crashed, returning previous state: Error: Trait not found: trait.reputation.power.renown
    at assignTrait (C:/Users/chris/Dev/Projects/TheFantasyWorldSimulator/src/engine/traits.ts:44:25)
    at syncReputationTrait (C:/Users/chris/Dev/Projects/TheFantasyWorldSimulator/src/engine/phaseReputationTraits.ts:297:5)
    at phaseReputationTraits (C:/Users/chris/Dev/Projects/TheFantasyWorldSimulator/src/engine/phaseReputationTraits.ts:273:7)
    at runTick (C:/Users/chris/Dev/Projects/TheFantasyWorldSimulator/src/engine/orchestrator.ts:1896:18)
    at C:/Users/chris/Dev/Projects/TheFantasyWorldSimulator/src/engine/__tests__/contracts/encounter-liveness.contract.test.ts:222:17
    at file:///C:/Users/chris/Dev/Projects/TheFantasyWorldSimulator/node_modules/@vitest/runner/dist/index.js:145:11
    at file:///C:/Users/chris/Dev/Projects/TheFantasyWorldSimulator/node_modules/@vitest/runner/dist/index.js:915:26
    at file:///C:/Users/chris/Dev/Projects/TheFantasyWorldSimulator/node_modules/@vitest/runner/dist/index.js:1243:20
    at new Promise (<anonymous>)
    at runWithTimeout (file:///C:/Users/chris/Dev/Projects/TheFantasyWorldSimulator/node_modules/@vitest/runner/dist/index.js:1209:10)
[Orchestrator] Tick crashed, returning previous state: Error: Trait not found: trait.reputation.power.renown
    at assignTrait (C:/Users/chris/Dev/Projects/TheFantasyWorldSimulator/src/engine/traits.ts:44:25)
    at syncReputationTrait (C:/Users/chris/Dev/Projects/TheFantasyWorldSimulator/src/engine/phaseReputationTraits.ts:297:5)
    at phaseReputationTraits (C:/Users/chris/Dev/Projects/TheFantasyWorldSimulator/src/engine/phaseReputationTraits.ts:273:7)
    at runTick (C:/Users/chris/Dev/Projects/TheFantasyWorldSimulator/src/engine/orchestrator.ts:1896:18)
    at C:/Users/chris/Dev/Projects/TheFantasyWorldSimulator/src/engine/__tests__/contracts/encounter-liveness.contract.test.ts:222:17
    at file:///C:/Users/chris/Dev/Projects/TheFantasyWorldSimulator/node_modules/@vitest/runner/dist/index.js:145:11
    at file:///C:/Users/chris/Dev/Projects/TheFantasyWorldSimulator/node_modules/@vitest/runner/dist/index.js:915:26
    at file:///C:/Users/chris/Dev/Projects/TheFantasyWorldSimulator/node_modules/@vitest/runner/dist/index.js:1243:20
    at new Promise (<anonymous>)
    at runWithTimeout (file:///C:/Users/chris/Dev/Projects/TheFantasyWorldSimulator/node_modules/@vitest/runner/dist/index.js:1209:10)
[Orchestrator] Tick crashed, returning previous state: Error: Trait not found: trait.reputation.power.renown
    at assignTrait (C:/Users/chris/Dev/Projects/TheFantasyWorldSimulator/src/engine/traits.ts:44:25)
    at syncReputationTrait (C:/Users/chris/Dev/Projects/TheFantasyWorldSimulator/src/engine/phaseReputationTraits.ts:297:5)
    at phaseReputationTraits (C:/Users/chris/Dev/Projects/TheFantasyWorldSimulator/src/engine/phaseReputationTraits.ts:273:7)
    at runTick (C:/Users/chris/Dev/Projects/TheFantasyWorldSimulator/src/engine/orchestrator.ts:1896:18)
    at C:/Users/chris/Dev/Projects/TheFantasyWorldSimulator/src/engine/__tests__/contracts/encounter-liveness.contract.test.ts:222:17
    at file:///C:/Users/chris/Dev/Projects/TheFantasyWorldSimulator/node_modules/@vitest/runner/dist/index.js:145:11
    at file:///C:/Users/chris/Dev/Projects/TheFantasyWorldSimulator/node_modules/@vitest/runner/dist/index.js:915:26
    at file:///C:/Users/chris/Dev/Projects/TheFantasyWorldSimulator/node_modules/@vitest/runner/dist/index.js:1243:20
    at new Promise (<anonymous>)
    at runWithTimeout (file:///C:/Users/chris/Dev/Projects/TheFantasyWorldSimulator/node_modules/@vitest/runner/dist/index.js:1209:10)
[Orchestrator] Tick crashed, returning previous state: Error: Trait not found: trait.reputation.power.renown
    at assignTrait (C:/Users/chris/Dev/Projects/TheFantasyWorldSimulator/src/engine/traits.ts:44:25)
    at syncReputationTrait (C:/Users/chris/Dev/Projects/TheFantasyWorldSimulator/src/engine/phaseReputationTraits.ts:297:5)
    at phaseReputationTraits (C:/Users/chris/Dev/Projects/TheFantasyWorldSimulator/src/engine/phaseReputationTraits.ts:273:7)
    at runTick (C:/Users/chris/Dev/Projects/TheFantasyWorldSimulator/src/engine/orchestrator.ts:1896:18)
    at C:/Users/chris/Dev/Projects/TheFantasyWorldSimulator/src/engine/__tests__/contracts/encounter-liveness.contract.test.ts:222:17
    at file:///C:/Users/chris/Dev/Projects/TheFantasyWorldSimulator/node_modules/@vitest/runner/dist/index.js:145:11
    at file:///C:/Users/chris/Dev/Projects/TheFantasyWorldSimulator/node_modules/@vitest/runner/dist/index.js:915:26
    at file:///C:/Users/chris/Dev/Projects/TheFantasyWorldSimulator/node_modules/@vitest/runner/dist/index.js:1243:20
    at new Promise (<anonymous>)
    at runWithTimeout (file:///C:/Users/chris/Dev/Projects/TheFantasyWorldSimulator/node_modules/@vitest/runner/dist/index.js:1209:10)
[Orchestrator] Tick crashed, returning previous state: Error: Trait not found: trait.reputation.power.renown
    at assignTrait (C:/Users/chris/Dev/Projects/TheFantasyWorldSimulator/src/engine/traits.ts:44:25)
    at syncReputationTrait (C:/Users/chris/Dev/Projects/TheFantasyWorldSimulator/src/engine/phaseReputationTraits.ts:297:5)
    at phaseReputationTraits (C:/Users/chris/Dev/Projects/TheFantasyWorldSimulator/src/engine/phaseReputationTraits.ts:273:7)
    at runTick (C:/Users/chris/Dev/Projects/TheFantasyWorldSimulator/src/engine/orchestrator.ts:1896:18)
    at C:/Users/chris/Dev/Projects/TheFantasyWorldSimulator/src/engine/__tests__/contracts/encounter-liveness.contract.test.ts:222:17
    at file:///C:/Users/chris/Dev/Projects/TheFantasyWorldSimulator/node_modules/@vitest/runner/dist/index.js:145:11
    at file:///C:/Users/chris/Dev/Projects/TheFantasyWorldSimulator/node_modules/@vitest/runner/dist/index.js:915:26
    at file:///C:/Users/chris/Dev/Projects/TheFantasyWorldSimulator/node_modules/@vitest/runner/dist/index.js:1243:20
    at new Promise (<anonymous>)
    at runWithTimeout (file:///C:/Users/chris/Dev/Projects/TheFantasyWorldSimulator/node_modules/@vitest/runner/dist/index.js:1209:10)
[Orchestrator] Tick crashed, returning previous state: Error: Trait not found: trait.reputation.power.renown
    at assignTrait (C:/Users/chris/Dev/Projects/TheFantasyWorldSimulator/src/engine/traits.ts:44:25)
    at syncReputationTrait (C:/Users/chris/Dev/Projects/TheFantasyWorldSimulator/src/engine/phaseReputationTraits.ts:297:5)
    at phaseReputationTraits (C:/Users/chris/Dev/Projects/TheFantasyWorldSimulator/src/engine/phaseReputationTraits.ts:273:7)
    at runTick (C:/Users/chris/Dev/Projects/TheFantasyWorldSimulator/src/engine/orchestrator.ts:1896:18)
    at C:/Users/chris/Dev/Projects/TheFantasyWorldSimulator/src/engine/__tests__/contracts/encounter-liveness.contract.test.ts:222:17
    at file:///C:/Users/chris/Dev/Projects/TheFantasyWorldSimulator/node_modules/@vitest/runner/dist/index.js:145:11
    at file:///C:/Users/chris/Dev/Projects/TheFantasyWorldSimulator/node_modules/@vitest/runner/dist/index.js:915:26
    at file:///C:/Users/chris/Dev/Projects/TheFantasyWorldSimulator/node_modules/@vitest/runner/dist/index.js:1243:20
    at new Promise (<anonymous>)
    at runWithTimeout (file:///C:/Users/chris/Dev/Projects/TheFantasyWorldSimulator/node_modules/@vitest/runner/dist/index.js:1209:10)
[Orchestrator] Tick crashed, returning previous state: Error: Trait not found: trait.reputation.power.renown
    at assignTrait (C:/Users/chris/Dev/Projects/TheFantasyWorldSimulator/src/engine/traits.ts:44:25)
    at syncReputationTrait (C:/Users/chris/Dev/Projects/TheFantasyWorldSimulator/src/engine/phaseReputationTraits.ts:297:5)
    at phaseReputationTraits (C:/Users/chris/Dev/Projects/TheFantasyWorldSimulator/src/engine/phaseReputationTraits.ts:273:7)
    at runTick (C:/Users/chris/Dev/Projects/TheFantasyWorldSimulator/src/engine/orchestrator.ts:1896:18)
    at C:/Users/chris/Dev/Projects/TheFantasyWorldSimulator/src/engine/__tests__/contracts/encounter-liveness.contract.test.ts:222:17
    at file:///C:/Users/chris/Dev/Projects/TheFantasyWorldSimulator/node_modules/@vitest/runner/dist/index.js:145:11
    at file:///C:/Users/chris/Dev/Projects/TheFantasyWorldSimulator/node_modules/@vitest/runner/dist/index.js:915:26
    at file:///C:/Users/chris/Dev/Projects/TheFantasyWorldSimulator/node_modules/@vitest/runner/dist/index.js:1243:20
    at new Promise (<anonymous>)
    at runWithTimeout (file:///C:/Users/chris/Dev/Projects/TheFantasyWorldSimulator/node_modules/@vitest/runner/dist/index.js:1209:10)
[Orchestrator] Tick crashed, returning previous state: Error: Trait not found: trait.reputation.power.renown
    at assignTrait (C:/Users/chris/Dev/Projects/TheFantasyWorldSimulator/src/engine/traits.ts:44:25)
    at syncReputationTrait (C:/Users/chris/Dev/Projects/TheFantasyWorldSimulator/src/engine/phaseReputationTraits.ts:297:5)
    at phaseReputationTraits (C:/Users/chris/Dev/Projects/TheFantasyWorldSimulator/src/engine/phaseReputationTraits.ts:273:7)
    at runTick (C:/Users/chris/Dev/Projects/TheFantasyWorldSimulator/src/engine/orchestrator.ts:1896:18)
    at C:/Users/chris/Dev/Projects/TheFantasyWorldSimulator/src/engine/__tests__/contracts/encounter-liveness.contract.test.ts:222:17
    at file:///C:/Users/chris/Dev/Projects/TheFantasyWorldSimulator/node_modules/@vitest/runner/dist/index.js:145:11
    at file:///C:/Users/chris/Dev/Projects/TheFantasyWorldSimulator/node_modules/@vitest/runner/dist/index.js:915:26
    at file:///C:/Users/chris/Dev/Projects/TheFantasyWorldSimulator/node_modules/@vitest/runner/dist/index.js:1243:20
    at new Promise (<anonymous>)
    at runWithTimeout (file:///C:/Users/chris/Dev/Projects/TheFantasyWorldSimulator/node_modules/@vitest/runner/dist/index.js:1209:10)
[Orchestrator] Tick crashed, returning previous state: Error: Trait not found: trait.reputation.power.renown
    at assignTrait (C:/Users/chris/Dev/Projects/TheFantasyWorldSimulator/src/engine/traits.ts:44:25)
    at syncReputationTrait (C:/Users/chris/Dev/Projects/TheFantasyWorldSimulator/src/engine/phaseReputationTraits.ts:297:5)
    at phaseReputationTraits (C:/Users/chris/Dev/Projects/TheFantasyWorldSimulator/src/engine/phaseReputationTraits.ts:273:7)
    at runTick (C:/Users/chris/Dev/Projects/TheFantasyWorldSimulator/src/engine/orchestrator.ts:1896:18)
    at C:/Users/chris/Dev/Projects/TheFantasyWorldSimulator/src/engine/__tests__/contracts/encounter-liveness.contract.test.ts:222:17
    at file:///C:/Users/chris/Dev/Projects/TheFantasyWorldSimulator/node_modules/@vitest/runner/dist/index.js:145:11
    at file:///C:/Users/chris/Dev/Projects/TheFantasyWorldSimulator/node_modules/@vitest/runner/dist/index.js:915:26
    at file:///C:/Users/chris/Dev/Projects/TheFantasyWorldSimulator/node_modules/@vitest/runner/dist/index.js:1243:20
    at new Promise (<anonymous>)
    at runWithTimeout (file:///C:/Users/chris/Dev/Projects/TheFantasyWorldSimulator/node_modules/@vitest/runner/dist/index.js:1209:10)
[Orchestrator] Tick crashed, returning previous state: Error: Trait not found: trait.reputation.power.renown
    at assignTrait (C:/Users/chris/Dev/Projects/TheFantasyWorldSimulator/src/engine/traits.ts:44:25)
    at syncReputationTrait (C:/Users/chris/Dev/Projects/TheFantasyWorldSimulator/src/engine/phaseReputationTraits.ts:297:5)
    at phaseReputationTraits (C:/Users/chris/Dev/Projects/TheFantasyWorldSimulator/src/engine/phaseReputationTraits.ts:273:7)
    at runTick (C:/Users/chris/Dev/Projects/TheFantasyWorldSimulator/src/engine/orchestrator.ts:1896:18)
    at C:/Users/chris/Dev/Projects/TheFantasyWorldSimulator/src/engine/__tests__/contracts/encounter-liveness.contract.test.ts:222:17
    at file:///C:/Users/chris/Dev/Projects/TheFantasyWorldSimulator/node_modules/@vitest/runner/dist/index.js:145:11
    at file:///C:/Users/chris/Dev/Projects/TheFantasyWorldSimulator/node_modules/@vitest/runner/dist/index.js:915:26
    at file:///C:/Users/chris/Dev/Projects/TheFantasyWorldSimulator/node_modules/@vitest/runner/dist/index.js:1243:20
    at new Promise (<anonymous>)
    at runWithTimeout (file:///C:/Users/chris/Dev/Projects/TheFantasyWorldSimulator/node_modules/@vitest/runner/dist/index.js:1209:10)
[Orchestrator] Tick crashed, returning previous state: Error: Trait not found: trait.reputation.power.renown
    at assignTrait (C:/Users/chris/Dev/Projects/TheFantasyWorldSimulator/src/engine/traits.ts:44:25)
    at syncReputationTrait (C:/Users/chris/Dev/Projects/TheFantasyWorldSimulator/src/engine/phaseReputationTraits.ts:297:5)
    at phaseReputationTraits (C:/Users/chris/Dev/Projects/TheFantasyWorldSimulator/src/engine/phaseReputationTraits.ts:273:7)
    at runTick (C:/Users/chris/Dev/Projects/TheFantasyWorldSimulator/src/engine/orchestrator.ts:1896:18)
    at C:/Users/chris/Dev/Projects/TheFantasyWorldSimulator/src/engine/__tests__/contracts/encounter-liveness.contract.test.ts:222:17
    at file:///C:/Users/chris/Dev/Projects/TheFantasyWorldSimulator/node_modules/@vitest/runner/dist/index.js:145:11
    at file:///C:/Users/chris/Dev/Projects/TheFantasyWorldSimulator/node_modules/@vitest/runner/dist/index.js:915:26
    at file:///C:/Users/chris/Dev/Projects/TheFantasyWorldSimulator/node_modules/@vitest/runner/dist/index.js:1243:20
    at new Promise (<anonymous>)
    at runWithTimeout (file:///C:/Users/chris/Dev/Projects/TheFantasyWorldSimulator/node_modules/@vitest/runner/dist/index.js:1209:10)
[Orchestrator] Tick crashed, returning previous state: Error: Trait not found: trait.reputation.power.renown
    at assignTrait (C:/Users/chris/Dev/Projects/TheFantasyWorldSimulator/src/engine/traits.ts:44:25)
    at syncReputationTrait (C:/Users/chris/Dev/Projects/TheFantasyWorldSimulator/src/engine/phaseReputationTraits.ts:297:5)
    at phaseReputationTraits (C:/Users/chris/Dev/Projects/TheFantasyWorldSimulator/src/engine/phaseReputationTraits.ts:273:7)
    at runTick (C:/Users/chris/Dev/Projects/TheFantasyWorldSimulator/src/engine/orchestrator.ts:1896:18)
    at C:/Users/chris/Dev/Projects/TheFantasyWorldSimulator/src/engine/__tests__/contracts/encounter-liveness.contract.test.ts:222:17
    at file:///C:/Users/chris/Dev/Projects/TheFantasyWorldSimulator/node_modules/@vitest/runner/dist/index.js:145:11
    at file:///C:/Users/chris/Dev/Projects/TheFantasyWorldSimulator/node_modules/@vitest/runner/dist/index.js:915:26
    at file:///C:/Users/chris/Dev/Projects/TheFantasyWorldSimulator/node_modules/@vitest/runner/dist/index.js:1243:20
    at new Promise (<anonymous>)
    at runWithTimeout (file:///C:/Users/chris/Dev/Projects/TheFantasyWorldSimulator/node_modules/@vitest/runner/dist/index.js:1209:10)
[Orchestrator] Tick crashed, returning previous state: Error: Trait not found: trait.reputation.power.renown
    at assignTrait (C:/Users/chris/Dev/Projects/TheFantasyWorldSimulator/src/engine/traits.ts:44:25)
    at syncReputationTrait (C:/Users/chris/Dev/Projects/TheFantasyWorldSimulator/src/engine/phaseReputationTraits.ts:297:5)
    at phaseReputationTraits (C:/Users/chris/Dev/Projects/TheFantasyWorldSimulator/src/engine/phaseReputationTraits.ts:273:7)
    at runTick (C:/Users/chris/Dev/Projects/TheFantasyWorldSimulator/src/engine/orchestrator.ts:1896:18)
    at C:/Users/chris/Dev/Projects/TheFantasyWorldSimulator/src/engine/__tests__/contracts/encounter-liveness.contract.test.ts:222:17
    at file:///C:/Users/chris/Dev/Projects/TheFantasyWorldSimulator/node_modules/@vitest/runner/dist/index.js:145:11
    at file:///C:/Users/chris/Dev/Projects/TheFantasyWorldSimulator/node_modules/@vitest/runner/dist/index.js:915:26
    at file:///C:/Users/chris/Dev/Projects/TheFantasyWorldSimulator/node_modules/@vitest/runner/dist/index.js:1243:20
    at new Promise (<anonymous>)
    at runWithTimeout (file:///C:/Users/chris/Dev/Projects/TheFantasyWorldSimulator/node_modules/@vitest/runner/dist/index.js:1209:10)
[Orchestrator] Tick crashed, returning previous state: Error: Trait not found: trait.reputation.power.renown
    at assignTrait (C:/Users/chris/Dev/Projects/TheFantasyWorldSimulator/src/engine/traits.ts:44:25)
    at syncReputationTrait (C:/Users/chris/Dev/Projects/TheFantasyWorldSimulator/src/engine/phaseReputationTraits.ts:297:5)
    at phaseReputationTraits (C:/Users/chris/Dev/Projects/TheFantasyWorldSimulator/src/engine/phaseReputationTraits.ts:273:7)
    at runTick (C:/Users/chris/Dev/Projects/TheFantasyWorldSimulator/src/engine/orchestrator.ts:1896:18)
    at C:/Users/chris/Dev/Projects/TheFantasyWorldSimulator/src/engine/__tests__/contracts/encounter-liveness.contract.test.ts:222:17
    at file:///C:/Users/chris/Dev/Projects/TheFantasyWorldSimulator/node_modules/@vitest/runner/dist/index.js:145:11
    at file:///C:/Users/chris/Dev/Projects/TheFantasyWorldSimulator/node_modules/@vitest/runner/dist/index.js:915:26
    at file:///C:/Users/chris/Dev/Projects/TheFantasyWorldSimulator/node_modules/@vitest/runner/dist/index.js:1243:20
    at new Promise (<anonymous>)
    at runWithTimeout (file:///C:/Users/chris/Dev/Projects/TheFantasyWorldSimulator/node_modules/@vitest/runner/dist/index.js:1209:10)
[Orchestrator] Tick crashed, returning previous state: Error: Trait not found: trait.reputation.power.renown
    at assignTrait (C:/Users/chris/Dev/Projects/TheFantasyWorldSimulator/src/engine/traits.ts:44:25)
    at syncReputationTrait (C:/Users/chris/Dev/Projects/TheFantasyWorldSimulator/src/engine/phaseReputationTraits.ts:297:5)
    at phaseReputationTraits (C:/Users/chris/Dev/Projects/TheFantasyWorldSimulator/src/engine/phaseReputationTraits.ts:273:7)
    at runTick (C:/Users/chris/Dev/Projects/TheFantasyWorldSimulator/src/engine/orchestrator.ts:1896:18)
    at C:/Users/chris/Dev/Projects/TheFantasyWorldSimulator/src/engine/__tests__/contracts/encounter-liveness.contract.test.ts:222:17
    at file:///C:/Users/chris/Dev/Projects/TheFantasyWorldSimulator/node_modules/@vitest/runner/dist/index.js:145:11
    at file:///C:/Users/chris/Dev/Projects/TheFantasyWorldSimulator/node_modules/@vitest/runner/dist/index.js:915:26
    at file:///C:/Users/chris/Dev/Projects/TheFantasyWorldSimulator/node_modules/@vitest/runner/dist/index.js:1243:20
    at new Promise (<anonymous>)
    at runWithTimeout (file:///C:/Users/chris/Dev/Projects/TheFantasyWorldSimulator/node_modules/@vitest/runner/dist/index.js:1209:10)
[Orchestrator] Tick crashed, returning previous state: Error: Trait not found: trait.reputation.power.renown
    at assignTrait (C:/Users/chris/Dev/Projects/TheFantasyWorldSimulator/src/engine/traits.ts:44:25)
    at syncReputationTrait (C:/Users/chris/Dev/Projects/TheFantasyWorldSimulator/src/engine/phaseReputationTraits.ts:297:5)
    at phaseReputationTraits (C:/Users/chris/Dev/Projects/TheFantasyWorldSimulator/src/engine/phaseReputationTraits.ts:273:7)
    at runTick (C:/Users/chris/Dev/Projects/TheFantasyWorldSimulator/src/engine/orchestrator.ts:1896:18)
    at C:/Users/chris/Dev/Projects/TheFantasyWorldSimulator/src/engine/__tests__/contracts/encounter-liveness.contract.test.ts:222:17
    at file:///C:/Users/chris/Dev/Projects/TheFantasyWorldSimulator/node_modules/@vitest/runner/dist/index.js:145:11
    at file:///C:/Users/chris/Dev/Projects/TheFantasyWorldSimulator/node_modules/@vitest/runner/dist/index.js:915:26
    at file:///C:/Users/chris/Dev/Projects/TheFantasyWorldSimulator/node_modules/@vitest/runner/dist/index.js:1243:20
    at new Promise (<anonymous>)
    at runWithTimeout (file:///C:/Users/chris/Dev/Projects/TheFantasyWorldSimulator/node_modules/@vitest/runner/dist/index.js:1209:10)
[Orchestrator] Tick crashed, returning previous state: Error: Trait not found: trait.reputation.power.renown
    at assignTrait (C:/Users/chris/Dev/Projects/TheFantasyWorldSimulator/src/engine/traits.ts:44:25)
    at syncReputationTrait (C:/Users/chris/Dev/Projects/TheFantasyWorldSimulator/src/engine/phaseReputationTraits.ts:297:5)
    at phaseReputationTraits (C:/Users/chris/Dev/Projects/TheFantasyWorldSimulator/src/engine/phaseReputationTraits.ts:273:7)
    at runTick (C:/Users/chris/Dev/Projects/TheFantasyWorldSimulator/src/engine/orchestrator.ts:1896:18)
    at C:/Users/chris/Dev/Projects/TheFantasyWorldSimulator/src/engine/__tests__/contracts/encounter-liveness.contract.test.ts:222:17
    at file:///C:/Users/chris/Dev/Projects/TheFantasyWorldSimulator/node_modules/@vitest/runner/dist/index.js:145:11
    at file:///C:/Users/chris/Dev/Projects/TheFantasyWorldSimulator/node_modules/@vitest/runner/dist/index.js:915:26
    at file:///C:/Users/chris/Dev/Projects/TheFantasyWorldSimulator/node_modules/@vitest/runner/dist/index.js:1243:20
    at new Promise (<anonymous>)
    at runWithTimeout (file:///C:/Users/chris/Dev/Projects/TheFantasyWorldSimulator/node_modules/@vitest/runner/dist/index.js:1209:10)
[Orchestrator] Tick crashed, returning previous state: Error: Trait not found: trait.reputation.power.renown
    at assignTrait (C:/Users/chris/Dev/Projects/TheFantasyWorldSimulator/src/engine/traits.ts:44:25)
    at syncReputationTrait (C:/Users/chris/Dev/Projects/TheFantasyWorldSimulator/src/engine/phaseReputationTraits.ts:297:5)
    at phaseReputationTraits (C:/Users/chris/Dev/Projects/TheFantasyWorldSimulator/src/engine/phaseReputationTraits.ts:273:7)
    at runTick (C:/Users/chris/Dev/Projects/TheFantasyWorldSimulator/src/engine/orchestrator.ts:1896:18)
    at C:/Users/chris/Dev/Projects/TheFantasyWorldSimulator/src/engine/__tests__/contracts/encounter-liveness.contract.test.ts:222:17
    at file:///C:/Users/chris/Dev/Projects/TheFantasyWorldSimulator/node_modules/@vitest/runner/dist/index.js:145:11
    at file:///C:/Users/chris/Dev/Projects/TheFantasyWorldSimulator/node_modules/@vitest/runner/dist/index.js:915:26
    at file:///C:/Users/chris/Dev/Projects/TheFantasyWorldSimulator/node_modules/@vitest/runner/dist/index.js:1243:20
    at new Promise (<anonymous>)
    at runWithTimeout (file:///C:/Users/chris/Dev/Projects/TheFantasyWorldSimulator/node_modules/@vitest/runner/dist/index.js:1209:10)
[Orchestrator] Tick crashed, returning previous state: Error: Trait not found: trait.reputation.power.renown
    at assignTrait (C:/Users/chris/Dev/Projects/TheFantasyWorldSimulator/src/engine/traits.ts:44:25)
    at syncReputationTrait (C:/Users/chris/Dev/Projects/TheFantasyWorldSimulator/src/engine/phaseReputationTraits.ts:297:5)
    at phaseReputationTraits (C:/Users/chris/Dev/Projects/TheFantasyWorldSimulator/src/engine/phaseReputationTraits.ts:273:7)
    at runTick (C:/Users/chris/Dev/Projects/TheFantasyWorldSimulator/src/engine/orchestrator.ts:1896:18)
    at C:/Users/chris/Dev/Projects/TheFantasyWorldSimulator/src/engine/__tests__/contracts/encounter-liveness.contract.test.ts:222:17
    at file:///C:/Users/chris/Dev/Projects/TheFantasyWorldSimulator/node_modules/@vitest/runner/dist/index.js:145:11
    at file:///C:/Users/chris/Dev/Projects/TheFantasyWorldSimulator/node_modules/@vitest/runner/dist/index.js:915:26
    at file:///C:/Users/chris/Dev/Projects/TheFantasyWorldSimulator/node_modules/@vitest/runner/dist/index.js:1243:20
    at new Promise (<anonymous>)
    at runWithTimeout (file:///C:/Users/chris/Dev/Projects/TheFantasyWorldSimulator/node_modules/@vitest/runner/dist/index.js:1209:10)
[Orchestrator] Tick crashed, returning previous state: Error: Trait not found: trait.reputation.power.renown
    at assignTrait (C:/Users/chris/Dev/Projects/TheFantasyWorldSimulator/src/engine/traits.ts:44:25)
    at syncReputationTrait (C:/Users/chris/Dev/Projects/TheFantasyWorldSimulator/src/engine/phaseReputationTraits.ts:297:5)
    at phaseReputationTraits (C:/Users/chris/Dev/Projects/TheFantasyWorldSimulator/src/engine/phaseReputationTraits.ts:273:7)
    at runTick (C:/Users/chris/Dev/Projects/TheFantasyWorldSimulator/src/engine/orchestrator.ts:1896:18)
    at C:/Users/chris/Dev/Projects/TheFantasyWorldSimulator/src/engine/__tests__/contracts/encounter-liveness.contract.test.ts:222:17
    at file:///C:/Users/chris/Dev/Projects/TheFantasyWorldSimulator/node_modules/@vitest/runner/dist/index.js:145:11
    at file:///C:/Users/chris/Dev/Projects/TheFantasyWorldSimulator/node_modules/@vitest/runner/dist/index.js:915:26
    at file:///C:/Users/chris/Dev/Projects/TheFantasyWorldSimulator/node_modules/@vitest/runner/dist/index.js:1243:20
    at new Promise (<anonymous>)
    at runWithTimeout (file:///C:/Users/chris/Dev/Projects/TheFantasyWorldSimulator/node_modules/@vitest/runner/dist/index.js:1209:10)
[Orchestrator] Tick crashed, returning previous state: Error: Trait not found: trait.reputation.power.renown
    at assignTrait (C:/Users/chris/Dev/Projects/TheFantasyWorldSimulator/src/engine/traits.ts:44:25)
    at syncReputationTrait (C:/Users/chris/Dev/Projects/TheFantasyWorldSimulator/src/engine/phaseReputationTraits.ts:297:5)
    at phaseReputationTraits (C:/Users/chris/Dev/Projects/TheFantasyWorldSimulator/src/engine/phaseReputationTraits.ts:273:7)
    at runTick (C:/Users/chris/Dev/Projects/TheFantasyWorldSimulator/src/engine/orchestrator.ts:1896:18)
    at C:/Users/chris/Dev/Projects/TheFantasyWorldSimulator/src/engine/__tests__/contracts/encounter-liveness.contract.test.ts:222:17
    at file:///C:/Users/chris/Dev/Projects/TheFantasyWorldSimulator/node_modules/@vitest/runner/dist/index.js:145:11
    at file:///C:/Users/chris/Dev/Projects/TheFantasyWorldSimulator/node_modules/@vitest/runner/dist/index.js:915:26
    at file:///C:/Users/chris/Dev/Projects/TheFantasyWorldSimulator/node_modules/@vitest/runner/dist/index.js:1243:20
    at new Promise (<anonymous>)
    at runWithTimeout (file:///C:/Users/chris/Dev/Projects/TheFantasyWorldSimulator/node_modules/@vitest/runner/dist/index.js:1209:10)
[Orchestrator] Tick crashed, returning previous state: Error: Trait not found: trait.reputation.power.renown
    at assignTrait (C:/Users/chris/Dev/Projects/TheFantasyWorldSimulator/src/engine/traits.ts:44:25)
    at syncReputationTrait (C:/Users/chris/Dev/Projects/TheFantasyWorldSimulator/src/engine/phaseReputationTraits.ts:297:5)
    at phaseReputationTraits (C:/Users/chris/Dev/Projects/TheFantasyWorldSimulator/src/engine/phaseReputationTraits.ts:273:7)
    at runTick (C:/Users/chris/Dev/Projects/TheFantasyWorldSimulator/src/engine/orchestrator.ts:1896:18)
    at C:/Users/chris/Dev/Projects/TheFantasyWorldSimulator/src/engine/__tests__/contracts/encounter-liveness.contract.test.ts:222:17
    at file:///C:/Users/chris/Dev/Projects/TheFantasyWorldSimulator/node_modules/@vitest/runner/dist/index.js:145:11
    at file:///C:/Users/chris/Dev/Projects/TheFantasyWorldSimulator/node_modules/@vitest/runner/dist/index.js:915:26
    at file:///C:/Users/chris/Dev/Projects/TheFantasyWorldSimulator/node_modules/@vitest/runner/dist/index.js:1243:20
    at new Promise (<anonymous>)
    at runWithTimeout (file:///C:/Users/chris/Dev/Projects/TheFantasyWorldSimulator/node_modules/@vitest/runner/dist/index.js:1209:10)
[Orchestrator] Tick crashed, returning previous state: Error: Trait not found: trait.reputation.power.renown
    at assignTrait (C:/Users/chris/Dev/Projects/TheFantasyWorldSimulator/src/engine/traits.ts:44:25)
    at syncReputationTrait (C:/Users/chris/Dev/Projects/TheFantasyWorldSimulator/src/engine/phaseReputationTraits.ts:297:5)
    at phaseReputationTraits (C:/Users/chris/Dev/Projects/TheFantasyWorldSimulator/src/engine/phaseReputationTraits.ts:273:7)
    at runTick (C:/Users/chris/Dev/Projects/TheFantasyWorldSimulator/src/engine/orchestrator.ts:1896:18)
    at C:/Users/chris/Dev/Projects/TheFantasyWorldSimulator/src/engine/__tests__/contracts/encounter-liveness.contract.test.ts:222:17
    at file:///C:/Users/chris/Dev/Projects/TheFantasyWorldSimulator/node_modules/@vitest/runner/dist/index.js:145:11
    at file:///C:/Users/chris/Dev/Projects/TheFantasyWorldSimulator/node_modules/@vitest/runner/dist/index.js:915:26
    at file:///C:/Users/chris/Dev/Projects/TheFantasyWorldSimulator/node_modules/@vitest/runner/dist/index.js:1243:20
    at new Promise (<anonymous>)
    at runWithTimeout (file:///C:/Users/chris/Dev/Projects/TheFantasyWorldSimulator/node_modules/@vitest/runner/dist/index.js:1209:10)
[Orchestrator] Tick crashed, returning previous state: Error: Trait not found: trait.reputation.power.renown
    at assignTrait (C:/Users/chris/Dev/Projects/TheFantasyWorldSimulator/src/engine/traits.ts:44:25)
    at syncReputationTrait (C:/Users/chris/Dev/Projects/TheFantasyWorldSimulator/src/engine/phaseReputationTraits.ts:297:5)
    at phaseReputationTraits (C:/Users/chris/Dev/Projects/TheFantasyWorldSimulator/src/engine/phaseReputationTraits.ts:273:7)
    at runTick (C:/Users/chris/Dev/Projects/TheFantasyWorldSimulator/src/engine/orchestrator.ts:1896:18)
    at C:/Users/chris/Dev/Projects/TheFantasyWorldSimulator/src/engine/__tests__/contracts/encounter-liveness.contract.test.ts:222:17
    at file:///C:/Users/chris/Dev/Projects/TheFantasyWorldSimulator/node_modules/@vitest/runner/dist/index.js:145:11
    at file:///C:/Users/chris/Dev/Projects/TheFantasyWorldSimulator/node_modules/@vitest/runner/dist/index.js:915:26
    at file:///C:/Users/chris/Dev/Projects/TheFantasyWorldSimulator/node_modules/@vitest/runner/dist/index.js:1243:20
    at new Promise (<anonymous>)
    at runWithTimeout (file:///C:/Users/chris/Dev/Projects/TheFantasyWorldSimulator/node_modules/@vitest/runner/dist/index.js:1209:10)
[Orchestrator] Tick crashed, returning previous state: Error: Trait not found: trait.reputation.power.renown
    at assignTrait (C:/Users/chris/Dev/Projects/TheFantasyWorldSimulator/src/engine/traits.ts:44:25)
    at syncReputationTrait (C:/Users/chris/Dev/Projects/TheFantasyWorldSimulator/src/engine/phaseReputationTraits.ts:297:5)
    at phaseReputationTraits (C:/Users/chris/Dev/Projects/TheFantasyWorldSimulator/src/engine/phaseReputationTraits.ts:273:7)
    at runTick (C:/Users/chris/Dev/Projects/TheFantasyWorldSimulator/src/engine/orchestrator.ts:1896:18)
    at C:/Users/chris/Dev/Projects/TheFantasyWorldSimulator/src/engine/__tests__/contracts/encounter-liveness.contract.test.ts:222:17
    at file:///C:/Users/chris/Dev/Projects/TheFantasyWorldSimulator/node_modules/@vitest/runner/dist/index.js:145:11
    at file:///C:/Users/chris/Dev/Projects/TheFantasyWorldSimulator/node_modules/@vitest/runner/dist/index.js:915:26
    at file:///C:/Users/chris/Dev/Projects/TheFantasyWorldSimulator/node_modules/@vitest/runner/dist/index.js:1243:20
    at new Promise (<anonymous>)
    at runWithTimeout (file:///C:/Users/chris/Dev/Projects/TheFantasyWorldSimulator/node_modules/@vitest/runner/dist/index.js:1209:10)
[Orchestrator] Tick crashed, returning previous state: Error: Trait not found: trait.reputation.power.renown
    at assignTrait (C:/Users/chris/Dev/Projects/TheFantasyWorldSimulator/src/engine/traits.ts:44:25)
    at syncReputationTrait (C:/Users/chris/Dev/Projects/TheFantasyWorldSimulator/src/engine/phaseReputationTraits.ts:297:5)
    at phaseReputationTraits (C:/Users/chris/Dev/Projects/TheFantasyWorldSimulator/src/engine/phaseReputationTraits.ts:273:7)
    at runTick (C:/Users/chris/Dev/Projects/TheFantasyWorldSimulator/src/engine/orchestrator.ts:1896:18)
    at C:/Users/chris/Dev/Projects/TheFantasyWorldSimulator/src/engine/__tests__/contracts/encounter-liveness.contract.test.ts:222:17
    at file:///C:/Users/chris/Dev/Projects/TheFantasyWorldSimulator/node_modules/@vitest/runner/dist/index.js:145:11
    at file:///C:/Users/chris/Dev/Projects/TheFantasyWorldSimulator/node_modules/@vitest/runner/dist/index.js:915:26
    at file:///C:/Users/chris/Dev/Projects/TheFantasyWorldSimulator/node_modules/@vitest/runner/dist/index.js:1243:20
    at new Promise (<anonymous>)
    at runWithTimeout (file:///C:/Users/chris/Dev/Projects/TheFantasyWorldSimulator/node_modules/@vitest/runner/dist/index.js:1209:10)
[Orchestrator] Tick crashed, returning previous state: Error: Trait not found: trait.reputation.power.renown
    at assignTrait (C:/Users/chris/Dev/Projects/TheFantasyWorldSimulator/src/engine/traits.ts:44:25)
    at syncReputationTrait (C:/Users/chris/Dev/Projects/TheFantasyWorldSimulator/src/engine/phaseReputationTraits.ts:297:5)
    at phaseReputationTraits (C:/Users/chris/Dev/Projects/TheFantasyWorldSimulator/src/engine/phaseReputationTraits.ts:273:7)
    at runTick (C:/Users/chris/Dev/Projects/TheFantasyWorldSimulator/src/engine/orchestrator.ts:1896:18)
    at C:/Users/chris/Dev/Projects/TheFantasyWorldSimulator/src/engine/__tests__/contracts/encounter-liveness.contract.test.ts:222:17
    at file:///C:/Users/chris/Dev/Projects/TheFantasyWorldSimulator/node_modules/@vitest/runner/dist/index.js:145:11
    at file:///C:/Users/chris/Dev/Projects/TheFantasyWorldSimulator/node_modules/@vitest/runner/dist/index.js:915:26
    at file:///C:/Users/chris/Dev/Projects/TheFantasyWorldSimulator/node_modules/@vitest/runner/dist/index.js:1243:20
    at new Promise (<anonymous>)
    at runWithTimeout (file:///C:/Users/chris/Dev/Projects/TheFantasyWorldSimulator/node_modules/@vitest/runner/dist/index.js:1209:10)
[Orchestrator] Tick crashed, returning previous state: Error: Trait not found: trait.reputation.power.renown
    at assignTrait (C:/Users/chris/Dev/Projects/TheFantasyWorldSimulator/src/engine/traits.ts:44:25)
    at syncReputationTrait (C:/Users/chris/Dev/Projects/TheFantasyWorldSimulator/src/engine/phaseReputationTraits.ts:297:5)
    at phaseReputationTraits (C:/Users/chris/Dev/Projects/TheFantasyWorldSimulator/src/engine/phaseReputationTraits.ts:273:7)
    at runTick (C:/Users/chris/Dev/Projects/TheFantasyWorldSimulator/src/engine/orchestrator.ts:1896:18)
    at C:/Users/chris/Dev/Projects/TheFantasyWorldSimulator/src/engine/__tests__/contracts/encounter-liveness.contract.test.ts:222:17
    at file:///C:/Users/chris/Dev/Projects/TheFantasyWorldSimulator/node_modules/@vitest/runner/dist/index.js:145:11
    at file:///C:/Users/chris/Dev/Projects/TheFantasyWorldSimulator/node_modules/@vitest/runner/dist/index.js:915:26
    at file:///C:/Users/chris/Dev/Projects/TheFantasyWorldSimulator/node_modules/@vitest/runner/dist/index.js:1243:20
    at new Promise (<anonymous>)
    at runWithTimeout (file:///C:/Users/chris/Dev/Projects/TheFantasyWorldSimulator/node_modules/@vitest/runner/dist/index.js:1209:10)
[Orchestrator] Tick crashed, returning previous state: Error: Trait not found: trait.reputation.power.renown
    at assignTrait (C:/Users/chris/Dev/Projects/TheFantasyWorldSimulator/src/engine/traits.ts:44:25)
    at syncReputationTrait (C:/Users/chris/Dev/Projects/TheFantasyWorldSimulator/src/engine/phaseReputationTraits.ts:297:5)
    at phaseReputationTraits (C:/Users/chris/Dev/Projects/TheFantasyWorldSimulator/src/engine/phaseReputationTraits.ts:273:7)
    at runTick (C:/Users/chris/Dev/Projects/TheFantasyWorldSimulator/src/engine/orchestrator.ts:1896:18)
    at C:/Users/chris/Dev/Projects/TheFantasyWorldSimulator/src/engine/__tests__/contracts/encounter-liveness.contract.test.ts:222:17
    at file:///C:/Users/chris/Dev/Projects/TheFantasyWorldSimulator/node_modules/@vitest/runner/dist/index.js:145:11
    at file:///C:/Users/chris/Dev/Projects/TheFantasyWorldSimulator/node_modules/@vitest/runner/dist/index.js:915:26
    at file:///C:/Users/chris/Dev/Projects/TheFantasyWorldSimulator/node_modules/@vitest/runner/dist/index.js:1243:20
    at new Promise (<anonymous>)
    at runWithTimeout (file:///C:/Users/chris/Dev/Projects/TheFantasyWorldSimulator/node_modules/@vitest/runner/dist/index.js:1209:10)
[Orchestrator] Tick crashed, returning previous state: Error: Trait not found: trait.reputation.power.renown
    at assignTrait (C:/Users/chris/Dev/Projects/TheFantasyWorldSimulator/src/engine/traits.ts:44:25)
    at syncReputationTrait (C:/Users/chris/Dev/Projects/TheFantasyWorldSimulator/src/engine/phaseReputationTraits.ts:297:5)
    at phaseReputationTraits (C:/Users/chris/Dev/Projects/TheFantasyWorldSimulator/src/engine/phaseReputationTraits.ts:273:7)
    at runTick (C:/Users/chris/Dev/Projects/TheFantasyWorldSimulator/src/engine/orchestrator.ts:1896:18)
    at C:/Users/chris/Dev/Projects/TheFantasyWorldSimulator/src/engine/__tests__/contracts/encounter-liveness.contract.test.ts:222:17
    at file:///C:/Users/chris/Dev/Projects/TheFantasyWorldSimulator/node_modules/@vitest/runner/dist/index.js:145:11
    at file:///C:/Users/chris/Dev/Projects/TheFantasyWorldSimulator/node_modules/@vitest/runner/dist/index.js:915:26
    at file:///C:/Users/chris/Dev/Projects/TheFantasyWorldSimulator/node_modules/@vitest/runner/dist/index.js:1243:20
    at new Promise (<anonymous>)
    at runWithTimeout (file:///C:/Users/chris/Dev/Projects/TheFantasyWorldSimulator/node_modules/@vitest/runner/dist/index.js:1209:10)
[Orchestrator] Tick crashed, returning previous state: Error: Trait not found: trait.reputation.power.renown
    at assignTrait (C:/Users/chris/Dev/Projects/TheFantasyWorldSimulator/src/engine/traits.ts:44:25)
    at syncReputationTrait (C:/Users/chris/Dev/Projects/TheFantasyWorldSimulator/src/engine/phaseReputationTraits.ts:297:5)
    at phaseReputationTraits (C:/Users/chris/Dev/Projects/TheFantasyWorldSimulator/src/engine/phaseReputationTraits.ts:273:7)
    at runTick (C:/Users/chris/Dev/Projects/TheFantasyWorldSimulator/src/engine/orchestrator.ts:1896:18)
    at C:/Users/chris/Dev/Projects/TheFantasyWorldSimulator/src/engine/__tests__/contracts/encounter-liveness.contract.test.ts:222:17
    at file:///C:/Users/chris/Dev/Projects/TheFantasyWorldSimulator/node_modules/@vitest/runner/dist/index.js:145:11
    at file:///C:/Users/chris/Dev/Projects/TheFantasyWorldSimulator/node_modules/@vitest/runner/dist/index.js:915:26
    at file:///C:/Users/chris/Dev/Projects/TheFantasyWorldSimulator/node_modules/@vitest/runner/dist/index.js:1243:20
    at new Promise (<anonymous>)
    at runWithTimeout (file:///C:/Users/chris/Dev/Projects/TheFantasyWorldSimulator/node_modules/@vitest/runner/dist/index.js:1209:10)
[Orchestrator] Tick crashed, returning previous state: Error: Trait not found: trait.reputation.power.renown
    at assignTrait (C:/Users/chris/Dev/Projects/TheFantasyWorldSimulator/src/engine/traits.ts:44:25)
    at syncReputationTrait (C:/Users/chris/Dev/Projects/TheFantasyWorldSimulator/src/engine/phaseReputationTraits.ts:297:5)
    at phaseReputationTraits (C:/Users/chris/Dev/Projects/TheFantasyWorldSimulator/src/engine/phaseReputationTraits.ts:273:7)
    at runTick (C:/Users/chris/Dev/Projects/TheFantasyWorldSimulator/src/engine/orchestrator.ts:1896:18)
    at C:/Users/chris/Dev/Projects/TheFantasyWorldSimulator/src/engine/__tests__/contracts/encounter-liveness.contract.test.ts:222:17
    at file:///C:/Users/chris/Dev/Projects/TheFantasyWorldSimulator/node_modules/@vitest/runner/dist/index.js:145:11
    at file:///C:/Users/chris/Dev/Projects/TheFantasyWorldSimulator/node_modules/@vitest/runner/dist/index.js:915:26
    at file:///C:/Users/chris/Dev/Projects/TheFantasyWorldSimulator/node_modules/@vitest/runner/dist/index.js:1243:20
    at new Promise (<anonymous>)
    at runWithTimeout (file:///C:/Users/chris/Dev/Projects/TheFantasyWorldSimulator/node_modules/@vitest/runner/dist/index.js:1209:10)
[Orchestrator] Tick crashed, returning previous state: Error: Trait not found: trait.reputation.power.renown
    at assignTrait (C:/Users/chris/Dev/Projects/TheFantasyWorldSimulator/src/engine/traits.ts:44:25)
    at syncReputationTrait (C:/Users/chris/Dev/Projects/TheFantasyWorldSimulator/src/engine/phaseReputationTraits.ts:297:5)
    at phaseReputationTraits (C:/Users/chris/Dev/Projects/TheFantasyWorldSimulator/src/engine/phaseReputationTraits.ts:273:7)
    at runTick (C:/Users/chris/Dev/Projects/TheFantasyWorldSimulator/src/engine/orchestrator.ts:1896:18)
    at C:/Users/chris/Dev/Projects/TheFantasyWorldSimulator/src/engine/__tests__/contracts/encounter-liveness.contract.test.ts:222:17
    at file:///C:/Users/chris/Dev/Projects/TheFantasyWorldSimulator/node_modules/@vitest/runner/dist/index.js:145:11
    at file:///C:/Users/chris/Dev/Projects/TheFantasyWorldSimulator/node_modules/@vitest/runner/dist/index.js:915:26
    at file:///C:/Users/chris/Dev/Projects/TheFantasyWorldSimulator/node_modules/@vitest/runner/dist/index.js:1243:20
    at new Promise (<anonymous>)
    at runWithTimeout (file:///C:/Users/chris/Dev/Projects/TheFantasyWorldSimulator/node_modules/@vitest/runner/dist/index.js:1209:10)
[Orchestrator] Tick crashed, returning previous state: Error: Trait not found: trait.reputation.power.renown
    at assignTrait (C:/Users/chris/Dev/Projects/TheFantasyWorldSimulator/src/engine/traits.ts:44:25)
    at syncReputationTrait (C:/Users/chris/Dev/Projects/TheFantasyWorldSimulator/src/engine/phaseReputationTraits.ts:297:5)
    at phaseReputationTraits (C:/Users/chris/Dev/Projects/TheFantasyWorldSimulator/src/engine/phaseReputationTraits.ts:273:7)
    at runTick (C:/Users/chris/Dev/Projects/TheFantasyWorldSimulator/src/engine/orchestrator.ts:1896:18)
    at C:/Users/chris/Dev/Projects/TheFantasyWorldSimulator/src/engine/__tests__/contracts/encounter-liveness.contract.test.ts:222:17
    at file:///C:/Users/chris/Dev/Projects/TheFantasyWorldSimulator/node_modules/@vitest/runner/dist/index.js:145:11
    at file:///C:/Users/chris/Dev/Projects/TheFantasyWorldSimulator/node_modules/@vitest/runner/dist/index.js:915:26
    at file:///C:/Users/chris/Dev/Projects/TheFantasyWorldSimulator/node_modules/@vitest/runner/dist/index.js:1243:20
    at new Promise (<anonymous>)
    at runWithTimeout (file:///C:/Users/chris/Dev/Projects/TheFantasyWorldSimulator/node_modules/@vitest/runner/dist/index.js:1209:10)
[Orchestrator] Tick crashed, returning previous state: Error: Trait not found: trait.reputation.power.renown
    at assignTrait (C:/Users/chris/Dev/Projects/TheFantasyWorldSimulator/src/engine/traits.ts:44:25)
    at syncReputationTrait (C:/Users/chris/Dev/Projects/TheFantasyWorldSimulator/src/engine/phaseReputationTraits.ts:297:5)
    at phaseReputationTraits (C:/Users/chris/Dev/Projects/TheFantasyWorldSimulator/src/engine/phaseReputationTraits.ts:273:7)
    at runTick (C:/Users/chris/Dev/Projects/TheFantasyWorldSimulator/src/engine/orchestrator.ts:1896:18)
    at C:/Users/chris/Dev/Projects/TheFantasyWorldSimulator/src/engine/__tests__/contracts/encounter-liveness.contract.test.ts:222:17
    at file:///C:/Users/chris/Dev/Projects/TheFantasyWorldSimulator/node_modules/@vitest/runner/dist/index.js:145:11
    at file:///C:/Users/chris/Dev/Projects/TheFantasyWorldSimulator/node_modules/@vitest/runner/dist/index.js:915:26
    at file:///C:/Users/chris/Dev/Projects/TheFantasyWorldSimulator/node_modules/@vitest/runner/dist/index.js:1243:20
    at new Promise (<anonymous>)
    at runWithTimeout (file:///C:/Users/chris/Dev/Projects/TheFantasyWorldSimulator/node_modules/@vitest/runner/dist/index.js:1209:10)
[Orchestrator] Tick crashed, returning previous state: Error: Trait not found: trait.reputation.power.renown
    at assignTrait (C:/Users/chris/Dev/Projects/TheFantasyWorldSimulator/src/engine/traits.ts:44:25)
    at syncReputationTrait (C:/Users/chris/Dev/Projects/TheFantasyWorldSimulator/src/engine/phaseReputationTraits.ts:297:5)
    at phaseReputationTraits (C:/Users/chris/Dev/Projects/TheFantasyWorldSimulator/src/engine/phaseReputationTraits.ts:273:7)
    at runTick (C:/Users/chris/Dev/Projects/TheFantasyWorldSimulator/src/engine/orchestrator.ts:1896:18)
    at C:/Users/chris/Dev/Projects/TheFantasyWorldSimulator/src/engine/__tests__/contracts/encounter-liveness.contract.test.ts:222:17
    at file:///C:/Users/chris/Dev/Projects/TheFantasyWorldSimulator/node_modules/@vitest/runner/dist/index.js:145:11
    at file:///C:/Users/chris/Dev/Projects/TheFantasyWorldSimulator/node_modules/@vitest/runner/dist/index.js:915:26
    at file:///C:/Users/chris/Dev/Projects/TheFantasyWorldSimulator/node_modules/@vitest/runner/dist/index.js:1243:20
    at new Promise (<anonymous>)
    at runWithTimeout (file:///C:/Users/chris/Dev/Projects/TheFantasyWorldSimulator/node_modules/@vitest/runner/dist/index.js:1209:10)
[Orchestrator] Tick crashed, returning previous state: Error: Trait not found: trait.reputation.power.renown
    at assignTrait (C:/Users/chris/Dev/Projects/TheFantasyWorldSimulator/src/engine/traits.ts:44:25)
    at syncReputationTrait (C:/Users/chris/Dev/Projects/TheFantasyWorldSimulator/src/engine/phaseReputationTraits.ts:297:5)
    at phaseReputationTraits (C:/Users/chris/Dev/Projects/TheFantasyWorldSimulator/src/engine/phaseReputationTraits.ts:273:7)
    at runTick (C:/Users/chris/Dev/Projects/TheFantasyWorldSimulator/src/engine/orchestrator.ts:1896:18)
    at C:/Users/chris/Dev/Projects/TheFantasyWorldSimulator/src/engine/__tests__/contracts/encounter-liveness.contract.test.ts:222:17
    at file:///C:/Users/chris/Dev/Projects/TheFantasyWorldSimulator/node_modules/@vitest/runner/dist/index.js:145:11
    at file:///C:/Users/chris/Dev/Projects/TheFantasyWorldSimulator/node_modules/@vitest/runner/dist/index.js:915:26
    at file:///C:/Users/chris/Dev/Projects/TheFantasyWorldSimulator/node_modules/@vitest/runner/dist/index.js:1243:20
    at new Promise (<anonymous>)
    at runWithTimeout (file:///C:/Users/chris/Dev/Projects/TheFantasyWorldSimulator/node_modules/@vitest/runner/dist/index.js:1209:10)
[Orchestrator] Tick crashed, returning previous state: Error: Trait not found: trait.reputation.power.renown
    at assignTrait (C:/Users/chris/Dev/Projects/TheFantasyWorldSimulator/src/engine/traits.ts:44:25)
    at syncReputationTrait (C:/Users/chris/Dev/Projects/TheFantasyWorldSimulator/src/engine/phaseReputationTraits.ts:297:5)
    at phaseReputationTraits (C:/Users/chris/Dev/Projects/TheFantasyWorldSimulator/src/engine/phaseReputationTraits.ts:273:7)
    at runTick (C:/Users/chris/Dev/Projects/TheFantasyWorldSimulator/src/engine/orchestrator.ts:1896:18)
    at C:/Users/chris/Dev/Projects/TheFantasyWorldSimulator/src/engine/__tests__/contracts/encounter-liveness.contract.test.ts:222:17
    at file:///C:/Users/chris/Dev/Projects/TheFantasyWorldSimulator/node_modules/@vitest/runner/dist/index.js:145:11
    at file:///C:/Users/chris/Dev/Projects/TheFantasyWorldSimulator/node_modules/@vitest/runner/dist/index.js:915:26
    at file:///C:/Users/chris/Dev/Projects/TheFantasyWorldSimulator/node_modules/@vitest/runner/dist/index.js:1243:20
    at new Promise (<anonymous>)
    at runWithTimeout (file:///C:/Users/chris/Dev/Projects/TheFantasyWorldSimulator/node_modules/@vitest/runner/dist/index.js:1209:10)
[Orchestrator] Tick crashed, returning previous state: Error: Trait not found: trait.reputation.power.renown
    at assignTrait (C:/Users/chris/Dev/Projects/TheFantasyWorldSimulator/src/engine/traits.ts:44:25)
    at syncReputationTrait (C:/Users/chris/Dev/Projects/TheFantasyWorldSimulator/src/engine/phaseReputationTraits.ts:297:5)
    at phaseReputationTraits (C:/Users/chris/Dev/Projects/TheFantasyWorldSimulator/src/engine/phaseReputationTraits.ts:273:7)
    at runTick (C:/Users/chris/Dev/Projects/TheFantasyWorldSimulator/src/engine/orchestrator.ts:1896:18)
    at C:/Users/chris/Dev/Projects/TheFantasyWorldSimulator/src/engine/__tests__/contracts/encounter-liveness.contract.test.ts:222:17
    at file:///C:/Users/chris/Dev/Projects/TheFantasyWorldSimulator/node_modules/@vitest/runner/dist/index.js:145:11
    at file:///C:/Users/chris/Dev/Projects/TheFantasyWorldSimulator/node_modules/@vitest/runner/dist/index.js:915:26
    at file:///C:/Users/chris/Dev/Projects/TheFantasyWorldSimulator/node_modules/@vitest/runner/dist/index.js:1243:20
    at new Promise (<anonymous>)
    at runWithTimeout (file:///C:/Users/chris/Dev/Projects/TheFantasyWorldSimulator/node_modules/@vitest/runner/dist/index.js:1209:10)
[Orchestrator] Tick crashed, returning previous state: Error: Trait not found: trait.reputation.power.renown
    at assignTrait (C:/Users/chris/Dev/Projects/TheFantasyWorldSimulator/src/engine/traits.ts:44:25)
    at syncReputationTrait (C:/Users/chris/Dev/Projects/TheFantasyWorldSimulator/src/engine/phaseReputationTraits.ts:297:5)
    at phaseReputationTraits (C:/Users/chris/Dev/Projects/TheFantasyWorldSimulator/src/engine/phaseReputationTraits.ts:273:7)
    at runTick (C:/Users/chris/Dev/Projects/TheFantasyWorldSimulator/src/engine/orchestrator.ts:1896:18)
    at C:/Users/chris/Dev/Projects/TheFantasyWorldSimulator/src/engine/__tests__/contracts/encounter-liveness.contract.test.ts:222:17
    at file:///C:/Users/chris/Dev/Projects/TheFantasyWorldSimulator/node_modules/@vitest/runner/dist/index.js:145:11
    at file:///C:/Users/chris/Dev/Projects/TheFantasyWorldSimulator/node_modules/@vitest/runner/dist/index.js:915:26
    at file:///C:/Users/chris/Dev/Projects/TheFantasyWorldSimulator/node_modules/@vitest/runner/dist/index.js:1243:20
    at new Promise (<anonymous>)
    at runWithTimeout (file:///C:/Users/chris/Dev/Projects/TheFantasyWorldSimulator/node_modules/@vitest/runner/dist/index.js:1209:10)
[Orchestrator] Tick crashed, returning previous state: Error: Trait not found: trait.reputation.power.renown
    at assignTrait (C:/Users/chris/Dev/Projects/TheFantasyWorldSimulator/src/engine/traits.ts:44:25)
    at syncReputationTrait (C:/Users/chris/Dev/Projects/TheFantasyWorldSimulator/src/engine/phaseReputationTraits.ts:297:5)
    at phaseReputationTraits (C:/Users/chris/Dev/Projects/TheFantasyWorldSimulator/src/engine/phaseReputationTraits.ts:273:7)
    at runTick (C:/Users/chris/Dev/Projects/TheFantasyWorldSimulator/src/engine/orchestrator.ts:1896:18)
    at C:/Users/chris/Dev/Projects/TheFantasyWorldSimulator/src/engine/__tests__/contracts/encounter-liveness.contract.test.ts:222:17
    at file:///C:/Users/chris/Dev/Projects/TheFantasyWorldSimulator/node_modules/@vitest/runner/dist/index.js:145:11
    at file:///C:/Users/chris/Dev/Projects/TheFantasyWorldSimulator/node_modules/@vitest/runner/dist/index.js:915:26
    at file:///C:/Users/chris/Dev/Projects/TheFantasyWorldSimulator/node_modules/@vitest/runner/dist/index.js:1243:20
    at new Promise (<anonymous>)
    at runWithTimeout (file:///C:/Users/chris/Dev/Projects/TheFantasyWorldSimulator/node_modules/@vitest/runner/dist/index.js:1209:10)
[Orchestrator] Tick crashed, returning previous state: Error: Trait not found: trait.reputation.power.renown
    at assignTrait (C:/Users/chris/Dev/Projects/TheFantasyWorldSimulator/src/engine/traits.ts:44:25)
    at syncReputationTrait (C:/Users/chris/Dev/Projects/TheFantasyWorldSimulator/src/engine/phaseReputationTraits.ts:297:5)
    at phaseReputationTraits (C:/Users/chris/Dev/Projects/TheFantasyWorldSimulator/src/engine/phaseReputationTraits.ts:273:7)
    at runTick (C:/Users/chris/Dev/Projects/TheFantasyWorldSimulator/src/engine/orchestrator.ts:1896:18)
    at C:/Users/chris/Dev/Projects/TheFantasyWorldSimulator/src/engine/__tests__/contracts/encounter-liveness.contract.test.ts:222:17
    at file:///C:/Users/chris/Dev/Projects/TheFantasyWorldSimulator/node_modules/@vitest/runner/dist/index.js:145:11
    at file:///C:/Users/chris/Dev/Projects/TheFantasyWorldSimulator/node_modules/@vitest/runner/dist/index.js:915:26
    at file:///C:/Users/chris/Dev/Projects/TheFantasyWorldSimulator/node_modules/@vitest/runner/dist/index.js:1243:20
    at new Promise (<anonymous>)
    at runWithTimeout (file:///C:/Users/chris/Dev/Projects/TheFantasyWorldSimulator/node_modules/@vitest/runner/dist/index.js:1209:10)
[Orchestrator] Tick crashed, returning previous state: Error: Trait not found: trait.reputation.power.renown
    at assignTrait (C:/Users/chris/Dev/Projects/TheFantasyWorldSimulator/src/engine/traits.ts:44:25)
    at syncReputationTrait (C:/Users/chris/Dev/Projects/TheFantasyWorldSimulator/src/engine/phaseReputationTraits.ts:297:5)
    at phaseReputationTraits (C:/Users/chris/Dev/Projects/TheFantasyWorldSimulator/src/engine/phaseReputationTraits.ts:273:7)
    at runTick (C:/Users/chris/Dev/Projects/TheFantasyWorldSimulator/src/engine/orchestrator.ts:1896:18)
    at C:/Users/chris/Dev/Projects/TheFantasyWorldSimulator/src/engine/__tests__/contracts/encounter-liveness.contract.test.ts:222:17
    at file:///C:/Users/chris/Dev/Projects/TheFantasyWorldSimulator/node_modules/@vitest/runner/dist/index.js:145:11
    at file:///C:/Users/chris/Dev/Projects/TheFantasyWorldSimulator/node_modules/@vitest/runner/dist/index.js:915:26
    at file:///C:/Users/chris/Dev/Projects/TheFantasyWorldSimulator/node_modules/@vitest/runner/dist/index.js:1243:20
    at new Promise (<anonymous>)
    at runWithTimeout (file:///C:/Users/chris/Dev/Projects/TheFantasyWorldSimulator/node_modules/@vitest/runner/dist/index.js:1209:10)
[Orchestrator] Tick crashed, returning previous state: Error: Trait not found: trait.reputation.power.renown
    at assignTrait (C:/Users/chris/Dev/Projects/TheFantasyWorldSimulator/src/engine/traits.ts:44:25)
    at syncReputationTrait (C:/Users/chris/Dev/Projects/TheFantasyWorldSimulator/src/engine/phaseReputationTraits.ts:297:5)
    at phaseReputationTraits (C:/Users/chris/Dev/Projects/TheFantasyWorldSimulator/src/engine/phaseReputationTraits.ts:273:7)
    at runTick (C:/Users/chris/Dev/Projects/TheFantasyWorldSimulator/src/engine/orchestrator.ts:1896:18)
    at C:/Users/chris/Dev/Projects/TheFantasyWorldSimulator/src/engine/__tests__/contracts/encounter-liveness.contract.test.ts:222:17
    at file:///C:/Users/chris/Dev/Projects/TheFantasyWorldSimulator/node_modules/@vitest/runner/dist/index.js:145:11
    at file:///C:/Users/chris/Dev/Projects/TheFantasyWorldSimulator/node_modules/@vitest/runner/dist/index.js:915:26
    at file:///C:/Users/chris/Dev/Projects/TheFantasyWorldSimulator/node_modules/@vitest/runner/dist/index.js:1243:20
    at new Promise (<anonymous>)
    at runWithTimeout (file:///C:/Users/chris/Dev/Projects/TheFantasyWorldSimulator/node_modules/@vitest/runner/dist/index.js:1209:10)
[Orchestrator] Tick crashed, returning previous state: Error: Trait not found: trait.reputation.power.renown
    at assignTrait (C:/Users/chris/Dev/Projects/TheFantasyWorldSimulator/src/engine/traits.ts:44:25)
    at syncReputationTrait (C:/Users/chris/Dev/Projects/TheFantasyWorldSimulator/src/engine/phaseReputationTraits.ts:297:5)
    at phaseReputationTraits (C:/Users/chris/Dev/Projects/TheFantasyWorldSimulator/src/engine/phaseReputationTraits.ts:273:7)
    at runTick (C:/Users/chris/Dev/Projects/TheFantasyWorldSimulator/src/engine/orchestrator.ts:1896:18)
    at C:/Users/chris/Dev/Projects/TheFantasyWorldSimulator/src/engine/__tests__/contracts/encounter-liveness.contract.test.ts:222:17
    at file:///C:/Users/chris/Dev/Projects/TheFantasyWorldSimulator/node_modules/@vitest/runner/dist/index.js:145:11
    at file:///C:/Users/chris/Dev/Projects/TheFantasyWorldSimulator/node_modules/@vitest/runner/dist/index.js:915:26
    at file:///C:/Users/chris/Dev/Projects/TheFantasyWorldSimulator/node_modules/@vitest/runner/dist/index.js:1243:20
    at new Promise (<anonymous>)
    at runWithTimeout (file:///C:/Users/chris/Dev/Projects/TheFantasyWorldSimulator/node_modules/@vitest/runner/dist/index.js:1209:10)
[Orchestrator] Tick crashed, returning previous state: Error: Trait not found: trait.reputation.power.renown
    at assignTrait (C:/Users/chris/Dev/Projects/TheFantasyWorldSimulator/src/engine/traits.ts:44:25)
    at syncReputationTrait (C:/Users/chris/Dev/Projects/TheFantasyWorldSimulator/src/engine/phaseReputationTraits.ts:297:5)
    at phaseReputationTraits (C:/Users/chris/Dev/Projects/TheFantasyWorldSimulator/src/engine/phaseReputationTraits.ts:273:7)
    at runTick (C:/Users/chris/Dev/Projects/TheFantasyWorldSimulator/src/engine/orchestrator.ts:1896:18)
    at C:/Users/chris/Dev/Projects/TheFantasyWorldSimulator/src/engine/__tests__/contracts/encounter-liveness.contract.test.ts:222:17
    at file:///C:/Users/chris/Dev/Projects/TheFantasyWorldSimulator/node_modules/@vitest/runner/dist/index.js:145:11
    at file:///C:/Users/chris/Dev/Projects/TheFantasyWorldSimulator/node_modules/@vitest/runner/dist/index.js:915:26
    at file:///C:/Users/chris/Dev/Projects/TheFantasyWorldSimulator/node_modules/@vitest/runner/dist/index.js:1243:20
    at new Promise (<anonymous>)
    at runWithTimeout (file:///C:/Users/chris/Dev/Projects/TheFantasyWorldSimulator/node_modules/@vitest/runner/dist/index.js:1209:10)
[Orchestrator] Tick crashed, returning previous state: Error: Trait not found: trait.reputation.power.renown
    at assignTrait (C:/Users/chris/Dev/Projects/TheFantasyWorldSimulator/src/engine/traits.ts:44:25)
    at syncReputationTrait (C:/Users/chris/Dev/Projects/TheFantasyWorldSimulator/src/engine/phaseReputationTraits.ts:297:5)
    at phaseReputationTraits (C:/Users/chris/Dev/Projects/TheFantasyWorldSimulator/src/engine/phaseReputationTraits.ts:273:7)
    at runTick (C:/Users/chris/Dev/Projects/TheFantasyWorldSimulator/src/engine/orchestrator.ts:1896:18)
    at C:/Users/chris/Dev/Projects/TheFantasyWorldSimulator/src/engine/__tests__/contracts/encounter-liveness.contract.test.ts:222:17
    at file:///C:/Users/chris/Dev/Projects/TheFantasyWorldSimulator/node_modules/@vitest/runner/dist/index.js:145:11
    at file:///C:/Users/chris/Dev/Projects/TheFantasyWorldSimulator/node_modules/@vitest/runner/dist/index.js:915:26
    at file:///C:/Users/chris/Dev/Projects/TheFantasyWorldSimulator/node_modules/@vitest/runner/dist/index.js:1243:20
    at new Promise (<anonymous>)
    at runWithTimeout (file:///C:/Users/chris/Dev/Projects/TheFantasyWorldSimulator/node_modules/@vitest/runner/dist/index.js:1209:10)
[Orchestrator] Tick crashed, returning previous state: Error: Trait not found: trait.reputation.power.renown
    at assignTrait (C:/Users/chris/Dev/Projects/TheFantasyWorldSimulator/src/engine/traits.ts:44:25)
    at syncReputationTrait (C:/Users/chris/Dev/Projects/TheFantasyWorldSimulator/src/engine/phaseReputationTraits.ts:297:5)
    at phaseReputationTraits (C:/Users/chris/Dev/Projects/TheFantasyWorldSimulator/src/engine/phaseReputationTraits.ts:273:7)
    at runTick (C:/Users/chris/Dev/Projects/TheFantasyWorldSimulator/src/engine/orchestrator.ts:1896:18)
    at C:/Users/chris/Dev/Projects/TheFantasyWorldSimulator/src/engine/__tests__/contracts/encounter-liveness.contract.test.ts:222:17
    at file:///C:/Users/chris/Dev/Projects/TheFantasyWorldSimulator/node_modules/@vitest/runner/dist/index.js:145:11
    at file:///C:/Users/chris/Dev/Projects/TheFantasyWorldSimulator/node_modules/@vitest/runner/dist/index.js:915:26
    at file:///C:/Users/chris/Dev/Projects/TheFantasyWorldSimulator/node_modules/@vitest/runner/dist/index.js:1243:20
    at new Promise (<anonymous>)
    at runWithTimeout (file:///C:/Users/chris/Dev/Projects/TheFantasyWorldSimulator/node_modules/@vitest/runner/dist/index.js:1209:10)
[Orchestrator] Tick crashed, returning previous state: Error: Trait not found: trait.reputation.power.renown
    at assignTrait (C:/Users/chris/Dev/Projects/TheFantasyWorldSimulator/src/engine/traits.ts:44:25)
    at syncReputationTrait (C:/Users/chris/Dev/Projects/TheFantasyWorldSimulator/src/engine/phaseReputationTraits.ts:297:5)
    at phaseReputationTraits (C:/Users/chris/Dev/Projects/TheFantasyWorldSimulator/src/engine/phaseReputationTraits.ts:273:7)
    at runTick (C:/Users/chris/Dev/Projects/TheFantasyWorldSimulator/src/engine/orchestrator.ts:1896:18)
    at C:/Users/chris/Dev/Projects/TheFantasyWorldSimulator/src/engine/__tests__/contracts/encounter-liveness.contract.test.ts:222:17
    at file:///C:/Users/chris/Dev/Projects/TheFantasyWorldSimulator/node_modules/@vitest/runner/dist/index.js:145:11
    at file:///C:/Users/chris/Dev/Projects/TheFantasyWorldSimulator/node_modules/@vitest/runner/dist/index.js:915:26
    at file:///C:/Users/chris/Dev/Projects/TheFantasyWorldSimulator/node_modules/@vitest/runner/dist/index.js:1243:20
    at new Promise (<anonymous>)
    at runWithTimeout (file:///C:/Users/chris/Dev/Projects/TheFantasyWorldSimulator/node_modules/@vitest/runner/dist/index.js:1209:10)
[Orchestrator] Tick crashed, returning previous state: Error: Trait not found: trait.reputation.power.renown
    at assignTrait (C:/Users/chris/Dev/Projects/TheFantasyWorldSimulator/src/engine/traits.ts:44:25)
    at syncReputationTrait (C:/Users/chris/Dev/Projects/TheFantasyWorldSimulator/src/engine/phaseReputationTraits.ts:297:5)
    at phaseReputationTraits (C:/Users/chris/Dev/Projects/TheFantasyWorldSimulator/src/engine/phaseReputationTraits.ts:273:7)
    at runTick (C:/Users/chris/Dev/Projects/TheFantasyWorldSimulator/src/engine/orchestrator.ts:1896:18)
    at C:/Users/chris/Dev/Projects/TheFantasyWorldSimulator/src/engine/__tests__/contracts/encounter-liveness.contract.test.ts:222:17
    at file:///C:/Users/chris/Dev/Projects/TheFantasyWorldSimulator/node_modules/@vitest/runner/dist/index.js:145:11
    at file:///C:/Users/chris/Dev/Projects/TheFantasyWorldSimulator/node_modules/@vitest/runner/dist/index.js:915:26
    at file:///C:/Users/chris/Dev/Projects/TheFantasyWorldSimulator/node_modules/@vitest/runner/dist/index.js:1243:20
    at new Promise (<anonymous>)
    at runWithTimeout (file:///C:/Users/chris/Dev/Projects/TheFantasyWorldSimulator/node_modules/@vitest/runner/dist/index.js:1209:10)
[Orchestrator] Tick crashed, returning previous state: Error: Trait not found: trait.reputation.power.renown
    at assignTrait (C:/Users/chris/Dev/Projects/TheFantasyWorldSimulator/src/engine/traits.ts:44:25)
    at syncReputationTrait (C:/Users/chris/Dev/Projects/TheFantasyWorldSimulator/src/engine/phaseReputationTraits.ts:297:5)
    at phaseReputationTraits (C:/Users/chris/Dev/Projects/TheFantasyWorldSimulator/src/engine/phaseReputationTraits.ts:273:7)
    at runTick (C:/Users/chris/Dev/Projects/TheFantasyWorldSimulator/src/engine/orchestrator.ts:1896:18)
    at C:/Users/chris/Dev/Projects/TheFantasyWorldSimulator/src/engine/__tests__/contracts/encounter-liveness.contract.test.ts:222:17
    at file:///C:/Users/chris/Dev/Projects/TheFantasyWorldSimulator/node_modules/@vitest/runner/dist/index.js:145:11
    at file:///C:/Users/chris/Dev/Projects/TheFantasyWorldSimulator/node_modules/@vitest/runner/dist/index.js:915:26
    at file:///C:/Users/chris/Dev/Projects/TheFantasyWorldSimulator/node_modules/@vitest/runner/dist/index.js:1243:20
    at new Promise (<anonymous>)
    at runWithTimeout (file:///C:/Users/chris/Dev/Projects/TheFantasyWorldSimulator/node_modules/@vitest/runner/dist/index.js:1209:10)
[Orchestrator] Tick crashed, returning previous state: Error: Trait not found: trait.reputation.power.renown
    at assignTrait (C:/Users/chris/Dev/Projects/TheFantasyWorldSimulator/src/engine/traits.ts:44:25)
    at syncReputationTrait (C:/Users/chris/Dev/Projects/TheFantasyWorldSimulator/src/engine/phaseReputationTraits.ts:297:5)
    at phaseReputationTraits (C:/Users/chris/Dev/Projects/TheFantasyWorldSimulator/src/engine/phaseReputationTraits.ts:273:7)
    at runTick (C:/Users/chris/Dev/Projects/TheFantasyWorldSimulator/src/engine/orchestrator.ts:1896:18)
    at C:/Users/chris/Dev/Projects/TheFantasyWorldSimulator/src/engine/__tests__/contracts/encounter-liveness.contract.test.ts:222:17
    at file:///C:/Users/chris/Dev/Projects/TheFantasyWorldSimulator/node_modules/@vitest/runner/dist/index.js:145:11
    at file:///C:/Users/chris/Dev/Projects/TheFantasyWorldSimulator/node_modules/@vitest/runner/dist/index.js:915:26
    at file:///C:/Users/chris/Dev/Projects/TheFantasyWorldSimulator/node_modules/@vitest/runner/dist/index.js:1243:20
    at new Promise (<anonymous>)
    at runWithTimeout (file:///C:/Users/chris/Dev/Projects/TheFantasyWorldSimulator/node_modules/@vitest/runner/dist/index.js:1209:10)
[Orchestrator] Tick crashed, returning previous state: Error: Trait not found: trait.reputation.power.renown
    at assignTrait (C:/Users/chris/Dev/Projects/TheFantasyWorldSimulator/src/engine/traits.ts:44:25)
    at syncReputationTrait (C:/Users/chris/Dev/Projects/TheFantasyWorldSimulator/src/engine/phaseReputationTraits.ts:297:5)
    at phaseReputationTraits (C:/Users/chris/Dev/Projects/TheFantasyWorldSimulator/src/engine/phaseReputationTraits.ts:273:7)
    at runTick (C:/Users/chris/Dev/Projects/TheFantasyWorldSimulator/src/engine/orchestrator.ts:1896:18)
    at C:/Users/chris/Dev/Projects/TheFantasyWorldSimulator/src/engine/__tests__/contracts/encounter-liveness.contract.test.ts:222:17
    at file:///C:/Users/chris/Dev/Projects/TheFantasyWorldSimulator/node_modules/@vitest/runner/dist/index.js:145:11
    at file:///C:/Users/chris/Dev/Projects/TheFantasyWorldSimulator/node_modules/@vitest/runner/dist/index.js:915:26
    at file:///C:/Users/chris/Dev/Projects/TheFantasyWorldSimulator/node_modules/@vitest/runner/dist/index.js:1243:20
    at new Promise (<anonymous>)
    at runWithTimeout (file:///C:/Users/chris/Dev/Projects/TheFantasyWorldSimulator/node_modules/@vitest/runner/dist/index.js:1209:10)
[Orchestrator] Tick crashed, returning previous state: Error: Trait not found: trait.reputation.power.renown
    at assignTrait (C:/Users/chris/Dev/Projects/TheFantasyWorldSimulator/src/engine/traits.ts:44:25)
    at syncReputationTrait (C:/Users/chris/Dev/Projects/TheFantasyWorldSimulator/src/engine/phaseReputationTraits.ts:297:5)
    at phaseReputationTraits (C:/Users/chris/Dev/Projects/TheFantasyWorldSimulator/src/engine/phaseReputationTraits.ts:273:7)
    at runTick (C:/Users/chris/Dev/Projects/TheFantasyWorldSimulator/src/engine/orchestrator.ts:1896:18)
    at C:/Users/chris/Dev/Projects/TheFantasyWorldSimulator/src/engine/__tests__/contracts/encounter-liveness.contract.test.ts:222:17
    at file:///C:/Users/chris/Dev/Projects/TheFantasyWorldSimulator/node_modules/@vitest/runner/dist/index.js:145:11
    at file:///C:/Users/chris/Dev/Projects/TheFantasyWorldSimulator/node_modules/@vitest/runner/dist/index.js:915:26
    at file:///C:/Users/chris/Dev/Projects/TheFantasyWorldSimulator/node_modules/@vitest/runner/dist/index.js:1243:20
    at new Promise (<anonymous>)
    at runWithTimeout (file:///C:/Users/chris/Dev/Projects/TheFantasyWorldSimulator/node_modules/@vitest/runner/dist/index.js:1209:10)
[Orchestrator] Tick crashed, returning previous state: Error: Trait not found: trait.reputation.power.renown
    at assignTrait (C:/Users/chris/Dev/Projects/TheFantasyWorldSimulator/src/engine/traits.ts:44:25)
    at syncReputationTrait (C:/Users/chris/Dev/Projects/TheFantasyWorldSimulator/src/engine/phaseReputationTraits.ts:297:5)
    at phaseReputationTraits (C:/Users/chris/Dev/Projects/TheFantasyWorldSimulator/src/engine/phaseReputationTraits.ts:273:7)
    at runTick (C:/Users/chris/Dev/Projects/TheFantasyWorldSimulator/src/engine/orchestrator.ts:1896:18)
    at C:/Users/chris/Dev/Projects/TheFantasyWorldSimulator/src/engine/__tests__/contracts/encounter-liveness.contract.test.ts:222:17
    at file:///C:/Users/chris/Dev/Projects/TheFantasyWorldSimulator/node_modules/@vitest/runner/dist/index.js:145:11
    at file:///C:/Users/chris/Dev/Projects/TheFantasyWorldSimulator/node_modules/@vitest/runner/dist/index.js:915:26
    at file:///C:/Users/chris/Dev/Projects/TheFantasyWorldSimulator/node_modules/@vitest/runner/dist/index.js:1243:20
    at new Promise (<anonymous>)
    at runWithTimeout (file:///C:/Users/chris/Dev/Projects/TheFantasyWorldSimulator/node_modules/@vitest/runner/dist/index.js:1209:10)
[Orchestrator] Tick crashed, returning previous state: Error: Trait not found: trait.reputation.power.renown
    at assignTrait (C:/Users/chris/Dev/Projects/TheFantasyWorldSimulator/src/engine/traits.ts:44:25)
    at syncReputationTrait (C:/Users/chris/Dev/Projects/TheFantasyWorldSimulator/src/engine/phaseReputationTraits.ts:297:5)
    at phaseReputationTraits (C:/Users/chris/Dev/Projects/TheFantasyWorldSimulator/src/engine/phaseReputationTraits.ts:273:7)
    at runTick (C:/Users/chris/Dev/Projects/TheFantasyWorldSimulator/src/engine/orchestrator.ts:1896:18)
    at C:/Users/chris/Dev/Projects/TheFantasyWorldSimulator/src/engine/__tests__/contracts/encounter-liveness.contract.test.ts:222:17
    at file:///C:/Users/chris/Dev/Projects/TheFantasyWorldSimulator/node_modules/@vitest/runner/dist/index.js:145:11
    at file:///C:/Users/chris/Dev/Projects/TheFantasyWorldSimulator/node_modules/@vitest/runner/dist/index.js:915:26
    at file:///C:/Users/chris/Dev/Projects/TheFantasyWorldSimulator/node_modules/@vitest/runner/dist/index.js:1243:20
    at new Promise (<anonymous>)
    at runWithTimeout (file:///C:/Users/chris/Dev/Projects/TheFantasyWorldSimulator/node_modules/@vitest/runner/dist/index.js:1209:10)
[Orchestrator] Tick crashed, returning previous state: Error: Trait not found: trait.reputation.power.renown
    at assignTrait (C:/Users/chris/Dev/Projects/TheFantasyWorldSimulator/src/engine/traits.ts:44:25)
    at syncReputationTrait (C:/Users/chris/Dev/Projects/TheFantasyWorldSimulator/src/engine/phaseReputationTraits.ts:297:5)
    at phaseReputationTraits (C:/Users/chris/Dev/Projects/TheFantasyWorldSimulator/src/engine/phaseReputationTraits.ts:273:7)
    at runTick (C:/Users/chris/Dev/Projects/TheFantasyWorldSimulator/src/engine/orchestrator.ts:1896:18)
    at C:/Users/chris/Dev/Projects/TheFantasyWorldSimulator/src/engine/__tests__/contracts/encounter-liveness.contract.test.ts:222:17
    at file:///C:/Users/chris/Dev/Projects/TheFantasyWorldSimulator/node_modules/@vitest/runner/dist/index.js:145:11
    at file:///C:/Users/chris/Dev/Projects/TheFantasyWorldSimulator/node_modules/@vitest/runner/dist/index.js:915:26
    at file:///C:/Users/chris/Dev/Projects/TheFantasyWorldSimulator/node_modules/@vitest/runner/dist/index.js:1243:20
    at new Promise (<anonymous>)
    at runWithTimeout (file:///C:/Users/chris/Dev/Projects/TheFantasyWorldSimulator/node_modules/@vitest/runner/dist/index.js:1209:10)
[Orchestrator] Tick crashed, returning previous state: Error: Trait not found: trait.reputation.power.renown
    at assignTrait (C:/Users/chris/Dev/Projects/TheFantasyWorldSimulator/src/engine/traits.ts:44:25)
    at syncReputationTrait (C:/Users/chris/Dev/Projects/TheFantasyWorldSimulator/src/engine/phaseReputationTraits.ts:297:5)
    at phaseReputationTraits (C:/Users/chris/Dev/Projects/TheFantasyWorldSimulator/src/engine/phaseReputationTraits.ts:273:7)
    at runTick (C:/Users/chris/Dev/Projects/TheFantasyWorldSimulator/src/engine/orchestrator.ts:1896:18)
    at C:/Users/chris/Dev/Projects/TheFantasyWorldSimulator/src/engine/__tests__/contracts/encounter-liveness.contract.test.ts:222:17
    at file:///C:/Users/chris/Dev/Projects/TheFantasyWorldSimulator/node_modules/@vitest/runner/dist/index.js:145:11
    at file:///C:/Users/chris/Dev/Projects/TheFantasyWorldSimulator/node_modules/@vitest/runner/dist/index.js:915:26
    at file:///C:/Users/chris/Dev/Projects/TheFantasyWorldSimulator/node_modules/@vitest/runner/dist/index.js:1243:20
    at new Promise (<anonymous>)
    at runWithTimeout (file:///C:/Users/chris/Dev/Projects/TheFantasyWorldSimulator/node_modules/@vitest/runner/dist/index.js:1209:10)
[Orchestrator] Tick crashed, returning previous state: Error: Trait not found: trait.reputation.power.renown
    at assignTrait (C:/Users/chris/Dev/Projects/TheFantasyWorldSimulator/src/engine/traits.ts:44:25)
    at syncReputationTrait (C:/Users/chris/Dev/Projects/TheFantasyWorldSimulator/src/engine/phaseReputationTraits.ts:297:5)
    at phaseReputationTraits (C:/Users/chris/Dev/Projects/TheFantasyWorldSimulator/src/engine/phaseReputationTraits.ts:273:7)
    at runTick (C:/Users/chris/Dev/Projects/TheFantasyWorldSimulator/src/engine/orchestrator.ts:1896:18)
    at C:/Users/chris/Dev/Projects/TheFantasyWorldSimulator/src/engine/__tests__/contracts/encounter-liveness.contract.test.ts:222:17
    at file:///C:/Users/chris/Dev/Projects/TheFantasyWorldSimulator/node_modules/@vitest/runner/dist/index.js:145:11
    at file:///C:/Users/chris/Dev/Projects/TheFantasyWorldSimulator/node_modules/@vitest/runner/dist/index.js:915:26
    at file:///C:/Users/chris/Dev/Projects/TheFantasyWorldSimulator/node_modules/@vitest/runner/dist/index.js:1243:20
    at new Promise (<anonymous>)
    at runWithTimeout (file:///C:/Users/chris/Dev/Projects/TheFantasyWorldSimulator/node_modules/@vitest/runner/dist/index.js:1209:10)
[Orchestrator] Tick crashed, returning previous state: Error: Trait not found: trait.reputation.power.renown
    at assignTrait (C:/Users/chris/Dev/Projects/TheFantasyWorldSimulator/src/engine/traits.ts:44:25)
    at syncReputationTrait (C:/Users/chris/Dev/Projects/TheFantasyWorldSimulator/src/engine/phaseReputationTraits.ts:297:5)
    at phaseReputationTraits (C:/Users/chris/Dev/Projects/TheFantasyWorldSimulator/src/engine/phaseReputationTraits.ts:273:7)
    at runTick (C:/Users/chris/Dev/Projects/TheFantasyWorldSimulator/src/engine/orchestrator.ts:1896:18)
    at C:/Users/chris/Dev/Projects/TheFantasyWorldSimulator/src/engine/__tests__/contracts/encounter-liveness.contract.test.ts:222:17
    at file:///C:/Users/chris/Dev/Projects/TheFantasyWorldSimulator/node_modules/@vitest/runner/dist/index.js:145:11
    at file:///C:/Users/chris/Dev/Projects/TheFantasyWorldSimulator/node_modules/@vitest/runner/dist/index.js:915:26
    at file:///C:/Users/chris/Dev/Projects/TheFantasyWorldSimulator/node_modules/@vitest/runner/dist/index.js:1243:20
    at new Promise (<anonymous>)
    at runWithTimeout (file:///C:/Users/chris/Dev/Projects/TheFantasyWorldSimulator/node_modules/@vitest/runner/dist/index.js:1209:10)
[Orchestrator] Tick crashed, returning previous state: Error: Trait not found: trait.reputation.power.renown
    at assignTrait (C:/Users/chris/Dev/Projects/TheFantasyWorldSimulator/src/engine/traits.ts:44:25)
    at syncReputationTrait (C:/Users/chris/Dev/Projects/TheFantasyWorldSimulator/src/engine/phaseReputationTraits.ts:297:5)
    at phaseReputationTraits (C:/Users/chris/Dev/Projects/TheFantasyWorldSimulator/src/engine/phaseReputationTraits.ts:273:7)
    at runTick (C:/Users/chris/Dev/Projects/TheFantasyWorldSimulator/src/engine/orchestrator.ts:1896:18)
    at C:/Users/chris/Dev/Projects/TheFantasyWorldSimulator/src/engine/__tests__/contracts/encounter-liveness.contract.test.ts:222:17
    at file:///C:/Users/chris/Dev/Projects/TheFantasyWorldSimulator/node_modules/@vitest/runner/dist/index.js:145:11
    at file:///C:/Users/chris/Dev/Projects/TheFantasyWorldSimulator/node_modules/@vitest/runner/dist/index.js:915:26
    at file:///C:/Users/chris/Dev/Projects/TheFantasyWorldSimulator/node_modules/@vitest/runner/dist/index.js:1243:20
    at new Promise (<anonymous>)
    at runWithTimeout (file:///C:/Users/chris/Dev/Projects/TheFantasyWorldSimulator/node_modules/@vitest/runner/dist/index.js:1209:10)
[Orchestrator] Tick crashed, returning previous state: Error: Trait not found: trait.reputation.power.renown
    at assignTrait (C:/Users/chris/Dev/Projects/TheFantasyWorldSimulator/src/engine/traits.ts:44:25)
    at syncReputationTrait (C:/Users/chris/Dev/Projects/TheFantasyWorldSimulator/src/engine/phaseReputationTraits.ts:297:5)
    at phaseReputationTraits (C:/Users/chris/Dev/Projects/TheFantasyWorldSimulator/src/engine/phaseReputationTraits.ts:273:7)
    at runTick (C:/Users/chris/Dev/Projects/TheFantasyWorldSimulator/src/engine/orchestrator.ts:1896:18)
    at C:/Users/chris/Dev/Projects/TheFantasyWorldSimulator/src/engine/__tests__/contracts/encounter-liveness.contract.test.ts:222:17
    at file:///C:/Users/chris/Dev/Projects/TheFantasyWorldSimulator/node_modules/@vitest/runner/dist/index.js:145:11
    at file:///C:/Users/chris/Dev/Projects/TheFantasyWorldSimulator/node_modules/@vitest/runner/dist/index.js:915:26
    at file:///C:/Users/chris/Dev/Projects/TheFantasyWorldSimulator/node_modules/@vitest/runner/dist/index.js:1243:20
    at new Promise (<anonymous>)
    at runWithTimeout (file:///C:/Users/chris/Dev/Projects/TheFantasyWorldSimulator/node_modules/@vitest/runner/dist/index.js:1209:10)
[Orchestrator] Tick crashed, returning previous state: Error: Trait not found: trait.reputation.power.renown
    at assignTrait (C:/Users/chris/Dev/Projects/TheFantasyWorldSimulator/src/engine/traits.ts:44:25)
    at syncReputationTrait (C:/Users/chris/Dev/Projects/TheFantasyWorldSimulator/src/engine/phaseReputationTraits.ts:297:5)
    at phaseReputationTraits (C:/Users/chris/Dev/Projects/TheFantasyWorldSimulator/src/engine/phaseReputationTraits.ts:273:7)
    at runTick (C:/Users/chris/Dev/Projects/TheFantasyWorldSimulator/src/engine/orchestrator.ts:1896:18)
    at C:/Users/chris/Dev/Projects/TheFantasyWorldSimulator/src/engine/__tests__/contracts/encounter-liveness.contract.test.ts:222:17
    at file:///C:/Users/chris/Dev/Projects/TheFantasyWorldSimulator/node_modules/@vitest/runner/dist/index.js:145:11
    at file:///C:/Users/chris/Dev/Projects/TheFantasyWorldSimulator/node_modules/@vitest/runner/dist/index.js:915:26
    at file:///C:/Users/chris/Dev/Projects/TheFantasyWorldSimulator/node_modules/@vitest/runner/dist/index.js:1243:20
    at new Promise (<anonymous>)
    at runWithTimeout (file:///C:/Users/chris/Dev/Projects/TheFantasyWorldSimulator/node_modules/@vitest/runner/dist/index.js:1209:10)
[Orchestrator] Tick crashed, returning previous state: Error: Trait not found: trait.reputation.power.renown
    at assignTrait (C:/Users/chris/Dev/Projects/TheFantasyWorldSimulator/src/engine/traits.ts:44:25)
    at syncReputationTrait (C:/Users/chris/Dev/Projects/TheFantasyWorldSimulator/src/engine/phaseReputationTraits.ts:297:5)
    at phaseReputationTraits (C:/Users/chris/Dev/Projects/TheFantasyWorldSimulator/src/engine/phaseReputationTraits.ts:273:7)
    at runTick (C:/Users/chris/Dev/Projects/TheFantasyWorldSimulator/src/engine/orchestrator.ts:1896:18)
    at C:/Users/chris/Dev/Projects/TheFantasyWorldSimulator/src/engine/__tests__/contracts/encounter-liveness.contract.test.ts:222:17
    at file:///C:/Users/chris/Dev/Projects/TheFantasyWorldSimulator/node_modules/@vitest/runner/dist/index.js:145:11
    at file:///C:/Users/chris/Dev/Projects/TheFantasyWorldSimulator/node_modules/@vitest/runner/dist/index.js:915:26
    at file:///C:/Users/chris/Dev/Projects/TheFantasyWorldSimulator/node_modules/@vitest/runner/dist/index.js:1243:20
    at new Promise (<anonymous>)
    at runWithTimeout (file:///C:/Users/chris/Dev/Projects/TheFantasyWorldSimulator/node_modules/@vitest/runner/dist/index.js:1209:10)
[Orchestrator] Tick crashed, returning previous state: Error: Trait not found: trait.reputation.power.renown
    at assignTrait (C:/Users/chris/Dev/Projects/TheFantasyWorldSimulator/src/engine/traits.ts:44:25)
    at syncReputationTrait (C:/Users/chris/Dev/Projects/TheFantasyWorldSimulator/src/engine/phaseReputationTraits.ts:297:5)
    at phaseReputationTraits (C:/Users/chris/Dev/Projects/TheFantasyWorldSimulator/src/engine/phaseReputationTraits.ts:273:7)
    at runTick (C:/Users/chris/Dev/Projects/TheFantasyWorldSimulator/src/engine/orchestrator.ts:1896:18)
    at C:/Users/chris/Dev/Projects/TheFantasyWorldSimulator/src/engine/__tests__/contracts/encounter-liveness.contract.test.ts:222:17
    at file:///C:/Users/chris/Dev/Projects/TheFantasyWorldSimulator/node_modules/@vitest/runner/dist/index.js:145:11
    at file:///C:/Users/chris/Dev/Projects/TheFantasyWorldSimulator/node_modules/@vitest/runner/dist/index.js:915:26
    at file:///C:/Users/chris/Dev/Projects/TheFantasyWorldSimulator/node_modules/@vitest/runner/dist/index.js:1243:20
    at new Promise (<anonymous>)
    at runWithTimeout (file:///C:/Users/chris/Dev/Projects/TheFantasyWorldSimulator/node_modules/@vitest/runner/dist/index.js:1209:10)
[Orchestrator] Tick crashed, returning previous state: Error: Trait not found: trait.reputation.power.renown
    at assignTrait (C:/Users/chris/Dev/Projects/TheFantasyWorldSimulator/src/engine/traits.ts:44:25)
    at syncReputationTrait (C:/Users/chris/Dev/Projects/TheFantasyWorldSimulator/src/engine/phaseReputationTraits.ts:297:5)
    at phaseReputationTraits (C:/Users/chris/Dev/Projects/TheFantasyWorldSimulator/src/engine/phaseReputationTraits.ts:273:7)
    at runTick (C:/Users/chris/Dev/Projects/TheFantasyWorldSimulator/src/engine/orchestrator.ts:1896:18)
    at C:/Users/chris/Dev/Projects/TheFantasyWorldSimulator/src/engine/__tests__/contracts/encounter-liveness.contract.test.ts:222:17
    at file:///C:/Users/chris/Dev/Projects/TheFantasyWorldSimulator/node_modules/@vitest/runner/dist/index.js:145:11
    at file:///C:/Users/chris/Dev/Projects/TheFantasyWorldSimulator/node_modules/@vitest/runner/dist/index.js:915:26
    at file:///C:/Users/chris/Dev/Projects/TheFantasyWorldSimulator/node_modules/@vitest/runner/dist/index.js:1243:20
    at new Promise (<anonymous>)
    at runWithTimeout (file:///C:/Users/chris/Dev/Projects/TheFantasyWorldSimulator/node_modules/@vitest/runner/dist/index.js:1209:10)
[Orchestrator] Tick crashed, returning previous state: Error: Trait not found: trait.reputation.power.renown
    at assignTrait (C:/Users/chris/Dev/Projects/TheFantasyWorldSimulator/src/engine/traits.ts:44:25)
    at syncReputationTrait (C:/Users/chris/Dev/Projects/TheFantasyWorldSimulator/src/engine/phaseReputationTraits.ts:297:5)
    at phaseReputationTraits (C:/Users/chris/Dev/Projects/TheFantasyWorldSimulator/src/engine/phaseReputationTraits.ts:273:7)
    at runTick (C:/Users/chris/Dev/Projects/TheFantasyWorldSimulator/src/engine/orchestrator.ts:1896:18)
    at C:/Users/chris/Dev/Projects/TheFantasyWorldSimulator/src/engine/__tests__/contracts/encounter-liveness.contract.test.ts:222:17
    at file:///C:/Users/chris/Dev/Projects/TheFantasyWorldSimulator/node_modules/@vitest/runner/dist/index.js:145:11
    at file:///C:/Users/chris/Dev/Projects/TheFantasyWorldSimulator/node_modules/@vitest/runner/dist/index.js:915:26
    at file:///C:/Users/chris/Dev/Projects/TheFantasyWorldSimulator/node_modules/@vitest/runner/dist/index.js:1243:20
    at new Promise (<anonymous>)
    at runWithTimeout (file:///C:/Users/chris/Dev/Projects/TheFantasyWorldSimulator/node_modules/@vitest/runner/dist/index.js:1209:10)
[Orchestrator] Tick crashed, returning previous state: Error: Trait not found: trait.reputation.power.renown
    at assignTrait (C:/Users/chris/Dev/Projects/TheFantasyWorldSimulator/src/engine/traits.ts:44:25)
    at syncReputationTrait (C:/Users/chris/Dev/Projects/TheFantasyWorldSimulator/src/engine/phaseReputationTraits.ts:297:5)
    at phaseReputationTraits (C:/Users/chris/Dev/Projects/TheFantasyWorldSimulator/src/engine/phaseReputationTraits.ts:273:7)
    at runTick (C:/Users/chris/Dev/Projects/TheFantasyWorldSimulator/src/engine/orchestrator.ts:1896:18)
    at C:/Users/chris/Dev/Projects/TheFantasyWorldSimulator/src/engine/__tests__/contracts/encounter-liveness.contract.test.ts:222:17
    at file:///C:/Users/chris/Dev/Projects/TheFantasyWorldSimulator/node_modules/@vitest/runner/dist/index.js:145:11
    at file:///C:/Users/chris/Dev/Projects/TheFantasyWorldSimulator/node_modules/@vitest/runner/dist/index.js:915:26
    at file:///C:/Users/chris/Dev/Projects/TheFantasyWorldSimulator/node_modules/@vitest/runner/dist/index.js:1243:20
    at new Promise (<anonymous>)
    at runWithTimeout (file:///C:/Users/chris/Dev/Projects/TheFantasyWorldSimulator/node_modules/@vitest/runner/dist/index.js:1209:10)
[Orchestrator] Tick crashed, returning previous state: Error: Trait not found: trait.reputation.power.renown
    at assignTrait (C:/Users/chris/Dev/Projects/TheFantasyWorldSimulator/src/engine/traits.ts:44:25)
    at syncReputationTrait (C:/Users/chris/Dev/Projects/TheFantasyWorldSimulator/src/engine/phaseReputationTraits.ts:297:5)
    at phaseReputationTraits (C:/Users/chris/Dev/Projects/TheFantasyWorldSimulator/src/engine/phaseReputationTraits.ts:273:7)
    at runTick (C:/Users/chris/Dev/Projects/TheFantasyWorldSimulator/src/engine/orchestrator.ts:1896:18)
    at C:/Users/chris/Dev/Projects/TheFantasyWorldSimulator/src/engine/__tests__/contracts/encounter-liveness.contract.test.ts:222:17
    at file:///C:/Users/chris/Dev/Projects/TheFantasyWorldSimulator/node_modules/@vitest/runner/dist/index.js:145:11
    at file:///C:/Users/chris/Dev/Projects/TheFantasyWorldSimulator/node_modules/@vitest/runner/dist/index.js:915:26
    at file:///C:/Users/chris/Dev/Projects/TheFantasyWorldSimulator/node_modules/@vitest/runner/dist/index.js:1243:20
    at new Promise (<anonymous>)
    at runWithTimeout (file:///C:/Users/chris/Dev/Projects/TheFantasyWorldSimulator/node_modules/@vitest/runner/dist/index.js:1209:10)
[Orchestrator] Tick crashed, returning previous state: Error: Trait not found: trait.reputation.power.renown
    at assignTrait (C:/Users/chris/Dev/Projects/TheFantasyWorldSimulator/src/engine/traits.ts:44:25)
    at syncReputationTrait (C:/Users/chris/Dev/Projects/TheFantasyWorldSimulator/src/engine/phaseReputationTraits.ts:297:5)
    at phaseReputationTraits (C:/Users/chris/Dev/Projects/TheFantasyWorldSimulator/src/engine/phaseReputationTraits.ts:273:7)
    at runTick (C:/Users/chris/Dev/Projects/TheFantasyWorldSimulator/src/engine/orchestrator.ts:1896:18)
    at C:/Users/chris/Dev/Projects/TheFantasyWorldSimulator/src/engine/__tests__/contracts/encounter-liveness.contract.test.ts:222:17
    at file:///C:/Users/chris/Dev/Projects/TheFantasyWorldSimulator/node_modules/@vitest/runner/dist/index.js:145:11
    at file:///C:/Users/chris/Dev/Projects/TheFantasyWorldSimulator/node_modules/@vitest/runner/dist/index.js:915:26
    at file:///C:/Users/chris/Dev/Projects/TheFantasyWorldSimulator/node_modules/@vitest/runner/dist/index.js:1243:20
    at new Promise (<anonymous>)
    at runWithTimeout (file:///C:/Users/chris/Dev/Projects/TheFantasyWorldSimulator/node_modules/@vitest/runner/dist/index.js:1209:10)
[Orchestrator] Tick crashed, returning previous state: Error: Trait not found: trait.reputation.power.renown
    at assignTrait (C:/Users/chris/Dev/Projects/TheFantasyWorldSimulator/src/engine/traits.ts:44:25)
    at syncReputationTrait (C:/Users/chris/Dev/Projects/TheFantasyWorldSimulator/src/engine/phaseReputationTraits.ts:297:5)
    at phaseReputationTraits (C:/Users/chris/Dev/Projects/TheFantasyWorldSimulator/src/engine/phaseReputationTraits.ts:273:7)
    at runTick (C:/Users/chris/Dev/Projects/TheFantasyWorldSimulator/src/engine/orchestrator.ts:1896:18)
    at C:/Users/chris/Dev/Projects/TheFantasyWorldSimulator/src/engine/__tests__/contracts/encounter-liveness.contract.test.ts:222:17
    at file:///C:/Users/chris/Dev/Projects/TheFantasyWorldSimulator/node_modules/@vitest/runner/dist/index.js:145:11
    at file:///C:/Users/chris/Dev/Projects/TheFantasyWorldSimulator/node_modules/@vitest/runner/dist/index.js:915:26
    at file:///C:/Users/chris/Dev/Projects/TheFantasyWorldSimulator/node_modules/@vitest/runner/dist/index.js:1243:20
    at new Promise (<anonymous>)
    at runWithTimeout (file:///C:/Users/chris/Dev/Projects/TheFantasyWorldSimulator/node_modules/@vitest/runner/dist/index.js:1209:10)
[Orchestrator] Tick crashed, returning previous state: Error: Trait not found: trait.reputation.power.renown
    at assignTrait (C:/Users/chris/Dev/Projects/TheFantasyWorldSimulator/src/engine/traits.ts:44:25)
    at syncReputationTrait (C:/Users/chris/Dev/Projects/TheFantasyWorldSimulator/src/engine/phaseReputationTraits.ts:297:5)
    at phaseReputationTraits (C:/Users/chris/Dev/Projects/TheFantasyWorldSimulator/src/engine/phaseReputationTraits.ts:273:7)
    at runTick (C:/Users/chris/Dev/Projects/TheFantasyWorldSimulator/src/engine/orchestrator.ts:1896:18)
    at C:/Users/chris/Dev/Projects/TheFantasyWorldSimulator/src/engine/__tests__/contracts/encounter-liveness.contract.test.ts:222:17
    at file:///C:/Users/chris/Dev/Projects/TheFantasyWorldSimulator/node_modules/@vitest/runner/dist/index.js:145:11
    at file:///C:/Users/chris/Dev/Projects/TheFantasyWorldSimulator/node_modules/@vitest/runner/dist/index.js:915:26
    at file:///C:/Users/chris/Dev/Projects/TheFantasyWorldSimulator/node_modules/@vitest/runner/dist/index.js:1243:20
    at new Promise (<anonymous>)
    at runWithTimeout (file:///C:/Users/chris/Dev/Projects/TheFantasyWorldSimulator/node_modules/@vitest/runner/dist/index.js:1209:10)
[Orchestrator] Tick crashed, returning previous state: Error: Trait not found: trait.reputation.power.renown
    at assignTrait (C:/Users/chris/Dev/Projects/TheFantasyWorldSimulator/src/engine/traits.ts:44:25)
    at syncReputationTrait (C:/Users/chris/Dev/Projects/TheFantasyWorldSimulator/src/engine/phaseReputationTraits.ts:297:5)
    at phaseReputationTraits (C:/Users/chris/Dev/Projects/TheFantasyWorldSimulator/src/engine/phaseReputationTraits.ts:273:7)
    at runTick (C:/Users/chris/Dev/Projects/TheFantasyWorldSimulator/src/engine/orchestrator.ts:1896:18)
    at C:/Users/chris/Dev/Projects/TheFantasyWorldSimulator/src/engine/__tests__/contracts/encounter-liveness.contract.test.ts:222:17
    at file:///C:/Users/chris/Dev/Projects/TheFantasyWorldSimulator/node_modules/@vitest/runner/dist/index.js:145:11
    at file:///C:/Users/chris/Dev/Projects/TheFantasyWorldSimulator/node_modules/@vitest/runner/dist/index.js:915:26
    at file:///C:/Users/chris/Dev/Projects/TheFantasyWorldSimulator/node_modules/@vitest/runner/dist/index.js:1243:20
    at new Promise (<anonymous>)
    at runWithTimeout (file:///C:/Users/chris/Dev/Projects/TheFantasyWorldSimulator/node_modules/@vitest/runner/dist/index.js:1209:10)
[Orchestrator] Tick crashed, returning previous state: Error: Trait not found: trait.reputation.power.renown
    at assignTrait (C:/Users/chris/Dev/Projects/TheFantasyWorldSimulator/src/engine/traits.ts:44:25)
    at syncReputationTrait (C:/Users/chris/Dev/Projects/TheFantasyWorldSimulator/src/engine/phaseReputationTraits.ts:297:5)
    at phaseReputationTraits (C:/Users/chris/Dev/Projects/TheFantasyWorldSimulator/src/engine/phaseReputationTraits.ts:273:7)
    at runTick (C:/Users/chris/Dev/Projects/TheFantasyWorldSimulator/src/engine/orchestrator.ts:1896:18)
    at C:/Users/chris/Dev/Projects/TheFantasyWorldSimulator/src/engine/__tests__/contracts/encounter-liveness.contract.test.ts:222:17
    at file:///C:/Users/chris/Dev/Projects/TheFantasyWorldSimulator/node_modules/@vitest/runner/dist/index.js:145:11
    at file:///C:/Users/chris/Dev/Projects/TheFantasyWorldSimulator/node_modules/@vitest/runner/dist/index.js:915:26
    at file:///C:/Users/chris/Dev/Projects/TheFantasyWorldSimulator/node_modules/@vitest/runner/dist/index.js:1243:20
    at new Promise (<anonymous>)
    at runWithTimeout (file:///C:/Users/chris/Dev/Projects/TheFantasyWorldSimulator/node_modules/@vitest/runner/dist/index.js:1209:10)
[Orchestrator] Tick crashed, returning previous state: Error: Trait not found: trait.reputation.power.renown
    at assignTrait (C:/Users/chris/Dev/Projects/TheFantasyWorldSimulator/src/engine/traits.ts:44:25)
    at syncReputationTrait (C:/Users/chris/Dev/Projects/TheFantasyWorldSimulator/src/engine/phaseReputationTraits.ts:297:5)
    at phaseReputationTraits (C:/Users/chris/Dev/Projects/TheFantasyWorldSimulator/src/engine/phaseReputationTraits.ts:273:7)
    at runTick (C:/Users/chris/Dev/Projects/TheFantasyWorldSimulator/src/engine/orchestrator.ts:1896:18)
    at C:/Users/chris/Dev/Projects/TheFantasyWorldSimulator/src/engine/__tests__/contracts/encounter-liveness.contract.test.ts:222:17
    at file:///C:/Users/chris/Dev/Projects/TheFantasyWorldSimulator/node_modules/@vitest/runner/dist/index.js:145:11
    at file:///C:/Users/chris/Dev/Projects/TheFantasyWorldSimulator/node_modules/@vitest/runner/dist/index.js:915:26
    at file:///C:/Users/chris/Dev/Projects/TheFantasyWorldSimulator/node_modules/@vitest/runner/dist/index.js:1243:20
    at new Promise (<anonymous>)
    at runWithTimeout (file:///C:/Users/chris/Dev/Projects/TheFantasyWorldSimulator/node_modules/@vitest/runner/dist/index.js:1209:10)
[Orchestrator] Tick crashed, returning previous state: Error: Trait not found: trait.reputation.power.renown
    at assignTrait (C:/Users/chris/Dev/Projects/TheFantasyWorldSimulator/src/engine/traits.ts:44:25)
    at syncReputationTrait (C:/Users/chris/Dev/Projects/TheFantasyWorldSimulator/src/engine/phaseReputationTraits.ts:297:5)
    at phaseReputationTraits (C:/Users/chris/Dev/Projects/TheFantasyWorldSimulator/src/engine/phaseReputationTraits.ts:273:7)
    at runTick (C:/Users/chris/Dev/Projects/TheFantasyWorldSimulator/src/engine/orchestrator.ts:1896:18)
    at C:/Users/chris/Dev/Projects/TheFantasyWorldSimulator/src/engine/__tests__/contracts/encounter-liveness.contract.test.ts:222:17
    at file:///C:/Users/chris/Dev/Projects/TheFantasyWorldSimulator/node_modules/@vitest/runner/dist/index.js:145:11
    at file:///C:/Users/chris/Dev/Projects/TheFantasyWorldSimulator/node_modules/@vitest/runner/dist/index.js:915:26
    at file:///C:/Users/chris/Dev/Projects/TheFantasyWorldSimulator/node_modules/@vitest/runner/dist/index.js:1243:20
    at new Promise (<anonymous>)
    at runWithTimeout (file:///C:/Users/chris/Dev/Projects/TheFantasyWorldSimulator/node_modules/@vitest/runner/dist/index.js:1209:10)
[Orchestrator] Tick crashed, returning previous state: Error: Trait not found: trait.reputation.power.renown
    at assignTrait (C:/Users/chris/Dev/Projects/TheFantasyWorldSimulator/src/engine/traits.ts:44:25)
    at syncReputationTrait (C:/Users/chris/Dev/Projects/TheFantasyWorldSimulator/src/engine/phaseReputationTraits.ts:297:5)
    at phaseReputationTraits (C:/Users/chris/Dev/Projects/TheFantasyWorldSimulator/src/engine/phaseReputationTraits.ts:273:7)
    at runTick (C:/Users/chris/Dev/Projects/TheFantasyWorldSimulator/src/engine/orchestrator.ts:1896:18)
    at C:/Users/chris/Dev/Projects/TheFantasyWorldSimulator/src/engine/__tests__/contracts/encounter-liveness.contract.test.ts:222:17
    at file:///C:/Users/chris/Dev/Projects/TheFantasyWorldSimulator/node_modules/@vitest/runner/dist/index.js:145:11
    at file:///C:/Users/chris/Dev/Projects/TheFantasyWorldSimulator/node_modules/@vitest/runner/dist/index.js:915:26
    at file:///C:/Users/chris/Dev/Projects/TheFantasyWorldSimulator/node_modules/@vitest/runner/dist/index.js:1243:20
    at new Promise (<anonymous>)
    at runWithTimeout (file:///C:/Users/chris/Dev/Projects/TheFantasyWorldSimulator/node_modules/@vitest/runner/dist/index.js:1209:10)
[Orchestrator] Tick crashed, returning previous state: Error: Trait not found: trait.reputation.power.renown
    at assignTrait (C:/Users/chris/Dev/Projects/TheFantasyWorldSimulator/src/engine/traits.ts:44:25)
    at syncReputationTrait (C:/Users/chris/Dev/Projects/TheFantasyWorldSimulator/src/engine/phaseReputationTraits.ts:297:5)
    at phaseReputationTraits (C:/Users/chris/Dev/Projects/TheFantasyWorldSimulator/src/engine/phaseReputationTraits.ts:273:7)
    at runTick (C:/Users/chris/Dev/Projects/TheFantasyWorldSimulator/src/engine/orchestrator.ts:1896:18)
    at C:/Users/chris/Dev/Projects/TheFantasyWorldSimulator/src/engine/__tests__/contracts/encounter-liveness.contract.test.ts:222:17
    at file:///C:/Users/chris/Dev/Projects/TheFantasyWorldSimulator/node_modules/@vitest/runner/dist/index.js:145:11
    at file:///C:/Users/chris/Dev/Projects/TheFantasyWorldSimulator/node_modules/@vitest/runner/dist/index.js:915:26
    at file:///C:/Users/chris/Dev/Projects/TheFantasyWorldSimulator/node_modules/@vitest/runner/dist/index.js:1243:20
    at new Promise (<anonymous>)
    at runWithTimeout (file:///C:/Users/chris/Dev/Projects/TheFantasyWorldSimulator/node_modules/@vitest/runner/dist/index.js:1209:10)
[Orchestrator] Tick crashed, returning previous state: Error: Trait not found: trait.reputation.power.renown
    at assignTrait (C:/Users/chris/Dev/Projects/TheFantasyWorldSimulator/src/engine/traits.ts:44:25)
    at syncReputationTrait (C:/Users/chris/Dev/Projects/TheFantasyWorldSimulator/src/engine/phaseReputationTraits.ts:297:5)
    at phaseReputationTraits (C:/Users/chris/Dev/Projects/TheFantasyWorldSimulator/src/engine/phaseReputationTraits.ts:273:7)
    at runTick (C:/Users/chris/Dev/Projects/TheFantasyWorldSimulator/src/engine/orchestrator.ts:1896:18)
    at C:/Users/chris/Dev/Projects/TheFantasyWorldSimulator/src/engine/__tests__/contracts/encounter-liveness.contract.test.ts:222:17
    at file:///C:/Users/chris/Dev/Projects/TheFantasyWorldSimulator/node_modules/@vitest/runner/dist/index.js:145:11
    at file:///C:/Users/chris/Dev/Projects/TheFantasyWorldSimulator/node_modules/@vitest/runner/dist/index.js:915:26
    at file:///C:/Users/chris/Dev/Projects/TheFantasyWorldSimulator/node_modules/@vitest/runner/dist/index.js:1243:20
    at new Promise (<anonymous>)
    at runWithTimeout (file:///C:/Users/chris/Dev/Projects/TheFantasyWorldSimulator/node_modules/@vitest/runner/dist/index.js:1209:10)
[Orchestrator] Tick crashed, returning previous state: Error: Trait not found: trait.reputation.power.renown
    at assignTrait (C:/Users/chris/Dev/Projects/TheFantasyWorldSimulator/src/engine/traits.ts:44:25)
    at syncReputationTrait (C:/Users/chris/Dev/Projects/TheFantasyWorldSimulator/src/engine/phaseReputationTraits.ts:297:5)
    at phaseReputationTraits (C:/Users/chris/Dev/Projects/TheFantasyWorldSimulator/src/engine/phaseReputationTraits.ts:273:7)
    at runTick (C:/Users/chris/Dev/Projects/TheFantasyWorldSimulator/src/engine/orchestrator.ts:1896:18)
    at C:/Users/chris/Dev/Projects/TheFantasyWorldSimulator/src/engine/__tests__/contracts/encounter-liveness.contract.test.ts:222:17
    at file:///C:/Users/chris/Dev/Projects/TheFantasyWorldSimulator/node_modules/@vitest/runner/dist/index.js:145:11
    at file:///C:/Users/chris/Dev/Projects/TheFantasyWorldSimulator/node_modules/@vitest/runner/dist/index.js:915:26
    at file:///C:/Users/chris/Dev/Projects/TheFantasyWorldSimulator/node_modules/@vitest/runner/dist/index.js:1243:20
    at new Promise (<anonymous>)
    at runWithTimeout (file:///C:/Users/chris/Dev/Projects/TheFantasyWorldSimulator/node_modules/@vitest/runner/dist/index.js:1209:10)
[Orchestrator] Tick crashed, returning previous state: Error: Trait not found: trait.reputation.power.renown
    at assignTrait (C:/Users/chris/Dev/Projects/TheFantasyWorldSimulator/src/engine/traits.ts:44:25)
    at syncReputationTrait (C:/Users/chris/Dev/Projects/TheFantasyWorldSimulator/src/engine/phaseReputationTraits.ts:297:5)
    at phaseReputationTraits (C:/Users/chris/Dev/Projects/TheFantasyWorldSimulator/src/engine/phaseReputationTraits.ts:273:7)
    at runTick (C:/Users/chris/Dev/Projects/TheFantasyWorldSimulator/src/engine/orchestrator.ts:1896:18)
    at C:/Users/chris/Dev/Projects/TheFantasyWorldSimulator/src/engine/__tests__/contracts/encounter-liveness.contract.test.ts:222:17
    at file:///C:/Users/chris/Dev/Projects/TheFantasyWorldSimulator/node_modules/@vitest/runner/dist/index.js:145:11
    at file:///C:/Users/chris/Dev/Projects/TheFantasyWorldSimulator/node_modules/@vitest/runner/dist/index.js:915:26
    at file:///C:/Users/chris/Dev/Projects/TheFantasyWorldSimulator/node_modules/@vitest/runner/dist/index.js:1243:20
    at new Promise (<anonymous>)
    at runWithTimeout (file:///C:/Users/chris/Dev/Projects/TheFantasyWorldSimulator/node_modules/@vitest/runner/dist/index.js:1209:10)
[Orchestrator] Tick crashed, returning previous state: Error: Trait not found: trait.reputation.power.renown
    at assignTrait (C:/Users/chris/Dev/Projects/TheFantasyWorldSimulator/src/engine/traits.ts:44:25)
    at syncReputationTrait (C:/Users/chris/Dev/Projects/TheFantasyWorldSimulator/src/engine/phaseReputationTraits.ts:297:5)
    at phaseReputationTraits (C:/Users/chris/Dev/Projects/TheFantasyWorldSimulator/src/engine/phaseReputationTraits.ts:273:7)
    at runTick (C:/Users/chris/Dev/Projects/TheFantasyWorldSimulator/src/engine/orchestrator.ts:1896:18)
    at C:/Users/chris/Dev/Projects/TheFantasyWorldSimulator/src/engine/__tests__/contracts/encounter-liveness.contract.test.ts:222:17
    at file:///C:/Users/chris/Dev/Projects/TheFantasyWorldSimulator/node_modules/@vitest/runner/dist/index.js:145:11
    at file:///C:/Users/chris/Dev/Projects/TheFantasyWorldSimulator/node_modules/@vitest/runner/dist/index.js:915:26
    at file:///C:/Users/chris/Dev/Projects/TheFantasyWorldSimulator/node_modules/@vitest/runner/dist/index.js:1243:20
    at new Promise (<anonymous>)
    at runWithTimeout (file:///C:/Users/chris/Dev/Projects/TheFantasyWorldSimulator/node_modules/@vitest/runner/dist/index.js:1209:10)
[Orchestrator] Tick crashed, returning previous state: Error: Trait not found: trait.reputation.power.renown
    at assignTrait (C:/Users/chris/Dev/Projects/TheFantasyWorldSimulator/src/engine/traits.ts:44:25)
    at syncReputationTrait (C:/Users/chris/Dev/Projects/TheFantasyWorldSimulator/src/engine/phaseReputationTraits.ts:297:5)
    at phaseReputationTraits (C:/Users/chris/Dev/Projects/TheFantasyWorldSimulator/src/engine/phaseReputationTraits.ts:273:7)
    at runTick (C:/Users/chris/Dev/Projects/TheFantasyWorldSimulator/src/engine/orchestrator.ts:1896:18)
    at C:/Users/chris/Dev/Projects/TheFantasyWorldSimulator/src/engine/__tests__/contracts/encounter-liveness.contract.test.ts:222:17
    at file:///C:/Users/chris/Dev/Projects/TheFantasyWorldSimulator/node_modules/@vitest/runner/dist/index.js:145:11
    at file:///C:/Users/chris/Dev/Projects/TheFantasyWorldSimulator/node_modules/@vitest/runner/dist/index.js:915:26
    at file:///C:/Users/chris/Dev/Projects/TheFantasyWorldSimulator/node_modules/@vitest/runner/dist/index.js:1243:20
    at new Promise (<anonymous>)
    at runWithTimeout (file:///C:/Users/chris/Dev/Projects/TheFantasyWorldSimulator/node_modules/@vitest/runner/dist/index.js:1209:10)
[Orchestrator] Tick crashed, returning previous state: Error: Trait not found: trait.reputation.power.renown
    at assignTrait (C:/Users/chris/Dev/Projects/TheFantasyWorldSimulator/src/engine/traits.ts:44:25)
    at syncReputationTrait (C:/Users/chris/Dev/Projects/TheFantasyWorldSimulator/src/engine/phaseReputationTraits.ts:297:5)
    at phaseReputationTraits (C:/Users/chris/Dev/Projects/TheFantasyWorldSimulator/src/engine/phaseReputationTraits.ts:273:7)
    at runTick (C:/Users/chris/Dev/Projects/TheFantasyWorldSimulator/src/engine/orchestrator.ts:1896:18)
    at C:/Users/chris/Dev/Projects/TheFantasyWorldSimulator/src/engine/__tests__/contracts/encounter-liveness.contract.test.ts:222:17
    at file:///C:/Users/chris/Dev/Projects/TheFantasyWorldSimulator/node_modules/@vitest/runner/dist/index.js:145:11
    at file:///C:/Users/chris/Dev/Projects/TheFantasyWorldSimulator/node_modules/@vitest/runner/dist/index.js:915:26
    at file:///C:/Users/chris/Dev/Projects/TheFantasyWorldSimulator/node_modules/@vitest/runner/dist/index.js:1243:20
    at new Promise (<anonymous>)
    at runWithTimeout (file:///C:/Users/chris/Dev/Projects/TheFantasyWorldSimulator/node_modules/@vitest/runner/dist/index.js:1209:10)
[Orchestrator] Tick crashed, returning previous state: Error: Trait not found: trait.reputation.power.renown
    at assignTrait (C:/Users/chris/Dev/Projects/TheFantasyWorldSimulator/src/engine/traits.ts:44:25)
    at syncReputationTrait (C:/Users/chris/Dev/Projects/TheFantasyWorldSimulator/src/engine/phaseReputationTraits.ts:297:5)
    at phaseReputationTraits (C:/Users/chris/Dev/Projects/TheFantasyWorldSimulator/src/engine/phaseReputationTraits.ts:273:7)
    at runTick (C:/Users/chris/Dev/Projects/TheFantasyWorldSimulator/src/engine/orchestrator.ts:1896:18)
    at C:/Users/chris/Dev/Projects/TheFantasyWorldSimulator/src/engine/__tests__/contracts/encounter-liveness.contract.test.ts:222:17
    at file:///C:/Users/chris/Dev/Projects/TheFantasyWorldSimulator/node_modules/@vitest/runner/dist/index.js:145:11
    at file:///C:/Users/chris/Dev/Projects/TheFantasyWorldSimulator/node_modules/@vitest/runner/dist/index.js:915:26
    at file:///C:/Users/chris/Dev/Projects/TheFantasyWorldSimulator/node_modules/@vitest/runner/dist/index.js:1243:20
    at new Promise (<anonymous>)
    at runWithTimeout (file:///C:/Users/chris/Dev/Projects/TheFantasyWorldSimulator/node_modules/@vitest/runner/dist/index.js:1209:10)
[Orchestrator] Tick crashed, returning previous state: Error: Trait not found: trait.reputation.power.renown
    at assignTrait (C:/Users/chris/Dev/Projects/TheFantasyWorldSimulator/src/engine/traits.ts:44:25)
    at syncReputationTrait (C:/Users/chris/Dev/Projects/TheFantasyWorldSimulator/src/engine/phaseReputationTraits.ts:297:5)
    at phaseReputationTraits (C:/Users/chris/Dev/Projects/TheFantasyWorldSimulator/src/engine/phaseReputationTraits.ts:273:7)
    at runTick (C:/Users/chris/Dev/Projects/TheFantasyWorldSimulator/src/engine/orchestrator.ts:1896:18)
    at C:/Users/chris/Dev/Projects/TheFantasyWorldSimulator/src/engine/__tests__/contracts/encounter-liveness.contract.test.ts:222:17
    at file:///C:/Users/chris/Dev/Projects/TheFantasyWorldSimulator/node_modules/@vitest/runner/dist/index.js:145:11
    at file:///C:/Users/chris/Dev/Projects/TheFantasyWorldSimulator/node_modules/@vitest/runner/dist/index.js:915:26
    at file:///C:/Users/chris/Dev/Projects/TheFantasyWorldSimulator/node_modules/@vitest/runner/dist/index.js:1243:20
    at new Promise (<anonymous>)
    at runWithTimeout (file:///C:/Users/chris/Dev/Projects/TheFantasyWorldSimulator/node_modules/@vitest/runner/dist/index.js:1209:10)
[Orchestrator] Tick crashed, returning previous state: Error: Trait not found: trait.reputation.power.renown
    at assignTrait (C:/Users/chris/Dev/Projects/TheFantasyWorldSimulator/src/engine/traits.ts:44:25)
    at syncReputationTrait (C:/Users/chris/Dev/Projects/TheFantasyWorldSimulator/src/engine/phaseReputationTraits.ts:297:5)
    at phaseReputationTraits (C:/Users/chris/Dev/Projects/TheFantasyWorldSimulator/src/engine/phaseReputationTraits.ts:273:7)
    at runTick (C:/Users/chris/Dev/Projects/TheFantasyWorldSimulator/src/engine/orchestrator.ts:1896:18)
    at C:/Users/chris/Dev/Projects/TheFantasyWorldSimulator/src/engine/__tests__/contracts/encounter-liveness.contract.test.ts:222:17
    at file:///C:/Users/chris/Dev/Projects/TheFantasyWorldSimulator/node_modules/@vitest/runner/dist/index.js:145:11
    at file:///C:/Users/chris/Dev/Projects/TheFantasyWorldSimulator/node_modules/@vitest/runner/dist/index.js:915:26
    at file:///C:/Users/chris/Dev/Projects/TheFantasyWorldSimulator/node_modules/@vitest/runner/dist/index.js:1243:20
    at new Promise (<anonymous>)
    at runWithTimeout (file:///C:/Users/chris/Dev/Projects/TheFantasyWorldSimulator/node_modules/@vitest/runner/dist/index.js:1209:10)
[Orchestrator] Tick crashed, returning previous state: Error: Trait not found: trait.reputation.power.renown
    at assignTrait (C:/Users/chris/Dev/Projects/TheFantasyWorldSimulator/src/engine/traits.ts:44:25)
    at syncReputationTrait (C:/Users/chris/Dev/Projects/TheFantasyWorldSimulator/src/engine/phaseReputationTraits.ts:297:5)
    at phaseReputationTraits (C:/Users/chris/Dev/Projects/TheFantasyWorldSimulator/src/engine/phaseReputationTraits.ts:273:7)
    at runTick (C:/Users/chris/Dev/Projects/TheFantasyWorldSimulator/src/engine/orchestrator.ts:1896:18)
    at C:/Users/chris/Dev/Projects/TheFantasyWorldSimulator/src/engine/__tests__/contracts/encounter-liveness.contract.test.ts:222:17
    at file:///C:/Users/chris/Dev/Projects/TheFantasyWorldSimulator/node_modules/@vitest/runner/dist/index.js:145:11
    at file:///C:/Users/chris/Dev/Projects/TheFantasyWorldSimulator/node_modules/@vitest/runner/dist/index.js:915:26
    at file:///C:/Users/chris/Dev/Projects/TheFantasyWorldSimulator/node_modules/@vitest/runner/dist/index.js:1243:20
    at new Promise (<anonymous>)
    at runWithTimeout (file:///C:/Users/chris/Dev/Projects/TheFantasyWorldSimulator/node_modules/@vitest/runner/dist/index.js:1209:10)
[Orchestrator] Tick crashed, returning previous state: Error: Trait not found: trait.reputation.power.renown
    at assignTrait (C:/Users/chris/Dev/Projects/TheFantasyWorldSimulator/src/engine/traits.ts:44:25)
    at syncReputationTrait (C:/Users/chris/Dev/Projects/TheFantasyWorldSimulator/src/engine/phaseReputationTraits.ts:297:5)
    at phaseReputationTraits (C:/Users/chris/Dev/Projects/TheFantasyWorldSimulator/src/engine/phaseReputationTraits.ts:273:7)
    at runTick (C:/Users/chris/Dev/Projects/TheFantasyWorldSimulator/src/engine/orchestrator.ts:1896:18)
    at C:/Users/chris/Dev/Projects/TheFantasyWorldSimulator/src/engine/__tests__/contracts/encounter-liveness.contract.test.ts:222:17
    at file:///C:/Users/chris/Dev/Projects/TheFantasyWorldSimulator/node_modules/@vitest/runner/dist/index.js:145:11
    at file:///C:/Users/chris/Dev/Projects/TheFantasyWorldSimulator/node_modules/@vitest/runner/dist/index.js:915:26
    at file:///C:/Users/chris/Dev/Projects/TheFantasyWorldSimulator/node_modules/@vitest/runner/dist/index.js:1243:20
    at new Promise (<anonymous>)
    at runWithTimeout (file:///C:/Users/chris/Dev/Projects/TheFantasyWorldSimulator/node_modules/@vitest/runner/dist/index.js:1209:10)
[Orchestrator] Tick crashed, returning previous state: Error: Trait not found: trait.reputation.power.renown
    at assignTrait (C:/Users/chris/Dev/Projects/TheFantasyWorldSimulator/src/engine/traits.ts:44:25)
    at syncReputationTrait (C:/Users/chris/Dev/Projects/TheFantasyWorldSimulator/src/engine/phaseReputationTraits.ts:297:5)
    at phaseReputationTraits (C:/Users/chris/Dev/Projects/TheFantasyWorldSimulator/src/engine/phaseReputationTraits.ts:273:7)
    at runTick (C:/Users/chris/Dev/Projects/TheFantasyWorldSimulator/src/engine/orchestrator.ts:1896:18)
    at C:/Users/chris/Dev/Projects/TheFantasyWorldSimulator/src/engine/__tests__/contracts/encounter-liveness.contract.test.ts:222:17
    at file:///C:/Users/chris/Dev/Projects/TheFantasyWorldSimulator/node_modules/@vitest/runner/dist/index.js:145:11
    at file:///C:/Users/chris/Dev/Projects/TheFantasyWorldSimulator/node_modules/@vitest/runner/dist/index.js:915:26
    at file:///C:/Users/chris/Dev/Projects/TheFantasyWorldSimulator/node_modules/@vitest/runner/dist/index.js:1243:20
    at new Promise (<anonymous>)
    at runWithTimeout (file:///C:/Users/chris/Dev/Projects/TheFantasyWorldSimulator/node_modules/@vitest/runner/dist/index.js:1209:10)
[Orchestrator] Tick crashed, returning previous state: Error: Trait not found: trait.reputation.power.renown
    at assignTrait (C:/Users/chris/Dev/Projects/TheFantasyWorldSimulator/src/engine/traits.ts:44:25)
    at syncReputationTrait (C:/Users/chris/Dev/Projects/TheFantasyWorldSimulator/src/engine/phaseReputationTraits.ts:297:5)
    at phaseReputationTraits (C:/Users/chris/Dev/Projects/TheFantasyWorldSimulator/src/engine/phaseReputationTraits.ts:273:7)
    at runTick (C:/Users/chris/Dev/Projects/TheFantasyWorldSimulator/src/engine/orchestrator.ts:1896:18)
    at C:/Users/chris/Dev/Projects/TheFantasyWorldSimulator/src/engine/__tests__/contracts/encounter-liveness.contract.test.ts:222:17
    at file:///C:/Users/chris/Dev/Projects/TheFantasyWorldSimulator/node_modules/@vitest/runner/dist/index.js:145:11
    at file:///C:/Users/chris/Dev/Projects/TheFantasyWorldSimulator/node_modules/@vitest/runner/dist/index.js:915:26
    at file:///C:/Users/chris/Dev/Projects/TheFantasyWorldSimulator/node_modules/@vitest/runner/dist/index.js:1243:20
    at new Promise (<anonymous>)
    at runWithTimeout (file:///C:/Users/chris/Dev/Projects/TheFantasyWorldSimulator/node_modules/@vitest/runner/dist/index.js:1209:10)
[Orchestrator] Tick crashed, returning previous state: Error: Trait not found: trait.reputation.power.renown
    at assignTrait (C:/Users/chris/Dev/Projects/TheFantasyWorldSimulator/src/engine/traits.ts:44:25)
    at syncReputationTrait (C:/Users/chris/Dev/Projects/TheFantasyWorldSimulator/src/engine/phaseReputationTraits.ts:297:5)
    at phaseReputationTraits (C:/Users/chris/Dev/Projects/TheFantasyWorldSimulator/src/engine/phaseReputationTraits.ts:273:7)
    at runTick (C:/Users/chris/Dev/Projects/TheFantasyWorldSimulator/src/engine/orchestrator.ts:1896:18)
    at C:/Users/chris/Dev/Projects/TheFantasyWorldSimulator/src/engine/__tests__/contracts/encounter-liveness.contract.test.ts:222:17
    at file:///C:/Users/chris/Dev/Projects/TheFantasyWorldSimulator/node_modules/@vitest/runner/dist/index.js:145:11
    at file:///C:/Users/chris/Dev/Projects/TheFantasyWorldSimulator/node_modules/@vitest/runner/dist/index.js:915:26
    at file:///C:/Users/chris/Dev/Projects/TheFantasyWorldSimulator/node_modules/@vitest/runner/dist/index.js:1243:20
    at new Promise (<anonymous>)
    at runWithTimeout (file:///C:/Users/chris/Dev/Projects/TheFantasyWorldSimulator/node_modules/@vitest/runner/dist/index.js:1209:10)
[Orchestrator] Tick crashed, returning previous state: Error: Trait not found: trait.reputation.power.renown
    at assignTrait (C:/Users/chris/Dev/Projects/TheFantasyWorldSimulator/src/engine/traits.ts:44:25)
    at syncReputationTrait (C:/Users/chris/Dev/Projects/TheFantasyWorldSimulator/src/engine/phaseReputationTraits.ts:297:5)
    at phaseReputationTraits (C:/Users/chris/Dev/Projects/TheFantasyWorldSimulator/src/engine/phaseReputationTraits.ts:273:7)
    at runTick (C:/Users/chris/Dev/Projects/TheFantasyWorldSimulator/src/engine/orchestrator.ts:1896:18)
    at C:/Users/chris/Dev/Projects/TheFantasyWorldSimulator/src/engine/__tests__/contracts/encounter-liveness.contract.test.ts:222:17
    at file:///C:/Users/chris/Dev/Projects/TheFantasyWorldSimulator/node_modules/@vitest/runner/dist/index.js:145:11
    at file:///C:/Users/chris/Dev/Projects/TheFantasyWorldSimulator/node_modules/@vitest/runner/dist/index.js:915:26
    at file:///C:/Users/chris/Dev/Projects/TheFantasyWorldSimulator/node_modules/@vitest/runner/dist/index.js:1243:20
    at new Promise (<anonymous>)
    at runWithTimeout (file:///C:/Users/chris/Dev/Projects/TheFantasyWorldSimulator/node_modules/@vitest/runner/dist/index.js:1209:10)
[Orchestrator] Tick crashed, returning previous state: Error: Trait not found: trait.reputation.power.renown
    at assignTrait (C:/Users/chris/Dev/Projects/TheFantasyWorldSimulator/src/engine/traits.ts:44:25)
    at syncReputationTrait (C:/Users/chris/Dev/Projects/TheFantasyWorldSimulator/src/engine/phaseReputationTraits.ts:297:5)
    at phaseReputationTraits (C:/Users/chris/Dev/Projects/TheFantasyWorldSimulator/src/engine/phaseReputationTraits.ts:273:7)
    at runTick (C:/Users/chris/Dev/Projects/TheFantasyWorldSimulator/src/engine/orchestrator.ts:1896:18)
    at C:/Users/chris/Dev/Projects/TheFantasyWorldSimulator/src/engine/__tests__/contracts/encounter-liveness.contract.test.ts:222:17
    at file:///C:/Users/chris/Dev/Projects/TheFantasyWorldSimulator/node_modules/@vitest/runner/dist/index.js:145:11
    at file:///C:/Users/chris/Dev/Projects/TheFantasyWorldSimulator/node_modules/@vitest/runner/dist/index.js:915:26
    at file:///C:/Users/chris/Dev/Projects/TheFantasyWorldSimulator/node_modules/@vitest/runner/dist/index.js:1243:20
    at new Promise (<anonymous>)
    at runWithTimeout (file:///C:/Users/chris/Dev/Projects/TheFantasyWorldSimulator/node_modules/@vitest/runner/dist/index.js:1209:10)
[Orchestrator] Tick crashed, returning previous state: Error: Trait not found: trait.reputation.power.renown
    at assignTrait (C:/Users/chris/Dev/Projects/TheFantasyWorldSimulator/src/engine/traits.ts:44:25)
    at syncReputationTrait (C:/Users/chris/Dev/Projects/TheFantasyWorldSimulator/src/engine/phaseReputationTraits.ts:297:5)
    at phaseReputationTraits (C:/Users/chris/Dev/Projects/TheFantasyWorldSimulator/src/engine/phaseReputationTraits.ts:273:7)
    at runTick (C:/Users/chris/Dev/Projects/TheFantasyWorldSimulator/src/engine/orchestrator.ts:1896:18)
    at C:/Users/chris/Dev/Projects/TheFantasyWorldSimulator/src/engine/__tests__/contracts/encounter-liveness.contract.test.ts:222:17
    at file:///C:/Users/chris/Dev/Projects/TheFantasyWorldSimulator/node_modules/@vitest/runner/dist/index.js:145:11
    at file:///C:/Users/chris/Dev/Projects/TheFantasyWorldSimulator/node_modules/@vitest/runner/dist/index.js:915:26
    at file:///C:/Users/chris/Dev/Projects/TheFantasyWorldSimulator/node_modules/@vitest/runner/dist/index.js:1243:20
    at new Promise (<anonymous>)
    at runWithTimeout (file:///C:/Users/chris/Dev/Projects/TheFantasyWorldSimulator/node_modules/@vitest/runner/dist/index.js:1209:10)
[Orchestrator] Tick crashed, returning previous state: Error: Trait not found: trait.reputation.power.renown
    at assignTrait (C:/Users/chris/Dev/Projects/TheFantasyWorldSimulator/src/engine/traits.ts:44:25)
    at syncReputationTrait (C:/Users/chris/Dev/Projects/TheFantasyWorldSimulator/src/engine/phaseReputationTraits.ts:297:5)
    at phaseReputationTraits (C:/Users/chris/Dev/Projects/TheFantasyWorldSimulator/src/engine/phaseReputationTraits.ts:273:7)
    at runTick (C:/Users/chris/Dev/Projects/TheFantasyWorldSimulator/src/engine/orchestrator.ts:1896:18)
    at C:/Users/chris/Dev/Projects/TheFantasyWorldSimulator/src/engine/__tests__/contracts/encounter-liveness.contract.test.ts:222:17
    at file:///C:/Users/chris/Dev/Projects/TheFantasyWorldSimulator/node_modules/@vitest/runner/dist/index.js:145:11
    at file:///C:/Users/chris/Dev/Projects/TheFantasyWorldSimulator/node_modules/@vitest/runner/dist/index.js:915:26
    at file:///C:/Users/chris/Dev/Projects/TheFantasyWorldSimulator/node_modules/@vitest/runner/dist/index.js:1243:20
    at new Promise (<anonymous>)
    at runWithTimeout (file:///C:/Users/chris/Dev/Projects/TheFantasyWorldSimulator/node_modules/@vitest/runner/dist/index.js:1209:10)
[Orchestrator] Tick crashed, returning previous state: Error: Trait not found: trait.reputation.power.renown
    at assignTrait (C:/Users/chris/Dev/Projects/TheFantasyWorldSimulator/src/engine/traits.ts:44:25)
    at syncReputationTrait (C:/Users/chris/Dev/Projects/TheFantasyWorldSimulator/src/engine/phaseReputationTraits.ts:297:5)
    at phaseReputationTraits (C:/Users/chris/Dev/Projects/TheFantasyWorldSimulator/src/engine/phaseReputationTraits.ts:273:7)
    at runTick (C:/Users/chris/Dev/Projects/TheFantasyWorldSimulator/src/engine/orchestrator.ts:1896:18)
    at C:/Users/chris/Dev/Projects/TheFantasyWorldSimulator/src/engine/__tests__/contracts/encounter-liveness.contract.test.ts:222:17
    at file:///C:/Users/chris/Dev/Projects/TheFantasyWorldSimulator/node_modules/@vitest/runner/dist/index.js:145:11
    at file:///C:/Users/chris/Dev/Projects/TheFantasyWorldSimulator/node_modules/@vitest/runner/dist/index.js:915:26
    at file:///C:/Users/chris/Dev/Projects/TheFantasyWorldSimulator/node_modules/@vitest/runner/dist/index.js:1243:20
    at new Promise (<anonymous>)
    at runWithTimeout (file:///C:/Users/chris/Dev/Projects/TheFantasyWorldSimulator/node_modules/@vitest/runner/dist/index.js:1209:10)
[Orchestrator] Tick crashed, returning previous state: Error: Trait not found: trait.reputation.power.renown
    at assignTrait (C:/Users/chris/Dev/Projects/TheFantasyWorldSimulator/src/engine/traits.ts:44:25)
    at syncReputationTrait (C:/Users/chris/Dev/Projects/TheFantasyWorldSimulator/src/engine/phaseReputationTraits.ts:297:5)
    at phaseReputationTraits (C:/Users/chris/Dev/Projects/TheFantasyWorldSimulator/src/engine/phaseReputationTraits.ts:273:7)
    at runTick (C:/Users/chris/Dev/Projects/TheFantasyWorldSimulator/src/engine/orchestrator.ts:1896:18)
    at C:/Users/chris/Dev/Projects/TheFantasyWorldSimulator/src/engine/__tests__/contracts/encounter-liveness.contract.test.ts:222:17
    at file:///C:/Users/chris/Dev/Projects/TheFantasyWorldSimulator/node_modules/@vitest/runner/dist/index.js:145:11
    at file:///C:/Users/chris/Dev/Projects/TheFantasyWorldSimulator/node_modules/@vitest/runner/dist/index.js:915:26
    at file:///C:/Users/chris/Dev/Projects/TheFantasyWorldSimulator/node_modules/@vitest/runner/dist/index.js:1243:20
    at new Promise (<anonymous>)
    at runWithTimeout (file:///C:/Users/chris/Dev/Projects/TheFantasyWorldSimulator/node_modules/@vitest/runner/dist/index.js:1209:10)
[GraphSchema] Edge "belongs_to" source should be ["actor","location"], got "region" (edge edge_hist_territory_region_0_hist_culture_0)
[Orchestrator] Tick crashed, returning previous state: Error: Trait not found: trait.reputation.power.renown
    at assignTrait (C:/Users/chris/Dev/Projects/TheFantasyWorldSimulator/src/engine/traits.ts:44:25)
    at syncReputationTrait (C:/Users/chris/Dev/Projects/TheFantasyWorldSimulator/src/engine/phaseReputationTraits.ts:297:5)
    at phaseReputationTraits (C:/Users/chris/Dev/Projects/TheFantasyWorldSimulator/src/engine/phaseReputationTraits.ts:273:7)
    at runTick (C:/Users/chris/Dev/Projects/TheFantasyWorldSimulator/src/engine/orchestrator.ts:1896:18)
    at C:/Users/chris/Dev/Projects/TheFantasyWorldSimulator/src/engine/__tests__/contracts/encounter-liveness.contract.test.ts:222:17
    at file:///C:/Users/chris/Dev/Projects/TheFantasyWorldSimulator/node_modules/@vitest/runner/dist/index.js:145:11
    at file:///C:/Users/chris/Dev/Projects/TheFantasyWorldSimulator/node_modules/@vitest/runner/dist/index.js:915:26
    at file:///C:/Users/chris/Dev/Projects/TheFantasyWorldSimulator/node_modules/@vitest/runner/dist/index.js:1243:20
    at new Promise (<anonymous>)
    at runWithTimeout (file:///C:/Users/chris/Dev/Projects/TheFantasyWorldSimulator/node_modules/@vitest/runner/dist/index.js:1209:10)
[Orchestrator] Tick crashed, returning previous state: Error: Trait not found: trait.reputation.power.renown
    at assignTrait (C:/Users/chris/Dev/Projects/TheFantasyWorldSimulator/src/engine/traits.ts:44:25)
    at syncReputationTrait (C:/Users/chris/Dev/Projects/TheFantasyWorldSimulator/src/engine/phaseReputationTraits.ts:297:5)
    at phaseReputationTraits (C:/Users/chris/Dev/Projects/TheFantasyWorldSimulator/src/engine/phaseReputationTraits.ts:273:7)
    at runTick (C:/Users/chris/Dev/Projects/TheFantasyWorldSimulator/src/engine/orchestrator.ts:1896:18)
    at C:/Users/chris/Dev/Projects/TheFantasyWorldSimulator/src/engine/__tests__/contracts/encounter-liveness.contract.test.ts:222:17
    at file:///C:/Users/chris/Dev/Projects/TheFantasyWorldSimulator/node_modules/@vitest/runner/dist/index.js:145:11
    at file:///C:/Users/chris/Dev/Projects/TheFantasyWorldSimulator/node_modules/@vitest/runner/dist/index.js:915:26
    at file:///C:/Users/chris/Dev/Projects/TheFantasyWorldSimulator/node_modules/@vitest/runner/dist/index.js:1243:20
    at new Promise (<anonymous>)
    at runWithTimeout (file:///C:/Users/chris/Dev/Projects/TheFantasyWorldSimulator/node_modules/@vitest/runner/dist/index.js:1209:10)
[Orchestrator] Tick crashed, returning previous state: Error: Trait not found: trait.reputation.power.renown
    at assignTrait (C:/Users/chris/Dev/Projects/TheFantasyWorldSimulator/src/engine/traits.ts:44:25)
    at syncReputationTrait (C:/Users/chris/Dev/Projects/TheFantasyWorldSimulator/src/engine/phaseReputationTraits.ts:297:5)
    at phaseReputationTraits (C:/Users/chris/Dev/Projects/TheFantasyWorldSimulator/src/engine/phaseReputationTraits.ts:273:7)
    at runTick (C:/Users/chris/Dev/Projects/TheFantasyWorldSimulator/src/engine/orchestrator.ts:1896:18)
    at C:/Users/chris/Dev/Projects/TheFantasyWorldSimulator/src/engine/__tests__/contracts/encounter-liveness.contract.test.ts:222:17
    at file:///C:/Users/chris/Dev/Projects/TheFantasyWorldSimulator/node_modules/@vitest/runner/dist/index.js:145:11
    at file:///C:/Users/chris/Dev/Projects/TheFantasyWorldSimulator/node_modules/@vitest/runner/dist/index.js:915:26
    at file:///C:/Users/chris/Dev/Projects/TheFantasyWorldSimulator/node_modules/@vitest/runner/dist/index.js:1243:20
    at new Promise (<anonymous>)
    at runWithTimeout (file:///C:/Users/chris/Dev/Projects/TheFantasyWorldSimulator/node_modules/@vitest/runner/dist/index.js:1209:10)
[Orchestrator] Tick crashed, returning previous state: Error: Trait not found: trait.reputation.power.renown
    at assignTrait (C:/Users/chris/Dev/Projects/TheFantasyWorldSimulator/src/engine/traits.ts:44:25)
    at syncReputationTrait (C:/Users/chris/Dev/Projects/TheFantasyWorldSimulator/src/engine/phaseReputationTraits.ts:297:5)
    at phaseReputationTraits (C:/Users/chris/Dev/Projects/TheFantasyWorldSimulator/src/engine/phaseReputationTraits.ts:273:7)
    at runTick (C:/Users/chris/Dev/Projects/TheFantasyWorldSimulator/src/engine/orchestrator.ts:1896:18)
    at C:/Users/chris/Dev/Projects/TheFantasyWorldSimulator/src/engine/__tests__/contracts/encounter-liveness.contract.test.ts:222:17
    at file:///C:/Users/chris/Dev/Projects/TheFantasyWorldSimulator/node_modules/@vitest/runner/dist/index.js:145:11
    at file:///C:/Users/chris/Dev/Projects/TheFantasyWorldSimulator/node_modules/@vitest/runner/dist/index.js:915:26
    at file:///C:/Users/chris/Dev/Projects/TheFantasyWorldSimulator/node_modules/@vitest/runner/dist/index.js:1243:20
    at new Promise (<anonymous>)
    at runWithTimeout (file:///C:/Users/chris/Dev/Projects/TheFantasyWorldSimulator/node_modules/@vitest/runner/dist/index.js:1209:10)
[Orchestrator] Tick crashed, returning previous state: Error: Trait not found: trait.reputation.power.renown
    at assignTrait (C:/Users/chris/Dev/Projects/TheFantasyWorldSimulator/src/engine/traits.ts:44:25)
    at syncReputationTrait (C:/Users/chris/Dev/Projects/TheFantasyWorldSimulator/src/engine/phaseReputationTraits.ts:297:5)
    at phaseReputationTraits (C:/Users/chris/Dev/Projects/TheFantasyWorldSimulator/src/engine/phaseReputationTraits.ts:273:7)
    at runTick (C:/Users/chris/Dev/Projects/TheFantasyWorldSimulator/src/engine/orchestrator.ts:1896:18)
    at C:/Users/chris/Dev/Projects/TheFantasyWorldSimulator/src/engine/__tests__/contracts/encounter-liveness.contract.test.ts:222:17
    at file:///C:/Users/chris/Dev/Projects/TheFantasyWorldSimulator/node_modules/@vitest/runner/dist/index.js:145:11
    at file:///C:/Users/chris/Dev/Projects/TheFantasyWorldSimulator/node_modules/@vitest/runner/dist/index.js:915:26
    at file:///C:/Users/chris/Dev/Projects/TheFantasyWorldSimulator/node_modules/@vitest/runner/dist/index.js:1243:20
    at new Promise (<anonymous>)
    at runWithTimeout (file:///C:/Users/chris/Dev/Projects/TheFantasyWorldSimulator/node_modules/@vitest/runner/dist/index.js:1209:10)
[Orchestrator] Tick crashed, returning previous state: Error: Trait not found: trait.reputation.power.renown
    at assignTrait (C:/Users/chris/Dev/Projects/TheFantasyWorldSimulator/src/engine/traits.ts:44:25)
    at syncReputationTrait (C:/Users/chris/Dev/Projects/TheFantasyWorldSimulator/src/engine/phaseReputationTraits.ts:297:5)
    at phaseReputationTraits (C:/Users/chris/Dev/Projects/TheFantasyWorldSimulator/src/engine/phaseReputationTraits.ts:273:7)
    at runTick (C:/Users/chris/Dev/Projects/TheFantasyWorldSimulator/src/engine/orchestrator.ts:1896:18)
    at C:/Users/chris/Dev/Projects/TheFantasyWorldSimulator/src/engine/__tests__/contracts/encounter-liveness.contract.test.ts:222:17
    at file:///C:/Users/chris/Dev/Projects/TheFantasyWorldSimulator/node_modules/@vitest/runner/dist/index.js:145:11
    at file:///C:/Users/chris/Dev/Projects/TheFantasyWorldSimulator/node_modules/@vitest/runner/dist/index.js:915:26
    at file:///C:/Users/chris/Dev/Projects/TheFantasyWorldSimulator/node_modules/@vitest/runner/dist/index.js:1243:20
    at new Promise (<anonymous>)
    at runWithTimeout (file:///C:/Users/chris/Dev/Projects/TheFantasyWorldSimulator/node_modules/@vitest/runner/dist/index.js:1209:10)
[Orchestrator] Tick crashed, returning previous state: Error: Trait not found: trait.reputation.power.renown
    at assignTrait (C:/Users/chris/Dev/Projects/TheFantasyWorldSimulator/src/engine/traits.ts:44:25)
    at syncReputationTrait (C:/Users/chris/Dev/Projects/TheFantasyWorldSimulator/src/engine/phaseReputationTraits.ts:297:5)
    at phaseReputationTraits (C:/Users/chris/Dev/Projects/TheFantasyWorldSimulator/src/engine/phaseReputationTraits.ts:273:7)
    at runTick (C:/Users/chris/Dev/Projects/TheFantasyWorldSimulator/src/engine/orchestrator.ts:1896:18)
    at C:/Users/chris/Dev/Projects/TheFantasyWorldSimulator/src/engine/__tests__/contracts/encounter-liveness.contract.test.ts:222:17
    at file:///C:/Users/chris/Dev/Projects/TheFantasyWorldSimulator/node_modules/@vitest/runner/dist/index.js:145:11
    at file:///C:/Users/chris/Dev/Projects/TheFantasyWorldSimulator/node_modules/@vitest/runner/dist/index.js:915:26
    at file:///C:/Users/chris/Dev/Projects/TheFantasyWorldSimulator/node_modules/@vitest/runner/dist/index.js:1243:20
    at new Promise (<anonymous>)
    at runWithTimeout (file:///C:/Users/chris/Dev/Projects/TheFantasyWorldSimulator/node_modules/@vitest/runner/dist/index.js:1209:10)
[Orchestrator] Tick crashed, returning previous state: Error: Trait not found: trait.reputation.power.renown
    at assignTrait (C:/Users/chris/Dev/Projects/TheFantasyWorldSimulator/src/engine/traits.ts:44:25)
    at syncReputationTrait (C:/Users/chris/Dev/Projects/TheFantasyWorldSimulator/src/engine/phaseReputationTraits.ts:297:5)
    at phaseReputationTraits (C:/Users/chris/Dev/Projects/TheFantasyWorldSimulator/src/engine/phaseReputationTraits.ts:273:7)
    at runTick (C:/Users/chris/Dev/Projects/TheFantasyWorldSimulator/src/engine/orchestrator.ts:1896:18)
    at C:/Users/chris/Dev/Projects/TheFantasyWorldSimulator/src/engine/__tests__/contracts/encounter-liveness.contract.test.ts:222:17
    at file:///C:/Users/chris/Dev/Projects/TheFantasyWorldSimulator/node_modules/@vitest/runner/dist/index.js:145:11
    at file:///C:/Users/chris/Dev/Projects/TheFantasyWorldSimulator/node_modules/@vitest/runner/dist/index.js:915:26
    at file:///C:/Users/chris/Dev/Projects/TheFantasyWorldSimulator/node_modules/@vitest/runner/dist/index.js:1243:20
    at new Promise (<anonymous>)
    at runWithTimeout (file:///C:/Users/chris/Dev/Projects/TheFantasyWorldSimulator/node_modules/@vitest/runner/dist/index.js:1209:10)
[Orchestrator] Tick crashed, returning previous state: Error: Trait not found: trait.reputation.power.renown
    at assignTrait (C:/Users/chris/Dev/Projects/TheFantasyWorldSimulator/src/engine/traits.ts:44:25)
    at syncReputationTrait (C:/Users/chris/Dev/Projects/TheFantasyWorldSimulator/src/engine/phaseReputationTraits.ts:297:5)
    at phaseReputationTraits (C:/Users/chris/Dev/Projects/TheFantasyWorldSimulator/src/engine/phaseReputationTraits.ts:273:7)
    at runTick (C:/Users/chris/Dev/Projects/TheFantasyWorldSimulator/src/engine/orchestrator.ts:1896:18)
    at C:/Users/chris/Dev/Projects/TheFantasyWorldSimulator/src/engine/__tests__/contracts/encounter-liveness.contract.test.ts:222:17
    at file:///C:/Users/chris/Dev/Projects/TheFantasyWorldSimulator/node_modules/@vitest/runner/dist/index.js:145:11
    at file:///C:/Users/chris/Dev/Projects/TheFantasyWorldSimulator/node_modules/@vitest/runner/dist/index.js:915:26
    at file:///C:/Users/chris/Dev/Projects/TheFantasyWorldSimulator/node_modules/@vitest/runner/dist/index.js:1243:20
    at new Promise (<anonymous>)
    at runWithTimeout (file:///C:/Users/chris/Dev/Projects/TheFantasyWorldSimulator/node_modules/@vitest/runner/dist/index.js:1209:10)
[Orchestrator] Tick crashed, returning previous state: Error: Trait not found: trait.reputation.power.renown
    at assignTrait (C:/Users/chris/Dev/Projects/TheFantasyWorldSimulator/src/engine/traits.ts:44:25)
    at syncReputationTrait (C:/Users/chris/Dev/Projects/TheFantasyWorldSimulator/src/engine/phaseReputationTraits.ts:297:5)
    at phaseReputationTraits (C:/Users/chris/Dev/Projects/TheFantasyWorldSimulator/src/engine/phaseReputationTraits.ts:273:7)
    at runTick (C:/Users/chris/Dev/Projects/TheFantasyWorldSimulator/src/engine/orchestrator.ts:1896:18)
    at C:/Users/chris/Dev/Projects/TheFantasyWorldSimulator/src/engine/__tests__/contracts/encounter-liveness.contract.test.ts:222:17
    at file:///C:/Users/chris/Dev/Projects/TheFantasyWorldSimulator/node_modules/@vitest/runner/dist/index.js:145:11
    at file:///C:/Users/chris/Dev/Projects/TheFantasyWorldSimulator/node_modules/@vitest/runner/dist/index.js:915:26
    at file:///C:/Users/chris/Dev/Projects/TheFantasyWorldSimulator/node_modules/@vitest/runner/dist/index.js:1243:20
    at new Promise (<anonymous>)
    at runWithTimeout (file:///C:/Users/chris/Dev/Projects/TheFantasyWorldSimulator/node_modules/@vitest/runner/dist/index.js:1209:10)
[Orchestrator] Tick crashed, returning previous state: Error: Trait not found: trait.reputation.power.renown
    at assignTrait (C:/Users/chris/Dev/Projects/TheFantasyWorldSimulator/src/engine/traits.ts:44:25)
    at syncReputationTrait (C:/Users/chris/Dev/Projects/TheFantasyWorldSimulator/src/engine/phaseReputationTraits.ts:297:5)
    at phaseReputationTraits (C:/Users/chris/Dev/Projects/TheFantasyWorldSimulator/src/engine/phaseReputationTraits.ts:273:7)
    at runTick (C:/Users/chris/Dev/Projects/TheFantasyWorldSimulator/src/engine/orchestrator.ts:1896:18)
    at C:/Users/chris/Dev/Projects/TheFantasyWorldSimulator/src/engine/__tests__/contracts/encounter-liveness.contract.test.ts:222:17
    at file:///C:/Users/chris/Dev/Projects/TheFantasyWorldSimulator/node_modules/@vitest/runner/dist/index.js:145:11
    at file:///C:/Users/chris/Dev/Projects/TheFantasyWorldSimulator/node_modules/@vitest/runner/dist/index.js:915:26
    at file:///C:/Users/chris/Dev/Projects/TheFantasyWorldSimulator/node_modules/@vitest/runner/dist/index.js:1243:20
    at new Promise (<anonymous>)
    at runWithTimeout (file:///C:/Users/chris/Dev/Projects/TheFantasyWorldSimulator/node_modules/@vitest/runner/dist/index.js:1209:10)
[Orchestrator] Tick crashed, returning previous state: Error: Trait not found: trait.reputation.power.renown
    at assignTrait (C:/Users/chris/Dev/Projects/TheFantasyWorldSimulator/src/engine/traits.ts:44:25)
    at syncReputationTrait (C:/Users/chris/Dev/Projects/TheFantasyWorldSimulator/src/engine/phaseReputationTraits.ts:297:5)
    at phaseReputationTraits (C:/Users/chris/Dev/Projects/TheFantasyWorldSimulator/src/engine/phaseReputationTraits.ts:273:7)
    at runTick (C:/Users/chris/Dev/Projects/TheFantasyWorldSimulator/src/engine/orchestrator.ts:1896:18)
    at C:/Users/chris/Dev/Projects/TheFantasyWorldSimulator/src/engine/__tests__/contracts/encounter-liveness.contract.test.ts:222:17
    at file:///C:/Users/chris/Dev/Projects/TheFantasyWorldSimulator/node_modules/@vitest/runner/dist/index.js:145:11
    at file:///C:/Users/chris/Dev/Projects/TheFantasyWorldSimulator/node_modules/@vitest/runner/dist/index.js:915:26
    at file:///C:/Users/chris/Dev/Projects/TheFantasyWorldSimulator/node_modules/@vitest/runner/dist/index.js:1243:20
    at new Promise (<anonymous>)
    at runWithTimeout (file:///C:/Users/chris/Dev/Projects/TheFantasyWorldSimulator/node_modules/@vitest/runner/dist/index.js:1209:10)
[Orchestrator] Tick crashed, returning previous state: Error: Trait not found: trait.reputation.power.renown
    at assignTrait (C:/Users/chris/Dev/Projects/TheFantasyWorldSimulator/src/engine/traits.ts:44:25)
    at syncReputationTrait (C:/Users/chris/Dev/Projects/TheFantasyWorldSimulator/src/engine/phaseReputationTraits.ts:297:5)
    at phaseReputationTraits (C:/Users/chris/Dev/Projects/TheFantasyWorldSimulator/src/engine/phaseReputationTraits.ts:273:7)
    at runTick (C:/Users/chris/Dev/Projects/TheFantasyWorldSimulator/src/engine/orchestrator.ts:1896:18)
    at C:/Users/chris/Dev/Projects/TheFantasyWorldSimulator/src/engine/__tests__/contracts/encounter-liveness.contract.test.ts:222:17
    at file:///C:/Users/chris/Dev/Projects/TheFantasyWorldSimulator/node_modules/@vitest/runner/dist/index.js:145:11
    at file:///C:/Users/chris/Dev/Projects/TheFantasyWorldSimulator/node_modules/@vitest/runner/dist/index.js:915:26
    at file:///C:/Users/chris/Dev/Projects/TheFantasyWorldSimulator/node_modules/@vitest/runner/dist/index.js:1243:20
    at new Promise (<anonymous>)
    at runWithTimeout (file:///C:/Users/chris/Dev/Projects/TheFantasyWorldSimulator/node_modules/@vitest/runner/dist/index.js:1209:10)
[Orchestrator] Tick crashed, returning previous state: Error: Trait not found: trait.reputation.power.renown
    at assignTrait (C:/Users/chris/Dev/Projects/TheFantasyWorldSimulator/src/engine/traits.ts:44:25)
    at syncReputationTrait (C:/Users/chris/Dev/Projects/TheFantasyWorldSimulator/src/engine/phaseReputationTraits.ts:297:5)
    at phaseReputationTraits (C:/Users/chris/Dev/Projects/TheFantasyWorldSimulator/src/engine/phaseReputationTraits.ts:273:7)
    at runTick (C:/Users/chris/Dev/Projects/TheFantasyWorldSimulator/src/engine/orchestrator.ts:1896:18)
    at C:/Users/chris/Dev/Projects/TheFantasyWorldSimulator/src/engine/__tests__/contracts/encounter-liveness.contract.test.ts:222:17
    at file:///C:/Users/chris/Dev/Projects/TheFantasyWorldSimulator/node_modules/@vitest/runner/dist/index.js:145:11
    at file:///C:/Users/chris/Dev/Projects/TheFantasyWorldSimulator/node_modules/@vitest/runner/dist/index.js:915:26
    at file:///C:/Users/chris/Dev/Projects/TheFantasyWorldSimulator/node_modules/@vitest/runner/dist/index.js:1243:20
    at new Promise (<anonymous>)
    at runWithTimeout (file:///C:/Users/chris/Dev/Projects/TheFantasyWorldSimulator/node_modules/@vitest/runner/dist/index.js:1209:10)
[Orchestrator] Tick crashed, returning previous state: Error: Trait not found: trait.reputation.power.renown
    at assignTrait (C:/Users/chris/Dev/Projects/TheFantasyWorldSimulator/src/engine/traits.ts:44:25)
    at syncReputationTrait (C:/Users/chris/Dev/Projects/TheFantasyWorldSimulator/src/engine/phaseReputationTraits.ts:297:5)
    at phaseReputationTraits (C:/Users/chris/Dev/Projects/TheFantasyWorldSimulator/src/engine/phaseReputationTraits.ts:273:7)
    at runTick (C:/Users/chris/Dev/Projects/TheFantasyWorldSimulator/src/engine/orchestrator.ts:1896:18)
    at C:/Users/chris/Dev/Projects/TheFantasyWorldSimulator/src/engine/__tests__/contracts/encounter-liveness.contract.test.ts:222:17
    at file:///C:/Users/chris/Dev/Projects/TheFantasyWorldSimulator/node_modules/@vitest/runner/dist/index.js:145:11
    at file:///C:/Users/chris/Dev/Projects/TheFantasyWorldSimulator/node_modules/@vitest/runner/dist/index.js:915:26
    at file:///C:/Users/chris/Dev/Projects/TheFantasyWorldSimulator/node_modules/@vitest/runner/dist/index.js:1243:20
    at new Promise (<anonymous>)
    at runWithTimeout (file:///C:/Users/chris/Dev/Projects/TheFantasyWorldSimulator/node_modules/@vitest/runner/dist/index.js:1209:10)
[Orchestrator] Tick crashed, returning previous state: Error: Trait not found: trait.reputation.power.renown
    at assignTrait (C:/Users/chris/Dev/Projects/TheFantasyWorldSimulator/src/engine/traits.ts:44:25)
    at syncReputationTrait (C:/Users/chris/Dev/Projects/TheFantasyWorldSimulator/src/engine/phaseReputationTraits.ts:297:5)
    at phaseReputationTraits (C:/Users/chris/Dev/Projects/TheFantasyWorldSimulator/src/engine/phaseReputationTraits.ts:273:7)
    at runTick (C:/Users/chris/Dev/Projects/TheFantasyWorldSimulator/src/engine/orchestrator.ts:1896:18)
    at C:/Users/chris/Dev/Projects/TheFantasyWorldSimulator/src/engine/__tests__/contracts/encounter-liveness.contract.test.ts:222:17
    at file:///C:/Users/chris/Dev/Projects/TheFantasyWorldSimulator/node_modules/@vitest/runner/dist/index.js:145:11
    at file:///C:/Users/chris/Dev/Projects/TheFantasyWorldSimulator/node_modules/@vitest/runner/dist/index.js:915:26
    at file:///C:/Users/chris/Dev/Projects/TheFantasyWorldSimulator/node_modules/@vitest/runner/dist/index.js:1243:20
    at new Promise (<anonymous>)
    at runWithTimeout (file:///C:/Users/chris/Dev/Projects/TheFantasyWorldSimulator/node_modules/@vitest/runner/dist/index.js:1209:10)
[Orchestrator] Tick crashed, returning previous state: Error: Trait not found: trait.reputation.power.renown
    at assignTrait (C:/Users/chris/Dev/Projects/TheFantasyWorldSimulator/src/engine/traits.ts:44:25)
    at syncReputationTrait (C:/Users/chris/Dev/Projects/TheFantasyWorldSimulator/src/engine/phaseReputationTraits.ts:297:5)
    at phaseReputationTraits (C:/Users/chris/Dev/Projects/TheFantasyWorldSimulator/src/engine/phaseReputationTraits.ts:273:7)
    at runTick (C:/Users/chris/Dev/Projects/TheFantasyWorldSimulator/src/engine/orchestrator.ts:1896:18)
    at C:/Users/chris/Dev/Projects/TheFantasyWorldSimulator/src/engine/__tests__/contracts/encounter-liveness.contract.test.ts:222:17
    at file:///C:/Users/chris/Dev/Projects/TheFantasyWorldSimulator/node_modules/@vitest/runner/dist/index.js:145:11
    at file:///C:/Users/chris/Dev/Projects/TheFantasyWorldSimulator/node_modules/@vitest/runner/dist/index.js:915:26
    at file:///C:/Users/chris/Dev/Projects/TheFantasyWorldSimulator/node_modules/@vitest/runner/dist/index.js:1243:20
    at new Promise (<anonymous>)
    at runWithTimeout (file:///C:/Users/chris/Dev/Projects/TheFantasyWorldSimulator/node_modules/@vitest/runner/dist/index.js:1209:10)
[Orchestrator] Tick crashed, returning previous state: Error: Trait not found: trait.reputation.power.renown
    at assignTrait (C:/Users/chris/Dev/Projects/TheFantasyWorldSimulator/src/engine/traits.ts:44:25)
    at syncReputationTrait (C:/Users/chris/Dev/Projects/TheFantasyWorldSimulator/src/engine/phaseReputationTraits.ts:297:5)
    at phaseReputationTraits (C:/Users/chris/Dev/Projects/TheFantasyWorldSimulator/src/engine/phaseReputationTraits.ts:273:7)
    at runTick (C:/Users/chris/Dev/Projects/TheFantasyWorldSimulator/src/engine/orchestrator.ts:1896:18)
    at C:/Users/chris/Dev/Projects/TheFantasyWorldSimulator/src/engine/__tests__/contracts/encounter-liveness.contract.test.ts:222:17
    at file:///C:/Users/chris/Dev/Projects/TheFantasyWorldSimulator/node_modules/@vitest/runner/dist/index.js:145:11
    at file:///C:/Users/chris/Dev/Projects/TheFantasyWorldSimulator/node_modules/@vitest/runner/dist/index.js:915:26
    at file:///C:/Users/chris/Dev/Projects/TheFantasyWorldSimulator/node_modules/@vitest/runner/dist/index.js:1243:20
    at new Promise (<anonymous>)
    at runWithTimeout (file:///C:/Users/chris/Dev/Projects/TheFantasyWorldSimulator/node_modules/@vitest/runner/dist/index.js:1209:10)
[Orchestrator] Tick crashed, returning previous state: Error: Trait not found: trait.reputation.power.renown
    at assignTrait (C:/Users/chris/Dev/Projects/TheFantasyWorldSimulator/src/engine/traits.ts:44:25)
    at syncReputationTrait (C:/Users/chris/Dev/Projects/TheFantasyWorldSimulator/src/engine/phaseReputationTraits.ts:297:5)
    at phaseReputationTraits (C:/Users/chris/Dev/Projects/TheFantasyWorldSimulator/src/engine/phaseReputationTraits.ts:273:7)
    at runTick (C:/Users/chris/Dev/Projects/TheFantasyWorldSimulator/src/engine/orchestrator.ts:1896:18)
    at C:/Users/chris/Dev/Projects/TheFantasyWorldSimulator/src/engine/__tests__/contracts/encounter-liveness.contract.test.ts:222:17
    at file:///C:/Users/chris/Dev/Projects/TheFantasyWorldSimulator/node_modules/@vitest/runner/dist/index.js:145:11
    at file:///C:/Users/chris/Dev/Projects/TheFantasyWorldSimulator/node_modules/@vitest/runner/dist/index.js:915:26
    at file:///C:/Users/chris/Dev/Projects/TheFantasyWorldSimulator/node_modules/@vitest/runner/dist/index.js:1243:20
    at new Promise (<anonymous>)
    at runWithTimeout (file:///C:/Users/chris/Dev/Projects/TheFantasyWorldSimulator/node_modules/@vitest/runner/dist/index.js:1209:10)
[Orchestrator] Tick crashed, returning previous state: Error: Trait not found: trait.reputation.power.renown
    at assignTrait (C:/Users/chris/Dev/Projects/TheFantasyWorldSimulator/src/engine/traits.ts:44:25)
    at syncReputationTrait (C:/Users/chris/Dev/Projects/TheFantasyWorldSimulator/src/engine/phaseReputationTraits.ts:297:5)
    at phaseReputationTraits (C:/Users/chris/Dev/Projects/TheFantasyWorldSimulator/src/engine/phaseReputationTraits.ts:273:7)
    at runTick (C:/Users/chris/Dev/Projects/TheFantasyWorldSimulator/src/engine/orchestrator.ts:1896:18)
    at C:/Users/chris/Dev/Projects/TheFantasyWorldSimulator/src/engine/__tests__/contracts/encounter-liveness.contract.test.ts:222:17
    at file:///C:/Users/chris/Dev/Projects/TheFantasyWorldSimulator/node_modules/@vitest/runner/dist/index.js:145:11
    at file:///C:/Users/chris/Dev/Projects/TheFantasyWorldSimulator/node_modules/@vitest/runner/dist/index.js:915:26
    at file:///C:/Users/chris/Dev/Projects/TheFantasyWorldSimulator/node_modules/@vitest/runner/dist/index.js:1243:20
    at new Promise (<anonymous>)
    at runWithTimeout (file:///C:/Users/chris/Dev/Projects/TheFantasyWorldSimulator/node_modules/@vitest/runner/dist/index.js:1209:10)
[Orchestrator] Tick crashed, returning previous state: Error: Trait not found: trait.reputation.power.renown
    at assignTrait (C:/Users/chris/Dev/Projects/TheFantasyWorldSimulator/src/engine/traits.ts:44:25)
    at syncReputationTrait (C:/Users/chris/Dev/Projects/TheFantasyWorldSimulator/src/engine/phaseReputationTraits.ts:297:5)
    at phaseReputationTraits (C:/Users/chris/Dev/Projects/TheFantasyWorldSimulator/src/engine/phaseReputationTraits.ts:273:7)
    at runTick (C:/Users/chris/Dev/Projects/TheFantasyWorldSimulator/src/engine/orchestrator.ts:1896:18)
    at C:/Users/chris/Dev/Projects/TheFantasyWorldSimulator/src/engine/__tests__/contracts/encounter-liveness.contract.test.ts:222:17
    at file:///C:/Users/chris/Dev/Projects/TheFantasyWorldSimulator/node_modules/@vitest/runner/dist/index.js:145:11
    at file:///C:/Users/chris/Dev/Projects/TheFantasyWorldSimulator/node_modules/@vitest/runner/dist/index.js:915:26
    at file:///C:/Users/chris/Dev/Projects/TheFantasyWorldSimulator/node_modules/@vitest/runner/dist/index.js:1243:20
    at new Promise (<anonymous>)
    at runWithTimeout (file:///C:/Users/chris/Dev/Projects/TheFantasyWorldSimulator/node_modules/@vitest/runner/dist/index.js:1209:10)
[Orchestrator] Tick crashed, returning previous state: Error: Trait not found: trait.reputation.power.renown
    at assignTrait (C:/Users/chris/Dev/Projects/TheFantasyWorldSimulator/src/engine/traits.ts:44:25)
    at syncReputationTrait (C:/Users/chris/Dev/Projects/TheFantasyWorldSimulator/src/engine/phaseReputationTraits.ts:297:5)
    at phaseReputationTraits (C:/Users/chris/Dev/Projects/TheFantasyWorldSimulator/src/engine/phaseReputationTraits.ts:273:7)
    at runTick (C:/Users/chris/Dev/Projects/TheFantasyWorldSimulator/src/engine/orchestrator.ts:1896:18)
    at C:/Users/chris/Dev/Projects/TheFantasyWorldSimulator/src/engine/__tests__/contracts/encounter-liveness.contract.test.ts:222:17
    at file:///C:/Users/chris/Dev/Projects/TheFantasyWorldSimulator/node_modules/@vitest/runner/dist/index.js:145:11
    at file:///C:/Users/chris/Dev/Projects/TheFantasyWorldSimulator/node_modules/@vitest/runner/dist/index.js:915:26
    at file:///C:/Users/chris/Dev/Projects/TheFantasyWorldSimulator/node_modules/@vitest/runner/dist/index.js:1243:20
    at new Promise (<anonymous>)
    at runWithTimeout (file:///C:/Users/chris/Dev/Projects/TheFantasyWorldSimulator/node_modules/@vitest/runner/dist/index.js:1209:10)
[Orchestrator] Tick crashed, returning previous state: Error: Trait not found: trait.reputation.power.renown
    at assignTrait (C:/Users/chris/Dev/Projects/TheFantasyWorldSimulator/src/engine/traits.ts:44:25)
    at syncReputationTrait (C:/Users/chris/Dev/Projects/TheFantasyWorldSimulator/src/engine/phaseReputationTraits.ts:297:5)
    at phaseReputationTraits (C:/Users/chris/Dev/Projects/TheFantasyWorldSimulator/src/engine/phaseReputationTraits.ts:273:7)
    at runTick (C:/Users/chris/Dev/Projects/TheFantasyWorldSimulator/src/engine/orchestrator.ts:1896:18)
    at C:/Users/chris/Dev/Projects/TheFantasyWorldSimulator/src/engine/__tests__/contracts/encounter-liveness.contract.test.ts:222:17
    at file:///C:/Users/chris/Dev/Projects/TheFantasyWorldSimulator/node_modules/@vitest/runner/dist/index.js:145:11
    at file:///C:/Users/chris/Dev/Projects/TheFantasyWorldSimulator/node_modules/@vitest/runner/dist/index.js:915:26
    at file:///C:/Users/chris/Dev/Projects/TheFantasyWorldSimulator/node_modules/@vitest/runner/dist/index.js:1243:20
    at new Promise (<anonymous>)
    at runWithTimeout (file:///C:/Users/chris/Dev/Projects/TheFantasyWorldSimulator/node_modules/@vitest/runner/dist/index.js:1209:10)
[Orchestrator] Tick crashed, returning previous state: Error: Trait not found: trait.reputation.power.renown
    at assignTrait (C:/Users/chris/Dev/Projects/TheFantasyWorldSimulator/src/engine/traits.ts:44:25)
    at syncReputationTrait (C:/Users/chris/Dev/Projects/TheFantasyWorldSimulator/src/engine/phaseReputationTraits.ts:297:5)
    at phaseReputationTraits (C:/Users/chris/Dev/Projects/TheFantasyWorldSimulator/src/engine/phaseReputationTraits.ts:273:7)
    at runTick (C:/Users/chris/Dev/Projects/TheFantasyWorldSimulator/src/engine/orchestrator.ts:1896:18)
    at C:/Users/chris/Dev/Projects/TheFantasyWorldSimulator/src/engine/__tests__/contracts/encounter-liveness.contract.test.ts:222:17
    at file:///C:/Users/chris/Dev/Projects/TheFantasyWorldSimulator/node_modules/@vitest/runner/dist/index.js:145:11
    at file:///C:/Users/chris/Dev/Projects/TheFantasyWorldSimulator/node_modules/@vitest/runner/dist/index.js:915:26
    at file:///C:/Users/chris/Dev/Projects/TheFantasyWorldSimulator/node_modules/@vitest/runner/dist/index.js:1243:20
    at new Promise (<anonymous>)
    at runWithTimeout (file:///C:/Users/chris/Dev/Projects/TheFantasyWorldSimulator/node_modules/@vitest/runner/dist/index.js:1209:10)
[Orchestrator] Tick crashed, returning previous state: Error: Trait not found: trait.reputation.power.renown
    at assignTrait (C:/Users/chris/Dev/Projects/TheFantasyWorldSimulator/src/engine/traits.ts:44:25)
    at syncReputationTrait (C:/Users/chris/Dev/Projects/TheFantasyWorldSimulator/src/engine/phaseReputationTraits.ts:297:5)
    at phaseReputationTraits (C:/Users/chris/Dev/Projects/TheFantasyWorldSimulator/src/engine/phaseReputationTraits.ts:273:7)
    at runTick (C:/Users/chris/Dev/Projects/TheFantasyWorldSimulator/src/engine/orchestrator.ts:1896:18)
    at C:/Users/chris/Dev/Projects/TheFantasyWorldSimulator/src/engine/__tests__/contracts/encounter-liveness.contract.test.ts:222:17
    at file:///C:/Users/chris/Dev/Projects/TheFantasyWorldSimulator/node_modules/@vitest/runner/dist/index.js:145:11
    at file:///C:/Users/chris/Dev/Projects/TheFantasyWorldSimulator/node_modules/@vitest/runner/dist/index.js:915:26
    at file:///C:/Users/chris/Dev/Projects/TheFantasyWorldSimulator/node_modules/@vitest/runner/dist/index.js:1243:20
    at new Promise (<anonymous>)
    at runWithTimeout (file:///C:/Users/chris/Dev/Projects/TheFantasyWorldSimulator/node_modules/@vitest/runner/dist/index.js:1209:10)
[Orchestrator] Tick crashed, returning previous state: Error: Trait not found: trait.reputation.power.renown
    at assignTrait (C:/Users/chris/Dev/Projects/TheFantasyWorldSimulator/src/engine/traits.ts:44:25)
    at syncReputationTrait (C:/Users/chris/Dev/Projects/TheFantasyWorldSimulator/src/engine/phaseReputationTraits.ts:297:5)
    at phaseReputationTraits (C:/Users/chris/Dev/Projects/TheFantasyWorldSimulator/src/engine/phaseReputationTraits.ts:273:7)
    at runTick (C:/Users/chris/Dev/Projects/TheFantasyWorldSimulator/src/engine/orchestrator.ts:1896:18)
    at C:/Users/chris/Dev/Projects/TheFantasyWorldSimulator/src/engine/__tests__/contracts/encounter-liveness.contract.test.ts:222:17
    at file:///C:/Users/chris/Dev/Projects/TheFantasyWorldSimulator/node_modules/@vitest/runner/dist/index.js:145:11
    at file:///C:/Users/chris/Dev/Projects/TheFantasyWorldSimulator/node_modules/@vitest/runner/dist/index.js:915:26
    at file:///C:/Users/chris/Dev/Projects/TheFantasyWorldSimulator/node_modules/@vitest/runner/dist/index.js:1243:20
    at new Promise (<anonymous>)
    at runWithTimeout (file:///C:/Users/chris/Dev/Projects/TheFantasyWorldSimulator/node_modules/@vitest/runner/dist/index.js:1209:10)
[Orchestrator] Tick crashed, returning previous state: Error: Trait not found: trait.reputation.power.renown
    at assignTrait (C:/Users/chris/Dev/Projects/TheFantasyWorldSimulator/src/engine/traits.ts:44:25)
    at syncReputationTrait (C:/Users/chris/Dev/Projects/TheFantasyWorldSimulator/src/engine/phaseReputationTraits.ts:297:5)
    at phaseReputationTraits (C:/Users/chris/Dev/Projects/TheFantasyWorldSimulator/src/engine/phaseReputationTraits.ts:273:7)
    at runTick (C:/Users/chris/Dev/Projects/TheFantasyWorldSimulator/src/engine/orchestrator.ts:1896:18)
    at C:/Users/chris/Dev/Projects/TheFantasyWorldSimulator/src/engine/__tests__/contracts/encounter-liveness.contract.test.ts:222:17
    at file:///C:/Users/chris/Dev/Projects/TheFantasyWorldSimulator/node_modules/@vitest/runner/dist/index.js:145:11
    at file:///C:/Users/chris/Dev/Projects/TheFantasyWorldSimulator/node_modules/@vitest/runner/dist/index.js:915:26
    at file:///C:/Users/chris/Dev/Projects/TheFantasyWorldSimulator/node_modules/@vitest/runner/dist/index.js:1243:20
    at new Promise (<anonymous>)
    at runWithTimeout (file:///C:/Users/chris/Dev/Projects/TheFantasyWorldSimulator/node_modules/@vitest/runner/dist/index.js:1209:10)
[Orchestrator] Tick crashed, returning previous state: Error: Trait not found: trait.reputation.power.renown
    at assignTrait (C:/Users/chris/Dev/Projects/TheFantasyWorldSimulator/src/engine/traits.ts:44:25)
    at syncReputationTrait (C:/Users/chris/Dev/Projects/TheFantasyWorldSimulator/src/engine/phaseReputationTraits.ts:297:5)
    at phaseReputationTraits (C:/Users/chris/Dev/Projects/TheFantasyWorldSimulator/src/engine/phaseReputationTraits.ts:273:7)
    at runTick (C:/Users/chris/Dev/Projects/TheFantasyWorldSimulator/src/engine/orchestrator.ts:1896:18)
    at C:/Users/chris/Dev/Projects/TheFantasyWorldSimulator/src/engine/__tests__/contracts/encounter-liveness.contract.test.ts:222:17
    at file:///C:/Users/chris/Dev/Projects/TheFantasyWorldSimulator/node_modules/@vitest/runner/dist/index.js:145:11
    at file:///C:/Users/chris/Dev/Projects/TheFantasyWorldSimulator/node_modules/@vitest/runner/dist/index.js:915:26
    at file:///C:/Users/chris/Dev/Projects/TheFantasyWorldSimulator/node_modules/@vitest/runner/dist/index.js:1243:20
    at new Promise (<anonymous>)
    at runWithTimeout (file:///C:/Users/chris/Dev/Projects/TheFantasyWorldSimulator/node_modules/@vitest/runner/dist/index.js:1209:10)
[Orchestrator] Tick crashed, returning previous state: Error: Trait not found: trait.reputation.power.renown
    at assignTrait (C:/Users/chris/Dev/Projects/TheFantasyWorldSimulator/src/engine/traits.ts:44:25)
    at syncReputationTrait (C:/Users/chris/Dev/Projects/TheFantasyWorldSimulator/src/engine/phaseReputationTraits.ts:297:5)
    at phaseReputationTraits (C:/Users/chris/Dev/Projects/TheFantasyWorldSimulator/src/engine/phaseReputationTraits.ts:273:7)
    at runTick (C:/Users/chris/Dev/Projects/TheFantasyWorldSimulator/src/engine/orchestrator.ts:1896:18)
    at C:/Users/chris/Dev/Projects/TheFantasyWorldSimulator/src/engine/__tests__/contracts/encounter-liveness.contract.test.ts:222:17
    at file:///C:/Users/chris/Dev/Projects/TheFantasyWorldSimulator/node_modules/@vitest/runner/dist/index.js:145:11
    at file:///C:/Users/chris/Dev/Projects/TheFantasyWorldSimulator/node_modules/@vitest/runner/dist/index.js:915:26
    at file:///C:/Users/chris/Dev/Projects/TheFantasyWorldSimulator/node_modules/@vitest/runner/dist/index.js:1243:20
    at new Promise (<anonymous>)
    at runWithTimeout (file:///C:/Users/chris/Dev/Projects/TheFantasyWorldSimulator/node_modules/@vitest/runner/dist/index.js:1209:10)
[Orchestrator] Tick crashed, returning previous state: Error: Trait not found: trait.reputation.power.renown
    at assignTrait (C:/Users/chris/Dev/Projects/TheFantasyWorldSimulator/src/engine/traits.ts:44:25)
    at syncReputationTrait (C:/Users/chris/Dev/Projects/TheFantasyWorldSimulator/src/engine/phaseReputationTraits.ts:297:5)
    at phaseReputationTraits (C:/Users/chris/Dev/Projects/TheFantasyWorldSimulator/src/engine/phaseReputationTraits.ts:273:7)
    at runTick (C:/Users/chris/Dev/Projects/TheFantasyWorldSimulator/src/engine/orchestrator.ts:1896:18)
    at C:/Users/chris/Dev/Projects/TheFantasyWorldSimulator/src/engine/__tests__/contracts/encounter-liveness.contract.test.ts:222:17
    at file:///C:/Users/chris/Dev/Projects/TheFantasyWorldSimulator/node_modules/@vitest/runner/dist/index.js:145:11
    at file:///C:/Users/chris/Dev/Projects/TheFantasyWorldSimulator/node_modules/@vitest/runner/dist/index.js:915:26
    at file:///C:/Users/chris/Dev/Projects/TheFantasyWorldSimulator/node_modules/@vitest/runner/dist/index.js:1243:20
    at new Promise (<anonymous>)
    at runWithTimeout (file:///C:/Users/chris/Dev/Projects/TheFantasyWorldSimulator/node_modules/@vitest/runner/dist/index.js:1209:10)
[Orchestrator] Tick crashed, returning previous state: Error: Trait not found: trait.reputation.power.renown
    at assignTrait (C:/Users/chris/Dev/Projects/TheFantasyWorldSimulator/src/engine/traits.ts:44:25)
    at syncReputationTrait (C:/Users/chris/Dev/Projects/TheFantasyWorldSimulator/src/engine/phaseReputationTraits.ts:297:5)
    at phaseReputationTraits (C:/Users/chris/Dev/Projects/TheFantasyWorldSimulator/src/engine/phaseReputationTraits.ts:273:7)
    at runTick (C:/Users/chris/Dev/Projects/TheFantasyWorldSimulator/src/engine/orchestrator.ts:1896:18)
    at C:/Users/chris/Dev/Projects/TheFantasyWorldSimulator/src/engine/__tests__/contracts/encounter-liveness.contract.test.ts:222:17
    at file:///C:/Users/chris/Dev/Projects/TheFantasyWorldSimulator/node_modules/@vitest/runner/dist/index.js:145:11
    at file:///C:/Users/chris/Dev/Projects/TheFantasyWorldSimulator/node_modules/@vitest/runner/dist/index.js:915:26
    at file:///C:/Users/chris/Dev/Projects/TheFantasyWorldSimulator/node_modules/@vitest/runner/dist/index.js:1243:20
    at new Promise (<anonymous>)
    at runWithTimeout (file:///C:/Users/chris/Dev/Projects/TheFantasyWorldSimulator/node_modules/@vitest/runner/dist/index.js:1209:10)
[Orchestrator] Tick crashed, returning previous state: Error: Trait not found: trait.reputation.power.renown
    at assignTrait (C:/Users/chris/Dev/Projects/TheFantasyWorldSimulator/src/engine/traits.ts:44:25)
    at syncReputationTrait (C:/Users/chris/Dev/Projects/TheFantasyWorldSimulator/src/engine/phaseReputationTraits.ts:297:5)
    at phaseReputationTraits (C:/Users/chris/Dev/Projects/TheFantasyWorldSimulator/src/engine/phaseReputationTraits.ts:273:7)
    at runTick (C:/Users/chris/Dev/Projects/TheFantasyWorldSimulator/src/engine/orchestrator.ts:1896:18)
    at C:/Users/chris/Dev/Projects/TheFantasyWorldSimulator/src/engine/__tests__/contracts/encounter-liveness.contract.test.ts:222:17
    at file:///C:/Users/chris/Dev/Projects/TheFantasyWorldSimulator/node_modules/@vitest/runner/dist/index.js:145:11
    at file:///C:/Users/chris/Dev/Projects/TheFantasyWorldSimulator/node_modules/@vitest/runner/dist/index.js:915:26
    at file:///C:/Users/chris/Dev/Projects/TheFantasyWorldSimulator/node_modules/@vitest/runner/dist/index.js:1243:20
    at new Promise (<anonymous>)
    at runWithTimeout (file:///C:/Users/chris/Dev/Projects/TheFantasyWorldSimulator/node_modules/@vitest/runner/dist/index.js:1209:10)
[Orchestrator] Tick crashed, returning previous state: Error: Trait not found: trait.reputation.power.renown
    at assignTrait (C:/Users/chris/Dev/Projects/TheFantasyWorldSimulator/src/engine/traits.ts:44:25)
    at syncReputationTrait (C:/Users/chris/Dev/Projects/TheFantasyWorldSimulator/src/engine/phaseReputationTraits.ts:297:5)
    at phaseReputationTraits (C:/Users/chris/Dev/Projects/TheFantasyWorldSimulator/src/engine/phaseReputationTraits.ts:273:7)
    at runTick (C:/Users/chris/Dev/Projects/TheFantasyWorldSimulator/src/engine/orchestrator.ts:1896:18)
    at C:/Users/chris/Dev/Projects/TheFantasyWorldSimulator/src/engine/__tests__/contracts/encounter-liveness.contract.test.ts:222:17
    at file:///C:/Users/chris/Dev/Projects/TheFantasyWorldSimulator/node_modules/@vitest/runner/dist/index.js:145:11
    at file:///C:/Users/chris/Dev/Projects/TheFantasyWorldSimulator/node_modules/@vitest/runner/dist/index.js:915:26
    at file:///C:/Users/chris/Dev/Projects/TheFantasyWorldSimulator/node_modules/@vitest/runner/dist/index.js:1243:20
    at new Promise (<anonymous>)
    at runWithTimeout (file:///C:/Users/chris/Dev/Projects/TheFantasyWorldSimulator/node_modules/@vitest/runner/dist/index.js:1209:10)
[Orchestrator] Tick crashed, returning previous state: Error: Trait not found: trait.reputation.power.renown
    at assignTrait (C:/Users/chris/Dev/Projects/TheFantasyWorldSimulator/src/engine/traits.ts:44:25)
    at syncReputationTrait (C:/Users/chris/Dev/Projects/TheFantasyWorldSimulator/src/engine/phaseReputationTraits.ts:297:5)
    at phaseReputationTraits (C:/Users/chris/Dev/Projects/TheFantasyWorldSimulator/src/engine/phaseReputationTraits.ts:273:7)
    at runTick (C:/Users/chris/Dev/Projects/TheFantasyWorldSimulator/src/engine/orchestrator.ts:1896:18)
    at C:/Users/chris/Dev/Projects/TheFantasyWorldSimulator/src/engine/__tests__/contracts/encounter-liveness.contract.test.ts:222:17
    at file:///C:/Users/chris/Dev/Projects/TheFantasyWorldSimulator/node_modules/@vitest/runner/dist/index.js:145:11
    at file:///C:/Users/chris/Dev/Projects/TheFantasyWorldSimulator/node_modules/@vitest/runner/dist/index.js:915:26
    at file:///C:/Users/chris/Dev/Projects/TheFantasyWorldSimulator/node_modules/@vitest/runner/dist/index.js:1243:20
    at new Promise (<anonymous>)
    at runWithTimeout (file:///C:/Users/chris/Dev/Projects/TheFantasyWorldSimulator/node_modules/@vitest/runner/dist/index.js:1209:10)
[Orchestrator] Tick crashed, returning previous state: Error: Trait not found: trait.reputation.power.renown
    at assignTrait (C:/Users/chris/Dev/Projects/TheFantasyWorldSimulator/src/engine/traits.ts:44:25)
    at syncReputationTrait (C:/Users/chris/Dev/Projects/TheFantasyWorldSimulator/src/engine/phaseReputationTraits.ts:297:5)
    at phaseReputationTraits (C:/Users/chris/Dev/Projects/TheFantasyWorldSimulator/src/engine/phaseReputationTraits.ts:273:7)
    at runTick (C:/Users/chris/Dev/Projects/TheFantasyWorldSimulator/src/engine/orchestrator.ts:1896:18)
    at C:/Users/chris/Dev/Projects/TheFantasyWorldSimulator/src/engine/__tests__/contracts/encounter-liveness.contract.test.ts:222:17
    at file:///C:/Users/chris/Dev/Projects/TheFantasyWorldSimulator/node_modules/@vitest/runner/dist/index.js:145:11
    at file:///C:/Users/chris/Dev/Projects/TheFantasyWorldSimulator/node_modules/@vitest/runner/dist/index.js:915:26
    at file:///C:/Users/chris/Dev/Projects/TheFantasyWorldSimulator/node_modules/@vitest/runner/dist/index.js:1243:20
    at new Promise (<anonymous>)
    at runWithTimeout (file:///C:/Users/chris/Dev/Projects/TheFantasyWorldSimulator/node_modules/@vitest/runner/dist/index.js:1209:10)
[Orchestrator] Tick crashed, returning previous state: Error: Trait not found: trait.reputation.power.renown
    at assignTrait (C:/Users/chris/Dev/Projects/TheFantasyWorldSimulator/src/engine/traits.ts:44:25)
    at syncReputationTrait (C:/Users/chris/Dev/Projects/TheFantasyWorldSimulator/src/engine/phaseReputationTraits.ts:297:5)
    at phaseReputationTraits (C:/Users/chris/Dev/Projects/TheFantasyWorldSimulator/src/engine/phaseReputationTraits.ts:273:7)
    at runTick (C:/Users/chris/Dev/Projects/TheFantasyWorldSimulator/src/engine/orchestrator.ts:1896:18)
    at C:/Users/chris/Dev/Projects/TheFantasyWorldSimulator/src/engine/__tests__/contracts/encounter-liveness.contract.test.ts:222:17
    at file:///C:/Users/chris/Dev/Projects/TheFantasyWorldSimulator/node_modules/@vitest/runner/dist/index.js:145:11
    at file:///C:/Users/chris/Dev/Projects/TheFantasyWorldSimulator/node_modules/@vitest/runner/dist/index.js:915:26
    at file:///C:/Users/chris/Dev/Projects/TheFantasyWorldSimulator/node_modules/@vitest/runner/dist/index.js:1243:20
    at new Promise (<anonymous>)
    at runWithTimeout (file:///C:/Users/chris/Dev/Projects/TheFantasyWorldSimulator/node_modules/@vitest/runner/dist/index.js:1209:10)
[Orchestrator] Tick crashed, returning previous state: Error: Trait not found: trait.reputation.power.renown
    at assignTrait (C:/Users/chris/Dev/Projects/TheFantasyWorldSimulator/src/engine/traits.ts:44:25)
    at syncReputationTrait (C:/Users/chris/Dev/Projects/TheFantasyWorldSimulator/src/engine/phaseReputationTraits.ts:297:5)
    at phaseReputationTraits (C:/Users/chris/Dev/Projects/TheFantasyWorldSimulator/src/engine/phaseReputationTraits.ts:273:7)
    at runTick (C:/Users/chris/Dev/Projects/TheFantasyWorldSimulator/src/engine/orchestrator.ts:1896:18)
    at C:/Users/chris/Dev/Projects/TheFantasyWorldSimulator/src/engine/__tests__/contracts/encounter-liveness.contract.test.ts:222:17
    at file:///C:/Users/chris/Dev/Projects/TheFantasyWorldSimulator/node_modules/@vitest/runner/dist/index.js:145:11
    at file:///C:/Users/chris/Dev/Projects/TheFantasyWorldSimulator/node_modules/@vitest/runner/dist/index.js:915:26
    at file:///C:/Users/chris/Dev/Projects/TheFantasyWorldSimulator/node_modules/@vitest/runner/dist/index.js:1243:20
    at new Promise (<anonymous>)
    at runWithTimeout (file:///C:/Users/chris/Dev/Projects/TheFantasyWorldSimulator/node_modules/@vitest/runner/dist/index.js:1209:10)
[Orchestrator] Tick crashed, returning previous state: Error: Trait not found: trait.reputation.power.renown
    at assignTrait (C:/Users/chris/Dev/Projects/TheFantasyWorldSimulator/src/engine/traits.ts:44:25)
    at syncReputationTrait (C:/Users/chris/Dev/Projects/TheFantasyWorldSimulator/src/engine/phaseReputationTraits.ts:297:5)
    at phaseReputationTraits (C:/Users/chris/Dev/Projects/TheFantasyWorldSimulator/src/engine/phaseReputationTraits.ts:273:7)
    at runTick (C:/Users/chris/Dev/Projects/TheFantasyWorldSimulator/src/engine/orchestrator.ts:1896:18)
    at C:/Users/chris/Dev/Projects/TheFantasyWorldSimulator/src/engine/__tests__/contracts/encounter-liveness.contract.test.ts:222:17
    at file:///C:/Users/chris/Dev/Projects/TheFantasyWorldSimulator/node_modules/@vitest/runner/dist/index.js:145:11
    at file:///C:/Users/chris/Dev/Projects/TheFantasyWorldSimulator/node_modules/@vitest/runner/dist/index.js:915:26
    at file:///C:/Users/chris/Dev/Projects/TheFantasyWorldSimulator/node_modules/@vitest/runner/dist/index.js:1243:20
    at new Promise (<anonymous>)
    at runWithTimeout (file:///C:/Users/chris/Dev/Projects/TheFantasyWorldSimulator/node_modules/@vitest/runner/dist/index.js:1209:10)
[Orchestrator] Tick crashed, returning previous state: Error: Trait not found: trait.reputation.power.renown
    at assignTrait (C:/Users/chris/Dev/Projects/TheFantasyWorldSimulator/src/engine/traits.ts:44:25)
    at syncReputationTrait (C:/Users/chris/Dev/Projects/TheFantasyWorldSimulator/src/engine/phaseReputationTraits.ts:297:5)
    at phaseReputationTraits (C:/Users/chris/Dev/Projects/TheFantasyWorldSimulator/src/engine/phaseReputationTraits.ts:273:7)
    at runTick (C:/Users/chris/Dev/Projects/TheFantasyWorldSimulator/src/engine/orchestrator.ts:1896:18)
    at C:/Users/chris/Dev/Projects/TheFantasyWorldSimulator/src/engine/__tests__/contracts/encounter-liveness.contract.test.ts:222:17
    at file:///C:/Users/chris/Dev/Projects/TheFantasyWorldSimulator/node_modules/@vitest/runner/dist/index.js:145:11
    at file:///C:/Users/chris/Dev/Projects/TheFantasyWorldSimulator/node_modules/@vitest/runner/dist/index.js:915:26
    at file:///C:/Users/chris/Dev/Projects/TheFantasyWorldSimulator/node_modules/@vitest/runner/dist/index.js:1243:20
    at new Promise (<anonymous>)
    at runWithTimeout (file:///C:/Users/chris/Dev/Projects/TheFantasyWorldSimulator/node_modules/@vitest/runner/dist/index.js:1209:10)
[Orchestrator] Tick crashed, returning previous state: Error: Trait not found: trait.reputation.power.renown
    at assignTrait (C:/Users/chris/Dev/Projects/TheFantasyWorldSimulator/src/engine/traits.ts:44:25)
    at syncReputationTrait (C:/Users/chris/Dev/Projects/TheFantasyWorldSimulator/src/engine/phaseReputationTraits.ts:297:5)
    at phaseReputationTraits (C:/Users/chris/Dev/Projects/TheFantasyWorldSimulator/src/engine/phaseReputationTraits.ts:273:7)
    at runTick (C:/Users/chris/Dev/Projects/TheFantasyWorldSimulator/src/engine/orchestrator.ts:1896:18)
    at C:/Users/chris/Dev/Projects/TheFantasyWorldSimulator/src/engine/__tests__/contracts/encounter-liveness.contract.test.ts:222:17
    at file:///C:/Users/chris/Dev/Projects/TheFantasyWorldSimulator/node_modules/@vitest/runner/dist/index.js:145:11
    at file:///C:/Users/chris/Dev/Projects/TheFantasyWorldSimulator/node_modules/@vitest/runner/dist/index.js:915:26
    at file:///C:/Users/chris/Dev/Projects/TheFantasyWorldSimulator/node_modules/@vitest/runner/dist/index.js:1243:20
    at new Promise (<anonymous>)
    at runWithTimeout (file:///C:/Users/chris/Dev/Projects/TheFantasyWorldSimulator/node_modules/@vitest/runner/dist/index.js:1209:10)
[Orchestrator] Tick crashed, returning previous state: Error: Trait not found: trait.reputation.power.renown
    at assignTrait (C:/Users/chris/Dev/Projects/TheFantasyWorldSimulator/src/engine/traits.ts:44:25)
    at syncReputationTrait (C:/Users/chris/Dev/Projects/TheFantasyWorldSimulator/src/engine/phaseReputationTraits.ts:297:5)
    at phaseReputationTraits (C:/Users/chris/Dev/Projects/TheFantasyWorldSimulator/src/engine/phaseReputationTraits.ts:273:7)
    at runTick (C:/Users/chris/Dev/Projects/TheFantasyWorldSimulator/src/engine/orchestrator.ts:1896:18)
    at C:/Users/chris/Dev/Projects/TheFantasyWorldSimulator/src/engine/__tests__/contracts/encounter-liveness.contract.test.ts:222:17
    at file:///C:/Users/chris/Dev/Projects/TheFantasyWorldSimulator/node_modules/@vitest/runner/dist/index.js:145:11
    at file:///C:/Users/chris/Dev/Projects/TheFantasyWorldSimulator/node_modules/@vitest/runner/dist/index.js:915:26
    at file:///C:/Users/chris/Dev/Projects/TheFantasyWorldSimulator/node_modules/@vitest/runner/dist/index.js:1243:20
    at new Promise (<anonymous>)
    at runWithTimeout (file:///C:/Users/chris/Dev/Projects/TheFantasyWorldSimulator/node_modules/@vitest/runner/dist/index.js:1209:10)
[Orchestrator] Tick crashed, returning previous state: Error: Trait not found: trait.reputation.power.renown
    at assignTrait (C:/Users/chris/Dev/Projects/TheFantasyWorldSimulator/src/engine/traits.ts:44:25)
    at syncReputationTrait (C:/Users/chris/Dev/Projects/TheFantasyWorldSimulator/src/engine/phaseReputationTraits.ts:297:5)
    at phaseReputationTraits (C:/Users/chris/Dev/Projects/TheFantasyWorldSimulator/src/engine/phaseReputationTraits.ts:273:7)
    at runTick (C:/Users/chris/Dev/Projects/TheFantasyWorldSimulator/src/engine/orchestrator.ts:1896:18)
    at C:/Users/chris/Dev/Projects/TheFantasyWorldSimulator/src/engine/__tests__/contracts/encounter-liveness.contract.test.ts:222:17
    at file:///C:/Users/chris/Dev/Projects/TheFantasyWorldSimulator/node_modules/@vitest/runner/dist/index.js:145:11
    at file:///C:/Users/chris/Dev/Projects/TheFantasyWorldSimulator/node_modules/@vitest/runner/dist/index.js:915:26
    at file:///C:/Users/chris/Dev/Projects/TheFantasyWorldSimulator/node_modules/@vitest/runner/dist/index.js:1243:20
    at new Promise (<anonymous>)
    at runWithTimeout (file:///C:/Users/chris/Dev/Projects/TheFantasyWorldSimulator/node_modules/@vitest/runner/dist/index.js:1209:10)
[Orchestrator] Tick crashed, returning previous state: Error: Trait not found: trait.reputation.power.renown
    at assignTrait (C:/Users/chris/Dev/Projects/TheFantasyWorldSimulator/src/engine/traits.ts:44:25)
    at syncReputationTrait (C:/Users/chris/Dev/Projects/TheFantasyWorldSimulator/src/engine/phaseReputationTraits.ts:297:5)
    at phaseReputationTraits (C:/Users/chris/Dev/Projects/TheFantasyWorldSimulator/src/engine/phaseReputationTraits.ts:273:7)
    at runTick (C:/Users/chris/Dev/Projects/TheFantasyWorldSimulator/src/engine/orchestrator.ts:1896:18)
    at C:/Users/chris/Dev/Projects/TheFantasyWorldSimulator/src/engine/__tests__/contracts/encounter-liveness.contract.test.ts:222:17
    at file:///C:/Users/chris/Dev/Projects/TheFantasyWorldSimulator/node_modules/@vitest/runner/dist/index.js:145:11
    at file:///C:/Users/chris/Dev/Projects/TheFantasyWorldSimulator/node_modules/@vitest/runner/dist/index.js:915:26
    at file:///C:/Users/chris/Dev/Projects/TheFantasyWorldSimulator/node_modules/@vitest/runner/dist/index.js:1243:20
    at new Promise (<anonymous>)
    at runWithTimeout (file:///C:/Users/chris/Dev/Projects/TheFantasyWorldSimulator/node_modules/@vitest/runner/dist/index.js:1209:10)
[Orchestrator] Tick crashed, returning previous state: Error: Trait not found: trait.reputation.power.renown
    at assignTrait (C:/Users/chris/Dev/Projects/TheFantasyWorldSimulator/src/engine/traits.ts:44:25)
    at syncReputationTrait (C:/Users/chris/Dev/Projects/TheFantasyWorldSimulator/src/engine/phaseReputationTraits.ts:297:5)
    at phaseReputationTraits (C:/Users/chris/Dev/Projects/TheFantasyWorldSimulator/src/engine/phaseReputationTraits.ts:273:7)
    at runTick (C:/Users/chris/Dev/Projects/TheFantasyWorldSimulator/src/engine/orchestrator.ts:1896:18)
    at C:/Users/chris/Dev/Projects/TheFantasyWorldSimulator/src/engine/__tests__/contracts/encounter-liveness.contract.test.ts:222:17
    at file:///C:/Users/chris/Dev/Projects/TheFantasyWorldSimulator/node_modules/@vitest/runner/dist/index.js:145:11
    at file:///C:/Users/chris/Dev/Projects/TheFantasyWorldSimulator/node_modules/@vitest/runner/dist/index.js:915:26
    at file:///C:/Users/chris/Dev/Projects/TheFantasyWorldSimulator/node_modules/@vitest/runner/dist/index.js:1243:20
    at new Promise (<anonymous>)
    at runWithTimeout (file:///C:/Users/chris/Dev/Projects/TheFantasyWorldSimulator/node_modules/@vitest/runner/dist/index.js:1209:10)
[Orchestrator] Tick crashed, returning previous state: Error: Trait not found: trait.reputation.power.renown
    at assignTrait (C:/Users/chris/Dev/Projects/TheFantasyWorldSimulator/src/engine/traits.ts:44:25)
    at syncReputationTrait (C:/Users/chris/Dev/Projects/TheFantasyWorldSimulator/src/engine/phaseReputationTraits.ts:297:5)
    at phaseReputationTraits (C:/Users/chris/Dev/Projects/TheFantasyWorldSimulator/src/engine/phaseReputationTraits.ts:273:7)
    at runTick (C:/Users/chris/Dev/Projects/TheFantasyWorldSimulator/src/engine/orchestrator.ts:1896:18)
    at C:/Users/chris/Dev/Projects/TheFantasyWorldSimulator/src/engine/__tests__/contracts/encounter-liveness.contract.test.ts:222:17
    at file:///C:/Users/chris/Dev/Projects/TheFantasyWorldSimulator/node_modules/@vitest/runner/dist/index.js:145:11
    at file:///C:/Users/chris/Dev/Projects/TheFantasyWorldSimulator/node_modules/@vitest/runner/dist/index.js:915:26
    at file:///C:/Users/chris/Dev/Projects/TheFantasyWorldSimulator/node_modules/@vitest/runner/dist/index.js:1243:20
    at new Promise (<anonymous>)
    at runWithTimeout (file:///C:/Users/chris/Dev/Projects/TheFantasyWorldSimulator/node_modules/@vitest/runner/dist/index.js:1209:10)
[Orchestrator] Tick crashed, returning previous state: Error: Trait not found: trait.reputation.power.renown
    at assignTrait (C:/Users/chris/Dev/Projects/TheFantasyWorldSimulator/src/engine/traits.ts:44:25)
    at syncReputationTrait (C:/Users/chris/Dev/Projects/TheFantasyWorldSimulator/src/engine/phaseReputationTraits.ts:297:5)
    at phaseReputationTraits (C:/Users/chris/Dev/Projects/TheFantasyWorldSimulator/src/engine/phaseReputationTraits.ts:273:7)
    at runTick (C:/Users/chris/Dev/Projects/TheFantasyWorldSimulator/src/engine/orchestrator.ts:1896:18)
    at C:/Users/chris/Dev/Projects/TheFantasyWorldSimulator/src/engine/__tests__/contracts/encounter-liveness.contract.test.ts:222:17
    at file:///C:/Users/chris/Dev/Projects/TheFantasyWorldSimulator/node_modules/@vitest/runner/dist/index.js:145:11
    at file:///C:/Users/chris/Dev/Projects/TheFantasyWorldSimulator/node_modules/@vitest/runner/dist/index.js:915:26
    at file:///C:/Users/chris/Dev/Projects/TheFantasyWorldSimulator/node_modules/@vitest/runner/dist/index.js:1243:20
    at new Promise (<anonymous>)
    at runWithTimeout (file:///C:/Users/chris/Dev/Projects/TheFantasyWorldSimulator/node_modules/@vitest/runner/dist/index.js:1209:10)
[Orchestrator] Tick crashed, returning previous state: Error: Trait not found: trait.reputation.power.renown
    at assignTrait (C:/Users/chris/Dev/Projects/TheFantasyWorldSimulator/src/engine/traits.ts:44:25)
    at syncReputationTrait (C:/Users/chris/Dev/Projects/TheFantasyWorldSimulator/src/engine/phaseReputationTraits.ts:297:5)
    at phaseReputationTraits (C:/Users/chris/Dev/Projects/TheFantasyWorldSimulator/src/engine/phaseReputationTraits.ts:273:7)
    at runTick (C:/Users/chris/Dev/Projects/TheFantasyWorldSimulator/src/engine/orchestrator.ts:1896:18)
    at C:/Users/chris/Dev/Projects/TheFantasyWorldSimulator/src/engine/__tests__/contracts/encounter-liveness.contract.test.ts:222:17
    at file:///C:/Users/chris/Dev/Projects/TheFantasyWorldSimulator/node_modules/@vitest/runner/dist/index.js:145:11
    at file:///C:/Users/chris/Dev/Projects/TheFantasyWorldSimulator/node_modules/@vitest/runner/dist/index.js:915:26
    at file:///C:/Users/chris/Dev/Projects/TheFantasyWorldSimulator/node_modules/@vitest/runner/dist/index.js:1243:20
    at new Promise (<anonymous>)
    at runWithTimeout (file:///C:/Users/chris/Dev/Projects/TheFantasyWorldSimulator/node_modules/@vitest/runner/dist/index.js:1209:10)
[Orchestrator] Tick crashed, returning previous state: Error: Trait not found: trait.reputation.power.renown
    at assignTrait (C:/Users/chris/Dev/Projects/TheFantasyWorldSimulator/src/engine/traits.ts:44:25)
    at syncReputationTrait (C:/Users/chris/Dev/Projects/TheFantasyWorldSimulator/src/engine/phaseReputationTraits.ts:297:5)
    at phaseReputationTraits (C:/Users/chris/Dev/Projects/TheFantasyWorldSimulator/src/engine/phaseReputationTraits.ts:273:7)
    at runTick (C:/Users/chris/Dev/Projects/TheFantasyWorldSimulator/src/engine/orchestrator.ts:1896:18)
    at C:/Users/chris/Dev/Projects/TheFantasyWorldSimulator/src/engine/__tests__/contracts/encounter-liveness.contract.test.ts:222:17
    at file:///C:/Users/chris/Dev/Projects/TheFantasyWorldSimulator/node_modules/@vitest/runner/dist/index.js:145:11
    at file:///C:/Users/chris/Dev/Projects/TheFantasyWorldSimulator/node_modules/@vitest/runner/dist/index.js:915:26
    at file:///C:/Users/chris/Dev/Projects/TheFantasyWorldSimulator/node_modules/@vitest/runner/dist/index.js:1243:20
    at new Promise (<anonymous>)
    at runWithTimeout (file:///C:/Users/chris/Dev/Projects/TheFantasyWorldSimulator/node_modules/@vitest/runner/dist/index.js:1209:10)
[Orchestrator] Tick crashed, returning previous state: Error: Trait not found: trait.reputation.power.renown
    at assignTrait (C:/Users/chris/Dev/Projects/TheFantasyWorldSimulator/src/engine/traits.ts:44:25)
    at syncReputationTrait (C:/Users/chris/Dev/Projects/TheFantasyWorldSimulator/src/engine/phaseReputationTraits.ts:297:5)
    at phaseReputationTraits (C:/Users/chris/Dev/Projects/TheFantasyWorldSimulator/src/engine/phaseReputationTraits.ts:273:7)
    at runTick (C:/Users/chris/Dev/Projects/TheFantasyWorldSimulator/src/engine/orchestrator.ts:1896:18)
    at C:/Users/chris/Dev/Projects/TheFantasyWorldSimulator/src/engine/__tests__/contracts/encounter-liveness.contract.test.ts:222:17
    at file:///C:/Users/chris/Dev/Projects/TheFantasyWorldSimulator/node_modules/@vitest/runner/dist/index.js:145:11
    at file:///C:/Users/chris/Dev/Projects/TheFantasyWorldSimulator/node_modules/@vitest/runner/dist/index.js:915:26
    at file:///C:/Users/chris/Dev/Projects/TheFantasyWorldSimulator/node_modules/@vitest/runner/dist/index.js:1243:20
    at new Promise (<anonymous>)
    at runWithTimeout (file:///C:/Users/chris/Dev/Projects/TheFantasyWorldSimulator/node_modules/@vitest/runner/dist/index.js:1209:10)
[Orchestrator] Tick crashed, returning previous state: Error: Trait not found: trait.reputation.power.renown
    at assignTrait (C:/Users/chris/Dev/Projects/TheFantasyWorldSimulator/src/engine/traits.ts:44:25)
    at syncReputationTrait (C:/Users/chris/Dev/Projects/TheFantasyWorldSimulator/src/engine/phaseReputationTraits.ts:297:5)
    at phaseReputationTraits (C:/Users/chris/Dev/Projects/TheFantasyWorldSimulator/src/engine/phaseReputationTraits.ts:273:7)
    at runTick (C:/Users/chris/Dev/Projects/TheFantasyWorldSimulator/src/engine/orchestrator.ts:1896:18)
    at C:/Users/chris/Dev/Projects/TheFantasyWorldSimulator/src/engine/__tests__/contracts/encounter-liveness.contract.test.ts:222:17
    at file:///C:/Users/chris/Dev/Projects/TheFantasyWorldSimulator/node_modules/@vitest/runner/dist/index.js:145:11
    at file:///C:/Users/chris/Dev/Projects/TheFantasyWorldSimulator/node_modules/@vitest/runner/dist/index.js:915:26
    at file:///C:/Users/chris/Dev/Projects/TheFantasyWorldSimulator/node_modules/@vitest/runner/dist/index.js:1243:20
    at new Promise (<anonymous>)
    at runWithTimeout (file:///C:/Users/chris/Dev/Projects/TheFantasyWorldSimulator/node_modules/@vitest/runner/dist/index.js:1209:10)
[Orchestrator] Tick crashed, returning previous state: Error: Trait not found: trait.reputation.power.renown
    at assignTrait (C:/Users/chris/Dev/Projects/TheFantasyWorldSimulator/src/engine/traits.ts:44:25)
    at syncReputationTrait (C:/Users/chris/Dev/Projects/TheFantasyWorldSimulator/src/engine/phaseReputationTraits.ts:297:5)
    at phaseReputationTraits (C:/Users/chris/Dev/Projects/TheFantasyWorldSimulator/src/engine/phaseReputationTraits.ts:273:7)
    at runTick (C:/Users/chris/Dev/Projects/TheFantasyWorldSimulator/src/engine/orchestrator.ts:1896:18)
    at C:/Users/chris/Dev/Projects/TheFantasyWorldSimulator/src/engine/__tests__/contracts/encounter-liveness.contract.test.ts:222:17
    at file:///C:/Users/chris/Dev/Projects/TheFantasyWorldSimulator/node_modules/@vitest/runner/dist/index.js:145:11
    at file:///C:/Users/chris/Dev/Projects/TheFantasyWorldSimulator/node_modules/@vitest/runner/dist/index.js:915:26
    at file:///C:/Users/chris/Dev/Projects/TheFantasyWorldSimulator/node_modules/@vitest/runner/dist/index.js:1243:20
    at new Promise (<anonymous>)
    at runWithTimeout (file:///C:/Users/chris/Dev/Projects/TheFantasyWorldSimulator/node_modules/@vitest/runner/dist/index.js:1209:10)
[Orchestrator] Tick crashed, returning previous state: Error: Trait not found: trait.reputation.power.renown
    at assignTrait (C:/Users/chris/Dev/Projects/TheFantasyWorldSimulator/src/engine/traits.ts:44:25)
    at syncReputationTrait (C:/Users/chris/Dev/Projects/TheFantasyWorldSimulator/src/engine/phaseReputationTraits.ts:297:5)
    at phaseReputationTraits (C:/Users/chris/Dev/Projects/TheFantasyWorldSimulator/src/engine/phaseReputationTraits.ts:273:7)
    at runTick (C:/Users/chris/Dev/Projects/TheFantasyWorldSimulator/src/engine/orchestrator.ts:1896:18)
    at C:/Users/chris/Dev/Projects/TheFantasyWorldSimulator/src/engine/__tests__/contracts/encounter-liveness.contract.test.ts:222:17
    at file:///C:/Users/chris/Dev/Projects/TheFantasyWorldSimulator/node_modules/@vitest/runner/dist/index.js:145:11
    at file:///C:/Users/chris/Dev/Projects/TheFantasyWorldSimulator/node_modules/@vitest/runner/dist/index.js:915:26
    at file:///C:/Users/chris/Dev/Projects/TheFantasyWorldSimulator/node_modules/@vitest/runner/dist/index.js:1243:20
    at new Promise (<anonymous>)
    at runWithTimeout (file:///C:/Users/chris/Dev/Projects/TheFantasyWorldSimulator/node_modules/@vitest/runner/dist/index.js:1209:10)
[Orchestrator] Tick crashed, returning previous state: Error: Trait not found: trait.reputation.power.renown
    at assignTrait (C:/Users/chris/Dev/Projects/TheFantasyWorldSimulator/src/engine/traits.ts:44:25)
    at syncReputationTrait (C:/Users/chris/Dev/Projects/TheFantasyWorldSimulator/src/engine/phaseReputationTraits.ts:297:5)
    at phaseReputationTraits (C:/Users/chris/Dev/Projects/TheFantasyWorldSimulator/src/engine/phaseReputationTraits.ts:273:7)
    at runTick (C:/Users/chris/Dev/Projects/TheFantasyWorldSimulator/src/engine/orchestrator.ts:1896:18)
    at C:/Users/chris/Dev/Projects/TheFantasyWorldSimulator/src/engine/__tests__/contracts/encounter-liveness.contract.test.ts:222:17
    at file:///C:/Users/chris/Dev/Projects/TheFantasyWorldSimulator/node_modules/@vitest/runner/dist/index.js:145:11
    at file:///C:/Users/chris/Dev/Projects/TheFantasyWorldSimulator/node_modules/@vitest/runner/dist/index.js:915:26
    at file:///C:/Users/chris/Dev/Projects/TheFantasyWorldSimulator/node_modules/@vitest/runner/dist/index.js:1243:20
    at new Promise (<anonymous>)
    at runWithTimeout (file:///C:/Users/chris/Dev/Projects/TheFantasyWorldSimulator/node_modules/@vitest/runner/dist/index.js:1209:10)
[Orchestrator] Tick crashed, returning previous state: Error: Trait not found: trait.reputation.power.renown
    at assignTrait (C:/Users/chris/Dev/Projects/TheFantasyWorldSimulator/src/engine/traits.ts:44:25)
    at syncReputationTrait (C:/Users/chris/Dev/Projects/TheFantasyWorldSimulator/src/engine/phaseReputationTraits.ts:297:5)
    at phaseReputationTraits (C:/Users/chris/Dev/Projects/TheFantasyWorldSimulator/src/engine/phaseReputationTraits.ts:273:7)
    at runTick (C:/Users/chris/Dev/Projects/TheFantasyWorldSimulator/src/engine/orchestrator.ts:1896:18)
    at C:/Users/chris/Dev/Projects/TheFantasyWorldSimulator/src/engine/__tests__/contracts/encounter-liveness.contract.test.ts:222:17
    at file:///C:/Users/chris/Dev/Projects/TheFantasyWorldSimulator/node_modules/@vitest/runner/dist/index.js:145:11
    at file:///C:/Users/chris/Dev/Projects/TheFantasyWorldSimulator/node_modules/@vitest/runner/dist/index.js:915:26
    at file:///C:/Users/chris/Dev/Projects/TheFantasyWorldSimulator/node_modules/@vitest/runner/dist/index.js:1243:20
    at new Promise (<anonymous>)
    at runWithTimeout (file:///C:/Users/chris/Dev/Projects/TheFantasyWorldSimulator/node_modules/@vitest/runner/dist/index.js:1209:10)
[Orchestrator] Tick crashed, returning previous state: Error: Trait not found: trait.reputation.power.renown
    at assignTrait (C:/Users/chris/Dev/Projects/TheFantasyWorldSimulator/src/engine/traits.ts:44:25)
    at syncReputationTrait (C:/Users/chris/Dev/Projects/TheFantasyWorldSimulator/src/engine/phaseReputationTraits.ts:297:5)
    at phaseReputationTraits (C:/Users/chris/Dev/Projects/TheFantasyWorldSimulator/src/engine/phaseReputationTraits.ts:273:7)
    at runTick (C:/Users/chris/Dev/Projects/TheFantasyWorldSimulator/src/engine/orchestrator.ts:1896:18)
    at C:/Users/chris/Dev/Projects/TheFantasyWorldSimulator/src/engine/__tests__/contracts/encounter-liveness.contract.test.ts:222:17
    at file:///C:/Users/chris/Dev/Projects/TheFantasyWorldSimulator/node_modules/@vitest/runner/dist/index.js:145:11
    at file:///C:/Users/chris/Dev/Projects/TheFantasyWorldSimulator/node_modules/@vitest/runner/dist/index.js:915:26
    at file:///C:/Users/chris/Dev/Projects/TheFantasyWorldSimulator/node_modules/@vitest/runner/dist/index.js:1243:20
    at new Promise (<anonymous>)
    at runWithTimeout (file:///C:/Users/chris/Dev/Projects/TheFantasyWorldSimulator/node_modules/@vitest/runner/dist/index.js:1209:10)
[Orchestrator] Tick crashed, returning previous state: Error: Trait not found: trait.reputation.power.renown
    at assignTrait (C:/Users/chris/Dev/Projects/TheFantasyWorldSimulator/src/engine/traits.ts:44:25)
    at syncReputationTrait (C:/Users/chris/Dev/Projects/TheFantasyWorldSimulator/src/engine/phaseReputationTraits.ts:297:5)
    at phaseReputationTraits (C:/Users/chris/Dev/Projects/TheFantasyWorldSimulator/src/engine/phaseReputationTraits.ts:273:7)
    at runTick (C:/Users/chris/Dev/Projects/TheFantasyWorldSimulator/src/engine/orchestrator.ts:1896:18)
    at C:/Users/chris/Dev/Projects/TheFantasyWorldSimulator/src/engine/__tests__/contracts/encounter-liveness.contract.test.ts:222:17
    at file:///C:/Users/chris/Dev/Projects/TheFantasyWorldSimulator/node_modules/@vitest/runner/dist/index.js:145:11
    at file:///C:/Users/chris/Dev/Projects/TheFantasyWorldSimulator/node_modules/@vitest/runner/dist/index.js:915:26
    at file:///C:/Users/chris/Dev/Projects/TheFantasyWorldSimulator/node_modules/@vitest/runner/dist/index.js:1243:20
    at new Promise (<anonymous>)
    at runWithTimeout (file:///C:/Users/chris/Dev/Projects/TheFantasyWorldSimulator/node_modules/@vitest/runner/dist/index.js:1209:10)
[Orchestrator] Tick crashed, returning previous state: Error: Trait not found: trait.reputation.power.renown
    at assignTrait (C:/Users/chris/Dev/Projects/TheFantasyWorldSimulator/src/engine/traits.ts:44:25)
    at syncReputationTrait (C:/Users/chris/Dev/Projects/TheFantasyWorldSimulator/src/engine/phaseReputationTraits.ts:297:5)
    at phaseReputationTraits (C:/Users/chris/Dev/Projects/TheFantasyWorldSimulator/src/engine/phaseReputationTraits.ts:273:7)
    at runTick (C:/Users/chris/Dev/Projects/TheFantasyWorldSimulator/src/engine/orchestrator.ts:1896:18)
    at C:/Users/chris/Dev/Projects/TheFantasyWorldSimulator/src/engine/__tests__/contracts/encounter-liveness.contract.test.ts:222:17
    at file:///C:/Users/chris/Dev/Projects/TheFantasyWorldSimulator/node_modules/@vitest/runner/dist/index.js:145:11
    at file:///C:/Users/chris/Dev/Projects/TheFantasyWorldSimulator/node_modules/@vitest/runner/dist/index.js:915:26
    at file:///C:/Users/chris/Dev/Projects/TheFantasyWorldSimulator/node_modules/@vitest/runner/dist/index.js:1243:20
    at new Promise (<anonymous>)
    at runWithTimeout (file:///C:/Users/chris/Dev/Projects/TheFantasyWorldSimulator/node_modules/@vitest/runner/dist/index.js:1209:10)
[Orchestrator] Tick crashed, returning previous state: Error: Trait not found: trait.reputation.power.renown
    at assignTrait (C:/Users/chris/Dev/Projects/TheFantasyWorldSimulator/src/engine/traits.ts:44:25)
    at syncReputationTrait (C:/Users/chris/Dev/Projects/TheFantasyWorldSimulator/src/engine/phaseReputationTraits.ts:297:5)
    at phaseReputationTraits (C:/Users/chris/Dev/Projects/TheFantasyWorldSimulator/src/engine/phaseReputationTraits.ts:273:7)
    at runTick (C:/Users/chris/Dev/Projects/TheFantasyWorldSimulator/src/engine/orchestrator.ts:1896:18)
    at C:/Users/chris/Dev/Projects/TheFantasyWorldSimulator/src/engine/__tests__/contracts/encounter-liveness.contract.test.ts:222:17
    at file:///C:/Users/chris/Dev/Projects/TheFantasyWorldSimulator/node_modules/@vitest/runner/dist/index.js:145:11
    at file:///C:/Users/chris/Dev/Projects/TheFantasyWorldSimulator/node_modules/@vitest/runner/dist/index.js:915:26
    at file:///C:/Users/chris/Dev/Projects/TheFantasyWorldSimulator/node_modules/@vitest/runner/dist/index.js:1243:20
    at new Promise (<anonymous>)
    at runWithTimeout (file:///C:/Users/chris/Dev/Projects/TheFantasyWorldSimulator/node_modules/@vitest/runner/dist/index.js:1209:10)
[Orchestrator] Tick crashed, returning previous state: Error: Trait not found: trait.reputation.power.renown
    at assignTrait (C:/Users/chris/Dev/Projects/TheFantasyWorldSimulator/src/engine/traits.ts:44:25)
    at syncReputationTrait (C:/Users/chris/Dev/Projects/TheFantasyWorldSimulator/src/engine/phaseReputationTraits.ts:297:5)
    at phaseReputationTraits (C:/Users/chris/Dev/Projects/TheFantasyWorldSimulator/src/engine/phaseReputationTraits.ts:273:7)
    at runTick (C:/Users/chris/Dev/Projects/TheFantasyWorldSimulator/src/engine/orchestrator.ts:1896:18)
    at C:/Users/chris/Dev/Projects/TheFantasyWorldSimulator/src/engine/__tests__/contracts/encounter-liveness.contract.test.ts:222:17
    at file:///C:/Users/chris/Dev/Projects/TheFantasyWorldSimulator/node_modules/@vitest/runner/dist/index.js:145:11
    at file:///C:/Users/chris/Dev/Projects/TheFantasyWorldSimulator/node_modules/@vitest/runner/dist/index.js:915:26
    at file:///C:/Users/chris/Dev/Projects/TheFantasyWorldSimulator/node_modules/@vitest/runner/dist/index.js:1243:20
    at new Promise (<anonymous>)
    at runWithTimeout (file:///C:/Users/chris/Dev/Projects/TheFantasyWorldSimulator/node_modules/@vitest/runner/dist/index.js:1209:10)
[Orchestrator] Tick crashed, returning previous state: Error: Trait not found: trait.reputation.power.renown
    at assignTrait (C:/Users/chris/Dev/Projects/TheFantasyWorldSimulator/src/engine/traits.ts:44:25)
    at syncReputationTrait (C:/Users/chris/Dev/Projects/TheFantasyWorldSimulator/src/engine/phaseReputationTraits.ts:297:5)
    at phaseReputationTraits (C:/Users/chris/Dev/Projects/TheFantasyWorldSimulator/src/engine/phaseReputationTraits.ts:273:7)
    at runTick (C:/Users/chris/Dev/Projects/TheFantasyWorldSimulator/src/engine/orchestrator.ts:1896:18)
    at C:/Users/chris/Dev/Projects/TheFantasyWorldSimulator/src/engine/__tests__/contracts/encounter-liveness.contract.test.ts:222:17
    at file:///C:/Users/chris/Dev/Projects/TheFantasyWorldSimulator/node_modules/@vitest/runner/dist/index.js:145:11
    at file:///C:/Users/chris/Dev/Projects/TheFantasyWorldSimulator/node_modules/@vitest/runner/dist/index.js:915:26
    at file:///C:/Users/chris/Dev/Projects/TheFantasyWorldSimulator/node_modules/@vitest/runner/dist/index.js:1243:20
    at new Promise (<anonymous>)
    at runWithTimeout (file:///C:/Users/chris/Dev/Projects/TheFantasyWorldSimulator/node_modules/@vitest/runner/dist/index.js:1209:10)
[Orchestrator] Tick crashed, returning previous state: Error: Trait not found: trait.reputation.power.renown
    at assignTrait (C:/Users/chris/Dev/Projects/TheFantasyWorldSimulator/src/engine/traits.ts:44:25)
    at syncReputationTrait (C:/Users/chris/Dev/Projects/TheFantasyWorldSimulator/src/engine/phaseReputationTraits.ts:297:5)
    at phaseReputationTraits (C:/Users/chris/Dev/Projects/TheFantasyWorldSimulator/src/engine/phaseReputationTraits.ts:273:7)
    at runTick (C:/Users/chris/Dev/Projects/TheFantasyWorldSimulator/src/engine/orchestrator.ts:1896:18)
    at C:/Users/chris/Dev/Projects/TheFantasyWorldSimulator/src/engine/__tests__/contracts/encounter-liveness.contract.test.ts:222:17
    at file:///C:/Users/chris/Dev/Projects/TheFantasyWorldSimulator/node_modules/@vitest/runner/dist/index.js:145:11
    at file:///C:/Users/chris/Dev/Projects/TheFantasyWorldSimulator/node_modules/@vitest/runner/dist/index.js:915:26
    at file:///C:/Users/chris/Dev/Projects/TheFantasyWorldSimulator/node_modules/@vitest/runner/dist/index.js:1243:20
    at new Promise (<anonymous>)
    at runWithTimeout (file:///C:/Users/chris/Dev/Projects/TheFantasyWorldSimulator/node_modules/@vitest/runner/dist/index.js:1209:10)
[Orchestrator] Tick crashed, returning previous state: Error: Trait not found: trait.reputation.power.renown
    at assignTrait (C:/Users/chris/Dev/Projects/TheFantasyWorldSimulator/src/engine/traits.ts:44:25)
    at syncReputationTrait (C:/Users/chris/Dev/Projects/TheFantasyWorldSimulator/src/engine/phaseReputationTraits.ts:297:5)
    at phaseReputationTraits (C:/Users/chris/Dev/Projects/TheFantasyWorldSimulator/src/engine/phaseReputationTraits.ts:273:7)
    at runTick (C:/Users/chris/Dev/Projects/TheFantasyWorldSimulator/src/engine/orchestrator.ts:1896:18)
    at C:/Users/chris/Dev/Projects/TheFantasyWorldSimulator/src/engine/__tests__/contracts/encounter-liveness.contract.test.ts:222:17
    at file:///C:/Users/chris/Dev/Projects/TheFantasyWorldSimulator/node_modules/@vitest/runner/dist/index.js:145:11
    at file:///C:/Users/chris/Dev/Projects/TheFantasyWorldSimulator/node_modules/@vitest/runner/dist/index.js:915:26
    at file:///C:/Users/chris/Dev/Projects/TheFantasyWorldSimulator/node_modules/@vitest/runner/dist/index.js:1243:20
    at new Promise (<anonymous>)
    at runWithTimeout (file:///C:/Users/chris/Dev/Projects/TheFantasyWorldSimulator/node_modules/@vitest/runner/dist/index.js:1209:10)
[Orchestrator] Tick crashed, returning previous state: Error: Trait not found: trait.reputation.power.renown
    at assignTrait (C:/Users/chris/Dev/Projects/TheFantasyWorldSimulator/src/engine/traits.ts:44:25)
    at syncReputationTrait (C:/Users/chris/Dev/Projects/TheFantasyWorldSimulator/src/engine/phaseReputationTraits.ts:297:5)
    at phaseReputationTraits (C:/Users/chris/Dev/Projects/TheFantasyWorldSimulator/src/engine/phaseReputationTraits.ts:273:7)
    at runTick (C:/Users/chris/Dev/Projects/TheFantasyWorldSimulator/src/engine/orchestrator.ts:1896:18)
    at C:/Users/chris/Dev/Projects/TheFantasyWorldSimulator/src/engine/__tests__/contracts/encounter-liveness.contract.test.ts:222:17
    at file:///C:/Users/chris/Dev/Projects/TheFantasyWorldSimulator/node_modules/@vitest/runner/dist/index.js:145:11
    at file:///C:/Users/chris/Dev/Projects/TheFantasyWorldSimulator/node_modules/@vitest/runner/dist/index.js:915:26
    at file:///C:/Users/chris/Dev/Projects/TheFantasyWorldSimulator/node_modules/@vitest/runner/dist/index.js:1243:20
    at new Promise (<anonymous>)
    at runWithTimeout (file:///C:/Users/chris/Dev/Projects/TheFantasyWorldSimulator/node_modules/@vitest/runner/dist/index.js:1209:10)
[Orchestrator] Tick crashed, returning previous state: Error: Trait not found: trait.reputation.power.renown
    at assignTrait (C:/Users/chris/Dev/Projects/TheFantasyWorldSimulator/src/engine/traits.ts:44:25)
    at syncReputationTrait (C:/Users/chris/Dev/Projects/TheFantasyWorldSimulator/src/engine/phaseReputationTraits.ts:297:5)
    at phaseReputationTraits (C:/Users/chris/Dev/Projects/TheFantasyWorldSimulator/src/engine/phaseReputationTraits.ts:273:7)
    at runTick (C:/Users/chris/Dev/Projects/TheFantasyWorldSimulator/src/engine/orchestrator.ts:1896:18)
    at C:/Users/chris/Dev/Projects/TheFantasyWorldSimulator/src/engine/__tests__/contracts/encounter-liveness.contract.test.ts:222:17
    at file:///C:/Users/chris/Dev/Projects/TheFantasyWorldSimulator/node_modules/@vitest/runner/dist/index.js:145:11
    at file:///C:/Users/chris/Dev/Projects/TheFantasyWorldSimulator/node_modules/@vitest/runner/dist/index.js:915:26
    at file:///C:/Users/chris/Dev/Projects/TheFantasyWorldSimulator/node_modules/@vitest/runner/dist/index.js:1243:20
    at new Promise (<anonymous>)
    at runWithTimeout (file:///C:/Users/chris/Dev/Projects/TheFantasyWorldSimulator/node_modules/@vitest/runner/dist/index.js:1209:10)
[Orchestrator] Tick crashed, returning previous state: Error: Trait not found: trait.reputation.power.renown
    at assignTrait (C:/Users/chris/Dev/Projects/TheFantasyWorldSimulator/src/engine/traits.ts:44:25)
    at syncReputationTrait (C:/Users/chris/Dev/Projects/TheFantasyWorldSimulator/src/engine/phaseReputationTraits.ts:297:5)
    at phaseReputationTraits (C:/Users/chris/Dev/Projects/TheFantasyWorldSimulator/src/engine/phaseReputationTraits.ts:273:7)
    at runTick (C:/Users/chris/Dev/Projects/TheFantasyWorldSimulator/src/engine/orchestrator.ts:1896:18)
    at C:/Users/chris/Dev/Projects/TheFantasyWorldSimulator/src/engine/__tests__/contracts/encounter-liveness.contract.test.ts:222:17
    at file:///C:/Users/chris/Dev/Projects/TheFantasyWorldSimulator/node_modules/@vitest/runner/dist/index.js:145:11
    at file:///C:/Users/chris/Dev/Projects/TheFantasyWorldSimulator/node_modules/@vitest/runner/dist/index.js:915:26
    at file:///C:/Users/chris/Dev/Projects/TheFantasyWorldSimulator/node_modules/@vitest/runner/dist/index.js:1243:20
    at new Promise (<anonymous>)
    at runWithTimeout (file:///C:/Users/chris/Dev/Projects/TheFantasyWorldSimulator/node_modules/@vitest/runner/dist/index.js:1209:10)
[Orchestrator] Tick crashed, returning previous state: Error: Trait not found: trait.reputation.power.renown
    at assignTrait (C:/Users/chris/Dev/Projects/TheFantasyWorldSimulator/src/engine/traits.ts:44:25)
    at syncReputationTrait (C:/Users/chris/Dev/Projects/TheFantasyWorldSimulator/src/engine/phaseReputationTraits.ts:297:5)
    at phaseReputationTraits (C:/Users/chris/Dev/Projects/TheFantasyWorldSimulator/src/engine/phaseReputationTraits.ts:273:7)
    at runTick (C:/Users/chris/Dev/Projects/TheFantasyWorldSimulator/src/engine/orchestrator.ts:1896:18)
    at C:/Users/chris/Dev/Projects/TheFantasyWorldSimulator/src/engine/__tests__/contracts/encounter-liveness.contract.test.ts:222:17
    at file:///C:/Users/chris/Dev/Projects/TheFantasyWorldSimulator/node_modules/@vitest/runner/dist/index.js:145:11
    at file:///C:/Users/chris/Dev/Projects/TheFantasyWorldSimulator/node_modules/@vitest/runner/dist/index.js:915:26
    at file:///C:/Users/chris/Dev/Projects/TheFantasyWorldSimulator/node_modules/@vitest/runner/dist/index.js:1243:20
    at new Promise (<anonymous>)
    at runWithTimeout (file:///C:/Users/chris/Dev/Projects/TheFantasyWorldSimulator/node_modules/@vitest/runner/dist/index.js:1209:10)
[Orchestrator] Tick crashed, returning previous state: Error: Trait not found: trait.reputation.power.renown
    at assignTrait (C:/Users/chris/Dev/Projects/TheFantasyWorldSimulator/src/engine/traits.ts:44:25)
    at syncReputationTrait (C:/Users/chris/Dev/Projects/TheFantasyWorldSimulator/src/engine/phaseReputationTraits.ts:297:5)
    at phaseReputationTraits (C:/Users/chris/Dev/Projects/TheFantasyWorldSimulator/src/engine/phaseReputationTraits.ts:273:7)
    at runTick (C:/Users/chris/Dev/Projects/TheFantasyWorldSimulator/src/engine/orchestrator.ts:1896:18)
    at C:/Users/chris/Dev/Projects/TheFantasyWorldSimulator/src/engine/__tests__/contracts/encounter-liveness.contract.test.ts:222:17
    at file:///C:/Users/chris/Dev/Projects/TheFantasyWorldSimulator/node_modules/@vitest/runner/dist/index.js:145:11
    at file:///C:/Users/chris/Dev/Projects/TheFantasyWorldSimulator/node_modules/@vitest/runner/dist/index.js:915:26
    at file:///C:/Users/chris/Dev/Projects/TheFantasyWorldSimulator/node_modules/@vitest/runner/dist/index.js:1243:20
    at new Promise (<anonymous>)
    at runWithTimeout (file:///C:/Users/chris/Dev/Projects/TheFantasyWorldSimulator/node_modules/@vitest/runner/dist/index.js:1209:10)
[Orchestrator] Tick crashed, returning previous state: Error: Trait not found: trait.reputation.power.renown
    at assignTrait (C:/Users/chris/Dev/Projects/TheFantasyWorldSimulator/src/engine/traits.ts:44:25)
    at syncReputationTrait (C:/Users/chris/Dev/Projects/TheFantasyWorldSimulator/src/engine/phaseReputationTraits.ts:297:5)
    at phaseReputationTraits (C:/Users/chris/Dev/Projects/TheFantasyWorldSimulator/src/engine/phaseReputationTraits.ts:273:7)
    at runTick (C:/Users/chris/Dev/Projects/TheFantasyWorldSimulator/src/engine/orchestrator.ts:1896:18)
    at C:/Users/chris/Dev/Projects/TheFantasyWorldSimulator/src/engine/__tests__/contracts/encounter-liveness.contract.test.ts:222:17
    at file:///C:/Users/chris/Dev/Projects/TheFantasyWorldSimulator/node_modules/@vitest/runner/dist/index.js:145:11
    at file:///C:/Users/chris/Dev/Projects/TheFantasyWorldSimulator/node_modules/@vitest/runner/dist/index.js:915:26
    at file:///C:/Users/chris/Dev/Projects/TheFantasyWorldSimulator/node_modules/@vitest/runner/dist/index.js:1243:20
    at new Promise (<anonymous>)
    at runWithTimeout (file:///C:/Users/chris/Dev/Projects/TheFantasyWorldSimulator/node_modules/@vitest/runner/dist/index.js:1209:10)
[Orchestrator] Tick crashed, returning previous state: Error: Trait not found: trait.reputation.power.renown
    at assignTrait (C:/Users/chris/Dev/Projects/TheFantasyWorldSimulator/src/engine/traits.ts:44:25)
    at syncReputationTrait (C:/Users/chris/Dev/Projects/TheFantasyWorldSimulator/src/engine/phaseReputationTraits.ts:297:5)
    at phaseReputationTraits (C:/Users/chris/Dev/Projects/TheFantasyWorldSimulator/src/engine/phaseReputationTraits.ts:273:7)
    at runTick (C:/Users/chris/Dev/Projects/TheFantasyWorldSimulator/src/engine/orchestrator.ts:1896:18)
    at C:/Users/chris/Dev/Projects/TheFantasyWorldSimulator/src/engine/__tests__/contracts/encounter-liveness.contract.test.ts:222:17
    at file:///C:/Users/chris/Dev/Projects/TheFantasyWorldSimulator/node_modules/@vitest/runner/dist/index.js:145:11
    at file:///C:/Users/chris/Dev/Projects/TheFantasyWorldSimulator/node_modules/@vitest/runner/dist/index.js:915:26
    at file:///C:/Users/chris/Dev/Projects/TheFantasyWorldSimulator/node_modules/@vitest/runner/dist/index.js:1243:20
    at new Promise (<anonymous>)
    at runWithTimeout (file:///C:/Users/chris/Dev/Projects/TheFantasyWorldSimulator/node_modules/@vitest/runner/dist/index.js:1209:10)
[Orchestrator] Tick crashed, returning previous state: Error: Trait not found: trait.reputation.power.renown
    at assignTrait (C:/Users/chris/Dev/Projects/TheFantasyWorldSimulator/src/engine/traits.ts:44:25)
    at syncReputationTrait (C:/Users/chris/Dev/Projects/TheFantasyWorldSimulator/src/engine/phaseReputationTraits.ts:297:5)
    at phaseReputationTraits (C:/Users/chris/Dev/Projects/TheFantasyWorldSimulator/src/engine/phaseReputationTraits.ts:273:7)
    at runTick (C:/Users/chris/Dev/Projects/TheFantasyWorldSimulator/src/engine/orchestrator.ts:1896:18)
    at C:/Users/chris/Dev/Projects/TheFantasyWorldSimulator/src/engine/__tests__/contracts/encounter-liveness.contract.test.ts:222:17
    at file:///C:/Users/chris/Dev/Projects/TheFantasyWorldSimulator/node_modules/@vitest/runner/dist/index.js:145:11
    at file:///C:/Users/chris/Dev/Projects/TheFantasyWorldSimulator/node_modules/@vitest/runner/dist/index.js:915:26
    at file:///C:/Users/chris/Dev/Projects/TheFantasyWorldSimulator/node_modules/@vitest/runner/dist/index.js:1243:20
    at new Promise (<anonymous>)
    at runWithTimeout (file:///C:/Users/chris/Dev/Projects/TheFantasyWorldSimulator/node_modules/@vitest/runner/dist/index.js:1209:10)
[Orchestrator] Tick crashed, returning previous state: Error: Trait not found: trait.reputation.power.renown
    at assignTrait (C:/Users/chris/Dev/Projects/TheFantasyWorldSimulator/src/engine/traits.ts:44:25)
    at syncReputationTrait (C:/Users/chris/Dev/Projects/TheFantasyWorldSimulator/src/engine/phaseReputationTraits.ts:297:5)
    at phaseReputationTraits (C:/Users/chris/Dev/Projects/TheFantasyWorldSimulator/src/engine/phaseReputationTraits.ts:273:7)
    at runTick (C:/Users/chris/Dev/Projects/TheFantasyWorldSimulator/src/engine/orchestrator.ts:1896:18)
    at C:/Users/chris/Dev/Projects/TheFantasyWorldSimulator/src/engine/__tests__/contracts/encounter-liveness.contract.test.ts:222:17
    at file:///C:/Users/chris/Dev/Projects/TheFantasyWorldSimulator/node_modules/@vitest/runner/dist/index.js:145:11
    at file:///C:/Users/chris/Dev/Projects/TheFantasyWorldSimulator/node_modules/@vitest/runner/dist/index.js:915:26
    at file:///C:/Users/chris/Dev/Projects/TheFantasyWorldSimulator/node_modules/@vitest/runner/dist/index.js:1243:20
    at new Promise (<anonymous>)
    at runWithTimeout (file:///C:/Users/chris/Dev/Projects/TheFantasyWorldSimulator/node_modules/@vitest/runner/dist/index.js:1209:10)
[Orchestrator] Tick crashed, returning previous state: Error: Trait not found: trait.reputation.power.renown
    at assignTrait (C:/Users/chris/Dev/Projects/TheFantasyWorldSimulator/src/engine/traits.ts:44:25)
    at syncReputationTrait (C:/Users/chris/Dev/Projects/TheFantasyWorldSimulator/src/engine/phaseReputationTraits.ts:297:5)
    at phaseReputationTraits (C:/Users/chris/Dev/Projects/TheFantasyWorldSimulator/src/engine/phaseReputationTraits.ts:273:7)
    at runTick (C:/Users/chris/Dev/Projects/TheFantasyWorldSimulator/src/engine/orchestrator.ts:1896:18)
    at C:/Users/chris/Dev/Projects/TheFantasyWorldSimulator/src/engine/__tests__/contracts/encounter-liveness.contract.test.ts:222:17
    at file:///C:/Users/chris/Dev/Projects/TheFantasyWorldSimulator/node_modules/@vitest/runner/dist/index.js:145:11
    at file:///C:/Users/chris/Dev/Projects/TheFantasyWorldSimulator/node_modules/@vitest/runner/dist/index.js:915:26
    at file:///C:/Users/chris/Dev/Projects/TheFantasyWorldSimulator/node_modules/@vitest/runner/dist/index.js:1243:20
    at new Promise (<anonymous>)
    at runWithTimeout (file:///C:/Users/chris/Dev/Projects/TheFantasyWorldSimulator/node_modules/@vitest/runner/dist/index.js:1209:10)
[Orchestrator] Tick crashed, returning previous state: Error: Trait not found: trait.reputation.power.renown
    at assignTrait (C:/Users/chris/Dev/Projects/TheFantasyWorldSimulator/src/engine/traits.ts:44:25)
    at syncReputationTrait (C:/Users/chris/Dev/Projects/TheFantasyWorldSimulator/src/engine/phaseReputationTraits.ts:297:5)
    at phaseReputationTraits (C:/Users/chris/Dev/Projects/TheFantasyWorldSimulator/src/engine/phaseReputationTraits.ts:273:7)
    at runTick (C:/Users/chris/Dev/Projects/TheFantasyWorldSimulator/src/engine/orchestrator.ts:1896:18)
    at C:/Users/chris/Dev/Projects/TheFantasyWorldSimulator/src/engine/__tests__/contracts/encounter-liveness.contract.test.ts:222:17
    at file:///C:/Users/chris/Dev/Projects/TheFantasyWorldSimulator/node_modules/@vitest/runner/dist/index.js:145:11
    at file:///C:/Users/chris/Dev/Projects/TheFantasyWorldSimulator/node_modules/@vitest/runner/dist/index.js:915:26
    at file:///C:/Users/chris/Dev/Projects/TheFantasyWorldSimulator/node_modules/@vitest/runner/dist/index.js:1243:20
    at new Promise (<anonymous>)
    at runWithTimeout (file:///C:/Users/chris/Dev/Projects/TheFantasyWorldSimulator/node_modules/@vitest/runner/dist/index.js:1209:10)
[Orchestrator] Tick crashed, returning previous state: Error: Trait not found: trait.reputation.power.renown
    at assignTrait (C:/Users/chris/Dev/Projects/TheFantasyWorldSimulator/src/engine/traits.ts:44:25)
    at syncReputationTrait (C:/Users/chris/Dev/Projects/TheFantasyWorldSimulator/src/engine/phaseReputationTraits.ts:297:5)
    at phaseReputationTraits (C:/Users/chris/Dev/Projects/TheFantasyWorldSimulator/src/engine/phaseReputationTraits.ts:273:7)
    at runTick (C:/Users/chris/Dev/Projects/TheFantasyWorldSimulator/src/engine/orchestrator.ts:1896:18)
    at C:/Users/chris/Dev/Projects/TheFantasyWorldSimulator/src/engine/__tests__/contracts/encounter-liveness.contract.test.ts:222:17
    at file:///C:/Users/chris/Dev/Projects/TheFantasyWorldSimulator/node_modules/@vitest/runner/dist/index.js:145:11
    at file:///C:/Users/chris/Dev/Projects/TheFantasyWorldSimulator/node_modules/@vitest/runner/dist/index.js:915:26
    at file:///C:/Users/chris/Dev/Projects/TheFantasyWorldSimulator/node_modules/@vitest/runner/dist/index.js:1243:20
    at new Promise (<anonymous>)
    at runWithTimeout (file:///C:/Users/chris/Dev/Projects/TheFantasyWorldSimulator/node_modules/@vitest/runner/dist/index.js:1209:10)
[Orchestrator] Tick crashed, returning previous state: Error: Trait not found: trait.reputation.power.renown
    at assignTrait (C:/Users/chris/Dev/Projects/TheFantasyWorldSimulator/src/engine/traits.ts:44:25)
    at syncReputationTrait (C:/Users/chris/Dev/Projects/TheFantasyWorldSimulator/src/engine/phaseReputationTraits.ts:297:5)
    at phaseReputationTraits (C:/Users/chris/Dev/Projects/TheFantasyWorldSimulator/src/engine/phaseReputationTraits.ts:273:7)
    at runTick (C:/Users/chris/Dev/Projects/TheFantasyWorldSimulator/src/engine/orchestrator.ts:1896:18)
    at C:/Users/chris/Dev/Projects/TheFantasyWorldSimulator/src/engine/__tests__/contracts/encounter-liveness.contract.test.ts:222:17
    at file:///C:/Users/chris/Dev/Projects/TheFantasyWorldSimulator/node_modules/@vitest/runner/dist/index.js:145:11
    at file:///C:/Users/chris/Dev/Projects/TheFantasyWorldSimulator/node_modules/@vitest/runner/dist/index.js:915:26
    at file:///C:/Users/chris/Dev/Projects/TheFantasyWorldSimulator/node_modules/@vitest/runner/dist/index.js:1243:20
    at new Promise (<anonymous>)
    at runWithTimeout (file:///C:/Users/chris/Dev/Projects/TheFantasyWorldSimulator/node_modules/@vitest/runner/dist/index.js:1209:10)
[Orchestrator] Tick crashed, returning previous state: Error: Trait not found: trait.reputation.power.renown
    at assignTrait (C:/Users/chris/Dev/Projects/TheFantasyWorldSimulator/src/engine/traits.ts:44:25)
    at syncReputationTrait (C:/Users/chris/Dev/Projects/TheFantasyWorldSimulator/src/engine/phaseReputationTraits.ts:297:5)
    at phaseReputationTraits (C:/Users/chris/Dev/Projects/TheFantasyWorldSimulator/src/engine/phaseReputationTraits.ts:273:7)
    at runTick (C:/Users/chris/Dev/Projects/TheFantasyWorldSimulator/src/engine/orchestrator.ts:1896:18)
    at C:/Users/chris/Dev/Projects/TheFantasyWorldSimulator/src/engine/__tests__/contracts/encounter-liveness.contract.test.ts:222:17
    at file:///C:/Users/chris/Dev/Projects/TheFantasyWorldSimulator/node_modules/@vitest/runner/dist/index.js:145:11
    at file:///C:/Users/chris/Dev/Projects/TheFantasyWorldSimulator/node_modules/@vitest/runner/dist/index.js:915:26
    at file:///C:/Users/chris/Dev/Projects/TheFantasyWorldSimulator/node_modules/@vitest/runner/dist/index.js:1243:20
    at new Promise (<anonymous>)
    at runWithTimeout (file:///C:/Users/chris/Dev/Projects/TheFantasyWorldSimulator/node_modules/@vitest/runner/dist/index.js:1209:10)
[Orchestrator] Tick crashed, returning previous state: Error: Trait not found: trait.reputation.power.renown
    at assignTrait (C:/Users/chris/Dev/Projects/TheFantasyWorldSimulator/src/engine/traits.ts:44:25)
    at syncReputationTrait (C:/Users/chris/Dev/Projects/TheFantasyWorldSimulator/src/engine/phaseReputationTraits.ts:297:5)
    at phaseReputationTraits (C:/Users/chris/Dev/Projects/TheFantasyWorldSimulator/src/engine/phaseReputationTraits.ts:273:7)
    at runTick (C:/Users/chris/Dev/Projects/TheFantasyWorldSimulator/src/engine/orchestrator.ts:1896:18)
    at C:/Users/chris/Dev/Projects/TheFantasyWorldSimulator/src/engine/__tests__/contracts/encounter-liveness.contract.test.ts:222:17
    at file:///C:/Users/chris/Dev/Projects/TheFantasyWorldSimulator/node_modules/@vitest/runner/dist/index.js:145:11
    at file:///C:/Users/chris/Dev/Projects/TheFantasyWorldSimulator/node_modules/@vitest/runner/dist/index.js:915:26
    at file:///C:/Users/chris/Dev/Projects/TheFantasyWorldSimulator/node_modules/@vitest/runner/dist/index.js:1243:20
    at new Promise (<anonymous>)
    at runWithTimeout (file:///C:/Users/chris/Dev/Projects/TheFantasyWorldSimulator/node_modules/@vitest/runner/dist/index.js:1209:10)
[Orchestrator] Tick crashed, returning previous state: Error: Trait not found: trait.reputation.power.renown
    at assignTrait (C:/Users/chris/Dev/Projects/TheFantasyWorldSimulator/src/engine/traits.ts:44:25)
    at syncReputationTrait (C:/Users/chris/Dev/Projects/TheFantasyWorldSimulator/src/engine/phaseReputationTraits.ts:297:5)
    at phaseReputationTraits (C:/Users/chris/Dev/Projects/TheFantasyWorldSimulator/src/engine/phaseReputationTraits.ts:273:7)
    at runTick (C:/Users/chris/Dev/Projects/TheFantasyWorldSimulator/src/engine/orchestrator.ts:1896:18)
    at C:/Users/chris/Dev/Projects/TheFantasyWorldSimulator/src/engine/__tests__/contracts/encounter-liveness.contract.test.ts:222:17
    at file:///C:/Users/chris/Dev/Projects/TheFantasyWorldSimulator/node_modules/@vitest/runner/dist/index.js:145:11
    at file:///C:/Users/chris/Dev/Projects/TheFantasyWorldSimulator/node_modules/@vitest/runner/dist/index.js:915:26
    at file:///C:/Users/chris/Dev/Projects/TheFantasyWorldSimulator/node_modules/@vitest/runner/dist/index.js:1243:20
    at new Promise (<anonymous>)
    at runWithTimeout (file:///C:/Users/chris/Dev/Projects/TheFantasyWorldSimulator/node_modules/@vitest/runner/dist/index.js:1209:10)
[Orchestrator] Tick crashed, returning previous state: Error: Trait not found: trait.reputation.power.renown
    at assignTrait (C:/Users/chris/Dev/Projects/TheFantasyWorldSimulator/src/engine/traits.ts:44:25)
    at syncReputationTrait (C:/Users/chris/Dev/Projects/TheFantasyWorldSimulator/src/engine/phaseReputationTraits.ts:297:5)
    at phaseReputationTraits (C:/Users/chris/Dev/Projects/TheFantasyWorldSimulator/src/engine/phaseReputationTraits.ts:273:7)
    at runTick (C:/Users/chris/Dev/Projects/TheFantasyWorldSimulator/src/engine/orchestrator.ts:1896:18)
    at C:/Users/chris/Dev/Projects/TheFantasyWorldSimulator/src/engine/__tests__/contracts/encounter-liveness.contract.test.ts:222:17
    at file:///C:/Users/chris/Dev/Projects/TheFantasyWorldSimulator/node_modules/@vitest/runner/dist/index.js:145:11
    at file:///C:/Users/chris/Dev/Projects/TheFantasyWorldSimulator/node_modules/@vitest/runner/dist/index.js:915:26
    at file:///C:/Users/chris/Dev/Projects/TheFantasyWorldSimulator/node_modules/@vitest/runner/dist/index.js:1243:20
    at new Promise (<anonymous>)
    at runWithTimeout (file:///C:/Users/chris/Dev/Projects/TheFantasyWorldSimulator/node_modules/@vitest/runner/dist/index.js:1209:10)
[Orchestrator] Tick crashed, returning previous state: Error: Trait not found: trait.reputation.power.renown
    at assignTrait (C:/Users/chris/Dev/Projects/TheFantasyWorldSimulator/src/engine/traits.ts:44:25)
    at syncReputationTrait (C:/Users/chris/Dev/Projects/TheFantasyWorldSimulator/src/engine/phaseReputationTraits.ts:297:5)
    at phaseReputationTraits (C:/Users/chris/Dev/Projects/TheFantasyWorldSimulator/src/engine/phaseReputationTraits.ts:273:7)
    at runTick (C:/Users/chris/Dev/Projects/TheFantasyWorldSimulator/src/engine/orchestrator.ts:1896:18)
    at C:/Users/chris/Dev/Projects/TheFantasyWorldSimulator/src/engine/__tests__/contracts/encounter-liveness.contract.test.ts:222:17
    at file:///C:/Users/chris/Dev/Projects/TheFantasyWorldSimulator/node_modules/@vitest/runner/dist/index.js:145:11
    at file:///C:/Users/chris/Dev/Projects/TheFantasyWorldSimulator/node_modules/@vitest/runner/dist/index.js:915:26
    at file:///C:/Users/chris/Dev/Projects/TheFantasyWorldSimulator/node_modules/@vitest/runner/dist/index.js:1243:20
    at new Promise (<anonymous>)
    at runWithTimeout (file:///C:/Users/chris/Dev/Projects/TheFantasyWorldSimulator/node_modules/@vitest/runner/dist/index.js:1209:10)
[Orchestrator] Tick crashed, returning previous state: Error: Trait not found: trait.reputation.power.renown
    at assignTrait (C:/Users/chris/Dev/Projects/TheFantasyWorldSimulator/src/engine/traits.ts:44:25)
    at syncReputationTrait (C:/Users/chris/Dev/Projects/TheFantasyWorldSimulator/src/engine/phaseReputationTraits.ts:297:5)
    at phaseReputationTraits (C:/Users/chris/Dev/Projects/TheFantasyWorldSimulator/src/engine/phaseReputationTraits.ts:273:7)
    at runTick (C:/Users/chris/Dev/Projects/TheFantasyWorldSimulator/src/engine/orchestrator.ts:1896:18)
    at C:/Users/chris/Dev/Projects/TheFantasyWorldSimulator/src/engine/__tests__/contracts/encounter-liveness.contract.test.ts:222:17
    at file:///C:/Users/chris/Dev/Projects/TheFantasyWorldSimulator/node_modules/@vitest/runner/dist/index.js:145:11
    at file:///C:/Users/chris/Dev/Projects/TheFantasyWorldSimulator/node_modules/@vitest/runner/dist/index.js:915:26
    at file:///C:/Users/chris/Dev/Projects/TheFantasyWorldSimulator/node_modules/@vitest/runner/dist/index.js:1243:20
    at new Promise (<anonymous>)
    at runWithTimeout (file:///C:/Users/chris/Dev/Projects/TheFantasyWorldSimulator/node_modules/@vitest/runner/dist/index.js:1209:10)
[Orchestrator] Tick crashed, returning previous state: Error: Trait not found: trait.reputation.power.renown
    at assignTrait (C:/Users/chris/Dev/Projects/TheFantasyWorldSimulator/src/engine/traits.ts:44:25)
    at syncReputationTrait (C:/Users/chris/Dev/Projects/TheFantasyWorldSimulator/src/engine/phaseReputationTraits.ts:297:5)
    at phaseReputationTraits (C:/Users/chris/Dev/Projects/TheFantasyWorldSimulator/src/engine/phaseReputationTraits.ts:273:7)
    at runTick (C:/Users/chris/Dev/Projects/TheFantasyWorldSimulator/src/engine/orchestrator.ts:1896:18)
    at C:/Users/chris/Dev/Projects/TheFantasyWorldSimulator/src/engine/__tests__/contracts/encounter-liveness.contract.test.ts:222:17
    at file:///C:/Users/chris/Dev/Projects/TheFantasyWorldSimulator/node_modules/@vitest/runner/dist/index.js:145:11
    at file:///C:/Users/chris/Dev/Projects/TheFantasyWorldSimulator/node_modules/@vitest/runner/dist/index.js:915:26
    at file:///C:/Users/chris/Dev/Projects/TheFantasyWorldSimulator/node_modules/@vitest/runner/dist/index.js:1243:20
    at new Promise (<anonymous>)
    at runWithTimeout (file:///C:/Users/chris/Dev/Projects/TheFantasyWorldSimulator/node_modules/@vitest/runner/dist/index.js:1209:10)
[Orchestrator] Tick crashed, returning previous state: Error: Trait not found: trait.reputation.power.renown
    at assignTrait (C:/Users/chris/Dev/Projects/TheFantasyWorldSimulator/src/engine/traits.ts:44:25)
    at syncReputationTrait (C:/Users/chris/Dev/Projects/TheFantasyWorldSimulator/src/engine/phaseReputationTraits.ts:297:5)
    at phaseReputationTraits (C:/Users/chris/Dev/Projects/TheFantasyWorldSimulator/src/engine/phaseReputationTraits.ts:273:7)
    at runTick (C:/Users/chris/Dev/Projects/TheFantasyWorldSimulator/src/engine/orchestrator.ts:1896:18)
    at C:/Users/chris/Dev/Projects/TheFantasyWorldSimulator/src/engine/__tests__/contracts/encounter-liveness.contract.test.ts:222:17
    at file:///C:/Users/chris/Dev/Projects/TheFantasyWorldSimulator/node_modules/@vitest/runner/dist/index.js:145:11
    at file:///C:/Users/chris/Dev/Projects/TheFantasyWorldSimulator/node_modules/@vitest/runner/dist/index.js:915:26
    at file:///C:/Users/chris/Dev/Projects/TheFantasyWorldSimulator/node_modules/@vitest/runner/dist/index.js:1243:20
    at new Promise (<anonymous>)
    at runWithTimeout (file:///C:/Users/chris/Dev/Projects/TheFantasyWorldSimulator/node_modules/@vitest/runner/dist/index.js:1209:10)
[Orchestrator] Tick crashed, returning previous state: Error: Trait not found: trait.reputation.power.renown
    at assignTrait (C:/Users/chris/Dev/Projects/TheFantasyWorldSimulator/src/engine/traits.ts:44:25)
    at syncReputationTrait (C:/Users/chris/Dev/Projects/TheFantasyWorldSimulator/src/engine/phaseReputationTraits.ts:297:5)
    at phaseReputationTraits (C:/Users/chris/Dev/Projects/TheFantasyWorldSimulator/src/engine/phaseReputationTraits.ts:273:7)
    at runTick (C:/Users/chris/Dev/Projects/TheFantasyWorldSimulator/src/engine/orchestrator.ts:1896:18)
    at C:/Users/chris/Dev/Projects/TheFantasyWorldSimulator/src/engine/__tests__/contracts/encounter-liveness.contract.test.ts:222:17
    at file:///C:/Users/chris/Dev/Projects/TheFantasyWorldSimulator/node_modules/@vitest/runner/dist/index.js:145:11
    at file:///C:/Users/chris/Dev/Projects/TheFantasyWorldSimulator/node_modules/@vitest/runner/dist/index.js:915:26
    at file:///C:/Users/chris/Dev/Projects/TheFantasyWorldSimulator/node_modules/@vitest/runner/dist/index.js:1243:20
    at new Promise (<anonymous>)
    at runWithTimeout (file:///C:/Users/chris/Dev/Projects/TheFantasyWorldSimulator/node_modules/@vitest/runner/dist/index.js:1209:10)
[Orchestrator] Tick crashed, returning previous state: Error: Trait not found: trait.reputation.power.renown
    at assignTrait (C:/Users/chris/Dev/Projects/TheFantasyWorldSimulator/src/engine/traits.ts:44:25)
    at syncReputationTrait (C:/Users/chris/Dev/Projects/TheFantasyWorldSimulator/src/engine/phaseReputationTraits.ts:297:5)
    at phaseReputationTraits (C:/Users/chris/Dev/Projects/TheFantasyWorldSimulator/src/engine/phaseReputationTraits.ts:273:7)
    at runTick (C:/Users/chris/Dev/Projects/TheFantasyWorldSimulator/src/engine/orchestrator.ts:1896:18)
    at C:/Users/chris/Dev/Projects/TheFantasyWorldSimulator/src/engine/__tests__/contracts/encounter-liveness.contract.test.ts:222:17
    at file:///C:/Users/chris/Dev/Projects/TheFantasyWorldSimulator/node_modules/@vitest/runner/dist/index.js:145:11
    at file:///C:/Users/chris/Dev/Projects/TheFantasyWorldSimulator/node_modules/@vitest/runner/dist/index.js:915:26
    at file:///C:/Users/chris/Dev/Projects/TheFantasyWorldSimulator/node_modules/@vitest/runner/dist/index.js:1243:20
    at new Promise (<anonymous>)
    at runWithTimeout (file:///C:/Users/chris/Dev/Projects/TheFantasyWorldSimulator/node_modules/@vitest/runner/dist/index.js:1209:10)
[Orchestrator] Tick crashed, returning previous state: Error: Trait not found: trait.reputation.power.renown
    at assignTrait (C:/Users/chris/Dev/Projects/TheFantasyWorldSimulator/src/engine/traits.ts:44:25)
    at syncReputationTrait (C:/Users/chris/Dev/Projects/TheFantasyWorldSimulator/src/engine/phaseReputationTraits.ts:297:5)
    at phaseReputationTraits (C:/Users/chris/Dev/Projects/TheFantasyWorldSimulator/src/engine/phaseReputationTraits.ts:273:7)
    at runTick (C:/Users/chris/Dev/Projects/TheFantasyWorldSimulator/src/engine/orchestrator.ts:1896:18)
    at C:/Users/chris/Dev/Projects/TheFantasyWorldSimulator/src/engine/__tests__/contracts/encounter-liveness.contract.test.ts:222:17
    at file:///C:/Users/chris/Dev/Projects/TheFantasyWorldSimulator/node_modules/@vitest/runner/dist/index.js:145:11
    at file:///C:/Users/chris/Dev/Projects/TheFantasyWorldSimulator/node_modules/@vitest/runner/dist/index.js:915:26
    at file:///C:/Users/chris/Dev/Projects/TheFantasyWorldSimulator/node_modules/@vitest/runner/dist/index.js:1243:20
    at new Promise (<anonymous>)
    at runWithTimeout (file:///C:/Users/chris/Dev/Projects/TheFantasyWorldSimulator/node_modules/@vitest/runner/dist/index.js:1209:10)
[Orchestrator] Tick crashed, returning previous state: Error: Trait not found: trait.reputation.power.renown
    at assignTrait (C:/Users/chris/Dev/Projects/TheFantasyWorldSimulator/src/engine/traits.ts:44:25)
    at syncReputationTrait (C:/Users/chris/Dev/Projects/TheFantasyWorldSimulator/src/engine/phaseReputationTraits.ts:297:5)
    at phaseReputationTraits (C:/Users/chris/Dev/Projects/TheFantasyWorldSimulator/src/engine/phaseReputationTraits.ts:273:7)
    at runTick (C:/Users/chris/Dev/Projects/TheFantasyWorldSimulator/src/engine/orchestrator.ts:1896:18)
    at C:/Users/chris/Dev/Projects/TheFantasyWorldSimulator/src/engine/__tests__/contracts/encounter-liveness.contract.test.ts:222:17
    at file:///C:/Users/chris/Dev/Projects/TheFantasyWorldSimulator/node_modules/@vitest/runner/dist/index.js:145:11
    at file:///C:/Users/chris/Dev/Projects/TheFantasyWorldSimulator/node_modules/@vitest/runner/dist/index.js:915:26
    at file:///C:/Users/chris/Dev/Projects/TheFantasyWorldSimulator/node_modules/@vitest/runner/dist/index.js:1243:20
    at new Promise (<anonymous>)
    at runWithTimeout (file:///C:/Users/chris/Dev/Projects/TheFantasyWorldSimulator/node_modules/@vitest/runner/dist/index.js:1209:10)
[Orchestrator] Tick crashed, returning previous state: Error: Trait not found: trait.reputation.power.renown
    at assignTrait (C:/Users/chris/Dev/Projects/TheFantasyWorldSimulator/src/engine/traits.ts:44:25)
    at syncReputationTrait (C:/Users/chris/Dev/Projects/TheFantasyWorldSimulator/src/engine/phaseReputationTraits.ts:297:5)
    at phaseReputationTraits (C:/Users/chris/Dev/Projects/TheFantasyWorldSimulator/src/engine/phaseReputationTraits.ts:273:7)
    at runTick (C:/Users/chris/Dev/Projects/TheFantasyWorldSimulator/src/engine/orchestrator.ts:1896:18)
    at C:/Users/chris/Dev/Projects/TheFantasyWorldSimulator/src/engine/__tests__/contracts/encounter-liveness.contract.test.ts:222:17
    at file:///C:/Users/chris/Dev/Projects/TheFantasyWorldSimulator/node_modules/@vitest/runner/dist/index.js:145:11
    at file:///C:/Users/chris/Dev/Projects/TheFantasyWorldSimulator/node_modules/@vitest/runner/dist/index.js:915:26
    at file:///C:/Users/chris/Dev/Projects/TheFantasyWorldSimulator/node_modules/@vitest/runner/dist/index.js:1243:20
    at new Promise (<anonymous>)
    at runWithTimeout (file:///C:/Users/chris/Dev/Projects/TheFantasyWorldSimulator/node_modules/@vitest/runner/dist/index.js:1209:10)
[Orchestrator] Tick crashed, returning previous state: Error: Trait not found: trait.reputation.power.renown
    at assignTrait (C:/Users/chris/Dev/Projects/TheFantasyWorldSimulator/src/engine/traits.ts:44:25)
    at syncReputationTrait (C:/Users/chris/Dev/Projects/TheFantasyWorldSimulator/src/engine/phaseReputationTraits.ts:297:5)
    at phaseReputationTraits (C:/Users/chris/Dev/Projects/TheFantasyWorldSimulator/src/engine/phaseReputationTraits.ts:273:7)
    at runTick (C:/Users/chris/Dev/Projects/TheFantasyWorldSimulator/src/engine/orchestrator.ts:1896:18)
    at C:/Users/chris/Dev/Projects/TheFantasyWorldSimulator/src/engine/__tests__/contracts/encounter-liveness.contract.test.ts:222:17
    at file:///C:/Users/chris/Dev/Projects/TheFantasyWorldSimulator/node_modules/@vitest/runner/dist/index.js:145:11
    at file:///C:/Users/chris/Dev/Projects/TheFantasyWorldSimulator/node_modules/@vitest/runner/dist/index.js:915:26
    at file:///C:/Users/chris/Dev/Projects/TheFantasyWorldSimulator/node_modules/@vitest/runner/dist/index.js:1243:20
    at new Promise (<anonymous>)
    at runWithTimeout (file:///C:/Users/chris/Dev/Projects/TheFantasyWorldSimulator/node_modules/@vitest/runner/dist/index.js:1209:10)
[Orchestrator] Tick crashed, returning previous state: Error: Trait not found: trait.reputation.power.renown
    at assignTrait (C:/Users/chris/Dev/Projects/TheFantasyWorldSimulator/src/engine/traits.ts:44:25)
    at syncReputationTrait (C:/Users/chris/Dev/Projects/TheFantasyWorldSimulator/src/engine/phaseReputationTraits.ts:297:5)
    at phaseReputationTraits (C:/Users/chris/Dev/Projects/TheFantasyWorldSimulator/src/engine/phaseReputationTraits.ts:273:7)
    at runTick (C:/Users/chris/Dev/Projects/TheFantasyWorldSimulator/src/engine/orchestrator.ts:1896:18)
    at C:/Users/chris/Dev/Projects/TheFantasyWorldSimulator/src/engine/__tests__/contracts/encounter-liveness.contract.test.ts:222:17
    at file:///C:/Users/chris/Dev/Projects/TheFantasyWorldSimulator/node_modules/@vitest/runner/dist/index.js:145:11
    at file:///C:/Users/chris/Dev/Projects/TheFantasyWorldSimulator/node_modules/@vitest/runner/dist/index.js:915:26
    at file:///C:/Users/chris/Dev/Projects/TheFantasyWorldSimulator/node_modules/@vitest/runner/dist/index.js:1243:20
    at new Promise (<anonymous>)
    at runWithTimeout (file:///C:/Users/chris/Dev/Projects/TheFantasyWorldSimulator/node_modules/@vitest/runner/dist/index.js:1209:10)
[Orchestrator] Tick crashed, returning previous state: Error: Trait not found: trait.reputation.power.renown
    at assignTrait (C:/Users/chris/Dev/Projects/TheFantasyWorldSimulator/src/engine/traits.ts:44:25)
    at syncReputationTrait (C:/Users/chris/Dev/Projects/TheFantasyWorldSimulator/src/engine/phaseReputationTraits.ts:297:5)
    at phaseReputationTraits (C:/Users/chris/Dev/Projects/TheFantasyWorldSimulator/src/engine/phaseReputationTraits.ts:273:7)
    at runTick (C:/Users/chris/Dev/Projects/TheFantasyWorldSimulator/src/engine/orchestrator.ts:1896:18)
    at C:/Users/chris/Dev/Projects/TheFantasyWorldSimulator/src/engine/__tests__/contracts/encounter-liveness.contract.test.ts:222:17
    at file:///C:/Users/chris/Dev/Projects/TheFantasyWorldSimulator/node_modules/@vitest/runner/dist/index.js:145:11
    at file:///C:/Users/chris/Dev/Projects/TheFantasyWorldSimulator/node_modules/@vitest/runner/dist/index.js:915:26
    at file:///C:/Users/chris/Dev/Projects/TheFantasyWorldSimulator/node_modules/@vitest/runner/dist/index.js:1243:20
    at new Promise (<anonymous>)
    at runWithTimeout (file:///C:/Users/chris/Dev/Projects/TheFantasyWorldSimulator/node_modules/@vitest/runner/dist/index.js:1209:10)
[Orchestrator] Tick crashed, returning previous state: Error: Trait not found: trait.reputation.power.renown
    at assignTrait (C:/Users/chris/Dev/Projects/TheFantasyWorldSimulator/src/engine/traits.ts:44:25)
    at syncReputationTrait (C:/Users/chris/Dev/Projects/TheFantasyWorldSimulator/src/engine/phaseReputationTraits.ts:297:5)
    at phaseReputationTraits (C:/Users/chris/Dev/Projects/TheFantasyWorldSimulator/src/engine/phaseReputationTraits.ts:273:7)
    at runTick (C:/Users/chris/Dev/Projects/TheFantasyWorldSimulator/src/engine/orchestrator.ts:1896:18)
    at C:/Users/chris/Dev/Projects/TheFantasyWorldSimulator/src/engine/__tests__/contracts/encounter-liveness.contract.test.ts:222:17
    at file:///C:/Users/chris/Dev/Projects/TheFantasyWorldSimulator/node_modules/@vitest/runner/dist/index.js:145:11
    at file:///C:/Users/chris/Dev/Projects/TheFantasyWorldSimulator/node_modules/@vitest/runner/dist/index.js:915:26
    at file:///C:/Users/chris/Dev/Projects/TheFantasyWorldSimulator/node_modules/@vitest/runner/dist/index.js:1243:20
    at new Promise (<anonymous>)
    at runWithTimeout (file:///C:/Users/chris/Dev/Projects/TheFantasyWorldSimulator/node_modules/@vitest/runner/dist/index.js:1209:10)
[Orchestrator] Tick crashed, returning previous state: Error: Trait not found: trait.reputation.power.renown
    at assignTrait (C:/Users/chris/Dev/Projects/TheFantasyWorldSimulator/src/engine/traits.ts:44:25)
    at syncReputationTrait (C:/Users/chris/Dev/Projects/TheFantasyWorldSimulator/src/engine/phaseReputationTraits.ts:297:5)
    at phaseReputationTraits (C:/Users/chris/Dev/Projects/TheFantasyWorldSimulator/src/engine/phaseReputationTraits.ts:273:7)
    at runTick (C:/Users/chris/Dev/Projects/TheFantasyWorldSimulator/src/engine/orchestrator.ts:1896:18)
    at C:/Users/chris/Dev/Projects/TheFantasyWorldSimulator/src/engine/__tests__/contracts/encounter-liveness.contract.test.ts:222:17
    at file:///C:/Users/chris/Dev/Projects/TheFantasyWorldSimulator/node_modules/@vitest/runner/dist/index.js:145:11
    at file:///C:/Users/chris/Dev/Projects/TheFantasyWorldSimulator/node_modules/@vitest/runner/dist/index.js:915:26
    at file:///C:/Users/chris/Dev/Projects/TheFantasyWorldSimulator/node_modules/@vitest/runner/dist/index.js:1243:20
    at new Promise (<anonymous>)
    at runWithTimeout (file:///C:/Users/chris/Dev/Projects/TheFantasyWorldSimulator/node_modules/@vitest/runner/dist/index.js:1209:10)
[Orchestrator] Tick crashed, returning previous state: Error: Trait not found: trait.reputation.power.renown
    at assignTrait (C:/Users/chris/Dev/Projects/TheFantasyWorldSimulator/src/engine/traits.ts:44:25)
    at syncReputationTrait (C:/Users/chris/Dev/Projects/TheFantasyWorldSimulator/src/engine/phaseReputationTraits.ts:297:5)
    at phaseReputationTraits (C:/Users/chris/Dev/Projects/TheFantasyWorldSimulator/src/engine/phaseReputationTraits.ts:273:7)
    at runTick (C:/Users/chris/Dev/Projects/TheFantasyWorldSimulator/src/engine/orchestrator.ts:1896:18)
    at C:/Users/chris/Dev/Projects/TheFantasyWorldSimulator/src/engine/__tests__/contracts/encounter-liveness.contract.test.ts:222:17
    at file:///C:/Users/chris/Dev/Projects/TheFantasyWorldSimulator/node_modules/@vitest/runner/dist/index.js:145:11
    at file:///C:/Users/chris/Dev/Projects/TheFantasyWorldSimulator/node_modules/@vitest/runner/dist/index.js:915:26
    at file:///C:/Users/chris/Dev/Projects/TheFantasyWorldSimulator/node_modules/@vitest/runner/dist/index.js:1243:20
    at new Promise (<anonymous>)
    at runWithTimeout (file:///C:/Users/chris/Dev/Projects/TheFantasyWorldSimulator/node_modules/@vitest/runner/dist/index.js:1209:10)
[Orchestrator] Tick crashed, returning previous state: Error: Trait not found: trait.reputation.power.renown
    at assignTrait (C:/Users/chris/Dev/Projects/TheFantasyWorldSimulator/src/engine/traits.ts:44:25)
    at syncReputationTrait (C:/Users/chris/Dev/Projects/TheFantasyWorldSimulator/src/engine/phaseReputationTraits.ts:297:5)
    at phaseReputationTraits (C:/Users/chris/Dev/Projects/TheFantasyWorldSimulator/src/engine/phaseReputationTraits.ts:273:7)
    at runTick (C:/Users/chris/Dev/Projects/TheFantasyWorldSimulator/src/engine/orchestrator.ts:1896:18)
    at C:/Users/chris/Dev/Projects/TheFantasyWorldSimulator/src/engine/__tests__/contracts/encounter-liveness.contract.test.ts:222:17
    at file:///C:/Users/chris/Dev/Projects/TheFantasyWorldSimulator/node_modules/@vitest/runner/dist/index.js:145:11
    at file:///C:/Users/chris/Dev/Projects/TheFantasyWorldSimulator/node_modules/@vitest/runner/dist/index.js:915:26
    at file:///C:/Users/chris/Dev/Projects/TheFantasyWorldSimulator/node_modules/@vitest/runner/dist/index.js:1243:20
    at new Promise (<anonymous>)
    at runWithTimeout (file:///C:/Users/chris/Dev/Projects/TheFantasyWorldSimulator/node_modules/@vitest/runner/dist/index.js:1209:10)
[Orchestrator] Tick crashed, returning previous state: Error: Trait not found: trait.reputation.power.renown
    at assignTrait (C:/Users/chris/Dev/Projects/TheFantasyWorldSimulator/src/engine/traits.ts:44:25)
    at syncReputationTrait (C:/Users/chris/Dev/Projects/TheFantasyWorldSimulator/src/engine/phaseReputationTraits.ts:297:5)
    at phaseReputationTraits (C:/Users/chris/Dev/Projects/TheFantasyWorldSimulator/src/engine/phaseReputationTraits.ts:273:7)
    at runTick (C:/Users/chris/Dev/Projects/TheFantasyWorldSimulator/src/engine/orchestrator.ts:1896:18)
    at C:/Users/chris/Dev/Projects/TheFantasyWorldSimulator/src/engine/__tests__/contracts/encounter-liveness.contract.test.ts:222:17
    at file:///C:/Users/chris/Dev/Projects/TheFantasyWorldSimulator/node_modules/@vitest/runner/dist/index.js:145:11
    at file:///C:/Users/chris/Dev/Projects/TheFantasyWorldSimulator/node_modules/@vitest/runner/dist/index.js:915:26
    at file:///C:/Users/chris/Dev/Projects/TheFantasyWorldSimulator/node_modules/@vitest/runner/dist/index.js:1243:20
    at new Promise (<anonymous>)
    at runWithTimeout (file:///C:/Users/chris/Dev/Projects/TheFantasyWorldSimulator/node_modules/@vitest/runner/dist/index.js:1209:10)
[Orchestrator] Tick crashed, returning previous state: Error: Trait not found: trait.reputation.power.renown
    at assignTrait (C:/Users/chris/Dev/Projects/TheFantasyWorldSimulator/src/engine/traits.ts:44:25)
    at syncReputationTrait (C:/Users/chris/Dev/Projects/TheFantasyWorldSimulator/src/engine/phaseReputationTraits.ts:297:5)
    at phaseReputationTraits (C:/Users/chris/Dev/Projects/TheFantasyWorldSimulator/src/engine/phaseReputationTraits.ts:273:7)
    at runTick (C:/Users/chris/Dev/Projects/TheFantasyWorldSimulator/src/engine/orchestrator.ts:1896:18)
    at C:/Users/chris/Dev/Projects/TheFantasyWorldSimulator/src/engine/__tests__/contracts/encounter-liveness.contract.test.ts:222:17
    at file:///C:/Users/chris/Dev/Projects/TheFantasyWorldSimulator/node_modules/@vitest/runner/dist/index.js:145:11
    at file:///C:/Users/chris/Dev/Projects/TheFantasyWorldSimulator/node_modules/@vitest/runner/dist/index.js:915:26
    at file:///C:/Users/chris/Dev/Projects/TheFantasyWorldSimulator/node_modules/@vitest/runner/dist/index.js:1243:20
    at new Promise (<anonymous>)
    at runWithTimeout (file:///C:/Users/chris/Dev/Projects/TheFantasyWorldSimulator/node_modules/@vitest/runner/dist/index.js:1209:10)
[Orchestrator] Tick crashed, returning previous state: Error: Trait not found: trait.reputation.power.renown
    at assignTrait (C:/Users/chris/Dev/Projects/TheFantasyWorldSimulator/src/engine/traits.ts:44:25)
    at syncReputationTrait (C:/Users/chris/Dev/Projects/TheFantasyWorldSimulator/src/engine/phaseReputationTraits.ts:297:5)
    at phaseReputationTraits (C:/Users/chris/Dev/Projects/TheFantasyWorldSimulator/src/engine/phaseReputationTraits.ts:273:7)
    at runTick (C:/Users/chris/Dev/Projects/TheFantasyWorldSimulator/src/engine/orchestrator.ts:1896:18)
    at C:/Users/chris/Dev/Projects/TheFantasyWorldSimulator/src/engine/__tests__/contracts/encounter-liveness.contract.test.ts:222:17
    at file:///C:/Users/chris/Dev/Projects/TheFantasyWorldSimulator/node_modules/@vitest/runner/dist/index.js:145:11
    at file:///C:/Users/chris/Dev/Projects/TheFantasyWorldSimulator/node_modules/@vitest/runner/dist/index.js:915:26
    at file:///C:/Users/chris/Dev/Projects/TheFantasyWorldSimulator/node_modules/@vitest/runner/dist/index.js:1243:20
    at new Promise (<anonymous>)
    at runWithTimeout (file:///C:/Users/chris/Dev/Projects/TheFantasyWorldSimulator/node_modules/@vitest/runner/dist/index.js:1209:10)
[Orchestrator] Tick crashed, returning previous state: Error: Trait not found: trait.reputation.power.renown
    at assignTrait (C:/Users/chris/Dev/Projects/TheFantasyWorldSimulator/src/engine/traits.ts:44:25)
    at syncReputationTrait (C:/Users/chris/Dev/Projects/TheFantasyWorldSimulator/src/engine/phaseReputationTraits.ts:297:5)
    at phaseReputationTraits (C:/Users/chris/Dev/Projects/TheFantasyWorldSimulator/src/engine/phaseReputationTraits.ts:273:7)
    at runTick (C:/Users/chris/Dev/Projects/TheFantasyWorldSimulator/src/engine/orchestrator.ts:1896:18)
    at C:/Users/chris/Dev/Projects/TheFantasyWorldSimulator/src/engine/__tests__/contracts/encounter-liveness.contract.test.ts:222:17
    at file:///C:/Users/chris/Dev/Projects/TheFantasyWorldSimulator/node_modules/@vitest/runner/dist/index.js:145:11
    at file:///C:/Users/chris/Dev/Projects/TheFantasyWorldSimulator/node_modules/@vitest/runner/dist/index.js:915:26
    at file:///C:/Users/chris/Dev/Projects/TheFantasyWorldSimulator/node_modules/@vitest/runner/dist/index.js:1243:20
    at new Promise (<anonymous>)
    at runWithTimeout (file:///C:/Users/chris/Dev/Projects/TheFantasyWorldSimulator/node_modules/@vitest/runner/dist/index.js:1209:10)
[Orchestrator] Tick crashed, returning previous state: Error: Trait not found: trait.reputation.power.renown
    at assignTrait (C:/Users/chris/Dev/Projects/TheFantasyWorldSimulator/src/engine/traits.ts:44:25)
    at syncReputationTrait (C:/Users/chris/Dev/Projects/TheFantasyWorldSimulator/src/engine/phaseReputationTraits.ts:297:5)
    at phaseReputationTraits (C:/Users/chris/Dev/Projects/TheFantasyWorldSimulator/src/engine/phaseReputationTraits.ts:273:7)
    at runTick (C:/Users/chris/Dev/Projects/TheFantasyWorldSimulator/src/engine/orchestrator.ts:1896:18)
    at C:/Users/chris/Dev/Projects/TheFantasyWorldSimulator/src/engine/__tests__/contracts/encounter-liveness.contract.test.ts:222:17
    at file:///C:/Users/chris/Dev/Projects/TheFantasyWorldSimulator/node_modules/@vitest/runner/dist/index.js:145:11
    at file:///C:/Users/chris/Dev/Projects/TheFantasyWorldSimulator/node_modules/@vitest/runner/dist/index.js:915:26
    at file:///C:/Users/chris/Dev/Projects/TheFantasyWorldSimulator/node_modules/@vitest/runner/dist/index.js:1243:20
    at new Promise (<anonymous>)
    at runWithTimeout (file:///C:/Users/chris/Dev/Projects/TheFantasyWorldSimulator/node_modules/@vitest/runner/dist/index.js:1209:10)
[GraphSchema] Edge "belongs_to" source should be ["actor","location"], got "region" (edge edge_hist_territory_region_0_hist_culture_0)
[Orchestrator] Tick crashed, returning previous state: Error: Trait not found: trait.reputation.power.renown
    at assignTrait (C:/Users/chris/Dev/Projects/TheFantasyWorldSimulator/src/engine/traits.ts:44:25)
    at syncReputationTrait (C:/Users/chris/Dev/Projects/TheFantasyWorldSimulator/src/engine/phaseReputationTraits.ts:297:5)
    at phaseReputationTraits (C:/Users/chris/Dev/Projects/TheFantasyWorldSimulator/src/engine/phaseReputationTraits.ts:273:7)
    at runTick (C:/Users/chris/Dev/Projects/TheFantasyWorldSimulator/src/engine/orchestrator.ts:1896:18)
    at C:/Users/chris/Dev/Projects/TheFantasyWorldSimulator/src/engine/__tests__/contracts/encounter-liveness.contract.test.ts:222:17
    at file:///C:/Users/chris/Dev/Projects/TheFantasyWorldSimulator/node_modules/@vitest/runner/dist/index.js:145:11
    at file:///C:/Users/chris/Dev/Projects/TheFantasyWorldSimulator/node_modules/@vitest/runner/dist/index.js:915:26
    at file:///C:/Users/chris/Dev/Projects/TheFantasyWorldSimulator/node_modules/@vitest/runner/dist/index.js:1243:20
    at new Promise (<anonymous>)
    at runWithTimeout (file:///C:/Users/chris/Dev/Projects/TheFantasyWorldSimulator/node_modules/@vitest/runner/dist/index.js:1209:10)
[Orchestrator] Tick crashed, returning previous state: Error: Trait not found: trait.reputation.power.renown
    at assignTrait (C:/Users/chris/Dev/Projects/TheFantasyWorldSimulator/src/engine/traits.ts:44:25)
    at syncReputationTrait (C:/Users/chris/Dev/Projects/TheFantasyWorldSimulator/src/engine/phaseReputationTraits.ts:297:5)
    at phaseReputationTraits (C:/Users/chris/Dev/Projects/TheFantasyWorldSimulator/src/engine/phaseReputationTraits.ts:273:7)
    at runTick (C:/Users/chris/Dev/Projects/TheFantasyWorldSimulator/src/engine/orchestrator.ts:1896:18)
    at C:/Users/chris/Dev/Projects/TheFantasyWorldSimulator/src/engine/__tests__/contracts/encounter-liveness.contract.test.ts:222:17
    at file:///C:/Users/chris/Dev/Projects/TheFantasyWorldSimulator/node_modules/@vitest/runner/dist/index.js:145:11
    at file:///C:/Users/chris/Dev/Projects/TheFantasyWorldSimulator/node_modules/@vitest/runner/dist/index.js:915:26
    at file:///C:/Users/chris/Dev/Projects/TheFantasyWorldSimulator/node_modules/@vitest/runner/dist/index.js:1243:20
    at new Promise (<anonymous>)
    at runWithTimeout (file:///C:/Users/chris/Dev/Projects/TheFantasyWorldSimulator/node_modules/@vitest/runner/dist/index.js:1209:10)
[Orchestrator] Tick crashed, returning previous state: Error: Trait not found: trait.reputation.power.renown
    at assignTrait (C:/Users/chris/Dev/Projects/TheFantasyWorldSimulator/src/engine/traits.ts:44:25)
    at syncReputationTrait (C:/Users/chris/Dev/Projects/TheFantasyWorldSimulator/src/engine/phaseReputationTraits.ts:297:5)
    at phaseReputationTraits (C:/Users/chris/Dev/Projects/TheFantasyWorldSimulator/src/engine/phaseReputationTraits.ts:273:7)
    at runTick (C:/Users/chris/Dev/Projects/TheFantasyWorldSimulator/src/engine/orchestrator.ts:1896:18)
    at C:/Users/chris/Dev/Projects/TheFantasyWorldSimulator/src/engine/__tests__/contracts/encounter-liveness.contract.test.ts:222:17
    at file:///C:/Users/chris/Dev/Projects/TheFantasyWorldSimulator/node_modules/@vitest/runner/dist/index.js:145:11
    at file:///C:/Users/chris/Dev/Projects/TheFantasyWorldSimulator/node_modules/@vitest/runner/dist/index.js:915:26
    at file:///C:/Users/chris/Dev/Projects/TheFantasyWorldSimulator/node_modules/@vitest/runner/dist/index.js:1243:20
    at new Promise (<anonymous>)
    at runWithTimeout (file:///C:/Users/chris/Dev/Projects/TheFantasyWorldSimulator/node_modules/@vitest/runner/dist/index.js:1209:10)
[Orchestrator] Tick crashed, returning previous state: Error: Trait not found: trait.reputation.power.renown
    at assignTrait (C:/Users/chris/Dev/Projects/TheFantasyWorldSimulator/src/engine/traits.ts:44:25)
    at syncReputationTrait (C:/Users/chris/Dev/Projects/TheFantasyWorldSimulator/src/engine/phaseReputationTraits.ts:297:5)
    at phaseReputationTraits (C:/Users/chris/Dev/Projects/TheFantasyWorldSimulator/src/engine/phaseReputationTraits.ts:273:7)
    at runTick (C:/Users/chris/Dev/Projects/TheFantasyWorldSimulator/src/engine/orchestrator.ts:1896:18)
    at C:/Users/chris/Dev/Projects/TheFantasyWorldSimulator/src/engine/__tests__/contracts/encounter-liveness.contract.test.ts:222:17
    at file:///C:/Users/chris/Dev/Projects/TheFantasyWorldSimulator/node_modules/@vitest/runner/dist/index.js:145:11
    at file:///C:/Users/chris/Dev/Projects/TheFantasyWorldSimulator/node_modules/@vitest/runner/dist/index.js:915:26
    at file:///C:/Users/chris/Dev/Projects/TheFantasyWorldSimulator/node_modules/@vitest/runner/dist/index.js:1243:20
    at new Promise (<anonymous>)
    at runWithTimeout (file:///C:/Users/chris/Dev/Projects/TheFantasyWorldSimulator/node_modules/@vitest/runner/dist/index.js:1209:10)
[Orchestrator] Tick crashed, returning previous state: Error: Trait not found: trait.reputation.power.renown
    at assignTrait (C:/Users/chris/Dev/Projects/TheFantasyWorldSimulator/src/engine/traits.ts:44:25)
    at syncReputationTrait (C:/Users/chris/Dev/Projects/TheFantasyWorldSimulator/src/engine/phaseReputationTraits.ts:297:5)
    at phaseReputationTraits (C:/Users/chris/Dev/Projects/TheFantasyWorldSimulator/src/engine/phaseReputationTraits.ts:273:7)
    at runTick (C:/Users/chris/Dev/Projects/TheFantasyWorldSimulator/src/engine/orchestrator.ts:1896:18)
    at C:/Users/chris/Dev/Projects/TheFantasyWorldSimulator/src/engine/__tests__/contracts/encounter-liveness.contract.test.ts:222:17
    at file:///C:/Users/chris/Dev/Projects/TheFantasyWorldSimulator/node_modules/@vitest/runner/dist/index.js:145:11
    at file:///C:/Users/chris/Dev/Projects/TheFantasyWorldSimulator/node_modules/@vitest/runner/dist/index.js:915:26
    at file:///C:/Users/chris/Dev/Projects/TheFantasyWorldSimulator/node_modules/@vitest/runner/dist/index.js:1243:20
    at new Promise (<anonymous>)
    at runWithTimeout (file:///C:/Users/chris/Dev/Projects/TheFantasyWorldSimulator/node_modules/@vitest/runner/dist/index.js:1209:10)
[Orchestrator] Tick crashed, returning previous state: Error: Trait not found: trait.reputation.power.renown
    at assignTrait (C:/Users/chris/Dev/Projects/TheFantasyWorldSimulator/src/engine/traits.ts:44:25)
    at syncReputationTrait (C:/Users/chris/Dev/Projects/TheFantasyWorldSimulator/src/engine/phaseReputationTraits.ts:297:5)
    at phaseReputationTraits (C:/Users/chris/Dev/Projects/TheFantasyWorldSimulator/src/engine/phaseReputationTraits.ts:273:7)
    at runTick (C:/Users/chris/Dev/Projects/TheFantasyWorldSimulator/src/engine/orchestrator.ts:1896:18)
    at C:/Users/chris/Dev/Projects/TheFantasyWorldSimulator/src/engine/__tests__/contracts/encounter-liveness.contract.test.ts:222:17
    at file:///C:/Users/chris/Dev/Projects/TheFantasyWorldSimulator/node_modules/@vitest/runner/dist/index.js:145:11
    at file:///C:/Users/chris/Dev/Projects/TheFantasyWorldSimulator/node_modules/@vitest/runner/dist/index.js:915:26
    at file:///C:/Users/chris/Dev/Projects/TheFantasyWorldSimulator/node_modules/@vitest/runner/dist/index.js:1243:20
    at new Promise (<anonymous>)
    at runWithTimeout (file:///C:/Users/chris/Dev/Projects/TheFantasyWorldSimulator/node_modules/@vitest/runner/dist/index.js:1209:10)
[Orchestrator] Tick crashed, returning previous state: Error: Trait not found: trait.reputation.power.renown
    at assignTrait (C:/Users/chris/Dev/Projects/TheFantasyWorldSimulator/src/engine/traits.ts:44:25)
    at syncReputationTrait (C:/Users/chris/Dev/Projects/TheFantasyWorldSimulator/src/engine/phaseReputationTraits.ts:297:5)
    at phaseReputationTraits (C:/Users/chris/Dev/Projects/TheFantasyWorldSimulator/src/engine/phaseReputationTraits.ts:273:7)
    at runTick (C:/Users/chris/Dev/Projects/TheFantasyWorldSimulator/src/engine/orchestrator.ts:1896:18)
    at C:/Users/chris/Dev/Projects/TheFantasyWorldSimulator/src/engine/__tests__/contracts/encounter-liveness.contract.test.ts:222:17
    at file:///C:/Users/chris/Dev/Projects/TheFantasyWorldSimulator/node_modules/@vitest/runner/dist/index.js:145:11
    at file:///C:/Users/chris/Dev/Projects/TheFantasyWorldSimulator/node_modules/@vitest/runner/dist/index.js:915:26
    at file:///C:/Users/chris/Dev/Projects/TheFantasyWorldSimulator/node_modules/@vitest/runner/dist/index.js:1243:20
    at new Promise (<anonymous>)
    at runWithTimeout (file:///C:/Users/chris/Dev/Projects/TheFantasyWorldSimulator/node_modules/@vitest/runner/dist/index.js:1209:10)
[Orchestrator] Tick crashed, returning previous state: Error: Trait not found: trait.reputation.power.renown
    at assignTrait (C:/Users/chris/Dev/Projects/TheFantasyWorldSimulator/src/engine/traits.ts:44:25)
    at syncReputationTrait (C:/Users/chris/Dev/Projects/TheFantasyWorldSimulator/src/engine/phaseReputationTraits.ts:297:5)
    at phaseReputationTraits (C:/Users/chris/Dev/Projects/TheFantasyWorldSimulator/src/engine/phaseReputationTraits.ts:273:7)
    at runTick (C:/Users/chris/Dev/Projects/TheFantasyWorldSimulator/src/engine/orchestrator.ts:1896:18)
    at C:/Users/chris/Dev/Projects/TheFantasyWorldSimulator/src/engine/__tests__/contracts/encounter-liveness.contract.test.ts:222:17
    at file:///C:/Users/chris/Dev/Projects/TheFantasyWorldSimulator/node_modules/@vitest/runner/dist/index.js:145:11
    at file:///C:/Users/chris/Dev/Projects/TheFantasyWorldSimulator/node_modules/@vitest/runner/dist/index.js:915:26
    at file:///C:/Users/chris/Dev/Projects/TheFantasyWorldSimulator/node_modules/@vitest/runner/dist/index.js:1243:20
    at new Promise (<anonymous>)
    at runWithTimeout (file:///C:/Users/chris/Dev/Projects/TheFantasyWorldSimulator/node_modules/@vitest/runner/dist/index.js:1209:10)
[Orchestrator] Tick crashed, returning previous state: Error: Trait not found: trait.reputation.power.renown
    at assignTrait (C:/Users/chris/Dev/Projects/TheFantasyWorldSimulator/src/engine/traits.ts:44:25)
    at syncReputationTrait (C:/Users/chris/Dev/Projects/TheFantasyWorldSimulator/src/engine/phaseReputationTraits.ts:297:5)
    at phaseReputationTraits (C:/Users/chris/Dev/Projects/TheFantasyWorldSimulator/src/engine/phaseReputationTraits.ts:273:7)
    at runTick (C:/Users/chris/Dev/Projects/TheFantasyWorldSimulator/src/engine/orchestrator.ts:1896:18)
    at C:/Users/chris/Dev/Projects/TheFantasyWorldSimulator/src/engine/__tests__/contracts/encounter-liveness.contract.test.ts:222:17
    at file:///C:/Users/chris/Dev/Projects/TheFantasyWorldSimulator/node_modules/@vitest/runner/dist/index.js:145:11
    at file:///C:/Users/chris/Dev/Projects/TheFantasyWorldSimulator/node_modules/@vitest/runner/dist/index.js:915:26
    at file:///C:/Users/chris/Dev/Projects/TheFantasyWorldSimulator/node_modules/@vitest/runner/dist/index.js:1243:20
    at new Promise (<anonymous>)
    at runWithTimeout (file:///C:/Users/chris/Dev/Projects/TheFantasyWorldSimulator/node_modules/@vitest/runner/dist/index.js:1209:10)
[Orchestrator] Tick crashed, returning previous state: Error: Trait not found: trait.reputation.power.renown
    at assignTrait (C:/Users/chris/Dev/Projects/TheFantasyWorldSimulator/src/engine/traits.ts:44:25)
    at syncReputationTrait (C:/Users/chris/Dev/Projects/TheFantasyWorldSimulator/src/engine/phaseReputationTraits.ts:297:5)
    at phaseReputationTraits (C:/Users/chris/Dev/Projects/TheFantasyWorldSimulator/src/engine/phaseReputationTraits.ts:273:7)
    at runTick (C:/Users/chris/Dev/Projects/TheFantasyWorldSimulator/src/engine/orchestrator.ts:1896:18)
    at C:/Users/chris/Dev/Projects/TheFantasyWorldSimulator/src/engine/__tests__/contracts/encounter-liveness.contract.test.ts:222:17
    at file:///C:/Users/chris/Dev/Projects/TheFantasyWorldSimulator/node_modules/@vitest/runner/dist/index.js:145:11
    at file:///C:/Users/chris/Dev/Projects/TheFantasyWorldSimulator/node_modules/@vitest/runner/dist/index.js:915:26
    at file:///C:/Users/chris/Dev/Projects/TheFantasyWorldSimulator/node_modules/@vitest/runner/dist/index.js:1243:20
    at new Promise (<anonymous>)
    at runWithTimeout (file:///C:/Users/chris/Dev/Projects/TheFantasyWorldSimulator/node_modules/@vitest/runner/dist/index.js:1209:10)
[Orchestrator] Tick crashed, returning previous state: Error: Trait not found: trait.reputation.power.renown
    at assignTrait (C:/Users/chris/Dev/Projects/TheFantasyWorldSimulator/src/engine/traits.ts:44:25)
    at syncReputationTrait (C:/Users/chris/Dev/Projects/TheFantasyWorldSimulator/src/engine/phaseReputationTraits.ts:297:5)
    at phaseReputationTraits (C:/Users/chris/Dev/Projects/TheFantasyWorldSimulator/src/engine/phaseReputationTraits.ts:273:7)
    at runTick (C:/Users/chris/Dev/Projects/TheFantasyWorldSimulator/src/engine/orchestrator.ts:1896:18)
    at C:/Users/chris/Dev/Projects/TheFantasyWorldSimulator/src/engine/__tests__/contracts/encounter-liveness.contract.test.ts:222:17
    at file:///C:/Users/chris/Dev/Projects/TheFantasyWorldSimulator/node_modules/@vitest/runner/dist/index.js:145:11
    at file:///C:/Users/chris/Dev/Projects/TheFantasyWorldSimulator/node_modules/@vitest/runner/dist/index.js:915:26
    at file:///C:/Users/chris/Dev/Projects/TheFantasyWorldSimulator/node_modules/@vitest/runner/dist/index.js:1243:20
    at new Promise (<anonymous>)
    at runWithTimeout (file:///C:/Users/chris/Dev/Projects/TheFantasyWorldSimulator/node_modules/@vitest/runner/dist/index.js:1209:10)
[Orchestrator] Tick crashed, returning previous state: Error: Trait not found: trait.reputation.power.renown
    at assignTrait (C:/Users/chris/Dev/Projects/TheFantasyWorldSimulator/src/engine/traits.ts:44:25)
    at syncReputationTrait (C:/Users/chris/Dev/Projects/TheFantasyWorldSimulator/src/engine/phaseReputationTraits.ts:297:5)
    at phaseReputationTraits (C:/Users/chris/Dev/Projects/TheFantasyWorldSimulator/src/engine/phaseReputationTraits.ts:273:7)
    at runTick (C:/Users/chris/Dev/Projects/TheFantasyWorldSimulator/src/engine/orchestrator.ts:1896:18)
    at C:/Users/chris/Dev/Projects/TheFantasyWorldSimulator/src/engine/__tests__/contracts/encounter-liveness.contract.test.ts:222:17
    at file:///C:/Users/chris/Dev/Projects/TheFantasyWorldSimulator/node_modules/@vitest/runner/dist/index.js:145:11
    at file:///C:/Users/chris/Dev/Projects/TheFantasyWorldSimulator/node_modules/@vitest/runner/dist/index.js:915:26
    at file:///C:/Users/chris/Dev/Projects/TheFantasyWorldSimulator/node_modules/@vitest/runner/dist/index.js:1243:20
    at new Promise (<anonymous>)
    at runWithTimeout (file:///C:/Users/chris/Dev/Projects/TheFantasyWorldSimulator/node_modules/@vitest/runner/dist/index.js:1209:10)
[Orchestrator] Tick crashed, returning previous state: Error: Trait not found: trait.reputation.power.renown
    at assignTrait (C:/Users/chris/Dev/Projects/TheFantasyWorldSimulator/src/engine/traits.ts:44:25)
    at syncReputationTrait (C:/Users/chris/Dev/Projects/TheFantasyWorldSimulator/src/engine/phaseReputationTraits.ts:297:5)
    at phaseReputationTraits (C:/Users/chris/Dev/Projects/TheFantasyWorldSimulator/src/engine/phaseReputationTraits.ts:273:7)
    at runTick (C:/Users/chris/Dev/Projects/TheFantasyWorldSimulator/src/engine/orchestrator.ts:1896:18)
    at C:/Users/chris/Dev/Projects/TheFantasyWorldSimulator/src/engine/__tests__/contracts/encounter-liveness.contract.test.ts:222:17
    at file:///C:/Users/chris/Dev/Projects/TheFantasyWorldSimulator/node_modules/@vitest/runner/dist/index.js:145:11
    at file:///C:/Users/chris/Dev/Projects/TheFantasyWorldSimulator/node_modules/@vitest/runner/dist/index.js:915:26
    at file:///C:/Users/chris/Dev/Projects/TheFantasyWorldSimulator/node_modules/@vitest/runner/dist/index.js:1243:20
    at new Promise (<anonymous>)
    at runWithTimeout (file:///C:/Users/chris/Dev/Projects/TheFantasyWorldSimulator/node_modules/@vitest/runner/dist/index.js:1209:10)
[Orchestrator] Tick crashed, returning previous state: Error: Trait not found: trait.reputation.power.renown
    at assignTrait (C:/Users/chris/Dev/Projects/TheFantasyWorldSimulator/src/engine/traits.ts:44:25)
    at syncReputationTrait (C:/Users/chris/Dev/Projects/TheFantasyWorldSimulator/src/engine/phaseReputationTraits.ts:297:5)
    at phaseReputationTraits (C:/Users/chris/Dev/Projects/TheFantasyWorldSimulator/src/engine/phaseReputationTraits.ts:273:7)
    at runTick (C:/Users/chris/Dev/Projects/TheFantasyWorldSimulator/src/engine/orchestrator.ts:1896:18)
    at C:/Users/chris/Dev/Projects/TheFantasyWorldSimulator/src/engine/__tests__/contracts/encounter-liveness.contract.test.ts:222:17
    at file:///C:/Users/chris/Dev/Projects/TheFantasyWorldSimulator/node_modules/@vitest/runner/dist/index.js:145:11
    at file:///C:/Users/chris/Dev/Projects/TheFantasyWorldSimulator/node_modules/@vitest/runner/dist/index.js:915:26
    at file:///C:/Users/chris/Dev/Projects/TheFantasyWorldSimulator/node_modules/@vitest/runner/dist/index.js:1243:20
    at new Promise (<anonymous>)
    at runWithTimeout (file:///C:/Users/chris/Dev/Projects/TheFantasyWorldSimulator/node_modules/@vitest/runner/dist/index.js:1209:10)
[Orchestrator] Tick crashed, returning previous state: Error: Trait not found: trait.reputation.power.renown
    at assignTrait (C:/Users/chris/Dev/Projects/TheFantasyWorldSimulator/src/engine/traits.ts:44:25)
    at syncReputationTrait (C:/Users/chris/Dev/Projects/TheFantasyWorldSimulator/src/engine/phaseReputationTraits.ts:297:5)
    at phaseReputationTraits (C:/Users/chris/Dev/Projects/TheFantasyWorldSimulator/src/engine/phaseReputationTraits.ts:273:7)
    at runTick (C:/Users/chris/Dev/Projects/TheFantasyWorldSimulator/src/engine/orchestrator.ts:1896:18)
    at C:/Users/chris/Dev/Projects/TheFantasyWorldSimulator/src/engine/__tests__/contracts/encounter-liveness.contract.test.ts:222:17
    at file:///C:/Users/chris/Dev/Projects/TheFantasyWorldSimulator/node_modules/@vitest/runner/dist/index.js:145:11
    at file:///C:/Users/chris/Dev/Projects/TheFantasyWorldSimulator/node_modules/@vitest/runner/dist/index.js:915:26
    at file:///C:/Users/chris/Dev/Projects/TheFantasyWorldSimulator/node_modules/@vitest/runner/dist/index.js:1243:20
    at new Promise (<anonymous>)
    at runWithTimeout (file:///C:/Users/chris/Dev/Projects/TheFantasyWorldSimulator/node_modules/@vitest/runner/dist/index.js:1209:10)
[Orchestrator] Tick crashed, returning previous state: Error: Trait not found: trait.reputation.power.renown
    at assignTrait (C:/Users/chris/Dev/Projects/TheFantasyWorldSimulator/src/engine/traits.ts:44:25)
    at syncReputationTrait (C:/Users/chris/Dev/Projects/TheFantasyWorldSimulator/src/engine/phaseReputationTraits.ts:297:5)
    at phaseReputationTraits (C:/Users/chris/Dev/Projects/TheFantasyWorldSimulator/src/engine/phaseReputationTraits.ts:273:7)
    at runTick (C:/Users/chris/Dev/Projects/TheFantasyWorldSimulator/src/engine/orchestrator.ts:1896:18)
    at C:/Users/chris/Dev/Projects/TheFantasyWorldSimulator/src/engine/__tests__/contracts/encounter-liveness.contract.test.ts:222:17
    at file:///C:/Users/chris/Dev/Projects/TheFantasyWorldSimulator/node_modules/@vitest/runner/dist/index.js:145:11
    at file:///C:/Users/chris/Dev/Projects/TheFantasyWorldSimulator/node_modules/@vitest/runner/dist/index.js:915:26
    at file:///C:/Users/chris/Dev/Projects/TheFantasyWorldSimulator/node_modules/@vitest/runner/dist/index.js:1243:20
    at new Promise (<anonymous>)
    at runWithTimeout (file:///C:/Users/chris/Dev/Projects/TheFantasyWorldSimulator/node_modules/@vitest/runner/dist/index.js:1209:10)
[Orchestrator] Tick crashed, returning previous state: Error: Trait not found: trait.reputation.power.renown
    at assignTrait (C:/Users/chris/Dev/Projects/TheFantasyWorldSimulator/src/engine/traits.ts:44:25)
    at syncReputationTrait (C:/Users/chris/Dev/Projects/TheFantasyWorldSimulator/src/engine/phaseReputationTraits.ts:297:5)
    at phaseReputationTraits (C:/Users/chris/Dev/Projects/TheFantasyWorldSimulator/src/engine/phaseReputationTraits.ts:273:7)
    at runTick (C:/Users/chris/Dev/Projects/TheFantasyWorldSimulator/src/engine/orchestrator.ts:1896:18)
    at C:/Users/chris/Dev/Projects/TheFantasyWorldSimulator/src/engine/__tests__/contracts/encounter-liveness.contract.test.ts:222:17
    at file:///C:/Users/chris/Dev/Projects/TheFantasyWorldSimulator/node_modules/@vitest/runner/dist/index.js:145:11
    at file:///C:/Users/chris/Dev/Projects/TheFantasyWorldSimulator/node_modules/@vitest/runner/dist/index.js:915:26
    at file:///C:/Users/chris/Dev/Projects/TheFantasyWorldSimulator/node_modules/@vitest/runner/dist/index.js:1243:20
    at new Promise (<anonymous>)
    at runWithTimeout (file:///C:/Users/chris/Dev/Projects/TheFantasyWorldSimulator/node_modules/@vitest/runner/dist/index.js:1209:10)
[Orchestrator] Tick crashed, returning previous state: Error: Trait not found: trait.reputation.power.renown
    at assignTrait (C:/Users/chris/Dev/Projects/TheFantasyWorldSimulator/src/engine/traits.ts:44:25)
    at syncReputationTrait (C:/Users/chris/Dev/Projects/TheFantasyWorldSimulator/src/engine/phaseReputationTraits.ts:297:5)
    at phaseReputationTraits (C:/Users/chris/Dev/Projects/TheFantasyWorldSimulator/src/engine/phaseReputationTraits.ts:273:7)
    at runTick (C:/Users/chris/Dev/Projects/TheFantasyWorldSimulator/src/engine/orchestrator.ts:1896:18)
    at C:/Users/chris/Dev/Projects/TheFantasyWorldSimulator/src/engine/__tests__/contracts/encounter-liveness.contract.test.ts:222:17
    at file:///C:/Users/chris/Dev/Projects/TheFantasyWorldSimulator/node_modules/@vitest/runner/dist/index.js:145:11
    at file:///C:/Users/chris/Dev/Projects/TheFantasyWorldSimulator/node_modules/@vitest/runner/dist/index.js:915:26
    at file:///C:/Users/chris/Dev/Projects/TheFantasyWorldSimulator/node_modules/@vitest/runner/dist/index.js:1243:20
    at new Promise (<anonymous>)
    at runWithTimeout (file:///C:/Users/chris/Dev/Projects/TheFantasyWorldSimulator/node_modules/@vitest/runner/dist/index.js:1209:10)
[Orchestrator] Tick crashed, returning previous state: Error: Trait not found: trait.reputation.power.renown
    at assignTrait (C:/Users/chris/Dev/Projects/TheFantasyWorldSimulator/src/engine/traits.ts:44:25)
    at syncReputationTrait (C:/Users/chris/Dev/Projects/TheFantasyWorldSimulator/src/engine/phaseReputationTraits.ts:297:5)
    at phaseReputationTraits (C:/Users/chris/Dev/Projects/TheFantasyWorldSimulator/src/engine/phaseReputationTraits.ts:273:7)
    at runTick (C:/Users/chris/Dev/Projects/TheFantasyWorldSimulator/src/engine/orchestrator.ts:1896:18)
    at C:/Users/chris/Dev/Projects/TheFantasyWorldSimulator/src/engine/__tests__/contracts/encounter-liveness.contract.test.ts:222:17
    at file:///C:/Users/chris/Dev/Projects/TheFantasyWorldSimulator/node_modules/@vitest/runner/dist/index.js:145:11
    at file:///C:/Users/chris/Dev/Projects/TheFantasyWorldSimulator/node_modules/@vitest/runner/dist/index.js:915:26
    at file:///C:/Users/chris/Dev/Projects/TheFantasyWorldSimulator/node_modules/@vitest/runner/dist/index.js:1243:20
    at new Promise (<anonymous>)
    at runWithTimeout (file:///C:/Users/chris/Dev/Projects/TheFantasyWorldSimulator/node_modules/@vitest/runner/dist/index.js:1209:10)
[Orchestrator] Tick crashed, returning previous state: Error: Trait not found: trait.reputation.power.renown
    at assignTrait (C:/Users/chris/Dev/Projects/TheFantasyWorldSimulator/src/engine/traits.ts:44:25)
    at syncReputationTrait (C:/Users/chris/Dev/Projects/TheFantasyWorldSimulator/src/engine/phaseReputationTraits.ts:297:5)
    at phaseReputationTraits (C:/Users/chris/Dev/Projects/TheFantasyWorldSimulator/src/engine/phaseReputationTraits.ts:273:7)
    at runTick (C:/Users/chris/Dev/Projects/TheFantasyWorldSimulator/src/engine/orchestrator.ts:1896:18)
    at C:/Users/chris/Dev/Projects/TheFantasyWorldSimulator/src/engine/__tests__/contracts/encounter-liveness.contract.test.ts:222:17
    at file:///C:/Users/chris/Dev/Projects/TheFantasyWorldSimulator/node_modules/@vitest/runner/dist/index.js:145:11
    at file:///C:/Users/chris/Dev/Projects/TheFantasyWorldSimulator/node_modules/@vitest/runner/dist/index.js:915:26
    at file:///C:/Users/chris/Dev/Projects/TheFantasyWorldSimulator/node_modules/@vitest/runner/dist/index.js:1243:20
    at new Promise (<anonymous>)
    at runWithTimeout (file:///C:/Users/chris/Dev/Projects/TheFantasyWorldSimulator/node_modules/@vitest/runner/dist/index.js:1209:10)
[Orchestrator] Tick crashed, returning previous state: Error: Trait not found: trait.reputation.power.renown
    at assignTrait (C:/Users/chris/Dev/Projects/TheFantasyWorldSimulator/src/engine/traits.ts:44:25)
    at syncReputationTrait (C:/Users/chris/Dev/Projects/TheFantasyWorldSimulator/src/engine/phaseReputationTraits.ts:297:5)
    at phaseReputationTraits (C:/Users/chris/Dev/Projects/TheFantasyWorldSimulator/src/engine/phaseReputationTraits.ts:273:7)
    at runTick (C:/Users/chris/Dev/Projects/TheFantasyWorldSimulator/src/engine/orchestrator.ts:1896:18)
    at C:/Users/chris/Dev/Projects/TheFantasyWorldSimulator/src/engine/__tests__/contracts/encounter-liveness.contract.test.ts:222:17
    at file:///C:/Users/chris/Dev/Projects/TheFantasyWorldSimulator/node_modules/@vitest/runner/dist/index.js:145:11
    at file:///C:/Users/chris/Dev/Projects/TheFantasyWorldSimulator/node_modules/@vitest/runner/dist/index.js:915:26
    at file:///C:/Users/chris/Dev/Projects/TheFantasyWorldSimulator/node_modules/@vitest/runner/dist/index.js:1243:20
    at new Promise (<anonymous>)
    at runWithTimeout (file:///C:/Users/chris/Dev/Projects/TheFantasyWorldSimulator/node_modules/@vitest/runner/dist/index.js:1209:10)
[Orchestrator] Tick crashed, returning previous state: Error: Trait not found: trait.reputation.power.renown
    at assignTrait (C:/Users/chris/Dev/Projects/TheFantasyWorldSimulator/src/engine/traits.ts:44:25)
    at syncReputationTrait (C:/Users/chris/Dev/Projects/TheFantasyWorldSimulator/src/engine/phaseReputationTraits.ts:297:5)
    at phaseReputationTraits (C:/Users/chris/Dev/Projects/TheFantasyWorldSimulator/src/engine/phaseReputationTraits.ts:273:7)
    at runTick (C:/Users/chris/Dev/Projects/TheFantasyWorldSimulator/src/engine/orchestrator.ts:1896:18)
    at C:/Users/chris/Dev/Projects/TheFantasyWorldSimulator/src/engine/__tests__/contracts/encounter-liveness.contract.test.ts:222:17
    at file:///C:/Users/chris/Dev/Projects/TheFantasyWorldSimulator/node_modules/@vitest/runner/dist/index.js:145:11
    at file:///C:/Users/chris/Dev/Projects/TheFantasyWorldSimulator/node_modules/@vitest/runner/dist/index.js:915:26
    at file:///C:/Users/chris/Dev/Projects/TheFantasyWorldSimulator/node_modules/@vitest/runner/dist/index.js:1243:20
    at new Promise (<anonymous>)
    at runWithTimeout (file:///C:/Users/chris/Dev/Projects/TheFantasyWorldSimulator/node_modules/@vitest/runner/dist/index.js:1209:10)
[Orchestrator] Tick crashed, returning previous state: Error: Trait not found: trait.reputation.power.renown
    at assignTrait (C:/Users/chris/Dev/Projects/TheFantasyWorldSimulator/src/engine/traits.ts:44:25)
    at syncReputationTrait (C:/Users/chris/Dev/Projects/TheFantasyWorldSimulator/src/engine/phaseReputationTraits.ts:297:5)
    at phaseReputationTraits (C:/Users/chris/Dev/Projects/TheFantasyWorldSimulator/src/engine/phaseReputationTraits.ts:273:7)
    at runTick (C:/Users/chris/Dev/Projects/TheFantasyWorldSimulator/src/engine/orchestrator.ts:1896:18)
    at C:/Users/chris/Dev/Projects/TheFantasyWorldSimulator/src/engine/__tests__/contracts/encounter-liveness.contract.test.ts:222:17
    at file:///C:/Users/chris/Dev/Projects/TheFantasyWorldSimulator/node_modules/@vitest/runner/dist/index.js:145:11
    at file:///C:/Users/chris/Dev/Projects/TheFantasyWorldSimulator/node_modules/@vitest/runner/dist/index.js:915:26
    at file:///C:/Users/chris/Dev/Projects/TheFantasyWorldSimulator/node_modules/@vitest/runner/dist/index.js:1243:20
    at new Promise (<anonymous>)
    at runWithTimeout (file:///C:/Users/chris/Dev/Projects/TheFantasyWorldSimulator/node_modules/@vitest/runner/dist/index.js:1209:10)
[Orchestrator] Tick crashed, returning previous state: Error: Trait not found: trait.reputation.power.renown
    at assignTrait (C:/Users/chris/Dev/Projects/TheFantasyWorldSimulator/src/engine/traits.ts:44:25)
    at syncReputationTrait (C:/Users/chris/Dev/Projects/TheFantasyWorldSimulator/src/engine/phaseReputationTraits.ts:297:5)
    at phaseReputationTraits (C:/Users/chris/Dev/Projects/TheFantasyWorldSimulator/src/engine/phaseReputationTraits.ts:273:7)
    at runTick (C:/Users/chris/Dev/Projects/TheFantasyWorldSimulator/src/engine/orchestrator.ts:1896:18)
    at C:/Users/chris/Dev/Projects/TheFantasyWorldSimulator/src/engine/__tests__/contracts/encounter-liveness.contract.test.ts:222:17
    at file:///C:/Users/chris/Dev/Projects/TheFantasyWorldSimulator/node_modules/@vitest/runner/dist/index.js:145:11
    at file:///C:/Users/chris/Dev/Projects/TheFantasyWorldSimulator/node_modules/@vitest/runner/dist/index.js:915:26
    at file:///C:/Users/chris/Dev/Projects/TheFantasyWorldSimulator/node_modules/@vitest/runner/dist/index.js:1243:20
    at new Promise (<anonymous>)
    at runWithTimeout (file:///C:/Users/chris/Dev/Projects/TheFantasyWorldSimulator/node_modules/@vitest/runner/dist/index.js:1209:10)
[Orchestrator] Tick crashed, returning previous state: Error: Trait not found: trait.reputation.power.renown
    at assignTrait (C:/Users/chris/Dev/Projects/TheFantasyWorldSimulator/src/engine/traits.ts:44:25)
    at syncReputationTrait (C:/Users/chris/Dev/Projects/TheFantasyWorldSimulator/src/engine/phaseReputationTraits.ts:297:5)
    at phaseReputationTraits (C:/Users/chris/Dev/Projects/TheFantasyWorldSimulator/src/engine/phaseReputationTraits.ts:273:7)
    at runTick (C:/Users/chris/Dev/Projects/TheFantasyWorldSimulator/src/engine/orchestrator.ts:1896:18)
    at C:/Users/chris/Dev/Projects/TheFantasyWorldSimulator/src/engine/__tests__/contracts/encounter-liveness.contract.test.ts:222:17
    at file:///C:/Users/chris/Dev/Projects/TheFantasyWorldSimulator/node_modules/@vitest/runner/dist/index.js:145:11
    at file:///C:/Users/chris/Dev/Projects/TheFantasyWorldSimulator/node_modules/@vitest/runner/dist/index.js:915:26
    at file:///C:/Users/chris/Dev/Projects/TheFantasyWorldSimulator/node_modules/@vitest/runner/dist/index.js:1243:20
    at new Promise (<anonymous>)
    at runWithTimeout (file:///C:/Users/chris/Dev/Projects/TheFantasyWorldSimulator/node_modules/@vitest/runner/dist/index.js:1209:10)
[Orchestrator] Tick crashed, returning previous state: Error: Trait not found: trait.reputation.power.renown
    at assignTrait (C:/Users/chris/Dev/Projects/TheFantasyWorldSimulator/src/engine/traits.ts:44:25)
    at syncReputationTrait (C:/Users/chris/Dev/Projects/TheFantasyWorldSimulator/src/engine/phaseReputationTraits.ts:297:5)
    at phaseReputationTraits (C:/Users/chris/Dev/Projects/TheFantasyWorldSimulator/src/engine/phaseReputationTraits.ts:273:7)
    at runTick (C:/Users/chris/Dev/Projects/TheFantasyWorldSimulator/src/engine/orchestrator.ts:1896:18)
    at C:/Users/chris/Dev/Projects/TheFantasyWorldSimulator/src/engine/__tests__/contracts/encounter-liveness.contract.test.ts:222:17
    at file:///C:/Users/chris/Dev/Projects/TheFantasyWorldSimulator/node_modules/@vitest/runner/dist/index.js:145:11
    at file:///C:/Users/chris/Dev/Projects/TheFantasyWorldSimulator/node_modules/@vitest/runner/dist/index.js:915:26
    at file:///C:/Users/chris/Dev/Projects/TheFantasyWorldSimulator/node_modules/@vitest/runner/dist/index.js:1243:20
    at new Promise (<anonymous>)
    at runWithTimeout (file:///C:/Users/chris/Dev/Projects/TheFantasyWorldSimulator/node_modules/@vitest/runner/dist/index.js:1209:10)
[Orchestrator] Tick crashed, returning previous state: Error: Trait not found: trait.reputation.power.renown
    at assignTrait (C:/Users/chris/Dev/Projects/TheFantasyWorldSimulator/src/engine/traits.ts:44:25)
    at syncReputationTrait (C:/Users/chris/Dev/Projects/TheFantasyWorldSimulator/src/engine/phaseReputationTraits.ts:297:5)
    at phaseReputationTraits (C:/Users/chris/Dev/Projects/TheFantasyWorldSimulator/src/engine/phaseReputationTraits.ts:273:7)
    at runTick (C:/Users/chris/Dev/Projects/TheFantasyWorldSimulator/src/engine/orchestrator.ts:1896:18)
    at C:/Users/chris/Dev/Projects/TheFantasyWorldSimulator/src/engine/__tests__/contracts/encounter-liveness.contract.test.ts:222:17
    at file:///C:/Users/chris/Dev/Projects/TheFantasyWorldSimulator/node_modules/@vitest/runner/dist/index.js:145:11
    at file:///C:/Users/chris/Dev/Projects/TheFantasyWorldSimulator/node_modules/@vitest/runner/dist/index.js:915:26
    at file:///C:/Users/chris/Dev/Projects/TheFantasyWorldSimulator/node_modules/@vitest/runner/dist/index.js:1243:20
    at new Promise (<anonymous>)
    at runWithTimeout (file:///C:/Users/chris/Dev/Projects/TheFantasyWorldSimulator/node_modules/@vitest/runner/dist/index.js:1209:10)
[Orchestrator] Tick crashed, returning previous state: Error: Trait not found: trait.reputation.power.renown
    at assignTrait (C:/Users/chris/Dev/Projects/TheFantasyWorldSimulator/src/engine/traits.ts:44:25)
    at syncReputationTrait (C:/Users/chris/Dev/Projects/TheFantasyWorldSimulator/src/engine/phaseReputationTraits.ts:297:5)
    at phaseReputationTraits (C:/Users/chris/Dev/Projects/TheFantasyWorldSimulator/src/engine/phaseReputationTraits.ts:273:7)
    at runTick (C:/Users/chris/Dev/Projects/TheFantasyWorldSimulator/src/engine/orchestrator.ts:1896:18)
    at C:/Users/chris/Dev/Projects/TheFantasyWorldSimulator/src/engine/__tests__/contracts/encounter-liveness.contract.test.ts:222:17
    at file:///C:/Users/chris/Dev/Projects/TheFantasyWorldSimulator/node_modules/@vitest/runner/dist/index.js:145:11
    at file:///C:/Users/chris/Dev/Projects/TheFantasyWorldSimulator/node_modules/@vitest/runner/dist/index.js:915:26
    at file:///C:/Users/chris/Dev/Projects/TheFantasyWorldSimulator/node_modules/@vitest/runner/dist/index.js:1243:20
    at new Promise (<anonymous>)
    at runWithTimeout (file:///C:/Users/chris/Dev/Projects/TheFantasyWorldSimulator/node_modules/@vitest/runner/dist/index.js:1209:10)
[Orchestrator] Tick crashed, returning previous state: Error: Trait not found: trait.reputation.power.renown
    at assignTrait (C:/Users/chris/Dev/Projects/TheFantasyWorldSimulator/src/engine/traits.ts:44:25)
    at syncReputationTrait (C:/Users/chris/Dev/Projects/TheFantasyWorldSimulator/src/engine/phaseReputationTraits.ts:297:5)
    at phaseReputationTraits (C:/Users/chris/Dev/Projects/TheFantasyWorldSimulator/src/engine/phaseReputationTraits.ts:273:7)
    at runTick (C:/Users/chris/Dev/Projects/TheFantasyWorldSimulator/src/engine/orchestrator.ts:1896:18)
    at C:/Users/chris/Dev/Projects/TheFantasyWorldSimulator/src/engine/__tests__/contracts/encounter-liveness.contract.test.ts:222:17
    at file:///C:/Users/chris/Dev/Projects/TheFantasyWorldSimulator/node_modules/@vitest/runner/dist/index.js:145:11
    at file:///C:/Users/chris/Dev/Projects/TheFantasyWorldSimulator/node_modules/@vitest/runner/dist/index.js:915:26
    at file:///C:/Users/chris/Dev/Projects/TheFantasyWorldSimulator/node_modules/@vitest/runner/dist/index.js:1243:20
    at new Promise (<anonymous>)
    at runWithTimeout (file:///C:/Users/chris/Dev/Projects/TheFantasyWorldSimulator/node_modules/@vitest/runner/dist/index.js:1209:10)
[Orchestrator] Tick crashed, returning previous state: Error: Trait not found: trait.reputation.power.renown
    at assignTrait (C:/Users/chris/Dev/Projects/TheFantasyWorldSimulator/src/engine/traits.ts:44:25)
    at syncReputationTrait (C:/Users/chris/Dev/Projects/TheFantasyWorldSimulator/src/engine/phaseReputationTraits.ts:297:5)
    at phaseReputationTraits (C:/Users/chris/Dev/Projects/TheFantasyWorldSimulator/src/engine/phaseReputationTraits.ts:273:7)
    at runTick (C:/Users/chris/Dev/Projects/TheFantasyWorldSimulator/src/engine/orchestrator.ts:1896:18)
    at C:/Users/chris/Dev/Projects/TheFantasyWorldSimulator/src/engine/__tests__/contracts/encounter-liveness.contract.test.ts:222:17
    at file:///C:/Users/chris/Dev/Projects/TheFantasyWorldSimulator/node_modules/@vitest/runner/dist/index.js:145:11
    at file:///C:/Users/chris/Dev/Projects/TheFantasyWorldSimulator/node_modules/@vitest/runner/dist/index.js:915:26
    at file:///C:/Users/chris/Dev/Projects/TheFantasyWorldSimulator/node_modules/@vitest/runner/dist/index.js:1243:20
    at new Promise (<anonymous>)
    at runWithTimeout (file:///C:/Users/chris/Dev/Projects/TheFantasyWorldSimulator/node_modules/@vitest/runner/dist/index.js:1209:10)
[Orchestrator] Tick crashed, returning previous state: Error: Trait not found: trait.reputation.power.renown
    at assignTrait (C:/Users/chris/Dev/Projects/TheFantasyWorldSimulator/src/engine/traits.ts:44:25)
    at syncReputationTrait (C:/Users/chris/Dev/Projects/TheFantasyWorldSimulator/src/engine/phaseReputationTraits.ts:297:5)
    at phaseReputationTraits (C:/Users/chris/Dev/Projects/TheFantasyWorldSimulator/src/engine/phaseReputationTraits.ts:273:7)
    at runTick (C:/Users/chris/Dev/Projects/TheFantasyWorldSimulator/src/engine/orchestrator.ts:1896:18)
    at C:/Users/chris/Dev/Projects/TheFantasyWorldSimulator/src/engine/__tests__/contracts/encounter-liveness.contract.test.ts:222:17
    at file:///C:/Users/chris/Dev/Projects/TheFantasyWorldSimulator/node_modules/@vitest/runner/dist/index.js:145:11
    at file:///C:/Users/chris/Dev/Projects/TheFantasyWorldSimulator/node_modules/@vitest/runner/dist/index.js:915:26
    at file:///C:/Users/chris/Dev/Projects/TheFantasyWorldSimulator/node_modules/@vitest/runner/dist/index.js:1243:20
    at new Promise (<anonymous>)
    at runWithTimeout (file:///C:/Users/chris/Dev/Projects/TheFantasyWorldSimulator/node_modules/@vitest/runner/dist/index.js:1209:10)
[Orchestrator] Tick crashed, returning previous state: Error: Trait not found: trait.reputation.power.renown
    at assignTrait (C:/Users/chris/Dev/Projects/TheFantasyWorldSimulator/src/engine/traits.ts:44:25)
    at syncReputationTrait (C:/Users/chris/Dev/Projects/TheFantasyWorldSimulator/src/engine/phaseReputationTraits.ts:297:5)
    at phaseReputationTraits (C:/Users/chris/Dev/Projects/TheFantasyWorldSimulator/src/engine/phaseReputationTraits.ts:273:7)
    at runTick (C:/Users/chris/Dev/Projects/TheFantasyWorldSimulator/src/engine/orchestrator.ts:1896:18)
    at C:/Users/chris/Dev/Projects/TheFantasyWorldSimulator/src/engine/__tests__/contracts/encounter-liveness.contract.test.ts:222:17
    at file:///C:/Users/chris/Dev/Projects/TheFantasyWorldSimulator/node_modules/@vitest/runner/dist/index.js:145:11
    at file:///C:/Users/chris/Dev/Projects/TheFantasyWorldSimulator/node_modules/@vitest/runner/dist/index.js:915:26
    at file:///C:/Users/chris/Dev/Projects/TheFantasyWorldSimulator/node_modules/@vitest/runner/dist/index.js:1243:20
    at new Promise (<anonymous>)
    at runWithTimeout (file:///C:/Users/chris/Dev/Projects/TheFantasyWorldSimulator/node_modules/@vitest/runner/dist/index.js:1209:10)
[Orchestrator] Tick crashed, returning previous state: Error: Trait not found: trait.reputation.power.renown
    at assignTrait (C:/Users/chris/Dev/Projects/TheFantasyWorldSimulator/src/engine/traits.ts:44:25)
    at syncReputationTrait (C:/Users/chris/Dev/Projects/TheFantasyWorldSimulator/src/engine/phaseReputationTraits.ts:297:5)
    at phaseReputationTraits (C:/Users/chris/Dev/Projects/TheFantasyWorldSimulator/src/engine/phaseReputationTraits.ts:273:7)
    at runTick (C:/Users/chris/Dev/Projects/TheFantasyWorldSimulator/src/engine/orchestrator.ts:1896:18)
    at C:/Users/chris/Dev/Projects/TheFantasyWorldSimulator/src/engine/__tests__/contracts/encounter-liveness.contract.test.ts:222:17
    at file:///C:/Users/chris/Dev/Projects/TheFantasyWorldSimulator/node_modules/@vitest/runner/dist/index.js:145:11
    at file:///C:/Users/chris/Dev/Projects/TheFantasyWorldSimulator/node_modules/@vitest/runner/dist/index.js:915:26
    at file:///C:/Users/chris/Dev/Projects/TheFantasyWorldSimulator/node_modules/@vitest/runner/dist/index.js:1243:20
    at new Promise (<anonymous>)
    at runWithTimeout (file:///C:/Users/chris/Dev/Projects/TheFantasyWorldSimulator/node_modules/@vitest/runner/dist/index.js:1209:10)
[Orchestrator] Tick crashed, returning previous state: Error: Trait not found: trait.reputation.power.renown
    at assignTrait (C:/Users/chris/Dev/Projects/TheFantasyWorldSimulator/src/engine/traits.ts:44:25)
    at syncReputationTrait (C:/Users/chris/Dev/Projects/TheFantasyWorldSimulator/src/engine/phaseReputationTraits.ts:297:5)
    at phaseReputationTraits (C:/Users/chris/Dev/Projects/TheFantasyWorldSimulator/src/engine/phaseReputationTraits.ts:273:7)
    at runTick (C:/Users/chris/Dev/Projects/TheFantasyWorldSimulator/src/engine/orchestrator.ts:1896:18)
    at C:/Users/chris/Dev/Projects/TheFantasyWorldSimulator/src/engine/__tests__/contracts/encounter-liveness.contract.test.ts:222:17
    at file:///C:/Users/chris/Dev/Projects/TheFantasyWorldSimulator/node_modules/@vitest/runner/dist/index.js:145:11
    at file:///C:/Users/chris/Dev/Projects/TheFantasyWorldSimulator/node_modules/@vitest/runner/dist/index.js:915:26
    at file:///C:/Users/chris/Dev/Projects/TheFantasyWorldSimulator/node_modules/@vitest/runner/dist/index.js:1243:20
    at new Promise (<anonymous>)
    at runWithTimeout (file:///C:/Users/chris/Dev/Projects/TheFantasyWorldSimulator/node_modules/@vitest/runner/dist/index.js:1209:10)
[Orchestrator] Tick crashed, returning previous state: Error: Trait not found: trait.reputation.power.renown
    at assignTrait (C:/Users/chris/Dev/Projects/TheFantasyWorldSimulator/src/engine/traits.ts:44:25)
    at syncReputationTrait (C:/Users/chris/Dev/Projects/TheFantasyWorldSimulator/src/engine/phaseReputationTraits.ts:297:5)
    at phaseReputationTraits (C:/Users/chris/Dev/Projects/TheFantasyWorldSimulator/src/engine/phaseReputationTraits.ts:273:7)
    at runTick (C:/Users/chris/Dev/Projects/TheFantasyWorldSimulator/src/engine/orchestrator.ts:1896:18)
    at C:/Users/chris/Dev/Projects/TheFantasyWorldSimulator/src/engine/__tests__/contracts/encounter-liveness.contract.test.ts:222:17
    at file:///C:/Users/chris/Dev/Projects/TheFantasyWorldSimulator/node_modules/@vitest/runner/dist/index.js:145:11
    at file:///C:/Users/chris/Dev/Projects/TheFantasyWorldSimulator/node_modules/@vitest/runner/dist/index.js:915:26
    at file:///C:/Users/chris/Dev/Projects/TheFantasyWorldSimulator/node_modules/@vitest/runner/dist/index.js:1243:20
    at new Promise (<anonymous>)
    at runWithTimeout (file:///C:/Users/chris/Dev/Projects/TheFantasyWorldSimulator/node_modules/@vitest/runner/dist/index.js:1209:10)
[Orchestrator] Tick crashed, returning previous state: Error: Trait not found: trait.reputation.power.renown
    at assignTrait (C:/Users/chris/Dev/Projects/TheFantasyWorldSimulator/src/engine/traits.ts:44:25)
    at syncReputationTrait (C:/Users/chris/Dev/Projects/TheFantasyWorldSimulator/src/engine/phaseReputationTraits.ts:297:5)
    at phaseReputationTraits (C:/Users/chris/Dev/Projects/TheFantasyWorldSimulator/src/engine/phaseReputationTraits.ts:273:7)
    at runTick (C:/Users/chris/Dev/Projects/TheFantasyWorldSimulator/src/engine/orchestrator.ts:1896:18)
    at C:/Users/chris/Dev/Projects/TheFantasyWorldSimulator/src/engine/__tests__/contracts/encounter-liveness.contract.test.ts:222:17
    at file:///C:/Users/chris/Dev/Projects/TheFantasyWorldSimulator/node_modules/@vitest/runner/dist/index.js:145:11
    at file:///C:/Users/chris/Dev/Projects/TheFantasyWorldSimulator/node_modules/@vitest/runner/dist/index.js:915:26
    at file:///C:/Users/chris/Dev/Projects/TheFantasyWorldSimulator/node_modules/@vitest/runner/dist/index.js:1243:20
    at new Promise (<anonymous>)
    at runWithTimeout (file:///C:/Users/chris/Dev/Projects/TheFantasyWorldSimulator/node_modules/@vitest/runner/dist/index.js:1209:10)
[Orchestrator] Tick crashed, returning previous state: Error: Trait not found: trait.reputation.power.renown
    at assignTrait (C:/Users/chris/Dev/Projects/TheFantasyWorldSimulator/src/engine/traits.ts:44:25)
    at syncReputationTrait (C:/Users/chris/Dev/Projects/TheFantasyWorldSimulator/src/engine/phaseReputationTraits.ts:297:5)
    at phaseReputationTraits (C:/Users/chris/Dev/Projects/TheFantasyWorldSimulator/src/engine/phaseReputationTraits.ts:273:7)
    at runTick (C:/Users/chris/Dev/Projects/TheFantasyWorldSimulator/src/engine/orchestrator.ts:1896:18)
    at C:/Users/chris/Dev/Projects/TheFantasyWorldSimulator/src/engine/__tests__/contracts/encounter-liveness.contract.test.ts:222:17
    at file:///C:/Users/chris/Dev/Projects/TheFantasyWorldSimulator/node_modules/@vitest/runner/dist/index.js:145:11
    at file:///C:/Users/chris/Dev/Projects/TheFantasyWorldSimulator/node_modules/@vitest/runner/dist/index.js:915:26
    at file:///C:/Users/chris/Dev/Projects/TheFantasyWorldSimulator/node_modules/@vitest/runner/dist/index.js:1243:20
    at new Promise (<anonymous>)
    at runWithTimeout (file:///C:/Users/chris/Dev/Projects/TheFantasyWorldSimulator/node_modules/@vitest/runner/dist/index.js:1209:10)
[Orchestrator] Tick crashed, returning previous state: Error: Trait not found: trait.reputation.power.renown
    at assignTrait (C:/Users/chris/Dev/Projects/TheFantasyWorldSimulator/src/engine/traits.ts:44:25)
    at syncReputationTrait (C:/Users/chris/Dev/Projects/TheFantasyWorldSimulator/src/engine/phaseReputationTraits.ts:297:5)
    at phaseReputationTraits (C:/Users/chris/Dev/Projects/TheFantasyWorldSimulator/src/engine/phaseReputationTraits.ts:273:7)
    at runTick (C:/Users/chris/Dev/Projects/TheFantasyWorldSimulator/src/engine/orchestrator.ts:1896:18)
    at C:/Users/chris/Dev/Projects/TheFantasyWorldSimulator/src/engine/__tests__/contracts/encounter-liveness.contract.test.ts:222:17
    at file:///C:/Users/chris/Dev/Projects/TheFantasyWorldSimulator/node_modules/@vitest/runner/dist/index.js:145:11
    at file:///C:/Users/chris/Dev/Projects/TheFantasyWorldSimulator/node_modules/@vitest/runner/dist/index.js:915:26
    at file:///C:/Users/chris/Dev/Projects/TheFantasyWorldSimulator/node_modules/@vitest/runner/dist/index.js:1243:20
    at new Promise (<anonymous>)
    at runWithTimeout (file:///C:/Users/chris/Dev/Projects/TheFantasyWorldSimulator/node_modules/@vitest/runner/dist/index.js:1209:10)
[Orchestrator] Tick crashed, returning previous state: Error: Trait not found: trait.reputation.power.renown
    at assignTrait (C:/Users/chris/Dev/Projects/TheFantasyWorldSimulator/src/engine/traits.ts:44:25)
    at syncReputationTrait (C:/Users/chris/Dev/Projects/TheFantasyWorldSimulator/src/engine/phaseReputationTraits.ts:297:5)
    at phaseReputationTraits (C:/Users/chris/Dev/Projects/TheFantasyWorldSimulator/src/engine/phaseReputationTraits.ts:273:7)
    at runTick (C:/Users/chris/Dev/Projects/TheFantasyWorldSimulator/src/engine/orchestrator.ts:1896:18)
    at C:/Users/chris/Dev/Projects/TheFantasyWorldSimulator/src/engine/__tests__/contracts/encounter-liveness.contract.test.ts:222:17
    at file:///C:/Users/chris/Dev/Projects/TheFantasyWorldSimulator/node_modules/@vitest/runner/dist/index.js:145:11
    at file:///C:/Users/chris/Dev/Projects/TheFantasyWorldSimulator/node_modules/@vitest/runner/dist/index.js:915:26
    at file:///C:/Users/chris/Dev/Projects/TheFantasyWorldSimulator/node_modules/@vitest/runner/dist/index.js:1243:20
    at new Promise (<anonymous>)
    at runWithTimeout (file:///C:/Users/chris/Dev/Projects/TheFantasyWorldSimulator/node_modules/@vitest/runner/dist/index.js:1209:10)
[Orchestrator] Tick crashed, returning previous state: Error: Trait not found: trait.reputation.power.renown
    at assignTrait (C:/Users/chris/Dev/Projects/TheFantasyWorldSimulator/src/engine/traits.ts:44:25)
    at syncReputationTrait (C:/Users/chris/Dev/Projects/TheFantasyWorldSimulator/src/engine/phaseReputationTraits.ts:297:5)
    at phaseReputationTraits (C:/Users/chris/Dev/Projects/TheFantasyWorldSimulator/src/engine/phaseReputationTraits.ts:273:7)
    at runTick (C:/Users/chris/Dev/Projects/TheFantasyWorldSimulator/src/engine/orchestrator.ts:1896:18)
    at C:/Users/chris/Dev/Projects/TheFantasyWorldSimulator/src/engine/__tests__/contracts/encounter-liveness.contract.test.ts:222:17
    at file:///C:/Users/chris/Dev/Projects/TheFantasyWorldSimulator/node_modules/@vitest/runner/dist/index.js:145:11
    at file:///C:/Users/chris/Dev/Projects/TheFantasyWorldSimulator/node_modules/@vitest/runner/dist/index.js:915:26
    at file:///C:/Users/chris/Dev/Projects/TheFantasyWorldSimulator/node_modules/@vitest/runner/dist/index.js:1243:20
    at new Promise (<anonymous>)
    at runWithTimeout (file:///C:/Users/chris/Dev/Projects/TheFantasyWorldSimulator/node_modules/@vitest/runner/dist/index.js:1209:10)
[Orchestrator] Tick crashed, returning previous state: Error: Trait not found: trait.reputation.power.renown
    at assignTrait (C:/Users/chris/Dev/Projects/TheFantasyWorldSimulator/src/engine/traits.ts:44:25)
    at syncReputationTrait (C:/Users/chris/Dev/Projects/TheFantasyWorldSimulator/src/engine/phaseReputationTraits.ts:297:5)
    at phaseReputationTraits (C:/Users/chris/Dev/Projects/TheFantasyWorldSimulator/src/engine/phaseReputationTraits.ts:273:7)
    at runTick (C:/Users/chris/Dev/Projects/TheFantasyWorldSimulator/src/engine/orchestrator.ts:1896:18)
    at C:/Users/chris/Dev/Projects/TheFantasyWorldSimulator/src/engine/__tests__/contracts/encounter-liveness.contract.test.ts:222:17
    at file:///C:/Users/chris/Dev/Projects/TheFantasyWorldSimulator/node_modules/@vitest/runner/dist/index.js:145:11
    at file:///C:/Users/chris/Dev/Projects/TheFantasyWorldSimulator/node_modules/@vitest/runner/dist/index.js:915:26
    at file:///C:/Users/chris/Dev/Projects/TheFantasyWorldSimulator/node_modules/@vitest/runner/dist/index.js:1243:20
    at new Promise (<anonymous>)
    at runWithTimeout (file:///C:/Users/chris/Dev/Projects/TheFantasyWorldSimulator/node_modules/@vitest/runner/dist/index.js:1209:10)
[Orchestrator] Tick crashed, returning previous state: Error: Trait not found: trait.reputation.power.renown
    at assignTrait (C:/Users/chris/Dev/Projects/TheFantasyWorldSimulator/src/engine/traits.ts:44:25)
    at syncReputationTrait (C:/Users/chris/Dev/Projects/TheFantasyWorldSimulator/src/engine/phaseReputationTraits.ts:297:5)
    at phaseReputationTraits (C:/Users/chris/Dev/Projects/TheFantasyWorldSimulator/src/engine/phaseReputationTraits.ts:273:7)
    at runTick (C:/Users/chris/Dev/Projects/TheFantasyWorldSimulator/src/engine/orchestrator.ts:1896:18)
    at C:/Users/chris/Dev/Projects/TheFantasyWorldSimulator/src/engine/__tests__/contracts/encounter-liveness.contract.test.ts:222:17
    at file:///C:/Users/chris/Dev/Projects/TheFantasyWorldSimulator/node_modules/@vitest/runner/dist/index.js:145:11
    at file:///C:/Users/chris/Dev/Projects/TheFantasyWorldSimulator/node_modules/@vitest/runner/dist/index.js:915:26
    at file:///C:/Users/chris/Dev/Projects/TheFantasyWorldSimulator/node_modules/@vitest/runner/dist/index.js:1243:20
    at new Promise (<anonymous>)
    at runWithTimeout (file:///C:/Users/chris/Dev/Projects/TheFantasyWorldSimulator/node_modules/@vitest/runner/dist/index.js:1209:10)
[Orchestrator] Tick crashed, returning previous state: Error: Trait not found: trait.reputation.power.renown
    at assignTrait (C:/Users/chris/Dev/Projects/TheFantasyWorldSimulator/src/engine/traits.ts:44:25)
    at syncReputationTrait (C:/Users/chris/Dev/Projects/TheFantasyWorldSimulator/src/engine/phaseReputationTraits.ts:297:5)
    at phaseReputationTraits (C:/Users/chris/Dev/Projects/TheFantasyWorldSimulator/src/engine/phaseReputationTraits.ts:273:7)
    at runTick (C:/Users/chris/Dev/Projects/TheFantasyWorldSimulator/src/engine/orchestrator.ts:1896:18)
    at C:/Users/chris/Dev/Projects/TheFantasyWorldSimulator/src/engine/__tests__/contracts/encounter-liveness.contract.test.ts:222:17
    at file:///C:/Users/chris/Dev/Projects/TheFantasyWorldSimulator/node_modules/@vitest/runner/dist/index.js:145:11
    at file:///C:/Users/chris/Dev/Projects/TheFantasyWorldSimulator/node_modules/@vitest/runner/dist/index.js:915:26
    at file:///C:/Users/chris/Dev/Projects/TheFantasyWorldSimulator/node_modules/@vitest/runner/dist/index.js:1243:20
    at new Promise (<anonymous>)
    at runWithTimeout (file:///C:/Users/chris/Dev/Projects/TheFantasyWorldSimulator/node_modules/@vitest/runner/dist/index.js:1209:10)
[Orchestrator] Tick crashed, returning previous state: Error: Trait not found: trait.reputation.power.renown
    at assignTrait (C:/Users/chris/Dev/Projects/TheFantasyWorldSimulator/src/engine/traits.ts:44:25)
    at syncReputationTrait (C:/Users/chris/Dev/Projects/TheFantasyWorldSimulator/src/engine/phaseReputationTraits.ts:297:5)
    at phaseReputationTraits (C:/Users/chris/Dev/Projects/TheFantasyWorldSimulator/src/engine/phaseReputationTraits.ts:273:7)
    at runTick (C:/Users/chris/Dev/Projects/TheFantasyWorldSimulator/src/engine/orchestrator.ts:1896:18)
    at C:/Users/chris/Dev/Projects/TheFantasyWorldSimulator/src/engine/__tests__/contracts/encounter-liveness.contract.test.ts:222:17
    at file:///C:/Users/chris/Dev/Projects/TheFantasyWorldSimulator/node_modules/@vitest/runner/dist/index.js:145:11
    at file:///C:/Users/chris/Dev/Projects/TheFantasyWorldSimulator/node_modules/@vitest/runner/dist/index.js:915:26
    at file:///C:/Users/chris/Dev/Projects/TheFantasyWorldSimulator/node_modules/@vitest/runner/dist/index.js:1243:20
    at new Promise (<anonymous>)
    at runWithTimeout (file:///C:/Users/chris/Dev/Projects/TheFantasyWorldSimulator/node_modules/@vitest/runner/dist/index.js:1209:10)
[Orchestrator] Tick crashed, returning previous state: Error: Trait not found: trait.reputation.power.renown
    at assignTrait (C:/Users/chris/Dev/Projects/TheFantasyWorldSimulator/src/engine/traits.ts:44:25)
    at syncReputationTrait (C:/Users/chris/Dev/Projects/TheFantasyWorldSimulator/src/engine/phaseReputationTraits.ts:297:5)
    at phaseReputationTraits (C:/Users/chris/Dev/Projects/TheFantasyWorldSimulator/src/engine/phaseReputationTraits.ts:273:7)
    at runTick (C:/Users/chris/Dev/Projects/TheFantasyWorldSimulator/src/engine/orchestrator.ts:1896:18)
    at C:/Users/chris/Dev/Projects/TheFantasyWorldSimulator/src/engine/__tests__/contracts/encounter-liveness.contract.test.ts:222:17
    at file:///C:/Users/chris/Dev/Projects/TheFantasyWorldSimulator/node_modules/@vitest/runner/dist/index.js:145:11
    at file:///C:/Users/chris/Dev/Projects/TheFantasyWorldSimulator/node_modules/@vitest/runner/dist/index.js:915:26
    at file:///C:/Users/chris/Dev/Projects/TheFantasyWorldSimulator/node_modules/@vitest/runner/dist/index.js:1243:20
    at new Promise (<anonymous>)
    at runWithTimeout (file:///C:/Users/chris/Dev/Projects/TheFantasyWorldSimulator/node_modules/@vitest/runner/dist/index.js:1209:10)
[Orchestrator] Tick crashed, returning previous state: Error: Trait not found: trait.reputation.power.renown
    at assignTrait (C:/Users/chris/Dev/Projects/TheFantasyWorldSimulator/src/engine/traits.ts:44:25)
    at syncReputationTrait (C:/Users/chris/Dev/Projects/TheFantasyWorldSimulator/src/engine/phaseReputationTraits.ts:297:5)
    at phaseReputationTraits (C:/Users/chris/Dev/Projects/TheFantasyWorldSimulator/src/engine/phaseReputationTraits.ts:273:7)
    at runTick (C:/Users/chris/Dev/Projects/TheFantasyWorldSimulator/src/engine/orchestrator.ts:1896:18)
    at C:/Users/chris/Dev/Projects/TheFantasyWorldSimulator/src/engine/__tests__/contracts/encounter-liveness.contract.test.ts:222:17
    at file:///C:/Users/chris/Dev/Projects/TheFantasyWorldSimulator/node_modules/@vitest/runner/dist/index.js:145:11
    at file:///C:/Users/chris/Dev/Projects/TheFantasyWorldSimulator/node_modules/@vitest/runner/dist/index.js:915:26
    at file:///C:/Users/chris/Dev/Projects/TheFantasyWorldSimulator/node_modules/@vitest/runner/dist/index.js:1243:20
    at new Promise (<anonymous>)
    at runWithTimeout (file:///C:/Users/chris/Dev/Projects/TheFantasyWorldSimulator/node_modules/@vitest/runner/dist/index.js:1209:10)
[Orchestrator] Tick crashed, returning previous state: Error: Trait not found: trait.reputation.power.renown
    at assignTrait (C:/Users/chris/Dev/Projects/TheFantasyWorldSimulator/src/engine/traits.ts:44:25)
    at syncReputationTrait (C:/Users/chris/Dev/Projects/TheFantasyWorldSimulator/src/engine/phaseReputationTraits.ts:297:5)
    at phaseReputationTraits (C:/Users/chris/Dev/Projects/TheFantasyWorldSimulator/src/engine/phaseReputationTraits.ts:273:7)
    at runTick (C:/Users/chris/Dev/Projects/TheFantasyWorldSimulator/src/engine/orchestrator.ts:1896:18)
    at C:/Users/chris/Dev/Projects/TheFantasyWorldSimulator/src/engine/__tests__/contracts/encounter-liveness.contract.test.ts:222:17
    at file:///C:/Users/chris/Dev/Projects/TheFantasyWorldSimulator/node_modules/@vitest/runner/dist/index.js:145:11
    at file:///C:/Users/chris/Dev/Projects/TheFantasyWorldSimulator/node_modules/@vitest/runner/dist/index.js:915:26
    at file:///C:/Users/chris/Dev/Projects/TheFantasyWorldSimulator/node_modules/@vitest/runner/dist/index.js:1243:20
    at new Promise (<anonymous>)
    at runWithTimeout (file:///C:/Users/chris/Dev/Projects/TheFantasyWorldSimulator/node_modules/@vitest/runner/dist/index.js:1209:10)
[Orchestrator] Tick crashed, returning previous state: Error: Trait not found: trait.reputation.power.renown
    at assignTrait (C:/Users/chris/Dev/Projects/TheFantasyWorldSimulator/src/engine/traits.ts:44:25)
    at syncReputationTrait (C:/Users/chris/Dev/Projects/TheFantasyWorldSimulator/src/engine/phaseReputationTraits.ts:297:5)
    at phaseReputationTraits (C:/Users/chris/Dev/Projects/TheFantasyWorldSimulator/src/engine/phaseReputationTraits.ts:273:7)
    at runTick (C:/Users/chris/Dev/Projects/TheFantasyWorldSimulator/src/engine/orchestrator.ts:1896:18)
    at C:/Users/chris/Dev/Projects/TheFantasyWorldSimulator/src/engine/__tests__/contracts/encounter-liveness.contract.test.ts:222:17
    at file:///C:/Users/chris/Dev/Projects/TheFantasyWorldSimulator/node_modules/@vitest/runner/dist/index.js:145:11
    at file:///C:/Users/chris/Dev/Projects/TheFantasyWorldSimulator/node_modules/@vitest/runner/dist/index.js:915:26
    at file:///C:/Users/chris/Dev/Projects/TheFantasyWorldSimulator/node_modules/@vitest/runner/dist/index.js:1243:20
    at new Promise (<anonymous>)
    at runWithTimeout (file:///C:/Users/chris/Dev/Projects/TheFantasyWorldSimulator/node_modules/@vitest/runner/dist/index.js:1209:10)
[Orchestrator] Tick crashed, returning previous state: Error: Trait not found: trait.reputation.power.renown
    at assignTrait (C:/Users/chris/Dev/Projects/TheFantasyWorldSimulator/src/engine/traits.ts:44:25)
    at syncReputationTrait (C:/Users/chris/Dev/Projects/TheFantasyWorldSimulator/src/engine/phaseReputationTraits.ts:297:5)
    at phaseReputationTraits (C:/Users/chris/Dev/Projects/TheFantasyWorldSimulator/src/engine/phaseReputationTraits.ts:273:7)
    at runTick (C:/Users/chris/Dev/Projects/TheFantasyWorldSimulator/src/engine/orchestrator.ts:1896:18)
    at C:/Users/chris/Dev/Projects/TheFantasyWorldSimulator/src/engine/__tests__/contracts/encounter-liveness.contract.test.ts:222:17
    at file:///C:/Users/chris/Dev/Projects/TheFantasyWorldSimulator/node_modules/@vitest/runner/dist/index.js:145:11
    at file:///C:/Users/chris/Dev/Projects/TheFantasyWorldSimulator/node_modules/@vitest/runner/dist/index.js:915:26
    at file:///C:/Users/chris/Dev/Projects/TheFantasyWorldSimulator/node_modules/@vitest/runner/dist/index.js:1243:20
    at new Promise (<anonymous>)
    at runWithTimeout (file:///C:/Users/chris/Dev/Projects/TheFantasyWorldSimulator/node_modules/@vitest/runner/dist/index.js:1209:10)
[Orchestrator] Tick crashed, returning previous state: Error: Trait not found: trait.reputation.power.renown
    at assignTrait (C:/Users/chris/Dev/Projects/TheFantasyWorldSimulator/src/engine/traits.ts:44:25)
    at syncReputationTrait (C:/Users/chris/Dev/Projects/TheFantasyWorldSimulator/src/engine/phaseReputationTraits.ts:297:5)
    at phaseReputationTraits (C:/Users/chris/Dev/Projects/TheFantasyWorldSimulator/src/engine/phaseReputationTraits.ts:273:7)
    at runTick (C:/Users/chris/Dev/Projects/TheFantasyWorldSimulator/src/engine/orchestrator.ts:1896:18)
    at C:/Users/chris/Dev/Projects/TheFantasyWorldSimulator/src/engine/__tests__/contracts/encounter-liveness.contract.test.ts:222:17
    at file:///C:/Users/chris/Dev/Projects/TheFantasyWorldSimulator/node_modules/@vitest/runner/dist/index.js:145:11
    at file:///C:/Users/chris/Dev/Projects/TheFantasyWorldSimulator/node_modules/@vitest/runner/dist/index.js:915:26
    at file:///C:/Users/chris/Dev/Projects/TheFantasyWorldSimulator/node_modules/@vitest/runner/dist/index.js:1243:20
    at new Promise (<anonymous>)
    at runWithTimeout (file:///C:/Users/chris/Dev/Projects/TheFantasyWorldSimulator/node_modules/@vitest/runner/dist/index.js:1209:10)
[Orchestrator] Tick crashed, returning previous state: Error: Trait not found: trait.reputation.power.renown
    at assignTrait (C:/Users/chris/Dev/Projects/TheFantasyWorldSimulator/src/engine/traits.ts:44:25)
    at syncReputationTrait (C:/Users/chris/Dev/Projects/TheFantasyWorldSimulator/src/engine/phaseReputationTraits.ts:297:5)
    at phaseReputationTraits (C:/Users/chris/Dev/Projects/TheFantasyWorldSimulator/src/engine/phaseReputationTraits.ts:273:7)
    at runTick (C:/Users/chris/Dev/Projects/TheFantasyWorldSimulator/src/engine/orchestrator.ts:1896:18)
    at C:/Users/chris/Dev/Projects/TheFantasyWorldSimulator/src/engine/__tests__/contracts/encounter-liveness.contract.test.ts:222:17
    at file:///C:/Users/chris/Dev/Projects/TheFantasyWorldSimulator/node_modules/@vitest/runner/dist/index.js:145:11
    at file:///C:/Users/chris/Dev/Projects/TheFantasyWorldSimulator/node_modules/@vitest/runner/dist/index.js:915:26
    at file:///C:/Users/chris/Dev/Projects/TheFantasyWorldSimulator/node_modules/@vitest/runner/dist/index.js:1243:20
    at new Promise (<anonymous>)
    at runWithTimeout (file:///C:/Users/chris/Dev/Projects/TheFantasyWorldSimulator/node_modules/@vitest/runner/dist/index.js:1209:10)
[Orchestrator] Tick crashed, returning previous state: Error: Trait not found: trait.reputation.power.renown
    at assignTrait (C:/Users/chris/Dev/Projects/TheFantasyWorldSimulator/src/engine/traits.ts:44:25)
    at syncReputationTrait (C:/Users/chris/Dev/Projects/TheFantasyWorldSimulator/src/engine/phaseReputationTraits.ts:297:5)
    at phaseReputationTraits (C:/Users/chris/Dev/Projects/TheFantasyWorldSimulator/src/engine/phaseReputationTraits.ts:273:7)
    at runTick (C:/Users/chris/Dev/Projects/TheFantasyWorldSimulator/src/engine/orchestrator.ts:1896:18)
    at C:/Users/chris/Dev/Projects/TheFantasyWorldSimulator/src/engine/__tests__/contracts/encounter-liveness.contract.test.ts:222:17
    at file:///C:/Users/chris/Dev/Projects/TheFantasyWorldSimulator/node_modules/@vitest/runner/dist/index.js:145:11
    at file:///C:/Users/chris/Dev/Projects/TheFantasyWorldSimulator/node_modules/@vitest/runner/dist/index.js:915:26
    at file:///C:/Users/chris/Dev/Projects/TheFantasyWorldSimulator/node_modules/@vitest/runner/dist/index.js:1243:20
    at new Promise (<anonymous>)
    at runWithTimeout (file:///C:/Users/chris/Dev/Projects/TheFantasyWorldSimulator/node_modules/@vitest/runner/dist/index.js:1209:10)
[Orchestrator] Tick crashed, returning previous state: Error: Trait not found: trait.reputation.power.renown
    at assignTrait (C:/Users/chris/Dev/Projects/TheFantasyWorldSimulator/src/engine/traits.ts:44:25)
    at syncReputationTrait (C:/Users/chris/Dev/Projects/TheFantasyWorldSimulator/src/engine/phaseReputationTraits.ts:297:5)
    at phaseReputationTraits (C:/Users/chris/Dev/Projects/TheFantasyWorldSimulator/src/engine/phaseReputationTraits.ts:273:7)
    at runTick (C:/Users/chris/Dev/Projects/TheFantasyWorldSimulator/src/engine/orchestrator.ts:1896:18)
    at C:/Users/chris/Dev/Projects/TheFantasyWorldSimulator/src/engine/__tests__/contracts/encounter-liveness.contract.test.ts:222:17
    at file:///C:/Users/chris/Dev/Projects/TheFantasyWorldSimulator/node_modules/@vitest/runner/dist/index.js:145:11
    at file:///C:/Users/chris/Dev/Projects/TheFantasyWorldSimulator/node_modules/@vitest/runner/dist/index.js:915:26
    at file:///C:/Users/chris/Dev/Projects/TheFantasyWorldSimulator/node_modules/@vitest/runner/dist/index.js:1243:20
    at new Promise (<anonymous>)
    at runWithTimeout (file:///C:/Users/chris/Dev/Projects/TheFantasyWorldSimulator/node_modules/@vitest/runner/dist/index.js:1209:10)
[Orchestrator] Tick crashed, returning previous state: Error: Trait not found: trait.reputation.power.renown
    at assignTrait (C:/Users/chris/Dev/Projects/TheFantasyWorldSimulator/src/engine/traits.ts:44:25)
    at syncReputationTrait (C:/Users/chris/Dev/Projects/TheFantasyWorldSimulator/src/engine/phaseReputationTraits.ts:297:5)
    at phaseReputationTraits (C:/Users/chris/Dev/Projects/TheFantasyWorldSimulator/src/engine/phaseReputationTraits.ts:273:7)
    at runTick (C:/Users/chris/Dev/Projects/TheFantasyWorldSimulator/src/engine/orchestrator.ts:1896:18)
    at C:/Users/chris/Dev/Projects/TheFantasyWorldSimulator/src/engine/__tests__/contracts/encounter-liveness.contract.test.ts:222:17
    at file:///C:/Users/chris/Dev/Projects/TheFantasyWorldSimulator/node_modules/@vitest/runner/dist/index.js:145:11
    at file:///C:/Users/chris/Dev/Projects/TheFantasyWorldSimulator/node_modules/@vitest/runner/dist/index.js:915:26
    at file:///C:/Users/chris/Dev/Projects/TheFantasyWorldSimulator/node_modules/@vitest/runner/dist/index.js:1243:20
    at new Promise (<anonymous>)
    at runWithTimeout (file:///C:/Users/chris/Dev/Projects/TheFantasyWorldSimulator/node_modules/@vitest/runner/dist/index.js:1209:10)
[Orchestrator] Tick crashed, returning previous state: Error: Trait not found: trait.reputation.power.renown
    at assignTrait (C:/Users/chris/Dev/Projects/TheFantasyWorldSimulator/src/engine/traits.ts:44:25)
    at syncReputationTrait (C:/Users/chris/Dev/Projects/TheFantasyWorldSimulator/src/engine/phaseReputationTraits.ts:297:5)
    at phaseReputationTraits (C:/Users/chris/Dev/Projects/TheFantasyWorldSimulator/src/engine/phaseReputationTraits.ts:273:7)
    at runTick (C:/Users/chris/Dev/Projects/TheFantasyWorldSimulator/src/engine/orchestrator.ts:1896:18)
    at C:/Users/chris/Dev/Projects/TheFantasyWorldSimulator/src/engine/__tests__/contracts/encounter-liveness.contract.test.ts:222:17
    at file:///C:/Users/chris/Dev/Projects/TheFantasyWorldSimulator/node_modules/@vitest/runner/dist/index.js:145:11
    at file:///C:/Users/chris/Dev/Projects/TheFantasyWorldSimulator/node_modules/@vitest/runner/dist/index.js:915:26
    at file:///C:/Users/chris/Dev/Projects/TheFantasyWorldSimulator/node_modules/@vitest/runner/dist/index.js:1243:20
    at new Promise (<anonymous>)
    at runWithTimeout (file:///C:/Users/chris/Dev/Projects/TheFantasyWorldSimulator/node_modules/@vitest/runner/dist/index.js:1209:10)
[Orchestrator] Tick crashed, returning previous state: Error: Trait not found: trait.reputation.power.renown
    at assignTrait (C:/Users/chris/Dev/Projects/TheFantasyWorldSimulator/src/engine/traits.ts:44:25)
    at syncReputationTrait (C:/Users/chris/Dev/Projects/TheFantasyWorldSimulator/src/engine/phaseReputationTraits.ts:297:5)
    at phaseReputationTraits (C:/Users/chris/Dev/Projects/TheFantasyWorldSimulator/src/engine/phaseReputationTraits.ts:273:7)
    at runTick (C:/Users/chris/Dev/Projects/TheFantasyWorldSimulator/src/engine/orchestrator.ts:1896:18)
    at C:/Users/chris/Dev/Projects/TheFantasyWorldSimulator/src/engine/__tests__/contracts/encounter-liveness.contract.test.ts:222:17
    at file:///C:/Users/chris/Dev/Projects/TheFantasyWorldSimulator/node_modules/@vitest/runner/dist/index.js:145:11
    at file:///C:/Users/chris/Dev/Projects/TheFantasyWorldSimulator/node_modules/@vitest/runner/dist/index.js:915:26
    at file:///C:/Users/chris/Dev/Projects/TheFantasyWorldSimulator/node_modules/@vitest/runner/dist/index.js:1243:20
    at new Promise (<anonymous>)
    at runWithTimeout (file:///C:/Users/chris/Dev/Projects/TheFantasyWorldSimulator/node_modules/@vitest/runner/dist/index.js:1209:10)
[Orchestrator] Tick crashed, returning previous state: Error: Trait not found: trait.reputation.power.renown
    at assignTrait (C:/Users/chris/Dev/Projects/TheFantasyWorldSimulator/src/engine/traits.ts:44:25)
    at syncReputationTrait (C:/Users/chris/Dev/Projects/TheFantasyWorldSimulator/src/engine/phaseReputationTraits.ts:297:5)
    at phaseReputationTraits (C:/Users/chris/Dev/Projects/TheFantasyWorldSimulator/src/engine/phaseReputationTraits.ts:273:7)
    at runTick (C:/Users/chris/Dev/Projects/TheFantasyWorldSimulator/src/engine/orchestrator.ts:1896:18)
    at C:/Users/chris/Dev/Projects/TheFantasyWorldSimulator/src/engine/__tests__/contracts/encounter-liveness.contract.test.ts:222:17
    at file:///C:/Users/chris/Dev/Projects/TheFantasyWorldSimulator/node_modules/@vitest/runner/dist/index.js:145:11
    at file:///C:/Users/chris/Dev/Projects/TheFantasyWorldSimulator/node_modules/@vitest/runner/dist/index.js:915:26
    at file:///C:/Users/chris/Dev/Projects/TheFantasyWorldSimulator/node_modules/@vitest/runner/dist/index.js:1243:20
    at new Promise (<anonymous>)
    at runWithTimeout (file:///C:/Users/chris/Dev/Projects/TheFantasyWorldSimulator/node_modules/@vitest/runner/dist/index.js:1209:10)
[Orchestrator] Tick crashed, returning previous state: Error: Trait not found: trait.reputation.power.renown
    at assignTrait (C:/Users/chris/Dev/Projects/TheFantasyWorldSimulator/src/engine/traits.ts:44:25)
    at syncReputationTrait (C:/Users/chris/Dev/Projects/TheFantasyWorldSimulator/src/engine/phaseReputationTraits.ts:297:5)
    at phaseReputationTraits (C:/Users/chris/Dev/Projects/TheFantasyWorldSimulator/src/engine/phaseReputationTraits.ts:273:7)
    at runTick (C:/Users/chris/Dev/Projects/TheFantasyWorldSimulator/src/engine/orchestrator.ts:1896:18)
    at C:/Users/chris/Dev/Projects/TheFantasyWorldSimulator/src/engine/__tests__/contracts/encounter-liveness.contract.test.ts:222:17
    at file:///C:/Users/chris/Dev/Projects/TheFantasyWorldSimulator/node_modules/@vitest/runner/dist/index.js:145:11
    at file:///C:/Users/chris/Dev/Projects/TheFantasyWorldSimulator/node_modules/@vitest/runner/dist/index.js:915:26
    at file:///C:/Users/chris/Dev/Projects/TheFantasyWorldSimulator/node_modules/@vitest/runner/dist/index.js:1243:20
    at new Promise (<anonymous>)
    at runWithTimeout (file:///C:/Users/chris/Dev/Projects/TheFantasyWorldSimulator/node_modules/@vitest/runner/dist/index.js:1209:10)
[Orchestrator] Tick crashed, returning previous state: Error: Trait not found: trait.reputation.power.renown
    at assignTrait (C:/Users/chris/Dev/Projects/TheFantasyWorldSimulator/src/engine/traits.ts:44:25)
    at syncReputationTrait (C:/Users/chris/Dev/Projects/TheFantasyWorldSimulator/src/engine/phaseReputationTraits.ts:297:5)
    at phaseReputationTraits (C:/Users/chris/Dev/Projects/TheFantasyWorldSimulator/src/engine/phaseReputationTraits.ts:273:7)
    at runTick (C:/Users/chris/Dev/Projects/TheFantasyWorldSimulator/src/engine/orchestrator.ts:1896:18)
    at C:/Users/chris/Dev/Projects/TheFantasyWorldSimulator/src/engine/__tests__/contracts/encounter-liveness.contract.test.ts:222:17
    at file:///C:/Users/chris/Dev/Projects/TheFantasyWorldSimulator/node_modules/@vitest/runner/dist/index.js:145:11
    at file:///C:/Users/chris/Dev/Projects/TheFantasyWorldSimulator/node_modules/@vitest/runner/dist/index.js:915:26
    at file:///C:/Users/chris/Dev/Projects/TheFantasyWorldSimulator/node_modules/@vitest/runner/dist/index.js:1243:20
    at new Promise (<anonymous>)
    at runWithTimeout (file:///C:/Users/chris/Dev/Projects/TheFantasyWorldSimulator/node_modules/@vitest/runner/dist/index.js:1209:10)
[Orchestrator] Tick crashed, returning previous state: Error: Trait not found: trait.reputation.power.renown
    at assignTrait (C:/Users/chris/Dev/Projects/TheFantasyWorldSimulator/src/engine/traits.ts:44:25)
    at syncReputationTrait (C:/Users/chris/Dev/Projects/TheFantasyWorldSimulator/src/engine/phaseReputationTraits.ts:297:5)
    at phaseReputationTraits (C:/Users/chris/Dev/Projects/TheFantasyWorldSimulator/src/engine/phaseReputationTraits.ts:273:7)
    at runTick (C:/Users/chris/Dev/Projects/TheFantasyWorldSimulator/src/engine/orchestrator.ts:1896:18)
    at C:/Users/chris/Dev/Projects/TheFantasyWorldSimulator/src/engine/__tests__/contracts/encounter-liveness.contract.test.ts:222:17
    at file:///C:/Users/chris/Dev/Projects/TheFantasyWorldSimulator/node_modules/@vitest/runner/dist/index.js:145:11
    at file:///C:/Users/chris/Dev/Projects/TheFantasyWorldSimulator/node_modules/@vitest/runner/dist/index.js:915:26
    at file:///C:/Users/chris/Dev/Projects/TheFantasyWorldSimulator/node_modules/@vitest/runner/dist/index.js:1243:20
    at new Promise (<anonymous>)
    at runWithTimeout (file:///C:/Users/chris/Dev/Projects/TheFantasyWorldSimulator/node_modules/@vitest/runner/dist/index.js:1209:10)
[Orchestrator] Tick crashed, returning previous state: Error: Trait not found: trait.reputation.power.renown
    at assignTrait (C:/Users/chris/Dev/Projects/TheFantasyWorldSimulator/src/engine/traits.ts:44:25)
    at syncReputationTrait (C:/Users/chris/Dev/Projects/TheFantasyWorldSimulator/src/engine/phaseReputationTraits.ts:297:5)
    at phaseReputationTraits (C:/Users/chris/Dev/Projects/TheFantasyWorldSimulator/src/engine/phaseReputationTraits.ts:273:7)
    at runTick (C:/Users/chris/Dev/Projects/TheFantasyWorldSimulator/src/engine/orchestrator.ts:1896:18)
    at C:/Users/chris/Dev/Projects/TheFantasyWorldSimulator/src/engine/__tests__/contracts/encounter-liveness.contract.test.ts:222:17
    at file:///C:/Users/chris/Dev/Projects/TheFantasyWorldSimulator/node_modules/@vitest/runner/dist/index.js:145:11
    at file:///C:/Users/chris/Dev/Projects/TheFantasyWorldSimulator/node_modules/@vitest/runner/dist/index.js:915:26
    at file:///C:/Users/chris/Dev/Projects/TheFantasyWorldSimulator/node_modules/@vitest/runner/dist/index.js:1243:20
    at new Promise (<anonymous>)
    at runWithTimeout (file:///C:/Users/chris/Dev/Projects/TheFantasyWorldSimulator/node_modules/@vitest/runner/dist/index.js:1209:10)
[Orchestrator] Tick crashed, returning previous state: Error: Trait not found: trait.reputation.power.renown
    at assignTrait (C:/Users/chris/Dev/Projects/TheFantasyWorldSimulator/src/engine/traits.ts:44:25)
    at syncReputationTrait (C:/Users/chris/Dev/Projects/TheFantasyWorldSimulator/src/engine/phaseReputationTraits.ts:297:5)
    at phaseReputationTraits (C:/Users/chris/Dev/Projects/TheFantasyWorldSimulator/src/engine/phaseReputationTraits.ts:273:7)
    at runTick (C:/Users/chris/Dev/Projects/TheFantasyWorldSimulator/src/engine/orchestrator.ts:1896:18)
    at C:/Users/chris/Dev/Projects/TheFantasyWorldSimulator/src/engine/__tests__/contracts/encounter-liveness.contract.test.ts:222:17
    at file:///C:/Users/chris/Dev/Projects/TheFantasyWorldSimulator/node_modules/@vitest/runner/dist/index.js:145:11
    at file:///C:/Users/chris/Dev/Projects/TheFantasyWorldSimulator/node_modules/@vitest/runner/dist/index.js:915:26
    at file:///C:/Users/chris/Dev/Projects/TheFantasyWorldSimulator/node_modules/@vitest/runner/dist/index.js:1243:20
    at new Promise (<anonymous>)
    at runWithTimeout (file:///C:/Users/chris/Dev/Projects/TheFantasyWorldSimulator/node_modules/@vitest/runner/dist/index.js:1209:10)
[Orchestrator] Tick crashed, returning previous state: Error: Trait not found: trait.reputation.power.renown
    at assignTrait (C:/Users/chris/Dev/Projects/TheFantasyWorldSimulator/src/engine/traits.ts:44:25)
    at syncReputationTrait (C:/Users/chris/Dev/Projects/TheFantasyWorldSimulator/src/engine/phaseReputationTraits.ts:297:5)
    at phaseReputationTraits (C:/Users/chris/Dev/Projects/TheFantasyWorldSimulator/src/engine/phaseReputationTraits.ts:273:7)
    at runTick (C:/Users/chris/Dev/Projects/TheFantasyWorldSimulator/src/engine/orchestrator.ts:1896:18)
    at C:/Users/chris/Dev/Projects/TheFantasyWorldSimulator/src/engine/__tests__/contracts/encounter-liveness.contract.test.ts:222:17
    at file:///C:/Users/chris/Dev/Projects/TheFantasyWorldSimulator/node_modules/@vitest/runner/dist/index.js:145:11
    at file:///C:/Users/chris/Dev/Projects/TheFantasyWorldSimulator/node_modules/@vitest/runner/dist/index.js:915:26
    at file:///C:/Users/chris/Dev/Projects/TheFantasyWorldSimulator/node_modules/@vitest/runner/dist/index.js:1243:20
    at new Promise (<anonymous>)
    at runWithTimeout (file:///C:/Users/chris/Dev/Projects/TheFantasyWorldSimulator/node_modules/@vitest/runner/dist/index.js:1209:10)
[Orchestrator] Tick crashed, returning previous state: Error: Trait not found: trait.reputation.power.renown
    at assignTrait (C:/Users/chris/Dev/Projects/TheFantasyWorldSimulator/src/engine/traits.ts:44:25)
    at syncReputationTrait (C:/Users/chris/Dev/Projects/TheFantasyWorldSimulator/src/engine/phaseReputationTraits.ts:297:5)
    at phaseReputationTraits (C:/Users/chris/Dev/Projects/TheFantasyWorldSimulator/src/engine/phaseReputationTraits.ts:273:7)
    at runTick (C:/Users/chris/Dev/Projects/TheFantasyWorldSimulator/src/engine/orchestrator.ts:1896:18)
    at C:/Users/chris/Dev/Projects/TheFantasyWorldSimulator/src/engine/__tests__/contracts/encounter-liveness.contract.test.ts:222:17
    at file:///C:/Users/chris/Dev/Projects/TheFantasyWorldSimulator/node_modules/@vitest/runner/dist/index.js:145:11
    at file:///C:/Users/chris/Dev/Projects/TheFantasyWorldSimulator/node_modules/@vitest/runner/dist/index.js:915:26
    at file:///C:/Users/chris/Dev/Projects/TheFantasyWorldSimulator/node_modules/@vitest/runner/dist/index.js:1243:20
    at new Promise (<anonymous>)
    at runWithTimeout (file:///C:/Users/chris/Dev/Projects/TheFantasyWorldSimulator/node_modules/@vitest/runner/dist/index.js:1209:10)
[Orchestrator] Tick crashed, returning previous state: Error: Trait not found: trait.reputation.power.renown
    at assignTrait (C:/Users/chris/Dev/Projects/TheFantasyWorldSimulator/src/engine/traits.ts:44:25)
    at syncReputationTrait (C:/Users/chris/Dev/Projects/TheFantasyWorldSimulator/src/engine/phaseReputationTraits.ts:297:5)
    at phaseReputationTraits (C:/Users/chris/Dev/Projects/TheFantasyWorldSimulator/src/engine/phaseReputationTraits.ts:273:7)
    at runTick (C:/Users/chris/Dev/Projects/TheFantasyWorldSimulator/src/engine/orchestrator.ts:1896:18)
    at C:/Users/chris/Dev/Projects/TheFantasyWorldSimulator/src/engine/__tests__/contracts/encounter-liveness.contract.test.ts:222:17
    at file:///C:/Users/chris/Dev/Projects/TheFantasyWorldSimulator/node_modules/@vitest/runner/dist/index.js:145:11
    at file:///C:/Users/chris/Dev/Projects/TheFantasyWorldSimulator/node_modules/@vitest/runner/dist/index.js:915:26
    at file:///C:/Users/chris/Dev/Projects/TheFantasyWorldSimulator/node_modules/@vitest/runner/dist/index.js:1243:20
    at new Promise (<anonymous>)
    at runWithTimeout (file:///C:/Users/chris/Dev/Projects/TheFantasyWorldSimulator/node_modules/@vitest/runner/dist/index.js:1209:10)
[Orchestrator] Tick crashed, returning previous state: Error: Trait not found: trait.reputation.power.renown
    at assignTrait (C:/Users/chris/Dev/Projects/TheFantasyWorldSimulator/src/engine/traits.ts:44:25)
    at syncReputationTrait (C:/Users/chris/Dev/Projects/TheFantasyWorldSimulator/src/engine/phaseReputationTraits.ts:297:5)
    at phaseReputationTraits (C:/Users/chris/Dev/Projects/TheFantasyWorldSimulator/src/engine/phaseReputationTraits.ts:273:7)
    at runTick (C:/Users/chris/Dev/Projects/TheFantasyWorldSimulator/src/engine/orchestrator.ts:1896:18)
    at C:/Users/chris/Dev/Projects/TheFantasyWorldSimulator/src/engine/__tests__/contracts/encounter-liveness.contract.test.ts:222:17
    at file:///C:/Users/chris/Dev/Projects/TheFantasyWorldSimulator/node_modules/@vitest/runner/dist/index.js:145:11
    at file:///C:/Users/chris/Dev/Projects/TheFantasyWorldSimulator/node_modules/@vitest/runner/dist/index.js:915:26
    at file:///C:/Users/chris/Dev/Projects/TheFantasyWorldSimulator/node_modules/@vitest/runner/dist/index.js:1243:20
    at new Promise (<anonymous>)
    at runWithTimeout (file:///C:/Users/chris/Dev/Projects/TheFantasyWorldSimulator/node_modules/@vitest/runner/dist/index.js:1209:10)
[Orchestrator] Tick crashed, returning previous state: Error: Trait not found: trait.reputation.power.renown
    at assignTrait (C:/Users/chris/Dev/Projects/TheFantasyWorldSimulator/src/engine/traits.ts:44:25)
    at syncReputationTrait (C:/Users/chris/Dev/Projects/TheFantasyWorldSimulator/src/engine/phaseReputationTraits.ts:297:5)
    at phaseReputationTraits (C:/Users/chris/Dev/Projects/TheFantasyWorldSimulator/src/engine/phaseReputationTraits.ts:273:7)
    at runTick (C:/Users/chris/Dev/Projects/TheFantasyWorldSimulator/src/engine/orchestrator.ts:1896:18)
    at C:/Users/chris/Dev/Projects/TheFantasyWorldSimulator/src/engine/__tests__/contracts/encounter-liveness.contract.test.ts:222:17
    at file:///C:/Users/chris/Dev/Projects/TheFantasyWorldSimulator/node_modules/@vitest/runner/dist/index.js:145:11
    at file:///C:/Users/chris/Dev/Projects/TheFantasyWorldSimulator/node_modules/@vitest/runner/dist/index.js:915:26
    at file:///C:/Users/chris/Dev/Projects/TheFantasyWorldSimulator/node_modules/@vitest/runner/dist/index.js:1243:20
    at new Promise (<anonymous>)
    at runWithTimeout (file:///C:/Users/chris/Dev/Projects/TheFantasyWorldSimulator/node_modules/@vitest/runner/dist/index.js:1209:10)
[Orchestrator] Tick crashed, returning previous state: Error: Trait not found: trait.reputation.power.renown
    at assignTrait (C:/Users/chris/Dev/Projects/TheFantasyWorldSimulator/src/engine/traits.ts:44:25)
    at syncReputationTrait (C:/Users/chris/Dev/Projects/TheFantasyWorldSimulator/src/engine/phaseReputationTraits.ts:297:5)
    at phaseReputationTraits (C:/Users/chris/Dev/Projects/TheFantasyWorldSimulator/src/engine/phaseReputationTraits.ts:273:7)
    at runTick (C:/Users/chris/Dev/Projects/TheFantasyWorldSimulator/src/engine/orchestrator.ts:1896:18)
    at C:/Users/chris/Dev/Projects/TheFantasyWorldSimulator/src/engine/__tests__/contracts/encounter-liveness.contract.test.ts:222:17
    at file:///C:/Users/chris/Dev/Projects/TheFantasyWorldSimulator/node_modules/@vitest/runner/dist/index.js:145:11
    at file:///C:/Users/chris/Dev/Projects/TheFantasyWorldSimulator/node_modules/@vitest/runner/dist/index.js:915:26
    at file:///C:/Users/chris/Dev/Projects/TheFantasyWorldSimulator/node_modules/@vitest/runner/dist/index.js:1243:20
    at new Promise (<anonymous>)
    at runWithTimeout (file:///C:/Users/chris/Dev/Projects/TheFantasyWorldSimulator/node_modules/@vitest/runner/dist/index.js:1209:10)
[Orchestrator] Tick crashed, returning previous state: Error: Trait not found: trait.reputation.power.renown
    at assignTrait (C:/Users/chris/Dev/Projects/TheFantasyWorldSimulator/src/engine/traits.ts:44:25)
    at syncReputationTrait (C:/Users/chris/Dev/Projects/TheFantasyWorldSimulator/src/engine/phaseReputationTraits.ts:297:5)
    at phaseReputationTraits (C:/Users/chris/Dev/Projects/TheFantasyWorldSimulator/src/engine/phaseReputationTraits.ts:273:7)
    at runTick (C:/Users/chris/Dev/Projects/TheFantasyWorldSimulator/src/engine/orchestrator.ts:1896:18)
    at C:/Users/chris/Dev/Projects/TheFantasyWorldSimulator/src/engine/__tests__/contracts/encounter-liveness.contract.test.ts:222:17
    at file:///C:/Users/chris/Dev/Projects/TheFantasyWorldSimulator/node_modules/@vitest/runner/dist/index.js:145:11
    at file:///C:/Users/chris/Dev/Projects/TheFantasyWorldSimulator/node_modules/@vitest/runner/dist/index.js:915:26
    at file:///C:/Users/chris/Dev/Projects/TheFantasyWorldSimulator/node_modules/@vitest/runner/dist/index.js:1243:20
    at new Promise (<anonymous>)
    at runWithTimeout (file:///C:/Users/chris/Dev/Projects/TheFantasyWorldSimulator/node_modules/@vitest/runner/dist/index.js:1209:10)
[Orchestrator] Tick crashed, returning previous state: Error: Trait not found: trait.reputation.power.renown
    at assignTrait (C:/Users/chris/Dev/Projects/TheFantasyWorldSimulator/src/engine/traits.ts:44:25)
    at syncReputationTrait (C:/Users/chris/Dev/Projects/TheFantasyWorldSimulator/src/engine/phaseReputationTraits.ts:297:5)
    at phaseReputationTraits (C:/Users/chris/Dev/Projects/TheFantasyWorldSimulator/src/engine/phaseReputationTraits.ts:273:7)
    at runTick (C:/Users/chris/Dev/Projects/TheFantasyWorldSimulator/src/engine/orchestrator.ts:1896:18)
    at C:/Users/chris/Dev/Projects/TheFantasyWorldSimulator/src/engine/__tests__/contracts/encounter-liveness.contract.test.ts:222:17
    at file:///C:/Users/chris/Dev/Projects/TheFantasyWorldSimulator/node_modules/@vitest/runner/dist/index.js:145:11
    at file:///C:/Users/chris/Dev/Projects/TheFantasyWorldSimulator/node_modules/@vitest/runner/dist/index.js:915:26
    at file:///C:/Users/chris/Dev/Projects/TheFantasyWorldSimulator/node_modules/@vitest/runner/dist/index.js:1243:20
    at new Promise (<anonymous>)
    at runWithTimeout (file:///C:/Users/chris/Dev/Projects/TheFantasyWorldSimulator/node_modules/@vitest/runner/dist/index.js:1209:10)
[Orchestrator] Tick crashed, returning previous state: Error: Trait not found: trait.reputation.power.renown
    at assignTrait (C:/Users/chris/Dev/Projects/TheFantasyWorldSimulator/src/engine/traits.ts:44:25)
    at syncReputationTrait (C:/Users/chris/Dev/Projects/TheFantasyWorldSimulator/src/engine/phaseReputationTraits.ts:297:5)
    at phaseReputationTraits (C:/Users/chris/Dev/Projects/TheFantasyWorldSimulator/src/engine/phaseReputationTraits.ts:273:7)
    at runTick (C:/Users/chris/Dev/Projects/TheFantasyWorldSimulator/src/engine/orchestrator.ts:1896:18)
    at C:/Users/chris/Dev/Projects/TheFantasyWorldSimulator/src/engine/__tests__/contracts/encounter-liveness.contract.test.ts:222:17
    at file:///C:/Users/chris/Dev/Projects/TheFantasyWorldSimulator/node_modules/@vitest/runner/dist/index.js:145:11
    at file:///C:/Users/chris/Dev/Projects/TheFantasyWorldSimulator/node_modules/@vitest/runner/dist/index.js:915:26
    at file:///C:/Users/chris/Dev/Projects/TheFantasyWorldSimulator/node_modules/@vitest/runner/dist/index.js:1243:20
    at new Promise (<anonymous>)
    at runWithTimeout (file:///C:/Users/chris/Dev/Projects/TheFantasyWorldSimulator/node_modules/@vitest/runner/dist/index.js:1209:10)
[Orchestrator] Tick crashed, returning previous state: Error: Trait not found: trait.reputation.power.renown
    at assignTrait (C:/Users/chris/Dev/Projects/TheFantasyWorldSimulator/src/engine/traits.ts:44:25)
    at syncReputationTrait (C:/Users/chris/Dev/Projects/TheFantasyWorldSimulator/src/engine/phaseReputationTraits.ts:297:5)
    at phaseReputationTraits (C:/Users/chris/Dev/Projects/TheFantasyWorldSimulator/src/engine/phaseReputationTraits.ts:273:7)
    at runTick (C:/Users/chris/Dev/Projects/TheFantasyWorldSimulator/src/engine/orchestrator.ts:1896:18)
    at C:/Users/chris/Dev/Projects/TheFantasyWorldSimulator/src/engine/__tests__/contracts/encounter-liveness.contract.test.ts:222:17
    at file:///C:/Users/chris/Dev/Projects/TheFantasyWorldSimulator/node_modules/@vitest/runner/dist/index.js:145:11
    at file:///C:/Users/chris/Dev/Projects/TheFantasyWorldSimulator/node_modules/@vitest/runner/dist/index.js:915:26
    at file:///C:/Users/chris/Dev/Projects/TheFantasyWorldSimulator/node_modules/@vitest/runner/dist/index.js:1243:20
    at new Promise (<anonymous>)
    at runWithTimeout (file:///C:/Users/chris/Dev/Projects/TheFantasyWorldSimulator/node_modules/@vitest/runner/dist/index.js:1209:10)
[Orchestrator] Tick crashed, returning previous state: Error: Trait not found: trait.reputation.power.renown
    at assignTrait (C:/Users/chris/Dev/Projects/TheFantasyWorldSimulator/src/engine/traits.ts:44:25)
    at syncReputationTrait (C:/Users/chris/Dev/Projects/TheFantasyWorldSimulator/src/engine/phaseReputationTraits.ts:297:5)
    at phaseReputationTraits (C:/Users/chris/Dev/Projects/TheFantasyWorldSimulator/src/engine/phaseReputationTraits.ts:273:7)
    at runTick (C:/Users/chris/Dev/Projects/TheFantasyWorldSimulator/src/engine/orchestrator.ts:1896:18)
    at C:/Users/chris/Dev/Projects/TheFantasyWorldSimulator/src/engine/__tests__/contracts/encounter-liveness.contract.test.ts:222:17
    at file:///C:/Users/chris/Dev/Projects/TheFantasyWorldSimulator/node_modules/@vitest/runner/dist/index.js:145:11
    at file:///C:/Users/chris/Dev/Projects/TheFantasyWorldSimulator/node_modules/@vitest/runner/dist/index.js:915:26
    at file:///C:/Users/chris/Dev/Projects/TheFantasyWorldSimulator/node_modules/@vitest/runner/dist/index.js:1243:20
    at new Promise (<anonymous>)
    at runWithTimeout (file:///C:/Users/chris/Dev/Projects/TheFantasyWorldSimulator/node_modules/@vitest/runner/dist/index.js:1209:10)
[Orchestrator] Tick crashed, returning previous state: Error: Trait not found: trait.reputation.power.renown
    at assignTrait (C:/Users/chris/Dev/Projects/TheFantasyWorldSimulator/src/engine/traits.ts:44:25)
    at syncReputationTrait (C:/Users/chris/Dev/Projects/TheFantasyWorldSimulator/src/engine/phaseReputationTraits.ts:297:5)
    at phaseReputationTraits (C:/Users/chris/Dev/Projects/TheFantasyWorldSimulator/src/engine/phaseReputationTraits.ts:273:7)
    at runTick (C:/Users/chris/Dev/Projects/TheFantasyWorldSimulator/src/engine/orchestrator.ts:1896:18)
    at C:/Users/chris/Dev/Projects/TheFantasyWorldSimulator/src/engine/__tests__/contracts/encounter-liveness.contract.test.ts:222:17
    at file:///C:/Users/chris/Dev/Projects/TheFantasyWorldSimulator/node_modules/@vitest/runner/dist/index.js:145:11
    at file:///C:/Users/chris/Dev/Projects/TheFantasyWorldSimulator/node_modules/@vitest/runner/dist/index.js:915:26
    at file:///C:/Users/chris/Dev/Projects/TheFantasyWorldSimulator/node_modules/@vitest/runner/dist/index.js:1243:20
    at new Promise (<anonymous>)
    at runWithTimeout (file:///C:/Users/chris/Dev/Projects/TheFantasyWorldSimulator/node_modules/@vitest/runner/dist/index.js:1209:10)
[Orchestrator] Tick crashed, returning previous state: Error: Trait not found: trait.reputation.power.renown
    at assignTrait (C:/Users/chris/Dev/Projects/TheFantasyWorldSimulator/src/engine/traits.ts:44:25)
    at syncReputationTrait (C:/Users/chris/Dev/Projects/TheFantasyWorldSimulator/src/engine/phaseReputationTraits.ts:297:5)
    at phaseReputationTraits (C:/Users/chris/Dev/Projects/TheFantasyWorldSimulator/src/engine/phaseReputationTraits.ts:273:7)
    at runTick (C:/Users/chris/Dev/Projects/TheFantasyWorldSimulator/src/engine/orchestrator.ts:1896:18)
    at C:/Users/chris/Dev/Projects/TheFantasyWorldSimulator/src/engine/__tests__/contracts/encounter-liveness.contract.test.ts:222:17
    at file:///C:/Users/chris/Dev/Projects/TheFantasyWorldSimulator/node_modules/@vitest/runner/dist/index.js:145:11
    at file:///C:/Users/chris/Dev/Projects/TheFantasyWorldSimulator/node_modules/@vitest/runner/dist/index.js:915:26
    at file:///C:/Users/chris/Dev/Projects/TheFantasyWorldSimulator/node_modules/@vitest/runner/dist/index.js:1243:20
    at new Promise (<anonymous>)
    at runWithTimeout (file:///C:/Users/chris/Dev/Projects/TheFantasyWorldSimulator/node_modules/@vitest/runner/dist/index.js:1209:10)
[Orchestrator] Tick crashed, returning previous state: Error: Trait not found: trait.reputation.power.renown
    at assignTrait (C:/Users/chris/Dev/Projects/TheFantasyWorldSimulator/src/engine/traits.ts:44:25)
    at syncReputationTrait (C:/Users/chris/Dev/Projects/TheFantasyWorldSimulator/src/engine/phaseReputationTraits.ts:297:5)
    at phaseReputationTraits (C:/Users/chris/Dev/Projects/TheFantasyWorldSimulator/src/engine/phaseReputationTraits.ts:273:7)
    at runTick (C:/Users/chris/Dev/Projects/TheFantasyWorldSimulator/src/engine/orchestrator.ts:1896:18)
    at C:/Users/chris/Dev/Projects/TheFantasyWorldSimulator/src/engine/__tests__/contracts/encounter-liveness.contract.test.ts:222:17
    at file:///C:/Users/chris/Dev/Projects/TheFantasyWorldSimulator/node_modules/@vitest/runner/dist/index.js:145:11
    at file:///C:/Users/chris/Dev/Projects/TheFantasyWorldSimulator/node_modules/@vitest/runner/dist/index.js:915:26
    at file:///C:/Users/chris/Dev/Projects/TheFantasyWorldSimulator/node_modules/@vitest/runner/dist/index.js:1243:20
    at new Promise (<anonymous>)
    at runWithTimeout (file:///C:/Users/chris/Dev/Projects/TheFantasyWorldSimulator/node_modules/@vitest/runner/dist/index.js:1209:10)
[Orchestrator] Tick crashed, returning previous state: Error: Trait not found: trait.reputation.power.renown
    at assignTrait (C:/Users/chris/Dev/Projects/TheFantasyWorldSimulator/src/engine/traits.ts:44:25)
    at syncReputationTrait (C:/Users/chris/Dev/Projects/TheFantasyWorldSimulator/src/engine/phaseReputationTraits.ts:297:5)
    at phaseReputationTraits (C:/Users/chris/Dev/Projects/TheFantasyWorldSimulator/src/engine/phaseReputationTraits.ts:273:7)
    at runTick (C:/Users/chris/Dev/Projects/TheFantasyWorldSimulator/src/engine/orchestrator.ts:1896:18)
    at C:/Users/chris/Dev/Projects/TheFantasyWorldSimulator/src/engine/__tests__/contracts/encounter-liveness.contract.test.ts:222:17
    at file:///C:/Users/chris/Dev/Projects/TheFantasyWorldSimulator/node_modules/@vitest/runner/dist/index.js:145:11
    at file:///C:/Users/chris/Dev/Projects/TheFantasyWorldSimulator/node_modules/@vitest/runner/dist/index.js:915:26
    at file:///C:/Users/chris/Dev/Projects/TheFantasyWorldSimulator/node_modules/@vitest/runner/dist/index.js:1243:20
    at new Promise (<anonymous>)
    at runWithTimeout (file:///C:/Users/chris/Dev/Projects/TheFantasyWorldSimulator/node_modules/@vitest/runner/dist/index.js:1209:10)
[Orchestrator] Tick crashed, returning previous state: Error: Trait not found: trait.reputation.power.renown
    at assignTrait (C:/Users/chris/Dev/Projects/TheFantasyWorldSimulator/src/engine/traits.ts:44:25)
    at syncReputationTrait (C:/Users/chris/Dev/Projects/TheFantasyWorldSimulator/src/engine/phaseReputationTraits.ts:297:5)
    at phaseReputationTraits (C:/Users/chris/Dev/Projects/TheFantasyWorldSimulator/src/engine/phaseReputationTraits.ts:273:7)
    at runTick (C:/Users/chris/Dev/Projects/TheFantasyWorldSimulator/src/engine/orchestrator.ts:1896:18)
    at C:/Users/chris/Dev/Projects/TheFantasyWorldSimulator/src/engine/__tests__/contracts/encounter-liveness.contract.test.ts:222:17
    at file:///C:/Users/chris/Dev/Projects/TheFantasyWorldSimulator/node_modules/@vitest/runner/dist/index.js:145:11
    at file:///C:/Users/chris/Dev/Projects/TheFantasyWorldSimulator/node_modules/@vitest/runner/dist/index.js:915:26
    at file:///C:/Users/chris/Dev/Projects/TheFantasyWorldSimulator/node_modules/@vitest/runner/dist/index.js:1243:20
    at new Promise (<anonymous>)
    at runWithTimeout (file:///C:/Users/chris/Dev/Projects/TheFantasyWorldSimulator/node_modules/@vitest/runner/dist/index.js:1209:10)
[Orchestrator] Tick crashed, returning previous state: Error: Trait not found: trait.reputation.power.renown
    at assignTrait (C:/Users/chris/Dev/Projects/TheFantasyWorldSimulator/src/engine/traits.ts:44:25)
    at syncReputationTrait (C:/Users/chris/Dev/Projects/TheFantasyWorldSimulator/src/engine/phaseReputationTraits.ts:297:5)
    at phaseReputationTraits (C:/Users/chris/Dev/Projects/TheFantasyWorldSimulator/src/engine/phaseReputationTraits.ts:273:7)
    at runTick (C:/Users/chris/Dev/Projects/TheFantasyWorldSimulator/src/engine/orchestrator.ts:1896:18)
    at C:/Users/chris/Dev/Projects/TheFantasyWorldSimulator/src/engine/__tests__/contracts/encounter-liveness.contract.test.ts:222:17
    at file:///C:/Users/chris/Dev/Projects/TheFantasyWorldSimulator/node_modules/@vitest/runner/dist/index.js:145:11
    at file:///C:/Users/chris/Dev/Projects/TheFantasyWorldSimulator/node_modules/@vitest/runner/dist/index.js:915:26
    at file:///C:/Users/chris/Dev/Projects/TheFantasyWorldSimulator/node_modules/@vitest/runner/dist/index.js:1243:20
    at new Promise (<anonymous>)
    at runWithTimeout (file:///C:/Users/chris/Dev/Projects/TheFantasyWorldSimulator/node_modules/@vitest/runner/dist/index.js:1209:10)
[Orchestrator] Tick crashed, returning previous state: Error: Trait not found: trait.reputation.power.renown
    at assignTrait (C:/Users/chris/Dev/Projects/TheFantasyWorldSimulator/src/engine/traits.ts:44:25)
    at syncReputationTrait (C:/Users/chris/Dev/Projects/TheFantasyWorldSimulator/src/engine/phaseReputationTraits.ts:297:5)
    at phaseReputationTraits (C:/Users/chris/Dev/Projects/TheFantasyWorldSimulator/src/engine/phaseReputationTraits.ts:273:7)
    at runTick (C:/Users/chris/Dev/Projects/TheFantasyWorldSimulator/src/engine/orchestrator.ts:1896:18)
    at C:/Users/chris/Dev/Projects/TheFantasyWorldSimulator/src/engine/__tests__/contracts/encounter-liveness.contract.test.ts:222:17
    at file:///C:/Users/chris/Dev/Projects/TheFantasyWorldSimulator/node_modules/@vitest/runner/dist/index.js:145:11
    at file:///C:/Users/chris/Dev/Projects/TheFantasyWorldSimulator/node_modules/@vitest/runner/dist/index.js:915:26
    at file:///C:/Users/chris/Dev/Projects/TheFantasyWorldSimulator/node_modules/@vitest/runner/dist/index.js:1243:20
    at new Promise (<anonymous>)
    at runWithTimeout (file:///C:/Users/chris/Dev/Projects/TheFantasyWorldSimulator/node_modules/@vitest/runner/dist/index.js:1209:10)
[Orchestrator] Tick crashed, returning previous state: Error: Trait not found: trait.reputation.power.renown
    at assignTrait (C:/Users/chris/Dev/Projects/TheFantasyWorldSimulator/src/engine/traits.ts:44:25)
    at syncReputationTrait (C:/Users/chris/Dev/Projects/TheFantasyWorldSimulator/src/engine/phaseReputationTraits.ts:297:5)
    at phaseReputationTraits (C:/Users/chris/Dev/Projects/TheFantasyWorldSimulator/src/engine/phaseReputationTraits.ts:273:7)
    at runTick (C:/Users/chris/Dev/Projects/TheFantasyWorldSimulator/src/engine/orchestrator.ts:1896:18)
    at C:/Users/chris/Dev/Projects/TheFantasyWorldSimulator/src/engine/__tests__/contracts/encounter-liveness.contract.test.ts:222:17
    at file:///C:/Users/chris/Dev/Projects/TheFantasyWorldSimulator/node_modules/@vitest/runner/dist/index.js:145:11
    at file:///C:/Users/chris/Dev/Projects/TheFantasyWorldSimulator/node_modules/@vitest/runner/dist/index.js:915:26
    at file:///C:/Users/chris/Dev/Projects/TheFantasyWorldSimulator/node_modules/@vitest/runner/dist/index.js:1243:20
    at new Promise (<anonymous>)
    at runWithTimeout (file:///C:/Users/chris/Dev/Projects/TheFantasyWorldSimulator/node_modules/@vitest/runner/dist/index.js:1209:10)
[Orchestrator] Tick crashed, returning previous state: Error: Trait not found: trait.reputation.power.renown
    at assignTrait (C:/Users/chris/Dev/Projects/TheFantasyWorldSimulator/src/engine/traits.ts:44:25)
    at syncReputationTrait (C:/Users/chris/Dev/Projects/TheFantasyWorldSimulator/src/engine/phaseReputationTraits.ts:297:5)
    at phaseReputationTraits (C:/Users/chris/Dev/Projects/TheFantasyWorldSimulator/src/engine/phaseReputationTraits.ts:273:7)
    at runTick (C:/Users/chris/Dev/Projects/TheFantasyWorldSimulator/src/engine/orchestrator.ts:1896:18)
    at C:/Users/chris/Dev/Projects/TheFantasyWorldSimulator/src/engine/__tests__/contracts/encounter-liveness.contract.test.ts:222:17
    at file:///C:/Users/chris/Dev/Projects/TheFantasyWorldSimulator/node_modules/@vitest/runner/dist/index.js:145:11
    at file:///C:/Users/chris/Dev/Projects/TheFantasyWorldSimulator/node_modules/@vitest/runner/dist/index.js:915:26
    at file:///C:/Users/chris/Dev/Projects/TheFantasyWorldSimulator/node_modules/@vitest/runner/dist/index.js:1243:20
    at new Promise (<anonymous>)
    at runWithTimeout (file:///C:/Users/chris/Dev/Projects/TheFantasyWorldSimulator/node_modules/@vitest/runner/dist/index.js:1209:10)
[Orchestrator] Tick crashed, returning previous state: Error: Trait not found: trait.reputation.power.renown
    at assignTrait (C:/Users/chris/Dev/Projects/TheFantasyWorldSimulator/src/engine/traits.ts:44:25)
    at syncReputationTrait (C:/Users/chris/Dev/Projects/TheFantasyWorldSimulator/src/engine/phaseReputationTraits.ts:297:5)
    at phaseReputationTraits (C:/Users/chris/Dev/Projects/TheFantasyWorldSimulator/src/engine/phaseReputationTraits.ts:273:7)
    at runTick (C:/Users/chris/Dev/Projects/TheFantasyWorldSimulator/src/engine/orchestrator.ts:1896:18)
    at C:/Users/chris/Dev/Projects/TheFantasyWorldSimulator/src/engine/__tests__/contracts/encounter-liveness.contract.test.ts:222:17
    at file:///C:/Users/chris/Dev/Projects/TheFantasyWorldSimulator/node_modules/@vitest/runner/dist/index.js:145:11
    at file:///C:/Users/chris/Dev/Projects/TheFantasyWorldSimulator/node_modules/@vitest/runner/dist/index.js:915:26
    at file:///C:/Users/chris/Dev/Projects/TheFantasyWorldSimulator/node_modules/@vitest/runner/dist/index.js:1243:20
    at new Promise (<anonymous>)
    at runWithTimeout (file:///C:/Users/chris/Dev/Projects/TheFantasyWorldSimulator/node_modules/@vitest/runner/dist/index.js:1209:10)
[Orchestrator] Tick crashed, returning previous state: Error: Trait not found: trait.reputation.power.renown
    at assignTrait (C:/Users/chris/Dev/Projects/TheFantasyWorldSimulator/src/engine/traits.ts:44:25)
    at syncReputationTrait (C:/Users/chris/Dev/Projects/TheFantasyWorldSimulator/src/engine/phaseReputationTraits.ts:297:5)
    at phaseReputationTraits (C:/Users/chris/Dev/Projects/TheFantasyWorldSimulator/src/engine/phaseReputationTraits.ts:273:7)
    at runTick (C:/Users/chris/Dev/Projects/TheFantasyWorldSimulator/src/engine/orchestrator.ts:1896:18)
    at C:/Users/chris/Dev/Projects/TheFantasyWorldSimulator/src/engine/__tests__/contracts/encounter-liveness.contract.test.ts:222:17
    at file:///C:/Users/chris/Dev/Projects/TheFantasyWorldSimulator/node_modules/@vitest/runner/dist/index.js:145:11
    at file:///C:/Users/chris/Dev/Projects/TheFantasyWorldSimulator/node_modules/@vitest/runner/dist/index.js:915:26
    at file:///C:/Users/chris/Dev/Projects/TheFantasyWorldSimulator/node_modules/@vitest/runner/dist/index.js:1243:20
    at new Promise (<anonymous>)
    at runWithTimeout (file:///C:/Users/chris/Dev/Projects/TheFantasyWorldSimulator/node_modules/@vitest/runner/dist/index.js:1209:10)
[Orchestrator] Tick crashed, returning previous state: Error: Trait not found: trait.reputation.power.renown
    at assignTrait (C:/Users/chris/Dev/Projects/TheFantasyWorldSimulator/src/engine/traits.ts:44:25)
    at syncReputationTrait (C:/Users/chris/Dev/Projects/TheFantasyWorldSimulator/src/engine/phaseReputationTraits.ts:297:5)
    at phaseReputationTraits (C:/Users/chris/Dev/Projects/TheFantasyWorldSimulator/src/engine/phaseReputationTraits.ts:273:7)
    at runTick (C:/Users/chris/Dev/Projects/TheFantasyWorldSimulator/src/engine/orchestrator.ts:1896:18)
    at C:/Users/chris/Dev/Projects/TheFantasyWorldSimulator/src/engine/__tests__/contracts/encounter-liveness.contract.test.ts:222:17
    at file:///C:/Users/chris/Dev/Projects/TheFantasyWorldSimulator/node_modules/@vitest/runner/dist/index.js:145:11
    at file:///C:/Users/chris/Dev/Projects/TheFantasyWorldSimulator/node_modules/@vitest/runner/dist/index.js:915:26
    at file:///C:/Users/chris/Dev/Projects/TheFantasyWorldSimulator/node_modules/@vitest/runner/dist/index.js:1243:20
    at new Promise (<anonymous>)
    at runWithTimeout (file:///C:/Users/chris/Dev/Projects/TheFantasyWorldSimulator/node_modules/@vitest/runner/dist/index.js:1209:10)
[Orchestrator] Tick crashed, returning previous state: Error: Trait not found: trait.reputation.power.renown
    at assignTrait (C:/Users/chris/Dev/Projects/TheFantasyWorldSimulator/src/engine/traits.ts:44:25)
    at syncReputationTrait (C:/Users/chris/Dev/Projects/TheFantasyWorldSimulator/src/engine/phaseReputationTraits.ts:297:5)
    at phaseReputationTraits (C:/Users/chris/Dev/Projects/TheFantasyWorldSimulator/src/engine/phaseReputationTraits.ts:273:7)
    at runTick (C:/Users/chris/Dev/Projects/TheFantasyWorldSimulator/src/engine/orchestrator.ts:1896:18)
    at C:/Users/chris/Dev/Projects/TheFantasyWorldSimulator/src/engine/__tests__/contracts/encounter-liveness.contract.test.ts:222:17
    at file:///C:/Users/chris/Dev/Projects/TheFantasyWorldSimulator/node_modules/@vitest/runner/dist/index.js:145:11
    at file:///C:/Users/chris/Dev/Projects/TheFantasyWorldSimulator/node_modules/@vitest/runner/dist/index.js:915:26
    at file:///C:/Users/chris/Dev/Projects/TheFantasyWorldSimulator/node_modules/@vitest/runner/dist/index.js:1243:20
    at new Promise (<anonymous>)
    at runWithTimeout (file:///C:/Users/chris/Dev/Projects/TheFantasyWorldSimulator/node_modules/@vitest/runner/dist/index.js:1209:10)
[Orchestrator] Tick crashed, returning previous state: Error: Trait not found: trait.reputation.power.renown
    at assignTrait (C:/Users/chris/Dev/Projects/TheFantasyWorldSimulator/src/engine/traits.ts:44:25)
    at syncReputationTrait (C:/Users/chris/Dev/Projects/TheFantasyWorldSimulator/src/engine/phaseReputationTraits.ts:297:5)
    at phaseReputationTraits (C:/Users/chris/Dev/Projects/TheFantasyWorldSimulator/src/engine/phaseReputationTraits.ts:273:7)
    at runTick (C:/Users/chris/Dev/Projects/TheFantasyWorldSimulator/src/engine/orchestrator.ts:1896:18)
    at C:/Users/chris/Dev/Projects/TheFantasyWorldSimulator/src/engine/__tests__/contracts/encounter-liveness.contract.test.ts:222:17
    at file:///C:/Users/chris/Dev/Projects/TheFantasyWorldSimulator/node_modules/@vitest/runner/dist/index.js:145:11
    at file:///C:/Users/chris/Dev/Projects/TheFantasyWorldSimulator/node_modules/@vitest/runner/dist/index.js:915:26
    at file:///C:/Users/chris/Dev/Projects/TheFantasyWorldSimulator/node_modules/@vitest/runner/dist/index.js:1243:20
    at new Promise (<anonymous>)
    at runWithTimeout (file:///C:/Users/chris/Dev/Projects/TheFantasyWorldSimulator/node_modules/@vitest/runner/dist/index.js:1209:10)
[Orchestrator] Tick crashed, returning previous state: Error: Trait not found: trait.reputation.power.renown
    at assignTrait (C:/Users/chris/Dev/Projects/TheFantasyWorldSimulator/src/engine/traits.ts:44:25)
    at syncReputationTrait (C:/Users/chris/Dev/Projects/TheFantasyWorldSimulator/src/engine/phaseReputationTraits.ts:297:5)
    at phaseReputationTraits (C:/Users/chris/Dev/Projects/TheFantasyWorldSimulator/src/engine/phaseReputationTraits.ts:273:7)
    at runTick (C:/Users/chris/Dev/Projects/TheFantasyWorldSimulator/src/engine/orchestrator.ts:1896:18)
    at C:/Users/chris/Dev/Projects/TheFantasyWorldSimulator/src/engine/__tests__/contracts/encounter-liveness.contract.test.ts:222:17
    at file:///C:/Users/chris/Dev/Projects/TheFantasyWorldSimulator/node_modules/@vitest/runner/dist/index.js:145:11
    at file:///C:/Users/chris/Dev/Projects/TheFantasyWorldSimulator/node_modules/@vitest/runner/dist/index.js:915:26
    at file:///C:/Users/chris/Dev/Projects/TheFantasyWorldSimulator/node_modules/@vitest/runner/dist/index.js:1243:20
    at new Promise (<anonymous>)
    at runWithTimeout (file:///C:/Users/chris/Dev/Projects/TheFantasyWorldSimulator/node_modules/@vitest/runner/dist/index.js:1209:10)
[Orchestrator] Tick crashed, returning previous state: Error: Trait not found: trait.reputation.power.renown
    at assignTrait (C:/Users/chris/Dev/Projects/TheFantasyWorldSimulator/src/engine/traits.ts:44:25)
    at syncReputationTrait (C:/Users/chris/Dev/Projects/TheFantasyWorldSimulator/src/engine/phaseReputationTraits.ts:297:5)
    at phaseReputationTraits (C:/Users/chris/Dev/Projects/TheFantasyWorldSimulator/src/engine/phaseReputationTraits.ts:273:7)
    at runTick (C:/Users/chris/Dev/Projects/TheFantasyWorldSimulator/src/engine/orchestrator.ts:1896:18)
    at C:/Users/chris/Dev/Projects/TheFantasyWorldSimulator/src/engine/__tests__/contracts/encounter-liveness.contract.test.ts:222:17
    at file:///C:/Users/chris/Dev/Projects/TheFantasyWorldSimulator/node_modules/@vitest/runner/dist/index.js:145:11
    at file:///C:/Users/chris/Dev/Projects/TheFantasyWorldSimulator/node_modules/@vitest/runner/dist/index.js:915:26
    at file:///C:/Users/chris/Dev/Projects/TheFantasyWorldSimulator/node_modules/@vitest/runner/dist/index.js:1243:20
    at new Promise (<anonymous>)
    at runWithTimeout (file:///C:/Users/chris/Dev/Projects/TheFantasyWorldSimulator/node_modules/@vitest/runner/dist/index.js:1209:10)
[Orchestrator] Tick crashed, returning previous state: Error: Trait not found: trait.reputation.power.renown
    at assignTrait (C:/Users/chris/Dev/Projects/TheFantasyWorldSimulator/src/engine/traits.ts:44:25)
    at syncReputationTrait (C:/Users/chris/Dev/Projects/TheFantasyWorldSimulator/src/engine/phaseReputationTraits.ts:297:5)
    at phaseReputationTraits (C:/Users/chris/Dev/Projects/TheFantasyWorldSimulator/src/engine/phaseReputationTraits.ts:273:7)
    at runTick (C:/Users/chris/Dev/Projects/TheFantasyWorldSimulator/src/engine/orchestrator.ts:1896:18)
    at C:/Users/chris/Dev/Projects/TheFantasyWorldSimulator/src/engine/__tests__/contracts/encounter-liveness.contract.test.ts:222:17
    at file:///C:/Users/chris/Dev/Projects/TheFantasyWorldSimulator/node_modules/@vitest/runner/dist/index.js:145:11
    at file:///C:/Users/chris/Dev/Projects/TheFantasyWorldSimulator/node_modules/@vitest/runner/dist/index.js:915:26
    at file:///C:/Users/chris/Dev/Projects/TheFantasyWorldSimulator/node_modules/@vitest/runner/dist/index.js:1243:20
    at new Promise (<anonymous>)
    at runWithTimeout (file:///C:/Users/chris/Dev/Projects/TheFantasyWorldSimulator/node_modules/@vitest/runner/dist/index.js:1209:10)
[Orchestrator] Tick crashed, returning previous state: Error: Trait not found: trait.reputation.power.renown
    at assignTrait (C:/Users/chris/Dev/Projects/TheFantasyWorldSimulator/src/engine/traits.ts:44:25)
    at syncReputationTrait (C:/Users/chris/Dev/Projects/TheFantasyWorldSimulator/src/engine/phaseReputationTraits.ts:297:5)
    at phaseReputationTraits (C:/Users/chris/Dev/Projects/TheFantasyWorldSimulator/src/engine/phaseReputationTraits.ts:273:7)
    at runTick (C:/Users/chris/Dev/Projects/TheFantasyWorldSimulator/src/engine/orchestrator.ts:1896:18)
    at C:/Users/chris/Dev/Projects/TheFantasyWorldSimulator/src/engine/__tests__/contracts/encounter-liveness.contract.test.ts:222:17
    at file:///C:/Users/chris/Dev/Projects/TheFantasyWorldSimulator/node_modules/@vitest/runner/dist/index.js:145:11
    at file:///C:/Users/chris/Dev/Projects/TheFantasyWorldSimulator/node_modules/@vitest/runner/dist/index.js:915:26
    at file:///C:/Users/chris/Dev/Projects/TheFantasyWorldSimulator/node_modules/@vitest/runner/dist/index.js:1243:20
    at new Promise (<anonymous>)
    at runWithTimeout (file:///C:/Users/chris/Dev/Projects/TheFantasyWorldSimulator/node_modules/@vitest/runner/dist/index.js:1209:10)
[Orchestrator] Tick crashed, returning previous state: Error: Trait not found: trait.reputation.power.renown
    at assignTrait (C:/Users/chris/Dev/Projects/TheFantasyWorldSimulator/src/engine/traits.ts:44:25)
    at syncReputationTrait (C:/Users/chris/Dev/Projects/TheFantasyWorldSimulator/src/engine/phaseReputationTraits.ts:297:5)
    at phaseReputationTraits (C:/Users/chris/Dev/Projects/TheFantasyWorldSimulator/src/engine/phaseReputationTraits.ts:273:7)
    at runTick (C:/Users/chris/Dev/Projects/TheFantasyWorldSimulator/src/engine/orchestrator.ts:1896:18)
    at C:/Users/chris/Dev/Projects/TheFantasyWorldSimulator/src/engine/__tests__/contracts/encounter-liveness.contract.test.ts:222:17
    at file:///C:/Users/chris/Dev/Projects/TheFantasyWorldSimulator/node_modules/@vitest/runner/dist/index.js:145:11
    at file:///C:/Users/chris/Dev/Projects/TheFantasyWorldSimulator/node_modules/@vitest/runner/dist/index.js:915:26
    at file:///C:/Users/chris/Dev/Projects/TheFantasyWorldSimulator/node_modules/@vitest/runner/dist/index.js:1243:20
    at new Promise (<anonymous>)
    at runWithTimeout (file:///C:/Users/chris/Dev/Projects/TheFantasyWorldSimulator/node_modules/@vitest/runner/dist/index.js:1209:10)
[Orchestrator] Tick crashed, returning previous state: Error: Trait not found: trait.reputation.power.renown
    at assignTrait (C:/Users/chris/Dev/Projects/TheFantasyWorldSimulator/src/engine/traits.ts:44:25)
    at syncReputationTrait (C:/Users/chris/Dev/Projects/TheFantasyWorldSimulator/src/engine/phaseReputationTraits.ts:297:5)
    at phaseReputationTraits (C:/Users/chris/Dev/Projects/TheFantasyWorldSimulator/src/engine/phaseReputationTraits.ts:273:7)
    at runTick (C:/Users/chris/Dev/Projects/TheFantasyWorldSimulator/src/engine/orchestrator.ts:1896:18)
    at C:/Users/chris/Dev/Projects/TheFantasyWorldSimulator/src/engine/__tests__/contracts/encounter-liveness.contract.test.ts:222:17
    at file:///C:/Users/chris/Dev/Projects/TheFantasyWorldSimulator/node_modules/@vitest/runner/dist/index.js:145:11
    at file:///C:/Users/chris/Dev/Projects/TheFantasyWorldSimulator/node_modules/@vitest/runner/dist/index.js:915:26
    at file:///C:/Users/chris/Dev/Projects/TheFantasyWorldSimulator/node_modules/@vitest/runner/dist/index.js:1243:20
    at new Promise (<anonymous>)
    at runWithTimeout (file:///C:/Users/chris/Dev/Projects/TheFantasyWorldSimulator/node_modules/@vitest/runner/dist/index.js:1209:10)
[Orchestrator] Tick crashed, returning previous state: Error: Trait not found: trait.reputation.power.renown
    at assignTrait (C:/Users/chris/Dev/Projects/TheFantasyWorldSimulator/src/engine/traits.ts:44:25)
    at syncReputationTrait (C:/Users/chris/Dev/Projects/TheFantasyWorldSimulator/src/engine/phaseReputationTraits.ts:297:5)
    at phaseReputationTraits (C:/Users/chris/Dev/Projects/TheFantasyWorldSimulator/src/engine/phaseReputationTraits.ts:273:7)
    at runTick (C:/Users/chris/Dev/Projects/TheFantasyWorldSimulator/src/engine/orchestrator.ts:1896:18)
    at C:/Users/chris/Dev/Projects/TheFantasyWorldSimulator/src/engine/__tests__/contracts/encounter-liveness.contract.test.ts:222:17
    at file:///C:/Users/chris/Dev/Projects/TheFantasyWorldSimulator/node_modules/@vitest/runner/dist/index.js:145:11
    at file:///C:/Users/chris/Dev/Projects/TheFantasyWorldSimulator/node_modules/@vitest/runner/dist/index.js:915:26
    at file:///C:/Users/chris/Dev/Projects/TheFantasyWorldSimulator/node_modules/@vitest/runner/dist/index.js:1243:20
    at new Promise (<anonymous>)
    at runWithTimeout (file:///C:/Users/chris/Dev/Projects/TheFantasyWorldSimulator/node_modules/@vitest/runner/dist/index.js:1209:10)
[Orchestrator] Tick crashed, returning previous state: Error: Trait not found: trait.reputation.power.renown
    at assignTrait (C:/Users/chris/Dev/Projects/TheFantasyWorldSimulator/src/engine/traits.ts:44:25)
    at syncReputationTrait (C:/Users/chris/Dev/Projects/TheFantasyWorldSimulator/src/engine/phaseReputationTraits.ts:297:5)
    at phaseReputationTraits (C:/Users/chris/Dev/Projects/TheFantasyWorldSimulator/src/engine/phaseReputationTraits.ts:273:7)
    at runTick (C:/Users/chris/Dev/Projects/TheFantasyWorldSimulator/src/engine/orchestrator.ts:1896:18)
    at C:/Users/chris/Dev/Projects/TheFantasyWorldSimulator/src/engine/__tests__/contracts/encounter-liveness.contract.test.ts:222:17
    at file:///C:/Users/chris/Dev/Projects/TheFantasyWorldSimulator/node_modules/@vitest/runner/dist/index.js:145:11
    at file:///C:/Users/chris/Dev/Projects/TheFantasyWorldSimulator/node_modules/@vitest/runner/dist/index.js:915:26
    at file:///C:/Users/chris/Dev/Projects/TheFantasyWorldSimulator/node_modules/@vitest/runner/dist/index.js:1243:20
    at new Promise (<anonymous>)
    at runWithTimeout (file:///C:/Users/chris/Dev/Projects/TheFantasyWorldSimulator/node_modules/@vitest/runner/dist/index.js:1209:10)
[Orchestrator] Tick crashed, returning previous state: Error: Trait not found: trait.reputation.power.renown
    at assignTrait (C:/Users/chris/Dev/Projects/TheFantasyWorldSimulator/src/engine/traits.ts:44:25)
    at syncReputationTrait (C:/Users/chris/Dev/Projects/TheFantasyWorldSimulator/src/engine/phaseReputationTraits.ts:297:5)
    at phaseReputationTraits (C:/Users/chris/Dev/Projects/TheFantasyWorldSimulator/src/engine/phaseReputationTraits.ts:273:7)
    at runTick (C:/Users/chris/Dev/Projects/TheFantasyWorldSimulator/src/engine/orchestrator.ts:1896:18)
    at C:/Users/chris/Dev/Projects/TheFantasyWorldSimulator/src/engine/__tests__/contracts/encounter-liveness.contract.test.ts:222:17
    at file:///C:/Users/chris/Dev/Projects/TheFantasyWorldSimulator/node_modules/@vitest/runner/dist/index.js:145:11
    at file:///C:/Users/chris/Dev/Projects/TheFantasyWorldSimulator/node_modules/@vitest/runner/dist/index.js:915:26
    at file:///C:/Users/chris/Dev/Projects/TheFantasyWorldSimulator/node_modules/@vitest/runner/dist/index.js:1243:20
    at new Promise (<anonymous>)
    at runWithTimeout (file:///C:/Users/chris/Dev/Projects/TheFantasyWorldSimulator/node_modules/@vitest/runner/dist/index.js:1209:10)
[Orchestrator] Tick crashed, returning previous state: Error: Trait not found: trait.reputation.power.renown
    at assignTrait (C:/Users/chris/Dev/Projects/TheFantasyWorldSimulator/src/engine/traits.ts:44:25)
    at syncReputationTrait (C:/Users/chris/Dev/Projects/TheFantasyWorldSimulator/src/engine/phaseReputationTraits.ts:297:5)
    at phaseReputationTraits (C:/Users/chris/Dev/Projects/TheFantasyWorldSimulator/src/engine/phaseReputationTraits.ts:273:7)
    at runTick (C:/Users/chris/Dev/Projects/TheFantasyWorldSimulator/src/engine/orchestrator.ts:1896:18)
    at C:/Users/chris/Dev/Projects/TheFantasyWorldSimulator/src/engine/__tests__/contracts/encounter-liveness.contract.test.ts:222:17
    at file:///C:/Users/chris/Dev/Projects/TheFantasyWorldSimulator/node_modules/@vitest/runner/dist/index.js:145:11
    at file:///C:/Users/chris/Dev/Projects/TheFantasyWorldSimulator/node_modules/@vitest/runner/dist/index.js:915:26
    at file:///C:/Users/chris/Dev/Projects/TheFantasyWorldSimulator/node_modules/@vitest/runner/dist/index.js:1243:20
    at new Promise (<anonymous>)
    at runWithTimeout (file:///C:/Users/chris/Dev/Projects/TheFantasyWorldSimulator/node_modules/@vitest/runner/dist/index.js:1209:10)
[Orchestrator] Tick crashed, returning previous state: Error: Trait not found: trait.reputation.power.renown
    at assignTrait (C:/Users/chris/Dev/Projects/TheFantasyWorldSimulator/src/engine/traits.ts:44:25)
    at syncReputationTrait (C:/Users/chris/Dev/Projects/TheFantasyWorldSimulator/src/engine/phaseReputationTraits.ts:297:5)
    at phaseReputationTraits (C:/Users/chris/Dev/Projects/TheFantasyWorldSimulator/src/engine/phaseReputationTraits.ts:273:7)
    at runTick (C:/Users/chris/Dev/Projects/TheFantasyWorldSimulator/src/engine/orchestrator.ts:1896:18)
    at C:/Users/chris/Dev/Projects/TheFantasyWorldSimulator/src/engine/__tests__/contracts/encounter-liveness.contract.test.ts:222:17
    at file:///C:/Users/chris/Dev/Projects/TheFantasyWorldSimulator/node_modules/@vitest/runner/dist/index.js:145:11
    at file:///C:/Users/chris/Dev/Projects/TheFantasyWorldSimulator/node_modules/@vitest/runner/dist/index.js:915:26
    at file:///C:/Users/chris/Dev/Projects/TheFantasyWorldSimulator/node_modules/@vitest/runner/dist/index.js:1243:20
    at new Promise (<anonymous>)
    at runWithTimeout (file:///C:/Users/chris/Dev/Projects/TheFantasyWorldSimulator/node_modules/@vitest/runner/dist/index.js:1209:10)
[Orchestrator] Tick crashed, returning previous state: Error: Trait not found: trait.reputation.power.renown
    at assignTrait (C:/Users/chris/Dev/Projects/TheFantasyWorldSimulator/src/engine/traits.ts:44:25)
    at syncReputationTrait (C:/Users/chris/Dev/Projects/TheFantasyWorldSimulator/src/engine/phaseReputationTraits.ts:297:5)
    at phaseReputationTraits (C:/Users/chris/Dev/Projects/TheFantasyWorldSimulator/src/engine/phaseReputationTraits.ts:273:7)
    at runTick (C:/Users/chris/Dev/Projects/TheFantasyWorldSimulator/src/engine/orchestrator.ts:1896:18)
    at C:/Users/chris/Dev/Projects/TheFantasyWorldSimulator/src/engine/__tests__/contracts/encounter-liveness.contract.test.ts:222:17
    at file:///C:/Users/chris/Dev/Projects/TheFantasyWorldSimulator/node_modules/@vitest/runner/dist/index.js:145:11
    at file:///C:/Users/chris/Dev/Projects/TheFantasyWorldSimulator/node_modules/@vitest/runner/dist/index.js:915:26
    at file:///C:/Users/chris/Dev/Projects/TheFantasyWorldSimulator/node_modules/@vitest/runner/dist/index.js:1243:20
    at new Promise (<anonymous>)
    at runWithTimeout (file:///C:/Users/chris/Dev/Projects/TheFantasyWorldSimulator/node_modules/@vitest/runner/dist/index.js:1209:10)
[Orchestrator] Tick crashed, returning previous state: Error: Trait not found: trait.reputation.power.renown
    at assignTrait (C:/Users/chris/Dev/Projects/TheFantasyWorldSimulator/src/engine/traits.ts:44:25)
    at syncReputationTrait (C:/Users/chris/Dev/Projects/TheFantasyWorldSimulator/src/engine/phaseReputationTraits.ts:297:5)
    at phaseReputationTraits (C:/Users/chris/Dev/Projects/TheFantasyWorldSimulator/src/engine/phaseReputationTraits.ts:273:7)
    at runTick (C:/Users/chris/Dev/Projects/TheFantasyWorldSimulator/src/engine/orchestrator.ts:1896:18)
    at C:/Users/chris/Dev/Projects/TheFantasyWorldSimulator/src/engine/__tests__/contracts/encounter-liveness.contract.test.ts:222:17
    at file:///C:/Users/chris/Dev/Projects/TheFantasyWorldSimulator/node_modules/@vitest/runner/dist/index.js:145:11
    at file:///C:/Users/chris/Dev/Projects/TheFantasyWorldSimulator/node_modules/@vitest/runner/dist/index.js:915:26
    at file:///C:/Users/chris/Dev/Projects/TheFantasyWorldSimulator/node_modules/@vitest/runner/dist/index.js:1243:20
    at new Promise (<anonymous>)
    at runWithTimeout (file:///C:/Users/chris/Dev/Projects/TheFantasyWorldSimulator/node_modules/@vitest/runner/dist/index.js:1209:10)
[GraphSchema] Edge "belongs_to" source should be ["actor","location"], got "region" (edge edge_hist_territory_region_0_hist_culture_0)
[Orchestrator] Tick crashed, returning previous state: Error: Trait not found: trait.reputation.power.renown
    at assignTrait (C:/Users/chris/Dev/Projects/TheFantasyWorldSimulator/src/engine/traits.ts:44:25)
    at syncReputationTrait (C:/Users/chris/Dev/Projects/TheFantasyWorldSimulator/src/engine/phaseReputationTraits.ts:297:5)
    at phaseReputationTraits (C:/Users/chris/Dev/Projects/TheFantasyWorldSimulator/src/engine/phaseReputationTraits.ts:273:7)
    at runTick (C:/Users/chris/Dev/Projects/TheFantasyWorldSimulator/src/engine/orchestrator.ts:1896:18)
    at C:/Users/chris/Dev/Projects/TheFantasyWorldSimulator/src/engine/__tests__/contracts/encounter-liveness.contract.test.ts:222:17
    at file:///C:/Users/chris/Dev/Projects/TheFantasyWorldSimulator/node_modules/@vitest/runner/dist/index.js:145:11
    at file:///C:/Users/chris/Dev/Projects/TheFantasyWorldSimulator/node_modules/@vitest/runner/dist/index.js:915:26
    at file:///C:/Users/chris/Dev/Projects/TheFantasyWorldSimulator/node_modules/@vitest/runner/dist/index.js:1243:20
    at new Promise (<anonymous>)
    at runWithTimeout (file:///C:/Users/chris/Dev/Projects/TheFantasyWorldSimulator/node_modules/@vitest/runner/dist/index.js:1209:10)
[Orchestrator] Tick crashed, returning previous state: Error: Trait not found: trait.reputation.power.renown
    at assignTrait (C:/Users/chris/Dev/Projects/TheFantasyWorldSimulator/src/engine/traits.ts:44:25)
    at syncReputationTrait (C:/Users/chris/Dev/Projects/TheFantasyWorldSimulator/src/engine/phaseReputationTraits.ts:297:5)
    at phaseReputationTraits (C:/Users/chris/Dev/Projects/TheFantasyWorldSimulator/src/engine/phaseReputationTraits.ts:273:7)
    at runTick (C:/Users/chris/Dev/Projects/TheFantasyWorldSimulator/src/engine/orchestrator.ts:1896:18)
    at C:/Users/chris/Dev/Projects/TheFantasyWorldSimulator/src/engine/__tests__/contracts/encounter-liveness.contract.test.ts:222:17
    at file:///C:/Users/chris/Dev/Projects/TheFantasyWorldSimulator/node_modules/@vitest/runner/dist/index.js:145:11
    at file:///C:/Users/chris/Dev/Projects/TheFantasyWorldSimulator/node_modules/@vitest/runner/dist/index.js:915:26
    at file:///C:/Users/chris/Dev/Projects/TheFantasyWorldSimulator/node_modules/@vitest/runner/dist/index.js:1243:20
    at new Promise (<anonymous>)
    at runWithTimeout (file:///C:/Users/chris/Dev/Projects/TheFantasyWorldSimulator/node_modules/@vitest/runner/dist/index.js:1209:10)
[Orchestrator] Tick crashed, returning previous state: Error: Trait not found: trait.reputation.power.renown
    at assignTrait (C:/Users/chris/Dev/Projects/TheFantasyWorldSimulator/src/engine/traits.ts:44:25)
    at syncReputationTrait (C:/Users/chris/Dev/Projects/TheFantasyWorldSimulator/src/engine/phaseReputationTraits.ts:297:5)
    at phaseReputationTraits (C:/Users/chris/Dev/Projects/TheFantasyWorldSimulator/src/engine/phaseReputationTraits.ts:273:7)
    at runTick (C:/Users/chris/Dev/Projects/TheFantasyWorldSimulator/src/engine/orchestrator.ts:1896:18)
    at C:/Users/chris/Dev/Projects/TheFantasyWorldSimulator/src/engine/__tests__/contracts/encounter-liveness.contract.test.ts:222:17
    at file:///C:/Users/chris/Dev/Projects/TheFantasyWorldSimulator/node_modules/@vitest/runner/dist/index.js:145:11
    at file:///C:/Users/chris/Dev/Projects/TheFantasyWorldSimulator/node_modules/@vitest/runner/dist/index.js:915:26
    at file:///C:/Users/chris/Dev/Projects/TheFantasyWorldSimulator/node_modules/@vitest/runner/dist/index.js:1243:20
    at new Promise (<anonymous>)
    at runWithTimeout (file:///C:/Users/chris/Dev/Projects/TheFantasyWorldSimulator/node_modules/@vitest/runner/dist/index.js:1209:10)
[Orchestrator] Tick crashed, returning previous state: Error: Trait not found: trait.reputation.power.renown
    at assignTrait (C:/Users/chris/Dev/Projects/TheFantasyWorldSimulator/src/engine/traits.ts:44:25)
    at syncReputationTrait (C:/Users/chris/Dev/Projects/TheFantasyWorldSimulator/src/engine/phaseReputationTraits.ts:297:5)
    at phaseReputationTraits (C:/Users/chris/Dev/Projects/TheFantasyWorldSimulator/src/engine/phaseReputationTraits.ts:273:7)
    at runTick (C:/Users/chris/Dev/Projects/TheFantasyWorldSimulator/src/engine/orchestrator.ts:1896:18)
    at C:/Users/chris/Dev/Projects/TheFantasyWorldSimulator/src/engine/__tests__/contracts/encounter-liveness.contract.test.ts:222:17
    at file:///C:/Users/chris/Dev/Projects/TheFantasyWorldSimulator/node_modules/@vitest/runner/dist/index.js:145:11
    at file:///C:/Users/chris/Dev/Projects/TheFantasyWorldSimulator/node_modules/@vitest/runner/dist/index.js:915:26
    at file:///C:/Users/chris/Dev/Projects/TheFantasyWorldSimulator/node_modules/@vitest/runner/dist/index.js:1243:20
    at new Promise (<anonymous>)
    at runWithTimeout (file:///C:/Users/chris/Dev/Projects/TheFantasyWorldSimulator/node_modules/@vitest/runner/dist/index.js:1209:10)
[Orchestrator] Tick crashed, returning previous state: Error: Trait not found: trait.reputation.power.renown
    at assignTrait (C:/Users/chris/Dev/Projects/TheFantasyWorldSimulator/src/engine/traits.ts:44:25)
    at syncReputationTrait (C:/Users/chris/Dev/Projects/TheFantasyWorldSimulator/src/engine/phaseReputationTraits.ts:297:5)
    at phaseReputationTraits (C:/Users/chris/Dev/Projects/TheFantasyWorldSimulator/src/engine/phaseReputationTraits.ts:273:7)
    at runTick (C:/Users/chris/Dev/Projects/TheFantasyWorldSimulator/src/engine/orchestrator.ts:1896:18)
    at C:/Users/chris/Dev/Projects/TheFantasyWorldSimulator/src/engine/__tests__/contracts/encounter-liveness.contract.test.ts:222:17
    at file:///C:/Users/chris/Dev/Projects/TheFantasyWorldSimulator/node_modules/@vitest/runner/dist/index.js:145:11
    at file:///C:/Users/chris/Dev/Projects/TheFantasyWorldSimulator/node_modules/@vitest/runner/dist/index.js:915:26
    at file:///C:/Users/chris/Dev/Projects/TheFantasyWorldSimulator/node_modules/@vitest/runner/dist/index.js:1243:20
    at new Promise (<anonymous>)
    at runWithTimeout (file:///C:/Users/chris/Dev/Projects/TheFantasyWorldSimulator/node_modules/@vitest/runner/dist/index.js:1209:10)
[Orchestrator] Tick crashed, returning previous state: Error: Trait not found: trait.reputation.power.renown
    at assignTrait (C:/Users/chris/Dev/Projects/TheFantasyWorldSimulator/src/engine/traits.ts:44:25)
    at syncReputationTrait (C:/Users/chris/Dev/Projects/TheFantasyWorldSimulator/src/engine/phaseReputationTraits.ts:297:5)
    at phaseReputationTraits (C:/Users/chris/Dev/Projects/TheFantasyWorldSimulator/src/engine/phaseReputationTraits.ts:273:7)
    at runTick (C:/Users/chris/Dev/Projects/TheFantasyWorldSimulator/src/engine/orchestrator.ts:1896:18)
    at C:/Users/chris/Dev/Projects/TheFantasyWorldSimulator/src/engine/__tests__/contracts/encounter-liveness.contract.test.ts:222:17
    at file:///C:/Users/chris/Dev/Projects/TheFantasyWorldSimulator/node_modules/@vitest/runner/dist/index.js:145:11
    at file:///C:/Users/chris/Dev/Projects/TheFantasyWorldSimulator/node_modules/@vitest/runner/dist/index.js:915:26
    at file:///C:/Users/chris/Dev/Projects/TheFantasyWorldSimulator/node_modules/@vitest/runner/dist/index.js:1243:20
    at new Promise (<anonymous>)
    at runWithTimeout (file:///C:/Users/chris/Dev/Projects/TheFantasyWorldSimulator/node_modules/@vitest/runner/dist/index.js:1209:10)
[Orchestrator] Tick crashed, returning previous state: Error: Trait not found: trait.reputation.power.renown
    at assignTrait (C:/Users/chris/Dev/Projects/TheFantasyWorldSimulator/src/engine/traits.ts:44:25)
    at syncReputationTrait (C:/Users/chris/Dev/Projects/TheFantasyWorldSimulator/src/engine/phaseReputationTraits.ts:297:5)
    at phaseReputationTraits (C:/Users/chris/Dev/Projects/TheFantasyWorldSimulator/src/engine/phaseReputationTraits.ts:273:7)
    at runTick (C:/Users/chris/Dev/Projects/TheFantasyWorldSimulator/src/engine/orchestrator.ts:1896:18)
    at C:/Users/chris/Dev/Projects/TheFantasyWorldSimulator/src/engine/__tests__/contracts/encounter-liveness.contract.test.ts:222:17
    at file:///C:/Users/chris/Dev/Projects/TheFantasyWorldSimulator/node_modules/@vitest/runner/dist/index.js:145:11
    at file:///C:/Users/chris/Dev/Projects/TheFantasyWorldSimulator/node_modules/@vitest/runner/dist/index.js:915:26
    at file:///C:/Users/chris/Dev/Projects/TheFantasyWorldSimulator/node_modules/@vitest/runner/dist/index.js:1243:20
    at new Promise (<anonymous>)
    at runWithTimeout (file:///C:/Users/chris/Dev/Projects/TheFantasyWorldSimulator/node_modules/@vitest/runner/dist/index.js:1209:10)
[Orchestrator] Tick crashed, returning previous state: Error: Trait not found: trait.reputation.power.renown
    at assignTrait (C:/Users/chris/Dev/Projects/TheFantasyWorldSimulator/src/engine/traits.ts:44:25)
    at syncReputationTrait (C:/Users/chris/Dev/Projects/TheFantasyWorldSimulator/src/engine/phaseReputationTraits.ts:297:5)
    at phaseReputationTraits (C:/Users/chris/Dev/Projects/TheFantasyWorldSimulator/src/engine/phaseReputationTraits.ts:273:7)
    at runTick (C:/Users/chris/Dev/Projects/TheFantasyWorldSimulator/src/engine/orchestrator.ts:1896:18)
    at C:/Users/chris/Dev/Projects/TheFantasyWorldSimulator/src/engine/__tests__/contracts/encounter-liveness.contract.test.ts:222:17
    at file:///C:/Users/chris/Dev/Projects/TheFantasyWorldSimulator/node_modules/@vitest/runner/dist/index.js:145:11
    at file:///C:/Users/chris/Dev/Projects/TheFantasyWorldSimulator/node_modules/@vitest/runner/dist/index.js:915:26
    at file:///C:/Users/chris/Dev/Projects/TheFantasyWorldSimulator/node_modules/@vitest/runner/dist/index.js:1243:20
    at new Promise (<anonymous>)
    at runWithTimeout (file:///C:/Users/chris/Dev/Projects/TheFantasyWorldSimulator/node_modules/@vitest/runner/dist/index.js:1209:10)
[Orchestrator] Tick crashed, returning previous state: Error: Trait not found: trait.reputation.power.renown
    at assignTrait (C:/Users/chris/Dev/Projects/TheFantasyWorldSimulator/src/engine/traits.ts:44:25)
    at syncReputationTrait (C:/Users/chris/Dev/Projects/TheFantasyWorldSimulator/src/engine/phaseReputationTraits.ts:297:5)
    at phaseReputationTraits (C:/Users/chris/Dev/Projects/TheFantasyWorldSimulator/src/engine/phaseReputationTraits.ts:273:7)
    at runTick (C:/Users/chris/Dev/Projects/TheFantasyWorldSimulator/src/engine/orchestrator.ts:1896:18)
    at C:/Users/chris/Dev/Projects/TheFantasyWorldSimulator/src/engine/__tests__/contracts/encounter-liveness.contract.test.ts:222:17
    at file:///C:/Users/chris/Dev/Projects/TheFantasyWorldSimulator/node_modules/@vitest/runner/dist/index.js:145:11
    at file:///C:/Users/chris/Dev/Projects/TheFantasyWorldSimulator/node_modules/@vitest/runner/dist/index.js:915:26
    at file:///C:/Users/chris/Dev/Projects/TheFantasyWorldSimulator/node_modules/@vitest/runner/dist/index.js:1243:20
    at new Promise (<anonymous>)
    at runWithTimeout (file:///C:/Users/chris/Dev/Projects/TheFantasyWorldSimulator/node_modules/@vitest/runner/dist/index.js:1209:10)
[Orchestrator] Tick crashed, returning previous state: Error: Trait not found: trait.reputation.power.renown
    at assignTrait (C:/Users/chris/Dev/Projects/TheFantasyWorldSimulator/src/engine/traits.ts:44:25)
    at syncReputationTrait (C:/Users/chris/Dev/Projects/TheFantasyWorldSimulator/src/engine/phaseReputationTraits.ts:297:5)
    at phaseReputationTraits (C:/Users/chris/Dev/Projects/TheFantasyWorldSimulator/src/engine/phaseReputationTraits.ts:273:7)
    at runTick (C:/Users/chris/Dev/Projects/TheFantasyWorldSimulator/src/engine/orchestrator.ts:1896:18)
    at C:/Users/chris/Dev/Projects/TheFantasyWorldSimulator/src/engine/__tests__/contracts/encounter-liveness.contract.test.ts:222:17
    at file:///C:/Users/chris/Dev/Projects/TheFantasyWorldSimulator/node_modules/@vitest/runner/dist/index.js:145:11
    at file:///C:/Users/chris/Dev/Projects/TheFantasyWorldSimulator/node_modules/@vitest/runner/dist/index.js:915:26
    at file:///C:/Users/chris/Dev/Projects/TheFantasyWorldSimulator/node_modules/@vitest/runner/dist/index.js:1243:20
    at new Promise (<anonymous>)
    at runWithTimeout (file:///C:/Users/chris/Dev/Projects/TheFantasyWorldSimulator/node_modules/@vitest/runner/dist/index.js:1209:10)
[Orchestrator] Tick crashed, returning previous state: Error: Trait not found: trait.reputation.power.renown
    at assignTrait (C:/Users/chris/Dev/Projects/TheFantasyWorldSimulator/src/engine/traits.ts:44:25)
    at syncReputationTrait (C:/Users/chris/Dev/Projects/TheFantasyWorldSimulator/src/engine/phaseReputationTraits.ts:297:5)
    at phaseReputationTraits (C:/Users/chris/Dev/Projects/TheFantasyWorldSimulator/src/engine/phaseReputationTraits.ts:273:7)
    at runTick (C:/Users/chris/Dev/Projects/TheFantasyWorldSimulator/src/engine/orchestrator.ts:1896:18)
    at C:/Users/chris/Dev/Projects/TheFantasyWorldSimulator/src/engine/__tests__/contracts/encounter-liveness.contract.test.ts:222:17
    at file:///C:/Users/chris/Dev/Projects/TheFantasyWorldSimulator/node_modules/@vitest/runner/dist/index.js:145:11
    at file:///C:/Users/chris/Dev/Projects/TheFantasyWorldSimulator/node_modules/@vitest/runner/dist/index.js:915:26
    at file:///C:/Users/chris/Dev/Projects/TheFantasyWorldSimulator/node_modules/@vitest/runner/dist/index.js:1243:20
    at new Promise (<anonymous>)
    at runWithTimeout (file:///C:/Users/chris/Dev/Projects/TheFantasyWorldSimulator/node_modules/@vitest/runner/dist/index.js:1209:10)
[Orchestrator] Tick crashed, returning previous state: Error: Trait not found: trait.reputation.power.renown
    at assignTrait (C:/Users/chris/Dev/Projects/TheFantasyWorldSimulator/src/engine/traits.ts:44:25)
    at syncReputationTrait (C:/Users/chris/Dev/Projects/TheFantasyWorldSimulator/src/engine/phaseReputationTraits.ts:297:5)
    at phaseReputationTraits (C:/Users/chris/Dev/Projects/TheFantasyWorldSimulator/src/engine/phaseReputationTraits.ts:273:7)
    at runTick (C:/Users/chris/Dev/Projects/TheFantasyWorldSimulator/src/engine/orchestrator.ts:1896:18)
    at C:/Users/chris/Dev/Projects/TheFantasyWorldSimulator/src/engine/__tests__/contracts/encounter-liveness.contract.test.ts:222:17
    at file:///C:/Users/chris/Dev/Projects/TheFantasyWorldSimulator/node_modules/@vitest/runner/dist/index.js:145:11
    at file:///C:/Users/chris/Dev/Projects/TheFantasyWorldSimulator/node_modules/@vitest/runner/dist/index.js:915:26
    at file:///C:/Users/chris/Dev/Projects/TheFantasyWorldSimulator/node_modules/@vitest/runner/dist/index.js:1243:20
    at new Promise (<anonymous>)
    at runWithTimeout (file:///C:/Users/chris/Dev/Projects/TheFantasyWorldSimulator/node_modules/@vitest/runner/dist/index.js:1209:10)
[Orchestrator] Tick crashed, returning previous state: Error: Trait not found: trait.reputation.power.renown
    at assignTrait (C:/Users/chris/Dev/Projects/TheFantasyWorldSimulator/src/engine/traits.ts:44:25)
    at syncReputationTrait (C:/Users/chris/Dev/Projects/TheFantasyWorldSimulator/src/engine/phaseReputationTraits.ts:297:5)
    at phaseReputationTraits (C:/Users/chris/Dev/Projects/TheFantasyWorldSimulator/src/engine/phaseReputationTraits.ts:273:7)
    at runTick (C:/Users/chris/Dev/Projects/TheFantasyWorldSimulator/src/engine/orchestrator.ts:1896:18)
    at C:/Users/chris/Dev/Projects/TheFantasyWorldSimulator/src/engine/__tests__/contracts/encounter-liveness.contract.test.ts:222:17
    at file:///C:/Users/chris/Dev/Projects/TheFantasyWorldSimulator/node_modules/@vitest/runner/dist/index.js:145:11
    at file:///C:/Users/chris/Dev/Projects/TheFantasyWorldSimulator/node_modules/@vitest/runner/dist/index.js:915:26
    at file:///C:/Users/chris/Dev/Projects/TheFantasyWorldSimulator/node_modules/@vitest/runner/dist/index.js:1243:20
    at new Promise (<anonymous>)
    at runWithTimeout (file:///C:/Users/chris/Dev/Projects/TheFantasyWorldSimulator/node_modules/@vitest/runner/dist/index.js:1209:10)
[Orchestrator] Tick crashed, returning previous state: Error: Trait not found: trait.reputation.power.renown
    at assignTrait (C:/Users/chris/Dev/Projects/TheFantasyWorldSimulator/src/engine/traits.ts:44:25)
    at syncReputationTrait (C:/Users/chris/Dev/Projects/TheFantasyWorldSimulator/src/engine/phaseReputationTraits.ts:297:5)
    at phaseReputationTraits (C:/Users/chris/Dev/Projects/TheFantasyWorldSimulator/src/engine/phaseReputationTraits.ts:273:7)
    at runTick (C:/Users/chris/Dev/Projects/TheFantasyWorldSimulator/src/engine/orchestrator.ts:1896:18)
    at C:/Users/chris/Dev/Projects/TheFantasyWorldSimulator/src/engine/__tests__/contracts/encounter-liveness.contract.test.ts:222:17
    at file:///C:/Users/chris/Dev/Projects/TheFantasyWorldSimulator/node_modules/@vitest/runner/dist/index.js:145:11
    at file:///C:/Users/chris/Dev/Projects/TheFantasyWorldSimulator/node_modules/@vitest/runner/dist/index.js:915:26
    at file:///C:/Users/chris/Dev/Projects/TheFantasyWorldSimulator/node_modules/@vitest/runner/dist/index.js:1243:20
    at new Promise (<anonymous>)
    at runWithTimeout (file:///C:/Users/chris/Dev/Projects/TheFantasyWorldSimulator/node_modules/@vitest/runner/dist/index.js:1209:10)
[Orchestrator] Tick crashed, returning previous state: Error: Trait not found: trait.reputation.power.renown
    at assignTrait (C:/Users/chris/Dev/Projects/TheFantasyWorldSimulator/src/engine/traits.ts:44:25)
    at syncReputationTrait (C:/Users/chris/Dev/Projects/TheFantasyWorldSimulator/src/engine/phaseReputationTraits.ts:297:5)
    at phaseReputationTraits (C:/Users/chris/Dev/Projects/TheFantasyWorldSimulator/src/engine/phaseReputationTraits.ts:273:7)
    at runTick (C:/Users/chris/Dev/Projects/TheFantasyWorldSimulator/src/engine/orchestrator.ts:1896:18)
    at C:/Users/chris/Dev/Projects/TheFantasyWorldSimulator/src/engine/__tests__/contracts/encounter-liveness.contract.test.ts:222:17
    at file:///C:/Users/chris/Dev/Projects/TheFantasyWorldSimulator/node_modules/@vitest/runner/dist/index.js:145:11
    at file:///C:/Users/chris/Dev/Projects/TheFantasyWorldSimulator/node_modules/@vitest/runner/dist/index.js:915:26
    at file:///C:/Users/chris/Dev/Projects/TheFantasyWorldSimulator/node_modules/@vitest/runner/dist/index.js:1243:20
    at new Promise (<anonymous>)
    at runWithTimeout (file:///C:/Users/chris/Dev/Projects/TheFantasyWorldSimulator/node_modules/@vitest/runner/dist/index.js:1209:10)
[Orchestrator] Tick crashed, returning previous state: Error: Trait not found: trait.reputation.power.renown
    at assignTrait (C:/Users/chris/Dev/Projects/TheFantasyWorldSimulator/src/engine/traits.ts:44:25)
    at syncReputationTrait (C:/Users/chris/Dev/Projects/TheFantasyWorldSimulator/src/engine/phaseReputationTraits.ts:297:5)
    at phaseReputationTraits (C:/Users/chris/Dev/Projects/TheFantasyWorldSimulator/src/engine/phaseReputationTraits.ts:273:7)
    at runTick (C:/Users/chris/Dev/Projects/TheFantasyWorldSimulator/src/engine/orchestrator.ts:1896:18)
    at C:/Users/chris/Dev/Projects/TheFantasyWorldSimulator/src/engine/__tests__/contracts/encounter-liveness.contract.test.ts:222:17
    at file:///C:/Users/chris/Dev/Projects/TheFantasyWorldSimulator/node_modules/@vitest/runner/dist/index.js:145:11
    at file:///C:/Users/chris/Dev/Projects/TheFantasyWorldSimulator/node_modules/@vitest/runner/dist/index.js:915:26
    at file:///C:/Users/chris/Dev/Projects/TheFantasyWorldSimulator/node_modules/@vitest/runner/dist/index.js:1243:20
    at new Promise (<anonymous>)
    at runWithTimeout (file:///C:/Users/chris/Dev/Projects/TheFantasyWorldSimulator/node_modules/@vitest/runner/dist/index.js:1209:10)
[Orchestrator] Tick crashed, returning previous state: Error: Trait not found: trait.reputation.power.renown
    at assignTrait (C:/Users/chris/Dev/Projects/TheFantasyWorldSimulator/src/engine/traits.ts:44:25)
    at syncReputationTrait (C:/Users/chris/Dev/Projects/TheFantasyWorldSimulator/src/engine/phaseReputationTraits.ts:297:5)
    at phaseReputationTraits (C:/Users/chris/Dev/Projects/TheFantasyWorldSimulator/src/engine/phaseReputationTraits.ts:273:7)
    at runTick (C:/Users/chris/Dev/Projects/TheFantasyWorldSimulator/src/engine/orchestrator.ts:1896:18)
    at C:/Users/chris/Dev/Projects/TheFantasyWorldSimulator/src/engine/__tests__/contracts/encounter-liveness.contract.test.ts:222:17
    at file:///C:/Users/chris/Dev/Projects/TheFantasyWorldSimulator/node_modules/@vitest/runner/dist/index.js:145:11
    at file:///C:/Users/chris/Dev/Projects/TheFantasyWorldSimulator/node_modules/@vitest/runner/dist/index.js:915:26
    at file:///C:/Users/chris/Dev/Projects/TheFantasyWorldSimulator/node_modules/@vitest/runner/dist/index.js:1243:20
    at new Promise (<anonymous>)
    at runWithTimeout (file:///C:/Users/chris/Dev/Projects/TheFantasyWorldSimulator/node_modules/@vitest/runner/dist/index.js:1209:10)
[Orchestrator] Tick crashed, returning previous state: Error: Trait not found: trait.reputation.power.renown
    at assignTrait (C:/Users/chris/Dev/Projects/TheFantasyWorldSimulator/src/engine/traits.ts:44:25)
    at syncReputationTrait (C:/Users/chris/Dev/Projects/TheFantasyWorldSimulator/src/engine/phaseReputationTraits.ts:297:5)
    at phaseReputationTraits (C:/Users/chris/Dev/Projects/TheFantasyWorldSimulator/src/engine/phaseReputationTraits.ts:273:7)
    at runTick (C:/Users/chris/Dev/Projects/TheFantasyWorldSimulator/src/engine/orchestrator.ts:1896:18)
    at C:/Users/chris/Dev/Projects/TheFantasyWorldSimulator/src/engine/__tests__/contracts/encounter-liveness.contract.test.ts:222:17
    at file:///C:/Users/chris/Dev/Projects/TheFantasyWorldSimulator/node_modules/@vitest/runner/dist/index.js:145:11
    at file:///C:/Users/chris/Dev/Projects/TheFantasyWorldSimulator/node_modules/@vitest/runner/dist/index.js:915:26
    at file:///C:/Users/chris/Dev/Projects/TheFantasyWorldSimulator/node_modules/@vitest/runner/dist/index.js:1243:20
    at new Promise (<anonymous>)
    at runWithTimeout (file:///C:/Users/chris/Dev/Projects/TheFantasyWorldSimulator/node_modules/@vitest/runner/dist/index.js:1209:10)
[Orchestrator] Tick crashed, returning previous state: Error: Trait not found: trait.reputation.power.renown
    at assignTrait (C:/Users/chris/Dev/Projects/TheFantasyWorldSimulator/src/engine/traits.ts:44:25)
    at syncReputationTrait (C:/Users/chris/Dev/Projects/TheFantasyWorldSimulator/src/engine/phaseReputationTraits.ts:297:5)
    at phaseReputationTraits (C:/Users/chris/Dev/Projects/TheFantasyWorldSimulator/src/engine/phaseReputationTraits.ts:273:7)
    at runTick (C:/Users/chris/Dev/Projects/TheFantasyWorldSimulator/src/engine/orchestrator.ts:1896:18)
    at C:/Users/chris/Dev/Projects/TheFantasyWorldSimulator/src/engine/__tests__/contracts/encounter-liveness.contract.test.ts:222:17
    at file:///C:/Users/chris/Dev/Projects/TheFantasyWorldSimulator/node_modules/@vitest/runner/dist/index.js:145:11
    at file:///C:/Users/chris/Dev/Projects/TheFantasyWorldSimulator/node_modules/@vitest/runner/dist/index.js:915:26
    at file:///C:/Users/chris/Dev/Projects/TheFantasyWorldSimulator/node_modules/@vitest/runner/dist/index.js:1243:20
    at new Promise (<anonymous>)
    at runWithTimeout (file:///C:/Users/chris/Dev/Projects/TheFantasyWorldSimulator/node_modules/@vitest/runner/dist/index.js:1209:10)
[Orchestrator] Tick crashed, returning previous state: Error: Trait not found: trait.reputation.power.renown
    at assignTrait (C:/Users/chris/Dev/Projects/TheFantasyWorldSimulator/src/engine/traits.ts:44:25)
    at syncReputationTrait (C:/Users/chris/Dev/Projects/TheFantasyWorldSimulator/src/engine/phaseReputationTraits.ts:297:5)
    at phaseReputationTraits (C:/Users/chris/Dev/Projects/TheFantasyWorldSimulator/src/engine/phaseReputationTraits.ts:273:7)
    at runTick (C:/Users/chris/Dev/Projects/TheFantasyWorldSimulator/src/engine/orchestrator.ts:1896:18)
    at C:/Users/chris/Dev/Projects/TheFantasyWorldSimulator/src/engine/__tests__/contracts/encounter-liveness.contract.test.ts:222:17
    at file:///C:/Users/chris/Dev/Projects/TheFantasyWorldSimulator/node_modules/@vitest/runner/dist/index.js:145:11
    at file:///C:/Users/chris/Dev/Projects/TheFantasyWorldSimulator/node_modules/@vitest/runner/dist/index.js:915:26
    at file:///C:/Users/chris/Dev/Projects/TheFantasyWorldSimulator/node_modules/@vitest/runner/dist/index.js:1243:20
    at new Promise (<anonymous>)
    at runWithTimeout (file:///C:/Users/chris/Dev/Projects/TheFantasyWorldSimulator/node_modules/@vitest/runner/dist/index.js:1209:10)
[Orchestrator] Tick crashed, returning previous state: Error: Trait not found: trait.reputation.power.renown
    at assignTrait (C:/Users/chris/Dev/Projects/TheFantasyWorldSimulator/src/engine/traits.ts:44:25)
    at syncReputationTrait (C:/Users/chris/Dev/Projects/TheFantasyWorldSimulator/src/engine/phaseReputationTraits.ts:297:5)
    at phaseReputationTraits (C:/Users/chris/Dev/Projects/TheFantasyWorldSimulator/src/engine/phaseReputationTraits.ts:273:7)
    at runTick (C:/Users/chris/Dev/Projects/TheFantasyWorldSimulator/src/engine/orchestrator.ts:1896:18)
    at C:/Users/chris/Dev/Projects/TheFantasyWorldSimulator/src/engine/__tests__/contracts/encounter-liveness.contract.test.ts:222:17
    at file:///C:/Users/chris/Dev/Projects/TheFantasyWorldSimulator/node_modules/@vitest/runner/dist/index.js:145:11
    at file:///C:/Users/chris/Dev/Projects/TheFantasyWorldSimulator/node_modules/@vitest/runner/dist/index.js:915:26
    at file:///C:/Users/chris/Dev/Projects/TheFantasyWorldSimulator/node_modules/@vitest/runner/dist/index.js:1243:20
    at new Promise (<anonymous>)
    at runWithTimeout (file:///C:/Users/chris/Dev/Projects/TheFantasyWorldSimulator/node_modules/@vitest/runner/dist/index.js:1209:10)
[Orchestrator] Tick crashed, returning previous state: Error: Trait not found: trait.reputation.power.renown
    at assignTrait (C:/Users/chris/Dev/Projects/TheFantasyWorldSimulator/src/engine/traits.ts:44:25)
    at syncReputationTrait (C:/Users/chris/Dev/Projects/TheFantasyWorldSimulator/src/engine/phaseReputationTraits.ts:297:5)
    at phaseReputationTraits (C:/Users/chris/Dev/Projects/TheFantasyWorldSimulator/src/engine/phaseReputationTraits.ts:273:7)
    at runTick (C:/Users/chris/Dev/Projects/TheFantasyWorldSimulator/src/engine/orchestrator.ts:1896:18)
    at C:/Users/chris/Dev/Projects/TheFantasyWorldSimulator/src/engine/__tests__/contracts/encounter-liveness.contract.test.ts:222:17
    at file:///C:/Users/chris/Dev/Projects/TheFantasyWorldSimulator/node_modules/@vitest/runner/dist/index.js:145:11
    at file:///C:/Users/chris/Dev/Projects/TheFantasyWorldSimulator/node_modules/@vitest/runner/dist/index.js:915:26
    at file:///C:/Users/chris/Dev/Projects/TheFantasyWorldSimulator/node_modules/@vitest/runner/dist/index.js:1243:20
    at new Promise (<anonymous>)
    at runWithTimeout (file:///C:/Users/chris/Dev/Projects/TheFantasyWorldSimulator/node_modules/@vitest/runner/dist/index.js:1209:10)
[Orchestrator] Tick crashed, returning previous state: Error: Trait not found: trait.reputation.power.renown
    at assignTrait (C:/Users/chris/Dev/Projects/TheFantasyWorldSimulator/src/engine/traits.ts:44:25)
    at syncReputationTrait (C:/Users/chris/Dev/Projects/TheFantasyWorldSimulator/src/engine/phaseReputationTraits.ts:297:5)
    at phaseReputationTraits (C:/Users/chris/Dev/Projects/TheFantasyWorldSimulator/src/engine/phaseReputationTraits.ts:273:7)
    at runTick (C:/Users/chris/Dev/Projects/TheFantasyWorldSimulator/src/engine/orchestrator.ts:1896:18)
    at C:/Users/chris/Dev/Projects/TheFantasyWorldSimulator/src/engine/__tests__/contracts/encounter-liveness.contract.test.ts:222:17
    at file:///C:/Users/chris/Dev/Projects/TheFantasyWorldSimulator/node_modules/@vitest/runner/dist/index.js:145:11
    at file:///C:/Users/chris/Dev/Projects/TheFantasyWorldSimulator/node_modules/@vitest/runner/dist/index.js:915:26
    at file:///C:/Users/chris/Dev/Projects/TheFantasyWorldSimulator/node_modules/@vitest/runner/dist/index.js:1243:20
    at new Promise (<anonymous>)
    at runWithTimeout (file:///C:/Users/chris/Dev/Projects/TheFantasyWorldSimulator/node_modules/@vitest/runner/dist/index.js:1209:10)
[Orchestrator] Tick crashed, returning previous state: Error: Trait not found: trait.reputation.power.renown
    at assignTrait (C:/Users/chris/Dev/Projects/TheFantasyWorldSimulator/src/engine/traits.ts:44:25)
    at syncReputationTrait (C:/Users/chris/Dev/Projects/TheFantasyWorldSimulator/src/engine/phaseReputationTraits.ts:297:5)
    at phaseReputationTraits (C:/Users/chris/Dev/Projects/TheFantasyWorldSimulator/src/engine/phaseReputationTraits.ts:273:7)
    at runTick (C:/Users/chris/Dev/Projects/TheFantasyWorldSimulator/src/engine/orchestrator.ts:1896:18)
    at C:/Users/chris/Dev/Projects/TheFantasyWorldSimulator/src/engine/__tests__/contracts/encounter-liveness.contract.test.ts:222:17
    at file:///C:/Users/chris/Dev/Projects/TheFantasyWorldSimulator/node_modules/@vitest/runner/dist/index.js:145:11
    at file:///C:/Users/chris/Dev/Projects/TheFantasyWorldSimulator/node_modules/@vitest/runner/dist/index.js:915:26
    at file:///C:/Users/chris/Dev/Projects/TheFantasyWorldSimulator/node_modules/@vitest/runner/dist/index.js:1243:20
    at new Promise (<anonymous>)
    at runWithTimeout (file:///C:/Users/chris/Dev/Projects/TheFantasyWorldSimulator/node_modules/@vitest/runner/dist/index.js:1209:10)
[Orchestrator] Tick crashed, returning previous state: Error: Trait not found: trait.reputation.power.renown
    at assignTrait (C:/Users/chris/Dev/Projects/TheFantasyWorldSimulator/src/engine/traits.ts:44:25)
    at syncReputationTrait (C:/Users/chris/Dev/Projects/TheFantasyWorldSimulator/src/engine/phaseReputationTraits.ts:297:5)
    at phaseReputationTraits (C:/Users/chris/Dev/Projects/TheFantasyWorldSimulator/src/engine/phaseReputationTraits.ts:273:7)
    at runTick (C:/Users/chris/Dev/Projects/TheFantasyWorldSimulator/src/engine/orchestrator.ts:1896:18)
    at C:/Users/chris/Dev/Projects/TheFantasyWorldSimulator/src/engine/__tests__/contracts/encounter-liveness.contract.test.ts:222:17
    at file:///C:/Users/chris/Dev/Projects/TheFantasyWorldSimulator/node_modules/@vitest/runner/dist/index.js:145:11
    at file:///C:/Users/chris/Dev/Projects/TheFantasyWorldSimulator/node_modules/@vitest/runner/dist/index.js:915:26
    at file:///C:/Users/chris/Dev/Projects/TheFantasyWorldSimulator/node_modules/@vitest/runner/dist/index.js:1243:20
    at new Promise (<anonymous>)
    at runWithTimeout (file:///C:/Users/chris/Dev/Projects/TheFantasyWorldSimulator/node_modules/@vitest/runner/dist/index.js:1209:10)
[Orchestrator] Tick crashed, returning previous state: Error: Trait not found: trait.reputation.power.renown
    at assignTrait (C:/Users/chris/Dev/Projects/TheFantasyWorldSimulator/src/engine/traits.ts:44:25)
    at syncReputationTrait (C:/Users/chris/Dev/Projects/TheFantasyWorldSimulator/src/engine/phaseReputationTraits.ts:297:5)
    at phaseReputationTraits (C:/Users/chris/Dev/Projects/TheFantasyWorldSimulator/src/engine/phaseReputationTraits.ts:273:7)
    at runTick (C:/Users/chris/Dev/Projects/TheFantasyWorldSimulator/src/engine/orchestrator.ts:1896:18)
    at C:/Users/chris/Dev/Projects/TheFantasyWorldSimulator/src/engine/__tests__/contracts/encounter-liveness.contract.test.ts:222:17
    at file:///C:/Users/chris/Dev/Projects/TheFantasyWorldSimulator/node_modules/@vitest/runner/dist/index.js:145:11
    at file:///C:/Users/chris/Dev/Projects/TheFantasyWorldSimulator/node_modules/@vitest/runner/dist/index.js:915:26
    at file:///C:/Users/chris/Dev/Projects/TheFantasyWorldSimulator/node_modules/@vitest/runner/dist/index.js:1243:20
    at new Promise (<anonymous>)
    at runWithTimeout (file:///C:/Users/chris/Dev/Projects/TheFantasyWorldSimulator/node_modules/@vitest/runner/dist/index.js:1209:10)
[Orchestrator] Tick crashed, returning previous state: Error: Trait not found: trait.reputation.power.renown
    at assignTrait (C:/Users/chris/Dev/Projects/TheFantasyWorldSimulator/src/engine/traits.ts:44:25)
    at syncReputationTrait (C:/Users/chris/Dev/Projects/TheFantasyWorldSimulator/src/engine/phaseReputationTraits.ts:297:5)
    at phaseReputationTraits (C:/Users/chris/Dev/Projects/TheFantasyWorldSimulator/src/engine/phaseReputationTraits.ts:273:7)
    at runTick (C:/Users/chris/Dev/Projects/TheFantasyWorldSimulator/src/engine/orchestrator.ts:1896:18)
    at C:/Users/chris/Dev/Projects/TheFantasyWorldSimulator/src/engine/__tests__/contracts/encounter-liveness.contract.test.ts:222:17
    at file:///C:/Users/chris/Dev/Projects/TheFantasyWorldSimulator/node_modules/@vitest/runner/dist/index.js:145:11
    at file:///C:/Users/chris/Dev/Projects/TheFantasyWorldSimulator/node_modules/@vitest/runner/dist/index.js:915:26
    at file:///C:/Users/chris/Dev/Projects/TheFantasyWorldSimulator/node_modules/@vitest/runner/dist/index.js:1243:20
    at new Promise (<anonymous>)
    at runWithTimeout (file:///C:/Users/chris/Dev/Projects/TheFantasyWorldSimulator/node_modules/@vitest/runner/dist/index.js:1209:10)
[Orchestrator] Tick crashed, returning previous state: Error: Trait not found: trait.reputation.power.renown
    at assignTrait (C:/Users/chris/Dev/Projects/TheFantasyWorldSimulator/src/engine/traits.ts:44:25)
    at syncReputationTrait (C:/Users/chris/Dev/Projects/TheFantasyWorldSimulator/src/engine/phaseReputationTraits.ts:297:5)
    at phaseReputationTraits (C:/Users/chris/Dev/Projects/TheFantasyWorldSimulator/src/engine/phaseReputationTraits.ts:273:7)
    at runTick (C:/Users/chris/Dev/Projects/TheFantasyWorldSimulator/src/engine/orchestrator.ts:1896:18)
    at C:/Users/chris/Dev/Projects/TheFantasyWorldSimulator/src/engine/__tests__/contracts/encounter-liveness.contract.test.ts:222:17
    at file:///C:/Users/chris/Dev/Projects/TheFantasyWorldSimulator/node_modules/@vitest/runner/dist/index.js:145:11
    at file:///C:/Users/chris/Dev/Projects/TheFantasyWorldSimulator/node_modules/@vitest/runner/dist/index.js:915:26
    at file:///C:/Users/chris/Dev/Projects/TheFantasyWorldSimulator/node_modules/@vitest/runner/dist/index.js:1243:20
    at new Promise (<anonymous>)
    at runWithTimeout (file:///C:/Users/chris/Dev/Projects/TheFantasyWorldSimulator/node_modules/@vitest/runner/dist/index.js:1209:10)
[Orchestrator] Tick crashed, returning previous state: Error: Trait not found: trait.reputation.power.renown
    at assignTrait (C:/Users/chris/Dev/Projects/TheFantasyWorldSimulator/src/engine/traits.ts:44:25)
    at syncReputationTrait (C:/Users/chris/Dev/Projects/TheFantasyWorldSimulator/src/engine/phaseReputationTraits.ts:297:5)
    at phaseReputationTraits (C:/Users/chris/Dev/Projects/TheFantasyWorldSimulator/src/engine/phaseReputationTraits.ts:273:7)
    at runTick (C:/Users/chris/Dev/Projects/TheFantasyWorldSimulator/src/engine/orchestrator.ts:1896:18)
    at C:/Users/chris/Dev/Projects/TheFantasyWorldSimulator/src/engine/__tests__/contracts/encounter-liveness.contract.test.ts:222:17
    at file:///C:/Users/chris/Dev/Projects/TheFantasyWorldSimulator/node_modules/@vitest/runner/dist/index.js:145:11
    at file:///C:/Users/chris/Dev/Projects/TheFantasyWorldSimulator/node_modules/@vitest/runner/dist/index.js:915:26
    at file:///C:/Users/chris/Dev/Projects/TheFantasyWorldSimulator/node_modules/@vitest/runner/dist/index.js:1243:20
    at new Promise (<anonymous>)
    at runWithTimeout (file:///C:/Users/chris/Dev/Projects/TheFantasyWorldSimulator/node_modules/@vitest/runner/dist/index.js:1209:10)
[Orchestrator] Tick crashed, returning previous state: Error: Trait not found: trait.reputation.power.renown
    at assignTrait (C:/Users/chris/Dev/Projects/TheFantasyWorldSimulator/src/engine/traits.ts:44:25)
    at syncReputationTrait (C:/Users/chris/Dev/Projects/TheFantasyWorldSimulator/src/engine/phaseReputationTraits.ts:297:5)
    at phaseReputationTraits (C:/Users/chris/Dev/Projects/TheFantasyWorldSimulator/src/engine/phaseReputationTraits.ts:273:7)
    at runTick (C:/Users/chris/Dev/Projects/TheFantasyWorldSimulator/src/engine/orchestrator.ts:1896:18)
    at C:/Users/chris/Dev/Projects/TheFantasyWorldSimulator/src/engine/__tests__/contracts/encounter-liveness.contract.test.ts:222:17
    at file:///C:/Users/chris/Dev/Projects/TheFantasyWorldSimulator/node_modules/@vitest/runner/dist/index.js:145:11
    at file:///C:/Users/chris/Dev/Projects/TheFantasyWorldSimulator/node_modules/@vitest/runner/dist/index.js:915:26
    at file:///C:/Users/chris/Dev/Projects/TheFantasyWorldSimulator/node_modules/@vitest/runner/dist/index.js:1243:20
    at new Promise (<anonymous>)
    at runWithTimeout (file:///C:/Users/chris/Dev/Projects/TheFantasyWorldSimulator/node_modules/@vitest/runner/dist/index.js:1209:10)
[Orchestrator] Tick crashed, returning previous state: Error: Trait not found: trait.reputation.power.renown
    at assignTrait (C:/Users/chris/Dev/Projects/TheFantasyWorldSimulator/src/engine/traits.ts:44:25)
    at syncReputationTrait (C:/Users/chris/Dev/Projects/TheFantasyWorldSimulator/src/engine/phaseReputationTraits.ts:297:5)
    at phaseReputationTraits (C:/Users/chris/Dev/Projects/TheFantasyWorldSimulator/src/engine/phaseReputationTraits.ts:273:7)
    at runTick (C:/Users/chris/Dev/Projects/TheFantasyWorldSimulator/src/engine/orchestrator.ts:1896:18)
    at C:/Users/chris/Dev/Projects/TheFantasyWorldSimulator/src/engine/__tests__/contracts/encounter-liveness.contract.test.ts:222:17
    at file:///C:/Users/chris/Dev/Projects/TheFantasyWorldSimulator/node_modules/@vitest/runner/dist/index.js:145:11
    at file:///C:/Users/chris/Dev/Projects/TheFantasyWorldSimulator/node_modules/@vitest/runner/dist/index.js:915:26
    at file:///C:/Users/chris/Dev/Projects/TheFantasyWorldSimulator/node_modules/@vitest/runner/dist/index.js:1243:20
    at new Promise (<anonymous>)
    at runWithTimeout (file:///C:/Users/chris/Dev/Projects/TheFantasyWorldSimulator/node_modules/@vitest/runner/dist/index.js:1209:10)
[Orchestrator] Tick crashed, returning previous state: Error: Trait not found: trait.reputation.power.renown
    at assignTrait (C:/Users/chris/Dev/Projects/TheFantasyWorldSimulator/src/engine/traits.ts:44:25)
    at syncReputationTrait (C:/Users/chris/Dev/Projects/TheFantasyWorldSimulator/src/engine/phaseReputationTraits.ts:297:5)
    at phaseReputationTraits (C:/Users/chris/Dev/Projects/TheFantasyWorldSimulator/src/engine/phaseReputationTraits.ts:273:7)
    at runTick (C:/Users/chris/Dev/Projects/TheFantasyWorldSimulator/src/engine/orchestrator.ts:1896:18)
    at C:/Users/chris/Dev/Projects/TheFantasyWorldSimulator/src/engine/__tests__/contracts/encounter-liveness.contract.test.ts:222:17
    at file:///C:/Users/chris/Dev/Projects/TheFantasyWorldSimulator/node_modules/@vitest/runner/dist/index.js:145:11
    at file:///C:/Users/chris/Dev/Projects/TheFantasyWorldSimulator/node_modules/@vitest/runner/dist/index.js:915:26
    at file:///C:/Users/chris/Dev/Projects/TheFantasyWorldSimulator/node_modules/@vitest/runner/dist/index.js:1243:20
    at new Promise (<anonymous>)
    at runWithTimeout (file:///C:/Users/chris/Dev/Projects/TheFantasyWorldSimulator/node_modules/@vitest/runner/dist/index.js:1209:10)
[Orchestrator] Tick crashed, returning previous state: Error: Trait not found: trait.reputation.power.renown
    at assignTrait (C:/Users/chris/Dev/Projects/TheFantasyWorldSimulator/src/engine/traits.ts:44:25)
    at syncReputationTrait (C:/Users/chris/Dev/Projects/TheFantasyWorldSimulator/src/engine/phaseReputationTraits.ts:297:5)
    at phaseReputationTraits (C:/Users/chris/Dev/Projects/TheFantasyWorldSimulator/src/engine/phaseReputationTraits.ts:273:7)
    at runTick (C:/Users/chris/Dev/Projects/TheFantasyWorldSimulator/src/engine/orchestrator.ts:1896:18)
    at C:/Users/chris/Dev/Projects/TheFantasyWorldSimulator/src/engine/__tests__/contracts/encounter-liveness.contract.test.ts:222:17
    at file:///C:/Users/chris/Dev/Projects/TheFantasyWorldSimulator/node_modules/@vitest/runner/dist/index.js:145:11
    at file:///C:/Users/chris/Dev/Projects/TheFantasyWorldSimulator/node_modules/@vitest/runner/dist/index.js:915:26
    at file:///C:/Users/chris/Dev/Projects/TheFantasyWorldSimulator/node_modules/@vitest/runner/dist/index.js:1243:20
    at new Promise (<anonymous>)
    at runWithTimeout (file:///C:/Users/chris/Dev/Projects/TheFantasyWorldSimulator/node_modules/@vitest/runner/dist/index.js:1209:10)
[Orchestrator] Tick crashed, returning previous state: Error: Trait not found: trait.reputation.power.renown
    at assignTrait (C:/Users/chris/Dev/Projects/TheFantasyWorldSimulator/src/engine/traits.ts:44:25)
    at syncReputationTrait (C:/Users/chris/Dev/Projects/TheFantasyWorldSimulator/src/engine/phaseReputationTraits.ts:297:5)
    at phaseReputationTraits (C:/Users/chris/Dev/Projects/TheFantasyWorldSimulator/src/engine/phaseReputationTraits.ts:273:7)
    at runTick (C:/Users/chris/Dev/Projects/TheFantasyWorldSimulator/src/engine/orchestrator.ts:1896:18)
    at C:/Users/chris/Dev/Projects/TheFantasyWorldSimulator/src/engine/__tests__/contracts/encounter-liveness.contract.test.ts:222:17
    at file:///C:/Users/chris/Dev/Projects/TheFantasyWorldSimulator/node_modules/@vitest/runner/dist/index.js:145:11
    at file:///C:/Users/chris/Dev/Projects/TheFantasyWorldSimulator/node_modules/@vitest/runner/dist/index.js:915:26
    at file:///C:/Users/chris/Dev/Projects/TheFantasyWorldSimulator/node_modules/@vitest/runner/dist/index.js:1243:20
    at new Promise (<anonymous>)
    at runWithTimeout (file:///C:/Users/chris/Dev/Projects/TheFantasyWorldSimulator/node_modules/@vitest/runner/dist/index.js:1209:10)
[Orchestrator] Tick crashed, returning previous state: Error: Trait not found: trait.reputation.power.renown
    at assignTrait (C:/Users/chris/Dev/Projects/TheFantasyWorldSimulator/src/engine/traits.ts:44:25)
    at syncReputationTrait (C:/Users/chris/Dev/Projects/TheFantasyWorldSimulator/src/engine/phaseReputationTraits.ts:297:5)
    at phaseReputationTraits (C:/Users/chris/Dev/Projects/TheFantasyWorldSimulator/src/engine/phaseReputationTraits.ts:273:7)
    at runTick (C:/Users/chris/Dev/Projects/TheFantasyWorldSimulator/src/engine/orchestrator.ts:1896:18)
    at C:/Users/chris/Dev/Projects/TheFantasyWorldSimulator/src/engine/__tests__/contracts/encounter-liveness.contract.test.ts:222:17
    at file:///C:/Users/chris/Dev/Projects/TheFantasyWorldSimulator/node_modules/@vitest/runner/dist/index.js:145:11
    at file:///C:/Users/chris/Dev/Projects/TheFantasyWorldSimulator/node_modules/@vitest/runner/dist/index.js:915:26
    at file:///C:/Users/chris/Dev/Projects/TheFantasyWorldSimulator/node_modules/@vitest/runner/dist/index.js:1243:20
    at new Promise (<anonymous>)
    at runWithTimeout (file:///C:/Users/chris/Dev/Projects/TheFantasyWorldSimulator/node_modules/@vitest/runner/dist/index.js:1209:10)
[Orchestrator] Tick crashed, returning previous state: Error: Trait not found: trait.reputation.power.renown
    at assignTrait (C:/Users/chris/Dev/Projects/TheFantasyWorldSimulator/src/engine/traits.ts:44:25)
    at syncReputationTrait (C:/Users/chris/Dev/Projects/TheFantasyWorldSimulator/src/engine/phaseReputationTraits.ts:297:5)
    at phaseReputationTraits (C:/Users/chris/Dev/Projects/TheFantasyWorldSimulator/src/engine/phaseReputationTraits.ts:273:7)
    at runTick (C:/Users/chris/Dev/Projects/TheFantasyWorldSimulator/src/engine/orchestrator.ts:1896:18)
    at C:/Users/chris/Dev/Projects/TheFantasyWorldSimulator/src/engine/__tests__/contracts/encounter-liveness.contract.test.ts:222:17
    at file:///C:/Users/chris/Dev/Projects/TheFantasyWorldSimulator/node_modules/@vitest/runner/dist/index.js:145:11
    at file:///C:/Users/chris/Dev/Projects/TheFantasyWorldSimulator/node_modules/@vitest/runner/dist/index.js:915:26
    at file:///C:/Users/chris/Dev/Projects/TheFantasyWorldSimulator/node_modules/@vitest/runner/dist/index.js:1243:20
    at new Promise (<anonymous>)
    at runWithTimeout (file:///C:/Users/chris/Dev/Projects/TheFantasyWorldSimulator/node_modules/@vitest/runner/dist/index.js:1209:10)
[Orchestrator] Tick crashed, returning previous state: Error: Trait not found: trait.reputation.power.renown
    at assignTrait (C:/Users/chris/Dev/Projects/TheFantasyWorldSimulator/src/engine/traits.ts:44:25)
    at syncReputationTrait (C:/Users/chris/Dev/Projects/TheFantasyWorldSimulator/src/engine/phaseReputationTraits.ts:297:5)
    at phaseReputationTraits (C:/Users/chris/Dev/Projects/TheFantasyWorldSimulator/src/engine/phaseReputationTraits.ts:273:7)
    at runTick (C:/Users/chris/Dev/Projects/TheFantasyWorldSimulator/src/engine/orchestrator.ts:1896:18)
    at C:/Users/chris/Dev/Projects/TheFantasyWorldSimulator/src/engine/__tests__/contracts/encounter-liveness.contract.test.ts:222:17
    at file:///C:/Users/chris/Dev/Projects/TheFantasyWorldSimulator/node_modules/@vitest/runner/dist/index.js:145:11
    at file:///C:/Users/chris/Dev/Projects/TheFantasyWorldSimulator/node_modules/@vitest/runner/dist/index.js:915:26
    at file:///C:/Users/chris/Dev/Projects/TheFantasyWorldSimulator/node_modules/@vitest/runner/dist/index.js:1243:20
    at new Promise (<anonymous>)
    at runWithTimeout (file:///C:/Users/chris/Dev/Projects/TheFantasyWorldSimulator/node_modules/@vitest/runner/dist/index.js:1209:10)
[Orchestrator] Tick crashed, returning previous state: Error: Trait not found: trait.reputation.power.renown
    at assignTrait (C:/Users/chris/Dev/Projects/TheFantasyWorldSimulator/src/engine/traits.ts:44:25)
    at syncReputationTrait (C:/Users/chris/Dev/Projects/TheFantasyWorldSimulator/src/engine/phaseReputationTraits.ts:297:5)
    at phaseReputationTraits (C:/Users/chris/Dev/Projects/TheFantasyWorldSimulator/src/engine/phaseReputationTraits.ts:273:7)
    at runTick (C:/Users/chris/Dev/Projects/TheFantasyWorldSimulator/src/engine/orchestrator.ts:1896:18)
    at C:/Users/chris/Dev/Projects/TheFantasyWorldSimulator/src/engine/__tests__/contracts/encounter-liveness.contract.test.ts:222:17
    at file:///C:/Users/chris/Dev/Projects/TheFantasyWorldSimulator/node_modules/@vitest/runner/dist/index.js:145:11
    at file:///C:/Users/chris/Dev/Projects/TheFantasyWorldSimulator/node_modules/@vitest/runner/dist/index.js:915:26
    at file:///C:/Users/chris/Dev/Projects/TheFantasyWorldSimulator/node_modules/@vitest/runner/dist/index.js:1243:20
    at new Promise (<anonymous>)
    at runWithTimeout (file:///C:/Users/chris/Dev/Projects/TheFantasyWorldSimulator/node_modules/@vitest/runner/dist/index.js:1209:10)
[Orchestrator] Tick crashed, returning previous state: Error: Trait not found: trait.reputation.power.renown
    at assignTrait (C:/Users/chris/Dev/Projects/TheFantasyWorldSimulator/src/engine/traits.ts:44:25)
    at syncReputationTrait (C:/Users/chris/Dev/Projects/TheFantasyWorldSimulator/src/engine/phaseReputationTraits.ts:297:5)
    at phaseReputationTraits (C:/Users/chris/Dev/Projects/TheFantasyWorldSimulator/src/engine/phaseReputationTraits.ts:273:7)
    at runTick (C:/Users/chris/Dev/Projects/TheFantasyWorldSimulator/src/engine/orchestrator.ts:1896:18)
    at C:/Users/chris/Dev/Projects/TheFantasyWorldSimulator/src/engine/__tests__/contracts/encounter-liveness.contract.test.ts:222:17
    at file:///C:/Users/chris/Dev/Projects/TheFantasyWorldSimulator/node_modules/@vitest/runner/dist/index.js:145:11
    at file:///C:/Users/chris/Dev/Projects/TheFantasyWorldSimulator/node_modules/@vitest/runner/dist/index.js:915:26
    at file:///C:/Users/chris/Dev/Projects/TheFantasyWorldSimulator/node_modules/@vitest/runner/dist/index.js:1243:20
    at new Promise (<anonymous>)
    at runWithTimeout (file:///C:/Users/chris/Dev/Projects/TheFantasyWorldSimulator/node_modules/@vitest/runner/dist/index.js:1209:10)
[Orchestrator] Tick crashed, returning previous state: Error: Trait not found: trait.reputation.power.renown
    at assignTrait (C:/Users/chris/Dev/Projects/TheFantasyWorldSimulator/src/engine/traits.ts:44:25)
    at syncReputationTrait (C:/Users/chris/Dev/Projects/TheFantasyWorldSimulator/src/engine/phaseReputationTraits.ts:297:5)
    at phaseReputationTraits (C:/Users/chris/Dev/Projects/TheFantasyWorldSimulator/src/engine/phaseReputationTraits.ts:273:7)
    at runTick (C:/Users/chris/Dev/Projects/TheFantasyWorldSimulator/src/engine/orchestrator.ts:1896:18)
    at C:/Users/chris/Dev/Projects/TheFantasyWorldSimulator/src/engine/__tests__/contracts/encounter-liveness.contract.test.ts:222:17
    at file:///C:/Users/chris/Dev/Projects/TheFantasyWorldSimulator/node_modules/@vitest/runner/dist/index.js:145:11
    at file:///C:/Users/chris/Dev/Projects/TheFantasyWorldSimulator/node_modules/@vitest/runner/dist/index.js:915:26
    at file:///C:/Users/chris/Dev/Projects/TheFantasyWorldSimulator/node_modules/@vitest/runner/dist/index.js:1243:20
    at new Promise (<anonymous>)
    at runWithTimeout (file:///C:/Users/chris/Dev/Projects/TheFantasyWorldSimulator/node_modules/@vitest/runner/dist/index.js:1209:10)
[Orchestrator] Tick crashed, returning previous state: Error: Trait not found: trait.reputation.power.renown
    at assignTrait (C:/Users/chris/Dev/Projects/TheFantasyWorldSimulator/src/engine/traits.ts:44:25)
    at syncReputationTrait (C:/Users/chris/Dev/Projects/TheFantasyWorldSimulator/src/engine/phaseReputationTraits.ts:297:5)
    at phaseReputationTraits (C:/Users/chris/Dev/Projects/TheFantasyWorldSimulator/src/engine/phaseReputationTraits.ts:273:7)
    at runTick (C:/Users/chris/Dev/Projects/TheFantasyWorldSimulator/src/engine/orchestrator.ts:1896:18)
    at C:/Users/chris/Dev/Projects/TheFantasyWorldSimulator/src/engine/__tests__/contracts/encounter-liveness.contract.test.ts:222:17
    at file:///C:/Users/chris/Dev/Projects/TheFantasyWorldSimulator/node_modules/@vitest/runner/dist/index.js:145:11
    at file:///C:/Users/chris/Dev/Projects/TheFantasyWorldSimulator/node_modules/@vitest/runner/dist/index.js:915:26
    at file:///C:/Users/chris/Dev/Projects/TheFantasyWorldSimulator/node_modules/@vitest/runner/dist/index.js:1243:20
    at new Promise (<anonymous>)
    at runWithTimeout (file:///C:/Users/chris/Dev/Projects/TheFantasyWorldSimulator/node_modules/@vitest/runner/dist/index.js:1209:10)
[Orchestrator] Tick crashed, returning previous state: Error: Trait not found: trait.reputation.power.renown
    at assignTrait (C:/Users/chris/Dev/Projects/TheFantasyWorldSimulator/src/engine/traits.ts:44:25)
    at syncReputationTrait (C:/Users/chris/Dev/Projects/TheFantasyWorldSimulator/src/engine/phaseReputationTraits.ts:297:5)
    at phaseReputationTraits (C:/Users/chris/Dev/Projects/TheFantasyWorldSimulator/src/engine/phaseReputationTraits.ts:273:7)
    at runTick (C:/Users/chris/Dev/Projects/TheFantasyWorldSimulator/src/engine/orchestrator.ts:1896:18)
    at C:/Users/chris/Dev/Projects/TheFantasyWorldSimulator/src/engine/__tests__/contracts/encounter-liveness.contract.test.ts:222:17
    at file:///C:/Users/chris/Dev/Projects/TheFantasyWorldSimulator/node_modules/@vitest/runner/dist/index.js:145:11
    at file:///C:/Users/chris/Dev/Projects/TheFantasyWorldSimulator/node_modules/@vitest/runner/dist/index.js:915:26
    at file:///C:/Users/chris/Dev/Projects/TheFantasyWorldSimulator/node_modules/@vitest/runner/dist/index.js:1243:20
    at new Promise (<anonymous>)
    at runWithTimeout (file:///C:/Users/chris/Dev/Projects/TheFantasyWorldSimulator/node_modules/@vitest/runner/dist/index.js:1209:10)
[Orchestrator] Tick crashed, returning previous state: Error: Trait not found: trait.reputation.power.renown
    at assignTrait (C:/Users/chris/Dev/Projects/TheFantasyWorldSimulator/src/engine/traits.ts:44:25)
    at syncReputationTrait (C:/Users/chris/Dev/Projects/TheFantasyWorldSimulator/src/engine/phaseReputationTraits.ts:297:5)
    at phaseReputationTraits (C:/Users/chris/Dev/Projects/TheFantasyWorldSimulator/src/engine/phaseReputationTraits.ts:273:7)
    at runTick (C:/Users/chris/Dev/Projects/TheFantasyWorldSimulator/src/engine/orchestrator.ts:1896:18)
    at C:/Users/chris/Dev/Projects/TheFantasyWorldSimulator/src/engine/__tests__/contracts/encounter-liveness.contract.test.ts:222:17
    at file:///C:/Users/chris/Dev/Projects/TheFantasyWorldSimulator/node_modules/@vitest/runner/dist/index.js:145:11
    at file:///C:/Users/chris/Dev/Projects/TheFantasyWorldSimulator/node_modules/@vitest/runner/dist/index.js:915:26
    at file:///C:/Users/chris/Dev/Projects/TheFantasyWorldSimulator/node_modules/@vitest/runner/dist/index.js:1243:20
    at new Promise (<anonymous>)
    at runWithTimeout (file:///C:/Users/chris/Dev/Projects/TheFantasyWorldSimulator/node_modules/@vitest/runner/dist/index.js:1209:10)
[Orchestrator] Tick crashed, returning previous state: Error: Trait not found: trait.reputation.power.renown
    at assignTrait (C:/Users/chris/Dev/Projects/TheFantasyWorldSimulator/src/engine/traits.ts:44:25)
    at syncReputationTrait (C:/Users/chris/Dev/Projects/TheFantasyWorldSimulator/src/engine/phaseReputationTraits.ts:297:5)
    at phaseReputationTraits (C:/Users/chris/Dev/Projects/TheFantasyWorldSimulator/src/engine/phaseReputationTraits.ts:273:7)
    at runTick (C:/Users/chris/Dev/Projects/TheFantasyWorldSimulator/src/engine/orchestrator.ts:1896:18)
    at C:/Users/chris/Dev/Projects/TheFantasyWorldSimulator/src/engine/__tests__/contracts/encounter-liveness.contract.test.ts:222:17
    at file:///C:/Users/chris/Dev/Projects/TheFantasyWorldSimulator/node_modules/@vitest/runner/dist/index.js:145:11
    at file:///C:/Users/chris/Dev/Projects/TheFantasyWorldSimulator/node_modules/@vitest/runner/dist/index.js:915:26
    at file:///C:/Users/chris/Dev/Projects/TheFantasyWorldSimulator/node_modules/@vitest/runner/dist/index.js:1243:20
    at new Promise (<anonymous>)
    at runWithTimeout (file:///C:/Users/chris/Dev/Projects/TheFantasyWorldSimulator/node_modules/@vitest/runner/dist/index.js:1209:10)
[Orchestrator] Tick crashed, returning previous state: Error: Trait not found: trait.reputation.power.renown
    at assignTrait (C:/Users/chris/Dev/Projects/TheFantasyWorldSimulator/src/engine/traits.ts:44:25)
    at syncReputationTrait (C:/Users/chris/Dev/Projects/TheFantasyWorldSimulator/src/engine/phaseReputationTraits.ts:297:5)
    at phaseReputationTraits (C:/Users/chris/Dev/Projects/TheFantasyWorldSimulator/src/engine/phaseReputationTraits.ts:273:7)
    at runTick (C:/Users/chris/Dev/Projects/TheFantasyWorldSimulator/src/engine/orchestrator.ts:1896:18)
    at C:/Users/chris/Dev/Projects/TheFantasyWorldSimulator/src/engine/__tests__/contracts/encounter-liveness.contract.test.ts:222:17
    at file:///C:/Users/chris/Dev/Projects/TheFantasyWorldSimulator/node_modules/@vitest/runner/dist/index.js:145:11
    at file:///C:/Users/chris/Dev/Projects/TheFantasyWorldSimulator/node_modules/@vitest/runner/dist/index.js:915:26
    at file:///C:/Users/chris/Dev/Projects/TheFantasyWorldSimulator/node_modules/@vitest/runner/dist/index.js:1243:20
    at new Promise (<anonymous>)
    at runWithTimeout (file:///C:/Users/chris/Dev/Projects/TheFantasyWorldSimulator/node_modules/@vitest/runner/dist/index.js:1209:10)
[Orchestrator] Tick crashed, returning previous state: Error: Trait not found: trait.reputation.power.renown
    at assignTrait (C:/Users/chris/Dev/Projects/TheFantasyWorldSimulator/src/engine/traits.ts:44:25)
    at syncReputationTrait (C:/Users/chris/Dev/Projects/TheFantasyWorldSimulator/src/engine/phaseReputationTraits.ts:297:5)
    at phaseReputationTraits (C:/Users/chris/Dev/Projects/TheFantasyWorldSimulator/src/engine/phaseReputationTraits.ts:273:7)
    at runTick (C:/Users/chris/Dev/Projects/TheFantasyWorldSimulator/src/engine/orchestrator.ts:1896:18)
    at C:/Users/chris/Dev/Projects/TheFantasyWorldSimulator/src/engine/__tests__/contracts/encounter-liveness.contract.test.ts:222:17
    at file:///C:/Users/chris/Dev/Projects/TheFantasyWorldSimulator/node_modules/@vitest/runner/dist/index.js:145:11
    at file:///C:/Users/chris/Dev/Projects/TheFantasyWorldSimulator/node_modules/@vitest/runner/dist/index.js:915:26
    at file:///C:/Users/chris/Dev/Projects/TheFantasyWorldSimulator/node_modules/@vitest/runner/dist/index.js:1243:20
    at new Promise (<anonymous>)
    at runWithTimeout (file:///C:/Users/chris/Dev/Projects/TheFantasyWorldSimulator/node_modules/@vitest/runner/dist/index.js:1209:10)
[Orchestrator] Tick crashed, returning previous state: Error: Trait not found: trait.reputation.power.renown
    at assignTrait (C:/Users/chris/Dev/Projects/TheFantasyWorldSimulator/src/engine/traits.ts:44:25)
    at syncReputationTrait (C:/Users/chris/Dev/Projects/TheFantasyWorldSimulator/src/engine/phaseReputationTraits.ts:297:5)
    at phaseReputationTraits (C:/Users/chris/Dev/Projects/TheFantasyWorldSimulator/src/engine/phaseReputationTraits.ts:273:7)
    at runTick (C:/Users/chris/Dev/Projects/TheFantasyWorldSimulator/src/engine/orchestrator.ts:1896:18)
    at C:/Users/chris/Dev/Projects/TheFantasyWorldSimulator/src/engine/__tests__/contracts/encounter-liveness.contract.test.ts:222:17
    at file:///C:/Users/chris/Dev/Projects/TheFantasyWorldSimulator/node_modules/@vitest/runner/dist/index.js:145:11
    at file:///C:/Users/chris/Dev/Projects/TheFantasyWorldSimulator/node_modules/@vitest/runner/dist/index.js:915:26
    at file:///C:/Users/chris/Dev/Projects/TheFantasyWorldSimulator/node_modules/@vitest/runner/dist/index.js:1243:20
    at new Promise (<anonymous>)
    at runWithTimeout (file:///C:/Users/chris/Dev/Projects/TheFantasyWorldSimulator/node_modules/@vitest/runner/dist/index.js:1209:10)
[Orchestrator] Tick crashed, returning previous state: Error: Trait not found: trait.reputation.power.renown
    at assignTrait (C:/Users/chris/Dev/Projects/TheFantasyWorldSimulator/src/engine/traits.ts:44:25)
    at syncReputationTrait (C:/Users/chris/Dev/Projects/TheFantasyWorldSimulator/src/engine/phaseReputationTraits.ts:297:5)
    at phaseReputationTraits (C:/Users/chris/Dev/Projects/TheFantasyWorldSimulator/src/engine/phaseReputationTraits.ts:273:7)
    at runTick (C:/Users/chris/Dev/Projects/TheFantasyWorldSimulator/src/engine/orchestrator.ts:1896:18)
    at C:/Users/chris/Dev/Projects/TheFantasyWorldSimulator/src/engine/__tests__/contracts/encounter-liveness.contract.test.ts:222:17
    at file:///C:/Users/chris/Dev/Projects/TheFantasyWorldSimulator/node_modules/@vitest/runner/dist/index.js:145:11
    at file:///C:/Users/chris/Dev/Projects/TheFantasyWorldSimulator/node_modules/@vitest/runner/dist/index.js:915:26
    at file:///C:/Users/chris/Dev/Projects/TheFantasyWorldSimulator/node_modules/@vitest/runner/dist/index.js:1243:20
    at new Promise (<anonymous>)
    at runWithTimeout (file:///C:/Users/chris/Dev/Projects/TheFantasyWorldSimulator/node_modules/@vitest/runner/dist/index.js:1209:10)
[Orchestrator] Tick crashed, returning previous state: Error: Trait not found: trait.reputation.power.renown
    at assignTrait (C:/Users/chris/Dev/Projects/TheFantasyWorldSimulator/src/engine/traits.ts:44:25)
    at syncReputationTrait (C:/Users/chris/Dev/Projects/TheFantasyWorldSimulator/src/engine/phaseReputationTraits.ts:297:5)
    at phaseReputationTraits (C:/Users/chris/Dev/Projects/TheFantasyWorldSimulator/src/engine/phaseReputationTraits.ts:273:7)
    at runTick (C:/Users/chris/Dev/Projects/TheFantasyWorldSimulator/src/engine/orchestrator.ts:1896:18)
    at C:/Users/chris/Dev/Projects/TheFantasyWorldSimulator/src/engine/__tests__/contracts/encounter-liveness.contract.test.ts:222:17
    at file:///C:/Users/chris/Dev/Projects/TheFantasyWorldSimulator/node_modules/@vitest/runner/dist/index.js:145:11
    at file:///C:/Users/chris/Dev/Projects/TheFantasyWorldSimulator/node_modules/@vitest/runner/dist/index.js:915:26
    at file:///C:/Users/chris/Dev/Projects/TheFantasyWorldSimulator/node_modules/@vitest/runner/dist/index.js:1243:20
    at new Promise (<anonymous>)
    at runWithTimeout (file:///C:/Users/chris/Dev/Projects/TheFantasyWorldSimulator/node_modules/@vitest/runner/dist/index.js:1209:10)
[Orchestrator] Tick crashed, returning previous state: Error: Trait not found: trait.reputation.power.renown
    at assignTrait (C:/Users/chris/Dev/Projects/TheFantasyWorldSimulator/src/engine/traits.ts:44:25)
    at syncReputationTrait (C:/Users/chris/Dev/Projects/TheFantasyWorldSimulator/src/engine/phaseReputationTraits.ts:297:5)
    at phaseReputationTraits (C:/Users/chris/Dev/Projects/TheFantasyWorldSimulator/src/engine/phaseReputationTraits.ts:273:7)
    at runTick (C:/Users/chris/Dev/Projects/TheFantasyWorldSimulator/src/engine/orchestrator.ts:1896:18)
    at C:/Users/chris/Dev/Projects/TheFantasyWorldSimulator/src/engine/__tests__/contracts/encounter-liveness.contract.test.ts:222:17
    at file:///C:/Users/chris/Dev/Projects/TheFantasyWorldSimulator/node_modules/@vitest/runner/dist/index.js:145:11
    at file:///C:/Users/chris/Dev/Projects/TheFantasyWorldSimulator/node_modules/@vitest/runner/dist/index.js:915:26
    at file:///C:/Users/chris/Dev/Projects/TheFantasyWorldSimulator/node_modules/@vitest/runner/dist/index.js:1243:20
    at new Promise (<anonymous>)
    at runWithTimeout (file:///C:/Users/chris/Dev/Projects/TheFantasyWorldSimulator/node_modules/@vitest/runner/dist/index.js:1209:10)
[Orchestrator] Tick crashed, returning previous state: Error: Trait not found: trait.reputation.power.renown
    at assignTrait (C:/Users/chris/Dev/Projects/TheFantasyWorldSimulator/src/engine/traits.ts:44:25)
    at syncReputationTrait (C:/Users/chris/Dev/Projects/TheFantasyWorldSimulator/src/engine/phaseReputationTraits.ts:297:5)
    at phaseReputationTraits (C:/Users/chris/Dev/Projects/TheFantasyWorldSimulator/src/engine/phaseReputationTraits.ts:273:7)
    at runTick (C:/Users/chris/Dev/Projects/TheFantasyWorldSimulator/src/engine/orchestrator.ts:1896:18)
    at C:/Users/chris/Dev/Projects/TheFantasyWorldSimulator/src/engine/__tests__/contracts/encounter-liveness.contract.test.ts:222:17
    at file:///C:/Users/chris/Dev/Projects/TheFantasyWorldSimulator/node_modules/@vitest/runner/dist/index.js:145:11
    at file:///C:/Users/chris/Dev/Projects/TheFantasyWorldSimulator/node_modules/@vitest/runner/dist/index.js:915:26
    at file:///C:/Users/chris/Dev/Projects/TheFantasyWorldSimulator/node_modules/@vitest/runner/dist/index.js:1243:20
    at new Promise (<anonymous>)
    at runWithTimeout (file:///C:/Users/chris/Dev/Projects/TheFantasyWorldSimulator/node_modules/@vitest/runner/dist/index.js:1209:10)
[Orchestrator] Tick crashed, returning previous state: Error: Trait not found: trait.reputation.power.renown
    at assignTrait (C:/Users/chris/Dev/Projects/TheFantasyWorldSimulator/src/engine/traits.ts:44:25)
    at syncReputationTrait (C:/Users/chris/Dev/Projects/TheFantasyWorldSimulator/src/engine/phaseReputationTraits.ts:297:5)
    at phaseReputationTraits (C:/Users/chris/Dev/Projects/TheFantasyWorldSimulator/src/engine/phaseReputationTraits.ts:273:7)
    at runTick (C:/Users/chris/Dev/Projects/TheFantasyWorldSimulator/src/engine/orchestrator.ts:1896:18)
    at C:/Users/chris/Dev/Projects/TheFantasyWorldSimulator/src/engine/__tests__/contracts/encounter-liveness.contract.test.ts:222:17
    at file:///C:/Users/chris/Dev/Projects/TheFantasyWorldSimulator/node_modules/@vitest/runner/dist/index.js:145:11
    at file:///C:/Users/chris/Dev/Projects/TheFantasyWorldSimulator/node_modules/@vitest/runner/dist/index.js:915:26
    at file:///C:/Users/chris/Dev/Projects/TheFantasyWorldSimulator/node_modules/@vitest/runner/dist/index.js:1243:20
    at new Promise (<anonymous>)
    at runWithTimeout (file:///C:/Users/chris/Dev/Projects/TheFantasyWorldSimulator/node_modules/@vitest/runner/dist/index.js:1209:10)
[Orchestrator] Tick crashed, returning previous state: Error: Trait not found: trait.reputation.power.renown
    at assignTrait (C:/Users/chris/Dev/Projects/TheFantasyWorldSimulator/src/engine/traits.ts:44:25)
    at syncReputationTrait (C:/Users/chris/Dev/Projects/TheFantasyWorldSimulator/src/engine/phaseReputationTraits.ts:297:5)
    at phaseReputationTraits (C:/Users/chris/Dev/Projects/TheFantasyWorldSimulator/src/engine/phaseReputationTraits.ts:273:7)
    at runTick (C:/Users/chris/Dev/Projects/TheFantasyWorldSimulator/src/engine/orchestrator.ts:1896:18)
    at C:/Users/chris/Dev/Projects/TheFantasyWorldSimulator/src/engine/__tests__/contracts/encounter-liveness.contract.test.ts:222:17
    at file:///C:/Users/chris/Dev/Projects/TheFantasyWorldSimulator/node_modules/@vitest/runner/dist/index.js:145:11
    at file:///C:/Users/chris/Dev/Projects/TheFantasyWorldSimulator/node_modules/@vitest/runner/dist/index.js:915:26
    at file:///C:/Users/chris/Dev/Projects/TheFantasyWorldSimulator/node_modules/@vitest/runner/dist/index.js:1243:20
    at new Promise (<anonymous>)
    at runWithTimeout (file:///C:/Users/chris/Dev/Projects/TheFantasyWorldSimulator/node_modules/@vitest/runner/dist/index.js:1209:10)
[Orchestrator] Tick crashed, returning previous state: Error: Trait not found: trait.reputation.power.renown
    at assignTrait (C:/Users/chris/Dev/Projects/TheFantasyWorldSimulator/src/engine/traits.ts:44:25)
    at syncReputationTrait (C:/Users/chris/Dev/Projects/TheFantasyWorldSimulator/src/engine/phaseReputationTraits.ts:297:5)
    at phaseReputationTraits (C:/Users/chris/Dev/Projects/TheFantasyWorldSimulator/src/engine/phaseReputationTraits.ts:273:7)
    at runTick (C:/Users/chris/Dev/Projects/TheFantasyWorldSimulator/src/engine/orchestrator.ts:1896:18)
    at C:/Users/chris/Dev/Projects/TheFantasyWorldSimulator/src/engine/__tests__/contracts/encounter-liveness.contract.test.ts:222:17
    at file:///C:/Users/chris/Dev/Projects/TheFantasyWorldSimulator/node_modules/@vitest/runner/dist/index.js:145:11
    at file:///C:/Users/chris/Dev/Projects/TheFantasyWorldSimulator/node_modules/@vitest/runner/dist/index.js:915:26
    at file:///C:/Users/chris/Dev/Projects/TheFantasyWorldSimulator/node_modules/@vitest/runner/dist/index.js:1243:20
    at new Promise (<anonymous>)
    at runWithTimeout (file:///C:/Users/chris/Dev/Projects/TheFantasyWorldSimulator/node_modules/@vitest/runner/dist/index.js:1209:10)
[Orchestrator] Tick crashed, returning previous state: Error: Trait not found: trait.reputation.power.renown
    at assignTrait (C:/Users/chris/Dev/Projects/TheFantasyWorldSimulator/src/engine/traits.ts:44:25)
    at syncReputationTrait (C:/Users/chris/Dev/Projects/TheFantasyWorldSimulator/src/engine/phaseReputationTraits.ts:297:5)
    at phaseReputationTraits (C:/Users/chris/Dev/Projects/TheFantasyWorldSimulator/src/engine/phaseReputationTraits.ts:273:7)
    at runTick (C:/Users/chris/Dev/Projects/TheFantasyWorldSimulator/src/engine/orchestrator.ts:1896:18)
    at C:/Users/chris/Dev/Projects/TheFantasyWorldSimulator/src/engine/__tests__/contracts/encounter-liveness.contract.test.ts:222:17
    at file:///C:/Users/chris/Dev/Projects/TheFantasyWorldSimulator/node_modules/@vitest/runner/dist/index.js:145:11
    at file:///C:/Users/chris/Dev/Projects/TheFantasyWorldSimulator/node_modules/@vitest/runner/dist/index.js:915:26
    at file:///C:/Users/chris/Dev/Projects/TheFantasyWorldSimulator/node_modules/@vitest/runner/dist/index.js:1243:20
    at new Promise (<anonymous>)
    at runWithTimeout (file:///C:/Users/chris/Dev/Projects/TheFantasyWorldSimulator/node_modules/@vitest/runner/dist/index.js:1209:10)
[Orchestrator] Tick crashed, returning previous state: Error: Trait not found: trait.reputation.power.renown
    at assignTrait (C:/Users/chris/Dev/Projects/TheFantasyWorldSimulator/src/engine/traits.ts:44:25)
    at syncReputationTrait (C:/Users/chris/Dev/Projects/TheFantasyWorldSimulator/src/engine/phaseReputationTraits.ts:297:5)
    at phaseReputationTraits (C:/Users/chris/Dev/Projects/TheFantasyWorldSimulator/src/engine/phaseReputationTraits.ts:273:7)
    at runTick (C:/Users/chris/Dev/Projects/TheFantasyWorldSimulator/src/engine/orchestrator.ts:1896:18)
    at C:/Users/chris/Dev/Projects/TheFantasyWorldSimulator/src/engine/__tests__/contracts/encounter-liveness.contract.test.ts:222:17
    at file:///C:/Users/chris/Dev/Projects/TheFantasyWorldSimulator/node_modules/@vitest/runner/dist/index.js:145:11
    at file:///C:/Users/chris/Dev/Projects/TheFantasyWorldSimulator/node_modules/@vitest/runner/dist/index.js:915:26
    at file:///C:/Users/chris/Dev/Projects/TheFantasyWorldSimulator/node_modules/@vitest/runner/dist/index.js:1243:20
    at new Promise (<anonymous>)
    at runWithTimeout (file:///C:/Users/chris/Dev/Projects/TheFantasyWorldSimulator/node_modules/@vitest/runner/dist/index.js:1209:10)
[Orchestrator] Tick crashed, returning previous state: Error: Trait not found: trait.reputation.power.renown
    at assignTrait (C:/Users/chris/Dev/Projects/TheFantasyWorldSimulator/src/engine/traits.ts:44:25)
    at syncReputationTrait (C:/Users/chris/Dev/Projects/TheFantasyWorldSimulator/src/engine/phaseReputationTraits.ts:297:5)
    at phaseReputationTraits (C:/Users/chris/Dev/Projects/TheFantasyWorldSimulator/src/engine/phaseReputationTraits.ts:273:7)
    at runTick (C:/Users/chris/Dev/Projects/TheFantasyWorldSimulator/src/engine/orchestrator.ts:1896:18)
    at C:/Users/chris/Dev/Projects/TheFantasyWorldSimulator/src/engine/__tests__/contracts/encounter-liveness.contract.test.ts:222:17
    at file:///C:/Users/chris/Dev/Projects/TheFantasyWorldSimulator/node_modules/@vitest/runner/dist/index.js:145:11
    at file:///C:/Users/chris/Dev/Projects/TheFantasyWorldSimulator/node_modules/@vitest/runner/dist/index.js:915:26
    at file:///C:/Users/chris/Dev/Projects/TheFantasyWorldSimulator/node_modules/@vitest/runner/dist/index.js:1243:20
    at new Promise (<anonymous>)
    at runWithTimeout (file:///C:/Users/chris/Dev/Projects/TheFantasyWorldSimulator/node_modules/@vitest/runner/dist/index.js:1209:10)
[Orchestrator] Tick crashed, returning previous state: Error: Trait not found: trait.reputation.power.renown
    at assignTrait (C:/Users/chris/Dev/Projects/TheFantasyWorldSimulator/src/engine/traits.ts:44:25)
    at syncReputationTrait (C:/Users/chris/Dev/Projects/TheFantasyWorldSimulator/src/engine/phaseReputationTraits.ts:297:5)
    at phaseReputationTraits (C:/Users/chris/Dev/Projects/TheFantasyWorldSimulator/src/engine/phaseReputationTraits.ts:273:7)
    at runTick (C:/Users/chris/Dev/Projects/TheFantasyWorldSimulator/src/engine/orchestrator.ts:1896:18)
    at C:/Users/chris/Dev/Projects/TheFantasyWorldSimulator/src/engine/__tests__/contracts/encounter-liveness.contract.test.ts:222:17
    at file:///C:/Users/chris/Dev/Projects/TheFantasyWorldSimulator/node_modules/@vitest/runner/dist/index.js:145:11
    at file:///C:/Users/chris/Dev/Projects/TheFantasyWorldSimulator/node_modules/@vitest/runner/dist/index.js:915:26
    at file:///C:/Users/chris/Dev/Projects/TheFantasyWorldSimulator/node_modules/@vitest/runner/dist/index.js:1243:20
    at new Promise (<anonymous>)
    at runWithTimeout (file:///C:/Users/chris/Dev/Projects/TheFantasyWorldSimulator/node_modules/@vitest/runner/dist/index.js:1209:10)
[Orchestrator] Tick crashed, returning previous state: Error: Trait not found: trait.reputation.power.renown
    at assignTrait (C:/Users/chris/Dev/Projects/TheFantasyWorldSimulator/src/engine/traits.ts:44:25)
    at syncReputationTrait (C:/Users/chris/Dev/Projects/TheFantasyWorldSimulator/src/engine/phaseReputationTraits.ts:297:5)
    at phaseReputationTraits (C:/Users/chris/Dev/Projects/TheFantasyWorldSimulator/src/engine/phaseReputationTraits.ts:273:7)
    at runTick (C:/Users/chris/Dev/Projects/TheFantasyWorldSimulator/src/engine/orchestrator.ts:1896:18)
    at C:/Users/chris/Dev/Projects/TheFantasyWorldSimulator/src/engine/__tests__/contracts/encounter-liveness.contract.test.ts:222:17
    at file:///C:/Users/chris/Dev/Projects/TheFantasyWorldSimulator/node_modules/@vitest/runner/dist/index.js:145:11
    at file:///C:/Users/chris/Dev/Projects/TheFantasyWorldSimulator/node_modules/@vitest/runner/dist/index.js:915:26
    at file:///C:/Users/chris/Dev/Projects/TheFantasyWorldSimulator/node_modules/@vitest/runner/dist/index.js:1243:20
    at new Promise (<anonymous>)
    at runWithTimeout (file:///C:/Users/chris/Dev/Projects/TheFantasyWorldSimulator/node_modules/@vitest/runner/dist/index.js:1209:10)
[Orchestrator] Tick crashed, returning previous state: Error: Trait not found: trait.reputation.power.renown
    at assignTrait (C:/Users/chris/Dev/Projects/TheFantasyWorldSimulator/src/engine/traits.ts:44:25)
    at syncReputationTrait (C:/Users/chris/Dev/Projects/TheFantasyWorldSimulator/src/engine/phaseReputationTraits.ts:297:5)
    at phaseReputationTraits (C:/Users/chris/Dev/Projects/TheFantasyWorldSimulator/src/engine/phaseReputationTraits.ts:273:7)
    at runTick (C:/Users/chris/Dev/Projects/TheFantasyWorldSimulator/src/engine/orchestrator.ts:1896:18)
    at C:/Users/chris/Dev/Projects/TheFantasyWorldSimulator/src/engine/__tests__/contracts/encounter-liveness.contract.test.ts:222:17
    at file:///C:/Users/chris/Dev/Projects/TheFantasyWorldSimulator/node_modules/@vitest/runner/dist/index.js:145:11
    at file:///C:/Users/chris/Dev/Projects/TheFantasyWorldSimulator/node_modules/@vitest/runner/dist/index.js:915:26
    at file:///C:/Users/chris/Dev/Projects/TheFantasyWorldSimulator/node_modules/@vitest/runner/dist/index.js:1243:20
    at new Promise (<anonymous>)
    at runWithTimeout (file:///C:/Users/chris/Dev/Projects/TheFantasyWorldSimulator/node_modules/@vitest/runner/dist/index.js:1209:10)
[Orchestrator] Tick crashed, returning previous state: Error: Trait not found: trait.reputation.power.renown
    at assignTrait (C:/Users/chris/Dev/Projects/TheFantasyWorldSimulator/src/engine/traits.ts:44:25)
    at syncReputationTrait (C:/Users/chris/Dev/Projects/TheFantasyWorldSimulator/src/engine/phaseReputationTraits.ts:297:5)
    at phaseReputationTraits (C:/Users/chris/Dev/Projects/TheFantasyWorldSimulator/src/engine/phaseReputationTraits.ts:273:7)
    at runTick (C:/Users/chris/Dev/Projects/TheFantasyWorldSimulator/src/engine/orchestrator.ts:1896:18)
    at C:/Users/chris/Dev/Projects/TheFantasyWorldSimulator/src/engine/__tests__/contracts/encounter-liveness.contract.test.ts:222:17
    at file:///C:/Users/chris/Dev/Projects/TheFantasyWorldSimulator/node_modules/@vitest/runner/dist/index.js:145:11
    at file:///C:/Users/chris/Dev/Projects/TheFantasyWorldSimulator/node_modules/@vitest/runner/dist/index.js:915:26
    at file:///C:/Users/chris/Dev/Projects/TheFantasyWorldSimulator/node_modules/@vitest/runner/dist/index.js:1243:20
    at new Promise (<anonymous>)
    at runWithTimeout (file:///C:/Users/chris/Dev/Projects/TheFantasyWorldSimulator/node_modules/@vitest/runner/dist/index.js:1209:10)
[Orchestrator] Tick crashed, returning previous state: Error: Trait not found: trait.reputation.power.renown
    at assignTrait (C:/Users/chris/Dev/Projects/TheFantasyWorldSimulator/src/engine/traits.ts:44:25)
    at syncReputationTrait (C:/Users/chris/Dev/Projects/TheFantasyWorldSimulator/src/engine/phaseReputationTraits.ts:297:5)
    at phaseReputationTraits (C:/Users/chris/Dev/Projects/TheFantasyWorldSimulator/src/engine/phaseReputationTraits.ts:273:7)
    at runTick (C:/Users/chris/Dev/Projects/TheFantasyWorldSimulator/src/engine/orchestrator.ts:1896:18)
    at C:/Users/chris/Dev/Projects/TheFantasyWorldSimulator/src/engine/__tests__/contracts/encounter-liveness.contract.test.ts:222:17
    at file:///C:/Users/chris/Dev/Projects/TheFantasyWorldSimulator/node_modules/@vitest/runner/dist/index.js:145:11
    at file:///C:/Users/chris/Dev/Projects/TheFantasyWorldSimulator/node_modules/@vitest/runner/dist/index.js:915:26
    at file:///C:/Users/chris/Dev/Projects/TheFantasyWorldSimulator/node_modules/@vitest/runner/dist/index.js:1243:20
    at new Promise (<anonymous>)
    at runWithTimeout (file:///C:/Users/chris/Dev/Projects/TheFantasyWorldSimulator/node_modules/@vitest/runner/dist/index.js:1209:10)
[Orchestrator] Tick crashed, returning previous state: Error: Trait not found: trait.reputation.power.renown
    at assignTrait (C:/Users/chris/Dev/Projects/TheFantasyWorldSimulator/src/engine/traits.ts:44:25)
    at syncReputationTrait (C:/Users/chris/Dev/Projects/TheFantasyWorldSimulator/src/engine/phaseReputationTraits.ts:297:5)
    at phaseReputationTraits (C:/Users/chris/Dev/Projects/TheFantasyWorldSimulator/src/engine/phaseReputationTraits.ts:273:7)
    at runTick (C:/Users/chris/Dev/Projects/TheFantasyWorldSimulator/src/engine/orchestrator.ts:1896:18)
    at C:/Users/chris/Dev/Projects/TheFantasyWorldSimulator/src/engine/__tests__/contracts/encounter-liveness.contract.test.ts:222:17
    at file:///C:/Users/chris/Dev/Projects/TheFantasyWorldSimulator/node_modules/@vitest/runner/dist/index.js:145:11
    at file:///C:/Users/chris/Dev/Projects/TheFantasyWorldSimulator/node_modules/@vitest/runner/dist/index.js:915:26
    at file:///C:/Users/chris/Dev/Projects/TheFantasyWorldSimulator/node_modules/@vitest/runner/dist/index.js:1243:20
    at new Promise (<anonymous>)
    at runWithTimeout (file:///C:/Users/chris/Dev/Projects/TheFantasyWorldSimulator/node_modules/@vitest/runner/dist/index.js:1209:10)
[Orchestrator] Tick crashed, returning previous state: Error: Trait not found: trait.reputation.power.renown
    at assignTrait (C:/Users/chris/Dev/Projects/TheFantasyWorldSimulator/src/engine/traits.ts:44:25)
    at syncReputationTrait (C:/Users/chris/Dev/Projects/TheFantasyWorldSimulator/src/engine/phaseReputationTraits.ts:297:5)
    at phaseReputationTraits (C:/Users/chris/Dev/Projects/TheFantasyWorldSimulator/src/engine/phaseReputationTraits.ts:273:7)
    at runTick (C:/Users/chris/Dev/Projects/TheFantasyWorldSimulator/src/engine/orchestrator.ts:1896:18)
    at C:/Users/chris/Dev/Projects/TheFantasyWorldSimulator/src/engine/__tests__/contracts/encounter-liveness.contract.test.ts:222:17
    at file:///C:/Users/chris/Dev/Projects/TheFantasyWorldSimulator/node_modules/@vitest/runner/dist/index.js:145:11
    at file:///C:/Users/chris/Dev/Projects/TheFantasyWorldSimulator/node_modules/@vitest/runner/dist/index.js:915:26
    at file:///C:/Users/chris/Dev/Projects/TheFantasyWorldSimulator/node_modules/@vitest/runner/dist/index.js:1243:20
    at new Promise (<anonymous>)
    at runWithTimeout (file:///C:/Users/chris/Dev/Projects/TheFantasyWorldSimulator/node_modules/@vitest/runner/dist/index.js:1209:10)
[Orchestrator] Tick crashed, returning previous state: Error: Trait not found: trait.reputation.power.renown
    at assignTrait (C:/Users/chris/Dev/Projects/TheFantasyWorldSimulator/src/engine/traits.ts:44:25)
    at syncReputationTrait (C:/Users/chris/Dev/Projects/TheFantasyWorldSimulator/src/engine/phaseReputationTraits.ts:297:5)
    at phaseReputationTraits (C:/Users/chris/Dev/Projects/TheFantasyWorldSimulator/src/engine/phaseReputationTraits.ts:273:7)
    at runTick (C:/Users/chris/Dev/Projects/TheFantasyWorldSimulator/src/engine/orchestrator.ts:1896:18)
    at C:/Users/chris/Dev/Projects/TheFantasyWorldSimulator/src/engine/__tests__/contracts/encounter-liveness.contract.test.ts:222:17
    at file:///C:/Users/chris/Dev/Projects/TheFantasyWorldSimulator/node_modules/@vitest/runner/dist/index.js:145:11
    at file:///C:/Users/chris/Dev/Projects/TheFantasyWorldSimulator/node_modules/@vitest/runner/dist/index.js:915:26
    at file:///C:/Users/chris/Dev/Projects/TheFantasyWorldSimulator/node_modules/@vitest/runner/dist/index.js:1243:20
    at new Promise (<anonymous>)
    at runWithTimeout (file:///C:/Users/chris/Dev/Projects/TheFantasyWorldSimulator/node_modules/@vitest/runner/dist/index.js:1209:10)
[Orchestrator] Tick crashed, returning previous state: Error: Trait not found: trait.reputation.power.renown
    at assignTrait (C:/Users/chris/Dev/Projects/TheFantasyWorldSimulator/src/engine/traits.ts:44:25)
    at syncReputationTrait (C:/Users/chris/Dev/Projects/TheFantasyWorldSimulator/src/engine/phaseReputationTraits.ts:297:5)
    at phaseReputationTraits (C:/Users/chris/Dev/Projects/TheFantasyWorldSimulator/src/engine/phaseReputationTraits.ts:273:7)
    at runTick (C:/Users/chris/Dev/Projects/TheFantasyWorldSimulator/src/engine/orchestrator.ts:1896:18)
    at C:/Users/chris/Dev/Projects/TheFantasyWorldSimulator/src/engine/__tests__/contracts/encounter-liveness.contract.test.ts:222:17
    at file:///C:/Users/chris/Dev/Projects/TheFantasyWorldSimulator/node_modules/@vitest/runner/dist/index.js:145:11
    at file:///C:/Users/chris/Dev/Projects/TheFantasyWorldSimulator/node_modules/@vitest/runner/dist/index.js:915:26
    at file:///C:/Users/chris/Dev/Projects/TheFantasyWorldSimulator/node_modules/@vitest/runner/dist/index.js:1243:20
    at new Promise (<anonymous>)
    at runWithTimeout (file:///C:/Users/chris/Dev/Projects/TheFantasyWorldSimulator/node_modules/@vitest/runner/dist/index.js:1209:10)
[Orchestrator] Tick crashed, returning previous state: Error: Trait not found: trait.reputation.power.renown
    at assignTrait (C:/Users/chris/Dev/Projects/TheFantasyWorldSimulator/src/engine/traits.ts:44:25)
    at syncReputationTrait (C:/Users/chris/Dev/Projects/TheFantasyWorldSimulator/src/engine/phaseReputationTraits.ts:297:5)
    at phaseReputationTraits (C:/Users/chris/Dev/Projects/TheFantasyWorldSimulator/src/engine/phaseReputationTraits.ts:273:7)
    at runTick (C:/Users/chris/Dev/Projects/TheFantasyWorldSimulator/src/engine/orchestrator.ts:1896:18)
    at C:/Users/chris/Dev/Projects/TheFantasyWorldSimulator/src/engine/__tests__/contracts/encounter-liveness.contract.test.ts:222:17
    at file:///C:/Users/chris/Dev/Projects/TheFantasyWorldSimulator/node_modules/@vitest/runner/dist/index.js:145:11
    at file:///C:/Users/chris/Dev/Projects/TheFantasyWorldSimulator/node_modules/@vitest/runner/dist/index.js:915:26
    at file:///C:/Users/chris/Dev/Projects/TheFantasyWorldSimulator/node_modules/@vitest/runner/dist/index.js:1243:20
    at new Promise (<anonymous>)
    at runWithTimeout (file:///C:/Users/chris/Dev/Projects/TheFantasyWorldSimulator/node_modules/@vitest/runner/dist/index.js:1209:10)
[Orchestrator] Tick crashed, returning previous state: Error: Trait not found: trait.reputation.power.renown
    at assignTrait (C:/Users/chris/Dev/Projects/TheFantasyWorldSimulator/src/engine/traits.ts:44:25)
    at syncReputationTrait (C:/Users/chris/Dev/Projects/TheFantasyWorldSimulator/src/engine/phaseReputationTraits.ts:297:5)
    at phaseReputationTraits (C:/Users/chris/Dev/Projects/TheFantasyWorldSimulator/src/engine/phaseReputationTraits.ts:273:7)
    at runTick (C:/Users/chris/Dev/Projects/TheFantasyWorldSimulator/src/engine/orchestrator.ts:1896:18)
    at C:/Users/chris/Dev/Projects/TheFantasyWorldSimulator/src/engine/__tests__/contracts/encounter-liveness.contract.test.ts:222:17
    at file:///C:/Users/chris/Dev/Projects/TheFantasyWorldSimulator/node_modules/@vitest/runner/dist/index.js:145:11
    at file:///C:/Users/chris/Dev/Projects/TheFantasyWorldSimulator/node_modules/@vitest/runner/dist/index.js:915:26
    at file:///C:/Users/chris/Dev/Projects/TheFantasyWorldSimulator/node_modules/@vitest/runner/dist/index.js:1243:20
    at new Promise (<anonymous>)
    at runWithTimeout (file:///C:/Users/chris/Dev/Projects/TheFantasyWorldSimulator/node_modules/@vitest/runner/dist/index.js:1209:10)
[Orchestrator] Tick crashed, returning previous state: Error: Trait not found: trait.reputation.power.renown
    at assignTrait (C:/Users/chris/Dev/Projects/TheFantasyWorldSimulator/src/engine/traits.ts:44:25)
    at syncReputationTrait (C:/Users/chris/Dev/Projects/TheFantasyWorldSimulator/src/engine/phaseReputationTraits.ts:297:5)
    at phaseReputationTraits (C:/Users/chris/Dev/Projects/TheFantasyWorldSimulator/src/engine/phaseReputationTraits.ts:273:7)
    at runTick (C:/Users/chris/Dev/Projects/TheFantasyWorldSimulator/src/engine/orchestrator.ts:1896:18)
    at C:/Users/chris/Dev/Projects/TheFantasyWorldSimulator/src/engine/__tests__/contracts/encounter-liveness.contract.test.ts:222:17
    at file:///C:/Users/chris/Dev/Projects/TheFantasyWorldSimulator/node_modules/@vitest/runner/dist/index.js:145:11
    at file:///C:/Users/chris/Dev/Projects/TheFantasyWorldSimulator/node_modules/@vitest/runner/dist/index.js:915:26
    at file:///C:/Users/chris/Dev/Projects/TheFantasyWorldSimulator/node_modules/@vitest/runner/dist/index.js:1243:20
    at new Promise (<anonymous>)
    at runWithTimeout (file:///C:/Users/chris/Dev/Projects/TheFantasyWorldSimulator/node_modules/@vitest/runner/dist/index.js:1209:10)
[Orchestrator] Tick crashed, returning previous state: Error: Trait not found: trait.reputation.power.renown
    at assignTrait (C:/Users/chris/Dev/Projects/TheFantasyWorldSimulator/src/engine/traits.ts:44:25)
    at syncReputationTrait (C:/Users/chris/Dev/Projects/TheFantasyWorldSimulator/src/engine/phaseReputationTraits.ts:297:5)
    at phaseReputationTraits (C:/Users/chris/Dev/Projects/TheFantasyWorldSimulator/src/engine/phaseReputationTraits.ts:273:7)
    at runTick (C:/Users/chris/Dev/Projects/TheFantasyWorldSimulator/src/engine/orchestrator.ts:1896:18)
    at C:/Users/chris/Dev/Projects/TheFantasyWorldSimulator/src/engine/__tests__/contracts/encounter-liveness.contract.test.ts:222:17
    at file:///C:/Users/chris/Dev/Projects/TheFantasyWorldSimulator/node_modules/@vitest/runner/dist/index.js:145:11
    at file:///C:/Users/chris/Dev/Projects/TheFantasyWorldSimulator/node_modules/@vitest/runner/dist/index.js:915:26
    at file:///C:/Users/chris/Dev/Projects/TheFantasyWorldSimulator/node_modules/@vitest/runner/dist/index.js:1243:20
    at new Promise (<anonymous>)
    at runWithTimeout (file:///C:/Users/chris/Dev/Projects/TheFantasyWorldSimulator/node_modules/@vitest/runner/dist/index.js:1209:10)
[Orchestrator] Tick crashed, returning previous state: Error: Trait not found: trait.reputation.power.renown
    at assignTrait (C:/Users/chris/Dev/Projects/TheFantasyWorldSimulator/src/engine/traits.ts:44:25)
    at syncReputationTrait (C:/Users/chris/Dev/Projects/TheFantasyWorldSimulator/src/engine/phaseReputationTraits.ts:297:5)
    at phaseReputationTraits (C:/Users/chris/Dev/Projects/TheFantasyWorldSimulator/src/engine/phaseReputationTraits.ts:273:7)
    at runTick (C:/Users/chris/Dev/Projects/TheFantasyWorldSimulator/src/engine/orchestrator.ts:1896:18)
    at C:/Users/chris/Dev/Projects/TheFantasyWorldSimulator/src/engine/__tests__/contracts/encounter-liveness.contract.test.ts:222:17
    at file:///C:/Users/chris/Dev/Projects/TheFantasyWorldSimulator/node_modules/@vitest/runner/dist/index.js:145:11
    at file:///C:/Users/chris/Dev/Projects/TheFantasyWorldSimulator/node_modules/@vitest/runner/dist/index.js:915:26
    at file:///C:/Users/chris/Dev/Projects/TheFantasyWorldSimulator/node_modules/@vitest/runner/dist/index.js:1243:20
    at new Promise (<anonymous>)
    at runWithTimeout (file:///C:/Users/chris/Dev/Projects/TheFantasyWorldSimulator/node_modules/@vitest/runner/dist/index.js:1209:10)
[Orchestrator] Tick crashed, returning previous state: Error: Trait not found: trait.reputation.power.renown
    at assignTrait (C:/Users/chris/Dev/Projects/TheFantasyWorldSimulator/src/engine/traits.ts:44:25)
    at syncReputationTrait (C:/Users/chris/Dev/Projects/TheFantasyWorldSimulator/src/engine/phaseReputationTraits.ts:297:5)
    at phaseReputationTraits (C:/Users/chris/Dev/Projects/TheFantasyWorldSimulator/src/engine/phaseReputationTraits.ts:273:7)
    at runTick (C:/Users/chris/Dev/Projects/TheFantasyWorldSimulator/src/engine/orchestrator.ts:1896:18)
    at C:/Users/chris/Dev/Projects/TheFantasyWorldSimulator/src/engine/__tests__/contracts/encounter-liveness.contract.test.ts:222:17
    at file:///C:/Users/chris/Dev/Projects/TheFantasyWorldSimulator/node_modules/@vitest/runner/dist/index.js:145:11
    at file:///C:/Users/chris/Dev/Projects/TheFantasyWorldSimulator/node_modules/@vitest/runner/dist/index.js:915:26
    at file:///C:/Users/chris/Dev/Projects/TheFantasyWorldSimulator/node_modules/@vitest/runner/dist/index.js:1243:20
    at new Promise (<anonymous>)
    at runWithTimeout (file:///C:/Users/chris/Dev/Projects/TheFantasyWorldSimulator/node_modules/@vitest/runner/dist/index.js:1209:10)
[Orchestrator] Tick crashed, returning previous state: Error: Trait not found: trait.reputation.power.renown
    at assignTrait (C:/Users/chris/Dev/Projects/TheFantasyWorldSimulator/src/engine/traits.ts:44:25)
    at syncReputationTrait (C:/Users/chris/Dev/Projects/TheFantasyWorldSimulator/src/engine/phaseReputationTraits.ts:297:5)
    at phaseReputationTraits (C:/Users/chris/Dev/Projects/TheFantasyWorldSimulator/src/engine/phaseReputationTraits.ts:273:7)
    at runTick (C:/Users/chris/Dev/Projects/TheFantasyWorldSimulator/src/engine/orchestrator.ts:1896:18)
    at C:/Users/chris/Dev/Projects/TheFantasyWorldSimulator/src/engine/__tests__/contracts/encounter-liveness.contract.test.ts:222:17
    at file:///C:/Users/chris/Dev/Projects/TheFantasyWorldSimulator/node_modules/@vitest/runner/dist/index.js:145:11
    at file:///C:/Users/chris/Dev/Projects/TheFantasyWorldSimulator/node_modules/@vitest/runner/dist/index.js:915:26
    at file:///C:/Users/chris/Dev/Projects/TheFantasyWorldSimulator/node_modules/@vitest/runner/dist/index.js:1243:20
    at new Promise (<anonymous>)
    at runWithTimeout (file:///C:/Users/chris/Dev/Projects/TheFantasyWorldSimulator/node_modules/@vitest/runner/dist/index.js:1209:10)
[Orchestrator] Tick crashed, returning previous state: Error: Trait not found: trait.reputation.power.renown
    at assignTrait (C:/Users/chris/Dev/Projects/TheFantasyWorldSimulator/src/engine/traits.ts:44:25)
    at syncReputationTrait (C:/Users/chris/Dev/Projects/TheFantasyWorldSimulator/src/engine/phaseReputationTraits.ts:297:5)
    at phaseReputationTraits (C:/Users/chris/Dev/Projects/TheFantasyWorldSimulator/src/engine/phaseReputationTraits.ts:273:7)
    at runTick (C:/Users/chris/Dev/Projects/TheFantasyWorldSimulator/src/engine/orchestrator.ts:1896:18)
    at C:/Users/chris/Dev/Projects/TheFantasyWorldSimulator/src/engine/__tests__/contracts/encounter-liveness.contract.test.ts:222:17
    at file:///C:/Users/chris/Dev/Projects/TheFantasyWorldSimulator/node_modules/@vitest/runner/dist/index.js:145:11
    at file:///C:/Users/chris/Dev/Projects/TheFantasyWorldSimulator/node_modules/@vitest/runner/dist/index.js:915:26
    at file:///C:/Users/chris/Dev/Projects/TheFantasyWorldSimulator/node_modules/@vitest/runner/dist/index.js:1243:20
    at new Promise (<anonymous>)
    at runWithTimeout (file:///C:/Users/chris/Dev/Projects/TheFantasyWorldSimulator/node_modules/@vitest/runner/dist/index.js:1209:10)
[Orchestrator] Tick crashed, returning previous state: Error: Trait not found: trait.reputation.power.renown
    at assignTrait (C:/Users/chris/Dev/Projects/TheFantasyWorldSimulator/src/engine/traits.ts:44:25)
    at syncReputationTrait (C:/Users/chris/Dev/Projects/TheFantasyWorldSimulator/src/engine/phaseReputationTraits.ts:297:5)
    at phaseReputationTraits (C:/Users/chris/Dev/Projects/TheFantasyWorldSimulator/src/engine/phaseReputationTraits.ts:273:7)
    at runTick (C:/Users/chris/Dev/Projects/TheFantasyWorldSimulator/src/engine/orchestrator.ts:1896:18)
    at C:/Users/chris/Dev/Projects/TheFantasyWorldSimulator/src/engine/__tests__/contracts/encounter-liveness.contract.test.ts:222:17
    at file:///C:/Users/chris/Dev/Projects/TheFantasyWorldSimulator/node_modules/@vitest/runner/dist/index.js:145:11
    at file:///C:/Users/chris/Dev/Projects/TheFantasyWorldSimulator/node_modules/@vitest/runner/dist/index.js:915:26
    at file:///C:/Users/chris/Dev/Projects/TheFantasyWorldSimulator/node_modules/@vitest/runner/dist/index.js:1243:20
    at new Promise (<anonymous>)
    at runWithTimeout (file:///C:/Users/chris/Dev/Projects/TheFantasyWorldSimulator/node_modules/@vitest/runner/dist/index.js:1209:10)
[Orchestrator] Tick crashed, returning previous state: Error: Trait not found: trait.reputation.power.renown
    at assignTrait (C:/Users/chris/Dev/Projects/TheFantasyWorldSimulator/src/engine/traits.ts:44:25)
    at syncReputationTrait (C:/Users/chris/Dev/Projects/TheFantasyWorldSimulator/src/engine/phaseReputationTraits.ts:297:5)
    at phaseReputationTraits (C:/Users/chris/Dev/Projects/TheFantasyWorldSimulator/src/engine/phaseReputationTraits.ts:273:7)
    at runTick (C:/Users/chris/Dev/Projects/TheFantasyWorldSimulator/src/engine/orchestrator.ts:1896:18)
    at C:/Users/chris/Dev/Projects/TheFantasyWorldSimulator/src/engine/__tests__/contracts/encounter-liveness.contract.test.ts:222:17
    at file:///C:/Users/chris/Dev/Projects/TheFantasyWorldSimulator/node_modules/@vitest/runner/dist/index.js:145:11
    at file:///C:/Users/chris/Dev/Projects/TheFantasyWorldSimulator/node_modules/@vitest/runner/dist/index.js:915:26
    at file:///C:/Users/chris/Dev/Projects/TheFantasyWorldSimulator/node_modules/@vitest/runner/dist/index.js:1243:20
    at new Promise (<anonymous>)
    at runWithTimeout (file:///C:/Users/chris/Dev/Projects/TheFantasyWorldSimulator/node_modules/@vitest/runner/dist/index.js:1209:10)
[Orchestrator] Tick crashed, returning previous state: Error: Trait not found: trait.reputation.power.renown
    at assignTrait (C:/Users/chris/Dev/Projects/TheFantasyWorldSimulator/src/engine/traits.ts:44:25)
    at syncReputationTrait (C:/Users/chris/Dev/Projects/TheFantasyWorldSimulator/src/engine/phaseReputationTraits.ts:297:5)
    at phaseReputationTraits (C:/Users/chris/Dev/Projects/TheFantasyWorldSimulator/src/engine/phaseReputationTraits.ts:273:7)
    at runTick (C:/Users/chris/Dev/Projects/TheFantasyWorldSimulator/src/engine/orchestrator.ts:1896:18)
    at C:/Users/chris/Dev/Projects/TheFantasyWorldSimulator/src/engine/__tests__/contracts/encounter-liveness.contract.test.ts:222:17
    at file:///C:/Users/chris/Dev/Projects/TheFantasyWorldSimulator/node_modules/@vitest/runner/dist/index.js:145:11
    at file:///C:/Users/chris/Dev/Projects/TheFantasyWorldSimulator/node_modules/@vitest/runner/dist/index.js:915:26
    at file:///C:/Users/chris/Dev/Projects/TheFantasyWorldSimulator/node_modules/@vitest/runner/dist/index.js:1243:20
    at new Promise (<anonymous>)
    at runWithTimeout (file:///C:/Users/chris/Dev/Projects/TheFantasyWorldSimulator/node_modules/@vitest/runner/dist/index.js:1209:10)
[Orchestrator] Tick crashed, returning previous state: Error: Trait not found: trait.reputation.power.renown
    at assignTrait (C:/Users/chris/Dev/Projects/TheFantasyWorldSimulator/src/engine/traits.ts:44:25)
    at syncReputationTrait (C:/Users/chris/Dev/Projects/TheFantasyWorldSimulator/src/engine/phaseReputationTraits.ts:297:5)
    at phaseReputationTraits (C:/Users/chris/Dev/Projects/TheFantasyWorldSimulator/src/engine/phaseReputationTraits.ts:273:7)
    at runTick (C:/Users/chris/Dev/Projects/TheFantasyWorldSimulator/src/engine/orchestrator.ts:1896:18)
    at C:/Users/chris/Dev/Projects/TheFantasyWorldSimulator/src/engine/__tests__/contracts/encounter-liveness.contract.test.ts:222:17
    at file:///C:/Users/chris/Dev/Projects/TheFantasyWorldSimulator/node_modules/@vitest/runner/dist/index.js:145:11
    at file:///C:/Users/chris/Dev/Projects/TheFantasyWorldSimulator/node_modules/@vitest/runner/dist/index.js:915:26
    at file:///C:/Users/chris/Dev/Projects/TheFantasyWorldSimulator/node_modules/@vitest/runner/dist/index.js:1243:20
    at new Promise (<anonymous>)
    at runWithTimeout (file:///C:/Users/chris/Dev/Projects/TheFantasyWorldSimulator/node_modules/@vitest/runner/dist/index.js:1209:10)
[Orchestrator] Tick crashed, returning previous state: Error: Trait not found: trait.reputation.power.renown
    at assignTrait (C:/Users/chris/Dev/Projects/TheFantasyWorldSimulator/src/engine/traits.ts:44:25)
    at syncReputationTrait (C:/Users/chris/Dev/Projects/TheFantasyWorldSimulator/src/engine/phaseReputationTraits.ts:297:5)
    at phaseReputationTraits (C:/Users/chris/Dev/Projects/TheFantasyWorldSimulator/src/engine/phaseReputationTraits.ts:273:7)
    at runTick (C:/Users/chris/Dev/Projects/TheFantasyWorldSimulator/src/engine/orchestrator.ts:1896:18)
    at C:/Users/chris/Dev/Projects/TheFantasyWorldSimulator/src/engine/__tests__/contracts/encounter-liveness.contract.test.ts:222:17
    at file:///C:/Users/chris/Dev/Projects/TheFantasyWorldSimulator/node_modules/@vitest/runner/dist/index.js:145:11
    at file:///C:/Users/chris/Dev/Projects/TheFantasyWorldSimulator/node_modules/@vitest/runner/dist/index.js:915:26
    at file:///C:/Users/chris/Dev/Projects/TheFantasyWorldSimulator/node_modules/@vitest/runner/dist/index.js:1243:20
    at new Promise (<anonymous>)
    at runWithTimeout (file:///C:/Users/chris/Dev/Projects/TheFantasyWorldSimulator/node_modules/@vitest/runner/dist/index.js:1209:10)
[Orchestrator] Tick crashed, returning previous state: Error: Trait not found: trait.reputation.power.renown
    at assignTrait (C:/Users/chris/Dev/Projects/TheFantasyWorldSimulator/src/engine/traits.ts:44:25)
    at syncReputationTrait (C:/Users/chris/Dev/Projects/TheFantasyWorldSimulator/src/engine/phaseReputationTraits.ts:297:5)
    at phaseReputationTraits (C:/Users/chris/Dev/Projects/TheFantasyWorldSimulator/src/engine/phaseReputationTraits.ts:273:7)
    at runTick (C:/Users/chris/Dev/Projects/TheFantasyWorldSimulator/src/engine/orchestrator.ts:1896:18)
    at C:/Users/chris/Dev/Projects/TheFantasyWorldSimulator/src/engine/__tests__/contracts/encounter-liveness.contract.test.ts:222:17
    at file:///C:/Users/chris/Dev/Projects/TheFantasyWorldSimulator/node_modules/@vitest/runner/dist/index.js:145:11
    at file:///C:/Users/chris/Dev/Projects/TheFantasyWorldSimulator/node_modules/@vitest/runner/dist/index.js:915:26
    at file:///C:/Users/chris/Dev/Projects/TheFantasyWorldSimulator/node_modules/@vitest/runner/dist/index.js:1243:20
    at new Promise (<anonymous>)
    at runWithTimeout (file:///C:/Users/chris/Dev/Projects/TheFantasyWorldSimulator/node_modules/@vitest/runner/dist/index.js:1209:10)
[Orchestrator] Tick crashed, returning previous state: Error: Trait not found: trait.reputation.power.renown
    at assignTrait (C:/Users/chris/Dev/Projects/TheFantasyWorldSimulator/src/engine/traits.ts:44:25)
    at syncReputationTrait (C:/Users/chris/Dev/Projects/TheFantasyWorldSimulator/src/engine/phaseReputationTraits.ts:297:5)
    at phaseReputationTraits (C:/Users/chris/Dev/Projects/TheFantasyWorldSimulator/src/engine/phaseReputationTraits.ts:273:7)
    at runTick (C:/Users/chris/Dev/Projects/TheFantasyWorldSimulator/src/engine/orchestrator.ts:1896:18)
    at C:/Users/chris/Dev/Projects/TheFantasyWorldSimulator/src/engine/__tests__/contracts/encounter-liveness.contract.test.ts:222:17
    at file:///C:/Users/chris/Dev/Projects/TheFantasyWorldSimulator/node_modules/@vitest/runner/dist/index.js:145:11
    at file:///C:/Users/chris/Dev/Projects/TheFantasyWorldSimulator/node_modules/@vitest/runner/dist/index.js:915:26
    at file:///C:/Users/chris/Dev/Projects/TheFantasyWorldSimulator/node_modules/@vitest/runner/dist/index.js:1243:20
    at new Promise (<anonymous>)
    at runWithTimeout (file:///C:/Users/chris/Dev/Projects/TheFantasyWorldSimulator/node_modules/@vitest/runner/dist/index.js:1209:10)
[Orchestrator] Tick crashed, returning previous state: Error: Trait not found: trait.reputation.power.renown
    at assignTrait (C:/Users/chris/Dev/Projects/TheFantasyWorldSimulator/src/engine/traits.ts:44:25)
    at syncReputationTrait (C:/Users/chris/Dev/Projects/TheFantasyWorldSimulator/src/engine/phaseReputationTraits.ts:297:5)
    at phaseReputationTraits (C:/Users/chris/Dev/Projects/TheFantasyWorldSimulator/src/engine/phaseReputationTraits.ts:273:7)
    at runTick (C:/Users/chris/Dev/Projects/TheFantasyWorldSimulator/src/engine/orchestrator.ts:1896:18)
    at C:/Users/chris/Dev/Projects/TheFantasyWorldSimulator/src/engine/__tests__/contracts/encounter-liveness.contract.test.ts:222:17
    at file:///C:/Users/chris/Dev/Projects/TheFantasyWorldSimulator/node_modules/@vitest/runner/dist/index.js:145:11
    at file:///C:/Users/chris/Dev/Projects/TheFantasyWorldSimulator/node_modules/@vitest/runner/dist/index.js:915:26
    at file:///C:/Users/chris/Dev/Projects/TheFantasyWorldSimulator/node_modules/@vitest/runner/dist/index.js:1243:20
    at new Promise (<anonymous>)
    at runWithTimeout (file:///C:/Users/chris/Dev/Projects/TheFantasyWorldSimulator/node_modules/@vitest/runner/dist/index.js:1209:10)
[Orchestrator] Tick crashed, returning previous state: Error: Trait not found: trait.reputation.power.renown
    at assignTrait (C:/Users/chris/Dev/Projects/TheFantasyWorldSimulator/src/engine/traits.ts:44:25)
    at syncReputationTrait (C:/Users/chris/Dev/Projects/TheFantasyWorldSimulator/src/engine/phaseReputationTraits.ts:297:5)
    at phaseReputationTraits (C:/Users/chris/Dev/Projects/TheFantasyWorldSimulator/src/engine/phaseReputationTraits.ts:273:7)
    at runTick (C:/Users/chris/Dev/Projects/TheFantasyWorldSimulator/src/engine/orchestrator.ts:1896:18)
    at C:/Users/chris/Dev/Projects/TheFantasyWorldSimulator/src/engine/__tests__/contracts/encounter-liveness.contract.test.ts:222:17
    at file:///C:/Users/chris/Dev/Projects/TheFantasyWorldSimulator/node_modules/@vitest/runner/dist/index.js:145:11
    at file:///C:/Users/chris/Dev/Projects/TheFantasyWorldSimulator/node_modules/@vitest/runner/dist/index.js:915:26
    at file:///C:/Users/chris/Dev/Projects/TheFantasyWorldSimulator/node_modules/@vitest/runner/dist/index.js:1243:20
    at new Promise (<anonymous>)
    at runWithTimeout (file:///C:/Users/chris/Dev/Projects/TheFantasyWorldSimulator/node_modules/@vitest/runner/dist/index.js:1209:10)
[Orchestrator] Tick crashed, returning previous state: Error: Trait not found: trait.reputation.power.renown
    at assignTrait (C:/Users/chris/Dev/Projects/TheFantasyWorldSimulator/src/engine/traits.ts:44:25)
    at syncReputationTrait (C:/Users/chris/Dev/Projects/TheFantasyWorldSimulator/src/engine/phaseReputationTraits.ts:297:5)
    at phaseReputationTraits (C:/Users/chris/Dev/Projects/TheFantasyWorldSimulator/src/engine/phaseReputationTraits.ts:273:7)
    at runTick (C:/Users/chris/Dev/Projects/TheFantasyWorldSimulator/src/engine/orchestrator.ts:1896:18)
    at C:/Users/chris/Dev/Projects/TheFantasyWorldSimulator/src/engine/__tests__/contracts/encounter-liveness.contract.test.ts:222:17
    at file:///C:/Users/chris/Dev/Projects/TheFantasyWorldSimulator/node_modules/@vitest/runner/dist/index.js:145:11
    at file:///C:/Users/chris/Dev/Projects/TheFantasyWorldSimulator/node_modules/@vitest/runner/dist/index.js:915:26
    at file:///C:/Users/chris/Dev/Projects/TheFantasyWorldSimulator/node_modules/@vitest/runner/dist/index.js:1243:20
    at new Promise (<anonymous>)
    at runWithTimeout (file:///C:/Users/chris/Dev/Projects/TheFantasyWorldSimulator/node_modules/@vitest/runner/dist/index.js:1209:10)
[Orchestrator] Tick crashed, returning previous state: Error: Trait not found: trait.reputation.power.renown
    at assignTrait (C:/Users/chris/Dev/Projects/TheFantasyWorldSimulator/src/engine/traits.ts:44:25)
    at syncReputationTrait (C:/Users/chris/Dev/Projects/TheFantasyWorldSimulator/src/engine/phaseReputationTraits.ts:297:5)
    at phaseReputationTraits (C:/Users/chris/Dev/Projects/TheFantasyWorldSimulator/src/engine/phaseReputationTraits.ts:273:7)
    at runTick (C:/Users/chris/Dev/Projects/TheFantasyWorldSimulator/src/engine/orchestrator.ts:1896:18)
    at C:/Users/chris/Dev/Projects/TheFantasyWorldSimulator/src/engine/__tests__/contracts/encounter-liveness.contract.test.ts:222:17
    at file:///C:/Users/chris/Dev/Projects/TheFantasyWorldSimulator/node_modules/@vitest/runner/dist/index.js:145:11
    at file:///C:/Users/chris/Dev/Projects/TheFantasyWorldSimulator/node_modules/@vitest/runner/dist/index.js:915:26
    at file:///C:/Users/chris/Dev/Projects/TheFantasyWorldSimulator/node_modules/@vitest/runner/dist/index.js:1243:20
    at new Promise (<anonymous>)
    at runWithTimeout (file:///C:/Users/chris/Dev/Projects/TheFantasyWorldSimulator/node_modules/@vitest/runner/dist/index.js:1209:10)
[Orchestrator] Tick crashed, returning previous state: Error: Trait not found: trait.reputation.power.renown
    at assignTrait (C:/Users/chris/Dev/Projects/TheFantasyWorldSimulator/src/engine/traits.ts:44:25)
    at syncReputationTrait (C:/Users/chris/Dev/Projects/TheFantasyWorldSimulator/src/engine/phaseReputationTraits.ts:297:5)
    at phaseReputationTraits (C:/Users/chris/Dev/Projects/TheFantasyWorldSimulator/src/engine/phaseReputationTraits.ts:273:7)
    at runTick (C:/Users/chris/Dev/Projects/TheFantasyWorldSimulator/src/engine/orchestrator.ts:1896:18)
    at C:/Users/chris/Dev/Projects/TheFantasyWorldSimulator/src/engine/__tests__/contracts/encounter-liveness.contract.test.ts:222:17
    at file:///C:/Users/chris/Dev/Projects/TheFantasyWorldSimulator/node_modules/@vitest/runner/dist/index.js:145:11
    at file:///C:/Users/chris/Dev/Projects/TheFantasyWorldSimulator/node_modules/@vitest/runner/dist/index.js:915:26
    at file:///C:/Users/chris/Dev/Projects/TheFantasyWorldSimulator/node_modules/@vitest/runner/dist/index.js:1243:20
    at new Promise (<anonymous>)
    at runWithTimeout (file:///C:/Users/chris/Dev/Projects/TheFantasyWorldSimulator/node_modules/@vitest/runner/dist/index.js:1209:10)
[Orchestrator] Tick crashed, returning previous state: Error: Trait not found: trait.reputation.power.renown
    at assignTrait (C:/Users/chris/Dev/Projects/TheFantasyWorldSimulator/src/engine/traits.ts:44:25)
    at syncReputationTrait (C:/Users/chris/Dev/Projects/TheFantasyWorldSimulator/src/engine/phaseReputationTraits.ts:297:5)
    at phaseReputationTraits (C:/Users/chris/Dev/Projects/TheFantasyWorldSimulator/src/engine/phaseReputationTraits.ts:273:7)
    at runTick (C:/Users/chris/Dev/Projects/TheFantasyWorldSimulator/src/engine/orchestrator.ts:1896:18)
    at C:/Users/chris/Dev/Projects/TheFantasyWorldSimulator/src/engine/__tests__/contracts/encounter-liveness.contract.test.ts:222:17
    at file:///C:/Users/chris/Dev/Projects/TheFantasyWorldSimulator/node_modules/@vitest/runner/dist/index.js:145:11
    at file:///C:/Users/chris/Dev/Projects/TheFantasyWorldSimulator/node_modules/@vitest/runner/dist/index.js:915:26
    at file:///C:/Users/chris/Dev/Projects/TheFantasyWorldSimulator/node_modules/@vitest/runner/dist/index.js:1243:20
    at new Promise (<anonymous>)
    at runWithTimeout (file:///C:/Users/chris/Dev/Projects/TheFantasyWorldSimulator/node_modules/@vitest/runner/dist/index.js:1209:10)
[Orchestrator] Tick crashed, returning previous state: Error: Trait not found: trait.reputation.power.renown
    at assignTrait (C:/Users/chris/Dev/Projects/TheFantasyWorldSimulator/src/engine/traits.ts:44:25)
    at syncReputationTrait (C:/Users/chris/Dev/Projects/TheFantasyWorldSimulator/src/engine/phaseReputationTraits.ts:297:5)
    at phaseReputationTraits (C:/Users/chris/Dev/Projects/TheFantasyWorldSimulator/src/engine/phaseReputationTraits.ts:273:7)
    at runTick (C:/Users/chris/Dev/Projects/TheFantasyWorldSimulator/src/engine/orchestrator.ts:1896:18)
    at C:/Users/chris/Dev/Projects/TheFantasyWorldSimulator/src/engine/__tests__/contracts/encounter-liveness.contract.test.ts:222:17
    at file:///C:/Users/chris/Dev/Projects/TheFantasyWorldSimulator/node_modules/@vitest/runner/dist/index.js:145:11
    at file:///C:/Users/chris/Dev/Projects/TheFantasyWorldSimulator/node_modules/@vitest/runner/dist/index.js:915:26
    at file:///C:/Users/chris/Dev/Projects/TheFantasyWorldSimulator/node_modules/@vitest/runner/dist/index.js:1243:20
    at new Promise (<anonymous>)
    at runWithTimeout (file:///C:/Users/chris/Dev/Projects/TheFantasyWorldSimulator/node_modules/@vitest/runner/dist/index.js:1209:10)
[Orchestrator] Tick crashed, returning previous state: Error: Trait not found: trait.reputation.power.renown
    at assignTrait (C:/Users/chris/Dev/Projects/TheFantasyWorldSimulator/src/engine/traits.ts:44:25)
    at syncReputationTrait (C:/Users/chris/Dev/Projects/TheFantasyWorldSimulator/src/engine/phaseReputationTraits.ts:297:5)
    at phaseReputationTraits (C:/Users/chris/Dev/Projects/TheFantasyWorldSimulator/src/engine/phaseReputationTraits.ts:273:7)
    at runTick (C:/Users/chris/Dev/Projects/TheFantasyWorldSimulator/src/engine/orchestrator.ts:1896:18)
    at C:/Users/chris/Dev/Projects/TheFantasyWorldSimulator/src/engine/__tests__/contracts/encounter-liveness.contract.test.ts:222:17
    at file:///C:/Users/chris/Dev/Projects/TheFantasyWorldSimulator/node_modules/@vitest/runner/dist/index.js:145:11
    at file:///C:/Users/chris/Dev/Projects/TheFantasyWorldSimulator/node_modules/@vitest/runner/dist/index.js:915:26
    at file:///C:/Users/chris/Dev/Projects/TheFantasyWorldSimulator/node_modules/@vitest/runner/dist/index.js:1243:20
    at new Promise (<anonymous>)
    at runWithTimeout (file:///C:/Users/chris/Dev/Projects/TheFantasyWorldSimulator/node_modules/@vitest/runner/dist/index.js:1209:10)
[Orchestrator] Tick crashed, returning previous state: Error: Trait not found: trait.reputation.power.renown
    at assignTrait (C:/Users/chris/Dev/Projects/TheFantasyWorldSimulator/src/engine/traits.ts:44:25)
    at syncReputationTrait (C:/Users/chris/Dev/Projects/TheFantasyWorldSimulator/src/engine/phaseReputationTraits.ts:297:5)
    at phaseReputationTraits (C:/Users/chris/Dev/Projects/TheFantasyWorldSimulator/src/engine/phaseReputationTraits.ts:273:7)
    at runTick (C:/Users/chris/Dev/Projects/TheFantasyWorldSimulator/src/engine/orchestrator.ts:1896:18)
    at C:/Users/chris/Dev/Projects/TheFantasyWorldSimulator/src/engine/__tests__/contracts/encounter-liveness.contract.test.ts:222:17
    at file:///C:/Users/chris/Dev/Projects/TheFantasyWorldSimulator/node_modules/@vitest/runner/dist/index.js:145:11
    at file:///C:/Users/chris/Dev/Projects/TheFantasyWorldSimulator/node_modules/@vitest/runner/dist/index.js:915:26
    at file:///C:/Users/chris/Dev/Projects/TheFantasyWorldSimulator/node_modules/@vitest/runner/dist/index.js:1243:20
    at new Promise (<anonymous>)
    at runWithTimeout (file:///C:/Users/chris/Dev/Projects/TheFantasyWorldSimulator/node_modules/@vitest/runner/dist/index.js:1209:10)
[Orchestrator] Tick crashed, returning previous state: Error: Trait not found: trait.reputation.power.renown
    at assignTrait (C:/Users/chris/Dev/Projects/TheFantasyWorldSimulator/src/engine/traits.ts:44:25)
    at syncReputationTrait (C:/Users/chris/Dev/Projects/TheFantasyWorldSimulator/src/engine/phaseReputationTraits.ts:297:5)
    at phaseReputationTraits (C:/Users/chris/Dev/Projects/TheFantasyWorldSimulator/src/engine/phaseReputationTraits.ts:273:7)
    at runTick (C:/Users/chris/Dev/Projects/TheFantasyWorldSimulator/src/engine/orchestrator.ts:1896:18)
    at C:/Users/chris/Dev/Projects/TheFantasyWorldSimulator/src/engine/__tests__/contracts/encounter-liveness.contract.test.ts:222:17
    at file:///C:/Users/chris/Dev/Projects/TheFantasyWorldSimulator/node_modules/@vitest/runner/dist/index.js:145:11
    at file:///C:/Users/chris/Dev/Projects/TheFantasyWorldSimulator/node_modules/@vitest/runner/dist/index.js:915:26
    at file:///C:/Users/chris/Dev/Projects/TheFantasyWorldSimulator/node_modules/@vitest/runner/dist/index.js:1243:20
    at new Promise (<anonymous>)
    at runWithTimeout (file:///C:/Users/chris/Dev/Projects/TheFantasyWorldSimulator/node_modules/@vitest/runner/dist/index.js:1209:10)
[Orchestrator] Tick crashed, returning previous state: Error: Trait not found: trait.reputation.power.renown
    at assignTrait (C:/Users/chris/Dev/Projects/TheFantasyWorldSimulator/src/engine/traits.ts:44:25)
    at syncReputationTrait (C:/Users/chris/Dev/Projects/TheFantasyWorldSimulator/src/engine/phaseReputationTraits.ts:297:5)
    at phaseReputationTraits (C:/Users/chris/Dev/Projects/TheFantasyWorldSimulator/src/engine/phaseReputationTraits.ts:273:7)
    at runTick (C:/Users/chris/Dev/Projects/TheFantasyWorldSimulator/src/engine/orchestrator.ts:1896:18)
    at C:/Users/chris/Dev/Projects/TheFantasyWorldSimulator/src/engine/__tests__/contracts/encounter-liveness.contract.test.ts:222:17
    at file:///C:/Users/chris/Dev/Projects/TheFantasyWorldSimulator/node_modules/@vitest/runner/dist/index.js:145:11
    at file:///C:/Users/chris/Dev/Projects/TheFantasyWorldSimulator/node_modules/@vitest/runner/dist/index.js:915:26
    at file:///C:/Users/chris/Dev/Projects/TheFantasyWorldSimulator/node_modules/@vitest/runner/dist/index.js:1243:20
    at new Promise (<anonymous>)
    at runWithTimeout (file:///C:/Users/chris/Dev/Projects/TheFantasyWorldSimulator/node_modules/@vitest/runner/dist/index.js:1209:10)
[Orchestrator] Tick crashed, returning previous state: Error: Trait not found: trait.reputation.power.renown
    at assignTrait (C:/Users/chris/Dev/Projects/TheFantasyWorldSimulator/src/engine/traits.ts:44:25)
    at syncReputationTrait (C:/Users/chris/Dev/Projects/TheFantasyWorldSimulator/src/engine/phaseReputationTraits.ts:297:5)
    at phaseReputationTraits (C:/Users/chris/Dev/Projects/TheFantasyWorldSimulator/src/engine/phaseReputationTraits.ts:273:7)
    at runTick (C:/Users/chris/Dev/Projects/TheFantasyWorldSimulator/src/engine/orchestrator.ts:1896:18)
    at C:/Users/chris/Dev/Projects/TheFantasyWorldSimulator/src/engine/__tests__/contracts/encounter-liveness.contract.test.ts:222:17
    at file:///C:/Users/chris/Dev/Projects/TheFantasyWorldSimulator/node_modules/@vitest/runner/dist/index.js:145:11
    at file:///C:/Users/chris/Dev/Projects/TheFantasyWorldSimulator/node_modules/@vitest/runner/dist/index.js:915:26
    at file:///C:/Users/chris/Dev/Projects/TheFantasyWorldSimulator/node_modules/@vitest/runner/dist/index.js:1243:20
    at new Promise (<anonymous>)
    at runWithTimeout (file:///C:/Users/chris/Dev/Projects/TheFantasyWorldSimulator/node_modules/@vitest/runner/dist/index.js:1209:10)
[Orchestrator] Tick crashed, returning previous state: Error: Trait not found: trait.reputation.power.renown
    at assignTrait (C:/Users/chris/Dev/Projects/TheFantasyWorldSimulator/src/engine/traits.ts:44:25)
    at syncReputationTrait (C:/Users/chris/Dev/Projects/TheFantasyWorldSimulator/src/engine/phaseReputationTraits.ts:297:5)
    at phaseReputationTraits (C:/Users/chris/Dev/Projects/TheFantasyWorldSimulator/src/engine/phaseReputationTraits.ts:273:7)
    at runTick (C:/Users/chris/Dev/Projects/TheFantasyWorldSimulator/src/engine/orchestrator.ts:1896:18)
    at C:/Users/chris/Dev/Projects/TheFantasyWorldSimulator/src/engine/__tests__/contracts/encounter-liveness.contract.test.ts:222:17
    at file:///C:/Users/chris/Dev/Projects/TheFantasyWorldSimulator/node_modules/@vitest/runner/dist/index.js:145:11
    at file:///C:/Users/chris/Dev/Projects/TheFantasyWorldSimulator/node_modules/@vitest/runner/dist/index.js:915:26
    at file:///C:/Users/chris/Dev/Projects/TheFantasyWorldSimulator/node_modules/@vitest/runner/dist/index.js:1243:20
    at new Promise (<anonymous>)
    at runWithTimeout (file:///C:/Users/chris/Dev/Projects/TheFantasyWorldSimulator/node_modules/@vitest/runner/dist/index.js:1209:10)
[Orchestrator] Tick crashed, returning previous state: Error: Trait not found: trait.reputation.power.renown
    at assignTrait (C:/Users/chris/Dev/Projects/TheFantasyWorldSimulator/src/engine/traits.ts:44:25)
    at syncReputationTrait (C:/Users/chris/Dev/Projects/TheFantasyWorldSimulator/src/engine/phaseReputationTraits.ts:297:5)
    at phaseReputationTraits (C:/Users/chris/Dev/Projects/TheFantasyWorldSimulator/src/engine/phaseReputationTraits.ts:273:7)
    at runTick (C:/Users/chris/Dev/Projects/TheFantasyWorldSimulator/src/engine/orchestrator.ts:1896:18)
    at C:/Users/chris/Dev/Projects/TheFantasyWorldSimulator/src/engine/__tests__/contracts/encounter-liveness.contract.test.ts:222:17
    at file:///C:/Users/chris/Dev/Projects/TheFantasyWorldSimulator/node_modules/@vitest/runner/dist/index.js:145:11
    at file:///C:/Users/chris/Dev/Projects/TheFantasyWorldSimulator/node_modules/@vitest/runner/dist/index.js:915:26
    at file:///C:/Users/chris/Dev/Projects/TheFantasyWorldSimulator/node_modules/@vitest/runner/dist/index.js:1243:20
    at new Promise (<anonymous>)
    at runWithTimeout (file:///C:/Users/chris/Dev/Projects/TheFantasyWorldSimulator/node_modules/@vitest/runner/dist/index.js:1209:10)
[Orchestrator] Tick crashed, returning previous state: Error: Trait not found: trait.reputation.power.renown
    at assignTrait (C:/Users/chris/Dev/Projects/TheFantasyWorldSimulator/src/engine/traits.ts:44:25)
    at syncReputationTrait (C:/Users/chris/Dev/Projects/TheFantasyWorldSimulator/src/engine/phaseReputationTraits.ts:297:5)
    at phaseReputationTraits (C:/Users/chris/Dev/Projects/TheFantasyWorldSimulator/src/engine/phaseReputationTraits.ts:273:7)
    at runTick (C:/Users/chris/Dev/Projects/TheFantasyWorldSimulator/src/engine/orchestrator.ts:1896:18)
    at C:/Users/chris/Dev/Projects/TheFantasyWorldSimulator/src/engine/__tests__/contracts/encounter-liveness.contract.test.ts:222:17
    at file:///C:/Users/chris/Dev/Projects/TheFantasyWorldSimulator/node_modules/@vitest/runner/dist/index.js:145:11
    at file:///C:/Users/chris/Dev/Projects/TheFantasyWorldSimulator/node_modules/@vitest/runner/dist/index.js:915:26
    at file:///C:/Users/chris/Dev/Projects/TheFantasyWorldSimulator/node_modules/@vitest/runner/dist/index.js:1243:20
    at new Promise (<anonymous>)
    at runWithTimeout (file:///C:/Users/chris/Dev/Projects/TheFantasyWorldSimulator/node_modules/@vitest/runner/dist/index.js:1209:10)
[Orchestrator] Tick crashed, returning previous state: Error: Trait not found: trait.reputation.power.renown
    at assignTrait (C:/Users/chris/Dev/Projects/TheFantasyWorldSimulator/src/engine/traits.ts:44:25)
    at syncReputationTrait (C:/Users/chris/Dev/Projects/TheFantasyWorldSimulator/src/engine/phaseReputationTraits.ts:297:5)
    at phaseReputationTraits (C:/Users/chris/Dev/Projects/TheFantasyWorldSimulator/src/engine/phaseReputationTraits.ts:273:7)
    at runTick (C:/Users/chris/Dev/Projects/TheFantasyWorldSimulator/src/engine/orchestrator.ts:1896:18)
    at C:/Users/chris/Dev/Projects/TheFantasyWorldSimulator/src/engine/__tests__/contracts/encounter-liveness.contract.test.ts:222:17
    at file:///C:/Users/chris/Dev/Projects/TheFantasyWorldSimulator/node_modules/@vitest/runner/dist/index.js:145:11
    at file:///C:/Users/chris/Dev/Projects/TheFantasyWorldSimulator/node_modules/@vitest/runner/dist/index.js:915:26
    at file:///C:/Users/chris/Dev/Projects/TheFantasyWorldSimulator/node_modules/@vitest/runner/dist/index.js:1243:20
    at new Promise (<anonymous>)
    at runWithTimeout (file:///C:/Users/chris/Dev/Projects/TheFantasyWorldSimulator/node_modules/@vitest/runner/dist/index.js:1209:10)
[Orchestrator] Tick crashed, returning previous state: Error: Trait not found: trait.reputation.power.renown
    at assignTrait (C:/Users/chris/Dev/Projects/TheFantasyWorldSimulator/src/engine/traits.ts:44:25)
    at syncReputationTrait (C:/Users/chris/Dev/Projects/TheFantasyWorldSimulator/src/engine/phaseReputationTraits.ts:297:5)
    at phaseReputationTraits (C:/Users/chris/Dev/Projects/TheFantasyWorldSimulator/src/engine/phaseReputationTraits.ts:273:7)
    at runTick (C:/Users/chris/Dev/Projects/TheFantasyWorldSimulator/src/engine/orchestrator.ts:1896:18)
    at C:/Users/chris/Dev/Projects/TheFantasyWorldSimulator/src/engine/__tests__/contracts/encounter-liveness.contract.test.ts:222:17
    at file:///C:/Users/chris/Dev/Projects/TheFantasyWorldSimulator/node_modules/@vitest/runner/dist/index.js:145:11
    at file:///C:/Users/chris/Dev/Projects/TheFantasyWorldSimulator/node_modules/@vitest/runner/dist/index.js:915:26
    at file:///C:/Users/chris/Dev/Projects/TheFantasyWorldSimulator/node_modules/@vitest/runner/dist/index.js:1243:20
    at new Promise (<anonymous>)
    at runWithTimeout (file:///C:/Users/chris/Dev/Projects/TheFantasyWorldSimulator/node_modules/@vitest/runner/dist/index.js:1209:10)
[Orchestrator] Tick crashed, returning previous state: Error: Trait not found: trait.reputation.power.renown
    at assignTrait (C:/Users/chris/Dev/Projects/TheFantasyWorldSimulator/src/engine/traits.ts:44:25)
    at syncReputationTrait (C:/Users/chris/Dev/Projects/TheFantasyWorldSimulator/src/engine/phaseReputationTraits.ts:297:5)
    at phaseReputationTraits (C:/Users/chris/Dev/Projects/TheFantasyWorldSimulator/src/engine/phaseReputationTraits.ts:273:7)
    at runTick (C:/Users/chris/Dev/Projects/TheFantasyWorldSimulator/src/engine/orchestrator.ts:1896:18)
    at C:/Users/chris/Dev/Projects/TheFantasyWorldSimulator/src/engine/__tests__/contracts/encounter-liveness.contract.test.ts:222:17
    at file:///C:/Users/chris/Dev/Projects/TheFantasyWorldSimulator/node_modules/@vitest/runner/dist/index.js:145:11
    at file:///C:/Users/chris/Dev/Projects/TheFantasyWorldSimulator/node_modules/@vitest/runner/dist/index.js:915:26
    at file:///C:/Users/chris/Dev/Projects/TheFantasyWorldSimulator/node_modules/@vitest/runner/dist/index.js:1243:20
    at new Promise (<anonymous>)
    at runWithTimeout (file:///C:/Users/chris/Dev/Projects/TheFantasyWorldSimulator/node_modules/@vitest/runner/dist/index.js:1209:10)
[Orchestrator] Tick crashed, returning previous state: Error: Trait not found: trait.reputation.power.renown
    at assignTrait (C:/Users/chris/Dev/Projects/TheFantasyWorldSimulator/src/engine/traits.ts:44:25)
    at syncReputationTrait (C:/Users/chris/Dev/Projects/TheFantasyWorldSimulator/src/engine/phaseReputationTraits.ts:297:5)
    at phaseReputationTraits (C:/Users/chris/Dev/Projects/TheFantasyWorldSimulator/src/engine/phaseReputationTraits.ts:273:7)
    at runTick (C:/Users/chris/Dev/Projects/TheFantasyWorldSimulator/src/engine/orchestrator.ts:1896:18)
    at C:/Users/chris/Dev/Projects/TheFantasyWorldSimulator/src/engine/__tests__/contracts/encounter-liveness.contract.test.ts:222:17
    at file:///C:/Users/chris/Dev/Projects/TheFantasyWorldSimulator/node_modules/@vitest/runner/dist/index.js:145:11
    at file:///C:/Users/chris/Dev/Projects/TheFantasyWorldSimulator/node_modules/@vitest/runner/dist/index.js:915:26
    at file:///C:/Users/chris/Dev/Projects/TheFantasyWorldSimulator/node_modules/@vitest/runner/dist/index.js:1243:20
    at new Promise (<anonymous>)
    at runWithTimeout (file:///C:/Users/chris/Dev/Projects/TheFantasyWorldSimulator/node_modules/@vitest/runner/dist/index.js:1209:10)

 [31m❯[39m src/engine/__tests__/contracts/encounter-liveness.contract.test.ts [2m([22m[2m3 tests[22m[2m | [22m[31m2 failed[39m[2m)[22m[33m 17050[2mms[22m[39m
[31m     [31m×[31m at least one encounter completes within 50 ticks on a seeded world[39m[33m 3327[2mms[22m[39m
     [33m[2m✓[22m[39m completed encounters produce reward traces (when templates have rewardPool) [33m 4248[2mms[22m[39m
[31m     [31m×[31m pipeline liveness holds across multiple seeds[39m[33m 9474[2mms[22m[39m
[90mstdout[2m | src/engine/__tests__/content-layer1-integration.test.ts[2m > [22m[2mLayer 1 content integration[2m > [22m[2m100-tick simulation runs without errors
[22m[39m[WorldGen] Pass 'province' completed in 5.8ms
[WorldGen] Pass 'elevation' completed in 19.5ms
[WorldGen] Pass 'coastline' completed in 29.1ms
[WorldGen] Pass 'climate' completed in 40.1ms
[WorldGen] Pass 'hydrology' completed in 27.1ms
[WorldGen] Pass 'tempReassess' completed in 0.3ms
[WorldGen] Pass 'biome' completed in 2.4ms
[WorldGen] Culture terrain nudge: 42 hexes modified
[WorldGen] Pass 'cultureTerrainNudge' completed in 0.6ms
[WorldGen] Pass 'smoothing' completed in 6.6ms
[WorldGen] Pass 'validation' completed in 3.3ms

stderr | src/engine/__tests__/content-layer1-integration.test.ts > Layer 1 content integration > 100-tick simulation runs without errors
[WorldGen] Validation errors: [ 'Ocean fraction too low: 7.4%' ]
[GraphSchema] Edge "belongs_to" source should be ["actor","location"], got "region" (edge edge_hist_territory_region_15_hist_culture_0)
[GraphSchema] Edge "belongs_to" source should be ["actor","location"], got "region" (edge edge_hist_territory_region_19_hist_culture_1)
[GraphSchema] Edge "belongs_to" source should be ["actor","location"], got "region" (edge edge_hist_territory_region_3_hist_culture_2)
[GraphSchema] Edge "belongs_to" source should be ["actor","location"], got "region" (edge edge_hist_territory_region_13_hist_culture_0)
[GraphSchema] Edge "belongs_to" source should be ["actor","location"], got "region" (edge edge_hist_territory_region_14_hist_culture_1)
[GraphSchema] Edge "belongs_to" source should be ["actor","location"], got "region" (edge edge_hist_territory_region_12_hist_culture_2)
[GraphSchema] Edge "belongs_to" source should be ["actor","location"], got "region" (edge edge_hist_territory_region_16_hist_culture_0)
[GraphSchema] Edge "belongs_to" source should be ["actor","location"], got "region" (edge edge_hist_territory_region_18_hist_culture_1)
[GraphSchema] Edge "belongs_to" source should be ["actor","location"], got "region" (edge edge_hist_territory_region_17_hist_culture_2)
[GraphSchema] Edge "belongs_to" source should be ["actor","location"], got "region" (edge edge_hist_territory_region_7_hist_culture_0)
[GraphSchema] Edge "belongs_to" source should be ["actor","location"], got "region" (edge edge_hist_territory_region_9_hist_culture_2)
[GraphSchema] Edge "belongs_to" source should be ["actor","location"], got "region" (edge edge_hist_territory_region_11_hist_culture_0)
[GraphSchema] Edge "belongs_to" source should be ["actor","location"], got "region" (edge edge_hist_territory_region_2_hist_culture_2)
[GraphSchema] Edge "belongs_to" source should be ["actor","location"], got "region" (edge edge_hist_territory_region_0_hist_culture_0)
[GraphSchema] Edge "belongs_to" source should be ["actor","location"], got "region" (edge edge_hist_territory_region_6_hist_culture_2)
[GraphSchema] Edge "belongs_to" source should be ["actor","location"], got "region" (edge edge_hist_territory_region_10_hist_culture_0)
[GraphSchema] Edge "belongs_to" source should be ["actor","location"], got "region" (edge edge_hist_territory_region_1_hist_culture_2)
[GraphSchema] Edge "belongs_to" source should be ["actor","location"], got "region" (edge edge_hist_territory_region_5_hist_culture_0)

[90mstdout[2m | src/engine/__tests__/content-layer1-integration.test.ts[2m > [22m[2mLayer 1 content integration[2m > [22m[2msimulation produces narrative variety across 100 ticks
[22m[39m[WorldGen] Pass 'province' completed in 1.4ms
[WorldGen] Pass 'elevation' completed in 2.0ms
[WorldGen] Pass 'coastline' completed in 1.7ms
[WorldGen] Pass 'climate' completed in 2.4ms
[WorldGen] Pass 'hydrology' completed in 1.4ms
[WorldGen] Pass 'tempReassess' completed in 0.0ms
[WorldGen] Pass 'biome' completed in 0.2ms
[WorldGen] Culture terrain nudge: 42 hexes modified
[WorldGen] Pass 'cultureTerrainNudge' completed in 0.1ms
[WorldGen] Pass 'smoothing' completed in 0.8ms
[WorldGen] Pass 'validation' completed in 0.6ms

stderr | src/engine/__tests__/content-layer1-integration.test.ts > Layer 1 content integration > simulation produces narrative variety across 100 ticks
[WorldGen] Validation errors: [ 'Ocean fraction too low: 7.4%' ]
[GraphSchema] Edge "belongs_to" source should be ["actor","location"], got "region" (edge edge_hist_territory_region_15_hist_culture_0)
[GraphSchema] Edge "belongs_to" source should be ["actor","location"], got "region" (edge edge_hist_territory_region_19_hist_culture_1)
[GraphSchema] Edge "belongs_to" source should be ["actor","location"], got "region" (edge edge_hist_territory_region_3_hist_culture_2)
[GraphSchema] Edge "belongs_to" source should be ["actor","location"], got "region" (edge edge_hist_territory_region_13_hist_culture_0)
[GraphSchema] Edge "belongs_to" source should be ["actor","location"], got "region" (edge edge_hist_territory_region_14_hist_culture_1)
[GraphSchema] Edge "belongs_to" source should be ["actor","location"], got "region" (edge edge_hist_territory_region_12_hist_culture_2)
[GraphSchema] Edge "belongs_to" source should be ["actor","location"], got "region" (edge edge_hist_territory_region_16_hist_culture_0)
[GraphSchema] Edge "belongs_to" source should be ["actor","location"], got "region" (edge edge_hist_territory_region_18_hist_culture_1)
[GraphSchema] Edge "belongs_to" source should be ["actor","location"], got "region" (edge edge_hist_territory_region_17_hist_culture_2)
[GraphSchema] Edge "belongs_to" source should be ["actor","location"], got "region" (edge edge_hist_territory_region_7_hist_culture_0)
[GraphSchema] Edge "belongs_to" source should be ["actor","location"], got "region" (edge edge_hist_territory_region_9_hist_culture_2)
[GraphSchema] Edge "belongs_to" source should be ["actor","location"], got "region" (edge edge_hist_territory_region_11_hist_culture_0)
[GraphSchema] Edge "belongs_to" source should be ["actor","location"], got "region" (edge edge_hist_territory_region_2_hist_culture_2)
[GraphSchema] Edge "belongs_to" source should be ["actor","location"], got "region" (edge edge_hist_territory_region_0_hist_culture_0)
[GraphSchema] Edge "belongs_to" source should be ["actor","location"], got "region" (edge edge_hist_territory_region_6_hist_culture_2)
[GraphSchema] Edge "belongs_to" source should be ["actor","location"], got "region" (edge edge_hist_territory_region_10_hist_culture_0)
[GraphSchema] Edge "belongs_to" source should be ["actor","location"], got "region" (edge edge_hist_territory_region_1_hist_culture_2)
[GraphSchema] Edge "belongs_to" source should be ["actor","location"], got "region" (edge edge_hist_territory_region_5_hist_culture_0)
[Orchestrator] Tick crashed, returning previous state: Error: Trait not found: trait.reputation.power.renown
    at assignTrait (C:/Users/chris/Dev/Projects/TheFantasyWorldSimulator/src/engine/traits.ts:44:25)
    at syncReputationTrait (C:/Users/chris/Dev/Projects/TheFantasyWorldSimulator/src/engine/phaseReputationTraits.ts:297:5)
    at phaseReputationTraits (C:/Users/chris/Dev/Projects/TheFantasyWorldSimulator/src/engine/phaseReputationTraits.ts:273:7)
    at runTick (C:/Users/chris/Dev/Projects/TheFantasyWorldSimulator/src/engine/orchestrator.ts:1896:18)
    at C:/Users/chris/Dev/Projects/TheFantasyWorldSimulator/src/engine/__tests__/content-layer1-integration.test.ts:120:17
    at file:///C:/Users/chris/Dev/Projects/TheFantasyWorldSimulator/node_modules/@vitest/runner/dist/index.js:145:11
    at file:///C:/Users/chris/Dev/Projects/TheFantasyWorldSimulator/node_modules/@vitest/runner/dist/index.js:915:26
    at file:///C:/Users/chris/Dev/Projects/TheFantasyWorldSimulator/node_modules/@vitest/runner/dist/index.js:1243:20
    at new Promise (<anonymous>)
    at runWithTimeout (file:///C:/Users/chris/Dev/Projects/TheFantasyWorldSimulator/node_modules/@vitest/runner/dist/index.js:1209:10)
[Orchestrator] Tick crashed, returning previous state: Error: Trait not found: trait.reputation.power.renown
    at assignTrait (C:/Users/chris/Dev/Projects/TheFantasyWorldSimulator/src/engine/traits.ts:44:25)
    at syncReputationTrait (C:/Users/chris/Dev/Projects/TheFantasyWorldSimulator/src/engine/phaseReputationTraits.ts:297:5)
    at phaseReputationTraits (C:/Users/chris/Dev/Projects/TheFantasyWorldSimulator/src/engine/phaseReputationTraits.ts:273:7)
    at runTick (C:/Users/chris/Dev/Projects/TheFantasyWorldSimulator/src/engine/orchestrator.ts:1896:18)
    at C:/Users/chris/Dev/Projects/TheFantasyWorldSimulator/src/engine/__tests__/content-layer1-integration.test.ts:120:17
    at file:///C:/Users/chris/Dev/Projects/TheFantasyWorldSimulator/node_modules/@vitest/runner/dist/index.js:145:11
    at file:///C:/Users/chris/Dev/Projects/TheFantasyWorldSimulator/node_modules/@vitest/runner/dist/index.js:915:26
    at file:///C:/Users/chris/Dev/Projects/TheFantasyWorldSimulator/node_modules/@vitest/runner/dist/index.js:1243:20
    at new Promise (<anonymous>)
    at runWithTimeout (file:///C:/Users/chris/Dev/Projects/TheFantasyWorldSimulator/node_modules/@vitest/runner/dist/index.js:1209:10)
[Orchestrator] Tick crashed, returning previous state: Error: Trait not found: trait.reputation.power.renown
    at assignTrait (C:/Users/chris/Dev/Projects/TheFantasyWorldSimulator/src/engine/traits.ts:44:25)
    at syncReputationTrait (C:/Users/chris/Dev/Projects/TheFantasyWorldSimulator/src/engine/phaseReputationTraits.ts:297:5)
    at phaseReputationTraits (C:/Users/chris/Dev/Projects/TheFantasyWorldSimulator/src/engine/phaseReputationTraits.ts:273:7)
    at runTick (C:/Users/chris/Dev/Projects/TheFantasyWorldSimulator/src/engine/orchestrator.ts:1896:18)
    at C:/Users/chris/Dev/Projects/TheFantasyWorldSimulator/src/engine/__tests__/content-layer1-integration.test.ts:120:17
    at file:///C:/Users/chris/Dev/Projects/TheFantasyWorldSimulator/node_modules/@vitest/runner/dist/index.js:145:11
    at file:///C:/Users/chris/Dev/Projects/TheFantasyWorldSimulator/node_modules/@vitest/runner/dist/index.js:915:26
    at file:///C:/Users/chris/Dev/Projects/TheFantasyWorldSimulator/node_modules/@vitest/runner/dist/index.js:1243:20
    at new Promise (<anonymous>)
    at runWithTimeout (file:///C:/Users/chris/Dev/Projects/TheFantasyWorldSimulator/node_modules/@vitest/runner/dist/index.js:1209:10)
[Orchestrator] Tick crashed, returning previous state: Error: Trait not found: trait.reputation.power.renown
    at assignTrait (C:/Users/chris/Dev/Projects/TheFantasyWorldSimulator/src/engine/traits.ts:44:25)
    at syncReputationTrait (C:/Users/chris/Dev/Projects/TheFantasyWorldSimulator/src/engine/phaseReputationTraits.ts:297:5)
    at phaseReputationTraits (C:/Users/chris/Dev/Projects/TheFantasyWorldSimulator/src/engine/phaseReputationTraits.ts:273:7)
    at runTick (C:/Users/chris/Dev/Projects/TheFantasyWorldSimulator/src/engine/orchestrator.ts:1896:18)
    at C:/Users/chris/Dev/Projects/TheFantasyWorldSimulator/src/engine/__tests__/content-layer1-integration.test.ts:120:17
    at file:///C:/Users/chris/Dev/Projects/TheFantasyWorldSimulator/node_modules/@vitest/runner/dist/index.js:145:11
    at file:///C:/Users/chris/Dev/Projects/TheFantasyWorldSimulator/node_modules/@vitest/runner/dist/index.js:915:26
    at file:///C:/Users/chris/Dev/Projects/TheFantasyWorldSimulator/node_modules/@vitest/runner/dist/index.js:1243:20
    at new Promise (<anonymous>)
    at runWithTimeout (file:///C:/Users/chris/Dev/Projects/TheFantasyWorldSimulator/node_modules/@vitest/runner/dist/index.js:1209:10)
[Orchestrator] Tick crashed, returning previous state: Error: Trait not found: trait.reputation.power.renown
    at assignTrait (C:/Users/chris/Dev/Projects/TheFantasyWorldSimulator/src/engine/traits.ts:44:25)
    at syncReputationTrait (C:/Users/chris/Dev/Projects/TheFantasyWorldSimulator/src/engine/phaseReputationTraits.ts:297:5)
    at phaseReputationTraits (C:/Users/chris/Dev/Projects/TheFantasyWorldSimulator/src/engine/phaseReputationTraits.ts:273:7)
    at runTick (C:/Users/chris/Dev/Projects/TheFantasyWorldSimulator/src/engine/orchestrator.ts:1896:18)
    at C:/Users/chris/Dev/Projects/TheFantasyWorldSimulator/src/engine/__tests__/content-layer1-integration.test.ts:120:17
    at file:///C:/Users/chris/Dev/Projects/TheFantasyWorldSimulator/node_modules/@vitest/runner/dist/index.js:145:11
    at file:///C:/Users/chris/Dev/Projects/TheFantasyWorldSimulator/node_modules/@vitest/runner/dist/index.js:915:26
    at file:///C:/Users/chris/Dev/Projects/TheFantasyWorldSimulator/node_modules/@vitest/runner/dist/index.js:1243:20
    at new Promise (<anonymous>)
    at runWithTimeout (file:///C:/Users/chris/Dev/Projects/TheFantasyWorldSimulator/node_modules/@vitest/runner/dist/index.js:1209:10)
[Orchestrator] Tick crashed, returning previous state: Error: Trait not found: trait.reputation.power.renown
    at assignTrait (C:/Users/chris/Dev/Projects/TheFantasyWorldSimulator/src/engine/traits.ts:44:25)
    at syncReputationTrait (C:/Users/chris/Dev/Projects/TheFantasyWorldSimulator/src/engine/phaseReputationTraits.ts:297:5)
    at phaseReputationTraits (C:/Users/chris/Dev/Projects/TheFantasyWorldSimulator/src/engine/phaseReputationTraits.ts:273:7)
    at runTick (C:/Users/chris/Dev/Projects/TheFantasyWorldSimulator/src/engine/orchestrator.ts:1896:18)
    at C:/Users/chris/Dev/Projects/TheFantasyWorldSimulator/src/engine/__tests__/content-layer1-integration.test.ts:120:17
    at file:///C:/Users/chris/Dev/Projects/TheFantasyWorldSimulator/node_modules/@vitest/runner/dist/index.js:145:11
    at file:///C:/Users/chris/Dev/Projects/TheFantasyWorldSimulator/node_modules/@vitest/runner/dist/index.js:915:26
    at file:///C:/Users/chris/Dev/Projects/TheFantasyWorldSimulator/node_modules/@vitest/runner/dist/index.js:1243:20
    at new Promise (<anonymous>)
    at runWithTimeout (file:///C:/Users/chris/Dev/Projects/TheFantasyWorldSimulator/node_modules/@vitest/runner/dist/index.js:1209:10)
[Orchestrator] Tick crashed, returning previous state: Error: Trait not found: trait.reputation.power.renown
    at assignTrait (C:/Users/chris/Dev/Projects/TheFantasyWorldSimulator/src/engine/traits.ts:44:25)
    at syncReputationTrait (C:/Users/chris/Dev/Projects/TheFantasyWorldSimulator/src/engine/phaseReputationTraits.ts:297:5)
    at phaseReputationTraits (C:/Users/chris/Dev/Projects/TheFantasyWorldSimulator/src/engine/phaseReputationTraits.ts:273:7)
    at runTick (C:/Users/chris/Dev/Projects/TheFantasyWorldSimulator/src/engine/orchestrator.ts:1896:18)
    at C:/Users/chris/Dev/Projects/TheFantasyWorldSimulator/src/engine/__tests__/content-layer1-integration.test.ts:120:17
    at file:///C:/Users/chris/Dev/Projects/TheFantasyWorldSimulator/node_modules/@vitest/runner/dist/index.js:145:11
    at file:///C:/Users/chris/Dev/Projects/TheFantasyWorldSimulator/node_modules/@vitest/runner/dist/index.js:915:26
    at file:///C:/Users/chris/Dev/Projects/TheFantasyWorldSimulator/node_modules/@vitest/runner/dist/index.js:1243:20
    at new Promise (<anonymous>)
    at runWithTimeout (file:///C:/Users/chris/Dev/Projects/TheFantasyWorldSimulator/node_modules/@vitest/runner/dist/index.js:1209:10)
[Orchestrator] Tick crashed, returning previous state: Error: Trait not found: trait.reputation.power.renown
    at assignTrait (C:/Users/chris/Dev/Projects/TheFantasyWorldSimulator/src/engine/traits.ts:44:25)
    at syncReputationTrait (C:/Users/chris/Dev/Projects/TheFantasyWorldSimulator/src/engine/phaseReputationTraits.ts:297:5)
    at phaseReputationTraits (C:/Users/chris/Dev/Projects/TheFantasyWorldSimulator/src/engine/phaseReputationTraits.ts:273:7)
    at runTick (C:/Users/chris/Dev/Projects/TheFantasyWorldSimulator/src/engine/orchestrator.ts:1896:18)
    at C:/Users/chris/Dev/Projects/TheFantasyWorldSimulator/src/engine/__tests__/content-layer1-integration.test.ts:120:17
    at file:///C:/Users/chris/Dev/Projects/TheFantasyWorldSimulator/node_modules/@vitest/runner/dist/index.js:145:11
    at file:///C:/Users/chris/Dev/Projects/TheFantasyWorldSimulator/node_modules/@vitest/runner/dist/index.js:915:26
    at file:///C:/Users/chris/Dev/Projects/TheFantasyWorldSimulator/node_modules/@vitest/runner/dist/index.js:1243:20
    at new Promise (<anonymous>)
    at runWithTimeout (file:///C:/Users/chris/Dev/Projects/TheFantasyWorldSimulator/node_modules/@vitest/runner/dist/index.js:1209:10)
[Orchestrator] Tick crashed, returning previous state: Error: Trait not found: trait.reputation.power.renown
    at assignTrait (C:/Users/chris/Dev/Projects/TheFantasyWorldSimulator/src/engine/traits.ts:44:25)
    at syncReputationTrait (C:/Users/chris/Dev/Projects/TheFantasyWorldSimulator/src/engine/phaseReputationTraits.ts:297:5)
    at phaseReputationTraits (C:/Users/chris/Dev/Projects/TheFantasyWorldSimulator/src/engine/phaseReputationTraits.ts:273:7)
    at runTick (C:/Users/chris/Dev/Projects/TheFantasyWorldSimulator/src/engine/orchestrator.ts:1896:18)
    at C:/Users/chris/Dev/Projects/TheFantasyWorldSimulator/src/engine/__tests__/content-layer1-integration.test.ts:120:17
    at file:///C:/Users/chris/Dev/Projects/TheFantasyWorldSimulator/node_modules/@vitest/runner/dist/index.js:145:11
    at file:///C:/Users/chris/Dev/Projects/TheFantasyWorldSimulator/node_modules/@vitest/runner/dist/index.js:915:26
    at file:///C:/Users/chris/Dev/Projects/TheFantasyWorldSimulator/node_modules/@vitest/runner/dist/index.js:1243:20
    at new Promise (<anonymous>)
    at runWithTimeout (file:///C:/Users/chris/Dev/Projects/TheFantasyWorldSimulator/node_modules/@vitest/runner/dist/index.js:1209:10)
[Orchestrator] Tick crashed, returning previous state: Error: Trait not found: trait.reputation.power.renown
    at assignTrait (C:/Users/chris/Dev/Projects/TheFantasyWorldSimulator/src/engine/traits.ts:44:25)
    at syncReputationTrait (C:/Users/chris/Dev/Projects/TheFantasyWorldSimulator/src/engine/phaseReputationTraits.ts:297:5)
    at phaseReputationTraits (C:/Users/chris/Dev/Projects/TheFantasyWorldSimulator/src/engine/phaseReputationTraits.ts:273:7)
    at runTick (C:/Users/chris/Dev/Projects/TheFantasyWorldSimulator/src/engine/orchestrator.ts:1896:18)
    at C:/Users/chris/Dev/Projects/TheFantasyWorldSimulator/src/engine/__tests__/content-layer1-integration.test.ts:120:17
    at file:///C:/Users/chris/Dev/Projects/TheFantasyWorldSimulator/node_modules/@vitest/runner/dist/index.js:145:11
    at file:///C:/Users/chris/Dev/Projects/TheFantasyWorldSimulator/node_modules/@vitest/runner/dist/index.js:915:26
    at file:///C:/Users/chris/Dev/Projects/TheFantasyWorldSimulator/node_modules/@vitest/runner/dist/index.js:1243:20
    at new Promise (<anonymous>)
    at runWithTimeout (file:///C:/Users/chris/Dev/Projects/TheFantasyWorldSimulator/node_modules/@vitest/runner/dist/index.js:1209:10)
[Orchestrator] Tick crashed, returning previous state: Error: Trait not found: trait.reputation.power.renown
    at assignTrait (C:/Users/chris/Dev/Projects/TheFantasyWorldSimulator/src/engine/traits.ts:44:25)
    at syncReputationTrait (C:/Users/chris/Dev/Projects/TheFantasyWorldSimulator/src/engine/phaseReputationTraits.ts:297:5)
    at phaseReputationTraits (C:/Users/chris/Dev/Projects/TheFantasyWorldSimulator/src/engine/phaseReputationTraits.ts:273:7)
    at runTick (C:/Users/chris/Dev/Projects/TheFantasyWorldSimulator/src/engine/orchestrator.ts:1896:18)
    at C:/Users/chris/Dev/Projects/TheFantasyWorldSimulator/src/engine/__tests__/content-layer1-integration.test.ts:120:17
    at file:///C:/Users/chris/Dev/Projects/TheFantasyWorldSimulator/node_modules/@vitest/runner/dist/index.js:145:11
    at file:///C:/Users/chris/Dev/Projects/TheFantasyWorldSimulator/node_modules/@vitest/runner/dist/index.js:915:26
    at file:///C:/Users/chris/Dev/Projects/TheFantasyWorldSimulator/node_modules/@vitest/runner/dist/index.js:1243:20
    at new Promise (<anonymous>)
    at runWithTimeout (file:///C:/Users/chris/Dev/Projects/TheFantasyWorldSimulator/node_modules/@vitest/runner/dist/index.js:1209:10)
[Orchestrator] Tick crashed, returning previous state: Error: Trait not found: trait.reputation.power.renown
    at assignTrait (C:/Users/chris/Dev/Projects/TheFantasyWorldSimulator/src/engine/traits.ts:44:25)
    at syncReputationTrait (C:/Users/chris/Dev/Projects/TheFantasyWorldSimulator/src/engine/phaseReputationTraits.ts:297:5)
    at phaseReputationTraits (C:/Users/chris/Dev/Projects/TheFantasyWorldSimulator/src/engine/phaseReputationTraits.ts:273:7)
    at runTick (C:/Users/chris/Dev/Projects/TheFantasyWorldSimulator/src/engine/orchestrator.ts:1896:18)
    at C:/Users/chris/Dev/Projects/TheFantasyWorldSimulator/src/engine/__tests__/content-layer1-integration.test.ts:120:17
    at file:///C:/Users/chris/Dev/Projects/TheFantasyWorldSimulator/node_modules/@vitest/runner/dist/index.js:145:11
    at file:///C:/Users/chris/Dev/Projects/TheFantasyWorldSimulator/node_modules/@vitest/runner/dist/index.js:915:26
    at file:///C:/Users/chris/Dev/Projects/TheFantasyWorldSimulator/node_modules/@vitest/runner/dist/index.js:1243:20
    at new Promise (<anonymous>)
    at runWithTimeout (file:///C:/Users/chris/Dev/Projects/TheFantasyWorldSimulator/node_modules/@vitest/runner/dist/index.js:1209:10)
[Orchestrator] Tick crashed, returning previous state: Error: Trait not found: trait.reputation.power.renown
    at assignTrait (C:/Users/chris/Dev/Projects/TheFantasyWorldSimulator/src/engine/traits.ts:44:25)
    at syncReputationTrait (C:/Users/chris/Dev/Projects/TheFantasyWorldSimulator/src/engine/phaseReputationTraits.ts:297:5)
    at phaseReputationTraits (C:/Users/chris/Dev/Projects/TheFantasyWorldSimulator/src/engine/phaseReputationTraits.ts:273:7)
    at runTick (C:/Users/chris/Dev/Projects/TheFantasyWorldSimulator/src/engine/orchestrator.ts:1896:18)
    at C:/Users/chris/Dev/Projects/TheFantasyWorldSimulator/src/engine/__tests__/content-layer1-integration.test.ts:120:17
    at file:///C:/Users/chris/Dev/Projects/TheFantasyWorldSimulator/node_modules/@vitest/runner/dist/index.js:145:11
    at file:///C:/Users/chris/Dev/Projects/TheFantasyWorldSimulator/node_modules/@vitest/runner/dist/index.js:915:26
    at file:///C:/Users/chris/Dev/Projects/TheFantasyWorldSimulator/node_modules/@vitest/runner/dist/index.js:1243:20
    at new Promise (<anonymous>)
    at runWithTimeout (file:///C:/Users/chris/Dev/Projects/TheFantasyWorldSimulator/node_modules/@vitest/runner/dist/index.js:1209:10)
[Orchestrator] Tick crashed, returning previous state: Error: Trait not found: trait.reputation.power.renown
    at assignTrait (C:/Users/chris/Dev/Projects/TheFantasyWorldSimulator/src/engine/traits.ts:44:25)
    at syncReputationTrait (C:/Users/chris/Dev/Projects/TheFantasyWorldSimulator/src/engine/phaseReputationTraits.ts:297:5)
    at phaseReputationTraits (C:/Users/chris/Dev/Projects/TheFantasyWorldSimulator/src/engine/phaseReputationTraits.ts:273:7)
    at runTick (C:/Users/chris/Dev/Projects/TheFantasyWorldSimulator/src/engine/orchestrator.ts:1896:18)
    at C:/Users/chris/Dev/Projects/TheFantasyWorldSimulator/src/engine/__tests__/content-layer1-integration.test.ts:120:17
    at file:///C:/Users/chris/Dev/Projects/TheFantasyWorldSimulator/node_modules/@vitest/runner/dist/index.js:145:11
    at file:///C:/Users/chris/Dev/Projects/TheFantasyWorldSimulator/node_modules/@vitest/runner/dist/index.js:915:26
    at file:///C:/Users/chris/Dev/Projects/TheFantasyWorldSimulator/node_modules/@vitest/runner/dist/index.js:1243:20
    at new Promise (<anonymous>)
    at runWithTimeout (file:///C:/Users/chris/Dev/Projects/TheFantasyWorldSimulator/node_modules/@vitest/runner/dist/index.js:1209:10)
[Orchestrator] Tick crashed, returning previous state: Error: Trait not found: trait.reputation.power.renown
    at assignTrait (C:/Users/chris/Dev/Projects/TheFantasyWorldSimulator/src/engine/traits.ts:44:25)
    at syncReputationTrait (C:/Users/chris/Dev/Projects/TheFantasyWorldSimulator/src/engine/phaseReputationTraits.ts:297:5)
    at phaseReputationTraits (C:/Users/chris/Dev/Projects/TheFantasyWorldSimulator/src/engine/phaseReputationTraits.ts:273:7)
    at runTick (C:/Users/chris/Dev/Projects/TheFantasyWorldSimulator/src/engine/orchestrator.ts:1896:18)
    at C:/Users/chris/Dev/Projects/TheFantasyWorldSimulator/src/engine/__tests__/content-layer1-integration.test.ts:120:17
    at file:///C:/Users/chris/Dev/Projects/TheFantasyWorldSimulator/node_modules/@vitest/runner/dist/index.js:145:11
    at file:///C:/Users/chris/Dev/Projects/TheFantasyWorldSimulator/node_modules/@vitest/runner/dist/index.js:915:26
    at file:///C:/Users/chris/Dev/Projects/TheFantasyWorldSimulator/node_modules/@vitest/runner/dist/index.js:1243:20
    at new Promise (<anonymous>)
    at runWithTimeout (file:///C:/Users/chris/Dev/Projects/TheFantasyWorldSimulator/node_modules/@vitest/runner/dist/index.js:1209:10)
[Orchestrator] Tick crashed, returning previous state: Error: Trait not found: trait.reputation.power.renown
    at assignTrait (C:/Users/chris/Dev/Projects/TheFantasyWorldSimulator/src/engine/traits.ts:44:25)
    at syncReputationTrait (C:/Users/chris/Dev/Projects/TheFantasyWorldSimulator/src/engine/phaseReputationTraits.ts:297:5)
    at phaseReputationTraits (C:/Users/chris/Dev/Projects/TheFantasyWorldSimulator/src/engine/phaseReputationTraits.ts:273:7)
    at runTick (C:/Users/chris/Dev/Projects/TheFantasyWorldSimulator/src/engine/orchestrator.ts:1896:18)
    at C:/Users/chris/Dev/Projects/TheFantasyWorldSimulator/src/engine/__tests__/content-layer1-integration.test.ts:120:17
    at file:///C:/Users/chris/Dev/Projects/TheFantasyWorldSimulator/node_modules/@vitest/runner/dist/index.js:145:11
    at file:///C:/Users/chris/Dev/Projects/TheFantasyWorldSimulator/node_modules/@vitest/runner/dist/index.js:915:26
    at file:///C:/Users/chris/Dev/Projects/TheFantasyWorldSimulator/node_modules/@vitest/runner/dist/index.js:1243:20
    at new Promise (<anonymous>)
    at runWithTimeout (file:///C:/Users/chris/Dev/Projects/TheFantasyWorldSimulator/node_modules/@vitest/runner/dist/index.js:1209:10)
[Orchestrator] Tick crashed, returning previous state: Error: Trait not found: trait.reputation.power.renown
    at assignTrait (C:/Users/chris/Dev/Projects/TheFantasyWorldSimulator/src/engine/traits.ts:44:25)
    at syncReputationTrait (C:/Users/chris/Dev/Projects/TheFantasyWorldSimulator/src/engine/phaseReputationTraits.ts:297:5)
    at phaseReputationTraits (C:/Users/chris/Dev/Projects/TheFantasyWorldSimulator/src/engine/phaseReputationTraits.ts:273:7)
    at runTick (C:/Users/chris/Dev/Projects/TheFantasyWorldSimulator/src/engine/orchestrator.ts:1896:18)
    at C:/Users/chris/Dev/Projects/TheFantasyWorldSimulator/src/engine/__tests__/content-layer1-integration.test.ts:120:17
    at file:///C:/Users/chris/Dev/Projects/TheFantasyWorldSimulator/node_modules/@vitest/runner/dist/index.js:145:11
    at file:///C:/Users/chris/Dev/Projects/TheFantasyWorldSimulator/node_modules/@vitest/runner/dist/index.js:915:26
    at file:///C:/Users/chris/Dev/Projects/TheFantasyWorldSimulator/node_modules/@vitest/runner/dist/index.js:1243:20
    at new Promise (<anonymous>)
    at runWithTimeout (file:///C:/Users/chris/Dev/Projects/TheFantasyWorldSimulator/node_modules/@vitest/runner/dist/index.js:1209:10)
[Orchestrator] Tick crashed, returning previous state: Error: Trait not found: trait.reputation.power.renown
    at assignTrait (C:/Users/chris/Dev/Projects/TheFantasyWorldSimulator/src/engine/traits.ts:44:25)
    at syncReputationTrait (C:/Users/chris/Dev/Projects/TheFantasyWorldSimulator/src/engine/phaseReputationTraits.ts:297:5)
    at phaseReputationTraits (C:/Users/chris/Dev/Projects/TheFantasyWorldSimulator/src/engine/phaseReputationTraits.ts:273:7)
    at runTick (C:/Users/chris/Dev/Projects/TheFantasyWorldSimulator/src/engine/orchestrator.ts:1896:18)
    at C:/Users/chris/Dev/Projects/TheFantasyWorldSimulator/src/engine/__tests__/content-layer1-integration.test.ts:120:17
    at file:///C:/Users/chris/Dev/Projects/TheFantasyWorldSimulator/node_modules/@vitest/runner/dist/index.js:145:11
    at file:///C:/Users/chris/Dev/Projects/TheFantasyWorldSimulator/node_modules/@vitest/runner/dist/index.js:915:26
    at file:///C:/Users/chris/Dev/Projects/TheFantasyWorldSimulator/node_modules/@vitest/runner/dist/index.js:1243:20
    at new Promise (<anonymous>)
    at runWithTimeout (file:///C:/Users/chris/Dev/Projects/TheFantasyWorldSimulator/node_modules/@vitest/runner/dist/index.js:1209:10)
[Orchestrator] Tick crashed, returning previous state: Error: Trait not found: trait.reputation.power.renown
    at assignTrait (C:/Users/chris/Dev/Projects/TheFantasyWorldSimulator/src/engine/traits.ts:44:25)
    at syncReputationTrait (C:/Users/chris/Dev/Projects/TheFantasyWorldSimulator/src/engine/phaseReputationTraits.ts:297:5)
    at phaseReputationTraits (C:/Users/chris/Dev/Projects/TheFantasyWorldSimulator/src/engine/phaseReputationTraits.ts:273:7)
    at runTick (C:/Users/chris/Dev/Projects/TheFantasyWorldSimulator/src/engine/orchestrator.ts:1896:18)
    at C:/Users/chris/Dev/Projects/TheFantasyWorldSimulator/src/engine/__tests__/content-layer1-integration.test.ts:120:17
    at file:///C:/Users/chris/Dev/Projects/TheFantasyWorldSimulator/node_modules/@vitest/runner/dist/index.js:145:11
    at file:///C:/Users/chris/Dev/Projects/TheFantasyWorldSimulator/node_modules/@vitest/runner/dist/index.js:915:26
    at file:///C:/Users/chris/Dev/Projects/TheFantasyWorldSimulator/node_modules/@vitest/runner/dist/index.js:1243:20
    at new Promise (<anonymous>)
    at runWithTimeout (file:///C:/Users/chris/Dev/Projects/TheFantasyWorldSimulator/node_modules/@vitest/runner/dist/index.js:1209:10)
[Orchestrator] Tick crashed, returning previous state: Error: Trait not found: trait.reputation.power.renown
    at assignTrait (C:/Users/chris/Dev/Projects/TheFantasyWorldSimulator/src/engine/traits.ts:44:25)
    at syncReputationTrait (C:/Users/chris/Dev/Projects/TheFantasyWorldSimulator/src/engine/phaseReputationTraits.ts:297:5)
    at phaseReputationTraits (C:/Users/chris/Dev/Projects/TheFantasyWorldSimulator/src/engine/phaseReputationTraits.ts:273:7)
    at runTick (C:/Users/chris/Dev/Projects/TheFantasyWorldSimulator/src/engine/orchestrator.ts:1896:18)
    at C:/Users/chris/Dev/Projects/TheFantasyWorldSimulator/src/engine/__tests__/content-layer1-integration.test.ts:120:17
    at file:///C:/Users/chris/Dev/Projects/TheFantasyWorldSimulator/node_modules/@vitest/runner/dist/index.js:145:11
    at file:///C:/Users/chris/Dev/Projects/TheFantasyWorldSimulator/node_modules/@vitest/runner/dist/index.js:915:26
    at file:///C:/Users/chris/Dev/Projects/TheFantasyWorldSimulator/node_modules/@vitest/runner/dist/index.js:1243:20
    at new Promise (<anonymous>)
    at runWithTimeout (file:///C:/Users/chris/Dev/Projects/TheFantasyWorldSimulator/node_modules/@vitest/runner/dist/index.js:1209:10)
[Orchestrator] Tick crashed, returning previous state: Error: Trait not found: trait.reputation.power.renown
    at assignTrait (C:/Users/chris/Dev/Projects/TheFantasyWorldSimulator/src/engine/traits.ts:44:25)
    at syncReputationTrait (C:/Users/chris/Dev/Projects/TheFantasyWorldSimulator/src/engine/phaseReputationTraits.ts:297:5)
    at phaseReputationTraits (C:/Users/chris/Dev/Projects/TheFantasyWorldSimulator/src/engine/phaseReputationTraits.ts:273:7)
    at runTick (C:/Users/chris/Dev/Projects/TheFantasyWorldSimulator/src/engine/orchestrator.ts:1896:18)
    at C:/Users/chris/Dev/Projects/TheFantasyWorldSimulator/src/engine/__tests__/content-layer1-integration.test.ts:120:17
    at file:///C:/Users/chris/Dev/Projects/TheFantasyWorldSimulator/node_modules/@vitest/runner/dist/index.js:145:11
    at file:///C:/Users/chris/Dev/Projects/TheFantasyWorldSimulator/node_modules/@vitest/runner/dist/index.js:915:26
    at file:///C:/Users/chris/Dev/Projects/TheFantasyWorldSimulator/node_modules/@vitest/runner/dist/index.js:1243:20
    at new Promise (<anonymous>)
    at runWithTimeout (file:///C:/Users/chris/Dev/Projects/TheFantasyWorldSimulator/node_modules/@vitest/runner/dist/index.js:1209:10)
[Orchestrator] Tick crashed, returning previous state: Error: Trait not found: trait.reputation.power.renown
    at assignTrait (C:/Users/chris/Dev/Projects/TheFantasyWorldSimulator/src/engine/traits.ts:44:25)
    at syncReputationTrait (C:/Users/chris/Dev/Projects/TheFantasyWorldSimulator/src/engine/phaseReputationTraits.ts:297:5)
    at phaseReputationTraits (C:/Users/chris/Dev/Projects/TheFantasyWorldSimulator/src/engine/phaseReputationTraits.ts:273:7)
    at runTick (C:/Users/chris/Dev/Projects/TheFantasyWorldSimulator/src/engine/orchestrator.ts:1896:18)
    at C:/Users/chris/Dev/Projects/TheFantasyWorldSimulator/src/engine/__tests__/content-layer1-integration.test.ts:120:17
    at file:///C:/Users/chris/Dev/Projects/TheFantasyWorldSimulator/node_modules/@vitest/runner/dist/index.js:145:11
    at file:///C:/Users/chris/Dev/Projects/TheFantasyWorldSimulator/node_modules/@vitest/runner/dist/index.js:915:26
    at file:///C:/Users/chris/Dev/Projects/TheFantasyWorldSimulator/node_modules/@vitest/runner/dist/index.js:1243:20
    at new Promise (<anonymous>)
    at runWithTimeout (file:///C:/Users/chris/Dev/Projects/TheFantasyWorldSimulator/node_modules/@vitest/runner/dist/index.js:1209:10)
[Orchestrator] Tick crashed, returning previous state: Error: Trait not found: trait.reputation.power.renown
    at assignTrait (C:/Users/chris/Dev/Projects/TheFantasyWorldSimulator/src/engine/traits.ts:44:25)
    at syncReputationTrait (C:/Users/chris/Dev/Projects/TheFantasyWorldSimulator/src/engine/phaseReputationTraits.ts:297:5)
    at phaseReputationTraits (C:/Users/chris/Dev/Projects/TheFantasyWorldSimulator/src/engine/phaseReputationTraits.ts:273:7)
    at runTick (C:/Users/chris/Dev/Projects/TheFantasyWorldSimulator/src/engine/orchestrator.ts:1896:18)
    at C:/Users/chris/Dev/Projects/TheFantasyWorldSimulator/src/engine/__tests__/content-layer1-integration.test.ts:120:17
    at file:///C:/Users/chris/Dev/Projects/TheFantasyWorldSimulator/node_modules/@vitest/runner/dist/index.js:145:11
    at file:///C:/Users/chris/Dev/Projects/TheFantasyWorldSimulator/node_modules/@vitest/runner/dist/index.js:915:26
    at file:///C:/Users/chris/Dev/Projects/TheFantasyWorldSimulator/node_modules/@vitest/runner/dist/index.js:1243:20
    at new Promise (<anonymous>)
    at runWithTimeout (file:///C:/Users/chris/Dev/Projects/TheFantasyWorldSimulator/node_modules/@vitest/runner/dist/index.js:1209:10)
[Orchestrator] Tick crashed, returning previous state: Error: Trait not found: trait.reputation.power.renown
    at assignTrait (C:/Users/chris/Dev/Projects/TheFantasyWorldSimulator/src/engine/traits.ts:44:25)
    at syncReputationTrait (C:/Users/chris/Dev/Projects/TheFantasyWorldSimulator/src/engine/phaseReputationTraits.ts:297:5)
    at phaseReputationTraits (C:/Users/chris/Dev/Projects/TheFantasyWorldSimulator/src/engine/phaseReputationTraits.ts:273:7)
    at runTick (C:/Users/chris/Dev/Projects/TheFantasyWorldSimulator/src/engine/orchestrator.ts:1896:18)
    at C:/Users/chris/Dev/Projects/TheFantasyWorldSimulator/src/engine/__tests__/content-layer1-integration.test.ts:120:17
    at file:///C:/Users/chris/Dev/Projects/TheFantasyWorldSimulator/node_modules/@vitest/runner/dist/index.js:145:11
    at file:///C:/Users/chris/Dev/Projects/TheFantasyWorldSimulator/node_modules/@vitest/runner/dist/index.js:915:26
    at file:///C:/Users/chris/Dev/Projects/TheFantasyWorldSimulator/node_modules/@vitest/runner/dist/index.js:1243:20
    at new Promise (<anonymous>)
    at runWithTimeout (file:///C:/Users/chris/Dev/Projects/TheFantasyWorldSimulator/node_modules/@vitest/runner/dist/index.js:1209:10)
[Orchestrator] Tick crashed, returning previous state: Error: Trait not found: trait.reputation.power.renown
    at assignTrait (C:/Users/chris/Dev/Projects/TheFantasyWorldSimulator/src/engine/traits.ts:44:25)
    at syncReputationTrait (C:/Users/chris/Dev/Projects/TheFantasyWorldSimulator/src/engine/phaseReputationTraits.ts:297:5)
    at phaseReputationTraits (C:/Users/chris/Dev/Projects/TheFantasyWorldSimulator/src/engine/phaseReputationTraits.ts:273:7)
    at runTick (C:/Users/chris/Dev/Projects/TheFantasyWorldSimulator/src/engine/orchestrator.ts:1896:18)
    at C:/Users/chris/Dev/Projects/TheFantasyWorldSimulator/src/engine/__tests__/content-layer1-integration.test.ts:120:17
    at file:///C:/Users/chris/Dev/Projects/TheFantasyWorldSimulator/node_modules/@vitest/runner/dist/index.js:145:11
    at file:///C:/Users/chris/Dev/Projects/TheFantasyWorldSimulator/node_modules/@vitest/runner/dist/index.js:915:26
    at file:///C:/Users/chris/Dev/Projects/TheFantasyWorldSimulator/node_modules/@vitest/runner/dist/index.js:1243:20
    at new Promise (<anonymous>)
    at runWithTimeout (file:///C:/Users/chris/Dev/Projects/TheFantasyWorldSimulator/node_modules/@vitest/runner/dist/index.js:1209:10)
[Orchestrator] Tick crashed, returning previous state: Error: Trait not found: trait.reputation.power.renown
    at assignTrait (C:/Users/chris/Dev/Projects/TheFantasyWorldSimulator/src/engine/traits.ts:44:25)
    at syncReputationTrait (C:/Users/chris/Dev/Projects/TheFantasyWorldSimulator/src/engine/phaseReputationTraits.ts:297:5)
    at phaseReputationTraits (C:/Users/chris/Dev/Projects/TheFantasyWorldSimulator/src/engine/phaseReputationTraits.ts:273:7)
    at runTick (C:/Users/chris/Dev/Projects/TheFantasyWorldSimulator/src/engine/orchestrator.ts:1896:18)
    at C:/Users/chris/Dev/Projects/TheFantasyWorldSimulator/src/engine/__tests__/content-layer1-integration.test.ts:120:17
    at file:///C:/Users/chris/Dev/Projects/TheFantasyWorldSimulator/node_modules/@vitest/runner/dist/index.js:145:11
    at file:///C:/Users/chris/Dev/Projects/TheFantasyWorldSimulator/node_modules/@vitest/runner/dist/index.js:915:26
    at file:///C:/Users/chris/Dev/Projects/TheFantasyWorldSimulator/node_modules/@vitest/runner/dist/index.js:1243:20
    at new Promise (<anonymous>)
    at runWithTimeout (file:///C:/Users/chris/Dev/Projects/TheFantasyWorldSimulator/node_modules/@vitest/runner/dist/index.js:1209:10)
[Orchestrator] Tick crashed, returning previous state: Error: Trait not found: trait.reputation.power.renown
    at assignTrait (C:/Users/chris/Dev/Projects/TheFantasyWorldSimulator/src/engine/traits.ts:44:25)
    at syncReputationTrait (C:/Users/chris/Dev/Projects/TheFantasyWorldSimulator/src/engine/phaseReputationTraits.ts:297:5)
    at phaseReputationTraits (C:/Users/chris/Dev/Projects/TheFantasyWorldSimulator/src/engine/phaseReputationTraits.ts:273:7)
    at runTick (C:/Users/chris/Dev/Projects/TheFantasyWorldSimulator/src/engine/orchestrator.ts:1896:18)
    at C:/Users/chris/Dev/Projects/TheFantasyWorldSimulator/src/engine/__tests__/content-layer1-integration.test.ts:120:17
    at file:///C:/Users/chris/Dev/Projects/TheFantasyWorldSimulator/node_modules/@vitest/runner/dist/index.js:145:11
    at file:///C:/Users/chris/Dev/Projects/TheFantasyWorldSimulator/node_modules/@vitest/runner/dist/index.js:915:26
    at file:///C:/Users/chris/Dev/Projects/TheFantasyWorldSimulator/node_modules/@vitest/runner/dist/index.js:1243:20
    at new Promise (<anonymous>)
    at runWithTimeout (file:///C:/Users/chris/Dev/Projects/TheFantasyWorldSimulator/node_modules/@vitest/runner/dist/index.js:1209:10)
[Orchestrator] Tick crashed, returning previous state: Error: Trait not found: trait.reputation.power.renown
    at assignTrait (C:/Users/chris/Dev/Projects/TheFantasyWorldSimulator/src/engine/traits.ts:44:25)
    at syncReputationTrait (C:/Users/chris/Dev/Projects/TheFantasyWorldSimulator/src/engine/phaseReputationTraits.ts:297:5)
    at phaseReputationTraits (C:/Users/chris/Dev/Projects/TheFantasyWorldSimulator/src/engine/phaseReputationTraits.ts:273:7)
    at runTick (C:/Users/chris/Dev/Projects/TheFantasyWorldSimulator/src/engine/orchestrator.ts:1896:18)
    at C:/Users/chris/Dev/Projects/TheFantasyWorldSimulator/src/engine/__tests__/content-layer1-integration.test.ts:120:17
    at file:///C:/Users/chris/Dev/Projects/TheFantasyWorldSimulator/node_modules/@vitest/runner/dist/index.js:145:11
    at file:///C:/Users/chris/Dev/Projects/TheFantasyWorldSimulator/node_modules/@vitest/runner/dist/index.js:915:26
    at file:///C:/Users/chris/Dev/Projects/TheFantasyWorldSimulator/node_modules/@vitest/runner/dist/index.js:1243:20
    at new Promise (<anonymous>)
    at runWithTimeout (file:///C:/Users/chris/Dev/Projects/TheFantasyWorldSimulator/node_modules/@vitest/runner/dist/index.js:1209:10)
[Orchestrator] Tick crashed, returning previous state: Error: Trait not found: trait.reputation.power.renown
    at assignTrait (C:/Users/chris/Dev/Projects/TheFantasyWorldSimulator/src/engine/traits.ts:44:25)
    at syncReputationTrait (C:/Users/chris/Dev/Projects/TheFantasyWorldSimulator/src/engine/phaseReputationTraits.ts:297:5)
    at phaseReputationTraits (C:/Users/chris/Dev/Projects/TheFantasyWorldSimulator/src/engine/phaseReputationTraits.ts:273:7)
    at runTick (C:/Users/chris/Dev/Projects/TheFantasyWorldSimulator/src/engine/orchestrator.ts:1896:18)
    at C:/Users/chris/Dev/Projects/TheFantasyWorldSimulator/src/engine/__tests__/content-layer1-integration.test.ts:120:17
    at file:///C:/Users/chris/Dev/Projects/TheFantasyWorldSimulator/node_modules/@vitest/runner/dist/index.js:145:11
    at file:///C:/Users/chris/Dev/Projects/TheFantasyWorldSimulator/node_modules/@vitest/runner/dist/index.js:915:26
    at file:///C:/Users/chris/Dev/Projects/TheFantasyWorldSimulator/node_modules/@vitest/runner/dist/index.js:1243:20
    at new Promise (<anonymous>)
    at runWithTimeout (file:///C:/Users/chris/Dev/Projects/TheFantasyWorldSimulator/node_modules/@vitest/runner/dist/index.js:1209:10)
[Orchestrator] Tick crashed, returning previous state: Error: Trait not found: trait.reputation.power.renown
    at assignTrait (C:/Users/chris/Dev/Projects/TheFantasyWorldSimulator/src/engine/traits.ts:44:25)
    at syncReputationTrait (C:/Users/chris/Dev/Projects/TheFantasyWorldSimulator/src/engine/phaseReputationTraits.ts:297:5)
    at phaseReputationTraits (C:/Users/chris/Dev/Projects/TheFantasyWorldSimulator/src/engine/phaseReputationTraits.ts:273:7)
    at runTick (C:/Users/chris/Dev/Projects/TheFantasyWorldSimulator/src/engine/orchestrator.ts:1896:18)
    at C:/Users/chris/Dev/Projects/TheFantasyWorldSimulator/src/engine/__tests__/content-layer1-integration.test.ts:120:17
    at file:///C:/Users/chris/Dev/Projects/TheFantasyWorldSimulator/node_modules/@vitest/runner/dist/index.js:145:11
    at file:///C:/Users/chris/Dev/Projects/TheFantasyWorldSimulator/node_modules/@vitest/runner/dist/index.js:915:26
    at file:///C:/Users/chris/Dev/Projects/TheFantasyWorldSimulator/node_modules/@vitest/runner/dist/index.js:1243:20
    at new Promise (<anonymous>)
    at runWithTimeout (file:///C:/Users/chris/Dev/Projects/TheFantasyWorldSimulator/node_modules/@vitest/runner/dist/index.js:1209:10)
[Orchestrator] Tick crashed, returning previous state: Error: Trait not found: trait.reputation.power.renown
    at assignTrait (C:/Users/chris/Dev/Projects/TheFantasyWorldSimulator/src/engine/traits.ts:44:25)
    at syncReputationTrait (C:/Users/chris/Dev/Projects/TheFantasyWorldSimulator/src/engine/phaseReputationTraits.ts:297:5)
    at phaseReputationTraits (C:/Users/chris/Dev/Projects/TheFantasyWorldSimulator/src/engine/phaseReputationTraits.ts:273:7)
    at runTick (C:/Users/chris/Dev/Projects/TheFantasyWorldSimulator/src/engine/orchestrator.ts:1896:18)
    at C:/Users/chris/Dev/Projects/TheFantasyWorldSimulator/src/engine/__tests__/content-layer1-integration.test.ts:120:17
    at file:///C:/Users/chris/Dev/Projects/TheFantasyWorldSimulator/node_modules/@vitest/runner/dist/index.js:145:11
    at file:///C:/Users/chris/Dev/Projects/TheFantasyWorldSimulator/node_modules/@vitest/runner/dist/index.js:915:26
    at file:///C:/Users/chris/Dev/Projects/TheFantasyWorldSimulator/node_modules/@vitest/runner/dist/index.js:1243:20
    at new Promise (<anonymous>)
    at runWithTimeout (file:///C:/Users/chris/Dev/Projects/TheFantasyWorldSimulator/node_modules/@vitest/runner/dist/index.js:1209:10)
[Orchestrator] Tick crashed, returning previous state: Error: Trait not found: trait.reputation.power.renown
    at assignTrait (C:/Users/chris/Dev/Projects/TheFantasyWorldSimulator/src/engine/traits.ts:44:25)
    at syncReputationTrait (C:/Users/chris/Dev/Projects/TheFantasyWorldSimulator/src/engine/phaseReputationTraits.ts:297:5)
    at phaseReputationTraits (C:/Users/chris/Dev/Projects/TheFantasyWorldSimulator/src/engine/phaseReputationTraits.ts:273:7)
    at runTick (C:/Users/chris/Dev/Projects/TheFantasyWorldSimulator/src/engine/orchestrator.ts:1896:18)
    at C:/Users/chris/Dev/Projects/TheFantasyWorldSimulator/src/engine/__tests__/content-layer1-integration.test.ts:120:17
    at file:///C:/Users/chris/Dev/Projects/TheFantasyWorldSimulator/node_modules/@vitest/runner/dist/index.js:145:11
    at file:///C:/Users/chris/Dev/Projects/TheFantasyWorldSimulator/node_modules/@vitest/runner/dist/index.js:915:26
    at file:///C:/Users/chris/Dev/Projects/TheFantasyWorldSimulator/node_modules/@vitest/runner/dist/index.js:1243:20
    at new Promise (<anonymous>)
    at runWithTimeout (file:///C:/Users/chris/Dev/Projects/TheFantasyWorldSimulator/node_modules/@vitest/runner/dist/index.js:1209:10)
[Orchestrator] Tick crashed, returning previous state: Error: Trait not found: trait.reputation.power.renown
    at assignTrait (C:/Users/chris/Dev/Projects/TheFantasyWorldSimulator/src/engine/traits.ts:44:25)
    at syncReputationTrait (C:/Users/chris/Dev/Projects/TheFantasyWorldSimulator/src/engine/phaseReputationTraits.ts:297:5)
    at phaseReputationTraits (C:/Users/chris/Dev/Projects/TheFantasyWorldSimulator/src/engine/phaseReputationTraits.ts:273:7)
    at runTick (C:/Users/chris/Dev/Projects/TheFantasyWorldSimulator/src/engine/orchestrator.ts:1896:18)
    at C:/Users/chris/Dev/Projects/TheFantasyWorldSimulator/src/engine/__tests__/content-layer1-integration.test.ts:120:17
    at file:///C:/Users/chris/Dev/Projects/TheFantasyWorldSimulator/node_modules/@vitest/runner/dist/index.js:145:11
    at file:///C:/Users/chris/Dev/Projects/TheFantasyWorldSimulator/node_modules/@vitest/runner/dist/index.js:915:26
    at file:///C:/Users/chris/Dev/Projects/TheFantasyWorldSimulator/node_modules/@vitest/runner/dist/index.js:1243:20
    at new Promise (<anonymous>)
    at runWithTimeout (file:///C:/Users/chris/Dev/Projects/TheFantasyWorldSimulator/node_modules/@vitest/runner/dist/index.js:1209:10)
[Orchestrator] Tick crashed, returning previous state: Error: Trait not found: trait.reputation.power.renown
    at assignTrait (C:/Users/chris/Dev/Projects/TheFantasyWorldSimulator/src/engine/traits.ts:44:25)
    at syncReputationTrait (C:/Users/chris/Dev/Projects/TheFantasyWorldSimulator/src/engine/phaseReputationTraits.ts:297:5)
    at phaseReputationTraits (C:/Users/chris/Dev/Projects/TheFantasyWorldSimulator/src/engine/phaseReputationTraits.ts:273:7)
    at runTick (C:/Users/chris/Dev/Projects/TheFantasyWorldSimulator/src/engine/orchestrator.ts:1896:18)
    at C:/Users/chris/Dev/Projects/TheFantasyWorldSimulator/src/engine/__tests__/content-layer1-integration.test.ts:120:17
    at file:///C:/Users/chris/Dev/Projects/TheFantasyWorldSimulator/node_modules/@vitest/runner/dist/index.js:145:11
    at file:///C:/Users/chris/Dev/Projects/TheFantasyWorldSimulator/node_modules/@vitest/runner/dist/index.js:915:26
    at file:///C:/Users/chris/Dev/Projects/TheFantasyWorldSimulator/node_modules/@vitest/runner/dist/index.js:1243:20
    at new Promise (<anonymous>)
    at runWithTimeout (file:///C:/Users/chris/Dev/Projects/TheFantasyWorldSimulator/node_modules/@vitest/runner/dist/index.js:1209:10)
[Orchestrator] Tick crashed, returning previous state: Error: Trait not found: trait.reputation.power.renown
    at assignTrait (C:/Users/chris/Dev/Projects/TheFantasyWorldSimulator/src/engine/traits.ts:44:25)
    at syncReputationTrait (C:/Users/chris/Dev/Projects/TheFantasyWorldSimulator/src/engine/phaseReputationTraits.ts:297:5)
    at phaseReputationTraits (C:/Users/chris/Dev/Projects/TheFantasyWorldSimulator/src/engine/phaseReputationTraits.ts:273:7)
    at runTick (C:/Users/chris/Dev/Projects/TheFantasyWorldSimulator/src/engine/orchestrator.ts:1896:18)
    at C:/Users/chris/Dev/Projects/TheFantasyWorldSimulator/src/engine/__tests__/content-layer1-integration.test.ts:120:17
    at file:///C:/Users/chris/Dev/Projects/TheFantasyWorldSimulator/node_modules/@vitest/runner/dist/index.js:145:11
    at file:///C:/Users/chris/Dev/Projects/TheFantasyWorldSimulator/node_modules/@vitest/runner/dist/index.js:915:26
    at file:///C:/Users/chris/Dev/Projects/TheFantasyWorldSimulator/node_modules/@vitest/runner/dist/index.js:1243:20
    at new Promise (<anonymous>)
    at runWithTimeout (file:///C:/Users/chris/Dev/Projects/TheFantasyWorldSimulator/node_modules/@vitest/runner/dist/index.js:1209:10)
[Orchestrator] Tick crashed, returning previous state: Error: Trait not found: trait.reputation.power.renown
    at assignTrait (C:/Users/chris/Dev/Projects/TheFantasyWorldSimulator/src/engine/traits.ts:44:25)
    at syncReputationTrait (C:/Users/chris/Dev/Projects/TheFantasyWorldSimulator/src/engine/phaseReputationTraits.ts:297:5)
    at phaseReputationTraits (C:/Users/chris/Dev/Projects/TheFantasyWorldSimulator/src/engine/phaseReputationTraits.ts:273:7)
    at runTick (C:/Users/chris/Dev/Projects/TheFantasyWorldSimulator/src/engine/orchestrator.ts:1896:18)
    at C:/Users/chris/Dev/Projects/TheFantasyWorldSimulator/src/engine/__tests__/content-layer1-integration.test.ts:120:17
    at file:///C:/Users/chris/Dev/Projects/TheFantasyWorldSimulator/node_modules/@vitest/runner/dist/index.js:145:11
    at file:///C:/Users/chris/Dev/Projects/TheFantasyWorldSimulator/node_modules/@vitest/runner/dist/index.js:915:26
    at file:///C:/Users/chris/Dev/Projects/TheFantasyWorldSimulator/node_modules/@vitest/runner/dist/index.js:1243:20
    at new Promise (<anonymous>)
    at runWithTimeout (file:///C:/Users/chris/Dev/Projects/TheFantasyWorldSimulator/node_modules/@vitest/runner/dist/index.js:1209:10)
[Orchestrator] Tick crashed, returning previous state: Error: Trait not found: trait.reputation.power.renown
    at assignTrait (C:/Users/chris/Dev/Projects/TheFantasyWorldSimulator/src/engine/traits.ts:44:25)
    at syncReputationTrait (C:/Users/chris/Dev/Projects/TheFantasyWorldSimulator/src/engine/phaseReputationTraits.ts:297:5)
    at phaseReputationTraits (C:/Users/chris/Dev/Projects/TheFantasyWorldSimulator/src/engine/phaseReputationTraits.ts:273:7)
    at runTick (C:/Users/chris/Dev/Projects/TheFantasyWorldSimulator/src/engine/orchestrator.ts:1896:18)
    at C:/Users/chris/Dev/Projects/TheFantasyWorldSimulator/src/engine/__tests__/content-layer1-integration.test.ts:120:17
    at file:///C:/Users/chris/Dev/Projects/TheFantasyWorldSimulator/node_modules/@vitest/runner/dist/index.js:145:11
    at file:///C:/Users/chris/Dev/Projects/TheFantasyWorldSimulator/node_modules/@vitest/runner/dist/index.js:915:26
    at file:///C:/Users/chris/Dev/Projects/TheFantasyWorldSimulator/node_modules/@vitest/runner/dist/index.js:1243:20
    at new Promise (<anonymous>)
    at runWithTimeout (file:///C:/Users/chris/Dev/Projects/TheFantasyWorldSimulator/node_modules/@vitest/runner/dist/index.js:1209:10)
[Orchestrator] Tick crashed, returning previous state: Error: Trait not found: trait.reputation.power.renown
    at assignTrait (C:/Users/chris/Dev/Projects/TheFantasyWorldSimulator/src/engine/traits.ts:44:25)
    at syncReputationTrait (C:/Users/chris/Dev/Projects/TheFantasyWorldSimulator/src/engine/phaseReputationTraits.ts:297:5)
    at phaseReputationTraits (C:/Users/chris/Dev/Projects/TheFantasyWorldSimulator/src/engine/phaseReputationTraits.ts:273:7)
    at runTick (C:/Users/chris/Dev/Projects/TheFantasyWorldSimulator/src/engine/orchestrator.ts:1896:18)
    at C:/Users/chris/Dev/Projects/TheFantasyWorldSimulator/src/engine/__tests__/content-layer1-integration.test.ts:120:17
    at file:///C:/Users/chris/Dev/Projects/TheFantasyWorldSimulator/node_modules/@vitest/runner/dist/index.js:145:11
    at file:///C:/Users/chris/Dev/Projects/TheFantasyWorldSimulator/node_modules/@vitest/runner/dist/index.js:915:26
    at file:///C:/Users/chris/Dev/Projects/TheFantasyWorldSimulator/node_modules/@vitest/runner/dist/index.js:1243:20
    at new Promise (<anonymous>)
    at runWithTimeout (file:///C:/Users/chris/Dev/Projects/TheFantasyWorldSimulator/node_modules/@vitest/runner/dist/index.js:1209:10)
[Orchestrator] Tick crashed, returning previous state: Error: Trait not found: trait.reputation.power.renown
    at assignTrait (C:/Users/chris/Dev/Projects/TheFantasyWorldSimulator/src/engine/traits.ts:44:25)
    at syncReputationTrait (C:/Users/chris/Dev/Projects/TheFantasyWorldSimulator/src/engine/phaseReputationTraits.ts:297:5)
    at phaseReputationTraits (C:/Users/chris/Dev/Projects/TheFantasyWorldSimulator/src/engine/phaseReputationTraits.ts:273:7)
    at runTick (C:/Users/chris/Dev/Projects/TheFantasyWorldSimulator/src/engine/orchestrator.ts:1896:18)
    at C:/Users/chris/Dev/Projects/TheFantasyWorldSimulator/src/engine/__tests__/content-layer1-integration.test.ts:120:17
    at file:///C:/Users/chris/Dev/Projects/TheFantasyWorldSimulator/node_modules/@vitest/runner/dist/index.js:145:11
    at file:///C:/Users/chris/Dev/Projects/TheFantasyWorldSimulator/node_modules/@vitest/runner/dist/index.js:915:26
    at file:///C:/Users/chris/Dev/Projects/TheFantasyWorldSimulator/node_modules/@vitest/runner/dist/index.js:1243:20
    at new Promise (<anonymous>)
    at runWithTimeout (file:///C:/Users/chris/Dev/Projects/TheFantasyWorldSimulator/node_modules/@vitest/runner/dist/index.js:1209:10)
[Orchestrator] Tick crashed, returning previous state: Error: Trait not found: trait.reputation.power.renown
    at assignTrait (C:/Users/chris/Dev/Projects/TheFantasyWorldSimulator/src/engine/traits.ts:44:25)
    at syncReputationTrait (C:/Users/chris/Dev/Projects/TheFantasyWorldSimulator/src/engine/phaseReputationTraits.ts:297:5)
    at phaseReputationTraits (C:/Users/chris/Dev/Projects/TheFantasyWorldSimulator/src/engine/phaseReputationTraits.ts:273:7)
    at runTick (C:/Users/chris/Dev/Projects/TheFantasyWorldSimulator/src/engine/orchestrator.ts:1896:18)
    at C:/Users/chris/Dev/Projects/TheFantasyWorldSimulator/src/engine/__tests__/content-layer1-integration.test.ts:120:17
    at file:///C:/Users/chris/Dev/Projects/TheFantasyWorldSimulator/node_modules/@vitest/runner/dist/index.js:145:11
    at file:///C:/Users/chris/Dev/Projects/TheFantasyWorldSimulator/node_modules/@vitest/runner/dist/index.js:915:26
    at file:///C:/Users/chris/Dev/Projects/TheFantasyWorldSimulator/node_modules/@vitest/runner/dist/index.js:1243:20
    at new Promise (<anonymous>)
    at runWithTimeout (file:///C:/Users/chris/Dev/Projects/TheFantasyWorldSimulator/node_modules/@vitest/runner/dist/index.js:1209:10)
[Orchestrator] Tick crashed, returning previous state: Error: Trait not found: trait.reputation.power.renown
    at assignTrait (C:/Users/chris/Dev/Projects/TheFantasyWorldSimulator/src/engine/traits.ts:44:25)
    at syncReputationTrait (C:/Users/chris/Dev/Projects/TheFantasyWorldSimulator/src/engine/phaseReputationTraits.ts:297:5)
    at phaseReputationTraits (C:/Users/chris/Dev/Projects/TheFantasyWorldSimulator/src/engine/phaseReputationTraits.ts:273:7)
    at runTick (C:/Users/chris/Dev/Projects/TheFantasyWorldSimulator/src/engine/orchestrator.ts:1896:18)
    at C:/Users/chris/Dev/Projects/TheFantasyWorldSimulator/src/engine/__tests__/content-layer1-integration.test.ts:120:17
    at file:///C:/Users/chris/Dev/Projects/TheFantasyWorldSimulator/node_modules/@vitest/runner/dist/index.js:145:11
    at file:///C:/Users/chris/Dev/Projects/TheFantasyWorldSimulator/node_modules/@vitest/runner/dist/index.js:915:26
    at file:///C:/Users/chris/Dev/Projects/TheFantasyWorldSimulator/node_modules/@vitest/runner/dist/index.js:1243:20
    at new Promise (<anonymous>)
    at runWithTimeout (file:///C:/Users/chris/Dev/Projects/TheFantasyWorldSimulator/node_modules/@vitest/runner/dist/index.js:1209:10)
[Orchestrator] Tick crashed, returning previous state: Error: Trait not found: trait.reputation.power.renown
    at assignTrait (C:/Users/chris/Dev/Projects/TheFantasyWorldSimulator/src/engine/traits.ts:44:25)
    at syncReputationTrait (C:/Users/chris/Dev/Projects/TheFantasyWorldSimulator/src/engine/phaseReputationTraits.ts:297:5)
    at phaseReputationTraits (C:/Users/chris/Dev/Projects/TheFantasyWorldSimulator/src/engine/phaseReputationTraits.ts:273:7)
    at runTick (C:/Users/chris/Dev/Projects/TheFantasyWorldSimulator/src/engine/orchestrator.ts:1896:18)
    at C:/Users/chris/Dev/Projects/TheFantasyWorldSimulator/src/engine/__tests__/content-layer1-integration.test.ts:120:17
    at file:///C:/Users/chris/Dev/Projects/TheFantasyWorldSimulator/node_modules/@vitest/runner/dist/index.js:145:11
    at file:///C:/Users/chris/Dev/Projects/TheFantasyWorldSimulator/node_modules/@vitest/runner/dist/index.js:915:26
    at file:///C:/Users/chris/Dev/Projects/TheFantasyWorldSimulator/node_modules/@vitest/runner/dist/index.js:1243:20
    at new Promise (<anonymous>)
    at runWithTimeout (file:///C:/Users/chris/Dev/Projects/TheFantasyWorldSimulator/node_modules/@vitest/runner/dist/index.js:1209:10)
[Orchestrator] Tick crashed, returning previous state: Error: Trait not found: trait.reputation.power.renown
    at assignTrait (C:/Users/chris/Dev/Projects/TheFantasyWorldSimulator/src/engine/traits.ts:44:25)
    at syncReputationTrait (C:/Users/chris/Dev/Projects/TheFantasyWorldSimulator/src/engine/phaseReputationTraits.ts:297:5)
    at phaseReputationTraits (C:/Users/chris/Dev/Projects/TheFantasyWorldSimulator/src/engine/phaseReputationTraits.ts:273:7)
    at runTick (C:/Users/chris/Dev/Projects/TheFantasyWorldSimulator/src/engine/orchestrator.ts:1896:18)
    at C:/Users/chris/Dev/Projects/TheFantasyWorldSimulator/src/engine/__tests__/content-layer1-integration.test.ts:120:17
    at file:///C:/Users/chris/Dev/Projects/TheFantasyWorldSimulator/node_modules/@vitest/runner/dist/index.js:145:11
    at file:///C:/Users/chris/Dev/Projects/TheFantasyWorldSimulator/node_modules/@vitest/runner/dist/index.js:915:26
    at file:///C:/Users/chris/Dev/Projects/TheFantasyWorldSimulator/node_modules/@vitest/runner/dist/index.js:1243:20
    at new Promise (<anonymous>)
    at runWithTimeout (file:///C:/Users/chris/Dev/Projects/TheFantasyWorldSimulator/node_modules/@vitest/runner/dist/index.js:1209:10)
[Orchestrator] Tick crashed, returning previous state: Error: Trait not found: trait.reputation.power.renown
    at assignTrait (C:/Users/chris/Dev/Projects/TheFantasyWorldSimulator/src/engine/traits.ts:44:25)
    at syncReputationTrait (C:/Users/chris/Dev/Projects/TheFantasyWorldSimulator/src/engine/phaseReputationTraits.ts:297:5)
    at phaseReputationTraits (C:/Users/chris/Dev/Projects/TheFantasyWorldSimulator/src/engine/phaseReputationTraits.ts:273:7)
    at runTick (C:/Users/chris/Dev/Projects/TheFantasyWorldSimulator/src/engine/orchestrator.ts:1896:18)
    at C:/Users/chris/Dev/Projects/TheFantasyWorldSimulator/src/engine/__tests__/content-layer1-integration.test.ts:120:17
    at file:///C:/Users/chris/Dev/Projects/TheFantasyWorldSimulator/node_modules/@vitest/runner/dist/index.js:145:11
    at file:///C:/Users/chris/Dev/Projects/TheFantasyWorldSimulator/node_modules/@vitest/runner/dist/index.js:915:26
    at file:///C:/Users/chris/Dev/Projects/TheFantasyWorldSimulator/node_modules/@vitest/runner/dist/index.js:1243:20
    at new Promise (<anonymous>)
    at runWithTimeout (file:///C:/Users/chris/Dev/Projects/TheFantasyWorldSimulator/node_modules/@vitest/runner/dist/index.js:1209:10)
[Orchestrator] Tick crashed, returning previous state: Error: Trait not found: trait.reputation.power.renown
    at assignTrait (C:/Users/chris/Dev/Projects/TheFantasyWorldSimulator/src/engine/traits.ts:44:25)
    at syncReputationTrait (C:/Users/chris/Dev/Projects/TheFantasyWorldSimulator/src/engine/phaseReputationTraits.ts:297:5)
    at phaseReputationTraits (C:/Users/chris/Dev/Projects/TheFantasyWorldSimulator/src/engine/phaseReputationTraits.ts:273:7)
    at runTick (C:/Users/chris/Dev/Projects/TheFantasyWorldSimulator/src/engine/orchestrator.ts:1896:18)
    at C:/Users/chris/Dev/Projects/TheFantasyWorldSimulator/src/engine/__tests__/content-layer1-integration.test.ts:120:17
    at file:///C:/Users/chris/Dev/Projects/TheFantasyWorldSimulator/node_modules/@vitest/runner/dist/index.js:145:11
    at file:///C:/Users/chris/Dev/Projects/TheFantasyWorldSimulator/node_modules/@vitest/runner/dist/index.js:915:26
    at file:///C:/Users/chris/Dev/Projects/TheFantasyWorldSimulator/node_modules/@vitest/runner/dist/index.js:1243:20
    at new Promise (<anonymous>)
    at runWithTimeout (file:///C:/Users/chris/Dev/Projects/TheFantasyWorldSimulator/node_modules/@vitest/runner/dist/index.js:1209:10)
[Orchestrator] Tick crashed, returning previous state: Error: Trait not found: trait.reputation.power.renown
    at assignTrait (C:/Users/chris/Dev/Projects/TheFantasyWorldSimulator/src/engine/traits.ts:44:25)
    at syncReputationTrait (C:/Users/chris/Dev/Projects/TheFantasyWorldSimulator/src/engine/phaseReputationTraits.ts:297:5)
    at phaseReputationTraits (C:/Users/chris/Dev/Projects/TheFantasyWorldSimulator/src/engine/phaseReputationTraits.ts:273:7)
    at runTick (C:/Users/chris/Dev/Projects/TheFantasyWorldSimulator/src/engine/orchestrator.ts:1896:18)
    at C:/Users/chris/Dev/Projects/TheFantasyWorldSimulator/src/engine/__tests__/content-layer1-integration.test.ts:120:17
    at file:///C:/Users/chris/Dev/Projects/TheFantasyWorldSimulator/node_modules/@vitest/runner/dist/index.js:145:11
    at file:///C:/Users/chris/Dev/Projects/TheFantasyWorldSimulator/node_modules/@vitest/runner/dist/index.js:915:26
    at file:///C:/Users/chris/Dev/Projects/TheFantasyWorldSimulator/node_modules/@vitest/runner/dist/index.js:1243:20
    at new Promise (<anonymous>)
    at runWithTimeout (file:///C:/Users/chris/Dev/Projects/TheFantasyWorldSimulator/node_modules/@vitest/runner/dist/index.js:1209:10)
[Orchestrator] Tick crashed, returning previous state: Error: Trait not found: trait.reputation.power.renown
    at assignTrait (C:/Users/chris/Dev/Projects/TheFantasyWorldSimulator/src/engine/traits.ts:44:25)
    at syncReputationTrait (C:/Users/chris/Dev/Projects/TheFantasyWorldSimulator/src/engine/phaseReputationTraits.ts:297:5)
    at phaseReputationTraits (C:/Users/chris/Dev/Projects/TheFantasyWorldSimulator/src/engine/phaseReputationTraits.ts:273:7)
    at runTick (C:/Users/chris/Dev/Projects/TheFantasyWorldSimulator/src/engine/orchestrator.ts:1896:18)
    at C:/Users/chris/Dev/Projects/TheFantasyWorldSimulator/src/engine/__tests__/content-layer1-integration.test.ts:120:17
    at file:///C:/Users/chris/Dev/Projects/TheFantasyWorldSimulator/node_modules/@vitest/runner/dist/index.js:145:11
    at file:///C:/Users/chris/Dev/Projects/TheFantasyWorldSimulator/node_modules/@vitest/runner/dist/index.js:915:26
    at file:///C:/Users/chris/Dev/Projects/TheFantasyWorldSimulator/node_modules/@vitest/runner/dist/index.js:1243:20
    at new Promise (<anonymous>)
    at runWithTimeout (file:///C:/Users/chris/Dev/Projects/TheFantasyWorldSimulator/node_modules/@vitest/runner/dist/index.js:1209:10)
[Orchestrator] Tick crashed, returning previous state: Error: Trait not found: trait.reputation.power.renown
    at assignTrait (C:/Users/chris/Dev/Projects/TheFantasyWorldSimulator/src/engine/traits.ts:44:25)
    at syncReputationTrait (C:/Users/chris/Dev/Projects/TheFantasyWorldSimulator/src/engine/phaseReputationTraits.ts:297:5)
    at phaseReputationTraits (C:/Users/chris/Dev/Projects/TheFantasyWorldSimulator/src/engine/phaseReputationTraits.ts:273:7)
    at runTick (C:/Users/chris/Dev/Projects/TheFantasyWorldSimulator/src/engine/orchestrator.ts:1896:18)
    at C:/Users/chris/Dev/Projects/TheFantasyWorldSimulator/src/engine/__tests__/content-layer1-integration.test.ts:120:17
    at file:///C:/Users/chris/Dev/Projects/TheFantasyWorldSimulator/node_modules/@vitest/runner/dist/index.js:145:11
    at file:///C:/Users/chris/Dev/Projects/TheFantasyWorldSimulator/node_modules/@vitest/runner/dist/index.js:915:26
    at file:///C:/Users/chris/Dev/Projects/TheFantasyWorldSimulator/node_modules/@vitest/runner/dist/index.js:1243:20
    at new Promise (<anonymous>)
    at runWithTimeout (file:///C:/Users/chris/Dev/Projects/TheFantasyWorldSimulator/node_modules/@vitest/runner/dist/index.js:1209:10)
[Orchestrator] Tick crashed, returning previous state: Error: Trait not found: trait.reputation.power.renown
    at assignTrait (C:/Users/chris/Dev/Projects/TheFantasyWorldSimulator/src/engine/traits.ts:44:25)
    at syncReputationTrait (C:/Users/chris/Dev/Projects/TheFantasyWorldSimulator/src/engine/phaseReputationTraits.ts:297:5)
    at phaseReputationTraits (C:/Users/chris/Dev/Projects/TheFantasyWorldSimulator/src/engine/phaseReputationTraits.ts:273:7)
    at runTick (C:/Users/chris/Dev/Projects/TheFantasyWorldSimulator/src/engine/orchestrator.ts:1896:18)
    at C:/Users/chris/Dev/Projects/TheFantasyWorldSimulator/src/engine/__tests__/content-layer1-integration.test.ts:120:17
    at file:///C:/Users/chris/Dev/Projects/TheFantasyWorldSimulator/node_modules/@vitest/runner/dist/index.js:145:11
    at file:///C:/Users/chris/Dev/Projects/TheFantasyWorldSimulator/node_modules/@vitest/runner/dist/index.js:915:26
    at file:///C:/Users/chris/Dev/Projects/TheFantasyWorldSimulator/node_modules/@vitest/runner/dist/index.js:1243:20
    at new Promise (<anonymous>)
    at runWithTimeout (file:///C:/Users/chris/Dev/Projects/TheFantasyWorldSimulator/node_modules/@vitest/runner/dist/index.js:1209:10)
[Orchestrator] Tick crashed, returning previous state: Error: Trait not found: trait.reputation.power.renown
    at assignTrait (C:/Users/chris/Dev/Projects/TheFantasyWorldSimulator/src/engine/traits.ts:44:25)
    at syncReputationTrait (C:/Users/chris/Dev/Projects/TheFantasyWorldSimulator/src/engine/phaseReputationTraits.ts:297:5)
    at phaseReputationTraits (C:/Users/chris/Dev/Projects/TheFantasyWorldSimulator/src/engine/phaseReputationTraits.ts:273:7)
    at runTick (C:/Users/chris/Dev/Projects/TheFantasyWorldSimulator/src/engine/orchestrator.ts:1896:18)
    at C:/Users/chris/Dev/Projects/TheFantasyWorldSimulator/src/engine/__tests__/content-layer1-integration.test.ts:120:17
    at file:///C:/Users/chris/Dev/Projects/TheFantasyWorldSimulator/node_modules/@vitest/runner/dist/index.js:145:11
    at file:///C:/Users/chris/Dev/Projects/TheFantasyWorldSimulator/node_modules/@vitest/runner/dist/index.js:915:26
    at file:///C:/Users/chris/Dev/Projects/TheFantasyWorldSimulator/node_modules/@vitest/runner/dist/index.js:1243:20
    at new Promise (<anonymous>)
    at runWithTimeout (file:///C:/Users/chris/Dev/Projects/TheFantasyWorldSimulator/node_modules/@vitest/runner/dist/index.js:1209:10)
[Orchestrator] Tick crashed, returning previous state: Error: Trait not found: trait.reputation.power.renown
    at assignTrait (C:/Users/chris/Dev/Projects/TheFantasyWorldSimulator/src/engine/traits.ts:44:25)
    at syncReputationTrait (C:/Users/chris/Dev/Projects/TheFantasyWorldSimulator/src/engine/phaseReputationTraits.ts:297:5)
    at phaseReputationTraits (C:/Users/chris/Dev/Projects/TheFantasyWorldSimulator/src/engine/phaseReputationTraits.ts:273:7)
    at runTick (C:/Users/chris/Dev/Projects/TheFantasyWorldSimulator/src/engine/orchestrator.ts:1896:18)
    at C:/Users/chris/Dev/Projects/TheFantasyWorldSimulator/src/engine/__tests__/content-layer1-integration.test.ts:120:17
    at file:///C:/Users/chris/Dev/Projects/TheFantasyWorldSimulator/node_modules/@vitest/runner/dist/index.js:145:11
    at file:///C:/Users/chris/Dev/Projects/TheFantasyWorldSimulator/node_modules/@vitest/runner/dist/index.js:915:26
    at file:///C:/Users/chris/Dev/Projects/TheFantasyWorldSimulator/node_modules/@vitest/runner/dist/index.js:1243:20
    at new Promise (<anonymous>)
    at runWithTimeout (file:///C:/Users/chris/Dev/Projects/TheFantasyWorldSimulator/node_modules/@vitest/runner/dist/index.js:1209:10)
[Orchestrator] Tick crashed, returning previous state: Error: Trait not found: trait.reputation.power.renown
    at assignTrait (C:/Users/chris/Dev/Projects/TheFantasyWorldSimulator/src/engine/traits.ts:44:25)
    at syncReputationTrait (C:/Users/chris/Dev/Projects/TheFantasyWorldSimulator/src/engine/phaseReputationTraits.ts:297:5)
    at phaseReputationTraits (C:/Users/chris/Dev/Projects/TheFantasyWorldSimulator/src/engine/phaseReputationTraits.ts:273:7)
    at runTick (C:/Users/chris/Dev/Projects/TheFantasyWorldSimulator/src/engine/orchestrator.ts:1896:18)
    at C:/Users/chris/Dev/Projects/TheFantasyWorldSimulator/src/engine/__tests__/content-layer1-integration.test.ts:120:17
    at file:///C:/Users/chris/Dev/Projects/TheFantasyWorldSimulator/node_modules/@vitest/runner/dist/index.js:145:11
    at file:///C:/Users/chris/Dev/Projects/TheFantasyWorldSimulator/node_modules/@vitest/runner/dist/index.js:915:26
    at file:///C:/Users/chris/Dev/Projects/TheFantasyWorldSimulator/node_modules/@vitest/runner/dist/index.js:1243:20
    at new Promise (<anonymous>)
    at runWithTimeout (file:///C:/Users/chris/Dev/Projects/TheFantasyWorldSimulator/node_modules/@vitest/runner/dist/index.js:1209:10)
[Orchestrator] Tick crashed, returning previous state: Error: Trait not found: trait.reputation.power.renown
    at assignTrait (C:/Users/chris/Dev/Projects/TheFantasyWorldSimulator/src/engine/traits.ts:44:25)
    at syncReputationTrait (C:/Users/chris/Dev/Projects/TheFantasyWorldSimulator/src/engine/phaseReputationTraits.ts:297:5)
    at phaseReputationTraits (C:/Users/chris/Dev/Projects/TheFantasyWorldSimulator/src/engine/phaseReputationTraits.ts:273:7)
    at runTick (C:/Users/chris/Dev/Projects/TheFantasyWorldSimulator/src/engine/orchestrator.ts:1896:18)
    at C:/Users/chris/Dev/Projects/TheFantasyWorldSimulator/src/engine/__tests__/content-layer1-integration.test.ts:120:17
    at file:///C:/Users/chris/Dev/Projects/TheFantasyWorldSimulator/node_modules/@vitest/runner/dist/index.js:145:11
    at file:///C:/Users/chris/Dev/Projects/TheFantasyWorldSimulator/node_modules/@vitest/runner/dist/index.js:915:26
    at file:///C:/Users/chris/Dev/Projects/TheFantasyWorldSimulator/node_modules/@vitest/runner/dist/index.js:1243:20
    at new Promise (<anonymous>)
    at runWithTimeout (file:///C:/Users/chris/Dev/Projects/TheFantasyWorldSimulator/node_modules/@vitest/runner/dist/index.js:1209:10)
[Orchestrator] Tick crashed, returning previous state: Error: Trait not found: trait.reputation.power.renown
    at assignTrait (C:/Users/chris/Dev/Projects/TheFantasyWorldSimulator/src/engine/traits.ts:44:25)
    at syncReputationTrait (C:/Users/chris/Dev/Projects/TheFantasyWorldSimulator/src/engine/phaseReputationTraits.ts:297:5)
    at phaseReputationTraits (C:/Users/chris/Dev/Projects/TheFantasyWorldSimulator/src/engine/phaseReputationTraits.ts:273:7)
    at runTick (C:/Users/chris/Dev/Projects/TheFantasyWorldSimulator/src/engine/orchestrator.ts:1896:18)
    at C:/Users/chris/Dev/Projects/TheFantasyWorldSimulator/src/engine/__tests__/content-layer1-integration.test.ts:120:17
    at file:///C:/Users/chris/Dev/Projects/TheFantasyWorldSimulator/node_modules/@vitest/runner/dist/index.js:145:11
    at file:///C:/Users/chris/Dev/Projects/TheFantasyWorldSimulator/node_modules/@vitest/runner/dist/index.js:915:26
    at file:///C:/Users/chris/Dev/Projects/TheFantasyWorldSimulator/node_modules/@vitest/runner/dist/index.js:1243:20
    at new Promise (<anonymous>)
    at runWithTimeout (file:///C:/Users/chris/Dev/Projects/TheFantasyWorldSimulator/node_modules/@vitest/runner/dist/index.js:1209:10)
[Orchestrator] Tick crashed, returning previous state: Error: Trait not found: trait.reputation.power.renown
    at assignTrait (C:/Users/chris/Dev/Projects/TheFantasyWorldSimulator/src/engine/traits.ts:44:25)
    at syncReputationTrait (C:/Users/chris/Dev/Projects/TheFantasyWorldSimulator/src/engine/phaseReputationTraits.ts:297:5)
    at phaseReputationTraits (C:/Users/chris/Dev/Projects/TheFantasyWorldSimulator/src/engine/phaseReputationTraits.ts:273:7)
    at runTick (C:/Users/chris/Dev/Projects/TheFantasyWorldSimulator/src/engine/orchestrator.ts:1896:18)
    at C:/Users/chris/Dev/Projects/TheFantasyWorldSimulator/src/engine/__tests__/content-layer1-integration.test.ts:120:17
    at file:///C:/Users/chris/Dev/Projects/TheFantasyWorldSimulator/node_modules/@vitest/runner/dist/index.js:145:11
    at file:///C:/Users/chris/Dev/Projects/TheFantasyWorldSimulator/node_modules/@vitest/runner/dist/index.js:915:26
    at file:///C:/Users/chris/Dev/Projects/TheFantasyWorldSimulator/node_modules/@vitest/runner/dist/index.js:1243:20
    at new Promise (<anonymous>)
    at runWithTimeout (file:///C:/Users/chris/Dev/Projects/TheFantasyWorldSimulator/node_modules/@vitest/runner/dist/index.js:1209:10)
[Orchestrator] Tick crashed, returning previous state: Error: Trait not found: trait.reputation.power.renown
    at assignTrait (C:/Users/chris/Dev/Projects/TheFantasyWorldSimulator/src/engine/traits.ts:44:25)
    at syncReputationTrait (C:/Users/chris/Dev/Projects/TheFantasyWorldSimulator/src/engine/phaseReputationTraits.ts:297:5)
    at phaseReputationTraits (C:/Users/chris/Dev/Projects/TheFantasyWorldSimulator/src/engine/phaseReputationTraits.ts:273:7)
    at runTick (C:/Users/chris/Dev/Projects/TheFantasyWorldSimulator/src/engine/orchestrator.ts:1896:18)
    at C:/Users/chris/Dev/Projects/TheFantasyWorldSimulator/src/engine/__tests__/content-layer1-integration.test.ts:120:17
    at file:///C:/Users/chris/Dev/Projects/TheFantasyWorldSimulator/node_modules/@vitest/runner/dist/index.js:145:11
    at file:///C:/Users/chris/Dev/Projects/TheFantasyWorldSimulator/node_modules/@vitest/runner/dist/index.js:915:26
    at file:///C:/Users/chris/Dev/Projects/TheFantasyWorldSimulator/node_modules/@vitest/runner/dist/index.js:1243:20
    at new Promise (<anonymous>)
    at runWithTimeout (file:///C:/Users/chris/Dev/Projects/TheFantasyWorldSimulator/node_modules/@vitest/runner/dist/index.js:1209:10)
[Orchestrator] Tick crashed, returning previous state: Error: Trait not found: trait.reputation.power.renown
    at assignTrait (C:/Users/chris/Dev/Projects/TheFantasyWorldSimulator/src/engine/traits.ts:44:25)
    at syncReputationTrait (C:/Users/chris/Dev/Projects/TheFantasyWorldSimulator/src/engine/phaseReputationTraits.ts:297:5)
    at phaseReputationTraits (C:/Users/chris/Dev/Projects/TheFantasyWorldSimulator/src/engine/phaseReputationTraits.ts:273:7)
    at runTick (C:/Users/chris/Dev/Projects/TheFantasyWorldSimulator/src/engine/orchestrator.ts:1896:18)
    at C:/Users/chris/Dev/Projects/TheFantasyWorldSimulator/src/engine/__tests__/content-layer1-integration.test.ts:120:17
    at file:///C:/Users/chris/Dev/Projects/TheFantasyWorldSimulator/node_modules/@vitest/runner/dist/index.js:145:11
    at file:///C:/Users/chris/Dev/Projects/TheFantasyWorldSimulator/node_modules/@vitest/runner/dist/index.js:915:26
    at file:///C:/Users/chris/Dev/Projects/TheFantasyWorldSimulator/node_modules/@vitest/runner/dist/index.js:1243:20
    at new Promise (<anonymous>)
    at runWithTimeout (file:///C:/Users/chris/Dev/Projects/TheFantasyWorldSimulator/node_modules/@vitest/runner/dist/index.js:1209:10)
[Orchestrator] Tick crashed, returning previous state: Error: Trait not found: trait.reputation.power.renown
    at assignTrait (C:/Users/chris/Dev/Projects/TheFantasyWorldSimulator/src/engine/traits.ts:44:25)
    at syncReputationTrait (C:/Users/chris/Dev/Projects/TheFantasyWorldSimulator/src/engine/phaseReputationTraits.ts:297:5)
    at phaseReputationTraits (C:/Users/chris/Dev/Projects/TheFantasyWorldSimulator/src/engine/phaseReputationTraits.ts:273:7)
    at runTick (C:/Users/chris/Dev/Projects/TheFantasyWorldSimulator/src/engine/orchestrator.ts:1896:18)
    at C:/Users/chris/Dev/Projects/TheFantasyWorldSimulator/src/engine/__tests__/content-layer1-integration.test.ts:120:17
    at file:///C:/Users/chris/Dev/Projects/TheFantasyWorldSimulator/node_modules/@vitest/runner/dist/index.js:145:11
    at file:///C:/Users/chris/Dev/Projects/TheFantasyWorldSimulator/node_modules/@vitest/runner/dist/index.js:915:26
    at file:///C:/Users/chris/Dev/Projects/TheFantasyWorldSimulator/node_modules/@vitest/runner/dist/index.js:1243:20
    at new Promise (<anonymous>)
    at runWithTimeout (file:///C:/Users/chris/Dev/Projects/TheFantasyWorldSimulator/node_modules/@vitest/runner/dist/index.js:1209:10)
[Orchestrator] Tick crashed, returning previous state: Error: Trait not found: trait.reputation.power.renown
    at assignTrait (C:/Users/chris/Dev/Projects/TheFantasyWorldSimulator/src/engine/traits.ts:44:25)
    at syncReputationTrait (C:/Users/chris/Dev/Projects/TheFantasyWorldSimulator/src/engine/phaseReputationTraits.ts:297:5)
    at phaseReputationTraits (C:/Users/chris/Dev/Projects/TheFantasyWorldSimulator/src/engine/phaseReputationTraits.ts:273:7)
    at runTick (C:/Users/chris/Dev/Projects/TheFantasyWorldSimulator/src/engine/orchestrator.ts:1896:18)
    at C:/Users/chris/Dev/Projects/TheFantasyWorldSimulator/src/engine/__tests__/content-layer1-integration.test.ts:120:17
    at file:///C:/Users/chris/Dev/Projects/TheFantasyWorldSimulator/node_modules/@vitest/runner/dist/index.js:145:11
    at file:///C:/Users/chris/Dev/Projects/TheFantasyWorldSimulator/node_modules/@vitest/runner/dist/index.js:915:26
    at file:///C:/Users/chris/Dev/Projects/TheFantasyWorldSimulator/node_modules/@vitest/runner/dist/index.js:1243:20
    at new Promise (<anonymous>)
    at runWithTimeout (file:///C:/Users/chris/Dev/Projects/TheFantasyWorldSimulator/node_modules/@vitest/runner/dist/index.js:1209:10)
[Orchestrator] Tick crashed, returning previous state: Error: Trait not found: trait.reputation.power.renown
    at assignTrait (C:/Users/chris/Dev/Projects/TheFantasyWorldSimulator/src/engine/traits.ts:44:25)
    at syncReputationTrait (C:/Users/chris/Dev/Projects/TheFantasyWorldSimulator/src/engine/phaseReputationTraits.ts:297:5)
    at phaseReputationTraits (C:/Users/chris/Dev/Projects/TheFantasyWorldSimulator/src/engine/phaseReputationTraits.ts:273:7)
    at runTick (C:/Users/chris/Dev/Projects/TheFantasyWorldSimulator/src/engine/orchestrator.ts:1896:18)
    at C:/Users/chris/Dev/Projects/TheFantasyWorldSimulator/src/engine/__tests__/content-layer1-integration.test.ts:120:17
    at file:///C:/Users/chris/Dev/Projects/TheFantasyWorldSimulator/node_modules/@vitest/runner/dist/index.js:145:11
    at file:///C:/Users/chris/Dev/Projects/TheFantasyWorldSimulator/node_modules/@vitest/runner/dist/index.js:915:26
    at file:///C:/Users/chris/Dev/Projects/TheFantasyWorldSimulator/node_modules/@vitest/runner/dist/index.js:1243:20
    at new Promise (<anonymous>)
    at runWithTimeout (file:///C:/Users/chris/Dev/Projects/TheFantasyWorldSimulator/node_modules/@vitest/runner/dist/index.js:1209:10)
[Orchestrator] Tick crashed, returning previous state: Error: Trait not found: trait.reputation.power.renown
    at assignTrait (C:/Users/chris/Dev/Projects/TheFantasyWorldSimulator/src/engine/traits.ts:44:25)
    at syncReputationTrait (C:/Users/chris/Dev/Projects/TheFantasyWorldSimulator/src/engine/phaseReputationTraits.ts:297:5)
    at phaseReputationTraits (C:/Users/chris/Dev/Projects/TheFantasyWorldSimulator/src/engine/phaseReputationTraits.ts:273:7)
    at runTick (C:/Users/chris/Dev/Projects/TheFantasyWorldSimulator/src/engine/orchestrator.ts:1896:18)
    at C:/Users/chris/Dev/Projects/TheFantasyWorldSimulator/src/engine/__tests__/content-layer1-integration.test.ts:120:17
    at file:///C:/Users/chris/Dev/Projects/TheFantasyWorldSimulator/node_modules/@vitest/runner/dist/index.js:145:11
    at file:///C:/Users/chris/Dev/Projects/TheFantasyWorldSimulator/node_modules/@vitest/runner/dist/index.js:915:26
    at file:///C:/Users/chris/Dev/Projects/TheFantasyWorldSimulator/node_modules/@vitest/runner/dist/index.js:1243:20
    at new Promise (<anonymous>)
    at runWithTimeout (file:///C:/Users/chris/Dev/Projects/TheFantasyWorldSimulator/node_modules/@vitest/runner/dist/index.js:1209:10)
[Orchestrator] Tick crashed, returning previous state: Error: Trait not found: trait.reputation.power.renown
    at assignTrait (C:/Users/chris/Dev/Projects/TheFantasyWorldSimulator/src/engine/traits.ts:44:25)
    at syncReputationTrait (C:/Users/chris/Dev/Projects/TheFantasyWorldSimulator/src/engine/phaseReputationTraits.ts:297:5)
    at phaseReputationTraits (C:/Users/chris/Dev/Projects/TheFantasyWorldSimulator/src/engine/phaseReputationTraits.ts:273:7)
    at runTick (C:/Users/chris/Dev/Projects/TheFantasyWorldSimulator/src/engine/orchestrator.ts:1896:18)
    at C:/Users/chris/Dev/Projects/TheFantasyWorldSimulator/src/engine/__tests__/content-layer1-integration.test.ts:120:17
    at file:///C:/Users/chris/Dev/Projects/TheFantasyWorldSimulator/node_modules/@vitest/runner/dist/index.js:145:11
    at file:///C:/Users/chris/Dev/Projects/TheFantasyWorldSimulator/node_modules/@vitest/runner/dist/index.js:915:26
    at file:///C:/Users/chris/Dev/Projects/TheFantasyWorldSimulator/node_modules/@vitest/runner/dist/index.js:1243:20
    at new Promise (<anonymous>)
    at runWithTimeout (file:///C:/Users/chris/Dev/Projects/TheFantasyWorldSimulator/node_modules/@vitest/runner/dist/index.js:1209:10)
[Orchestrator] Tick crashed, returning previous state: Error: Trait not found: trait.reputation.power.renown
    at assignTrait (C:/Users/chris/Dev/Projects/TheFantasyWorldSimulator/src/engine/traits.ts:44:25)
    at syncReputationTrait (C:/Users/chris/Dev/Projects/TheFantasyWorldSimulator/src/engine/phaseReputationTraits.ts:297:5)
    at phaseReputationTraits (C:/Users/chris/Dev/Projects/TheFantasyWorldSimulator/src/engine/phaseReputationTraits.ts:273:7)
    at runTick (C:/Users/chris/Dev/Projects/TheFantasyWorldSimulator/src/engine/orchestrator.ts:1896:18)
    at C:/Users/chris/Dev/Projects/TheFantasyWorldSimulator/src/engine/__tests__/content-layer1-integration.test.ts:120:17
    at file:///C:/Users/chris/Dev/Projects/TheFantasyWorldSimulator/node_modules/@vitest/runner/dist/index.js:145:11
    at file:///C:/Users/chris/Dev/Projects/TheFantasyWorldSimulator/node_modules/@vitest/runner/dist/index.js:915:26
    at file:///C:/Users/chris/Dev/Projects/TheFantasyWorldSimulator/node_modules/@vitest/runner/dist/index.js:1243:20
    at new Promise (<anonymous>)
    at runWithTimeout (file:///C:/Users/chris/Dev/Projects/TheFantasyWorldSimulator/node_modules/@vitest/runner/dist/index.js:1209:10)
[Orchestrator] Tick crashed, returning previous state: Error: Trait not found: trait.reputation.power.renown
    at assignTrait (C:/Users/chris/Dev/Projects/TheFantasyWorldSimulator/src/engine/traits.ts:44:25)
    at syncReputationTrait (C:/Users/chris/Dev/Projects/TheFantasyWorldSimulator/src/engine/phaseReputationTraits.ts:297:5)
    at phaseReputationTraits (C:/Users/chris/Dev/Projects/TheFantasyWorldSimulator/src/engine/phaseReputationTraits.ts:273:7)
    at runTick (C:/Users/chris/Dev/Projects/TheFantasyWorldSimulator/src/engine/orchestrator.ts:1896:18)
    at C:/Users/chris/Dev/Projects/TheFantasyWorldSimulator/src/engine/__tests__/content-layer1-integration.test.ts:120:17
    at file:///C:/Users/chris/Dev/Projects/TheFantasyWorldSimulator/node_modules/@vitest/runner/dist/index.js:145:11
    at file:///C:/Users/chris/Dev/Projects/TheFantasyWorldSimulator/node_modules/@vitest/runner/dist/index.js:915:26
    at file:///C:/Users/chris/Dev/Projects/TheFantasyWorldSimulator/node_modules/@vitest/runner/dist/index.js:1243:20
    at new Promise (<anonymous>)
    at runWithTimeout (file:///C:/Users/chris/Dev/Projects/TheFantasyWorldSimulator/node_modules/@vitest/runner/dist/index.js:1209:10)
[Orchestrator] Tick crashed, returning previous state: Error: Trait not found: trait.reputation.power.renown
    at assignTrait (C:/Users/chris/Dev/Projects/TheFantasyWorldSimulator/src/engine/traits.ts:44:25)
    at syncReputationTrait (C:/Users/chris/Dev/Projects/TheFantasyWorldSimulator/src/engine/phaseReputationTraits.ts:297:5)
    at phaseReputationTraits (C:/Users/chris/Dev/Projects/TheFantasyWorldSimulator/src/engine/phaseReputationTraits.ts:273:7)
    at runTick (C:/Users/chris/Dev/Projects/TheFantasyWorldSimulator/src/engine/orchestrator.ts:1896:18)
    at C:/Users/chris/Dev/Projects/TheFantasyWorldSimulator/src/engine/__tests__/content-layer1-integration.test.ts:120:17
    at file:///C:/Users/chris/Dev/Projects/TheFantasyWorldSimulator/node_modules/@vitest/runner/dist/index.js:145:11
    at file:///C:/Users/chris/Dev/Projects/TheFantasyWorldSimulator/node_modules/@vitest/runner/dist/index.js:915:26
    at file:///C:/Users/chris/Dev/Projects/TheFantasyWorldSimulator/node_modules/@vitest/runner/dist/index.js:1243:20
    at new Promise (<anonymous>)
    at runWithTimeout (file:///C:/Users/chris/Dev/Projects/TheFantasyWorldSimulator/node_modules/@vitest/runner/dist/index.js:1209:10)
[Orchestrator] Tick crashed, returning previous state: Error: Trait not found: trait.reputation.power.renown
    at assignTrait (C:/Users/chris/Dev/Projects/TheFantasyWorldSimulator/src/engine/traits.ts:44:25)
    at syncReputationTrait (C:/Users/chris/Dev/Projects/TheFantasyWorldSimulator/src/engine/phaseReputationTraits.ts:297:5)
    at phaseReputationTraits (C:/Users/chris/Dev/Projects/TheFantasyWorldSimulator/src/engine/phaseReputationTraits.ts:273:7)
    at runTick (C:/Users/chris/Dev/Projects/TheFantasyWorldSimulator/src/engine/orchestrator.ts:1896:18)
    at C:/Users/chris/Dev/Projects/TheFantasyWorldSimulator/src/engine/__tests__/content-layer1-integration.test.ts:120:17
    at file:///C:/Users/chris/Dev/Projects/TheFantasyWorldSimulator/node_modules/@vitest/runner/dist/index.js:145:11
    at file:///C:/Users/chris/Dev/Projects/TheFantasyWorldSimulator/node_modules/@vitest/runner/dist/index.js:915:26
    at file:///C:/Users/chris/Dev/Projects/TheFantasyWorldSimulator/node_modules/@vitest/runner/dist/index.js:1243:20
    at new Promise (<anonymous>)
    at runWithTimeout (file:///C:/Users/chris/Dev/Projects/TheFantasyWorldSimulator/node_modules/@vitest/runner/dist/index.js:1209:10)
[Orchestrator] Tick crashed, returning previous state: Error: Trait not found: trait.reputation.power.renown
    at assignTrait (C:/Users/chris/Dev/Projects/TheFantasyWorldSimulator/src/engine/traits.ts:44:25)
    at syncReputationTrait (C:/Users/chris/Dev/Projects/TheFantasyWorldSimulator/src/engine/phaseReputationTraits.ts:297:5)
    at phaseReputationTraits (C:/Users/chris/Dev/Projects/TheFantasyWorldSimulator/src/engine/phaseReputationTraits.ts:273:7)
    at runTick (C:/Users/chris/Dev/Projects/TheFantasyWorldSimulator/src/engine/orchestrator.ts:1896:18)
    at C:/Users/chris/Dev/Projects/TheFantasyWorldSimulator/src/engine/__tests__/content-layer1-integration.test.ts:120:17
    at file:///C:/Users/chris/Dev/Projects/TheFantasyWorldSimulator/node_modules/@vitest/runner/dist/index.js:145:11
    at file:///C:/Users/chris/Dev/Projects/TheFantasyWorldSimulator/node_modules/@vitest/runner/dist/index.js:915:26
    at file:///C:/Users/chris/Dev/Projects/TheFantasyWorldSimulator/node_modules/@vitest/runner/dist/index.js:1243:20
    at new Promise (<anonymous>)
    at runWithTimeout (file:///C:/Users/chris/Dev/Projects/TheFantasyWorldSimulator/node_modules/@vitest/runner/dist/index.js:1209:10)
[Orchestrator] Tick crashed, returning previous state: Error: Trait not found: trait.reputation.power.renown
    at assignTrait (C:/Users/chris/Dev/Projects/TheFantasyWorldSimulator/src/engine/traits.ts:44:25)
    at syncReputationTrait (C:/Users/chris/Dev/Projects/TheFantasyWorldSimulator/src/engine/phaseReputationTraits.ts:297:5)
    at phaseReputationTraits (C:/Users/chris/Dev/Projects/TheFantasyWorldSimulator/src/engine/phaseReputationTraits.ts:273:7)
    at runTick (C:/Users/chris/Dev/Projects/TheFantasyWorldSimulator/src/engine/orchestrator.ts:1896:18)
    at C:/Users/chris/Dev/Projects/TheFantasyWorldSimulator/src/engine/__tests__/content-layer1-integration.test.ts:120:17
    at file:///C:/Users/chris/Dev/Projects/TheFantasyWorldSimulator/node_modules/@vitest/runner/dist/index.js:145:11
    at file:///C:/Users/chris/Dev/Projects/TheFantasyWorldSimulator/node_modules/@vitest/runner/dist/index.js:915:26
    at file:///C:/Users/chris/Dev/Projects/TheFantasyWorldSimulator/node_modules/@vitest/runner/dist/index.js:1243:20
    at new Promise (<anonymous>)
    at runWithTimeout (file:///C:/Users/chris/Dev/Projects/TheFantasyWorldSimulator/node_modules/@vitest/runner/dist/index.js:1209:10)
[Orchestrator] Tick crashed, returning previous state: Error: Trait not found: trait.reputation.power.renown
    at assignTrait (C:/Users/chris/Dev/Projects/TheFantasyWorldSimulator/src/engine/traits.ts:44:25)
    at syncReputationTrait (C:/Users/chris/Dev/Projects/TheFantasyWorldSimulator/src/engine/phaseReputationTraits.ts:297:5)
    at phaseReputationTraits (C:/Users/chris/Dev/Projects/TheFantasyWorldSimulator/src/engine/phaseReputationTraits.ts:273:7)
    at runTick (C:/Users/chris/Dev/Projects/TheFantasyWorldSimulator/src/engine/orchestrator.ts:1896:18)
    at C:/Users/chris/Dev/Projects/TheFantasyWorldSimulator/src/engine/__tests__/content-layer1-integration.test.ts:120:17
    at file:///C:/Users/chris/Dev/Projects/TheFantasyWorldSimulator/node_modules/@vitest/runner/dist/index.js:145:11
    at file:///C:/Users/chris/Dev/Projects/TheFantasyWorldSimulator/node_modules/@vitest/runner/dist/index.js:915:26
    at file:///C:/Users/chris/Dev/Projects/TheFantasyWorldSimulator/node_modules/@vitest/runner/dist/index.js:1243:20
    at new Promise (<anonymous>)
    at runWithTimeout (file:///C:/Users/chris/Dev/Projects/TheFantasyWorldSimulator/node_modules/@vitest/runner/dist/index.js:1209:10)
[Orchestrator] Tick crashed, returning previous state: Error: Trait not found: trait.reputation.power.renown
    at assignTrait (C:/Users/chris/Dev/Projects/TheFantasyWorldSimulator/src/engine/traits.ts:44:25)
    at syncReputationTrait (C:/Users/chris/Dev/Projects/TheFantasyWorldSimulator/src/engine/phaseReputationTraits.ts:297:5)
    at phaseReputationTraits (C:/Users/chris/Dev/Projects/TheFantasyWorldSimulator/src/engine/phaseReputationTraits.ts:273:7)
    at runTick (C:/Users/chris/Dev/Projects/TheFantasyWorldSimulator/src/engine/orchestrator.ts:1896:18)
    at C:/Users/chris/Dev/Projects/TheFantasyWorldSimulator/src/engine/__tests__/content-layer1-integration.test.ts:120:17
    at file:///C:/Users/chris/Dev/Projects/TheFantasyWorldSimulator/node_modules/@vitest/runner/dist/index.js:145:11
    at file:///C:/Users/chris/Dev/Projects/TheFantasyWorldSimulator/node_modules/@vitest/runner/dist/index.js:915:26
    at file:///C:/Users/chris/Dev/Projects/TheFantasyWorldSimulator/node_modules/@vitest/runner/dist/index.js:1243:20
    at new Promise (<anonymous>)
    at runWithTimeout (file:///C:/Users/chris/Dev/Projects/TheFantasyWorldSimulator/node_modules/@vitest/runner/dist/index.js:1209:10)
[Orchestrator] Tick crashed, returning previous state: Error: Trait not found: trait.reputation.power.renown
    at assignTrait (C:/Users/chris/Dev/Projects/TheFantasyWorldSimulator/src/engine/traits.ts:44:25)
    at syncReputationTrait (C:/Users/chris/Dev/Projects/TheFantasyWorldSimulator/src/engine/phaseReputationTraits.ts:297:5)
    at phaseReputationTraits (C:/Users/chris/Dev/Projects/TheFantasyWorldSimulator/src/engine/phaseReputationTraits.ts:273:7)
    at runTick (C:/Users/chris/Dev/Projects/TheFantasyWorldSimulator/src/engine/orchestrator.ts:1896:18)
    at C:/Users/chris/Dev/Projects/TheFantasyWorldSimulator/src/engine/__tests__/content-layer1-integration.test.ts:120:17
    at file:///C:/Users/chris/Dev/Projects/TheFantasyWorldSimulator/node_modules/@vitest/runner/dist/index.js:145:11
    at file:///C:/Users/chris/Dev/Projects/TheFantasyWorldSimulator/node_modules/@vitest/runner/dist/index.js:915:26
    at file:///C:/Users/chris/Dev/Projects/TheFantasyWorldSimulator/node_modules/@vitest/runner/dist/index.js:1243:20
    at new Promise (<anonymous>)
    at runWithTimeout (file:///C:/Users/chris/Dev/Projects/TheFantasyWorldSimulator/node_modules/@vitest/runner/dist/index.js:1209:10)
[Orchestrator] Tick crashed, returning previous state: Error: Trait not found: trait.reputation.power.renown
    at assignTrait (C:/Users/chris/Dev/Projects/TheFantasyWorldSimulator/src/engine/traits.ts:44:25)
    at syncReputationTrait (C:/Users/chris/Dev/Projects/TheFantasyWorldSimulator/src/engine/phaseReputationTraits.ts:297:5)
    at phaseReputationTraits (C:/Users/chris/Dev/Projects/TheFantasyWorldSimulator/src/engine/phaseReputationTraits.ts:273:7)
    at runTick (C:/Users/chris/Dev/Projects/TheFantasyWorldSimulator/src/engine/orchestrator.ts:1896:18)
    at C:/Users/chris/Dev/Projects/TheFantasyWorldSimulator/src/engine/__tests__/content-layer1-integration.test.ts:120:17
    at file:///C:/Users/chris/Dev/Projects/TheFantasyWorldSimulator/node_modules/@vitest/runner/dist/index.js:145:11
    at file:///C:/Users/chris/Dev/Projects/TheFantasyWorldSimulator/node_modules/@vitest/runner/dist/index.js:915:26
    at file:///C:/Users/chris/Dev/Projects/TheFantasyWorldSimulator/node_modules/@vitest/runner/dist/index.js:1243:20
    at new Promise (<anonymous>)
    at runWithTimeout (file:///C:/Users/chris/Dev/Projects/TheFantasyWorldSimulator/node_modules/@vitest/runner/dist/index.js:1209:10)
[Orchestrator] Tick crashed, returning previous state: Error: Trait not found: trait.reputation.power.renown
    at assignTrait (C:/Users/chris/Dev/Projects/TheFantasyWorldSimulator/src/engine/traits.ts:44:25)
    at syncReputationTrait (C:/Users/chris/Dev/Projects/TheFantasyWorldSimulator/src/engine/phaseReputationTraits.ts:297:5)
    at phaseReputationTraits (C:/Users/chris/Dev/Projects/TheFantasyWorldSimulator/src/engine/phaseReputationTraits.ts:273:7)
    at runTick (C:/Users/chris/Dev/Projects/TheFantasyWorldSimulator/src/engine/orchestrator.ts:1896:18)
    at C:/Users/chris/Dev/Projects/TheFantasyWorldSimulator/src/engine/__tests__/content-layer1-integration.test.ts:120:17
    at file:///C:/Users/chris/Dev/Projects/TheFantasyWorldSimulator/node_modules/@vitest/runner/dist/index.js:145:11
    at file:///C:/Users/chris/Dev/Projects/TheFantasyWorldSimulator/node_modules/@vitest/runner/dist/index.js:915:26
    at file:///C:/Users/chris/Dev/Projects/TheFantasyWorldSimulator/node_modules/@vitest/runner/dist/index.js:1243:20
    at new Promise (<anonymous>)
    at runWithTimeout (file:///C:/Users/chris/Dev/Projects/TheFantasyWorldSimulator/node_modules/@vitest/runner/dist/index.js:1209:10)
[Orchestrator] Tick crashed, returning previous state: Error: Trait not found: trait.reputation.power.renown
    at assignTrait (C:/Users/chris/Dev/Projects/TheFantasyWorldSimulator/src/engine/traits.ts:44:25)
    at syncReputationTrait (C:/Users/chris/Dev/Projects/TheFantasyWorldSimulator/src/engine/phaseReputationTraits.ts:297:5)
    at phaseReputationTraits (C:/Users/chris/Dev/Projects/TheFantasyWorldSimulator/src/engine/phaseReputationTraits.ts:273:7)
    at runTick (C:/Users/chris/Dev/Projects/TheFantasyWorldSimulator/src/engine/orchestrator.ts:1896:18)
    at C:/Users/chris/Dev/Projects/TheFantasyWorldSimulator/src/engine/__tests__/content-layer1-integration.test.ts:120:17
    at file:///C:/Users/chris/Dev/Projects/TheFantasyWorldSimulator/node_modules/@vitest/runner/dist/index.js:145:11
    at file:///C:/Users/chris/Dev/Projects/TheFantasyWorldSimulator/node_modules/@vitest/runner/dist/index.js:915:26
    at file:///C:/Users/chris/Dev/Projects/TheFantasyWorldSimulator/node_modules/@vitest/runner/dist/index.js:1243:20
    at new Promise (<anonymous>)
    at runWithTimeout (file:///C:/Users/chris/Dev/Projects/TheFantasyWorldSimulator/node_modules/@vitest/runner/dist/index.js:1209:10)
[Orchestrator] Tick crashed, returning previous state: Error: Trait not found: trait.reputation.power.renown
    at assignTrait (C:/Users/chris/Dev/Projects/TheFantasyWorldSimulator/src/engine/traits.ts:44:25)
    at syncReputationTrait (C:/Users/chris/Dev/Projects/TheFantasyWorldSimulator/src/engine/phaseReputationTraits.ts:297:5)
    at phaseReputationTraits (C:/Users/chris/Dev/Projects/TheFantasyWorldSimulator/src/engine/phaseReputationTraits.ts:273:7)
    at runTick (C:/Users/chris/Dev/Projects/TheFantasyWorldSimulator/src/engine/orchestrator.ts:1896:18)
    at C:/Users/chris/Dev/Projects/TheFantasyWorldSimulator/src/engine/__tests__/content-layer1-integration.test.ts:120:17
    at file:///C:/Users/chris/Dev/Projects/TheFantasyWorldSimulator/node_modules/@vitest/runner/dist/index.js:145:11
    at file:///C:/Users/chris/Dev/Projects/TheFantasyWorldSimulator/node_modules/@vitest/runner/dist/index.js:915:26
    at file:///C:/Users/chris/Dev/Projects/TheFantasyWorldSimulator/node_modules/@vitest/runner/dist/index.js:1243:20
    at new Promise (<anonymous>)
    at runWithTimeout (file:///C:/Users/chris/Dev/Projects/TheFantasyWorldSimulator/node_modules/@vitest/runner/dist/index.js:1209:10)
[Orchestrator] Tick crashed, returning previous state: Error: Trait not found: trait.reputation.power.renown
    at assignTrait (C:/Users/chris/Dev/Projects/TheFantasyWorldSimulator/src/engine/traits.ts:44:25)
    at syncReputationTrait (C:/Users/chris/Dev/Projects/TheFantasyWorldSimulator/src/engine/phaseReputationTraits.ts:297:5)
    at phaseReputationTraits (C:/Users/chris/Dev/Projects/TheFantasyWorldSimulator/src/engine/phaseReputationTraits.ts:273:7)
    at runTick (C:/Users/chris/Dev/Projects/TheFantasyWorldSimulator/src/engine/orchestrator.ts:1896:18)
    at C:/Users/chris/Dev/Projects/TheFantasyWorldSimulator/src/engine/__tests__/content-layer1-integration.test.ts:120:17
    at file:///C:/Users/chris/Dev/Projects/TheFantasyWorldSimulator/node_modules/@vitest/runner/dist/index.js:145:11
    at file:///C:/Users/chris/Dev/Projects/TheFantasyWorldSimulator/node_modules/@vitest/runner/dist/index.js:915:26
    at file:///C:/Users/chris/Dev/Projects/TheFantasyWorldSimulator/node_modules/@vitest/runner/dist/index.js:1243:20
    at new Promise (<anonymous>)
    at runWithTimeout (file:///C:/Users/chris/Dev/Projects/TheFantasyWorldSimulator/node_modules/@vitest/runner/dist/index.js:1209:10)
[Orchestrator] Tick crashed, returning previous state: Error: Trait not found: trait.reputation.power.renown
    at assignTrait (C:/Users/chris/Dev/Projects/TheFantasyWorldSimulator/src/engine/traits.ts:44:25)
    at syncReputationTrait (C:/Users/chris/Dev/Projects/TheFantasyWorldSimulator/src/engine/phaseReputationTraits.ts:297:5)
    at phaseReputationTraits (C:/Users/chris/Dev/Projects/TheFantasyWorldSimulator/src/engine/phaseReputationTraits.ts:273:7)
    at runTick (C:/Users/chris/Dev/Projects/TheFantasyWorldSimulator/src/engine/orchestrator.ts:1896:18)
    at C:/Users/chris/Dev/Projects/TheFantasyWorldSimulator/src/engine/__tests__/content-layer1-integration.test.ts:120:17
    at file:///C:/Users/chris/Dev/Projects/TheFantasyWorldSimulator/node_modules/@vitest/runner/dist/index.js:145:11
    at file:///C:/Users/chris/Dev/Projects/TheFantasyWorldSimulator/node_modules/@vitest/runner/dist/index.js:915:26
    at file:///C:/Users/chris/Dev/Projects/TheFantasyWorldSimulator/node_modules/@vitest/runner/dist/index.js:1243:20
    at new Promise (<anonymous>)
    at runWithTimeout (file:///C:/Users/chris/Dev/Projects/TheFantasyWorldSimulator/node_modules/@vitest/runner/dist/index.js:1209:10)
[Orchestrator] Tick crashed, returning previous state: Error: Trait not found: trait.reputation.power.renown
    at assignTrait (C:/Users/chris/Dev/Projects/TheFantasyWorldSimulator/src/engine/traits.ts:44:25)
    at syncReputationTrait (C:/Users/chris/Dev/Projects/TheFantasyWorldSimulator/src/engine/phaseReputationTraits.ts:297:5)
    at phaseReputationTraits (C:/Users/chris/Dev/Projects/TheFantasyWorldSimulator/src/engine/phaseReputationTraits.ts:273:7)
    at runTick (C:/Users/chris/Dev/Projects/TheFantasyWorldSimulator/src/engine/orchestrator.ts:1896:18)
    at C:/Users/chris/Dev/Projects/TheFantasyWorldSimulator/src/engine/__tests__/content-layer1-integration.test.ts:120:17
    at file:///C:/Users/chris/Dev/Projects/TheFantasyWorldSimulator/node_modules/@vitest/runner/dist/index.js:145:11
    at file:///C:/Users/chris/Dev/Projects/TheFantasyWorldSimulator/node_modules/@vitest/runner/dist/index.js:915:26
    at file:///C:/Users/chris/Dev/Projects/TheFantasyWorldSimulator/node_modules/@vitest/runner/dist/index.js:1243:20
    at new Promise (<anonymous>)
    at runWithTimeout (file:///C:/Users/chris/Dev/Projects/TheFantasyWorldSimulator/node_modules/@vitest/runner/dist/index.js:1209:10)
[Orchestrator] Tick crashed, returning previous state: Error: Trait not found: trait.reputation.power.renown
    at assignTrait (C:/Users/chris/Dev/Projects/TheFantasyWorldSimulator/src/engine/traits.ts:44:25)
    at syncReputationTrait (C:/Users/chris/Dev/Projects/TheFantasyWorldSimulator/src/engine/phaseReputationTraits.ts:297:5)
    at phaseReputationTraits (C:/Users/chris/Dev/Projects/TheFantasyWorldSimulator/src/engine/phaseReputationTraits.ts:273:7)
    at runTick (C:/Users/chris/Dev/Projects/TheFantasyWorldSimulator/src/engine/orchestrator.ts:1896:18)
    at C:/Users/chris/Dev/Projects/TheFantasyWorldSimulator/src/engine/__tests__/content-layer1-integration.test.ts:120:17
    at file:///C:/Users/chris/Dev/Projects/TheFantasyWorldSimulator/node_modules/@vitest/runner/dist/index.js:145:11
    at file:///C:/Users/chris/Dev/Projects/TheFantasyWorldSimulator/node_modules/@vitest/runner/dist/index.js:915:26
    at file:///C:/Users/chris/Dev/Projects/TheFantasyWorldSimulator/node_modules/@vitest/runner/dist/index.js:1243:20
    at new Promise (<anonymous>)
    at runWithTimeout (file:///C:/Users/chris/Dev/Projects/TheFantasyWorldSimulator/node_modules/@vitest/runner/dist/index.js:1209:10)
[Orchestrator] Tick crashed, returning previous state: Error: Trait not found: trait.reputation.power.renown
    at assignTrait (C:/Users/chris/Dev/Projects/TheFantasyWorldSimulator/src/engine/traits.ts:44:25)
    at syncReputationTrait (C:/Users/chris/Dev/Projects/TheFantasyWorldSimulator/src/engine/phaseReputationTraits.ts:297:5)
    at phaseReputationTraits (C:/Users/chris/Dev/Projects/TheFantasyWorldSimulator/src/engine/phaseReputationTraits.ts:273:7)
    at runTick (C:/Users/chris/Dev/Projects/TheFantasyWorldSimulator/src/engine/orchestrator.ts:1896:18)
    at C:/Users/chris/Dev/Projects/TheFantasyWorldSimulator/src/engine/__tests__/content-layer1-integration.test.ts:120:17
    at file:///C:/Users/chris/Dev/Projects/TheFantasyWorldSimulator/node_modules/@vitest/runner/dist/index.js:145:11
    at file:///C:/Users/chris/Dev/Projects/TheFantasyWorldSimulator/node_modules/@vitest/runner/dist/index.js:915:26
    at file:///C:/Users/chris/Dev/Projects/TheFantasyWorldSimulator/node_modules/@vitest/runner/dist/index.js:1243:20
    at new Promise (<anonymous>)
    at runWithTimeout (file:///C:/Users/chris/Dev/Projects/TheFantasyWorldSimulator/node_modules/@vitest/runner/dist/index.js:1209:10)
[Orchestrator] Tick crashed, returning previous state: Error: Trait not found: trait.reputation.power.renown
    at assignTrait (C:/Users/chris/Dev/Projects/TheFantasyWorldSimulator/src/engine/traits.ts:44:25)
    at syncReputationTrait (C:/Users/chris/Dev/Projects/TheFantasyWorldSimulator/src/engine/phaseReputationTraits.ts:297:5)
    at phaseReputationTraits (C:/Users/chris/Dev/Projects/TheFantasyWorldSimulator/src/engine/phaseReputationTraits.ts:273:7)
    at runTick (C:/Users/chris/Dev/Projects/TheFantasyWorldSimulator/src/engine/orchestrator.ts:1896:18)
    at C:/Users/chris/Dev/Projects/TheFantasyWorldSimulator/src/engine/__tests__/content-layer1-integration.test.ts:120:17
    at file:///C:/Users/chris/Dev/Projects/TheFantasyWorldSimulator/node_modules/@vitest/runner/dist/index.js:145:11
    at file:///C:/Users/chris/Dev/Projects/TheFantasyWorldSimulator/node_modules/@vitest/runner/dist/index.js:915:26
    at file:///C:/Users/chris/Dev/Projects/TheFantasyWorldSimulator/node_modules/@vitest/runner/dist/index.js:1243:20
    at new Promise (<anonymous>)
    at runWithTimeout (file:///C:/Users/chris/Dev/Projects/TheFantasyWorldSimulator/node_modules/@vitest/runner/dist/index.js:1209:10)
[Orchestrator] Tick crashed, returning previous state: Error: Trait not found: trait.reputation.power.renown
    at assignTrait (C:/Users/chris/Dev/Projects/TheFantasyWorldSimulator/src/engine/traits.ts:44:25)
    at syncReputationTrait (C:/Users/chris/Dev/Projects/TheFantasyWorldSimulator/src/engine/phaseReputationTraits.ts:297:5)
    at phaseReputationTraits (C:/Users/chris/Dev/Projects/TheFantasyWorldSimulator/src/engine/phaseReputationTraits.ts:273:7)
    at runTick (C:/Users/chris/Dev/Projects/TheFantasyWorldSimulator/src/engine/orchestrator.ts:1896:18)
    at C:/Users/chris/Dev/Projects/TheFantasyWorldSimulator/src/engine/__tests__/content-layer1-integration.test.ts:120:17
    at file:///C:/Users/chris/Dev/Projects/TheFantasyWorldSimulator/node_modules/@vitest/runner/dist/index.js:145:11
    at file:///C:/Users/chris/Dev/Projects/TheFantasyWorldSimulator/node_modules/@vitest/runner/dist/index.js:915:26
    at file:///C:/Users/chris/Dev/Projects/TheFantasyWorldSimulator/node_modules/@vitest/runner/dist/index.js:1243:20
    at new Promise (<anonymous>)
    at runWithTimeout (file:///C:/Users/chris/Dev/Projects/TheFantasyWorldSimulator/node_modules/@vitest/runner/dist/index.js:1209:10)
[Orchestrator] Tick crashed, returning previous state: Error: Trait not found: trait.reputation.power.renown
    at assignTrait (C:/Users/chris/Dev/Projects/TheFantasyWorldSimulator/src/engine/traits.ts:44:25)
    at syncReputationTrait (C:/Users/chris/Dev/Projects/TheFantasyWorldSimulator/src/engine/phaseReputationTraits.ts:297:5)
    at phaseReputationTraits (C:/Users/chris/Dev/Projects/TheFantasyWorldSimulator/src/engine/phaseReputationTraits.ts:273:7)
    at runTick (C:/Users/chris/Dev/Projects/TheFantasyWorldSimulator/src/engine/orchestrator.ts:1896:18)
    at C:/Users/chris/Dev/Projects/TheFantasyWorldSimulator/src/engine/__tests__/content-layer1-integration.test.ts:120:17
    at file:///C:/Users/chris/Dev/Projects/TheFantasyWorldSimulator/node_modules/@vitest/runner/dist/index.js:145:11
    at file:///C:/Users/chris/Dev/Projects/TheFantasyWorldSimulator/node_modules/@vitest/runner/dist/index.js:915:26
    at file:///C:/Users/chris/Dev/Projects/TheFantasyWorldSimulator/node_modules/@vitest/runner/dist/index.js:1243:20
    at new Promise (<anonymous>)
    at runWithTimeout (file:///C:/Users/chris/Dev/Projects/TheFantasyWorldSimulator/node_modules/@vitest/runner/dist/index.js:1209:10)
[Orchestrator] Tick crashed, returning previous state: Error: Trait not found: trait.reputation.power.renown
    at assignTrait (C:/Users/chris/Dev/Projects/TheFantasyWorldSimulator/src/engine/traits.ts:44:25)
    at syncReputationTrait (C:/Users/chris/Dev/Projects/TheFantasyWorldSimulator/src/engine/phaseReputationTraits.ts:297:5)
    at phaseReputationTraits (C:/Users/chris/Dev/Projects/TheFantasyWorldSimulator/src/engine/phaseReputationTraits.ts:273:7)
    at runTick (C:/Users/chris/Dev/Projects/TheFantasyWorldSimulator/src/engine/orchestrator.ts:1896:18)
    at C:/Users/chris/Dev/Projects/TheFantasyWorldSimulator/src/engine/__tests__/content-layer1-integration.test.ts:120:17
    at file:///C:/Users/chris/Dev/Projects/TheFantasyWorldSimulator/node_modules/@vitest/runner/dist/index.js:145:11
    at file:///C:/Users/chris/Dev/Projects/TheFantasyWorldSimulator/node_modules/@vitest/runner/dist/index.js:915:26
    at file:///C:/Users/chris/Dev/Projects/TheFantasyWorldSimulator/node_modules/@vitest/runner/dist/index.js:1243:20
    at new Promise (<anonymous>)
    at runWithTimeout (file:///C:/Users/chris/Dev/Projects/TheFantasyWorldSimulator/node_modules/@vitest/runner/dist/index.js:1209:10)
[Orchestrator] Tick crashed, returning previous state: Error: Trait not found: trait.reputation.power.renown
    at assignTrait (C:/Users/chris/Dev/Projects/TheFantasyWorldSimulator/src/engine/traits.ts:44:25)
    at syncReputationTrait (C:/Users/chris/Dev/Projects/TheFantasyWorldSimulator/src/engine/phaseReputationTraits.ts:297:5)
    at phaseReputationTraits (C:/Users/chris/Dev/Projects/TheFantasyWorldSimulator/src/engine/phaseReputationTraits.ts:273:7)
    at runTick (C:/Users/chris/Dev/Projects/TheFantasyWorldSimulator/src/engine/orchestrator.ts:1896:18)
    at C:/Users/chris/Dev/Projects/TheFantasyWorldSimulator/src/engine/__tests__/content-layer1-integration.test.ts:120:17
    at file:///C:/Users/chris/Dev/Projects/TheFantasyWorldSimulator/node_modules/@vitest/runner/dist/index.js:145:11
    at file:///C:/Users/chris/Dev/Projects/TheFantasyWorldSimulator/node_modules/@vitest/runner/dist/index.js:915:26
    at file:///C:/Users/chris/Dev/Projects/TheFantasyWorldSimulator/node_modules/@vitest/runner/dist/index.js:1243:20
    at new Promise (<anonymous>)
    at runWithTimeout (file:///C:/Users/chris/Dev/Projects/TheFantasyWorldSimulator/node_modules/@vitest/runner/dist/index.js:1209:10)
[Orchestrator] Tick crashed, returning previous state: Error: Trait not found: trait.reputation.power.renown
    at assignTrait (C:/Users/chris/Dev/Projects/TheFantasyWorldSimulator/src/engine/traits.ts:44:25)
    at syncReputationTrait (C:/Users/chris/Dev/Projects/TheFantasyWorldSimulator/src/engine/phaseReputationTraits.ts:297:5)
    at phaseReputationTraits (C:/Users/chris/Dev/Projects/TheFantasyWorldSimulator/src/engine/phaseReputationTraits.ts:273:7)
    at runTick (C:/Users/chris/Dev/Projects/TheFantasyWorldSimulator/src/engine/orchestrator.ts:1896:18)
    at C:/Users/chris/Dev/Projects/TheFantasyWorldSimulator/src/engine/__tests__/content-layer1-integration.test.ts:120:17
    at file:///C:/Users/chris/Dev/Projects/TheFantasyWorldSimulator/node_modules/@vitest/runner/dist/index.js:145:11
    at file:///C:/Users/chris/Dev/Projects/TheFantasyWorldSimulator/node_modules/@vitest/runner/dist/index.js:915:26
    at file:///C:/Users/chris/Dev/Projects/TheFantasyWorldSimulator/node_modules/@vitest/runner/dist/index.js:1243:20
    at new Promise (<anonymous>)
    at runWithTimeout (file:///C:/Users/chris/Dev/Projects/TheFantasyWorldSimulator/node_modules/@vitest/runner/dist/index.js:1209:10)
[Orchestrator] Tick crashed, returning previous state: Error: Trait not found: trait.reputation.power.renown
    at assignTrait (C:/Users/chris/Dev/Projects/TheFantasyWorldSimulator/src/engine/traits.ts:44:25)
    at syncReputationTrait (C:/Users/chris/Dev/Projects/TheFantasyWorldSimulator/src/engine/phaseReputationTraits.ts:297:5)
    at phaseReputationTraits (C:/Users/chris/Dev/Projects/TheFantasyWorldSimulator/src/engine/phaseReputationTraits.ts:273:7)
    at runTick (C:/Users/chris/Dev/Projects/TheFantasyWorldSimulator/src/engine/orchestrator.ts:1896:18)
    at C:/Users/chris/Dev/Projects/TheFantasyWorldSimulator/src/engine/__tests__/content-layer1-integration.test.ts:120:17
    at file:///C:/Users/chris/Dev/Projects/TheFantasyWorldSimulator/node_modules/@vitest/runner/dist/index.js:145:11
    at file:///C:/Users/chris/Dev/Projects/TheFantasyWorldSimulator/node_modules/@vitest/runner/dist/index.js:915:26
    at file:///C:/Users/chris/Dev/Projects/TheFantasyWorldSimulator/node_modules/@vitest/runner/dist/index.js:1243:20
    at new Promise (<anonymous>)
    at runWithTimeout (file:///C:/Users/chris/Dev/Projects/TheFantasyWorldSimulator/node_modules/@vitest/runner/dist/index.js:1209:10)
[Orchestrator] Tick crashed, returning previous state: Error: Trait not found: trait.reputation.power.renown
    at assignTrait (C:/Users/chris/Dev/Projects/TheFantasyWorldSimulator/src/engine/traits.ts:44:25)
    at syncReputationTrait (C:/Users/chris/Dev/Projects/TheFantasyWorldSimulator/src/engine/phaseReputationTraits.ts:297:5)
    at phaseReputationTraits (C:/Users/chris/Dev/Projects/TheFantasyWorldSimulator/src/engine/phaseReputationTraits.ts:273:7)
    at runTick (C:/Users/chris/Dev/Projects/TheFantasyWorldSimulator/src/engine/orchestrator.ts:1896:18)
    at C:/Users/chris/Dev/Projects/TheFantasyWorldSimulator/src/engine/__tests__/content-layer1-integration.test.ts:120:17
    at file:///C:/Users/chris/Dev/Projects/TheFantasyWorldSimulator/node_modules/@vitest/runner/dist/index.js:145:11
    at file:///C:/Users/chris/Dev/Projects/TheFantasyWorldSimulator/node_modules/@vitest/runner/dist/index.js:915:26
    at file:///C:/Users/chris/Dev/Projects/TheFantasyWorldSimulator/node_modules/@vitest/runner/dist/index.js:1243:20
    at new Promise (<anonymous>)
    at runWithTimeout (file:///C:/Users/chris/Dev/Projects/TheFantasyWorldSimulator/node_modules/@vitest/runner/dist/index.js:1209:10)
[Orchestrator] Tick crashed, returning previous state: Error: Trait not found: trait.reputation.power.renown
    at assignTrait (C:/Users/chris/Dev/Projects/TheFantasyWorldSimulator/src/engine/traits.ts:44:25)
    at syncReputationTrait (C:/Users/chris/Dev/Projects/TheFantasyWorldSimulator/src/engine/phaseReputationTraits.ts:297:5)
    at phaseReputationTraits (C:/Users/chris/Dev/Projects/TheFantasyWorldSimulator/src/engine/phaseReputationTraits.ts:273:7)
    at runTick (C:/Users/chris/Dev/Projects/TheFantasyWorldSimulator/src/engine/orchestrator.ts:1896:18)
    at C:/Users/chris/Dev/Projects/TheFantasyWorldSimulator/src/engine/__tests__/content-layer1-integration.test.ts:120:17
    at file:///C:/Users/chris/Dev/Projects/TheFantasyWorldSimulator/node_modules/@vitest/runner/dist/index.js:145:11
    at file:///C:/Users/chris/Dev/Projects/TheFantasyWorldSimulator/node_modules/@vitest/runner/dist/index.js:915:26
    at file:///C:/Users/chris/Dev/Projects/TheFantasyWorldSimulator/node_modules/@vitest/runner/dist/index.js:1243:20
    at new Promise (<anonymous>)
    at runWithTimeout (file:///C:/Users/chris/Dev/Projects/TheFantasyWorldSimulator/node_modules/@vitest/runner/dist/index.js:1209:10)
[Orchestrator] Tick crashed, returning previous state: Error: Trait not found: trait.reputation.power.renown
    at assignTrait (C:/Users/chris/Dev/Projects/TheFantasyWorldSimulator/src/engine/traits.ts:44:25)
    at syncReputationTrait (C:/Users/chris/Dev/Projects/TheFantasyWorldSimulator/src/engine/phaseReputationTraits.ts:297:5)
    at phaseReputationTraits (C:/Users/chris/Dev/Projects/TheFantasyWorldSimulator/src/engine/phaseReputationTraits.ts:273:7)
    at runTick (C:/Users/chris/Dev/Projects/TheFantasyWorldSimulator/src/engine/orchestrator.ts:1896:18)
    at C:/Users/chris/Dev/Projects/TheFantasyWorldSimulator/src/engine/__tests__/content-layer1-integration.test.ts:120:17
    at file:///C:/Users/chris/Dev/Projects/TheFantasyWorldSimulator/node_modules/@vitest/runner/dist/index.js:145:11
    at file:///C:/Users/chris/Dev/Projects/TheFantasyWorldSimulator/node_modules/@vitest/runner/dist/index.js:915:26
    at file:///C:/Users/chris/Dev/Projects/TheFantasyWorldSimulator/node_modules/@vitest/runner/dist/index.js:1243:20
    at new Promise (<anonymous>)
    at runWithTimeout (file:///C:/Users/chris/Dev/Projects/TheFantasyWorldSimulator/node_modules/@vitest/runner/dist/index.js:1209:10)
[Orchestrator] Tick crashed, returning previous state: Error: Trait not found: trait.reputation.power.renown
    at assignTrait (C:/Users/chris/Dev/Projects/TheFantasyWorldSimulator/src/engine/traits.ts:44:25)
    at syncReputationTrait (C:/Users/chris/Dev/Projects/TheFantasyWorldSimulator/src/engine/phaseReputationTraits.ts:297:5)
    at phaseReputationTraits (C:/Users/chris/Dev/Projects/TheFantasyWorldSimulator/src/engine/phaseReputationTraits.ts:273:7)
    at runTick (C:/Users/chris/Dev/Projects/TheFantasyWorldSimulator/src/engine/orchestrator.ts:1896:18)
    at C:/Users/chris/Dev/Projects/TheFantasyWorldSimulator/src/engine/__tests__/content-layer1-integration.test.ts:120:17
    at file:///C:/Users/chris/Dev/Projects/TheFantasyWorldSimulator/node_modules/@vitest/runner/dist/index.js:145:11
    at file:///C:/Users/chris/Dev/Projects/TheFantasyWorldSimulator/node_modules/@vitest/runner/dist/index.js:915:26
    at file:///C:/Users/chris/Dev/Projects/TheFantasyWorldSimulator/node_modules/@vitest/runner/dist/index.js:1243:20
    at new Promise (<anonymous>)
    at runWithTimeout (file:///C:/Users/chris/Dev/Projects/TheFantasyWorldSimulator/node_modules/@vitest/runner/dist/index.js:1209:10)
[Orchestrator] Tick crashed, returning previous state: Error: Trait not found: trait.reputation.power.renown
    at assignTrait (C:/Users/chris/Dev/Projects/TheFantasyWorldSimulator/src/engine/traits.ts:44:25)
    at syncReputationTrait (C:/Users/chris/Dev/Projects/TheFantasyWorldSimulator/src/engine/phaseReputationTraits.ts:297:5)
    at phaseReputationTraits (C:/Users/chris/Dev/Projects/TheFantasyWorldSimulator/src/engine/phaseReputationTraits.ts:273:7)
    at runTick (C:/Users/chris/Dev/Projects/TheFantasyWorldSimulator/src/engine/orchestrator.ts:1896:18)
    at C:/Users/chris/Dev/Projects/TheFantasyWorldSimulator/src/engine/__tests__/content-layer1-integration.test.ts:120:17
    at file:///C:/Users/chris/Dev/Projects/TheFantasyWorldSimulator/node_modules/@vitest/runner/dist/index.js:145:11
    at file:///C:/Users/chris/Dev/Projects/TheFantasyWorldSimulator/node_modules/@vitest/runner/dist/index.js:915:26
    at file:///C:/Users/chris/Dev/Projects/TheFantasyWorldSimulator/node_modules/@vitest/runner/dist/index.js:1243:20
    at new Promise (<anonymous>)
    at runWithTimeout (file:///C:/Users/chris/Dev/Projects/TheFantasyWorldSimulator/node_modules/@vitest/runner/dist/index.js:1209:10)
[Orchestrator] Tick crashed, returning previous state: Error: Trait not found: trait.reputation.power.renown
    at assignTrait (C:/Users/chris/Dev/Projects/TheFantasyWorldSimulator/src/engine/traits.ts:44:25)
    at syncReputationTrait (C:/Users/chris/Dev/Projects/TheFantasyWorldSimulator/src/engine/phaseReputationTraits.ts:297:5)
    at phaseReputationTraits (C:/Users/chris/Dev/Projects/TheFantasyWorldSimulator/src/engine/phaseReputationTraits.ts:273:7)
    at runTick (C:/Users/chris/Dev/Projects/TheFantasyWorldSimulator/src/engine/orchestrator.ts:1896:18)
    at C:/Users/chris/Dev/Projects/TheFantasyWorldSimulator/src/engine/__tests__/content-layer1-integration.test.ts:120:17
    at file:///C:/Users/chris/Dev/Projects/TheFantasyWorldSimulator/node_modules/@vitest/runner/dist/index.js:145:11
    at file:///C:/Users/chris/Dev/Projects/TheFantasyWorldSimulator/node_modules/@vitest/runner/dist/index.js:915:26
    at file:///C:/Users/chris/Dev/Projects/TheFantasyWorldSimulator/node_modules/@vitest/runner/dist/index.js:1243:20
    at new Promise (<anonymous>)
    at runWithTimeout (file:///C:/Users/chris/Dev/Projects/TheFantasyWorldSimulator/node_modules/@vitest/runner/dist/index.js:1209:10)
[Orchestrator] Tick crashed, returning previous state: Error: Trait not found: trait.reputation.power.renown
    at assignTrait (C:/Users/chris/Dev/Projects/TheFantasyWorldSimulator/src/engine/traits.ts:44:25)
    at syncReputationTrait (C:/Users/chris/Dev/Projects/TheFantasyWorldSimulator/src/engine/phaseReputationTraits.ts:297:5)
    at phaseReputationTraits (C:/Users/chris/Dev/Projects/TheFantasyWorldSimulator/src/engine/phaseReputationTraits.ts:273:7)
    at runTick (C:/Users/chris/Dev/Projects/TheFantasyWorldSimulator/src/engine/orchestrator.ts:1896:18)
    at C:/Users/chris/Dev/Projects/TheFantasyWorldSimulator/src/engine/__tests__/content-layer1-integration.test.ts:120:17
    at file:///C:/Users/chris/Dev/Projects/TheFantasyWorldSimulator/node_modules/@vitest/runner/dist/index.js:145:11
    at file:///C:/Users/chris/Dev/Projects/TheFantasyWorldSimulator/node_modules/@vitest/runner/dist/index.js:915:26
    at file:///C:/Users/chris/Dev/Projects/TheFantasyWorldSimulator/node_modules/@vitest/runner/dist/index.js:1243:20
    at new Promise (<anonymous>)
    at runWithTimeout (file:///C:/Users/chris/Dev/Projects/TheFantasyWorldSimulator/node_modules/@vitest/runner/dist/index.js:1209:10)
[Orchestrator] Tick crashed, returning previous state: Error: Trait not found: trait.reputation.power.renown
    at assignTrait (C:/Users/chris/Dev/Projects/TheFantasyWorldSimulator/src/engine/traits.ts:44:25)
    at syncReputationTrait (C:/Users/chris/Dev/Projects/TheFantasyWorldSimulator/src/engine/phaseReputationTraits.ts:297:5)
    at phaseReputationTraits (C:/Users/chris/Dev/Projects/TheFantasyWorldSimulator/src/engine/phaseReputationTraits.ts:273:7)
    at runTick (C:/Users/chris/Dev/Projects/TheFantasyWorldSimulator/src/engine/orchestrator.ts:1896:18)
    at C:/Users/chris/Dev/Projects/TheFantasyWorldSimulator/src/engine/__tests__/content-layer1-integration.test.ts:120:17
    at file:///C:/Users/chris/Dev/Projects/TheFantasyWorldSimulator/node_modules/@vitest/runner/dist/index.js:145:11
    at file:///C:/Users/chris/Dev/Projects/TheFantasyWorldSimulator/node_modules/@vitest/runner/dist/index.js:915:26
    at file:///C:/Users/chris/Dev/Projects/TheFantasyWorldSimulator/node_modules/@vitest/runner/dist/index.js:1243:20
    at new Promise (<anonymous>)
    at runWithTimeout (file:///C:/Users/chris/Dev/Projects/TheFantasyWorldSimulator/node_modules/@vitest/runner/dist/index.js:1209:10)
[Orchestrator] Tick crashed, returning previous state: Error: Trait not found: trait.reputation.power.renown
    at assignTrait (C:/Users/chris/Dev/Projects/TheFantasyWorldSimulator/src/engine/traits.ts:44:25)
    at syncReputationTrait (C:/Users/chris/Dev/Projects/TheFantasyWorldSimulator/src/engine/phaseReputationTraits.ts:297:5)
    at phaseReputationTraits (C:/Users/chris/Dev/Projects/TheFantasyWorldSimulator/src/engine/phaseReputationTraits.ts:273:7)
    at runTick (C:/Users/chris/Dev/Projects/TheFantasyWorldSimulator/src/engine/orchestrator.ts:1896:18)
    at C:/Users/chris/Dev/Projects/TheFantasyWorldSimulator/src/engine/__tests__/content-layer1-integration.test.ts:120:17
    at file:///C:/Users/chris/Dev/Projects/TheFantasyWorldSimulator/node_modules/@vitest/runner/dist/index.js:145:11
    at file:///C:/Users/chris/Dev/Projects/TheFantasyWorldSimulator/node_modules/@vitest/runner/dist/index.js:915:26
    at file:///C:/Users/chris/Dev/Projects/TheFantasyWorldSimulator/node_modules/@vitest/runner/dist/index.js:1243:20
    at new Promise (<anonymous>)
    at runWithTimeout (file:///C:/Users/chris/Dev/Projects/TheFantasyWorldSimulator/node_modules/@vitest/runner/dist/index.js:1209:10)
[Orchestrator] Tick crashed, returning previous state: Error: Trait not found: trait.reputation.power.renown
    at assignTrait (C:/Users/chris/Dev/Projects/TheFantasyWorldSimulator/src/engine/traits.ts:44:25)
    at syncReputationTrait (C:/Users/chris/Dev/Projects/TheFantasyWorldSimulator/src/engine/phaseReputationTraits.ts:297:5)
    at phaseReputationTraits (C:/Users/chris/Dev/Projects/TheFantasyWorldSimulator/src/engine/phaseReputationTraits.ts:273:7)
    at runTick (C:/Users/chris/Dev/Projects/TheFantasyWorldSimulator/src/engine/orchestrator.ts:1896:18)
    at C:/Users/chris/Dev/Projects/TheFantasyWorldSimulator/src/engine/__tests__/content-layer1-integration.test.ts:120:17
    at file:///C:/Users/chris/Dev/Projects/TheFantasyWorldSimulator/node_modules/@vitest/runner/dist/index.js:145:11
    at file:///C:/Users/chris/Dev/Projects/TheFantasyWorldSimulator/node_modules/@vitest/runner/dist/index.js:915:26
    at file:///C:/Users/chris/Dev/Projects/TheFantasyWorldSimulator/node_modules/@vitest/runner/dist/index.js:1243:20
    at new Promise (<anonymous>)
    at runWithTimeout (file:///C:/Users/chris/Dev/Projects/TheFantasyWorldSimulator/node_modules/@vitest/runner/dist/index.js:1209:10)
[Orchestrator] Tick crashed, returning previous state: Error: Trait not found: trait.reputation.power.renown
    at assignTrait (C:/Users/chris/Dev/Projects/TheFantasyWorldSimulator/src/engine/traits.ts:44:25)
    at syncReputationTrait (C:/Users/chris/Dev/Projects/TheFantasyWorldSimulator/src/engine/phaseReputationTraits.ts:297:5)
    at phaseReputationTraits (C:/Users/chris/Dev/Projects/TheFantasyWorldSimulator/src/engine/phaseReputationTraits.ts:273:7)
    at runTick (C:/Users/chris/Dev/Projects/TheFantasyWorldSimulator/src/engine/orchestrator.ts:1896:18)
    at C:/Users/chris/Dev/Projects/TheFantasyWorldSimulator/src/engine/__tests__/content-layer1-integration.test.ts:120:17
    at file:///C:/Users/chris/Dev/Projects/TheFantasyWorldSimulator/node_modules/@vitest/runner/dist/index.js:145:11
    at file:///C:/Users/chris/Dev/Projects/TheFantasyWorldSimulator/node_modules/@vitest/runner/dist/index.js:915:26
    at file:///C:/Users/chris/Dev/Projects/TheFantasyWorldSimulator/node_modules/@vitest/runner/dist/index.js:1243:20
    at new Promise (<anonymous>)
    at runWithTimeout (file:///C:/Users/chris/Dev/Projects/TheFantasyWorldSimulator/node_modules/@vitest/runner/dist/index.js:1209:10)
[Orchestrator] Tick crashed, returning previous state: Error: Trait not found: trait.reputation.power.renown
    at assignTrait (C:/Users/chris/Dev/Projects/TheFantasyWorldSimulator/src/engine/traits.ts:44:25)
    at syncReputationTrait (C:/Users/chris/Dev/Projects/TheFantasyWorldSimulator/src/engine/phaseReputationTraits.ts:297:5)
    at phaseReputationTraits (C:/Users/chris/Dev/Projects/TheFantasyWorldSimulator/src/engine/phaseReputationTraits.ts:273:7)
    at runTick (C:/Users/chris/Dev/Projects/TheFantasyWorldSimulator/src/engine/orchestrator.ts:1896:18)
    at C:/Users/chris/Dev/Projects/TheFantasyWorldSimulator/src/engine/__tests__/content-layer1-integration.test.ts:120:17
    at file:///C:/Users/chris/Dev/Projects/TheFantasyWorldSimulator/node_modules/@vitest/runner/dist/index.js:145:11
    at file:///C:/Users/chris/Dev/Projects/TheFantasyWorldSimulator/node_modules/@vitest/runner/dist/index.js:915:26
    at file:///C:/Users/chris/Dev/Projects/TheFantasyWorldSimulator/node_modules/@vitest/runner/dist/index.js:1243:20
    at new Promise (<anonymous>)
    at runWithTimeout (file:///C:/Users/chris/Dev/Projects/TheFantasyWorldSimulator/node_modules/@vitest/runner/dist/index.js:1209:10)
[Orchestrator] Tick crashed, returning previous state: Error: Trait not found: trait.reputation.power.renown
    at assignTrait (C:/Users/chris/Dev/Projects/TheFantasyWorldSimulator/src/engine/traits.ts:44:25)
    at syncReputationTrait (C:/Users/chris/Dev/Projects/TheFantasyWorldSimulator/src/engine/phaseReputationTraits.ts:297:5)
    at phaseReputationTraits (C:/Users/chris/Dev/Projects/TheFantasyWorldSimulator/src/engine/phaseReputationTraits.ts:273:7)
    at runTick (C:/Users/chris/Dev/Projects/TheFantasyWorldSimulator/src/engine/orchestrator.ts:1896:18)
    at C:/Users/chris/Dev/Projects/TheFantasyWorldSimulator/src/engine/__tests__/content-layer1-integration.test.ts:120:17
    at file:///C:/Users/chris/Dev/Projects/TheFantasyWorldSimulator/node_modules/@vitest/runner/dist/index.js:145:11
    at file:///C:/Users/chris/Dev/Projects/TheFantasyWorldSimulator/node_modules/@vitest/runner/dist/index.js:915:26
    at file:///C:/Users/chris/Dev/Projects/TheFantasyWorldSimulator/node_modules/@vitest/runner/dist/index.js:1243:20
    at new Promise (<anonymous>)
    at runWithTimeout (file:///C:/Users/chris/Dev/Projects/TheFantasyWorldSimulator/node_modules/@vitest/runner/dist/index.js:1209:10)

[90mstdout[2m | src/engine/__tests__/content-layer1-integration.test.ts[2m > [22m[2mLayer 1 content integration[2m > [22m[2msimulation accumulates chronicle entries over 100 ticks
[22m[39m[WorldGen] Pass 'province' completed in 1.3ms
[WorldGen] Pass 'elevation' completed in 1.8ms
[WorldGen] Pass 'coastline' completed in 1.9ms
[WorldGen] Pass 'climate' completed in 1.6ms
[WorldGen] Pass 'hydrology' completed in 0.8ms
[WorldGen] Pass 'tempReassess' completed in 0.0ms
[WorldGen] Pass 'biome' completed in 0.2ms
[WorldGen] Culture terrain nudge: 42 hexes modified
[WorldGen] Pass 'cultureTerrainNudge' completed in 0.1ms
[WorldGen] Pass 'smoothing' completed in 0.8ms
[WorldGen] Pass 'validation' completed in 0.6ms

stderr | src/engine/__tests__/content-layer1-integration.test.ts > Layer 1 content integration > simulation accumulates chronicle entries over 100 ticks
[WorldGen] Validation errors: [ 'Ocean fraction too low: 7.4%' ]
[GraphSchema] Edge "belongs_to" source should be ["actor","location"], got "region" (edge edge_hist_territory_region_15_hist_culture_0)
[GraphSchema] Edge "belongs_to" source should be ["actor","location"], got "region" (edge edge_hist_territory_region_19_hist_culture_1)
[GraphSchema] Edge "belongs_to" source should be ["actor","location"], got "region" (edge edge_hist_territory_region_3_hist_culture_2)
[GraphSchema] Edge "belongs_to" source should be ["actor","location"], got "region" (edge edge_hist_territory_region_13_hist_culture_0)
[GraphSchema] Edge "belongs_to" source should be ["actor","location"], got "region" (edge edge_hist_territory_region_14_hist_culture_1)
[GraphSchema] Edge "belongs_to" source should be ["actor","location"], got "region" (edge edge_hist_territory_region_12_hist_culture_2)
[GraphSchema] Edge "belongs_to" source should be ["actor","location"], got "region" (edge edge_hist_territory_region_16_hist_culture_0)
[GraphSchema] Edge "belongs_to" source should be ["actor","location"], got "region" (edge edge_hist_territory_region_18_hist_culture_1)
[GraphSchema] Edge "belongs_to" source should be ["actor","location"], got "region" (edge edge_hist_territory_region_17_hist_culture_2)
[GraphSchema] Edge "belongs_to" source should be ["actor","location"], got "region" (edge edge_hist_territory_region_7_hist_culture_0)
[GraphSchema] Edge "belongs_to" source should be ["actor","location"], got "region" (edge edge_hist_territory_region_9_hist_culture_2)
[GraphSchema] Edge "belongs_to" source should be ["actor","location"], got "region" (edge edge_hist_territory_region_11_hist_culture_0)
[GraphSchema] Edge "belongs_to" source should be ["actor","location"], got "region" (edge edge_hist_territory_region_2_hist_culture_2)
[GraphSchema] Edge "belongs_to" source should be ["actor","location"], got "region" (edge edge_hist_territory_region_0_hist_culture_0)
[GraphSchema] Edge "belongs_to" source should be ["actor","location"], got "region" (edge edge_hist_territory_region_6_hist_culture_2)
[GraphSchema] Edge "belongs_to" source should be ["actor","location"], got "region" (edge edge_hist_territory_region_10_hist_culture_0)
[GraphSchema] Edge "belongs_to" source should be ["actor","location"], got "region" (edge edge_hist_territory_region_1_hist_culture_2)
[GraphSchema] Edge "belongs_to" source should be ["actor","location"], got "region" (edge edge_hist_territory_region_5_hist_culture_0)
[Orchestrator] Tick crashed, returning previous state: Error: Trait not found: trait.reputation.power.renown
    at assignTrait (C:/Users/chris/Dev/Projects/TheFantasyWorldSimulator/src/engine/traits.ts:44:25)
    at syncReputationTrait (C:/Users/chris/Dev/Projects/TheFantasyWorldSimulator/src/engine/phaseReputationTraits.ts:297:5)
    at phaseReputationTraits (C:/Users/chris/Dev/Projects/TheFantasyWorldSimulator/src/engine/phaseReputationTraits.ts:273:7)
    at runTick (C:/Users/chris/Dev/Projects/TheFantasyWorldSimulator/src/engine/orchestrator.ts:1896:18)
    at C:/Users/chris/Dev/Projects/TheFantasyWorldSimulator/src/engine/__tests__/content-layer1-integration.test.ts:142:17
    at file:///C:/Users/chris/Dev/Projects/TheFantasyWorldSimulator/node_modules/@vitest/runner/dist/index.js:145:11
    at file:///C:/Users/chris/Dev/Projects/TheFantasyWorldSimulator/node_modules/@vitest/runner/dist/index.js:915:26
    at file:///C:/Users/chris/Dev/Projects/TheFantasyWorldSimulator/node_modules/@vitest/runner/dist/index.js:1243:20
    at new Promise (<anonymous>)
    at runWithTimeout (file:///C:/Users/chris/Dev/Projects/TheFantasyWorldSimulator/node_modules/@vitest/runner/dist/index.js:1209:10)
[Orchestrator] Tick crashed, returning previous state: Error: Trait not found: trait.reputation.power.renown
    at assignTrait (C:/Users/chris/Dev/Projects/TheFantasyWorldSimulator/src/engine/traits.ts:44:25)
    at syncReputationTrait (C:/Users/chris/Dev/Projects/TheFantasyWorldSimulator/src/engine/phaseReputationTraits.ts:297:5)
    at phaseReputationTraits (C:/Users/chris/Dev/Projects/TheFantasyWorldSimulator/src/engine/phaseReputationTraits.ts:273:7)
    at runTick (C:/Users/chris/Dev/Projects/TheFantasyWorldSimulator/src/engine/orchestrator.ts:1896:18)
    at C:/Users/chris/Dev/Projects/TheFantasyWorldSimulator/src/engine/__tests__/content-layer1-integration.test.ts:142:17
    at file:///C:/Users/chris/Dev/Projects/TheFantasyWorldSimulator/node_modules/@vitest/runner/dist/index.js:145:11
    at file:///C:/Users/chris/Dev/Projects/TheFantasyWorldSimulator/node_modules/@vitest/runner/dist/index.js:915:26
    at file:///C:/Users/chris/Dev/Projects/TheFantasyWorldSimulator/node_modules/@vitest/runner/dist/index.js:1243:20
    at new Promise (<anonymous>)
    at runWithTimeout (file:///C:/Users/chris/Dev/Projects/TheFantasyWorldSimulator/node_modules/@vitest/runner/dist/index.js:1209:10)
[Orchestrator] Tick crashed, returning previous state: Error: Trait not found: trait.reputation.power.renown
    at assignTrait (C:/Users/chris/Dev/Projects/TheFantasyWorldSimulator/src/engine/traits.ts:44:25)
    at syncReputationTrait (C:/Users/chris/Dev/Projects/TheFantasyWorldSimulator/src/engine/phaseReputationTraits.ts:297:5)
    at phaseReputationTraits (C:/Users/chris/Dev/Projects/TheFantasyWorldSimulator/src/engine/phaseReputationTraits.ts:273:7)
    at runTick (C:/Users/chris/Dev/Projects/TheFantasyWorldSimulator/src/engine/orchestrator.ts:1896:18)
    at C:/Users/chris/Dev/Projects/TheFantasyWorldSimulator/src/engine/__tests__/content-layer1-integration.test.ts:142:17
    at file:///C:/Users/chris/Dev/Projects/TheFantasyWorldSimulator/node_modules/@vitest/runner/dist/index.js:145:11
    at file:///C:/Users/chris/Dev/Projects/TheFantasyWorldSimulator/node_modules/@vitest/runner/dist/index.js:915:26
    at file:///C:/Users/chris/Dev/Projects/TheFantasyWorldSimulator/node_modules/@vitest/runner/dist/index.js:1243:20
    at new Promise (<anonymous>)
    at runWithTimeout (file:///C:/Users/chris/Dev/Projects/TheFantasyWorldSimulator/node_modules/@vitest/runner/dist/index.js:1209:10)
[Orchestrator] Tick crashed, returning previous state: Error: Trait not found: trait.reputation.power.renown
    at assignTrait (C:/Users/chris/Dev/Projects/TheFantasyWorldSimulator/src/engine/traits.ts:44:25)
    at syncReputationTrait (C:/Users/chris/Dev/Projects/TheFantasyWorldSimulator/src/engine/phaseReputationTraits.ts:297:5)
    at phaseReputationTraits (C:/Users/chris/Dev/Projects/TheFantasyWorldSimulator/src/engine/phaseReputationTraits.ts:273:7)
    at runTick (C:/Users/chris/Dev/Projects/TheFantasyWorldSimulator/src/engine/orchestrator.ts:1896:18)
    at C:/Users/chris/Dev/Projects/TheFantasyWorldSimulator/src/engine/__tests__/content-layer1-integration.test.ts:142:17
    at file:///C:/Users/chris/Dev/Projects/TheFantasyWorldSimulator/node_modules/@vitest/runner/dist/index.js:145:11
    at file:///C:/Users/chris/Dev/Projects/TheFantasyWorldSimulator/node_modules/@vitest/runner/dist/index.js:915:26
    at file:///C:/Users/chris/Dev/Projects/TheFantasyWorldSimulator/node_modules/@vitest/runner/dist/index.js:1243:20
    at new Promise (<anonymous>)
    at runWithTimeout (file:///C:/Users/chris/Dev/Projects/TheFantasyWorldSimulator/node_modules/@vitest/runner/dist/index.js:1209:10)
[Orchestrator] Tick crashed, returning previous state: Error: Trait not found: trait.reputation.power.renown
    at assignTrait (C:/Users/chris/Dev/Projects/TheFantasyWorldSimulator/src/engine/traits.ts:44:25)
    at syncReputationTrait (C:/Users/chris/Dev/Projects/TheFantasyWorldSimulator/src/engine/phaseReputationTraits.ts:297:5)
    at phaseReputationTraits (C:/Users/chris/Dev/Projects/TheFantasyWorldSimulator/src/engine/phaseReputationTraits.ts:273:7)
    at runTick (C:/Users/chris/Dev/Projects/TheFantasyWorldSimulator/src/engine/orchestrator.ts:1896:18)
    at C:/Users/chris/Dev/Projects/TheFantasyWorldSimulator/src/engine/__tests__/content-layer1-integration.test.ts:142:17
    at file:///C:/Users/chris/Dev/Projects/TheFantasyWorldSimulator/node_modules/@vitest/runner/dist/index.js:145:11
    at file:///C:/Users/chris/Dev/Projects/TheFantasyWorldSimulator/node_modules/@vitest/runner/dist/index.js:915:26
    at file:///C:/Users/chris/Dev/Projects/TheFantasyWorldSimulator/node_modules/@vitest/runner/dist/index.js:1243:20
    at new Promise (<anonymous>)
    at runWithTimeout (file:///C:/Users/chris/Dev/Projects/TheFantasyWorldSimulator/node_modules/@vitest/runner/dist/index.js:1209:10)
[Orchestrator] Tick crashed, returning previous state: Error: Trait not found: trait.reputation.power.renown
    at assignTrait (C:/Users/chris/Dev/Projects/TheFantasyWorldSimulator/src/engine/traits.ts:44:25)
    at syncReputationTrait (C:/Users/chris/Dev/Projects/TheFantasyWorldSimulator/src/engine/phaseReputationTraits.ts:297:5)
    at phaseReputationTraits (C:/Users/chris/Dev/Projects/TheFantasyWorldSimulator/src/engine/phaseReputationTraits.ts:273:7)
    at runTick (C:/Users/chris/Dev/Projects/TheFantasyWorldSimulator/src/engine/orchestrator.ts:1896:18)
    at C:/Users/chris/Dev/Projects/TheFantasyWorldSimulator/src/engine/__tests__/content-layer1-integration.test.ts:142:17
    at file:///C:/Users/chris/Dev/Projects/TheFantasyWorldSimulator/node_modules/@vitest/runner/dist/index.js:145:11
    at file:///C:/Users/chris/Dev/Projects/TheFantasyWorldSimulator/node_modules/@vitest/runner/dist/index.js:915:26
    at file:///C:/Users/chris/Dev/Projects/TheFantasyWorldSimulator/node_modules/@vitest/runner/dist/index.js:1243:20
    at new Promise (<anonymous>)
    at runWithTimeout (file:///C:/Users/chris/Dev/Projects/TheFantasyWorldSimulator/node_modules/@vitest/runner/dist/index.js:1209:10)
[Orchestrator] Tick crashed, returning previous state: Error: Trait not found: trait.reputation.power.renown
    at assignTrait (C:/Users/chris/Dev/Projects/TheFantasyWorldSimulator/src/engine/traits.ts:44:25)
    at syncReputationTrait (C:/Users/chris/Dev/Projects/TheFantasyWorldSimulator/src/engine/phaseReputationTraits.ts:297:5)
    at phaseReputationTraits (C:/Users/chris/Dev/Projects/TheFantasyWorldSimulator/src/engine/phaseReputationTraits.ts:273:7)
    at runTick (C:/Users/chris/Dev/Projects/TheFantasyWorldSimulator/src/engine/orchestrator.ts:1896:18)
    at C:/Users/chris/Dev/Projects/TheFantasyWorldSimulator/src/engine/__tests__/content-layer1-integration.test.ts:142:17
    at file:///C:/Users/chris/Dev/Projects/TheFantasyWorldSimulator/node_modules/@vitest/runner/dist/index.js:145:11
    at file:///C:/Users/chris/Dev/Projects/TheFantasyWorldSimulator/node_modules/@vitest/runner/dist/index.js:915:26
    at file:///C:/Users/chris/Dev/Projects/TheFantasyWorldSimulator/node_modules/@vitest/runner/dist/index.js:1243:20
    at new Promise (<anonymous>)
    at runWithTimeout (file:///C:/Users/chris/Dev/Projects/TheFantasyWorldSimulator/node_modules/@vitest/runner/dist/index.js:1209:10)
[Orchestrator] Tick crashed, returning previous state: Error: Trait not found: trait.reputation.power.renown
    at assignTrait (C:/Users/chris/Dev/Projects/TheFantasyWorldSimulator/src/engine/traits.ts:44:25)
    at syncReputationTrait (C:/Users/chris/Dev/Projects/TheFantasyWorldSimulator/src/engine/phaseReputationTraits.ts:297:5)
    at phaseReputationTraits (C:/Users/chris/Dev/Projects/TheFantasyWorldSimulator/src/engine/phaseReputationTraits.ts:273:7)
    at runTick (C:/Users/chris/Dev/Projects/TheFantasyWorldSimulator/src/engine/orchestrator.ts:1896:18)
    at C:/Users/chris/Dev/Projects/TheFantasyWorldSimulator/src/engine/__tests__/content-layer1-integration.test.ts:142:17
    at file:///C:/Users/chris/Dev/Projects/TheFantasyWorldSimulator/node_modules/@vitest/runner/dist/index.js:145:11
    at file:///C:/Users/chris/Dev/Projects/TheFantasyWorldSimulator/node_modules/@vitest/runner/dist/index.js:915:26
    at file:///C:/Users/chris/Dev/Projects/TheFantasyWorldSimulator/node_modules/@vitest/runner/dist/index.js:1243:20
    at new Promise (<anonymous>)
    at runWithTimeout (file:///C:/Users/chris/Dev/Projects/TheFantasyWorldSimulator/node_modules/@vitest/runner/dist/index.js:1209:10)
[Orchestrator] Tick crashed, returning previous state: Error: Trait not found: trait.reputation.power.renown
    at assignTrait (C:/Users/chris/Dev/Projects/TheFantasyWorldSimulator/src/engine/traits.ts:44:25)
    at syncReputationTrait (C:/Users/chris/Dev/Projects/TheFantasyWorldSimulator/src/engine/phaseReputationTraits.ts:297:5)
    at phaseReputationTraits (C:/Users/chris/Dev/Projects/TheFantasyWorldSimulator/src/engine/phaseReputationTraits.ts:273:7)
    at runTick (C:/Users/chris/Dev/Projects/TheFantasyWorldSimulator/src/engine/orchestrator.ts:1896:18)
    at C:/Users/chris/Dev/Projects/TheFantasyWorldSimulator/src/engine/__tests__/content-layer1-integration.test.ts:142:17
    at file:///C:/Users/chris/Dev/Projects/TheFantasyWorldSimulator/node_modules/@vitest/runner/dist/index.js:145:11
    at file:///C:/Users/chris/Dev/Projects/TheFantasyWorldSimulator/node_modules/@vitest/runner/dist/index.js:915:26
    at file:///C:/Users/chris/Dev/Projects/TheFantasyWorldSimulator/node_modules/@vitest/runner/dist/index.js:1243:20
    at new Promise (<anonymous>)
    at runWithTimeout (file:///C:/Users/chris/Dev/Projects/TheFantasyWorldSimulator/node_modules/@vitest/runner/dist/index.js:1209:10)
[Orchestrator] Tick crashed, returning previous state: Error: Trait not found: trait.reputation.power.renown
    at assignTrait (C:/Users/chris/Dev/Projects/TheFantasyWorldSimulator/src/engine/traits.ts:44:25)
    at syncReputationTrait (C:/Users/chris/Dev/Projects/TheFantasyWorldSimulator/src/engine/phaseReputationTraits.ts:297:5)
    at phaseReputationTraits (C:/Users/chris/Dev/Projects/TheFantasyWorldSimulator/src/engine/phaseReputationTraits.ts:273:7)
    at runTick (C:/Users/chris/Dev/Projects/TheFantasyWorldSimulator/src/engine/orchestrator.ts:1896:18)
    at C:/Users/chris/Dev/Projects/TheFantasyWorldSimulator/src/engine/__tests__/content-layer1-integration.test.ts:142:17
    at file:///C:/Users/chris/Dev/Projects/TheFantasyWorldSimulator/node_modules/@vitest/runner/dist/index.js:145:11
    at file:///C:/Users/chris/Dev/Projects/TheFantasyWorldSimulator/node_modules/@vitest/runner/dist/index.js:915:26
    at file:///C:/Users/chris/Dev/Projects/TheFantasyWorldSimulator/node_modules/@vitest/runner/dist/index.js:1243:20
    at new Promise (<anonymous>)
    at runWithTimeout (file:///C:/Users/chris/Dev/Projects/TheFantasyWorldSimulator/node_modules/@vitest/runner/dist/index.js:1209:10)
[Orchestrator] Tick crashed, returning previous state: Error: Trait not found: trait.reputation.power.renown
    at assignTrait (C:/Users/chris/Dev/Projects/TheFantasyWorldSimulator/src/engine/traits.ts:44:25)
    at syncReputationTrait (C:/Users/chris/Dev/Projects/TheFantasyWorldSimulator/src/engine/phaseReputationTraits.ts:297:5)
    at phaseReputationTraits (C:/Users/chris/Dev/Projects/TheFantasyWorldSimulator/src/engine/phaseReputationTraits.ts:273:7)
    at runTick (C:/Users/chris/Dev/Projects/TheFantasyWorldSimulator/src/engine/orchestrator.ts:1896:18)
    at C:/Users/chris/Dev/Projects/TheFantasyWorldSimulator/src/engine/__tests__/content-layer1-integration.test.ts:142:17
    at file:///C:/Users/chris/Dev/Projects/TheFantasyWorldSimulator/node_modules/@vitest/runner/dist/index.js:145:11
    at file:///C:/Users/chris/Dev/Projects/TheFantasyWorldSimulator/node_modules/@vitest/runner/dist/index.js:915:26
    at file:///C:/Users/chris/Dev/Projects/TheFantasyWorldSimulator/node_modules/@vitest/runner/dist/index.js:1243:20
    at new Promise (<anonymous>)
    at runWithTimeout (file:///C:/Users/chris/Dev/Projects/TheFantasyWorldSimulator/node_modules/@vitest/runner/dist/index.js:1209:10)
[Orchestrator] Tick crashed, returning previous state: Error: Trait not found: trait.reputation.power.renown
    at assignTrait (C:/Users/chris/Dev/Projects/TheFantasyWorldSimulator/src/engine/traits.ts:44:25)
    at syncReputationTrait (C:/Users/chris/Dev/Projects/TheFantasyWorldSimulator/src/engine/phaseReputationTraits.ts:297:5)
    at phaseReputationTraits (C:/Users/chris/Dev/Projects/TheFantasyWorldSimulator/src/engine/phaseReputationTraits.ts:273:7)
    at runTick (C:/Users/chris/Dev/Projects/TheFantasyWorldSimulator/src/engine/orchestrator.ts:1896:18)
    at C:/Users/chris/Dev/Projects/TheFantasyWorldSimulator/src/engine/__tests__/content-layer1-integration.test.ts:142:17
    at file:///C:/Users/chris/Dev/Projects/TheFantasyWorldSimulator/node_modules/@vitest/runner/dist/index.js:145:11
    at file:///C:/Users/chris/Dev/Projects/TheFantasyWorldSimulator/node_modules/@vitest/runner/dist/index.js:915:26
    at file:///C:/Users/chris/Dev/Projects/TheFantasyWorldSimulator/node_modules/@vitest/runner/dist/index.js:1243:20
    at new Promise (<anonymous>)
    at runWithTimeout (file:///C:/Users/chris/Dev/Projects/TheFantasyWorldSimulator/node_modules/@vitest/runner/dist/index.js:1209:10)
[Orchestrator] Tick crashed, returning previous state: Error: Trait not found: trait.reputation.power.renown
    at assignTrait (C:/Users/chris/Dev/Projects/TheFantasyWorldSimulator/src/engine/traits.ts:44:25)
    at syncReputationTrait (C:/Users/chris/Dev/Projects/TheFantasyWorldSimulator/src/engine/phaseReputationTraits.ts:297:5)
    at phaseReputationTraits (C:/Users/chris/Dev/Projects/TheFantasyWorldSimulator/src/engine/phaseReputationTraits.ts:273:7)
    at runTick (C:/Users/chris/Dev/Projects/TheFantasyWorldSimulator/src/engine/orchestrator.ts:1896:18)
    at C:/Users/chris/Dev/Projects/TheFantasyWorldSimulator/src/engine/__tests__/content-layer1-integration.test.ts:142:17
    at file:///C:/Users/chris/Dev/Projects/TheFantasyWorldSimulator/node_modules/@vitest/runner/dist/index.js:145:11
    at file:///C:/Users/chris/Dev/Projects/TheFantasyWorldSimulator/node_modules/@vitest/runner/dist/index.js:915:26
    at file:///C:/Users/chris/Dev/Projects/TheFantasyWorldSimulator/node_modules/@vitest/runner/dist/index.js:1243:20
    at new Promise (<anonymous>)
    at runWithTimeout (file:///C:/Users/chris/Dev/Projects/TheFantasyWorldSimulator/node_modules/@vitest/runner/dist/index.js:1209:10)
[Orchestrator] Tick crashed, returning previous state: Error: Trait not found: trait.reputation.power.renown
    at assignTrait (C:/Users/chris/Dev/Projects/TheFantasyWorldSimulator/src/engine/traits.ts:44:25)
    at syncReputationTrait (C:/Users/chris/Dev/Projects/TheFantasyWorldSimulator/src/engine/phaseReputationTraits.ts:297:5)
    at phaseReputationTraits (C:/Users/chris/Dev/Projects/TheFantasyWorldSimulator/src/engine/phaseReputationTraits.ts:273:7)
    at runTick (C:/Users/chris/Dev/Projects/TheFantasyWorldSimulator/src/engine/orchestrator.ts:1896:18)
    at C:/Users/chris/Dev/Projects/TheFantasyWorldSimulator/src/engine/__tests__/content-layer1-integration.test.ts:142:17
    at file:///C:/Users/chris/Dev/Projects/TheFantasyWorldSimulator/node_modules/@vitest/runner/dist/index.js:145:11
    at file:///C:/Users/chris/Dev/Projects/TheFantasyWorldSimulator/node_modules/@vitest/runner/dist/index.js:915:26
    at file:///C:/Users/chris/Dev/Projects/TheFantasyWorldSimulator/node_modules/@vitest/runner/dist/index.js:1243:20
    at new Promise (<anonymous>)
    at runWithTimeout (file:///C:/Users/chris/Dev/Projects/TheFantasyWorldSimulator/node_modules/@vitest/runner/dist/index.js:1209:10)
[Orchestrator] Tick crashed, returning previous state: Error: Trait not found: trait.reputation.power.renown
    at assignTrait (C:/Users/chris/Dev/Projects/TheFantasyWorldSimulator/src/engine/traits.ts:44:25)
    at syncReputationTrait (C:/Users/chris/Dev/Projects/TheFantasyWorldSimulator/src/engine/phaseReputationTraits.ts:297:5)
    at phaseReputationTraits (C:/Users/chris/Dev/Projects/TheFantasyWorldSimulator/src/engine/phaseReputationTraits.ts:273:7)
    at runTick (C:/Users/chris/Dev/Projects/TheFantasyWorldSimulator/src/engine/orchestrator.ts:1896:18)
    at C:/Users/chris/Dev/Projects/TheFantasyWorldSimulator/src/engine/__tests__/content-layer1-integration.test.ts:142:17
    at file:///C:/Users/chris/Dev/Projects/TheFantasyWorldSimulator/node_modules/@vitest/runner/dist/index.js:145:11
    at file:///C:/Users/chris/Dev/Projects/TheFantasyWorldSimulator/node_modules/@vitest/runner/dist/index.js:915:26
    at file:///C:/Users/chris/Dev/Projects/TheFantasyWorldSimulator/node_modules/@vitest/runner/dist/index.js:1243:20
    at new Promise (<anonymous>)
    at runWithTimeout (file:///C:/Users/chris/Dev/Projects/TheFantasyWorldSimulator/node_modules/@vitest/runner/dist/index.js:1209:10)
[Orchestrator] Tick crashed, returning previous state: Error: Trait not found: trait.reputation.power.renown
    at assignTrait (C:/Users/chris/Dev/Projects/TheFantasyWorldSimulator/src/engine/traits.ts:44:25)
    at syncReputationTrait (C:/Users/chris/Dev/Projects/TheFantasyWorldSimulator/src/engine/phaseReputationTraits.ts:297:5)
    at phaseReputationTraits (C:/Users/chris/Dev/Projects/TheFantasyWorldSimulator/src/engine/phaseReputationTraits.ts:273:7)
    at runTick (C:/Users/chris/Dev/Projects/TheFantasyWorldSimulator/src/engine/orchestrator.ts:1896:18)
    at C:/Users/chris/Dev/Projects/TheFantasyWorldSimulator/src/engine/__tests__/content-layer1-integration.test.ts:142:17
    at file:///C:/Users/chris/Dev/Projects/TheFantasyWorldSimulator/node_modules/@vitest/runner/dist/index.js:145:11
    at file:///C:/Users/chris/Dev/Projects/TheFantasyWorldSimulator/node_modules/@vitest/runner/dist/index.js:915:26
    at file:///C:/Users/chris/Dev/Projects/TheFantasyWorldSimulator/node_modules/@vitest/runner/dist/index.js:1243:20
    at new Promise (<anonymous>)
    at runWithTimeout (file:///C:/Users/chris/Dev/Projects/TheFantasyWorldSimulator/node_modules/@vitest/runner/dist/index.js:1209:10)
[Orchestrator] Tick crashed, returning previous state: Error: Trait not found: trait.reputation.power.renown
    at assignTrait (C:/Users/chris/Dev/Projects/TheFantasyWorldSimulator/src/engine/traits.ts:44:25)
    at syncReputationTrait (C:/Users/chris/Dev/Projects/TheFantasyWorldSimulator/src/engine/phaseReputationTraits.ts:297:5)
    at phaseReputationTraits (C:/Users/chris/Dev/Projects/TheFantasyWorldSimulator/src/engine/phaseReputationTraits.ts:273:7)
    at runTick (C:/Users/chris/Dev/Projects/TheFantasyWorldSimulator/src/engine/orchestrator.ts:1896:18)
    at C:/Users/chris/Dev/Projects/TheFantasyWorldSimulator/src/engine/__tests__/content-layer1-integration.test.ts:142:17
    at file:///C:/Users/chris/Dev/Projects/TheFantasyWorldSimulator/node_modules/@vitest/runner/dist/index.js:145:11
    at file:///C:/Users/chris/Dev/Projects/TheFantasyWorldSimulator/node_modules/@vitest/runner/dist/index.js:915:26
    at file:///C:/Users/chris/Dev/Projects/TheFantasyWorldSimulator/node_modules/@vitest/runner/dist/index.js:1243:20
    at new Promise (<anonymous>)
    at runWithTimeout (file:///C:/Users/chris/Dev/Projects/TheFantasyWorldSimulator/node_modules/@vitest/runner/dist/index.js:1209:10)
[Orchestrator] Tick crashed, returning previous state: Error: Trait not found: trait.reputation.power.renown
    at assignTrait (C:/Users/chris/Dev/Projects/TheFantasyWorldSimulator/src/engine/traits.ts:44:25)
    at syncReputationTrait (C:/Users/chris/Dev/Projects/TheFantasyWorldSimulator/src/engine/phaseReputationTraits.ts:297:5)
    at phaseReputationTraits (C:/Users/chris/Dev/Projects/TheFantasyWorldSimulator/src/engine/phaseReputationTraits.ts:273:7)
    at runTick (C:/Users/chris/Dev/Projects/TheFantasyWorldSimulator/src/engine/orchestrator.ts:1896:18)
    at C:/Users/chris/Dev/Projects/TheFantasyWorldSimulator/src/engine/__tests__/content-layer1-integration.test.ts:142:17
    at file:///C:/Users/chris/Dev/Projects/TheFantasyWorldSimulator/node_modules/@vitest/runner/dist/index.js:145:11
    at file:///C:/Users/chris/Dev/Projects/TheFantasyWorldSimulator/node_modules/@vitest/runner/dist/index.js:915:26
    at file:///C:/Users/chris/Dev/Projects/TheFantasyWorldSimulator/node_modules/@vitest/runner/dist/index.js:1243:20
    at new Promise (<anonymous>)
    at runWithTimeout (file:///C:/Users/chris/Dev/Projects/TheFantasyWorldSimulator/node_modules/@vitest/runner/dist/index.js:1209:10)
[Orchestrator] Tick crashed, returning previous state: Error: Trait not found: trait.reputation.power.renown
    at assignTrait (C:/Users/chris/Dev/Projects/TheFantasyWorldSimulator/src/engine/traits.ts:44:25)
    at syncReputationTrait (C:/Users/chris/Dev/Projects/TheFantasyWorldSimulator/src/engine/phaseReputationTraits.ts:297:5)
    at phaseReputationTraits (C:/Users/chris/Dev/Projects/TheFantasyWorldSimulator/src/engine/phaseReputationTraits.ts:273:7)
    at runTick (C:/Users/chris/Dev/Projects/TheFantasyWorldSimulator/src/engine/orchestrator.ts:1896:18)
    at C:/Users/chris/Dev/Projects/TheFantasyWorldSimulator/src/engine/__tests__/content-layer1-integration.test.ts:142:17
    at file:///C:/Users/chris/Dev/Projects/TheFantasyWorldSimulator/node_modules/@vitest/runner/dist/index.js:145:11
    at file:///C:/Users/chris/Dev/Projects/TheFantasyWorldSimulator/node_modules/@vitest/runner/dist/index.js:915:26
    at file:///C:/Users/chris/Dev/Projects/TheFantasyWorldSimulator/node_modules/@vitest/runner/dist/index.js:1243:20
    at new Promise (<anonymous>)
    at runWithTimeout (file:///C:/Users/chris/Dev/Projects/TheFantasyWorldSimulator/node_modules/@vitest/runner/dist/index.js:1209:10)
[Orchestrator] Tick crashed, returning previous state: Error: Trait not found: trait.reputation.power.renown
    at assignTrait (C:/Users/chris/Dev/Projects/TheFantasyWorldSimulator/src/engine/traits.ts:44:25)
    at syncReputationTrait (C:/Users/chris/Dev/Projects/TheFantasyWorldSimulator/src/engine/phaseReputationTraits.ts:297:5)
    at phaseReputationTraits (C:/Users/chris/Dev/Projects/TheFantasyWorldSimulator/src/engine/phaseReputationTraits.ts:273:7)
    at runTick (C:/Users/chris/Dev/Projects/TheFantasyWorldSimulator/src/engine/orchestrator.ts:1896:18)
    at C:/Users/chris/Dev/Projects/TheFantasyWorldSimulator/src/engine/__tests__/content-layer1-integration.test.ts:142:17
    at file:///C:/Users/chris/Dev/Projects/TheFantasyWorldSimulator/node_modules/@vitest/runner/dist/index.js:145:11
    at file:///C:/Users/chris/Dev/Projects/TheFantasyWorldSimulator/node_modules/@vitest/runner/dist/index.js:915:26
    at file:///C:/Users/chris/Dev/Projects/TheFantasyWorldSimulator/node_modules/@vitest/runner/dist/index.js:1243:20
    at new Promise (<anonymous>)
    at runWithTimeout (file:///C:/Users/chris/Dev/Projects/TheFantasyWorldSimulator/node_modules/@vitest/runner/dist/index.js:1209:10)
[Orchestrator] Tick crashed, returning previous state: Error: Trait not found: trait.reputation.power.renown
    at assignTrait (C:/Users/chris/Dev/Projects/TheFantasyWorldSimulator/src/engine/traits.ts:44:25)
    at syncReputationTrait (C:/Users/chris/Dev/Projects/TheFantasyWorldSimulator/src/engine/phaseReputationTraits.ts:297:5)
    at phaseReputationTraits (C:/Users/chris/Dev/Projects/TheFantasyWorldSimulator/src/engine/phaseReputationTraits.ts:273:7)
    at runTick (C:/Users/chris/Dev/Projects/TheFantasyWorldSimulator/src/engine/orchestrator.ts:1896:18)
    at C:/Users/chris/Dev/Projects/TheFantasyWorldSimulator/src/engine/__tests__/content-layer1-integration.test.ts:142:17
    at file:///C:/Users/chris/Dev/Projects/TheFantasyWorldSimulator/node_modules/@vitest/runner/dist/index.js:145:11
    at file:///C:/Users/chris/Dev/Projects/TheFantasyWorldSimulator/node_modules/@vitest/runner/dist/index.js:915:26
    at file:///C:/Users/chris/Dev/Projects/TheFantasyWorldSimulator/node_modules/@vitest/runner/dist/index.js:1243:20
    at new Promise (<anonymous>)
    at runWithTimeout (file:///C:/Users/chris/Dev/Projects/TheFantasyWorldSimulator/node_modules/@vitest/runner/dist/index.js:1209:10)
[Orchestrator] Tick crashed, returning previous state: Error: Trait not found: trait.reputation.power.renown
    at assignTrait (C:/Users/chris/Dev/Projects/TheFantasyWorldSimulator/src/engine/traits.ts:44:25)
    at syncReputationTrait (C:/Users/chris/Dev/Projects/TheFantasyWorldSimulator/src/engine/phaseReputationTraits.ts:297:5)
    at phaseReputationTraits (C:/Users/chris/Dev/Projects/TheFantasyWorldSimulator/src/engine/phaseReputationTraits.ts:273:7)
    at runTick (C:/Users/chris/Dev/Projects/TheFantasyWorldSimulator/src/engine/orchestrator.ts:1896:18)
    at C:/Users/chris/Dev/Projects/TheFantasyWorldSimulator/src/engine/__tests__/content-layer1-integration.test.ts:142:17
    at file:///C:/Users/chris/Dev/Projects/TheFantasyWorldSimulator/node_modules/@vitest/runner/dist/index.js:145:11
    at file:///C:/Users/chris/Dev/Projects/TheFantasyWorldSimulator/node_modules/@vitest/runner/dist/index.js:915:26
    at file:///C:/Users/chris/Dev/Projects/TheFantasyWorldSimulator/node_modules/@vitest/runner/dist/index.js:1243:20
    at new Promise (<anonymous>)
    at runWithTimeout (file:///C:/Users/chris/Dev/Projects/TheFantasyWorldSimulator/node_modules/@vitest/runner/dist/index.js:1209:10)
[Orchestrator] Tick crashed, returning previous state: Error: Trait not found: trait.reputation.power.renown
    at assignTrait (C:/Users/chris/Dev/Projects/TheFantasyWorldSimulator/src/engine/traits.ts:44:25)
    at syncReputationTrait (C:/Users/chris/Dev/Projects/TheFantasyWorldSimulator/src/engine/phaseReputationTraits.ts:297:5)
    at phaseReputationTraits (C:/Users/chris/Dev/Projects/TheFantasyWorldSimulator/src/engine/phaseReputationTraits.ts:273:7)
    at runTick (C:/Users/chris/Dev/Projects/TheFantasyWorldSimulator/src/engine/orchestrator.ts:1896:18)
    at C:/Users/chris/Dev/Projects/TheFantasyWorldSimulator/src/engine/__tests__/content-layer1-integration.test.ts:142:17
    at file:///C:/Users/chris/Dev/Projects/TheFantasyWorldSimulator/node_modules/@vitest/runner/dist/index.js:145:11
    at file:///C:/Users/chris/Dev/Projects/TheFantasyWorldSimulator/node_modules/@vitest/runner/dist/index.js:915:26
    at file:///C:/Users/chris/Dev/Projects/TheFantasyWorldSimulator/node_modules/@vitest/runner/dist/index.js:1243:20
    at new Promise (<anonymous>)
    at runWithTimeout (file:///C:/Users/chris/Dev/Projects/TheFantasyWorldSimulator/node_modules/@vitest/runner/dist/index.js:1209:10)
[Orchestrator] Tick crashed, returning previous state: Error: Trait not found: trait.reputation.power.renown
    at assignTrait (C:/Users/chris/Dev/Projects/TheFantasyWorldSimulator/src/engine/traits.ts:44:25)
    at syncReputationTrait (C:/Users/chris/Dev/Projects/TheFantasyWorldSimulator/src/engine/phaseReputationTraits.ts:297:5)
    at phaseReputationTraits (C:/Users/chris/Dev/Projects/TheFantasyWorldSimulator/src/engine/phaseReputationTraits.ts:273:7)
    at runTick (C:/Users/chris/Dev/Projects/TheFantasyWorldSimulator/src/engine/orchestrator.ts:1896:18)
    at C:/Users/chris/Dev/Projects/TheFantasyWorldSimulator/src/engine/__tests__/content-layer1-integration.test.ts:142:17
    at file:///C:/Users/chris/Dev/Projects/TheFantasyWorldSimulator/node_modules/@vitest/runner/dist/index.js:145:11
    at file:///C:/Users/chris/Dev/Projects/TheFantasyWorldSimulator/node_modules/@vitest/runner/dist/index.js:915:26
    at file:///C:/Users/chris/Dev/Projects/TheFantasyWorldSimulator/node_modules/@vitest/runner/dist/index.js:1243:20
    at new Promise (<anonymous>)
    at runWithTimeout (file:///C:/Users/chris/Dev/Projects/TheFantasyWorldSimulator/node_modules/@vitest/runner/dist/index.js:1209:10)
[Orchestrator] Tick crashed, returning previous state: Error: Trait not found: trait.reputation.power.renown
    at assignTrait (C:/Users/chris/Dev/Projects/TheFantasyWorldSimulator/src/engine/traits.ts:44:25)
    at syncReputationTrait (C:/Users/chris/Dev/Projects/TheFantasyWorldSimulator/src/engine/phaseReputationTraits.ts:297:5)
    at phaseReputationTraits (C:/Users/chris/Dev/Projects/TheFantasyWorldSimulator/src/engine/phaseReputationTraits.ts:273:7)
    at runTick (C:/Users/chris/Dev/Projects/TheFantasyWorldSimulator/src/engine/orchestrator.ts:1896:18)
    at C:/Users/chris/Dev/Projects/TheFantasyWorldSimulator/src/engine/__tests__/content-layer1-integration.test.ts:142:17
    at file:///C:/Users/chris/Dev/Projects/TheFantasyWorldSimulator/node_modules/@vitest/runner/dist/index.js:145:11
    at file:///C:/Users/chris/Dev/Projects/TheFantasyWorldSimulator/node_modules/@vitest/runner/dist/index.js:915:26
    at file:///C:/Users/chris/Dev/Projects/TheFantasyWorldSimulator/node_modules/@vitest/runner/dist/index.js:1243:20
    at new Promise (<anonymous>)
    at runWithTimeout (file:///C:/Users/chris/Dev/Projects/TheFantasyWorldSimulator/node_modules/@vitest/runner/dist/index.js:1209:10)
[Orchestrator] Tick crashed, returning previous state: Error: Trait not found: trait.reputation.power.renown
    at assignTrait (C:/Users/chris/Dev/Projects/TheFantasyWorldSimulator/src/engine/traits.ts:44:25)
    at syncReputationTrait (C:/Users/chris/Dev/Projects/TheFantasyWorldSimulator/src/engine/phaseReputationTraits.ts:297:5)
    at phaseReputationTraits (C:/Users/chris/Dev/Projects/TheFantasyWorldSimulator/src/engine/phaseReputationTraits.ts:273:7)
    at runTick (C:/Users/chris/Dev/Projects/TheFantasyWorldSimulator/src/engine/orchestrator.ts:1896:18)
    at C:/Users/chris/Dev/Projects/TheFantasyWorldSimulator/src/engine/__tests__/content-layer1-integration.test.ts:142:17
    at file:///C:/Users/chris/Dev/Projects/TheFantasyWorldSimulator/node_modules/@vitest/runner/dist/index.js:145:11
    at file:///C:/Users/chris/Dev/Projects/TheFantasyWorldSimulator/node_modules/@vitest/runner/dist/index.js:915:26
    at file:///C:/Users/chris/Dev/Projects/TheFantasyWorldSimulator/node_modules/@vitest/runner/dist/index.js:1243:20
    at new Promise (<anonymous>)
    at runWithTimeout (file:///C:/Users/chris/Dev/Projects/TheFantasyWorldSimulator/node_modules/@vitest/runner/dist/index.js:1209:10)
[Orchestrator] Tick crashed, returning previous state: Error: Trait not found: trait.reputation.power.renown
    at assignTrait (C:/Users/chris/Dev/Projects/TheFantasyWorldSimulator/src/engine/traits.ts:44:25)
    at syncReputationTrait (C:/Users/chris/Dev/Projects/TheFantasyWorldSimulator/src/engine/phaseReputationTraits.ts:297:5)
    at phaseReputationTraits (C:/Users/chris/Dev/Projects/TheFantasyWorldSimulator/src/engine/phaseReputationTraits.ts:273:7)
    at runTick (C:/Users/chris/Dev/Projects/TheFantasyWorldSimulator/src/engine/orchestrator.ts:1896:18)
    at C:/Users/chris/Dev/Projects/TheFantasyWorldSimulator/src/engine/__tests__/content-layer1-integration.test.ts:142:17
    at file:///C:/Users/chris/Dev/Projects/TheFantasyWorldSimulator/node_modules/@vitest/runner/dist/index.js:145:11
    at file:///C:/Users/chris/Dev/Projects/TheFantasyWorldSimulator/node_modules/@vitest/runner/dist/index.js:915:26
    at file:///C:/Users/chris/Dev/Projects/TheFantasyWorldSimulator/node_modules/@vitest/runner/dist/index.js:1243:20
    at new Promise (<anonymous>)
    at runWithTimeout (file:///C:/Users/chris/Dev/Projects/TheFantasyWorldSimulator/node_modules/@vitest/runner/dist/index.js:1209:10)
[Orchestrator] Tick crashed, returning previous state: Error: Trait not found: trait.reputation.power.renown
    at assignTrait (C:/Users/chris/Dev/Projects/TheFantasyWorldSimulator/src/engine/traits.ts:44:25)
    at syncReputationTrait (C:/Users/chris/Dev/Projects/TheFantasyWorldSimulator/src/engine/phaseReputationTraits.ts:297:5)
    at phaseReputationTraits (C:/Users/chris/Dev/Projects/TheFantasyWorldSimulator/src/engine/phaseReputationTraits.ts:273:7)
    at runTick (C:/Users/chris/Dev/Projects/TheFantasyWorldSimulator/src/engine/orchestrator.ts:1896:18)
    at C:/Users/chris/Dev/Projects/TheFantasyWorldSimulator/src/engine/__tests__/content-layer1-integration.test.ts:142:17
    at file:///C:/Users/chris/Dev/Projects/TheFantasyWorldSimulator/node_modules/@vitest/runner/dist/index.js:145:11
    at file:///C:/Users/chris/Dev/Projects/TheFantasyWorldSimulator/node_modules/@vitest/runner/dist/index.js:915:26
    at file:///C:/Users/chris/Dev/Projects/TheFantasyWorldSimulator/node_modules/@vitest/runner/dist/index.js:1243:20
    at new Promise (<anonymous>)
    at runWithTimeout (file:///C:/Users/chris/Dev/Projects/TheFantasyWorldSimulator/node_modules/@vitest/runner/dist/index.js:1209:10)
[Orchestrator] Tick crashed, returning previous state: Error: Trait not found: trait.reputation.power.renown
    at assignTrait (C:/Users/chris/Dev/Projects/TheFantasyWorldSimulator/src/engine/traits.ts:44:25)
    at syncReputationTrait (C:/Users/chris/Dev/Projects/TheFantasyWorldSimulator/src/engine/phaseReputationTraits.ts:297:5)
    at phaseReputationTraits (C:/Users/chris/Dev/Projects/TheFantasyWorldSimulator/src/engine/phaseReputationTraits.ts:273:7)
    at runTick (C:/Users/chris/Dev/Projects/TheFantasyWorldSimulator/src/engine/orchestrator.ts:1896:18)
    at C:/Users/chris/Dev/Projects/TheFantasyWorldSimulator/src/engine/__tests__/content-layer1-integration.test.ts:142:17
    at file:///C:/Users/chris/Dev/Projects/TheFantasyWorldSimulator/node_modules/@vitest/runner/dist/index.js:145:11
    at file:///C:/Users/chris/Dev/Projects/TheFantasyWorldSimulator/node_modules/@vitest/runner/dist/index.js:915:26
    at file:///C:/Users/chris/Dev/Projects/TheFantasyWorldSimulator/node_modules/@vitest/runner/dist/index.js:1243:20
    at new Promise (<anonymous>)
    at runWithTimeout (file:///C:/Users/chris/Dev/Projects/TheFantasyWorldSimulator/node_modules/@vitest/runner/dist/index.js:1209:10)
[Orchestrator] Tick crashed, returning previous state: Error: Trait not found: trait.reputation.power.renown
    at assignTrait (C:/Users/chris/Dev/Projects/TheFantasyWorldSimulator/src/engine/traits.ts:44:25)
    at syncReputationTrait (C:/Users/chris/Dev/Projects/TheFantasyWorldSimulator/src/engine/phaseReputationTraits.ts:297:5)
    at phaseReputationTraits (C:/Users/chris/Dev/Projects/TheFantasyWorldSimulator/src/engine/phaseReputationTraits.ts:273:7)
    at runTick (C:/Users/chris/Dev/Projects/TheFantasyWorldSimulator/src/engine/orchestrator.ts:1896:18)
    at C:/Users/chris/Dev/Projects/TheFantasyWorldSimulator/src/engine/__tests__/content-layer1-integration.test.ts:142:17
    at file:///C:/Users/chris/Dev/Projects/TheFantasyWorldSimulator/node_modules/@vitest/runner/dist/index.js:145:11
    at file:///C:/Users/chris/Dev/Projects/TheFantasyWorldSimulator/node_modules/@vitest/runner/dist/index.js:915:26
    at file:///C:/Users/chris/Dev/Projects/TheFantasyWorldSimulator/node_modules/@vitest/runner/dist/index.js:1243:20
    at new Promise (<anonymous>)
    at runWithTimeout (file:///C:/Users/chris/Dev/Projects/TheFantasyWorldSimulator/node_modules/@vitest/runner/dist/index.js:1209:10)
[Orchestrator] Tick crashed, returning previous state: Error: Trait not found: trait.reputation.power.renown
    at assignTrait (C:/Users/chris/Dev/Projects/TheFantasyWorldSimulator/src/engine/traits.ts:44:25)
    at syncReputationTrait (C:/Users/chris/Dev/Projects/TheFantasyWorldSimulator/src/engine/phaseReputationTraits.ts:297:5)
    at phaseReputationTraits (C:/Users/chris/Dev/Projects/TheFantasyWorldSimulator/src/engine/phaseReputationTraits.ts:273:7)
    at runTick (C:/Users/chris/Dev/Projects/TheFantasyWorldSimulator/src/engine/orchestrator.ts:1896:18)
    at C:/Users/chris/Dev/Projects/TheFantasyWorldSimulator/src/engine/__tests__/content-layer1-integration.test.ts:142:17
    at file:///C:/Users/chris/Dev/Projects/TheFantasyWorldSimulator/node_modules/@vitest/runner/dist/index.js:145:11
    at file:///C:/Users/chris/Dev/Projects/TheFantasyWorldSimulator/node_modules/@vitest/runner/dist/index.js:915:26
    at file:///C:/Users/chris/Dev/Projects/TheFantasyWorldSimulator/node_modules/@vitest/runner/dist/index.js:1243:20
    at new Promise (<anonymous>)
    at runWithTimeout (file:///C:/Users/chris/Dev/Projects/TheFantasyWorldSimulator/node_modules/@vitest/runner/dist/index.js:1209:10)
[Orchestrator] Tick crashed, returning previous state: Error: Trait not found: trait.reputation.power.renown
    at assignTrait (C:/Users/chris/Dev/Projects/TheFantasyWorldSimulator/src/engine/traits.ts:44:25)
    at syncReputationTrait (C:/Users/chris/Dev/Projects/TheFantasyWorldSimulator/src/engine/phaseReputationTraits.ts:297:5)
    at phaseReputationTraits (C:/Users/chris/Dev/Projects/TheFantasyWorldSimulator/src/engine/phaseReputationTraits.ts:273:7)
    at runTick (C:/Users/chris/Dev/Projects/TheFantasyWorldSimulator/src/engine/orchestrator.ts:1896:18)
    at C:/Users/chris/Dev/Projects/TheFantasyWorldSimulator/src/engine/__tests__/content-layer1-integration.test.ts:142:17
    at file:///C:/Users/chris/Dev/Projects/TheFantasyWorldSimulator/node_modules/@vitest/runner/dist/index.js:145:11
    at file:///C:/Users/chris/Dev/Projects/TheFantasyWorldSimulator/node_modules/@vitest/runner/dist/index.js:915:26
    at file:///C:/Users/chris/Dev/Projects/TheFantasyWorldSimulator/node_modules/@vitest/runner/dist/index.js:1243:20
    at new Promise (<anonymous>)
    at runWithTimeout (file:///C:/Users/chris/Dev/Projects/TheFantasyWorldSimulator/node_modules/@vitest/runner/dist/index.js:1209:10)
[Orchestrator] Tick crashed, returning previous state: Error: Trait not found: trait.reputation.power.renown
    at assignTrait (C:/Users/chris/Dev/Projects/TheFantasyWorldSimulator/src/engine/traits.ts:44:25)
    at syncReputationTrait (C:/Users/chris/Dev/Projects/TheFantasyWorldSimulator/src/engine/phaseReputationTraits.ts:297:5)
    at phaseReputationTraits (C:/Users/chris/Dev/Projects/TheFantasyWorldSimulator/src/engine/phaseReputationTraits.ts:273:7)
    at runTick (C:/Users/chris/Dev/Projects/TheFantasyWorldSimulator/src/engine/orchestrator.ts:1896:18)
    at C:/Users/chris/Dev/Projects/TheFantasyWorldSimulator/src/engine/__tests__/content-layer1-integration.test.ts:142:17
    at file:///C:/Users/chris/Dev/Projects/TheFantasyWorldSimulator/node_modules/@vitest/runner/dist/index.js:145:11
    at file:///C:/Users/chris/Dev/Projects/TheFantasyWorldSimulator/node_modules/@vitest/runner/dist/index.js:915:26
    at file:///C:/Users/chris/Dev/Projects/TheFantasyWorldSimulator/node_modules/@vitest/runner/dist/index.js:1243:20
    at new Promise (<anonymous>)
    at runWithTimeout (file:///C:/Users/chris/Dev/Projects/TheFantasyWorldSimulator/node_modules/@vitest/runner/dist/index.js:1209:10)
[Orchestrator] Tick crashed, returning previous state: Error: Trait not found: trait.reputation.power.renown
    at assignTrait (C:/Users/chris/Dev/Projects/TheFantasyWorldSimulator/src/engine/traits.ts:44:25)
    at syncReputationTrait (C:/Users/chris/Dev/Projects/TheFantasyWorldSimulator/src/engine/phaseReputationTraits.ts:297:5)
    at phaseReputationTraits (C:/Users/chris/Dev/Projects/TheFantasyWorldSimulator/src/engine/phaseReputationTraits.ts:273:7)
    at runTick (C:/Users/chris/Dev/Projects/TheFantasyWorldSimulator/src/engine/orchestrator.ts:1896:18)
    at C:/Users/chris/Dev/Projects/TheFantasyWorldSimulator/src/engine/__tests__/content-layer1-integration.test.ts:142:17
    at file:///C:/Users/chris/Dev/Projects/TheFantasyWorldSimulator/node_modules/@vitest/runner/dist/index.js:145:11
    at file:///C:/Users/chris/Dev/Projects/TheFantasyWorldSimulator/node_modules/@vitest/runner/dist/index.js:915:26
    at file:///C:/Users/chris/Dev/Projects/TheFantasyWorldSimulator/node_modules/@vitest/runner/dist/index.js:1243:20
    at new Promise (<anonymous>)
    at runWithTimeout (file:///C:/Users/chris/Dev/Projects/TheFantasyWorldSimulator/node_modules/@vitest/runner/dist/index.js:1209:10)
[Orchestrator] Tick crashed, returning previous state: Error: Trait not found: trait.reputation.power.renown
    at assignTrait (C:/Users/chris/Dev/Projects/TheFantasyWorldSimulator/src/engine/traits.ts:44:25)
    at syncReputationTrait (C:/Users/chris/Dev/Projects/TheFantasyWorldSimulator/src/engine/phaseReputationTraits.ts:297:5)
    at phaseReputationTraits (C:/Users/chris/Dev/Projects/TheFantasyWorldSimulator/src/engine/phaseReputationTraits.ts:273:7)
    at runTick (C:/Users/chris/Dev/Projects/TheFantasyWorldSimulator/src/engine/orchestrator.ts:1896:18)
    at C:/Users/chris/Dev/Projects/TheFantasyWorldSimulator/src/engine/__tests__/content-layer1-integration.test.ts:142:17
    at file:///C:/Users/chris/Dev/Projects/TheFantasyWorldSimulator/node_modules/@vitest/runner/dist/index.js:145:11
    at file:///C:/Users/chris/Dev/Projects/TheFantasyWorldSimulator/node_modules/@vitest/runner/dist/index.js:915:26
    at file:///C:/Users/chris/Dev/Projects/TheFantasyWorldSimulator/node_modules/@vitest/runner/dist/index.js:1243:20
    at new Promise (<anonymous>)
    at runWithTimeout (file:///C:/Users/chris/Dev/Projects/TheFantasyWorldSimulator/node_modules/@vitest/runner/dist/index.js:1209:10)
[Orchestrator] Tick crashed, returning previous state: Error: Trait not found: trait.reputation.power.renown
    at assignTrait (C:/Users/chris/Dev/Projects/TheFantasyWorldSimulator/src/engine/traits.ts:44:25)
    at syncReputationTrait (C:/Users/chris/Dev/Projects/TheFantasyWorldSimulator/src/engine/phaseReputationTraits.ts:297:5)
    at phaseReputationTraits (C:/Users/chris/Dev/Projects/TheFantasyWorldSimulator/src/engine/phaseReputationTraits.ts:273:7)
    at runTick (C:/Users/chris/Dev/Projects/TheFantasyWorldSimulator/src/engine/orchestrator.ts:1896:18)
    at C:/Users/chris/Dev/Projects/TheFantasyWorldSimulator/src/engine/__tests__/content-layer1-integration.test.ts:142:17
    at file:///C:/Users/chris/Dev/Projects/TheFantasyWorldSimulator/node_modules/@vitest/runner/dist/index.js:145:11
    at file:///C:/Users/chris/Dev/Projects/TheFantasyWorldSimulator/node_modules/@vitest/runner/dist/index.js:915:26
    at file:///C:/Users/chris/Dev/Projects/TheFantasyWorldSimulator/node_modules/@vitest/runner/dist/index.js:1243:20
    at new Promise (<anonymous>)
    at runWithTimeout (file:///C:/Users/chris/Dev/Projects/TheFantasyWorldSimulator/node_modules/@vitest/runner/dist/index.js:1209:10)
[Orchestrator] Tick crashed, returning previous state: Error: Trait not found: trait.reputation.power.renown
    at assignTrait (C:/Users/chris/Dev/Projects/TheFantasyWorldSimulator/src/engine/traits.ts:44:25)
    at syncReputationTrait (C:/Users/chris/Dev/Projects/TheFantasyWorldSimulator/src/engine/phaseReputationTraits.ts:297:5)
    at phaseReputationTraits (C:/Users/chris/Dev/Projects/TheFantasyWorldSimulator/src/engine/phaseReputationTraits.ts:273:7)
    at runTick (C:/Users/chris/Dev/Projects/TheFantasyWorldSimulator/src/engine/orchestrator.ts:1896:18)
    at C:/Users/chris/Dev/Projects/TheFantasyWorldSimulator/src/engine/__tests__/content-layer1-integration.test.ts:142:17
    at file:///C:/Users/chris/Dev/Projects/TheFantasyWorldSimulator/node_modules/@vitest/runner/dist/index.js:145:11
    at file:///C:/Users/chris/Dev/Projects/TheFantasyWorldSimulator/node_modules/@vitest/runner/dist/index.js:915:26
    at file:///C:/Users/chris/Dev/Projects/TheFantasyWorldSimulator/node_modules/@vitest/runner/dist/index.js:1243:20
    at new Promise (<anonymous>)
    at runWithTimeout (file:///C:/Users/chris/Dev/Projects/TheFantasyWorldSimulator/node_modules/@vitest/runner/dist/index.js:1209:10)
[Orchestrator] Tick crashed, returning previous state: Error: Trait not found: trait.reputation.power.renown
    at assignTrait (C:/Users/chris/Dev/Projects/TheFantasyWorldSimulator/src/engine/traits.ts:44:25)
    at syncReputationTrait (C:/Users/chris/Dev/Projects/TheFantasyWorldSimulator/src/engine/phaseReputationTraits.ts:297:5)
    at phaseReputationTraits (C:/Users/chris/Dev/Projects/TheFantasyWorldSimulator/src/engine/phaseReputationTraits.ts:273:7)
    at runTick (C:/Users/chris/Dev/Projects/TheFantasyWorldSimulator/src/engine/orchestrator.ts:1896:18)
    at C:/Users/chris/Dev/Projects/TheFantasyWorldSimulator/src/engine/__tests__/content-layer1-integration.test.ts:142:17
    at file:///C:/Users/chris/Dev/Projects/TheFantasyWorldSimulator/node_modules/@vitest/runner/dist/index.js:145:11
    at file:///C:/Users/chris/Dev/Projects/TheFantasyWorldSimulator/node_modules/@vitest/runner/dist/index.js:915:26
    at file:///C:/Users/chris/Dev/Projects/TheFantasyWorldSimulator/node_modules/@vitest/runner/dist/index.js:1243:20
    at new Promise (<anonymous>)
    at runWithTimeout (file:///C:/Users/chris/Dev/Projects/TheFantasyWorldSimulator/node_modules/@vitest/runner/dist/index.js:1209:10)
[Orchestrator] Tick crashed, returning previous state: Error: Trait not found: trait.reputation.power.renown
    at assignTrait (C:/Users/chris/Dev/Projects/TheFantasyWorldSimulator/src/engine/traits.ts:44:25)
    at syncReputationTrait (C:/Users/chris/Dev/Projects/TheFantasyWorldSimulator/src/engine/phaseReputationTraits.ts:297:5)
    at phaseReputationTraits (C:/Users/chris/Dev/Projects/TheFantasyWorldSimulator/src/engine/phaseReputationTraits.ts:273:7)
    at runTick (C:/Users/chris/Dev/Projects/TheFantasyWorldSimulator/src/engine/orchestrator.ts:1896:18)
    at C:/Users/chris/Dev/Projects/TheFantasyWorldSimulator/src/engine/__tests__/content-layer1-integration.test.ts:142:17
    at file:///C:/Users/chris/Dev/Projects/TheFantasyWorldSimulator/node_modules/@vitest/runner/dist/index.js:145:11
    at file:///C:/Users/chris/Dev/Projects/TheFantasyWorldSimulator/node_modules/@vitest/runner/dist/index.js:915:26
    at file:///C:/Users/chris/Dev/Projects/TheFantasyWorldSimulator/node_modules/@vitest/runner/dist/index.js:1243:20
    at new Promise (<anonymous>)
    at runWithTimeout (file:///C:/Users/chris/Dev/Projects/TheFantasyWorldSimulator/node_modules/@vitest/runner/dist/index.js:1209:10)
[Orchestrator] Tick crashed, returning previous state: Error: Trait not found: trait.reputation.power.renown
    at assignTrait (C:/Users/chris/Dev/Projects/TheFantasyWorldSimulator/src/engine/traits.ts:44:25)
    at syncReputationTrait (C:/Users/chris/Dev/Projects/TheFantasyWorldSimulator/src/engine/phaseReputationTraits.ts:297:5)
    at phaseReputationTraits (C:/Users/chris/Dev/Projects/TheFantasyWorldSimulator/src/engine/phaseReputationTraits.ts:273:7)
    at runTick (C:/Users/chris/Dev/Projects/TheFantasyWorldSimulator/src/engine/orchestrator.ts:1896:18)
    at C:/Users/chris/Dev/Projects/TheFantasyWorldSimulator/src/engine/__tests__/content-layer1-integration.test.ts:142:17
    at file:///C:/Users/chris/Dev/Projects/TheFantasyWorldSimulator/node_modules/@vitest/runner/dist/index.js:145:11
    at file:///C:/Users/chris/Dev/Projects/TheFantasyWorldSimulator/node_modules/@vitest/runner/dist/index.js:915:26
    at file:///C:/Users/chris/Dev/Projects/TheFantasyWorldSimulator/node_modules/@vitest/runner/dist/index.js:1243:20
    at new Promise (<anonymous>)
    at runWithTimeout (file:///C:/Users/chris/Dev/Projects/TheFantasyWorldSimulator/node_modules/@vitest/runner/dist/index.js:1209:10)
[Orchestrator] Tick crashed, returning previous state: Error: Trait not found: trait.reputation.power.renown
    at assignTrait (C:/Users/chris/Dev/Projects/TheFantasyWorldSimulator/src/engine/traits.ts:44:25)
    at syncReputationTrait (C:/Users/chris/Dev/Projects/TheFantasyWorldSimulator/src/engine/phaseReputationTraits.ts:297:5)
    at phaseReputationTraits (C:/Users/chris/Dev/Projects/TheFantasyWorldSimulator/src/engine/phaseReputationTraits.ts:273:7)
    at runTick (C:/Users/chris/Dev/Projects/TheFantasyWorldSimulator/src/engine/orchestrator.ts:1896:18)
    at C:/Users/chris/Dev/Projects/TheFantasyWorldSimulator/src/engine/__tests__/content-layer1-integration.test.ts:142:17
    at file:///C:/Users/chris/Dev/Projects/TheFantasyWorldSimulator/node_modules/@vitest/runner/dist/index.js:145:11
    at file:///C:/Users/chris/Dev/Projects/TheFantasyWorldSimulator/node_modules/@vitest/runner/dist/index.js:915:26
    at file:///C:/Users/chris/Dev/Projects/TheFantasyWorldSimulator/node_modules/@vitest/runner/dist/index.js:1243:20
    at new Promise (<anonymous>)
    at runWithTimeout (file:///C:/Users/chris/Dev/Projects/TheFantasyWorldSimulator/node_modules/@vitest/runner/dist/index.js:1209:10)
[Orchestrator] Tick crashed, returning previous state: Error: Trait not found: trait.reputation.power.renown
    at assignTrait (C:/Users/chris/Dev/Projects/TheFantasyWorldSimulator/src/engine/traits.ts:44:25)
    at syncReputationTrait (C:/Users/chris/Dev/Projects/TheFantasyWorldSimulator/src/engine/phaseReputationTraits.ts:297:5)
    at phaseReputationTraits (C:/Users/chris/Dev/Projects/TheFantasyWorldSimulator/src/engine/phaseReputationTraits.ts:273:7)
    at runTick (C:/Users/chris/Dev/Projects/TheFantasyWorldSimulator/src/engine/orchestrator.ts:1896:18)
    at C:/Users/chris/Dev/Projects/TheFantasyWorldSimulator/src/engine/__tests__/content-layer1-integration.test.ts:142:17
    at file:///C:/Users/chris/Dev/Projects/TheFantasyWorldSimulator/node_modules/@vitest/runner/dist/index.js:145:11
    at file:///C:/Users/chris/Dev/Projects/TheFantasyWorldSimulator/node_modules/@vitest/runner/dist/index.js:915:26
    at file:///C:/Users/chris/Dev/Projects/TheFantasyWorldSimulator/node_modules/@vitest/runner/dist/index.js:1243:20
    at new Promise (<anonymous>)
    at runWithTimeout (file:///C:/Users/chris/Dev/Projects/TheFantasyWorldSimulator/node_modules/@vitest/runner/dist/index.js:1209:10)
[Orchestrator] Tick crashed, returning previous state: Error: Trait not found: trait.reputation.power.renown
    at assignTrait (C:/Users/chris/Dev/Projects/TheFantasyWorldSimulator/src/engine/traits.ts:44:25)
    at syncReputationTrait (C:/Users/chris/Dev/Projects/TheFantasyWorldSimulator/src/engine/phaseReputationTraits.ts:297:5)
    at phaseReputationTraits (C:/Users/chris/Dev/Projects/TheFantasyWorldSimulator/src/engine/phaseReputationTraits.ts:273:7)
    at runTick (C:/Users/chris/Dev/Projects/TheFantasyWorldSimulator/src/engine/orchestrator.ts:1896:18)
    at C:/Users/chris/Dev/Projects/TheFantasyWorldSimulator/src/engine/__tests__/content-layer1-integration.test.ts:142:17
    at file:///C:/Users/chris/Dev/Projects/TheFantasyWorldSimulator/node_modules/@vitest/runner/dist/index.js:145:11
    at file:///C:/Users/chris/Dev/Projects/TheFantasyWorldSimulator/node_modules/@vitest/runner/dist/index.js:915:26
    at file:///C:/Users/chris/Dev/Projects/TheFantasyWorldSimulator/node_modules/@vitest/runner/dist/index.js:1243:20
    at new Promise (<anonymous>)
    at runWithTimeout (file:///C:/Users/chris/Dev/Projects/TheFantasyWorldSimulator/node_modules/@vitest/runner/dist/index.js:1209:10)
[Orchestrator] Tick crashed, returning previous state: Error: Trait not found: trait.reputation.power.renown
    at assignTrait (C:/Users/chris/Dev/Projects/TheFantasyWorldSimulator/src/engine/traits.ts:44:25)
    at syncReputationTrait (C:/Users/chris/Dev/Projects/TheFantasyWorldSimulator/src/engine/phaseReputationTraits.ts:297:5)
    at phaseReputationTraits (C:/Users/chris/Dev/Projects/TheFantasyWorldSimulator/src/engine/phaseReputationTraits.ts:273:7)
    at runTick (C:/Users/chris/Dev/Projects/TheFantasyWorldSimulator/src/engine/orchestrator.ts:1896:18)
    at C:/Users/chris/Dev/Projects/TheFantasyWorldSimulator/src/engine/__tests__/content-layer1-integration.test.ts:142:17
    at file:///C:/Users/chris/Dev/Projects/TheFantasyWorldSimulator/node_modules/@vitest/runner/dist/index.js:145:11
    at file:///C:/Users/chris/Dev/Projects/TheFantasyWorldSimulator/node_modules/@vitest/runner/dist/index.js:915:26
    at file:///C:/Users/chris/Dev/Projects/TheFantasyWorldSimulator/node_modules/@vitest/runner/dist/index.js:1243:20
    at new Promise (<anonymous>)
    at runWithTimeout (file:///C:/Users/chris/Dev/Projects/TheFantasyWorldSimulator/node_modules/@vitest/runner/dist/index.js:1209:10)
[Orchestrator] Tick crashed, returning previous state: Error: Trait not found: trait.reputation.power.renown
    at assignTrait (C:/Users/chris/Dev/Projects/TheFantasyWorldSimulator/src/engine/traits.ts:44:25)
    at syncReputationTrait (C:/Users/chris/Dev/Projects/TheFantasyWorldSimulator/src/engine/phaseReputationTraits.ts:297:5)
    at phaseReputationTraits (C:/Users/chris/Dev/Projects/TheFantasyWorldSimulator/src/engine/phaseReputationTraits.ts:273:7)
    at runTick (C:/Users/chris/Dev/Projects/TheFantasyWorldSimulator/src/engine/orchestrator.ts:1896:18)
    at C:/Users/chris/Dev/Projects/TheFantasyWorldSimulator/src/engine/__tests__/content-layer1-integration.test.ts:142:17
    at file:///C:/Users/chris/Dev/Projects/TheFantasyWorldSimulator/node_modules/@vitest/runner/dist/index.js:145:11
    at file:///C:/Users/chris/Dev/Projects/TheFantasyWorldSimulator/node_modules/@vitest/runner/dist/index.js:915:26
    at file:///C:/Users/chris/Dev/Projects/TheFantasyWorldSimulator/node_modules/@vitest/runner/dist/index.js:1243:20
    at new Promise (<anonymous>)
    at runWithTimeout (file:///C:/Users/chris/Dev/Projects/TheFantasyWorldSimulator/node_modules/@vitest/runner/dist/index.js:1209:10)
[Orchestrator] Tick crashed, returning previous state: Error: Trait not found: trait.reputation.power.renown
    at assignTrait (C:/Users/chris/Dev/Projects/TheFantasyWorldSimulator/src/engine/traits.ts:44:25)
    at syncReputationTrait (C:/Users/chris/Dev/Projects/TheFantasyWorldSimulator/src/engine/phaseReputationTraits.ts:297:5)
    at phaseReputationTraits (C:/Users/chris/Dev/Projects/TheFantasyWorldSimulator/src/engine/phaseReputationTraits.ts:273:7)
    at runTick (C:/Users/chris/Dev/Projects/TheFantasyWorldSimulator/src/engine/orchestrator.ts:1896:18)
    at C:/Users/chris/Dev/Projects/TheFantasyWorldSimulator/src/engine/__tests__/content-layer1-integration.test.ts:142:17
    at file:///C:/Users/chris/Dev/Projects/TheFantasyWorldSimulator/node_modules/@vitest/runner/dist/index.js:145:11
    at file:///C:/Users/chris/Dev/Projects/TheFantasyWorldSimulator/node_modules/@vitest/runner/dist/index.js:915:26
    at file:///C:/Users/chris/Dev/Projects/TheFantasyWorldSimulator/node_modules/@vitest/runner/dist/index.js:1243:20
    at new Promise (<anonymous>)
    at runWithTimeout (file:///C:/Users/chris/Dev/Projects/TheFantasyWorldSimulator/node_modules/@vitest/runner/dist/index.js:1209:10)
[Orchestrator] Tick crashed, returning previous state: Error: Trait not found: trait.reputation.power.renown
    at assignTrait (C:/Users/chris/Dev/Projects/TheFantasyWorldSimulator/src/engine/traits.ts:44:25)
    at syncReputationTrait (C:/Users/chris/Dev/Projects/TheFantasyWorldSimulator/src/engine/phaseReputationTraits.ts:297:5)
    at phaseReputationTraits (C:/Users/chris/Dev/Projects/TheFantasyWorldSimulator/src/engine/phaseReputationTraits.ts:273:7)
    at runTick (C:/Users/chris/Dev/Projects/TheFantasyWorldSimulator/src/engine/orchestrator.ts:1896:18)
    at C:/Users/chris/Dev/Projects/TheFantasyWorldSimulator/src/engine/__tests__/content-layer1-integration.test.ts:142:17
    at file:///C:/Users/chris/Dev/Projects/TheFantasyWorldSimulator/node_modules/@vitest/runner/dist/index.js:145:11
    at file:///C:/Users/chris/Dev/Projects/TheFantasyWorldSimulator/node_modules/@vitest/runner/dist/index.js:915:26
    at file:///C:/Users/chris/Dev/Projects/TheFantasyWorldSimulator/node_modules/@vitest/runner/dist/index.js:1243:20
    at new Promise (<anonymous>)
    at runWithTimeout (file:///C:/Users/chris/Dev/Projects/TheFantasyWorldSimulator/node_modules/@vitest/runner/dist/index.js:1209:10)
[Orchestrator] Tick crashed, returning previous state: Error: Trait not found: trait.reputation.power.renown
    at assignTrait (C:/Users/chris/Dev/Projects/TheFantasyWorldSimulator/src/engine/traits.ts:44:25)
    at syncReputationTrait (C:/Users/chris/Dev/Projects/TheFantasyWorldSimulator/src/engine/phaseReputationTraits.ts:297:5)
    at phaseReputationTraits (C:/Users/chris/Dev/Projects/TheFantasyWorldSimulator/src/engine/phaseReputationTraits.ts:273:7)
    at runTick (C:/Users/chris/Dev/Projects/TheFantasyWorldSimulator/src/engine/orchestrator.ts:1896:18)
    at C:/Users/chris/Dev/Projects/TheFantasyWorldSimulator/src/engine/__tests__/content-layer1-integration.test.ts:142:17
    at file:///C:/Users/chris/Dev/Projects/TheFantasyWorldSimulator/node_modules/@vitest/runner/dist/index.js:145:11
    at file:///C:/Users/chris/Dev/Projects/TheFantasyWorldSimulator/node_modules/@vitest/runner/dist/index.js:915:26
    at file:///C:/Users/chris/Dev/Projects/TheFantasyWorldSimulator/node_modules/@vitest/runner/dist/index.js:1243:20
    at new Promise (<anonymous>)
    at runWithTimeout (file:///C:/Users/chris/Dev/Projects/TheFantasyWorldSimulator/node_modules/@vitest/runner/dist/index.js:1209:10)
[Orchestrator] Tick crashed, returning previous state: Error: Trait not found: trait.reputation.power.renown
    at assignTrait (C:/Users/chris/Dev/Projects/TheFantasyWorldSimulator/src/engine/traits.ts:44:25)
    at syncReputationTrait (C:/Users/chris/Dev/Projects/TheFantasyWorldSimulator/src/engine/phaseReputationTraits.ts:297:5)
    at phaseReputationTraits (C:/Users/chris/Dev/Projects/TheFantasyWorldSimulator/src/engine/phaseReputationTraits.ts:273:7)
    at runTick (C:/Users/chris/Dev/Projects/TheFantasyWorldSimulator/src/engine/orchestrator.ts:1896:18)
    at C:/Users/chris/Dev/Projects/TheFantasyWorldSimulator/src/engine/__tests__/content-layer1-integration.test.ts:142:17
    at file:///C:/Users/chris/Dev/Projects/TheFantasyWorldSimulator/node_modules/@vitest/runner/dist/index.js:145:11
    at file:///C:/Users/chris/Dev/Projects/TheFantasyWorldSimulator/node_modules/@vitest/runner/dist/index.js:915:26
    at file:///C:/Users/chris/Dev/Projects/TheFantasyWorldSimulator/node_modules/@vitest/runner/dist/index.js:1243:20
    at new Promise (<anonymous>)
    at runWithTimeout (file:///C:/Users/chris/Dev/Projects/TheFantasyWorldSimulator/node_modules/@vitest/runner/dist/index.js:1209:10)
[Orchestrator] Tick crashed, returning previous state: Error: Trait not found: trait.reputation.power.renown
    at assignTrait (C:/Users/chris/Dev/Projects/TheFantasyWorldSimulator/src/engine/traits.ts:44:25)
    at syncReputationTrait (C:/Users/chris/Dev/Projects/TheFantasyWorldSimulator/src/engine/phaseReputationTraits.ts:297:5)
    at phaseReputationTraits (C:/Users/chris/Dev/Projects/TheFantasyWorldSimulator/src/engine/phaseReputationTraits.ts:273:7)
    at runTick (C:/Users/chris/Dev/Projects/TheFantasyWorldSimulator/src/engine/orchestrator.ts:1896:18)
    at C:/Users/chris/Dev/Projects/TheFantasyWorldSimulator/src/engine/__tests__/content-layer1-integration.test.ts:142:17
    at file:///C:/Users/chris/Dev/Projects/TheFantasyWorldSimulator/node_modules/@vitest/runner/dist/index.js:145:11
    at file:///C:/Users/chris/Dev/Projects/TheFantasyWorldSimulator/node_modules/@vitest/runner/dist/index.js:915:26
    at file:///C:/Users/chris/Dev/Projects/TheFantasyWorldSimulator/node_modules/@vitest/runner/dist/index.js:1243:20
    at new Promise (<anonymous>)
    at runWithTimeout (file:///C:/Users/chris/Dev/Projects/TheFantasyWorldSimulator/node_modules/@vitest/runner/dist/index.js:1209:10)
[Orchestrator] Tick crashed, returning previous state: Error: Trait not found: trait.reputation.power.renown
    at assignTrait (C:/Users/chris/Dev/Projects/TheFantasyWorldSimulator/src/engine/traits.ts:44:25)
    at syncReputationTrait (C:/Users/chris/Dev/Projects/TheFantasyWorldSimulator/src/engine/phaseReputationTraits.ts:297:5)
    at phaseReputationTraits (C:/Users/chris/Dev/Projects/TheFantasyWorldSimulator/src/engine/phaseReputationTraits.ts:273:7)
    at runTick (C:/Users/chris/Dev/Projects/TheFantasyWorldSimulator/src/engine/orchestrator.ts:1896:18)
    at C:/Users/chris/Dev/Projects/TheFantasyWorldSimulator/src/engine/__tests__/content-layer1-integration.test.ts:142:17
    at file:///C:/Users/chris/Dev/Projects/TheFantasyWorldSimulator/node_modules/@vitest/runner/dist/index.js:145:11
    at file:///C:/Users/chris/Dev/Projects/TheFantasyWorldSimulator/node_modules/@vitest/runner/dist/index.js:915:26
    at file:///C:/Users/chris/Dev/Projects/TheFantasyWorldSimulator/node_modules/@vitest/runner/dist/index.js:1243:20
    at new Promise (<anonymous>)
    at runWithTimeout (file:///C:/Users/chris/Dev/Projects/TheFantasyWorldSimulator/node_modules/@vitest/runner/dist/index.js:1209:10)
[Orchestrator] Tick crashed, returning previous state: Error: Trait not found: trait.reputation.power.renown
    at assignTrait (C:/Users/chris/Dev/Projects/TheFantasyWorldSimulator/src/engine/traits.ts:44:25)
    at syncReputationTrait (C:/Users/chris/Dev/Projects/TheFantasyWorldSimulator/src/engine/phaseReputationTraits.ts:297:5)
    at phaseReputationTraits (C:/Users/chris/Dev/Projects/TheFantasyWorldSimulator/src/engine/phaseReputationTraits.ts:273:7)
    at runTick (C:/Users/chris/Dev/Projects/TheFantasyWorldSimulator/src/engine/orchestrator.ts:1896:18)
    at C:/Users/chris/Dev/Projects/TheFantasyWorldSimulator/src/engine/__tests__/content-layer1-integration.test.ts:142:17
    at file:///C:/Users/chris/Dev/Projects/TheFantasyWorldSimulator/node_modules/@vitest/runner/dist/index.js:145:11
    at file:///C:/Users/chris/Dev/Projects/TheFantasyWorldSimulator/node_modules/@vitest/runner/dist/index.js:915:26
    at file:///C:/Users/chris/Dev/Projects/TheFantasyWorldSimulator/node_modules/@vitest/runner/dist/index.js:1243:20
    at new Promise (<anonymous>)
    at runWithTimeout (file:///C:/Users/chris/Dev/Projects/TheFantasyWorldSimulator/node_modules/@vitest/runner/dist/index.js:1209:10)
[Orchestrator] Tick crashed, returning previous state: Error: Trait not found: trait.reputation.power.renown
    at assignTrait (C:/Users/chris/Dev/Projects/TheFantasyWorldSimulator/src/engine/traits.ts:44:25)
    at syncReputationTrait (C:/Users/chris/Dev/Projects/TheFantasyWorldSimulator/src/engine/phaseReputationTraits.ts:297:5)
    at phaseReputationTraits (C:/Users/chris/Dev/Projects/TheFantasyWorldSimulator/src/engine/phaseReputationTraits.ts:273:7)
    at runTick (C:/Users/chris/Dev/Projects/TheFantasyWorldSimulator/src/engine/orchestrator.ts:1896:18)
    at C:/Users/chris/Dev/Projects/TheFantasyWorldSimulator/src/engine/__tests__/content-layer1-integration.test.ts:142:17
    at file:///C:/Users/chris/Dev/Projects/TheFantasyWorldSimulator/node_modules/@vitest/runner/dist/index.js:145:11
    at file:///C:/Users/chris/Dev/Projects/TheFantasyWorldSimulator/node_modules/@vitest/runner/dist/index.js:915:26
    at file:///C:/Users/chris/Dev/Projects/TheFantasyWorldSimulator/node_modules/@vitest/runner/dist/index.js:1243:20
    at new Promise (<anonymous>)
    at runWithTimeout (file:///C:/Users/chris/Dev/Projects/TheFantasyWorldSimulator/node_modules/@vitest/runner/dist/index.js:1209:10)
[Orchestrator] Tick crashed, returning previous state: Error: Trait not found: trait.reputation.power.renown
    at assignTrait (C:/Users/chris/Dev/Projects/TheFantasyWorldSimulator/src/engine/traits.ts:44:25)
    at syncReputationTrait (C:/Users/chris/Dev/Projects/TheFantasyWorldSimulator/src/engine/phaseReputationTraits.ts:297:5)
    at phaseReputationTraits (C:/Users/chris/Dev/Projects/TheFantasyWorldSimulator/src/engine/phaseReputationTraits.ts:273:7)
    at runTick (C:/Users/chris/Dev/Projects/TheFantasyWorldSimulator/src/engine/orchestrator.ts:1896:18)
    at C:/Users/chris/Dev/Projects/TheFantasyWorldSimulator/src/engine/__tests__/content-layer1-integration.test.ts:142:17
    at file:///C:/Users/chris/Dev/Projects/TheFantasyWorldSimulator/node_modules/@vitest/runner/dist/index.js:145:11
    at file:///C:/Users/chris/Dev/Projects/TheFantasyWorldSimulator/node_modules/@vitest/runner/dist/index.js:915:26
    at file:///C:/Users/chris/Dev/Projects/TheFantasyWorldSimulator/node_modules/@vitest/runner/dist/index.js:1243:20
    at new Promise (<anonymous>)
    at runWithTimeout (file:///C:/Users/chris/Dev/Projects/TheFantasyWorldSimulator/node_modules/@vitest/runner/dist/index.js:1209:10)
[Orchestrator] Tick crashed, returning previous state: Error: Trait not found: trait.reputation.power.renown
    at assignTrait (C:/Users/chris/Dev/Projects/TheFantasyWorldSimulator/src/engine/traits.ts:44:25)
    at syncReputationTrait (C:/Users/chris/Dev/Projects/TheFantasyWorldSimulator/src/engine/phaseReputationTraits.ts:297:5)
    at phaseReputationTraits (C:/Users/chris/Dev/Projects/TheFantasyWorldSimulator/src/engine/phaseReputationTraits.ts:273:7)
    at runTick (C:/Users/chris/Dev/Projects/TheFantasyWorldSimulator/src/engine/orchestrator.ts:1896:18)
    at C:/Users/chris/Dev/Projects/TheFantasyWorldSimulator/src/engine/__tests__/content-layer1-integration.test.ts:142:17
    at file:///C:/Users/chris/Dev/Projects/TheFantasyWorldSimulator/node_modules/@vitest/runner/dist/index.js:145:11
    at file:///C:/Users/chris/Dev/Projects/TheFantasyWorldSimulator/node_modules/@vitest/runner/dist/index.js:915:26
    at file:///C:/Users/chris/Dev/Projects/TheFantasyWorldSimulator/node_modules/@vitest/runner/dist/index.js:1243:20
    at new Promise (<anonymous>)
    at runWithTimeout (file:///C:/Users/chris/Dev/Projects/TheFantasyWorldSimulator/node_modules/@vitest/runner/dist/index.js:1209:10)
[Orchestrator] Tick crashed, returning previous state: Error: Trait not found: trait.reputation.power.renown
    at assignTrait (C:/Users/chris/Dev/Projects/TheFantasyWorldSimulator/src/engine/traits.ts:44:25)
    at syncReputationTrait (C:/Users/chris/Dev/Projects/TheFantasyWorldSimulator/src/engine/phaseReputationTraits.ts:297:5)
    at phaseReputationTraits (C:/Users/chris/Dev/Projects/TheFantasyWorldSimulator/src/engine/phaseReputationTraits.ts:273:7)
    at runTick (C:/Users/chris/Dev/Projects/TheFantasyWorldSimulator/src/engine/orchestrator.ts:1896:18)
    at C:/Users/chris/Dev/Projects/TheFantasyWorldSimulator/src/engine/__tests__/content-layer1-integration.test.ts:142:17
    at file:///C:/Users/chris/Dev/Projects/TheFantasyWorldSimulator/node_modules/@vitest/runner/dist/index.js:145:11
    at file:///C:/Users/chris/Dev/Projects/TheFantasyWorldSimulator/node_modules/@vitest/runner/dist/index.js:915:26
    at file:///C:/Users/chris/Dev/Projects/TheFantasyWorldSimulator/node_modules/@vitest/runner/dist/index.js:1243:20
    at new Promise (<anonymous>)
    at runWithTimeout (file:///C:/Users/chris/Dev/Projects/TheFantasyWorldSimulator/node_modules/@vitest/runner/dist/index.js:1209:10)
[Orchestrator] Tick crashed, returning previous state: Error: Trait not found: trait.reputation.power.renown
    at assignTrait (C:/Users/chris/Dev/Projects/TheFantasyWorldSimulator/src/engine/traits.ts:44:25)
    at syncReputationTrait (C:/Users/chris/Dev/Projects/TheFantasyWorldSimulator/src/engine/phaseReputationTraits.ts:297:5)
    at phaseReputationTraits (C:/Users/chris/Dev/Projects/TheFantasyWorldSimulator/src/engine/phaseReputationTraits.ts:273:7)
    at runTick (C:/Users/chris/Dev/Projects/TheFantasyWorldSimulator/src/engine/orchestrator.ts:1896:18)
    at C:/Users/chris/Dev/Projects/TheFantasyWorldSimulator/src/engine/__tests__/content-layer1-integration.test.ts:142:17
    at file:///C:/Users/chris/Dev/Projects/TheFantasyWorldSimulator/node_modules/@vitest/runner/dist/index.js:145:11
    at file:///C:/Users/chris/Dev/Projects/TheFantasyWorldSimulator/node_modules/@vitest/runner/dist/index.js:915:26
    at file:///C:/Users/chris/Dev/Projects/TheFantasyWorldSimulator/node_modules/@vitest/runner/dist/index.js:1243:20
    at new Promise (<anonymous>)
    at runWithTimeout (file:///C:/Users/chris/Dev/Projects/TheFantasyWorldSimulator/node_modules/@vitest/runner/dist/index.js:1209:10)
[Orchestrator] Tick crashed, returning previous state: Error: Trait not found: trait.reputation.power.renown
    at assignTrait (C:/Users/chris/Dev/Projects/TheFantasyWorldSimulator/src/engine/traits.ts:44:25)
    at syncReputationTrait (C:/Users/chris/Dev/Projects/TheFantasyWorldSimulator/src/engine/phaseReputationTraits.ts:297:5)
    at phaseReputationTraits (C:/Users/chris/Dev/Projects/TheFantasyWorldSimulator/src/engine/phaseReputationTraits.ts:273:7)
    at runTick (C:/Users/chris/Dev/Projects/TheFantasyWorldSimulator/src/engine/orchestrator.ts:1896:18)
    at C:/Users/chris/Dev/Projects/TheFantasyWorldSimulator/src/engine/__tests__/content-layer1-integration.test.ts:142:17
    at file:///C:/Users/chris/Dev/Projects/TheFantasyWorldSimulator/node_modules/@vitest/runner/dist/index.js:145:11
    at file:///C:/Users/chris/Dev/Projects/TheFantasyWorldSimulator/node_modules/@vitest/runner/dist/index.js:915:26
    at file:///C:/Users/chris/Dev/Projects/TheFantasyWorldSimulator/node_modules/@vitest/runner/dist/index.js:1243:20
    at new Promise (<anonymous>)
    at runWithTimeout (file:///C:/Users/chris/Dev/Projects/TheFantasyWorldSimulator/node_modules/@vitest/runner/dist/index.js:1209:10)
[Orchestrator] Tick crashed, returning previous state: Error: Trait not found: trait.reputation.power.renown
    at assignTrait (C:/Users/chris/Dev/Projects/TheFantasyWorldSimulator/src/engine/traits.ts:44:25)
    at syncReputationTrait (C:/Users/chris/Dev/Projects/TheFantasyWorldSimulator/src/engine/phaseReputationTraits.ts:297:5)
    at phaseReputationTraits (C:/Users/chris/Dev/Projects/TheFantasyWorldSimulator/src/engine/phaseReputationTraits.ts:273:7)
    at runTick (C:/Users/chris/Dev/Projects/TheFantasyWorldSimulator/src/engine/orchestrator.ts:1896:18)
    at C:/Users/chris/Dev/Projects/TheFantasyWorldSimulator/src/engine/__tests__/content-layer1-integration.test.ts:142:17
    at file:///C:/Users/chris/Dev/Projects/TheFantasyWorldSimulator/node_modules/@vitest/runner/dist/index.js:145:11
    at file:///C:/Users/chris/Dev/Projects/TheFantasyWorldSimulator/node_modules/@vitest/runner/dist/index.js:915:26
    at file:///C:/Users/chris/Dev/Projects/TheFantasyWorldSimulator/node_modules/@vitest/runner/dist/index.js:1243:20
    at new Promise (<anonymous>)
    at runWithTimeout (file:///C:/Users/chris/Dev/Projects/TheFantasyWorldSimulator/node_modules/@vitest/runner/dist/index.js:1209:10)
[Orchestrator] Tick crashed, returning previous state: Error: Trait not found: trait.reputation.power.renown
    at assignTrait (C:/Users/chris/Dev/Projects/TheFantasyWorldSimulator/src/engine/traits.ts:44:25)
    at syncReputationTrait (C:/Users/chris/Dev/Projects/TheFantasyWorldSimulator/src/engine/phaseReputationTraits.ts:297:5)
    at phaseReputationTraits (C:/Users/chris/Dev/Projects/TheFantasyWorldSimulator/src/engine/phaseReputationTraits.ts:273:7)
    at runTick (C:/Users/chris/Dev/Projects/TheFantasyWorldSimulator/src/engine/orchestrator.ts:1896:18)
    at C:/Users/chris/Dev/Projects/TheFantasyWorldSimulator/src/engine/__tests__/content-layer1-integration.test.ts:142:17
    at file:///C:/Users/chris/Dev/Projects/TheFantasyWorldSimulator/node_modules/@vitest/runner/dist/index.js:145:11
    at file:///C:/Users/chris/Dev/Projects/TheFantasyWorldSimulator/node_modules/@vitest/runner/dist/index.js:915:26
    at file:///C:/Users/chris/Dev/Projects/TheFantasyWorldSimulator/node_modules/@vitest/runner/dist/index.js:1243:20
    at new Promise (<anonymous>)
    at runWithTimeout (file:///C:/Users/chris/Dev/Projects/TheFantasyWorldSimulator/node_modules/@vitest/runner/dist/index.js:1209:10)
[Orchestrator] Tick crashed, returning previous state: Error: Trait not found: trait.reputation.power.renown
    at assignTrait (C:/Users/chris/Dev/Projects/TheFantasyWorldSimulator/src/engine/traits.ts:44:25)
    at syncReputationTrait (C:/Users/chris/Dev/Projects/TheFantasyWorldSimulator/src/engine/phaseReputationTraits.ts:297:5)
    at phaseReputationTraits (C:/Users/chris/Dev/Projects/TheFantasyWorldSimulator/src/engine/phaseReputationTraits.ts:273:7)
    at runTick (C:/Users/chris/Dev/Projects/TheFantasyWorldSimulator/src/engine/orchestrator.ts:1896:18)
    at C:/Users/chris/Dev/Projects/TheFantasyWorldSimulator/src/engine/__tests__/content-layer1-integration.test.ts:142:17
    at file:///C:/Users/chris/Dev/Projects/TheFantasyWorldSimulator/node_modules/@vitest/runner/dist/index.js:145:11
    at file:///C:/Users/chris/Dev/Projects/TheFantasyWorldSimulator/node_modules/@vitest/runner/dist/index.js:915:26
    at file:///C:/Users/chris/Dev/Projects/TheFantasyWorldSimulator/node_modules/@vitest/runner/dist/index.js:1243:20
    at new Promise (<anonymous>)
    at runWithTimeout (file:///C:/Users/chris/Dev/Projects/TheFantasyWorldSimulator/node_modules/@vitest/runner/dist/index.js:1209:10)
[Orchestrator] Tick crashed, returning previous state: Error: Trait not found: trait.reputation.power.renown
    at assignTrait (C:/Users/chris/Dev/Projects/TheFantasyWorldSimulator/src/engine/traits.ts:44:25)
    at syncReputationTrait (C:/Users/chris/Dev/Projects/TheFantasyWorldSimulator/src/engine/phaseReputationTraits.ts:297:5)
    at phaseReputationTraits (C:/Users/chris/Dev/Projects/TheFantasyWorldSimulator/src/engine/phaseReputationTraits.ts:273:7)
    at runTick (C:/Users/chris/Dev/Projects/TheFantasyWorldSimulator/src/engine/orchestrator.ts:1896:18)
    at C:/Users/chris/Dev/Projects/TheFantasyWorldSimulator/src/engine/__tests__/content-layer1-integration.test.ts:142:17
    at file:///C:/Users/chris/Dev/Projects/TheFantasyWorldSimulator/node_modules/@vitest/runner/dist/index.js:145:11
    at file:///C:/Users/chris/Dev/Projects/TheFantasyWorldSimulator/node_modules/@vitest/runner/dist/index.js:915:26
    at file:///C:/Users/chris/Dev/Projects/TheFantasyWorldSimulator/node_modules/@vitest/runner/dist/index.js:1243:20
    at new Promise (<anonymous>)
    at runWithTimeout (file:///C:/Users/chris/Dev/Projects/TheFantasyWorldSimulator/node_modules/@vitest/runner/dist/index.js:1209:10)
[Orchestrator] Tick crashed, returning previous state: Error: Trait not found: trait.reputation.power.renown
    at assignTrait (C:/Users/chris/Dev/Projects/TheFantasyWorldSimulator/src/engine/traits.ts:44:25)
    at syncReputationTrait (C:/Users/chris/Dev/Projects/TheFantasyWorldSimulator/src/engine/phaseReputationTraits.ts:297:5)
    at phaseReputationTraits (C:/Users/chris/Dev/Projects/TheFantasyWorldSimulator/src/engine/phaseReputationTraits.ts:273:7)
    at runTick (C:/Users/chris/Dev/Projects/TheFantasyWorldSimulator/src/engine/orchestrator.ts:1896:18)
    at C:/Users/chris/Dev/Projects/TheFantasyWorldSimulator/src/engine/__tests__/content-layer1-integration.test.ts:142:17
    at file:///C:/Users/chris/Dev/Projects/TheFantasyWorldSimulator/node_modules/@vitest/runner/dist/index.js:145:11
    at file:///C:/Users/chris/Dev/Projects/TheFantasyWorldSimulator/node_modules/@vitest/runner/dist/index.js:915:26
    at file:///C:/Users/chris/Dev/Projects/TheFantasyWorldSimulator/node_modules/@vitest/runner/dist/index.js:1243:20
    at new Promise (<anonymous>)
    at runWithTimeout (file:///C:/Users/chris/Dev/Projects/TheFantasyWorldSimulator/node_modules/@vitest/runner/dist/index.js:1209:10)
[Orchestrator] Tick crashed, returning previous state: Error: Trait not found: trait.reputation.power.renown
    at assignTrait (C:/Users/chris/Dev/Projects/TheFantasyWorldSimulator/src/engine/traits.ts:44:25)
    at syncReputationTrait (C:/Users/chris/Dev/Projects/TheFantasyWorldSimulator/src/engine/phaseReputationTraits.ts:297:5)
    at phaseReputationTraits (C:/Users/chris/Dev/Projects/TheFantasyWorldSimulator/src/engine/phaseReputationTraits.ts:273:7)
    at runTick (C:/Users/chris/Dev/Projects/TheFantasyWorldSimulator/src/engine/orchestrator.ts:1896:18)
    at C:/Users/chris/Dev/Projects/TheFantasyWorldSimulator/src/engine/__tests__/content-layer1-integration.test.ts:142:17
    at file:///C:/Users/chris/Dev/Projects/TheFantasyWorldSimulator/node_modules/@vitest/runner/dist/index.js:145:11
    at file:///C:/Users/chris/Dev/Projects/TheFantasyWorldSimulator/node_modules/@vitest/runner/dist/index.js:915:26
    at file:///C:/Users/chris/Dev/Projects/TheFantasyWorldSimulator/node_modules/@vitest/runner/dist/index.js:1243:20
    at new Promise (<anonymous>)
    at runWithTimeout (file:///C:/Users/chris/Dev/Projects/TheFantasyWorldSimulator/node_modules/@vitest/runner/dist/index.js:1209:10)
[Orchestrator] Tick crashed, returning previous state: Error: Trait not found: trait.reputation.power.renown
    at assignTrait (C:/Users/chris/Dev/Projects/TheFantasyWorldSimulator/src/engine/traits.ts:44:25)
    at syncReputationTrait (C:/Users/chris/Dev/Projects/TheFantasyWorldSimulator/src/engine/phaseReputationTraits.ts:297:5)
    at phaseReputationTraits (C:/Users/chris/Dev/Projects/TheFantasyWorldSimulator/src/engine/phaseReputationTraits.ts:273:7)
    at runTick (C:/Users/chris/Dev/Projects/TheFantasyWorldSimulator/src/engine/orchestrator.ts:1896:18)
    at C:/Users/chris/Dev/Projects/TheFantasyWorldSimulator/src/engine/__tests__/content-layer1-integration.test.ts:142:17
    at file:///C:/Users/chris/Dev/Projects/TheFantasyWorldSimulator/node_modules/@vitest/runner/dist/index.js:145:11
    at file:///C:/Users/chris/Dev/Projects/TheFantasyWorldSimulator/node_modules/@vitest/runner/dist/index.js:915:26
    at file:///C:/Users/chris/Dev/Projects/TheFantasyWorldSimulator/node_modules/@vitest/runner/dist/index.js:1243:20
    at new Promise (<anonymous>)
    at runWithTimeout (file:///C:/Users/chris/Dev/Projects/TheFantasyWorldSimulator/node_modules/@vitest/runner/dist/index.js:1209:10)
[Orchestrator] Tick crashed, returning previous state: Error: Trait not found: trait.reputation.power.renown
    at assignTrait (C:/Users/chris/Dev/Projects/TheFantasyWorldSimulator/src/engine/traits.ts:44:25)
    at syncReputationTrait (C:/Users/chris/Dev/Projects/TheFantasyWorldSimulator/src/engine/phaseReputationTraits.ts:297:5)
    at phaseReputationTraits (C:/Users/chris/Dev/Projects/TheFantasyWorldSimulator/src/engine/phaseReputationTraits.ts:273:7)
    at runTick (C:/Users/chris/Dev/Projects/TheFantasyWorldSimulator/src/engine/orchestrator.ts:1896:18)
    at C:/Users/chris/Dev/Projects/TheFantasyWorldSimulator/src/engine/__tests__/content-layer1-integration.test.ts:142:17
    at file:///C:/Users/chris/Dev/Projects/TheFantasyWorldSimulator/node_modules/@vitest/runner/dist/index.js:145:11
    at file:///C:/Users/chris/Dev/Projects/TheFantasyWorldSimulator/node_modules/@vitest/runner/dist/index.js:915:26
    at file:///C:/Users/chris/Dev/Projects/TheFantasyWorldSimulator/node_modules/@vitest/runner/dist/index.js:1243:20
    at new Promise (<anonymous>)
    at runWithTimeout (file:///C:/Users/chris/Dev/Projects/TheFantasyWorldSimulator/node_modules/@vitest/runner/dist/index.js:1209:10)
[Orchestrator] Tick crashed, returning previous state: Error: Trait not found: trait.reputation.power.renown
    at assignTrait (C:/Users/chris/Dev/Projects/TheFantasyWorldSimulator/src/engine/traits.ts:44:25)
    at syncReputationTrait (C:/Users/chris/Dev/Projects/TheFantasyWorldSimulator/src/engine/phaseReputationTraits.ts:297:5)
    at phaseReputationTraits (C:/Users/chris/Dev/Projects/TheFantasyWorldSimulator/src/engine/phaseReputationTraits.ts:273:7)
    at runTick (C:/Users/chris/Dev/Projects/TheFantasyWorldSimulator/src/engine/orchestrator.ts:1896:18)
    at C:/Users/chris/Dev/Projects/TheFantasyWorldSimulator/src/engine/__tests__/content-layer1-integration.test.ts:142:17
    at file:///C:/Users/chris/Dev/Projects/TheFantasyWorldSimulator/node_modules/@vitest/runner/dist/index.js:145:11
    at file:///C:/Users/chris/Dev/Projects/TheFantasyWorldSimulator/node_modules/@vitest/runner/dist/index.js:915:26
    at file:///C:/Users/chris/Dev/Projects/TheFantasyWorldSimulator/node_modules/@vitest/runner/dist/index.js:1243:20
    at new Promise (<anonymous>)
    at runWithTimeout (file:///C:/Users/chris/Dev/Projects/TheFantasyWorldSimulator/node_modules/@vitest/runner/dist/index.js:1209:10)
[Orchestrator] Tick crashed, returning previous state: Error: Trait not found: trait.reputation.power.renown
    at assignTrait (C:/Users/chris/Dev/Projects/TheFantasyWorldSimulator/src/engine/traits.ts:44:25)
    at syncReputationTrait (C:/Users/chris/Dev/Projects/TheFantasyWorldSimulator/src/engine/phaseReputationTraits.ts:297:5)
    at phaseReputationTraits (C:/Users/chris/Dev/Projects/TheFantasyWorldSimulator/src/engine/phaseReputationTraits.ts:273:7)
    at runTick (C:/Users/chris/Dev/Projects/TheFantasyWorldSimulator/src/engine/orchestrator.ts:1896:18)
    at C:/Users/chris/Dev/Projects/TheFantasyWorldSimulator/src/engine/__tests__/content-layer1-integration.test.ts:142:17
    at file:///C:/Users/chris/Dev/Projects/TheFantasyWorldSimulator/node_modules/@vitest/runner/dist/index.js:145:11
    at file:///C:/Users/chris/Dev/Projects/TheFantasyWorldSimulator/node_modules/@vitest/runner/dist/index.js:915:26
    at file:///C:/Users/chris/Dev/Projects/TheFantasyWorldSimulator/node_modules/@vitest/runner/dist/index.js:1243:20
    at new Promise (<anonymous>)
    at runWithTimeout (file:///C:/Users/chris/Dev/Projects/TheFantasyWorldSimulator/node_modules/@vitest/runner/dist/index.js:1209:10)
[Orchestrator] Tick crashed, returning previous state: Error: Trait not found: trait.reputation.power.renown
    at assignTrait (C:/Users/chris/Dev/Projects/TheFantasyWorldSimulator/src/engine/traits.ts:44:25)
    at syncReputationTrait (C:/Users/chris/Dev/Projects/TheFantasyWorldSimulator/src/engine/phaseReputationTraits.ts:297:5)
    at phaseReputationTraits (C:/Users/chris/Dev/Projects/TheFantasyWorldSimulator/src/engine/phaseReputationTraits.ts:273:7)
    at runTick (C:/Users/chris/Dev/Projects/TheFantasyWorldSimulator/src/engine/orchestrator.ts:1896:18)
    at C:/Users/chris/Dev/Projects/TheFantasyWorldSimulator/src/engine/__tests__/content-layer1-integration.test.ts:142:17
    at file:///C:/Users/chris/Dev/Projects/TheFantasyWorldSimulator/node_modules/@vitest/runner/dist/index.js:145:11
    at file:///C:/Users/chris/Dev/Projects/TheFantasyWorldSimulator/node_modules/@vitest/runner/dist/index.js:915:26
    at file:///C:/Users/chris/Dev/Projects/TheFantasyWorldSimulator/node_modules/@vitest/runner/dist/index.js:1243:20
    at new Promise (<anonymous>)
    at runWithTimeout (file:///C:/Users/chris/Dev/Projects/TheFantasyWorldSimulator/node_modules/@vitest/runner/dist/index.js:1209:10)
[Orchestrator] Tick crashed, returning previous state: Error: Trait not found: trait.reputation.power.renown
    at assignTrait (C:/Users/chris/Dev/Projects/TheFantasyWorldSimulator/src/engine/traits.ts:44:25)
    at syncReputationTrait (C:/Users/chris/Dev/Projects/TheFantasyWorldSimulator/src/engine/phaseReputationTraits.ts:297:5)
    at phaseReputationTraits (C:/Users/chris/Dev/Projects/TheFantasyWorldSimulator/src/engine/phaseReputationTraits.ts:273:7)
    at runTick (C:/Users/chris/Dev/Projects/TheFantasyWorldSimulator/src/engine/orchestrator.ts:1896:18)
    at C:/Users/chris/Dev/Projects/TheFantasyWorldSimulator/src/engine/__tests__/content-layer1-integration.test.ts:142:17
    at file:///C:/Users/chris/Dev/Projects/TheFantasyWorldSimulator/node_modules/@vitest/runner/dist/index.js:145:11
    at file:///C:/Users/chris/Dev/Projects/TheFantasyWorldSimulator/node_modules/@vitest/runner/dist/index.js:915:26
    at file:///C:/Users/chris/Dev/Projects/TheFantasyWorldSimulator/node_modules/@vitest/runner/dist/index.js:1243:20
    at new Promise (<anonymous>)
    at runWithTimeout (file:///C:/Users/chris/Dev/Projects/TheFantasyWorldSimulator/node_modules/@vitest/runner/dist/index.js:1209:10)
[Orchestrator] Tick crashed, returning previous state: Error: Trait not found: trait.reputation.power.renown
    at assignTrait (C:/Users/chris/Dev/Projects/TheFantasyWorldSimulator/src/engine/traits.ts:44:25)
    at syncReputationTrait (C:/Users/chris/Dev/Projects/TheFantasyWorldSimulator/src/engine/phaseReputationTraits.ts:297:5)
    at phaseReputationTraits (C:/Users/chris/Dev/Projects/TheFantasyWorldSimulator/src/engine/phaseReputationTraits.ts:273:7)
    at runTick (C:/Users/chris/Dev/Projects/TheFantasyWorldSimulator/src/engine/orchestrator.ts:1896:18)
    at C:/Users/chris/Dev/Projects/TheFantasyWorldSimulator/src/engine/__tests__/content-layer1-integration.test.ts:142:17
    at file:///C:/Users/chris/Dev/Projects/TheFantasyWorldSimulator/node_modules/@vitest/runner/dist/index.js:145:11
    at file:///C:/Users/chris/Dev/Projects/TheFantasyWorldSimulator/node_modules/@vitest/runner/dist/index.js:915:26
    at file:///C:/Users/chris/Dev/Projects/TheFantasyWorldSimulator/node_modules/@vitest/runner/dist/index.js:1243:20
    at new Promise (<anonymous>)
    at runWithTimeout (file:///C:/Users/chris/Dev/Projects/TheFantasyWorldSimulator/node_modules/@vitest/runner/dist/index.js:1209:10)
[Orchestrator] Tick crashed, returning previous state: Error: Trait not found: trait.reputation.power.renown
    at assignTrait (C:/Users/chris/Dev/Projects/TheFantasyWorldSimulator/src/engine/traits.ts:44:25)
    at syncReputationTrait (C:/Users/chris/Dev/Projects/TheFantasyWorldSimulator/src/engine/phaseReputationTraits.ts:297:5)
    at phaseReputationTraits (C:/Users/chris/Dev/Projects/TheFantasyWorldSimulator/src/engine/phaseReputationTraits.ts:273:7)
    at runTick (C:/Users/chris/Dev/Projects/TheFantasyWorldSimulator/src/engine/orchestrator.ts:1896:18)
    at C:/Users/chris/Dev/Projects/TheFantasyWorldSimulator/src/engine/__tests__/content-layer1-integration.test.ts:142:17
    at file:///C:/Users/chris/Dev/Projects/TheFantasyWorldSimulator/node_modules/@vitest/runner/dist/index.js:145:11
    at file:///C:/Users/chris/Dev/Projects/TheFantasyWorldSimulator/node_modules/@vitest/runner/dist/index.js:915:26
    at file:///C:/Users/chris/Dev/Projects/TheFantasyWorldSimulator/node_modules/@vitest/runner/dist/index.js:1243:20
    at new Promise (<anonymous>)
    at runWithTimeout (file:///C:/Users/chris/Dev/Projects/TheFantasyWorldSimulator/node_modules/@vitest/runner/dist/index.js:1209:10)
[Orchestrator] Tick crashed, returning previous state: Error: Trait not found: trait.reputation.power.renown
    at assignTrait (C:/Users/chris/Dev/Projects/TheFantasyWorldSimulator/src/engine/traits.ts:44:25)
    at syncReputationTrait (C:/Users/chris/Dev/Projects/TheFantasyWorldSimulator/src/engine/phaseReputationTraits.ts:297:5)
    at phaseReputationTraits (C:/Users/chris/Dev/Projects/TheFantasyWorldSimulator/src/engine/phaseReputationTraits.ts:273:7)
    at runTick (C:/Users/chris/Dev/Projects/TheFantasyWorldSimulator/src/engine/orchestrator.ts:1896:18)
    at C:/Users/chris/Dev/Projects/TheFantasyWorldSimulator/src/engine/__tests__/content-layer1-integration.test.ts:142:17
    at file:///C:/Users/chris/Dev/Projects/TheFantasyWorldSimulator/node_modules/@vitest/runner/dist/index.js:145:11
    at file:///C:/Users/chris/Dev/Projects/TheFantasyWorldSimulator/node_modules/@vitest/runner/dist/index.js:915:26
    at file:///C:/Users/chris/Dev/Projects/TheFantasyWorldSimulator/node_modules/@vitest/runner/dist/index.js:1243:20
    at new Promise (<anonymous>)
    at runWithTimeout (file:///C:/Users/chris/Dev/Projects/TheFantasyWorldSimulator/node_modules/@vitest/runner/dist/index.js:1209:10)
[Orchestrator] Tick crashed, returning previous state: Error: Trait not found: trait.reputation.power.renown
    at assignTrait (C:/Users/chris/Dev/Projects/TheFantasyWorldSimulator/src/engine/traits.ts:44:25)
    at syncReputationTrait (C:/Users/chris/Dev/Projects/TheFantasyWorldSimulator/src/engine/phaseReputationTraits.ts:297:5)
    at phaseReputationTraits (C:/Users/chris/Dev/Projects/TheFantasyWorldSimulator/src/engine/phaseReputationTraits.ts:273:7)
    at runTick (C:/Users/chris/Dev/Projects/TheFantasyWorldSimulator/src/engine/orchestrator.ts:1896:18)
    at C:/Users/chris/Dev/Projects/TheFantasyWorldSimulator/src/engine/__tests__/content-layer1-integration.test.ts:142:17
    at file:///C:/Users/chris/Dev/Projects/TheFantasyWorldSimulator/node_modules/@vitest/runner/dist/index.js:145:11
    at file:///C:/Users/chris/Dev/Projects/TheFantasyWorldSimulator/node_modules/@vitest/runner/dist/index.js:915:26
    at file:///C:/Users/chris/Dev/Projects/TheFantasyWorldSimulator/node_modules/@vitest/runner/dist/index.js:1243:20
    at new Promise (<anonymous>)
    at runWithTimeout (file:///C:/Users/chris/Dev/Projects/TheFantasyWorldSimulator/node_modules/@vitest/runner/dist/index.js:1209:10)
[Orchestrator] Tick crashed, returning previous state: Error: Trait not found: trait.reputation.power.renown
    at assignTrait (C:/Users/chris/Dev/Projects/TheFantasyWorldSimulator/src/engine/traits.ts:44:25)
    at syncReputationTrait (C:/Users/chris/Dev/Projects/TheFantasyWorldSimulator/src/engine/phaseReputationTraits.ts:297:5)
    at phaseReputationTraits (C:/Users/chris/Dev/Projects/TheFantasyWorldSimulator/src/engine/phaseReputationTraits.ts:273:7)
    at runTick (C:/Users/chris/Dev/Projects/TheFantasyWorldSimulator/src/engine/orchestrator.ts:1896:18)
    at C:/Users/chris/Dev/Projects/TheFantasyWorldSimulator/src/engine/__tests__/content-layer1-integration.test.ts:142:17
    at file:///C:/Users/chris/Dev/Projects/TheFantasyWorldSimulator/node_modules/@vitest/runner/dist/index.js:145:11
    at file:///C:/Users/chris/Dev/Projects/TheFantasyWorldSimulator/node_modules/@vitest/runner/dist/index.js:915:26
    at file:///C:/Users/chris/Dev/Projects/TheFantasyWorldSimulator/node_modules/@vitest/runner/dist/index.js:1243:20
    at new Promise (<anonymous>)
    at runWithTimeout (file:///C:/Users/chris/Dev/Projects/TheFantasyWorldSimulator/node_modules/@vitest/runner/dist/index.js:1209:10)
[Orchestrator] Tick crashed, returning previous state: Error: Trait not found: trait.reputation.power.renown
    at assignTrait (C:/Users/chris/Dev/Projects/TheFantasyWorldSimulator/src/engine/traits.ts:44:25)
    at syncReputationTrait (C:/Users/chris/Dev/Projects/TheFantasyWorldSimulator/src/engine/phaseReputationTraits.ts:297:5)
    at phaseReputationTraits (C:/Users/chris/Dev/Projects/TheFantasyWorldSimulator/src/engine/phaseReputationTraits.ts:273:7)
    at runTick (C:/Users/chris/Dev/Projects/TheFantasyWorldSimulator/src/engine/orchestrator.ts:1896:18)
    at C:/Users/chris/Dev/Projects/TheFantasyWorldSimulator/src/engine/__tests__/content-layer1-integration.test.ts:142:17
    at file:///C:/Users/chris/Dev/Projects/TheFantasyWorldSimulator/node_modules/@vitest/runner/dist/index.js:145:11
    at file:///C:/Users/chris/Dev/Projects/TheFantasyWorldSimulator/node_modules/@vitest/runner/dist/index.js:915:26
    at file:///C:/Users/chris/Dev/Projects/TheFantasyWorldSimulator/node_modules/@vitest/runner/dist/index.js:1243:20
    at new Promise (<anonymous>)
    at runWithTimeout (file:///C:/Users/chris/Dev/Projects/TheFantasyWorldSimulator/node_modules/@vitest/runner/dist/index.js:1209:10)
[Orchestrator] Tick crashed, returning previous state: Error: Trait not found: trait.reputation.power.renown
    at assignTrait (C:/Users/chris/Dev/Projects/TheFantasyWorldSimulator/src/engine/traits.ts:44:25)
    at syncReputationTrait (C:/Users/chris/Dev/Projects/TheFantasyWorldSimulator/src/engine/phaseReputationTraits.ts:297:5)
    at phaseReputationTraits (C:/Users/chris/Dev/Projects/TheFantasyWorldSimulator/src/engine/phaseReputationTraits.ts:273:7)
    at runTick (C:/Users/chris/Dev/Projects/TheFantasyWorldSimulator/src/engine/orchestrator.ts:1896:18)
    at C:/Users/chris/Dev/Projects/TheFantasyWorldSimulator/src/engine/__tests__/content-layer1-integration.test.ts:142:17
    at file:///C:/Users/chris/Dev/Projects/TheFantasyWorldSimulator/node_modules/@vitest/runner/dist/index.js:145:11
    at file:///C:/Users/chris/Dev/Projects/TheFantasyWorldSimulator/node_modules/@vitest/runner/dist/index.js:915:26
    at file:///C:/Users/chris/Dev/Projects/TheFantasyWorldSimulator/node_modules/@vitest/runner/dist/index.js:1243:20
    at new Promise (<anonymous>)
    at runWithTimeout (file:///C:/Users/chris/Dev/Projects/TheFantasyWorldSimulator/node_modules/@vitest/runner/dist/index.js:1209:10)
[Orchestrator] Tick crashed, returning previous state: Error: Trait not found: trait.reputation.power.renown
    at assignTrait (C:/Users/chris/Dev/Projects/TheFantasyWorldSimulator/src/engine/traits.ts:44:25)
    at syncReputationTrait (C:/Users/chris/Dev/Projects/TheFantasyWorldSimulator/src/engine/phaseReputationTraits.ts:297:5)
    at phaseReputationTraits (C:/Users/chris/Dev/Projects/TheFantasyWorldSimulator/src/engine/phaseReputationTraits.ts:273:7)
    at runTick (C:/Users/chris/Dev/Projects/TheFantasyWorldSimulator/src/engine/orchestrator.ts:1896:18)
    at C:/Users/chris/Dev/Projects/TheFantasyWorldSimulator/src/engine/__tests__/content-layer1-integration.test.ts:142:17
    at file:///C:/Users/chris/Dev/Projects/TheFantasyWorldSimulator/node_modules/@vitest/runner/dist/index.js:145:11
    at file:///C:/Users/chris/Dev/Projects/TheFantasyWorldSimulator/node_modules/@vitest/runner/dist/index.js:915:26
    at file:///C:/Users/chris/Dev/Projects/TheFantasyWorldSimulator/node_modules/@vitest/runner/dist/index.js:1243:20
    at new Promise (<anonymous>)
    at runWithTimeout (file:///C:/Users/chris/Dev/Projects/TheFantasyWorldSimulator/node_modules/@vitest/runner/dist/index.js:1209:10)
[Orchestrator] Tick crashed, returning previous state: Error: Trait not found: trait.reputation.power.renown
    at assignTrait (C:/Users/chris/Dev/Projects/TheFantasyWorldSimulator/src/engine/traits.ts:44:25)
    at syncReputationTrait (C:/Users/chris/Dev/Projects/TheFantasyWorldSimulator/src/engine/phaseReputationTraits.ts:297:5)
    at phaseReputationTraits (C:/Users/chris/Dev/Projects/TheFantasyWorldSimulator/src/engine/phaseReputationTraits.ts:273:7)
    at runTick (C:/Users/chris/Dev/Projects/TheFantasyWorldSimulator/src/engine/orchestrator.ts:1896:18)
    at C:/Users/chris/Dev/Projects/TheFantasyWorldSimulator/src/engine/__tests__/content-layer1-integration.test.ts:142:17
    at file:///C:/Users/chris/Dev/Projects/TheFantasyWorldSimulator/node_modules/@vitest/runner/dist/index.js:145:11
    at file:///C:/Users/chris/Dev/Projects/TheFantasyWorldSimulator/node_modules/@vitest/runner/dist/index.js:915:26
    at file:///C:/Users/chris/Dev/Projects/TheFantasyWorldSimulator/node_modules/@vitest/runner/dist/index.js:1243:20
    at new Promise (<anonymous>)
    at runWithTimeout (file:///C:/Users/chris/Dev/Projects/TheFantasyWorldSimulator/node_modules/@vitest/runner/dist/index.js:1209:10)
[Orchestrator] Tick crashed, returning previous state: Error: Trait not found: trait.reputation.power.renown
    at assignTrait (C:/Users/chris/Dev/Projects/TheFantasyWorldSimulator/src/engine/traits.ts:44:25)
    at syncReputationTrait (C:/Users/chris/Dev/Projects/TheFantasyWorldSimulator/src/engine/phaseReputationTraits.ts:297:5)
    at phaseReputationTraits (C:/Users/chris/Dev/Projects/TheFantasyWorldSimulator/src/engine/phaseReputationTraits.ts:273:7)
    at runTick (C:/Users/chris/Dev/Projects/TheFantasyWorldSimulator/src/engine/orchestrator.ts:1896:18)
    at C:/Users/chris/Dev/Projects/TheFantasyWorldSimulator/src/engine/__tests__/content-layer1-integration.test.ts:142:17
    at file:///C:/Users/chris/Dev/Projects/TheFantasyWorldSimulator/node_modules/@vitest/runner/dist/index.js:145:11
    at file:///C:/Users/chris/Dev/Projects/TheFantasyWorldSimulator/node_modules/@vitest/runner/dist/index.js:915:26
    at file:///C:/Users/chris/Dev/Projects/TheFantasyWorldSimulator/node_modules/@vitest/runner/dist/index.js:1243:20
    at new Promise (<anonymous>)
    at runWithTimeout (file:///C:/Users/chris/Dev/Projects/TheFantasyWorldSimulator/node_modules/@vitest/runner/dist/index.js:1209:10)
[Orchestrator] Tick crashed, returning previous state: Error: Trait not found: trait.reputation.power.renown
    at assignTrait (C:/Users/chris/Dev/Projects/TheFantasyWorldSimulator/src/engine/traits.ts:44:25)
    at syncReputationTrait (C:/Users/chris/Dev/Projects/TheFantasyWorldSimulator/src/engine/phaseReputationTraits.ts:297:5)
    at phaseReputationTraits (C:/Users/chris/Dev/Projects/TheFantasyWorldSimulator/src/engine/phaseReputationTraits.ts:273:7)
    at runTick (C:/Users/chris/Dev/Projects/TheFantasyWorldSimulator/src/engine/orchestrator.ts:1896:18)
    at C:/Users/chris/Dev/Projects/TheFantasyWorldSimulator/src/engine/__tests__/content-layer1-integration.test.ts:142:17
    at file:///C:/Users/chris/Dev/Projects/TheFantasyWorldSimulator/node_modules/@vitest/runner/dist/index.js:145:11
    at file:///C:/Users/chris/Dev/Projects/TheFantasyWorldSimulator/node_modules/@vitest/runner/dist/index.js:915:26
    at file:///C:/Users/chris/Dev/Projects/TheFantasyWorldSimulator/node_modules/@vitest/runner/dist/index.js:1243:20
    at new Promise (<anonymous>)
    at runWithTimeout (file:///C:/Users/chris/Dev/Projects/TheFantasyWorldSimulator/node_modules/@vitest/runner/dist/index.js:1209:10)
[Orchestrator] Tick crashed, returning previous state: Error: Trait not found: trait.reputation.power.renown
    at assignTrait (C:/Users/chris/Dev/Projects/TheFantasyWorldSimulator/src/engine/traits.ts:44:25)
    at syncReputationTrait (C:/Users/chris/Dev/Projects/TheFantasyWorldSimulator/src/engine/phaseReputationTraits.ts:297:5)
    at phaseReputationTraits (C:/Users/chris/Dev/Projects/TheFantasyWorldSimulator/src/engine/phaseReputationTraits.ts:273:7)
    at runTick (C:/Users/chris/Dev/Projects/TheFantasyWorldSimulator/src/engine/orchestrator.ts:1896:18)
    at C:/Users/chris/Dev/Projects/TheFantasyWorldSimulator/src/engine/__tests__/content-layer1-integration.test.ts:142:17
    at file:///C:/Users/chris/Dev/Projects/TheFantasyWorldSimulator/node_modules/@vitest/runner/dist/index.js:145:11
    at file:///C:/Users/chris/Dev/Projects/TheFantasyWorldSimulator/node_modules/@vitest/runner/dist/index.js:915:26
    at file:///C:/Users/chris/Dev/Projects/TheFantasyWorldSimulator/node_modules/@vitest/runner/dist/index.js:1243:20
    at new Promise (<anonymous>)
    at runWithTimeout (file:///C:/Users/chris/Dev/Projects/TheFantasyWorldSimulator/node_modules/@vitest/runner/dist/index.js:1209:10)
[Orchestrator] Tick crashed, returning previous state: Error: Trait not found: trait.reputation.power.renown
    at assignTrait (C:/Users/chris/Dev/Projects/TheFantasyWorldSimulator/src/engine/traits.ts:44:25)
    at syncReputationTrait (C:/Users/chris/Dev/Projects/TheFantasyWorldSimulator/src/engine/phaseReputationTraits.ts:297:5)
    at phaseReputationTraits (C:/Users/chris/Dev/Projects/TheFantasyWorldSimulator/src/engine/phaseReputationTraits.ts:273:7)
    at runTick (C:/Users/chris/Dev/Projects/TheFantasyWorldSimulator/src/engine/orchestrator.ts:1896:18)
    at C:/Users/chris/Dev/Projects/TheFantasyWorldSimulator/src/engine/__tests__/content-layer1-integration.test.ts:142:17
    at file:///C:/Users/chris/Dev/Projects/TheFantasyWorldSimulator/node_modules/@vitest/runner/dist/index.js:145:11
    at file:///C:/Users/chris/Dev/Projects/TheFantasyWorldSimulator/node_modules/@vitest/runner/dist/index.js:915:26
    at file:///C:/Users/chris/Dev/Projects/TheFantasyWorldSimulator/node_modules/@vitest/runner/dist/index.js:1243:20
    at new Promise (<anonymous>)
    at runWithTimeout (file:///C:/Users/chris/Dev/Projects/TheFantasyWorldSimulator/node_modules/@vitest/runner/dist/index.js:1209:10)
[Orchestrator] Tick crashed, returning previous state: Error: Trait not found: trait.reputation.power.renown
    at assignTrait (C:/Users/chris/Dev/Projects/TheFantasyWorldSimulator/src/engine/traits.ts:44:25)
    at syncReputationTrait (C:/Users/chris/Dev/Projects/TheFantasyWorldSimulator/src/engine/phaseReputationTraits.ts:297:5)
    at phaseReputationTraits (C:/Users/chris/Dev/Projects/TheFantasyWorldSimulator/src/engine/phaseReputationTraits.ts:273:7)
    at runTick (C:/Users/chris/Dev/Projects/TheFantasyWorldSimulator/src/engine/orchestrator.ts:1896:18)
    at C:/Users/chris/Dev/Projects/TheFantasyWorldSimulator/src/engine/__tests__/content-layer1-integration.test.ts:142:17
    at file:///C:/Users/chris/Dev/Projects/TheFantasyWorldSimulator/node_modules/@vitest/runner/dist/index.js:145:11
    at file:///C:/Users/chris/Dev/Projects/TheFantasyWorldSimulator/node_modules/@vitest/runner/dist/index.js:915:26
    at file:///C:/Users/chris/Dev/Projects/TheFantasyWorldSimulator/node_modules/@vitest/runner/dist/index.js:1243:20
    at new Promise (<anonymous>)
    at runWithTimeout (file:///C:/Users/chris/Dev/Projects/TheFantasyWorldSimulator/node_modules/@vitest/runner/dist/index.js:1209:10)
[Orchestrator] Tick crashed, returning previous state: Error: Trait not found: trait.reputation.power.renown
    at assignTrait (C:/Users/chris/Dev/Projects/TheFantasyWorldSimulator/src/engine/traits.ts:44:25)
    at syncReputationTrait (C:/Users/chris/Dev/Projects/TheFantasyWorldSimulator/src/engine/phaseReputationTraits.ts:297:5)
    at phaseReputationTraits (C:/Users/chris/Dev/Projects/TheFantasyWorldSimulator/src/engine/phaseReputationTraits.ts:273:7)
    at runTick (C:/Users/chris/Dev/Projects/TheFantasyWorldSimulator/src/engine/orchestrator.ts:1896:18)
    at C:/Users/chris/Dev/Projects/TheFantasyWorldSimulator/src/engine/__tests__/content-layer1-integration.test.ts:142:17
    at file:///C:/Users/chris/Dev/Projects/TheFantasyWorldSimulator/node_modules/@vitest/runner/dist/index.js:145:11
    at file:///C:/Users/chris/Dev/Projects/TheFantasyWorldSimulator/node_modules/@vitest/runner/dist/index.js:915:26
    at file:///C:/Users/chris/Dev/Projects/TheFantasyWorldSimulator/node_modules/@vitest/runner/dist/index.js:1243:20
    at new Promise (<anonymous>)
    at runWithTimeout (file:///C:/Users/chris/Dev/Projects/TheFantasyWorldSimulator/node_modules/@vitest/runner/dist/index.js:1209:10)
[Orchestrator] Tick crashed, returning previous state: Error: Trait not found: trait.reputation.power.renown
    at assignTrait (C:/Users/chris/Dev/Projects/TheFantasyWorldSimulator/src/engine/traits.ts:44:25)
    at syncReputationTrait (C:/Users/chris/Dev/Projects/TheFantasyWorldSimulator/src/engine/phaseReputationTraits.ts:297:5)
    at phaseReputationTraits (C:/Users/chris/Dev/Projects/TheFantasyWorldSimulator/src/engine/phaseReputationTraits.ts:273:7)
    at runTick (C:/Users/chris/Dev/Projects/TheFantasyWorldSimulator/src/engine/orchestrator.ts:1896:18)
    at C:/Users/chris/Dev/Projects/TheFantasyWorldSimulator/src/engine/__tests__/content-layer1-integration.test.ts:142:17
    at file:///C:/Users/chris/Dev/Projects/TheFantasyWorldSimulator/node_modules/@vitest/runner/dist/index.js:145:11
    at file:///C:/Users/chris/Dev/Projects/TheFantasyWorldSimulator/node_modules/@vitest/runner/dist/index.js:915:26
    at file:///C:/Users/chris/Dev/Projects/TheFantasyWorldSimulator/node_modules/@vitest/runner/dist/index.js:1243:20
    at new Promise (<anonymous>)
    at runWithTimeout (file:///C:/Users/chris/Dev/Projects/TheFantasyWorldSimulator/node_modules/@vitest/runner/dist/index.js:1209:10)
[Orchestrator] Tick crashed, returning previous state: Error: Trait not found: trait.reputation.power.renown
    at assignTrait (C:/Users/chris/Dev/Projects/TheFantasyWorldSimulator/src/engine/traits.ts:44:25)
    at syncReputationTrait (C:/Users/chris/Dev/Projects/TheFantasyWorldSimulator/src/engine/phaseReputationTraits.ts:297:5)
    at phaseReputationTraits (C:/Users/chris/Dev/Projects/TheFantasyWorldSimulator/src/engine/phaseReputationTraits.ts:273:7)
    at runTick (C:/Users/chris/Dev/Projects/TheFantasyWorldSimulator/src/engine/orchestrator.ts:1896:18)
    at C:/Users/chris/Dev/Projects/TheFantasyWorldSimulator/src/engine/__tests__/content-layer1-integration.test.ts:142:17
    at file:///C:/Users/chris/Dev/Projects/TheFantasyWorldSimulator/node_modules/@vitest/runner/dist/index.js:145:11
    at file:///C:/Users/chris/Dev/Projects/TheFantasyWorldSimulator/node_modules/@vitest/runner/dist/index.js:915:26
    at file:///C:/Users/chris/Dev/Projects/TheFantasyWorldSimulator/node_modules/@vitest/runner/dist/index.js:1243:20
    at new Promise (<anonymous>)
    at runWithTimeout (file:///C:/Users/chris/Dev/Projects/TheFantasyWorldSimulator/node_modules/@vitest/runner/dist/index.js:1209:10)
[Orchestrator] Tick crashed, returning previous state: Error: Trait not found: trait.reputation.power.renown
    at assignTrait (C:/Users/chris/Dev/Projects/TheFantasyWorldSimulator/src/engine/traits.ts:44:25)
    at syncReputationTrait (C:/Users/chris/Dev/Projects/TheFantasyWorldSimulator/src/engine/phaseReputationTraits.ts:297:5)
    at phaseReputationTraits (C:/Users/chris/Dev/Projects/TheFantasyWorldSimulator/src/engine/phaseReputationTraits.ts:273:7)
    at runTick (C:/Users/chris/Dev/Projects/TheFantasyWorldSimulator/src/engine/orchestrator.ts:1896:18)
    at C:/Users/chris/Dev/Projects/TheFantasyWorldSimulator/src/engine/__tests__/content-layer1-integration.test.ts:142:17
    at file:///C:/Users/chris/Dev/Projects/TheFantasyWorldSimulator/node_modules/@vitest/runner/dist/index.js:145:11
    at file:///C:/Users/chris/Dev/Projects/TheFantasyWorldSimulator/node_modules/@vitest/runner/dist/index.js:915:26
    at file:///C:/Users/chris/Dev/Projects/TheFantasyWorldSimulator/node_modules/@vitest/runner/dist/index.js:1243:20
    at new Promise (<anonymous>)
    at runWithTimeout (file:///C:/Users/chris/Dev/Projects/TheFantasyWorldSimulator/node_modules/@vitest/runner/dist/index.js:1209:10)
[Orchestrator] Tick crashed, returning previous state: Error: Trait not found: trait.reputation.power.renown
    at assignTrait (C:/Users/chris/Dev/Projects/TheFantasyWorldSimulator/src/engine/traits.ts:44:25)
    at syncReputationTrait (C:/Users/chris/Dev/Projects/TheFantasyWorldSimulator/src/engine/phaseReputationTraits.ts:297:5)
    at phaseReputationTraits (C:/Users/chris/Dev/Projects/TheFantasyWorldSimulator/src/engine/phaseReputationTraits.ts:273:7)
    at runTick (C:/Users/chris/Dev/Projects/TheFantasyWorldSimulator/src/engine/orchestrator.ts:1896:18)
    at C:/Users/chris/Dev/Projects/TheFantasyWorldSimulator/src/engine/__tests__/content-layer1-integration.test.ts:142:17
    at file:///C:/Users/chris/Dev/Projects/TheFantasyWorldSimulator/node_modules/@vitest/runner/dist/index.js:145:11
    at file:///C:/Users/chris/Dev/Projects/TheFantasyWorldSimulator/node_modules/@vitest/runner/dist/index.js:915:26
    at file:///C:/Users/chris/Dev/Projects/TheFantasyWorldSimulator/node_modules/@vitest/runner/dist/index.js:1243:20
    at new Promise (<anonymous>)
    at runWithTimeout (file:///C:/Users/chris/Dev/Projects/TheFantasyWorldSimulator/node_modules/@vitest/runner/dist/index.js:1209:10)
[Orchestrator] Tick crashed, returning previous state: Error: Trait not found: trait.reputation.power.renown
    at assignTrait (C:/Users/chris/Dev/Projects/TheFantasyWorldSimulator/src/engine/traits.ts:44:25)
    at syncReputationTrait (C:/Users/chris/Dev/Projects/TheFantasyWorldSimulator/src/engine/phaseReputationTraits.ts:297:5)
    at phaseReputationTraits (C:/Users/chris/Dev/Projects/TheFantasyWorldSimulator/src/engine/phaseReputationTraits.ts:273:7)
    at runTick (C:/Users/chris/Dev/Projects/TheFantasyWorldSimulator/src/engine/orchestrator.ts:1896:18)
    at C:/Users/chris/Dev/Projects/TheFantasyWorldSimulator/src/engine/__tests__/content-layer1-integration.test.ts:142:17
    at file:///C:/Users/chris/Dev/Projects/TheFantasyWorldSimulator/node_modules/@vitest/runner/dist/index.js:145:11
    at file:///C:/Users/chris/Dev/Projects/TheFantasyWorldSimulator/node_modules/@vitest/runner/dist/index.js:915:26
    at file:///C:/Users/chris/Dev/Projects/TheFantasyWorldSimulator/node_modules/@vitest/runner/dist/index.js:1243:20
    at new Promise (<anonymous>)
    at runWithTimeout (file:///C:/Users/chris/Dev/Projects/TheFantasyWorldSimulator/node_modules/@vitest/runner/dist/index.js:1209:10)
[Orchestrator] Tick crashed, returning previous state: Error: Trait not found: trait.reputation.power.renown
    at assignTrait (C:/Users/chris/Dev/Projects/TheFantasyWorldSimulator/src/engine/traits.ts:44:25)
    at syncReputationTrait (C:/Users/chris/Dev/Projects/TheFantasyWorldSimulator/src/engine/phaseReputationTraits.ts:297:5)
    at phaseReputationTraits (C:/Users/chris/Dev/Projects/TheFantasyWorldSimulator/src/engine/phaseReputationTraits.ts:273:7)
    at runTick (C:/Users/chris/Dev/Projects/TheFantasyWorldSimulator/src/engine/orchestrator.ts:1896:18)
    at C:/Users/chris/Dev/Projects/TheFantasyWorldSimulator/src/engine/__tests__/content-layer1-integration.test.ts:142:17
    at file:///C:/Users/chris/Dev/Projects/TheFantasyWorldSimulator/node_modules/@vitest/runner/dist/index.js:145:11
    at file:///C:/Users/chris/Dev/Projects/TheFantasyWorldSimulator/node_modules/@vitest/runner/dist/index.js:915:26
    at file:///C:/Users/chris/Dev/Projects/TheFantasyWorldSimulator/node_modules/@vitest/runner/dist/index.js:1243:20
    at new Promise (<anonymous>)
    at runWithTimeout (file:///C:/Users/chris/Dev/Projects/TheFantasyWorldSimulator/node_modules/@vitest/runner/dist/index.js:1209:10)
[Orchestrator] Tick crashed, returning previous state: Error: Trait not found: trait.reputation.power.renown
    at assignTrait (C:/Users/chris/Dev/Projects/TheFantasyWorldSimulator/src/engine/traits.ts:44:25)
    at syncReputationTrait (C:/Users/chris/Dev/Projects/TheFantasyWorldSimulator/src/engine/phaseReputationTraits.ts:297:5)
    at phaseReputationTraits (C:/Users/chris/Dev/Projects/TheFantasyWorldSimulator/src/engine/phaseReputationTraits.ts:273:7)
    at runTick (C:/Users/chris/Dev/Projects/TheFantasyWorldSimulator/src/engine/orchestrator.ts:1896:18)
    at C:/Users/chris/Dev/Projects/TheFantasyWorldSimulator/src/engine/__tests__/content-layer1-integration.test.ts:142:17
    at file:///C:/Users/chris/Dev/Projects/TheFantasyWorldSimulator/node_modules/@vitest/runner/dist/index.js:145:11
    at file:///C:/Users/chris/Dev/Projects/TheFantasyWorldSimulator/node_modules/@vitest/runner/dist/index.js:915:26
    at file:///C:/Users/chris/Dev/Projects/TheFantasyWorldSimulator/node_modules/@vitest/runner/dist/index.js:1243:20
    at new Promise (<anonymous>)
    at runWithTimeout (file:///C:/Users/chris/Dev/Projects/TheFantasyWorldSimulator/node_modules/@vitest/runner/dist/index.js:1209:10)
[Orchestrator] Tick crashed, returning previous state: Error: Trait not found: trait.reputation.power.renown
    at assignTrait (C:/Users/chris/Dev/Projects/TheFantasyWorldSimulator/src/engine/traits.ts:44:25)
    at syncReputationTrait (C:/Users/chris/Dev/Projects/TheFantasyWorldSimulator/src/engine/phaseReputationTraits.ts:297:5)
    at phaseReputationTraits (C:/Users/chris/Dev/Projects/TheFantasyWorldSimulator/src/engine/phaseReputationTraits.ts:273:7)
    at runTick (C:/Users/chris/Dev/Projects/TheFantasyWorldSimulator/src/engine/orchestrator.ts:1896:18)
    at C:/Users/chris/Dev/Projects/TheFantasyWorldSimulator/src/engine/__tests__/content-layer1-integration.test.ts:142:17
    at file:///C:/Users/chris/Dev/Projects/TheFantasyWorldSimulator/node_modules/@vitest/runner/dist/index.js:145:11
    at file:///C:/Users/chris/Dev/Projects/TheFantasyWorldSimulator/node_modules/@vitest/runner/dist/index.js:915:26
    at file:///C:/Users/chris/Dev/Projects/TheFantasyWorldSimulator/node_modules/@vitest/runner/dist/index.js:1243:20
    at new Promise (<anonymous>)
    at runWithTimeout (file:///C:/Users/chris/Dev/Projects/TheFantasyWorldSimulator/node_modules/@vitest/runner/dist/index.js:1209:10)
[Orchestrator] Tick crashed, returning previous state: Error: Trait not found: trait.reputation.power.renown
    at assignTrait (C:/Users/chris/Dev/Projects/TheFantasyWorldSimulator/src/engine/traits.ts:44:25)
    at syncReputationTrait (C:/Users/chris/Dev/Projects/TheFantasyWorldSimulator/src/engine/phaseReputationTraits.ts:297:5)
    at phaseReputationTraits (C:/Users/chris/Dev/Projects/TheFantasyWorldSimulator/src/engine/phaseReputationTraits.ts:273:7)
    at runTick (C:/Users/chris/Dev/Projects/TheFantasyWorldSimulator/src/engine/orchestrator.ts:1896:18)
    at C:/Users/chris/Dev/Projects/TheFantasyWorldSimulator/src/engine/__tests__/content-layer1-integration.test.ts:142:17
    at file:///C:/Users/chris/Dev/Projects/TheFantasyWorldSimulator/node_modules/@vitest/runner/dist/index.js:145:11
    at file:///C:/Users/chris/Dev/Projects/TheFantasyWorldSimulator/node_modules/@vitest/runner/dist/index.js:915:26
    at file:///C:/Users/chris/Dev/Projects/TheFantasyWorldSimulator/node_modules/@vitest/runner/dist/index.js:1243:20
    at new Promise (<anonymous>)
    at runWithTimeout (file:///C:/Users/chris/Dev/Projects/TheFantasyWorldSimulator/node_modules/@vitest/runner/dist/index.js:1209:10)
[Orchestrator] Tick crashed, returning previous state: Error: Trait not found: trait.reputation.power.renown
    at assignTrait (C:/Users/chris/Dev/Projects/TheFantasyWorldSimulator/src/engine/traits.ts:44:25)
    at syncReputationTrait (C:/Users/chris/Dev/Projects/TheFantasyWorldSimulator/src/engine/phaseReputationTraits.ts:297:5)
    at phaseReputationTraits (C:/Users/chris/Dev/Projects/TheFantasyWorldSimulator/src/engine/phaseReputationTraits.ts:273:7)
    at runTick (C:/Users/chris/Dev/Projects/TheFantasyWorldSimulator/src/engine/orchestrator.ts:1896:18)
    at C:/Users/chris/Dev/Projects/TheFantasyWorldSimulator/src/engine/__tests__/content-layer1-integration.test.ts:142:17
    at file:///C:/Users/chris/Dev/Projects/TheFantasyWorldSimulator/node_modules/@vitest/runner/dist/index.js:145:11
    at file:///C:/Users/chris/Dev/Projects/TheFantasyWorldSimulator/node_modules/@vitest/runner/dist/index.js:915:26
    at file:///C:/Users/chris/Dev/Projects/TheFantasyWorldSimulator/node_modules/@vitest/runner/dist/index.js:1243:20
    at new Promise (<anonymous>)
    at runWithTimeout (file:///C:/Users/chris/Dev/Projects/TheFantasyWorldSimulator/node_modules/@vitest/runner/dist/index.js:1209:10)
[Orchestrator] Tick crashed, returning previous state: Error: Trait not found: trait.reputation.power.renown
    at assignTrait (C:/Users/chris/Dev/Projects/TheFantasyWorldSimulator/src/engine/traits.ts:44:25)
    at syncReputationTrait (C:/Users/chris/Dev/Projects/TheFantasyWorldSimulator/src/engine/phaseReputationTraits.ts:297:5)
    at phaseReputationTraits (C:/Users/chris/Dev/Projects/TheFantasyWorldSimulator/src/engine/phaseReputationTraits.ts:273:7)
    at runTick (C:/Users/chris/Dev/Projects/TheFantasyWorldSimulator/src/engine/orchestrator.ts:1896:18)
    at C:/Users/chris/Dev/Projects/TheFantasyWorldSimulator/src/engine/__tests__/content-layer1-integration.test.ts:142:17
    at file:///C:/Users/chris/Dev/Projects/TheFantasyWorldSimulator/node_modules/@vitest/runner/dist/index.js:145:11
    at file:///C:/Users/chris/Dev/Projects/TheFantasyWorldSimulator/node_modules/@vitest/runner/dist/index.js:915:26
    at file:///C:/Users/chris/Dev/Projects/TheFantasyWorldSimulator/node_modules/@vitest/runner/dist/index.js:1243:20
    at new Promise (<anonymous>)
    at runWithTimeout (file:///C:/Users/chris/Dev/Projects/TheFantasyWorldSimulator/node_modules/@vitest/runner/dist/index.js:1209:10)
[Orchestrator] Tick crashed, returning previous state: Error: Trait not found: trait.reputation.power.renown
    at assignTrait (C:/Users/chris/Dev/Projects/TheFantasyWorldSimulator/src/engine/traits.ts:44:25)
    at syncReputationTrait (C:/Users/chris/Dev/Projects/TheFantasyWorldSimulator/src/engine/phaseReputationTraits.ts:297:5)
    at phaseReputationTraits (C:/Users/chris/Dev/Projects/TheFantasyWorldSimulator/src/engine/phaseReputationTraits.ts:273:7)
    at runTick (C:/Users/chris/Dev/Projects/TheFantasyWorldSimulator/src/engine/orchestrator.ts:1896:18)
    at C:/Users/chris/Dev/Projects/TheFantasyWorldSimulator/src/engine/__tests__/content-layer1-integration.test.ts:142:17
    at file:///C:/Users/chris/Dev/Projects/TheFantasyWorldSimulator/node_modules/@vitest/runner/dist/index.js:145:11
    at file:///C:/Users/chris/Dev/Projects/TheFantasyWorldSimulator/node_modules/@vitest/runner/dist/index.js:915:26
    at file:///C:/Users/chris/Dev/Projects/TheFantasyWorldSimulator/node_modules/@vitest/runner/dist/index.js:1243:20
    at new Promise (<anonymous>)
    at runWithTimeout (file:///C:/Users/chris/Dev/Projects/TheFantasyWorldSimulator/node_modules/@vitest/runner/dist/index.js:1209:10)
[Orchestrator] Tick crashed, returning previous state: Error: Trait not found: trait.reputation.power.renown
    at assignTrait (C:/Users/chris/Dev/Projects/TheFantasyWorldSimulator/src/engine/traits.ts:44:25)
    at syncReputationTrait (C:/Users/chris/Dev/Projects/TheFantasyWorldSimulator/src/engine/phaseReputationTraits.ts:297:5)
    at phaseReputationTraits (C:/Users/chris/Dev/Projects/TheFantasyWorldSimulator/src/engine/phaseReputationTraits.ts:273:7)
    at runTick (C:/Users/chris/Dev/Projects/TheFantasyWorldSimulator/src/engine/orchestrator.ts:1896:18)
    at C:/Users/chris/Dev/Projects/TheFantasyWorldSimulator/src/engine/__tests__/content-layer1-integration.test.ts:142:17
    at file:///C:/Users/chris/Dev/Projects/TheFantasyWorldSimulator/node_modules/@vitest/runner/dist/index.js:145:11
    at file:///C:/Users/chris/Dev/Projects/TheFantasyWorldSimulator/node_modules/@vitest/runner/dist/index.js:915:26
    at file:///C:/Users/chris/Dev/Projects/TheFantasyWorldSimulator/node_modules/@vitest/runner/dist/index.js:1243:20
    at new Promise (<anonymous>)
    at runWithTimeout (file:///C:/Users/chris/Dev/Projects/TheFantasyWorldSimulator/node_modules/@vitest/runner/dist/index.js:1209:10)
[Orchestrator] Tick crashed, returning previous state: Error: Trait not found: trait.reputation.power.renown
    at assignTrait (C:/Users/chris/Dev/Projects/TheFantasyWorldSimulator/src/engine/traits.ts:44:25)
    at syncReputationTrait (C:/Users/chris/Dev/Projects/TheFantasyWorldSimulator/src/engine/phaseReputationTraits.ts:297:5)
    at phaseReputationTraits (C:/Users/chris/Dev/Projects/TheFantasyWorldSimulator/src/engine/phaseReputationTraits.ts:273:7)
    at runTick (C:/Users/chris/Dev/Projects/TheFantasyWorldSimulator/src/engine/orchestrator.ts:1896:18)
    at C:/Users/chris/Dev/Projects/TheFantasyWorldSimulator/src/engine/__tests__/content-layer1-integration.test.ts:142:17
    at file:///C:/Users/chris/Dev/Projects/TheFantasyWorldSimulator/node_modules/@vitest/runner/dist/index.js:145:11
    at file:///C:/Users/chris/Dev/Projects/TheFantasyWorldSimulator/node_modules/@vitest/runner/dist/index.js:915:26
    at file:///C:/Users/chris/Dev/Projects/TheFantasyWorldSimulator/node_modules/@vitest/runner/dist/index.js:1243:20
    at new Promise (<anonymous>)
    at runWithTimeout (file:///C:/Users/chris/Dev/Projects/TheFantasyWorldSimulator/node_modules/@vitest/runner/dist/index.js:1209:10)
[Orchestrator] Tick crashed, returning previous state: Error: Trait not found: trait.reputation.power.renown
    at assignTrait (C:/Users/chris/Dev/Projects/TheFantasyWorldSimulator/src/engine/traits.ts:44:25)
    at syncReputationTrait (C:/Users/chris/Dev/Projects/TheFantasyWorldSimulator/src/engine/phaseReputationTraits.ts:297:5)
    at phaseReputationTraits (C:/Users/chris/Dev/Projects/TheFantasyWorldSimulator/src/engine/phaseReputationTraits.ts:273:7)
    at runTick (C:/Users/chris/Dev/Projects/TheFantasyWorldSimulator/src/engine/orchestrator.ts:1896:18)
    at C:/Users/chris/Dev/Projects/TheFantasyWorldSimulator/src/engine/__tests__/content-layer1-integration.test.ts:142:17
    at file:///C:/Users/chris/Dev/Projects/TheFantasyWorldSimulator/node_modules/@vitest/runner/dist/index.js:145:11
    at file:///C:/Users/chris/Dev/Projects/TheFantasyWorldSimulator/node_modules/@vitest/runner/dist/index.js:915:26
    at file:///C:/Users/chris/Dev/Projects/TheFantasyWorldSimulator/node_modules/@vitest/runner/dist/index.js:1243:20
    at new Promise (<anonymous>)
    at runWithTimeout (file:///C:/Users/chris/Dev/Projects/TheFantasyWorldSimulator/node_modules/@vitest/runner/dist/index.js:1209:10)

[90mstdout[2m | src/engine/__tests__/content-layer1-integration.test.ts[2m > [22m[2mLayer 1 content integration[2m > [22m[2mdoom clock advances correctly over 100 ticks
[22m[39m[WorldGen] Pass 'province' completed in 0.9ms
[WorldGen] Pass 'elevation' completed in 1.8ms
[WorldGen] Pass 'coastline' completed in 1.5ms
[WorldGen] Pass 'climate' completed in 2.4ms
[WorldGen] Pass 'hydrology' completed in 0.8ms
[WorldGen] Pass 'tempReassess' completed in 0.0ms
[WorldGen] Pass 'biome' completed in 0.2ms
[WorldGen] Culture terrain nudge: 42 hexes modified
[WorldGen] Pass 'cultureTerrainNudge' completed in 0.1ms
[WorldGen] Pass 'smoothing' completed in 0.6ms
[WorldGen] Pass 'validation' completed in 0.4ms

stderr | src/engine/__tests__/content-layer1-integration.test.ts > Layer 1 content integration > doom clock advances correctly over 100 ticks
[WorldGen] Validation errors: [ 'Ocean fraction too low: 7.4%' ]
[GraphSchema] Edge "belongs_to" source should be ["actor","location"], got "region" (edge edge_hist_territory_region_15_hist_culture_0)
[GraphSchema] Edge "belongs_to" source should be ["actor","location"], got "region" (edge edge_hist_territory_region_19_hist_culture_1)
[GraphSchema] Edge "belongs_to" source should be ["actor","location"], got "region" (edge edge_hist_territory_region_3_hist_culture_2)
[GraphSchema] Edge "belongs_to" source should be ["actor","location"], got "region" (edge edge_hist_territory_region_13_hist_culture_0)
[GraphSchema] Edge "belongs_to" source should be ["actor","location"], got "region" (edge edge_hist_territory_region_14_hist_culture_1)
[GraphSchema] Edge "belongs_to" source should be ["actor","location"], got "region" (edge edge_hist_territory_region_12_hist_culture_2)
[GraphSchema] Edge "belongs_to" source should be ["actor","location"], got "region" (edge edge_hist_territory_region_16_hist_culture_0)
[GraphSchema] Edge "belongs_to" source should be ["actor","location"], got "region" (edge edge_hist_territory_region_18_hist_culture_1)
[GraphSchema] Edge "belongs_to" source should be ["actor","location"], got "region" (edge edge_hist_territory_region_17_hist_culture_2)
[GraphSchema] Edge "belongs_to" source should be ["actor","location"], got "region" (edge edge_hist_territory_region_7_hist_culture_0)
[GraphSchema] Edge "belongs_to" source should be ["actor","location"], got "region" (edge edge_hist_territory_region_9_hist_culture_2)
[GraphSchema] Edge "belongs_to" source should be ["actor","location"], got "region" (edge edge_hist_territory_region_11_hist_culture_0)
[GraphSchema] Edge "belongs_to" source should be ["actor","location"], got "region" (edge edge_hist_territory_region_2_hist_culture_2)
[GraphSchema] Edge "belongs_to" source should be ["actor","location"], got "region" (edge edge_hist_territory_region_0_hist_culture_0)
[GraphSchema] Edge "belongs_to" source should be ["actor","location"], got "region" (edge edge_hist_territory_region_6_hist_culture_2)
[GraphSchema] Edge "belongs_to" source should be ["actor","location"], got "region" (edge edge_hist_territory_region_10_hist_culture_0)
[GraphSchema] Edge "belongs_to" source should be ["actor","location"], got "region" (edge edge_hist_territory_region_1_hist_culture_2)
[GraphSchema] Edge "belongs_to" source should be ["actor","location"], got "region" (edge edge_hist_territory_region_5_hist_culture_0)
[Orchestrator] Tick crashed, returning previous state: Error: Trait not found: trait.reputation.power.renown
    at assignTrait (C:/Users/chris/Dev/Projects/TheFantasyWorldSimulator/src/engine/traits.ts:44:25)
    at syncReputationTrait (C:/Users/chris/Dev/Projects/TheFantasyWorldSimulator/src/engine/phaseReputationTraits.ts:297:5)
    at phaseReputationTraits (C:/Users/chris/Dev/Projects/TheFantasyWorldSimulator/src/engine/phaseReputationTraits.ts:273:7)
    at runTick (C:/Users/chris/Dev/Projects/TheFantasyWorldSimulator/src/engine/orchestrator.ts:1896:18)
    at C:/Users/chris/Dev/Projects/TheFantasyWorldSimulator/src/engine/__tests__/content-layer1-integration.test.ts:161:17
    at file:///C:/Users/chris/Dev/Projects/TheFantasyWorldSimulator/node_modules/@vitest/runner/dist/index.js:145:11
    at file:///C:/Users/chris/Dev/Projects/TheFantasyWorldSimulator/node_modules/@vitest/runner/dist/index.js:915:26
    at file:///C:/Users/chris/Dev/Projects/TheFantasyWorldSimulator/node_modules/@vitest/runner/dist/index.js:1243:20
    at new Promise (<anonymous>)
    at runWithTimeout (file:///C:/Users/chris/Dev/Projects/TheFantasyWorldSimulator/node_modules/@vitest/runner/dist/index.js:1209:10)
[Orchestrator] Tick crashed, returning previous state: Error: Trait not found: trait.reputation.power.renown
    at assignTrait (C:/Users/chris/Dev/Projects/TheFantasyWorldSimulator/src/engine/traits.ts:44:25)
    at syncReputationTrait (C:/Users/chris/Dev/Projects/TheFantasyWorldSimulator/src/engine/phaseReputationTraits.ts:297:5)
    at phaseReputationTraits (C:/Users/chris/Dev/Projects/TheFantasyWorldSimulator/src/engine/phaseReputationTraits.ts:273:7)
    at runTick (C:/Users/chris/Dev/Projects/TheFantasyWorldSimulator/src/engine/orchestrator.ts:1896:18)
    at C:/Users/chris/Dev/Projects/TheFantasyWorldSimulator/src/engine/__tests__/content-layer1-integration.test.ts:161:17
    at file:///C:/Users/chris/Dev/Projects/TheFantasyWorldSimulator/node_modules/@vitest/runner/dist/index.js:145:11
    at file:///C:/Users/chris/Dev/Projects/TheFantasyWorldSimulator/node_modules/@vitest/runner/dist/index.js:915:26
    at file:///C:/Users/chris/Dev/Projects/TheFantasyWorldSimulator/node_modules/@vitest/runner/dist/index.js:1243:20
    at new Promise (<anonymous>)
    at runWithTimeout (file:///C:/Users/chris/Dev/Projects/TheFantasyWorldSimulator/node_modules/@vitest/runner/dist/index.js:1209:10)
[Orchestrator] Tick crashed, returning previous state: Error: Trait not found: trait.reputation.power.renown
    at assignTrait (C:/Users/chris/Dev/Projects/TheFantasyWorldSimulator/src/engine/traits.ts:44:25)
    at syncReputationTrait (C:/Users/chris/Dev/Projects/TheFantasyWorldSimulator/src/engine/phaseReputationTraits.ts:297:5)
    at phaseReputationTraits (C:/Users/chris/Dev/Projects/TheFantasyWorldSimulator/src/engine/phaseReputationTraits.ts:273:7)
    at runTick (C:/Users/chris/Dev/Projects/TheFantasyWorldSimulator/src/engine/orchestrator.ts:1896:18)
    at C:/Users/chris/Dev/Projects/TheFantasyWorldSimulator/src/engine/__tests__/content-layer1-integration.test.ts:161:17
    at file:///C:/Users/chris/Dev/Projects/TheFantasyWorldSimulator/node_modules/@vitest/runner/dist/index.js:145:11
    at file:///C:/Users/chris/Dev/Projects/TheFantasyWorldSimulator/node_modules/@vitest/runner/dist/index.js:915:26
    at file:///C:/Users/chris/Dev/Projects/TheFantasyWorldSimulator/node_modules/@vitest/runner/dist/index.js:1243:20
    at new Promise (<anonymous>)
    at runWithTimeout (file:///C:/Users/chris/Dev/Projects/TheFantasyWorldSimulator/node_modules/@vitest/runner/dist/index.js:1209:10)
[Orchestrator] Tick crashed, returning previous state: Error: Trait not found: trait.reputation.power.renown
    at assignTrait (C:/Users/chris/Dev/Projects/TheFantasyWorldSimulator/src/engine/traits.ts:44:25)
    at syncReputationTrait (C:/Users/chris/Dev/Projects/TheFantasyWorldSimulator/src/engine/phaseReputationTraits.ts:297:5)
    at phaseReputationTraits (C:/Users/chris/Dev/Projects/TheFantasyWorldSimulator/src/engine/phaseReputationTraits.ts:273:7)
    at runTick (C:/Users/chris/Dev/Projects/TheFantasyWorldSimulator/src/engine/orchestrator.ts:1896:18)
    at C:/Users/chris/Dev/Projects/TheFantasyWorldSimulator/src/engine/__tests__/content-layer1-integration.test.ts:161:17
    at file:///C:/Users/chris/Dev/Projects/TheFantasyWorldSimulator/node_modules/@vitest/runner/dist/index.js:145:11
    at file:///C:/Users/chris/Dev/Projects/TheFantasyWorldSimulator/node_modules/@vitest/runner/dist/index.js:915:26
    at file:///C:/Users/chris/Dev/Projects/TheFantasyWorldSimulator/node_modules/@vitest/runner/dist/index.js:1243:20
    at new Promise (<anonymous>)
    at runWithTimeout (file:///C:/Users/chris/Dev/Projects/TheFantasyWorldSimulator/node_modules/@vitest/runner/dist/index.js:1209:10)
[Orchestrator] Tick crashed, returning previous state: Error: Trait not found: trait.reputation.power.renown
    at assignTrait (C:/Users/chris/Dev/Projects/TheFantasyWorldSimulator/src/engine/traits.ts:44:25)
    at syncReputationTrait (C:/Users/chris/Dev/Projects/TheFantasyWorldSimulator/src/engine/phaseReputationTraits.ts:297:5)
    at phaseReputationTraits (C:/Users/chris/Dev/Projects/TheFantasyWorldSimulator/src/engine/phaseReputationTraits.ts:273:7)
    at runTick (C:/Users/chris/Dev/Projects/TheFantasyWorldSimulator/src/engine/orchestrator.ts:1896:18)
    at C:/Users/chris/Dev/Projects/TheFantasyWorldSimulator/src/engine/__tests__/content-layer1-integration.test.ts:161:17
    at file:///C:/Users/chris/Dev/Projects/TheFantasyWorldSimulator/node_modules/@vitest/runner/dist/index.js:145:11
    at file:///C:/Users/chris/Dev/Projects/TheFantasyWorldSimulator/node_modules/@vitest/runner/dist/index.js:915:26
    at file:///C:/Users/chris/Dev/Projects/TheFantasyWorldSimulator/node_modules/@vitest/runner/dist/index.js:1243:20
    at new Promise (<anonymous>)
    at runWithTimeout (file:///C:/Users/chris/Dev/Projects/TheFantasyWorldSimulator/node_modules/@vitest/runner/dist/index.js:1209:10)
[Orchestrator] Tick crashed, returning previous state: Error: Trait not found: trait.reputation.power.renown
    at assignTrait (C:/Users/chris/Dev/Projects/TheFantasyWorldSimulator/src/engine/traits.ts:44:25)
    at syncReputationTrait (C:/Users/chris/Dev/Projects/TheFantasyWorldSimulator/src/engine/phaseReputationTraits.ts:297:5)
    at phaseReputationTraits (C:/Users/chris/Dev/Projects/TheFantasyWorldSimulator/src/engine/phaseReputationTraits.ts:273:7)
    at runTick (C:/Users/chris/Dev/Projects/TheFantasyWorldSimulator/src/engine/orchestrator.ts:1896:18)
    at C:/Users/chris/Dev/Projects/TheFantasyWorldSimulator/src/engine/__tests__/content-layer1-integration.test.ts:161:17
    at file:///C:/Users/chris/Dev/Projects/TheFantasyWorldSimulator/node_modules/@vitest/runner/dist/index.js:145:11
    at file:///C:/Users/chris/Dev/Projects/TheFantasyWorldSimulator/node_modules/@vitest/runner/dist/index.js:915:26
    at file:///C:/Users/chris/Dev/Projects/TheFantasyWorldSimulator/node_modules/@vitest/runner/dist/index.js:1243:20
    at new Promise (<anonymous>)
    at runWithTimeout (file:///C:/Users/chris/Dev/Projects/TheFantasyWorldSimulator/node_modules/@vitest/runner/dist/index.js:1209:10)
[Orchestrator] Tick crashed, returning previous state: Error: Trait not found: trait.reputation.power.renown
    at assignTrait (C:/Users/chris/Dev/Projects/TheFantasyWorldSimulator/src/engine/traits.ts:44:25)
    at syncReputationTrait (C:/Users/chris/Dev/Projects/TheFantasyWorldSimulator/src/engine/phaseReputationTraits.ts:297:5)
    at phaseReputationTraits (C:/Users/chris/Dev/Projects/TheFantasyWorldSimulator/src/engine/phaseReputationTraits.ts:273:7)
    at runTick (C:/Users/chris/Dev/Projects/TheFantasyWorldSimulator/src/engine/orchestrator.ts:1896:18)
    at C:/Users/chris/Dev/Projects/TheFantasyWorldSimulator/src/engine/__tests__/content-layer1-integration.test.ts:161:17
    at file:///C:/Users/chris/Dev/Projects/TheFantasyWorldSimulator/node_modules/@vitest/runner/dist/index.js:145:11
    at file:///C:/Users/chris/Dev/Projects/TheFantasyWorldSimulator/node_modules/@vitest/runner/dist/index.js:915:26
    at file:///C:/Users/chris/Dev/Projects/TheFantasyWorldSimulator/node_modules/@vitest/runner/dist/index.js:1243:20
    at new Promise (<anonymous>)
    at runWithTimeout (file:///C:/Users/chris/Dev/Projects/TheFantasyWorldSimulator/node_modules/@vitest/runner/dist/index.js:1209:10)
[Orchestrator] Tick crashed, returning previous state: Error: Trait not found: trait.reputation.power.renown
    at assignTrait (C:/Users/chris/Dev/Projects/TheFantasyWorldSimulator/src/engine/traits.ts:44:25)
    at syncReputationTrait (C:/Users/chris/Dev/Projects/TheFantasyWorldSimulator/src/engine/phaseReputationTraits.ts:297:5)
    at phaseReputationTraits (C:/Users/chris/Dev/Projects/TheFantasyWorldSimulator/src/engine/phaseReputationTraits.ts:273:7)
    at runTick (C:/Users/chris/Dev/Projects/TheFantasyWorldSimulator/src/engine/orchestrator.ts:1896:18)
    at C:/Users/chris/Dev/Projects/TheFantasyWorldSimulator/src/engine/__tests__/content-layer1-integration.test.ts:161:17
    at file:///C:/Users/chris/Dev/Projects/TheFantasyWorldSimulator/node_modules/@vitest/runner/dist/index.js:145:11
    at file:///C:/Users/chris/Dev/Projects/TheFantasyWorldSimulator/node_modules/@vitest/runner/dist/index.js:915:26
    at file:///C:/Users/chris/Dev/Projects/TheFantasyWorldSimulator/node_modules/@vitest/runner/dist/index.js:1243:20
    at new Promise (<anonymous>)
    at runWithTimeout (file:///C:/Users/chris/Dev/Projects/TheFantasyWorldSimulator/node_modules/@vitest/runner/dist/index.js:1209:10)
[Orchestrator] Tick crashed, returning previous state: Error: Trait not found: trait.reputation.power.renown
    at assignTrait (C:/Users/chris/Dev/Projects/TheFantasyWorldSimulator/src/engine/traits.ts:44:25)
    at syncReputationTrait (C:/Users/chris/Dev/Projects/TheFantasyWorldSimulator/src/engine/phaseReputationTraits.ts:297:5)
    at phaseReputationTraits (C:/Users/chris/Dev/Projects/TheFantasyWorldSimulator/src/engine/phaseReputationTraits.ts:273:7)
    at runTick (C:/Users/chris/Dev/Projects/TheFantasyWorldSimulator/src/engine/orchestrator.ts:1896:18)
    at C:/Users/chris/Dev/Projects/TheFantasyWorldSimulator/src/engine/__tests__/content-layer1-integration.test.ts:161:17
    at file:///C:/Users/chris/Dev/Projects/TheFantasyWorldSimulator/node_modules/@vitest/runner/dist/index.js:145:11
    at file:///C:/Users/chris/Dev/Projects/TheFantasyWorldSimulator/node_modules/@vitest/runner/dist/index.js:915:26
    at file:///C:/Users/chris/Dev/Projects/TheFantasyWorldSimulator/node_modules/@vitest/runner/dist/index.js:1243:20
    at new Promise (<anonymous>)
    at runWithTimeout (file:///C:/Users/chris/Dev/Projects/TheFantasyWorldSimulator/node_modules/@vitest/runner/dist/index.js:1209:10)
[Orchestrator] Tick crashed, returning previous state: Error: Trait not found: trait.reputation.power.renown
    at assignTrait (C:/Users/chris/Dev/Projects/TheFantasyWorldSimulator/src/engine/traits.ts:44:25)
    at syncReputationTrait (C:/Users/chris/Dev/Projects/TheFantasyWorldSimulator/src/engine/phaseReputationTraits.ts:297:5)
    at phaseReputationTraits (C:/Users/chris/Dev/Projects/TheFantasyWorldSimulator/src/engine/phaseReputationTraits.ts:273:7)
    at runTick (C:/Users/chris/Dev/Projects/TheFantasyWorldSimulator/src/engine/orchestrator.ts:1896:18)
    at C:/Users/chris/Dev/Projects/TheFantasyWorldSimulator/src/engine/__tests__/content-layer1-integration.test.ts:161:17
    at file:///C:/Users/chris/Dev/Projects/TheFantasyWorldSimulator/node_modules/@vitest/runner/dist/index.js:145:11
    at file:///C:/Users/chris/Dev/Projects/TheFantasyWorldSimulator/node_modules/@vitest/runner/dist/index.js:915:26
    at file:///C:/Users/chris/Dev/Projects/TheFantasyWorldSimulator/node_modules/@vitest/runner/dist/index.js:1243:20
    at new Promise (<anonymous>)
    at runWithTimeout (file:///C:/Users/chris/Dev/Projects/TheFantasyWorldSimulator/node_modules/@vitest/runner/dist/index.js:1209:10)
[Orchestrator] Tick crashed, returning previous state: Error: Trait not found: trait.reputation.power.renown
    at assignTrait (C:/Users/chris/Dev/Projects/TheFantasyWorldSimulator/src/engine/traits.ts:44:25)
    at syncReputationTrait (C:/Users/chris/Dev/Projects/TheFantasyWorldSimulator/src/engine/phaseReputationTraits.ts:297:5)
    at phaseReputationTraits (C:/Users/chris/Dev/Projects/TheFantasyWorldSimulator/src/engine/phaseReputationTraits.ts:273:7)
    at runTick (C:/Users/chris/Dev/Projects/TheFantasyWorldSimulator/src/engine/orchestrator.ts:1896:18)
    at C:/Users/chris/Dev/Projects/TheFantasyWorldSimulator/src/engine/__tests__/content-layer1-integration.test.ts:161:17
    at file:///C:/Users/chris/Dev/Projects/TheFantasyWorldSimulator/node_modules/@vitest/runner/dist/index.js:145:11
    at file:///C:/Users/chris/Dev/Projects/TheFantasyWorldSimulator/node_modules/@vitest/runner/dist/index.js:915:26
    at file:///C:/Users/chris/Dev/Projects/TheFantasyWorldSimulator/node_modules/@vitest/runner/dist/index.js:1243:20
    at new Promise (<anonymous>)
    at runWithTimeout (file:///C:/Users/chris/Dev/Projects/TheFantasyWorldSimulator/node_modules/@vitest/runner/dist/index.js:1209:10)
[Orchestrator] Tick crashed, returning previous state: Error: Trait not found: trait.reputation.power.renown
    at assignTrait (C:/Users/chris/Dev/Projects/TheFantasyWorldSimulator/src/engine/traits.ts:44:25)
    at syncReputationTrait (C:/Users/chris/Dev/Projects/TheFantasyWorldSimulator/src/engine/phaseReputationTraits.ts:297:5)
    at phaseReputationTraits (C:/Users/chris/Dev/Projects/TheFantasyWorldSimulator/src/engine/phaseReputationTraits.ts:273:7)
    at runTick (C:/Users/chris/Dev/Projects/TheFantasyWorldSimulator/src/engine/orchestrator.ts:1896:18)
    at C:/Users/chris/Dev/Projects/TheFantasyWorldSimulator/src/engine/__tests__/content-layer1-integration.test.ts:161:17
    at file:///C:/Users/chris/Dev/Projects/TheFantasyWorldSimulator/node_modules/@vitest/runner/dist/index.js:145:11
    at file:///C:/Users/chris/Dev/Projects/TheFantasyWorldSimulator/node_modules/@vitest/runner/dist/index.js:915:26
    at file:///C:/Users/chris/Dev/Projects/TheFantasyWorldSimulator/node_modules/@vitest/runner/dist/index.js:1243:20
    at new Promise (<anonymous>)
    at runWithTimeout (file:///C:/Users/chris/Dev/Projects/TheFantasyWorldSimulator/node_modules/@vitest/runner/dist/index.js:1209:10)
[Orchestrator] Tick crashed, returning previous state: Error: Trait not found: trait.reputation.power.renown
    at assignTrait (C:/Users/chris/Dev/Projects/TheFantasyWorldSimulator/src/engine/traits.ts:44:25)
    at syncReputationTrait (C:/Users/chris/Dev/Projects/TheFantasyWorldSimulator/src/engine/phaseReputationTraits.ts:297:5)
    at phaseReputationTraits (C:/Users/chris/Dev/Projects/TheFantasyWorldSimulator/src/engine/phaseReputationTraits.ts:273:7)
    at runTick (C:/Users/chris/Dev/Projects/TheFantasyWorldSimulator/src/engine/orchestrator.ts:1896:18)
    at C:/Users/chris/Dev/Projects/TheFantasyWorldSimulator/src/engine/__tests__/content-layer1-integration.test.ts:161:17
    at file:///C:/Users/chris/Dev/Projects/TheFantasyWorldSimulator/node_modules/@vitest/runner/dist/index.js:145:11
    at file:///C:/Users/chris/Dev/Projects/TheFantasyWorldSimulator/node_modules/@vitest/runner/dist/index.js:915:26
    at file:///C:/Users/chris/Dev/Projects/TheFantasyWorldSimulator/node_modules/@vitest/runner/dist/index.js:1243:20
    at new Promise (<anonymous>)
    at runWithTimeout (file:///C:/Users/chris/Dev/Projects/TheFantasyWorldSimulator/node_modules/@vitest/runner/dist/index.js:1209:10)
[Orchestrator] Tick crashed, returning previous state: Error: Trait not found: trait.reputation.power.renown
    at assignTrait (C:/Users/chris/Dev/Projects/TheFantasyWorldSimulator/src/engine/traits.ts:44:25)
    at syncReputationTrait (C:/Users/chris/Dev/Projects/TheFantasyWorldSimulator/src/engine/phaseReputationTraits.ts:297:5)
    at phaseReputationTraits (C:/Users/chris/Dev/Projects/TheFantasyWorldSimulator/src/engine/phaseReputationTraits.ts:273:7)
    at runTick (C:/Users/chris/Dev/Projects/TheFantasyWorldSimulator/src/engine/orchestrator.ts:1896:18)
    at C:/Users/chris/Dev/Projects/TheFantasyWorldSimulator/src/engine/__tests__/content-layer1-integration.test.ts:161:17
    at file:///C:/Users/chris/Dev/Projects/TheFantasyWorldSimulator/node_modules/@vitest/runner/dist/index.js:145:11
    at file:///C:/Users/chris/Dev/Projects/TheFantasyWorldSimulator/node_modules/@vitest/runner/dist/index.js:915:26
    at file:///C:/Users/chris/Dev/Projects/TheFantasyWorldSimulator/node_modules/@vitest/runner/dist/index.js:1243:20
    at new Promise (<anonymous>)
    at runWithTimeout (file:///C:/Users/chris/Dev/Projects/TheFantasyWorldSimulator/node_modules/@vitest/runner/dist/index.js:1209:10)
[Orchestrator] Tick crashed, returning previous state: Error: Trait not found: trait.reputation.power.renown
    at assignTrait (C:/Users/chris/Dev/Projects/TheFantasyWorldSimulator/src/engine/traits.ts:44:25)
    at syncReputationTrait (C:/Users/chris/Dev/Projects/TheFantasyWorldSimulator/src/engine/phaseReputationTraits.ts:297:5)
    at phaseReputationTraits (C:/Users/chris/Dev/Projects/TheFantasyWorldSimulator/src/engine/phaseReputationTraits.ts:273:7)
    at runTick (C:/Users/chris/Dev/Projects/TheFantasyWorldSimulator/src/engine/orchestrator.ts:1896:18)
    at C:/Users/chris/Dev/Projects/TheFantasyWorldSimulator/src/engine/__tests__/content-layer1-integration.test.ts:161:17
    at file:///C:/Users/chris/Dev/Projects/TheFantasyWorldSimulator/node_modules/@vitest/runner/dist/index.js:145:11
    at file:///C:/Users/chris/Dev/Projects/TheFantasyWorldSimulator/node_modules/@vitest/runner/dist/index.js:915:26
    at file:///C:/Users/chris/Dev/Projects/TheFantasyWorldSimulator/node_modules/@vitest/runner/dist/index.js:1243:20
    at new Promise (<anonymous>)
    at runWithTimeout (file:///C:/Users/chris/Dev/Projects/TheFantasyWorldSimulator/node_modules/@vitest/runner/dist/index.js:1209:10)
[Orchestrator] Tick crashed, returning previous state: Error: Trait not found: trait.reputation.power.renown
    at assignTrait (C:/Users/chris/Dev/Projects/TheFantasyWorldSimulator/src/engine/traits.ts:44:25)
    at syncReputationTrait (C:/Users/chris/Dev/Projects/TheFantasyWorldSimulator/src/engine/phaseReputationTraits.ts:297:5)
    at phaseReputationTraits (C:/Users/chris/Dev/Projects/TheFantasyWorldSimulator/src/engine/phaseReputationTraits.ts:273:7)
    at runTick (C:/Users/chris/Dev/Projects/TheFantasyWorldSimulator/src/engine/orchestrator.ts:1896:18)
    at C:/Users/chris/Dev/Projects/TheFantasyWorldSimulator/src/engine/__tests__/content-layer1-integration.test.ts:161:17
    at file:///C:/Users/chris/Dev/Projects/TheFantasyWorldSimulator/node_modules/@vitest/runner/dist/index.js:145:11
    at file:///C:/Users/chris/Dev/Projects/TheFantasyWorldSimulator/node_modules/@vitest/runner/dist/index.js:915:26
    at file:///C:/Users/chris/Dev/Projects/TheFantasyWorldSimulator/node_modules/@vitest/runner/dist/index.js:1243:20
    at new Promise (<anonymous>)
    at runWithTimeout (file:///C:/Users/chris/Dev/Projects/TheFantasyWorldSimulator/node_modules/@vitest/runner/dist/index.js:1209:10)
[Orchestrator] Tick crashed, returning previous state: Error: Trait not found: trait.reputation.power.renown
    at assignTrait (C:/Users/chris/Dev/Projects/TheFantasyWorldSimulator/src/engine/traits.ts:44:25)
    at syncReputationTrait (C:/Users/chris/Dev/Projects/TheFantasyWorldSimulator/src/engine/phaseReputationTraits.ts:297:5)
    at phaseReputationTraits (C:/Users/chris/Dev/Projects/TheFantasyWorldSimulator/src/engine/phaseReputationTraits.ts:273:7)
    at runTick (C:/Users/chris/Dev/Projects/TheFantasyWorldSimulator/src/engine/orchestrator.ts:1896:18)
    at C:/Users/chris/Dev/Projects/TheFantasyWorldSimulator/src/engine/__tests__/content-layer1-integration.test.ts:161:17
    at file:///C:/Users/chris/Dev/Projects/TheFantasyWorldSimulator/node_modules/@vitest/runner/dist/index.js:145:11
    at file:///C:/Users/chris/Dev/Projects/TheFantasyWorldSimulator/node_modules/@vitest/runner/dist/index.js:915:26
    at file:///C:/Users/chris/Dev/Projects/TheFantasyWorldSimulator/node_modules/@vitest/runner/dist/index.js:1243:20
    at new Promise (<anonymous>)
    at runWithTimeout (file:///C:/Users/chris/Dev/Projects/TheFantasyWorldSimulator/node_modules/@vitest/runner/dist/index.js:1209:10)
[Orchestrator] Tick crashed, returning previous state: Error: Trait not found: trait.reputation.power.renown
    at assignTrait (C:/Users/chris/Dev/Projects/TheFantasyWorldSimulator/src/engine/traits.ts:44:25)
    at syncReputationTrait (C:/Users/chris/Dev/Projects/TheFantasyWorldSimulator/src/engine/phaseReputationTraits.ts:297:5)
    at phaseReputationTraits (C:/Users/chris/Dev/Projects/TheFantasyWorldSimulator/src/engine/phaseReputationTraits.ts:273:7)
    at runTick (C:/Users/chris/Dev/Projects/TheFantasyWorldSimulator/src/engine/orchestrator.ts:1896:18)
    at C:/Users/chris/Dev/Projects/TheFantasyWorldSimulator/src/engine/__tests__/content-layer1-integration.test.ts:161:17
    at file:///C:/Users/chris/Dev/Projects/TheFantasyWorldSimulator/node_modules/@vitest/runner/dist/index.js:145:11
    at file:///C:/Users/chris/Dev/Projects/TheFantasyWorldSimulator/node_modules/@vitest/runner/dist/index.js:915:26
    at file:///C:/Users/chris/Dev/Projects/TheFantasyWorldSimulator/node_modules/@vitest/runner/dist/index.js:1243:20
    at new Promise (<anonymous>)
    at runWithTimeout (file:///C:/Users/chris/Dev/Projects/TheFantasyWorldSimulator/node_modules/@vitest/runner/dist/index.js:1209:10)
[Orchestrator] Tick crashed, returning previous state: Error: Trait not found: trait.reputation.power.renown
    at assignTrait (C:/Users/chris/Dev/Projects/TheFantasyWorldSimulator/src/engine/traits.ts:44:25)
    at syncReputationTrait (C:/Users/chris/Dev/Projects/TheFantasyWorldSimulator/src/engine/phaseReputationTraits.ts:297:5)
    at phaseReputationTraits (C:/Users/chris/Dev/Projects/TheFantasyWorldSimulator/src/engine/phaseReputationTraits.ts:273:7)
    at runTick (C:/Users/chris/Dev/Projects/TheFantasyWorldSimulator/src/engine/orchestrator.ts:1896:18)
    at C:/Users/chris/Dev/Projects/TheFantasyWorldSimulator/src/engine/__tests__/content-layer1-integration.test.ts:161:17
    at file:///C:/Users/chris/Dev/Projects/TheFantasyWorldSimulator/node_modules/@vitest/runner/dist/index.js:145:11
    at file:///C:/Users/chris/Dev/Projects/TheFantasyWorldSimulator/node_modules/@vitest/runner/dist/index.js:915:26
    at file:///C:/Users/chris/Dev/Projects/TheFantasyWorldSimulator/node_modules/@vitest/runner/dist/index.js:1243:20
    at new Promise (<anonymous>)
    at runWithTimeout (file:///C:/Users/chris/Dev/Projects/TheFantasyWorldSimulator/node_modules/@vitest/runner/dist/index.js:1209:10)
[Orchestrator] Tick crashed, returning previous state: Error: Trait not found: trait.reputation.power.renown
    at assignTrait (C:/Users/chris/Dev/Projects/TheFantasyWorldSimulator/src/engine/traits.ts:44:25)
    at syncReputationTrait (C:/Users/chris/Dev/Projects/TheFantasyWorldSimulator/src/engine/phaseReputationTraits.ts:297:5)
    at phaseReputationTraits (C:/Users/chris/Dev/Projects/TheFantasyWorldSimulator/src/engine/phaseReputationTraits.ts:273:7)
    at runTick (C:/Users/chris/Dev/Projects/TheFantasyWorldSimulator/src/engine/orchestrator.ts:1896:18)
    at C:/Users/chris/Dev/Projects/TheFantasyWorldSimulator/src/engine/__tests__/content-layer1-integration.test.ts:161:17
    at file:///C:/Users/chris/Dev/Projects/TheFantasyWorldSimulator/node_modules/@vitest/runner/dist/index.js:145:11
    at file:///C:/Users/chris/Dev/Projects/TheFantasyWorldSimulator/node_modules/@vitest/runner/dist/index.js:915:26
    at file:///C:/Users/chris/Dev/Projects/TheFantasyWorldSimulator/node_modules/@vitest/runner/dist/index.js:1243:20
    at new Promise (<anonymous>)
    at runWithTimeout (file:///C:/Users/chris/Dev/Projects/TheFantasyWorldSimulator/node_modules/@vitest/runner/dist/index.js:1209:10)
[Orchestrator] Tick crashed, returning previous state: Error: Trait not found: trait.reputation.power.renown
    at assignTrait (C:/Users/chris/Dev/Projects/TheFantasyWorldSimulator/src/engine/traits.ts:44:25)
    at syncReputationTrait (C:/Users/chris/Dev/Projects/TheFantasyWorldSimulator/src/engine/phaseReputationTraits.ts:297:5)
    at phaseReputationTraits (C:/Users/chris/Dev/Projects/TheFantasyWorldSimulator/src/engine/phaseReputationTraits.ts:273:7)
    at runTick (C:/Users/chris/Dev/Projects/TheFantasyWorldSimulator/src/engine/orchestrator.ts:1896:18)
    at C:/Users/chris/Dev/Projects/TheFantasyWorldSimulator/src/engine/__tests__/content-layer1-integration.test.ts:161:17
    at file:///C:/Users/chris/Dev/Projects/TheFantasyWorldSimulator/node_modules/@vitest/runner/dist/index.js:145:11
    at file:///C:/Users/chris/Dev/Projects/TheFantasyWorldSimulator/node_modules/@vitest/runner/dist/index.js:915:26
    at file:///C:/Users/chris/Dev/Projects/TheFantasyWorldSimulator/node_modules/@vitest/runner/dist/index.js:1243:20
    at new Promise (<anonymous>)
    at runWithTimeout (file:///C:/Users/chris/Dev/Projects/TheFantasyWorldSimulator/node_modules/@vitest/runner/dist/index.js:1209:10)
[Orchestrator] Tick crashed, returning previous state: Error: Trait not found: trait.reputation.power.renown
    at assignTrait (C:/Users/chris/Dev/Projects/TheFantasyWorldSimulator/src/engine/traits.ts:44:25)
    at syncReputationTrait (C:/Users/chris/Dev/Projects/TheFantasyWorldSimulator/src/engine/phaseReputationTraits.ts:297:5)
    at phaseReputationTraits (C:/Users/chris/Dev/Projects/TheFantasyWorldSimulator/src/engine/phaseReputationTraits.ts:273:7)
    at runTick (C:/Users/chris/Dev/Projects/TheFantasyWorldSimulator/src/engine/orchestrator.ts:1896:18)
    at C:/Users/chris/Dev/Projects/TheFantasyWorldSimulator/src/engine/__tests__/content-layer1-integration.test.ts:161:17
    at file:///C:/Users/chris/Dev/Projects/TheFantasyWorldSimulator/node_modules/@vitest/runner/dist/index.js:145:11
    at file:///C:/Users/chris/Dev/Projects/TheFantasyWorldSimulator/node_modules/@vitest/runner/dist/index.js:915:26
    at file:///C:/Users/chris/Dev/Projects/TheFantasyWorldSimulator/node_modules/@vitest/runner/dist/index.js:1243:20
    at new Promise (<anonymous>)
    at runWithTimeout (file:///C:/Users/chris/Dev/Projects/TheFantasyWorldSimulator/node_modules/@vitest/runner/dist/index.js:1209:10)
[Orchestrator] Tick crashed, returning previous state: Error: Trait not found: trait.reputation.power.renown
    at assignTrait (C:/Users/chris/Dev/Projects/TheFantasyWorldSimulator/src/engine/traits.ts:44:25)
    at syncReputationTrait (C:/Users/chris/Dev/Projects/TheFantasyWorldSimulator/src/engine/phaseReputationTraits.ts:297:5)
    at phaseReputationTraits (C:/Users/chris/Dev/Projects/TheFantasyWorldSimulator/src/engine/phaseReputationTraits.ts:273:7)
    at runTick (C:/Users/chris/Dev/Projects/TheFantasyWorldSimulator/src/engine/orchestrator.ts:1896:18)
    at C:/Users/chris/Dev/Projects/TheFantasyWorldSimulator/src/engine/__tests__/content-layer1-integration.test.ts:161:17
    at file:///C:/Users/chris/Dev/Projects/TheFantasyWorldSimulator/node_modules/@vitest/runner/dist/index.js:145:11
    at file:///C:/Users/chris/Dev/Projects/TheFantasyWorldSimulator/node_modules/@vitest/runner/dist/index.js:915:26
    at file:///C:/Users/chris/Dev/Projects/TheFantasyWorldSimulator/node_modules/@vitest/runner/dist/index.js:1243:20
    at new Promise (<anonymous>)
    at runWithTimeout (file:///C:/Users/chris/Dev/Projects/TheFantasyWorldSimulator/node_modules/@vitest/runner/dist/index.js:1209:10)
[Orchestrator] Tick crashed, returning previous state: Error: Trait not found: trait.reputation.power.renown
    at assignTrait (C:/Users/chris/Dev/Projects/TheFantasyWorldSimulator/src/engine/traits.ts:44:25)
    at syncReputationTrait (C:/Users/chris/Dev/Projects/TheFantasyWorldSimulator/src/engine/phaseReputationTraits.ts:297:5)
    at phaseReputationTraits (C:/Users/chris/Dev/Projects/TheFantasyWorldSimulator/src/engine/phaseReputationTraits.ts:273:7)
    at runTick (C:/Users/chris/Dev/Projects/TheFantasyWorldSimulator/src/engine/orchestrator.ts:1896:18)
    at C:/Users/chris/Dev/Projects/TheFantasyWorldSimulator/src/engine/__tests__/content-layer1-integration.test.ts:161:17
    at file:///C:/Users/chris/Dev/Projects/TheFantasyWorldSimulator/node_modules/@vitest/runner/dist/index.js:145:11
    at file:///C:/Users/chris/Dev/Projects/TheFantasyWorldSimulator/node_modules/@vitest/runner/dist/index.js:915:26
    at file:///C:/Users/chris/Dev/Projects/TheFantasyWorldSimulator/node_modules/@vitest/runner/dist/index.js:1243:20
    at new Promise (<anonymous>)
    at runWithTimeout (file:///C:/Users/chris/Dev/Projects/TheFantasyWorldSimulator/node_modules/@vitest/runner/dist/index.js:1209:10)
[Orchestrator] Tick crashed, returning previous state: Error: Trait not found: trait.reputation.power.renown
    at assignTrait (C:/Users/chris/Dev/Projects/TheFantasyWorldSimulator/src/engine/traits.ts:44:25)
    at syncReputationTrait (C:/Users/chris/Dev/Projects/TheFantasyWorldSimulator/src/engine/phaseReputationTraits.ts:297:5)
    at phaseReputationTraits (C:/Users/chris/Dev/Projects/TheFantasyWorldSimulator/src/engine/phaseReputationTraits.ts:273:7)
    at runTick (C:/Users/chris/Dev/Projects/TheFantasyWorldSimulator/src/engine/orchestrator.ts:1896:18)
    at C:/Users/chris/Dev/Projects/TheFantasyWorldSimulator/src/engine/__tests__/content-layer1-integration.test.ts:161:17
    at file:///C:/Users/chris/Dev/Projects/TheFantasyWorldSimulator/node_modules/@vitest/runner/dist/index.js:145:11
    at file:///C:/Users/chris/Dev/Projects/TheFantasyWorldSimulator/node_modules/@vitest/runner/dist/index.js:915:26
    at file:///C:/Users/chris/Dev/Projects/TheFantasyWorldSimulator/node_modules/@vitest/runner/dist/index.js:1243:20
    at new Promise (<anonymous>)
    at runWithTimeout (file:///C:/Users/chris/Dev/Projects/TheFantasyWorldSimulator/node_modules/@vitest/runner/dist/index.js:1209:10)
[Orchestrator] Tick crashed, returning previous state: Error: Trait not found: trait.reputation.power.renown
    at assignTrait (C:/Users/chris/Dev/Projects/TheFantasyWorldSimulator/src/engine/traits.ts:44:25)
    at syncReputationTrait (C:/Users/chris/Dev/Projects/TheFantasyWorldSimulator/src/engine/phaseReputationTraits.ts:297:5)
    at phaseReputationTraits (C:/Users/chris/Dev/Projects/TheFantasyWorldSimulator/src/engine/phaseReputationTraits.ts:273:7)
    at runTick (C:/Users/chris/Dev/Projects/TheFantasyWorldSimulator/src/engine/orchestrator.ts:1896:18)
    at C:/Users/chris/Dev/Projects/TheFantasyWorldSimulator/src/engine/__tests__/content-layer1-integration.test.ts:161:17
    at file:///C:/Users/chris/Dev/Projects/TheFantasyWorldSimulator/node_modules/@vitest/runner/dist/index.js:145:11
    at file:///C:/Users/chris/Dev/Projects/TheFantasyWorldSimulator/node_modules/@vitest/runner/dist/index.js:915:26
    at file:///C:/Users/chris/Dev/Projects/TheFantasyWorldSimulator/node_modules/@vitest/runner/dist/index.js:1243:20
    at new Promise (<anonymous>)
    at runWithTimeout (file:///C:/Users/chris/Dev/Projects/TheFantasyWorldSimulator/node_modules/@vitest/runner/dist/index.js:1209:10)
[Orchestrator] Tick crashed, returning previous state: Error: Trait not found: trait.reputation.power.renown
    at assignTrait (C:/Users/chris/Dev/Projects/TheFantasyWorldSimulator/src/engine/traits.ts:44:25)
    at syncReputationTrait (C:/Users/chris/Dev/Projects/TheFantasyWorldSimulator/src/engine/phaseReputationTraits.ts:297:5)
    at phaseReputationTraits (C:/Users/chris/Dev/Projects/TheFantasyWorldSimulator/src/engine/phaseReputationTraits.ts:273:7)
    at runTick (C:/Users/chris/Dev/Projects/TheFantasyWorldSimulator/src/engine/orchestrator.ts:1896:18)
    at C:/Users/chris/Dev/Projects/TheFantasyWorldSimulator/src/engine/__tests__/content-layer1-integration.test.ts:161:17
    at file:///C:/Users/chris/Dev/Projects/TheFantasyWorldSimulator/node_modules/@vitest/runner/dist/index.js:145:11
    at file:///C:/Users/chris/Dev/Projects/TheFantasyWorldSimulator/node_modules/@vitest/runner/dist/index.js:915:26
    at file:///C:/Users/chris/Dev/Projects/TheFantasyWorldSimulator/node_modules/@vitest/runner/dist/index.js:1243:20
    at new Promise (<anonymous>)
    at runWithTimeout (file:///C:/Users/chris/Dev/Projects/TheFantasyWorldSimulator/node_modules/@vitest/runner/dist/index.js:1209:10)
[Orchestrator] Tick crashed, returning previous state: Error: Trait not found: trait.reputation.power.renown
    at assignTrait (C:/Users/chris/Dev/Projects/TheFantasyWorldSimulator/src/engine/traits.ts:44:25)
    at syncReputationTrait (C:/Users/chris/Dev/Projects/TheFantasyWorldSimulator/src/engine/phaseReputationTraits.ts:297:5)
    at phaseReputationTraits (C:/Users/chris/Dev/Projects/TheFantasyWorldSimulator/src/engine/phaseReputationTraits.ts:273:7)
    at runTick (C:/Users/chris/Dev/Projects/TheFantasyWorldSimulator/src/engine/orchestrator.ts:1896:18)
    at C:/Users/chris/Dev/Projects/TheFantasyWorldSimulator/src/engine/__tests__/content-layer1-integration.test.ts:161:17
    at file:///C:/Users/chris/Dev/Projects/TheFantasyWorldSimulator/node_modules/@vitest/runner/dist/index.js:145:11
    at file:///C:/Users/chris/Dev/Projects/TheFantasyWorldSimulator/node_modules/@vitest/runner/dist/index.js:915:26
    at file:///C:/Users/chris/Dev/Projects/TheFantasyWorldSimulator/node_modules/@vitest/runner/dist/index.js:1243:20
    at new Promise (<anonymous>)
    at runWithTimeout (file:///C:/Users/chris/Dev/Projects/TheFantasyWorldSimulator/node_modules/@vitest/runner/dist/index.js:1209:10)
[Orchestrator] Tick crashed, returning previous state: Error: Trait not found: trait.reputation.power.renown
    at assignTrait (C:/Users/chris/Dev/Projects/TheFantasyWorldSimulator/src/engine/traits.ts:44:25)
    at syncReputationTrait (C:/Users/chris/Dev/Projects/TheFantasyWorldSimulator/src/engine/phaseReputationTraits.ts:297:5)
    at phaseReputationTraits (C:/Users/chris/Dev/Projects/TheFantasyWorldSimulator/src/engine/phaseReputationTraits.ts:273:7)
    at runTick (C:/Users/chris/Dev/Projects/TheFantasyWorldSimulator/src/engine/orchestrator.ts:1896:18)
    at C:/Users/chris/Dev/Projects/TheFantasyWorldSimulator/src/engine/__tests__/content-layer1-integration.test.ts:161:17
    at file:///C:/Users/chris/Dev/Projects/TheFantasyWorldSimulator/node_modules/@vitest/runner/dist/index.js:145:11
    at file:///C:/Users/chris/Dev/Projects/TheFantasyWorldSimulator/node_modules/@vitest/runner/dist/index.js:915:26
    at file:///C:/Users/chris/Dev/Projects/TheFantasyWorldSimulator/node_modules/@vitest/runner/dist/index.js:1243:20
    at new Promise (<anonymous>)
    at runWithTimeout (file:///C:/Users/chris/Dev/Projects/TheFantasyWorldSimulator/node_modules/@vitest/runner/dist/index.js:1209:10)
[Orchestrator] Tick crashed, returning previous state: Error: Trait not found: trait.reputation.power.renown
    at assignTrait (C:/Users/chris/Dev/Projects/TheFantasyWorldSimulator/src/engine/traits.ts:44:25)
    at syncReputationTrait (C:/Users/chris/Dev/Projects/TheFantasyWorldSimulator/src/engine/phaseReputationTraits.ts:297:5)
    at phaseReputationTraits (C:/Users/chris/Dev/Projects/TheFantasyWorldSimulator/src/engine/phaseReputationTraits.ts:273:7)
    at runTick (C:/Users/chris/Dev/Projects/TheFantasyWorldSimulator/src/engine/orchestrator.ts:1896:18)
    at C:/Users/chris/Dev/Projects/TheFantasyWorldSimulator/src/engine/__tests__/content-layer1-integration.test.ts:161:17
    at file:///C:/Users/chris/Dev/Projects/TheFantasyWorldSimulator/node_modules/@vitest/runner/dist/index.js:145:11
    at file:///C:/Users/chris/Dev/Projects/TheFantasyWorldSimulator/node_modules/@vitest/runner/dist/index.js:915:26
    at file:///C:/Users/chris/Dev/Projects/TheFantasyWorldSimulator/node_modules/@vitest/runner/dist/index.js:1243:20
    at new Promise (<anonymous>)
    at runWithTimeout (file:///C:/Users/chris/Dev/Projects/TheFantasyWorldSimulator/node_modules/@vitest/runner/dist/index.js:1209:10)
[Orchestrator] Tick crashed, returning previous state: Error: Trait not found: trait.reputation.power.renown
    at assignTrait (C:/Users/chris/Dev/Projects/TheFantasyWorldSimulator/src/engine/traits.ts:44:25)
    at syncReputationTrait (C:/Users/chris/Dev/Projects/TheFantasyWorldSimulator/src/engine/phaseReputationTraits.ts:297:5)
    at phaseReputationTraits (C:/Users/chris/Dev/Projects/TheFantasyWorldSimulator/src/engine/phaseReputationTraits.ts:273:7)
    at runTick (C:/Users/chris/Dev/Projects/TheFantasyWorldSimulator/src/engine/orchestrator.ts:1896:18)
    at C:/Users/chris/Dev/Projects/TheFantasyWorldSimulator/src/engine/__tests__/content-layer1-integration.test.ts:161:17
    at file:///C:/Users/chris/Dev/Projects/TheFantasyWorldSimulator/node_modules/@vitest/runner/dist/index.js:145:11
    at file:///C:/Users/chris/Dev/Projects/TheFantasyWorldSimulator/node_modules/@vitest/runner/dist/index.js:915:26
    at file:///C:/Users/chris/Dev/Projects/TheFantasyWorldSimulator/node_modules/@vitest/runner/dist/index.js:1243:20
    at new Promise (<anonymous>)
    at runWithTimeout (file:///C:/Users/chris/Dev/Projects/TheFantasyWorldSimulator/node_modules/@vitest/runner/dist/index.js:1209:10)
[Orchestrator] Tick crashed, returning previous state: Error: Trait not found: trait.reputation.power.renown
    at assignTrait (C:/Users/chris/Dev/Projects/TheFantasyWorldSimulator/src/engine/traits.ts:44:25)
    at syncReputationTrait (C:/Users/chris/Dev/Projects/TheFantasyWorldSimulator/src/engine/phaseReputationTraits.ts:297:5)
    at phaseReputationTraits (C:/Users/chris/Dev/Projects/TheFantasyWorldSimulator/src/engine/phaseReputationTraits.ts:273:7)
    at runTick (C:/Users/chris/Dev/Projects/TheFantasyWorldSimulator/src/engine/orchestrator.ts:1896:18)
    at C:/Users/chris/Dev/Projects/TheFantasyWorldSimulator/src/engine/__tests__/content-layer1-integration.test.ts:161:17
    at file:///C:/Users/chris/Dev/Projects/TheFantasyWorldSimulator/node_modules/@vitest/runner/dist/index.js:145:11
    at file:///C:/Users/chris/Dev/Projects/TheFantasyWorldSimulator/node_modules/@vitest/runner/dist/index.js:915:26
    at file:///C:/Users/chris/Dev/Projects/TheFantasyWorldSimulator/node_modules/@vitest/runner/dist/index.js:1243:20
    at new Promise (<anonymous>)
    at runWithTimeout (file:///C:/Users/chris/Dev/Projects/TheFantasyWorldSimulator/node_modules/@vitest/runner/dist/index.js:1209:10)
[Orchestrator] Tick crashed, returning previous state: Error: Trait not found: trait.reputation.power.renown
    at assignTrait (C:/Users/chris/Dev/Projects/TheFantasyWorldSimulator/src/engine/traits.ts:44:25)
    at syncReputationTrait (C:/Users/chris/Dev/Projects/TheFantasyWorldSimulator/src/engine/phaseReputationTraits.ts:297:5)
    at phaseReputationTraits (C:/Users/chris/Dev/Projects/TheFantasyWorldSimulator/src/engine/phaseReputationTraits.ts:273:7)
    at runTick (C:/Users/chris/Dev/Projects/TheFantasyWorldSimulator/src/engine/orchestrator.ts:1896:18)
    at C:/Users/chris/Dev/Projects/TheFantasyWorldSimulator/src/engine/__tests__/content-layer1-integration.test.ts:161:17
    at file:///C:/Users/chris/Dev/Projects/TheFantasyWorldSimulator/node_modules/@vitest/runner/dist/index.js:145:11
    at file:///C:/Users/chris/Dev/Projects/TheFantasyWorldSimulator/node_modules/@vitest/runner/dist/index.js:915:26
    at file:///C:/Users/chris/Dev/Projects/TheFantasyWorldSimulator/node_modules/@vitest/runner/dist/index.js:1243:20
    at new Promise (<anonymous>)
    at runWithTimeout (file:///C:/Users/chris/Dev/Projects/TheFantasyWorldSimulator/node_modules/@vitest/runner/dist/index.js:1209:10)
[Orchestrator] Tick crashed, returning previous state: Error: Trait not found: trait.reputation.power.renown
    at assignTrait (C:/Users/chris/Dev/Projects/TheFantasyWorldSimulator/src/engine/traits.ts:44:25)
    at syncReputationTrait (C:/Users/chris/Dev/Projects/TheFantasyWorldSimulator/src/engine/phaseReputationTraits.ts:297:5)
    at phaseReputationTraits (C:/Users/chris/Dev/Projects/TheFantasyWorldSimulator/src/engine/phaseReputationTraits.ts:273:7)
    at runTick (C:/Users/chris/Dev/Projects/TheFantasyWorldSimulator/src/engine/orchestrator.ts:1896:18)
    at C:/Users/chris/Dev/Projects/TheFantasyWorldSimulator/src/engine/__tests__/content-layer1-integration.test.ts:161:17
    at file:///C:/Users/chris/Dev/Projects/TheFantasyWorldSimulator/node_modules/@vitest/runner/dist/index.js:145:11
    at file:///C:/Users/chris/Dev/Projects/TheFantasyWorldSimulator/node_modules/@vitest/runner/dist/index.js:915:26
    at file:///C:/Users/chris/Dev/Projects/TheFantasyWorldSimulator/node_modules/@vitest/runner/dist/index.js:1243:20
    at new Promise (<anonymous>)
    at runWithTimeout (file:///C:/Users/chris/Dev/Projects/TheFantasyWorldSimulator/node_modules/@vitest/runner/dist/index.js:1209:10)
[Orchestrator] Tick crashed, returning previous state: Error: Trait not found: trait.reputation.power.renown
    at assignTrait (C:/Users/chris/Dev/Projects/TheFantasyWorldSimulator/src/engine/traits.ts:44:25)
    at syncReputationTrait (C:/Users/chris/Dev/Projects/TheFantasyWorldSimulator/src/engine/phaseReputationTraits.ts:297:5)
    at phaseReputationTraits (C:/Users/chris/Dev/Projects/TheFantasyWorldSimulator/src/engine/phaseReputationTraits.ts:273:7)
    at runTick (C:/Users/chris/Dev/Projects/TheFantasyWorldSimulator/src/engine/orchestrator.ts:1896:18)
    at C:/Users/chris/Dev/Projects/TheFantasyWorldSimulator/src/engine/__tests__/content-layer1-integration.test.ts:161:17
    at file:///C:/Users/chris/Dev/Projects/TheFantasyWorldSimulator/node_modules/@vitest/runner/dist/index.js:145:11
    at file:///C:/Users/chris/Dev/Projects/TheFantasyWorldSimulator/node_modules/@vitest/runner/dist/index.js:915:26
    at file:///C:/Users/chris/Dev/Projects/TheFantasyWorldSimulator/node_modules/@vitest/runner/dist/index.js:1243:20
    at new Promise (<anonymous>)
    at runWithTimeout (file:///C:/Users/chris/Dev/Projects/TheFantasyWorldSimulator/node_modules/@vitest/runner/dist/index.js:1209:10)
[Orchestrator] Tick crashed, returning previous state: Error: Trait not found: trait.reputation.power.renown
    at assignTrait (C:/Users/chris/Dev/Projects/TheFantasyWorldSimulator/src/engine/traits.ts:44:25)
    at syncReputationTrait (C:/Users/chris/Dev/Projects/TheFantasyWorldSimulator/src/engine/phaseReputationTraits.ts:297:5)
    at phaseReputationTraits (C:/Users/chris/Dev/Projects/TheFantasyWorldSimulator/src/engine/phaseReputationTraits.ts:273:7)
    at runTick (C:/Users/chris/Dev/Projects/TheFantasyWorldSimulator/src/engine/orchestrator.ts:1896:18)
    at C:/Users/chris/Dev/Projects/TheFantasyWorldSimulator/src/engine/__tests__/content-layer1-integration.test.ts:161:17
    at file:///C:/Users/chris/Dev/Projects/TheFantasyWorldSimulator/node_modules/@vitest/runner/dist/index.js:145:11
    at file:///C:/Users/chris/Dev/Projects/TheFantasyWorldSimulator/node_modules/@vitest/runner/dist/index.js:915:26
    at file:///C:/Users/chris/Dev/Projects/TheFantasyWorldSimulator/node_modules/@vitest/runner/dist/index.js:1243:20
    at new Promise (<anonymous>)
    at runWithTimeout (file:///C:/Users/chris/Dev/Projects/TheFantasyWorldSimulator/node_modules/@vitest/runner/dist/index.js:1209:10)
[Orchestrator] Tick crashed, returning previous state: Error: Trait not found: trait.reputation.power.renown
    at assignTrait (C:/Users/chris/Dev/Projects/TheFantasyWorldSimulator/src/engine/traits.ts:44:25)
    at syncReputationTrait (C:/Users/chris/Dev/Projects/TheFantasyWorldSimulator/src/engine/phaseReputationTraits.ts:297:5)
    at phaseReputationTraits (C:/Users/chris/Dev/Projects/TheFantasyWorldSimulator/src/engine/phaseReputationTraits.ts:273:7)
    at runTick (C:/Users/chris/Dev/Projects/TheFantasyWorldSimulator/src/engine/orchestrator.ts:1896:18)
    at C:/Users/chris/Dev/Projects/TheFantasyWorldSimulator/src/engine/__tests__/content-layer1-integration.test.ts:161:17
    at file:///C:/Users/chris/Dev/Projects/TheFantasyWorldSimulator/node_modules/@vitest/runner/dist/index.js:145:11
    at file:///C:/Users/chris/Dev/Projects/TheFantasyWorldSimulator/node_modules/@vitest/runner/dist/index.js:915:26
    at file:///C:/Users/chris/Dev/Projects/TheFantasyWorldSimulator/node_modules/@vitest/runner/dist/index.js:1243:20
    at new Promise (<anonymous>)
    at runWithTimeout (file:///C:/Users/chris/Dev/Projects/TheFantasyWorldSimulator/node_modules/@vitest/runner/dist/index.js:1209:10)
[Orchestrator] Tick crashed, returning previous state: Error: Trait not found: trait.reputation.power.renown
    at assignTrait (C:/Users/chris/Dev/Projects/TheFantasyWorldSimulator/src/engine/traits.ts:44:25)
    at syncReputationTrait (C:/Users/chris/Dev/Projects/TheFantasyWorldSimulator/src/engine/phaseReputationTraits.ts:297:5)
    at phaseReputationTraits (C:/Users/chris/Dev/Projects/TheFantasyWorldSimulator/src/engine/phaseReputationTraits.ts:273:7)
    at runTick (C:/Users/chris/Dev/Projects/TheFantasyWorldSimulator/src/engine/orchestrator.ts:1896:18)
    at C:/Users/chris/Dev/Projects/TheFantasyWorldSimulator/src/engine/__tests__/content-layer1-integration.test.ts:161:17
    at file:///C:/Users/chris/Dev/Projects/TheFantasyWorldSimulator/node_modules/@vitest/runner/dist/index.js:145:11
    at file:///C:/Users/chris/Dev/Projects/TheFantasyWorldSimulator/node_modules/@vitest/runner/dist/index.js:915:26
    at file:///C:/Users/chris/Dev/Projects/TheFantasyWorldSimulator/node_modules/@vitest/runner/dist/index.js:1243:20
    at new Promise (<anonymous>)
    at runWithTimeout (file:///C:/Users/chris/Dev/Projects/TheFantasyWorldSimulator/node_modules/@vitest/runner/dist/index.js:1209:10)
[Orchestrator] Tick crashed, returning previous state: Error: Trait not found: trait.reputation.power.renown
    at assignTrait (C:/Users/chris/Dev/Projects/TheFantasyWorldSimulator/src/engine/traits.ts:44:25)
    at syncReputationTrait (C:/Users/chris/Dev/Projects/TheFantasyWorldSimulator/src/engine/phaseReputationTraits.ts:297:5)
    at phaseReputationTraits (C:/Users/chris/Dev/Projects/TheFantasyWorldSimulator/src/engine/phaseReputationTraits.ts:273:7)
    at runTick (C:/Users/chris/Dev/Projects/TheFantasyWorldSimulator/src/engine/orchestrator.ts:1896:18)
    at C:/Users/chris/Dev/Projects/TheFantasyWorldSimulator/src/engine/__tests__/content-layer1-integration.test.ts:161:17
    at file:///C:/Users/chris/Dev/Projects/TheFantasyWorldSimulator/node_modules/@vitest/runner/dist/index.js:145:11
    at file:///C:/Users/chris/Dev/Projects/TheFantasyWorldSimulator/node_modules/@vitest/runner/dist/index.js:915:26
    at file:///C:/Users/chris/Dev/Projects/TheFantasyWorldSimulator/node_modules/@vitest/runner/dist/index.js:1243:20
    at new Promise (<anonymous>)
    at runWithTimeout (file:///C:/Users/chris/Dev/Projects/TheFantasyWorldSimulator/node_modules/@vitest/runner/dist/index.js:1209:10)
[Orchestrator] Tick crashed, returning previous state: Error: Trait not found: trait.reputation.power.renown
    at assignTrait (C:/Users/chris/Dev/Projects/TheFantasyWorldSimulator/src/engine/traits.ts:44:25)
    at syncReputationTrait (C:/Users/chris/Dev/Projects/TheFantasyWorldSimulator/src/engine/phaseReputationTraits.ts:297:5)
    at phaseReputationTraits (C:/Users/chris/Dev/Projects/TheFantasyWorldSimulator/src/engine/phaseReputationTraits.ts:273:7)
    at runTick (C:/Users/chris/Dev/Projects/TheFantasyWorldSimulator/src/engine/orchestrator.ts:1896:18)
    at C:/Users/chris/Dev/Projects/TheFantasyWorldSimulator/src/engine/__tests__/content-layer1-integration.test.ts:161:17
    at file:///C:/Users/chris/Dev/Projects/TheFantasyWorldSimulator/node_modules/@vitest/runner/dist/index.js:145:11
    at file:///C:/Users/chris/Dev/Projects/TheFantasyWorldSimulator/node_modules/@vitest/runner/dist/index.js:915:26
    at file:///C:/Users/chris/Dev/Projects/TheFantasyWorldSimulator/node_modules/@vitest/runner/dist/index.js:1243:20
    at new Promise (<anonymous>)
    at runWithTimeout (file:///C:/Users/chris/Dev/Projects/TheFantasyWorldSimulator/node_modules/@vitest/runner/dist/index.js:1209:10)
[Orchestrator] Tick crashed, returning previous state: Error: Trait not found: trait.reputation.power.renown
    at assignTrait (C:/Users/chris/Dev/Projects/TheFantasyWorldSimulator/src/engine/traits.ts:44:25)
    at syncReputationTrait (C:/Users/chris/Dev/Projects/TheFantasyWorldSimulator/src/engine/phaseReputationTraits.ts:297:5)
    at phaseReputationTraits (C:/Users/chris/Dev/Projects/TheFantasyWorldSimulator/src/engine/phaseReputationTraits.ts:273:7)
    at runTick (C:/Users/chris/Dev/Projects/TheFantasyWorldSimulator/src/engine/orchestrator.ts:1896:18)
    at C:/Users/chris/Dev/Projects/TheFantasyWorldSimulator/src/engine/__tests__/content-layer1-integration.test.ts:161:17
    at file:///C:/Users/chris/Dev/Projects/TheFantasyWorldSimulator/node_modules/@vitest/runner/dist/index.js:145:11
    at file:///C:/Users/chris/Dev/Projects/TheFantasyWorldSimulator/node_modules/@vitest/runner/dist/index.js:915:26
    at file:///C:/Users/chris/Dev/Projects/TheFantasyWorldSimulator/node_modules/@vitest/runner/dist/index.js:1243:20
    at new Promise (<anonymous>)
    at runWithTimeout (file:///C:/Users/chris/Dev/Projects/TheFantasyWorldSimulator/node_modules/@vitest/runner/dist/index.js:1209:10)
[Orchestrator] Tick crashed, returning previous state: Error: Trait not found: trait.reputation.power.renown
    at assignTrait (C:/Users/chris/Dev/Projects/TheFantasyWorldSimulator/src/engine/traits.ts:44:25)
    at syncReputationTrait (C:/Users/chris/Dev/Projects/TheFantasyWorldSimulator/src/engine/phaseReputationTraits.ts:297:5)
    at phaseReputationTraits (C:/Users/chris/Dev/Projects/TheFantasyWorldSimulator/src/engine/phaseReputationTraits.ts:273:7)
    at runTick (C:/Users/chris/Dev/Projects/TheFantasyWorldSimulator/src/engine/orchestrator.ts:1896:18)
    at C:/Users/chris/Dev/Projects/TheFantasyWorldSimulator/src/engine/__tests__/content-layer1-integration.test.ts:161:17
    at file:///C:/Users/chris/Dev/Projects/TheFantasyWorldSimulator/node_modules/@vitest/runner/dist/index.js:145:11
    at file:///C:/Users/chris/Dev/Projects/TheFantasyWorldSimulator/node_modules/@vitest/runner/dist/index.js:915:26
    at file:///C:/Users/chris/Dev/Projects/TheFantasyWorldSimulator/node_modules/@vitest/runner/dist/index.js:1243:20
    at new Promise (<anonymous>)
    at runWithTimeout (file:///C:/Users/chris/Dev/Projects/TheFantasyWorldSimulator/node_modules/@vitest/runner/dist/index.js:1209:10)
[Orchestrator] Tick crashed, returning previous state: Error: Trait not found: trait.reputation.power.renown
    at assignTrait (C:/Users/chris/Dev/Projects/TheFantasyWorldSimulator/src/engine/traits.ts:44:25)
    at syncReputationTrait (C:/Users/chris/Dev/Projects/TheFantasyWorldSimulator/src/engine/phaseReputationTraits.ts:297:5)
    at phaseReputationTraits (C:/Users/chris/Dev/Projects/TheFantasyWorldSimulator/src/engine/phaseReputationTraits.ts:273:7)
    at runTick (C:/Users/chris/Dev/Projects/TheFantasyWorldSimulator/src/engine/orchestrator.ts:1896:18)
    at C:/Users/chris/Dev/Projects/TheFantasyWorldSimulator/src/engine/__tests__/content-layer1-integration.test.ts:161:17
    at file:///C:/Users/chris/Dev/Projects/TheFantasyWorldSimulator/node_modules/@vitest/runner/dist/index.js:145:11
    at file:///C:/Users/chris/Dev/Projects/TheFantasyWorldSimulator/node_modules/@vitest/runner/dist/index.js:915:26
    at file:///C:/Users/chris/Dev/Projects/TheFantasyWorldSimulator/node_modules/@vitest/runner/dist/index.js:1243:20
    at new Promise (<anonymous>)
    at runWithTimeout (file:///C:/Users/chris/Dev/Projects/TheFantasyWorldSimulator/node_modules/@vitest/runner/dist/index.js:1209:10)
[Orchestrator] Tick crashed, returning previous state: Error: Trait not found: trait.reputation.power.renown
    at assignTrait (C:/Users/chris/Dev/Projects/TheFantasyWorldSimulator/src/engine/traits.ts:44:25)
    at syncReputationTrait (C:/Users/chris/Dev/Projects/TheFantasyWorldSimulator/src/engine/phaseReputationTraits.ts:297:5)
    at phaseReputationTraits (C:/Users/chris/Dev/Projects/TheFantasyWorldSimulator/src/engine/phaseReputationTraits.ts:273:7)
    at runTick (C:/Users/chris/Dev/Projects/TheFantasyWorldSimulator/src/engine/orchestrator.ts:1896:18)
    at C:/Users/chris/Dev/Projects/TheFantasyWorldSimulator/src/engine/__tests__/content-layer1-integration.test.ts:161:17
    at file:///C:/Users/chris/Dev/Projects/TheFantasyWorldSimulator/node_modules/@vitest/runner/dist/index.js:145:11
    at file:///C:/Users/chris/Dev/Projects/TheFantasyWorldSimulator/node_modules/@vitest/runner/dist/index.js:915:26
    at file:///C:/Users/chris/Dev/Projects/TheFantasyWorldSimulator/node_modules/@vitest/runner/dist/index.js:1243:20
    at new Promise (<anonymous>)
    at runWithTimeout (file:///C:/Users/chris/Dev/Projects/TheFantasyWorldSimulator/node_modules/@vitest/runner/dist/index.js:1209:10)
[Orchestrator] Tick crashed, returning previous state: Error: Trait not found: trait.reputation.power.renown
    at assignTrait (C:/Users/chris/Dev/Projects/TheFantasyWorldSimulator/src/engine/traits.ts:44:25)
    at syncReputationTrait (C:/Users/chris/Dev/Projects/TheFantasyWorldSimulator/src/engine/phaseReputationTraits.ts:297:5)
    at phaseReputationTraits (C:/Users/chris/Dev/Projects/TheFantasyWorldSimulator/src/engine/phaseReputationTraits.ts:273:7)
    at runTick (C:/Users/chris/Dev/Projects/TheFantasyWorldSimulator/src/engine/orchestrator.ts:1896:18)
    at C:/Users/chris/Dev/Projects/TheFantasyWorldSimulator/src/engine/__tests__/content-layer1-integration.test.ts:161:17
    at file:///C:/Users/chris/Dev/Projects/TheFantasyWorldSimulator/node_modules/@vitest/runner/dist/index.js:145:11
    at file:///C:/Users/chris/Dev/Projects/TheFantasyWorldSimulator/node_modules/@vitest/runner/dist/index.js:915:26
    at file:///C:/Users/chris/Dev/Projects/TheFantasyWorldSimulator/node_modules/@vitest/runner/dist/index.js:1243:20
    at new Promise (<anonymous>)
    at runWithTimeout (file:///C:/Users/chris/Dev/Projects/TheFantasyWorldSimulator/node_modules/@vitest/runner/dist/index.js:1209:10)
[Orchestrator] Tick crashed, returning previous state: Error: Trait not found: trait.reputation.power.renown
    at assignTrait (C:/Users/chris/Dev/Projects/TheFantasyWorldSimulator/src/engine/traits.ts:44:25)
    at syncReputationTrait (C:/Users/chris/Dev/Projects/TheFantasyWorldSimulator/src/engine/phaseReputationTraits.ts:297:5)
    at phaseReputationTraits (C:/Users/chris/Dev/Projects/TheFantasyWorldSimulator/src/engine/phaseReputationTraits.ts:273:7)
    at runTick (C:/Users/chris/Dev/Projects/TheFantasyWorldSimulator/src/engine/orchestrator.ts:1896:18)
    at C:/Users/chris/Dev/Projects/TheFantasyWorldSimulator/src/engine/__tests__/content-layer1-integration.test.ts:161:17
    at file:///C:/Users/chris/Dev/Projects/TheFantasyWorldSimulator/node_modules/@vitest/runner/dist/index.js:145:11
    at file:///C:/Users/chris/Dev/Projects/TheFantasyWorldSimulator/node_modules/@vitest/runner/dist/index.js:915:26
    at file:///C:/Users/chris/Dev/Projects/TheFantasyWorldSimulator/node_modules/@vitest/runner/dist/index.js:1243:20
    at new Promise (<anonymous>)
    at runWithTimeout (file:///C:/Users/chris/Dev/Projects/TheFantasyWorldSimulator/node_modules/@vitest/runner/dist/index.js:1209:10)
[Orchestrator] Tick crashed, returning previous state: Error: Trait not found: trait.reputation.power.renown
    at assignTrait (C:/Users/chris/Dev/Projects/TheFantasyWorldSimulator/src/engine/traits.ts:44:25)
    at syncReputationTrait (C:/Users/chris/Dev/Projects/TheFantasyWorldSimulator/src/engine/phaseReputationTraits.ts:297:5)
    at phaseReputationTraits (C:/Users/chris/Dev/Projects/TheFantasyWorldSimulator/src/engine/phaseReputationTraits.ts:273:7)
    at runTick (C:/Users/chris/Dev/Projects/TheFantasyWorldSimulator/src/engine/orchestrator.ts:1896:18)
    at C:/Users/chris/Dev/Projects/TheFantasyWorldSimulator/src/engine/__tests__/content-layer1-integration.test.ts:161:17
    at file:///C:/Users/chris/Dev/Projects/TheFantasyWorldSimulator/node_modules/@vitest/runner/dist/index.js:145:11
    at file:///C:/Users/chris/Dev/Projects/TheFantasyWorldSimulator/node_modules/@vitest/runner/dist/index.js:915:26
    at file:///C:/Users/chris/Dev/Projects/TheFantasyWorldSimulator/node_modules/@vitest/runner/dist/index.js:1243:20
    at new Promise (<anonymous>)
    at runWithTimeout (file:///C:/Users/chris/Dev/Projects/TheFantasyWorldSimulator/node_modules/@vitest/runner/dist/index.js:1209:10)
[Orchestrator] Tick crashed, returning previous state: Error: Trait not found: trait.reputation.power.renown
    at assignTrait (C:/Users/chris/Dev/Projects/TheFantasyWorldSimulator/src/engine/traits.ts:44:25)
    at syncReputationTrait (C:/Users/chris/Dev/Projects/TheFantasyWorldSimulator/src/engine/phaseReputationTraits.ts:297:5)
    at phaseReputationTraits (C:/Users/chris/Dev/Projects/TheFantasyWorldSimulator/src/engine/phaseReputationTraits.ts:273:7)
    at runTick (C:/Users/chris/Dev/Projects/TheFantasyWorldSimulator/src/engine/orchestrator.ts:1896:18)
    at C:/Users/chris/Dev/Projects/TheFantasyWorldSimulator/src/engine/__tests__/content-layer1-integration.test.ts:161:17
    at file:///C:/Users/chris/Dev/Projects/TheFantasyWorldSimulator/node_modules/@vitest/runner/dist/index.js:145:11
    at file:///C:/Users/chris/Dev/Projects/TheFantasyWorldSimulator/node_modules/@vitest/runner/dist/index.js:915:26
    at file:///C:/Users/chris/Dev/Projects/TheFantasyWorldSimulator/node_modules/@vitest/runner/dist/index.js:1243:20
    at new Promise (<anonymous>)
    at runWithTimeout (file:///C:/Users/chris/Dev/Projects/TheFantasyWorldSimulator/node_modules/@vitest/runner/dist/index.js:1209:10)
[Orchestrator] Tick crashed, returning previous state: Error: Trait not found: trait.reputation.power.renown
    at assignTrait (C:/Users/chris/Dev/Projects/TheFantasyWorldSimulator/src/engine/traits.ts:44:25)
    at syncReputationTrait (C:/Users/chris/Dev/Projects/TheFantasyWorldSimulator/src/engine/phaseReputationTraits.ts:297:5)
    at phaseReputationTraits (C:/Users/chris/Dev/Projects/TheFantasyWorldSimulator/src/engine/phaseReputationTraits.ts:273:7)
    at runTick (C:/Users/chris/Dev/Projects/TheFantasyWorldSimulator/src/engine/orchestrator.ts:1896:18)
    at C:/Users/chris/Dev/Projects/TheFantasyWorldSimulator/src/engine/__tests__/content-layer1-integration.test.ts:161:17
    at file:///C:/Users/chris/Dev/Projects/TheFantasyWorldSimulator/node_modules/@vitest/runner/dist/index.js:145:11
    at file:///C:/Users/chris/Dev/Projects/TheFantasyWorldSimulator/node_modules/@vitest/runner/dist/index.js:915:26
    at file:///C:/Users/chris/Dev/Projects/TheFantasyWorldSimulator/node_modules/@vitest/runner/dist/index.js:1243:20
    at new Promise (<anonymous>)
    at runWithTimeout (file:///C:/Users/chris/Dev/Projects/TheFantasyWorldSimulator/node_modules/@vitest/runner/dist/index.js:1209:10)
[Orchestrator] Tick crashed, returning previous state: Error: Trait not found: trait.reputation.power.renown
    at assignTrait (C:/Users/chris/Dev/Projects/TheFantasyWorldSimulator/src/engine/traits.ts:44:25)
    at syncReputationTrait (C:/Users/chris/Dev/Projects/TheFantasyWorldSimulator/src/engine/phaseReputationTraits.ts:297:5)
    at phaseReputationTraits (C:/Users/chris/Dev/Projects/TheFantasyWorldSimulator/src/engine/phaseReputationTraits.ts:273:7)
    at runTick (C:/Users/chris/Dev/Projects/TheFantasyWorldSimulator/src/engine/orchestrator.ts:1896:18)
    at C:/Users/chris/Dev/Projects/TheFantasyWorldSimulator/src/engine/__tests__/content-layer1-integration.test.ts:161:17
    at file:///C:/Users/chris/Dev/Projects/TheFantasyWorldSimulator/node_modules/@vitest/runner/dist/index.js:145:11
    at file:///C:/Users/chris/Dev/Projects/TheFantasyWorldSimulator/node_modules/@vitest/runner/dist/index.js:915:26
    at file:///C:/Users/chris/Dev/Projects/TheFantasyWorldSimulator/node_modules/@vitest/runner/dist/index.js:1243:20
    at new Promise (<anonymous>)
    at runWithTimeout (file:///C:/Users/chris/Dev/Projects/TheFantasyWorldSimulator/node_modules/@vitest/runner/dist/index.js:1209:10)
[Orchestrator] Tick crashed, returning previous state: Error: Trait not found: trait.reputation.power.renown
    at assignTrait (C:/Users/chris/Dev/Projects/TheFantasyWorldSimulator/src/engine/traits.ts:44:25)
    at syncReputationTrait (C:/Users/chris/Dev/Projects/TheFantasyWorldSimulator/src/engine/phaseReputationTraits.ts:297:5)
    at phaseReputationTraits (C:/Users/chris/Dev/Projects/TheFantasyWorldSimulator/src/engine/phaseReputationTraits.ts:273:7)
    at runTick (C:/Users/chris/Dev/Projects/TheFantasyWorldSimulator/src/engine/orchestrator.ts:1896:18)
    at C:/Users/chris/Dev/Projects/TheFantasyWorldSimulator/src/engine/__tests__/content-layer1-integration.test.ts:161:17
    at file:///C:/Users/chris/Dev/Projects/TheFantasyWorldSimulator/node_modules/@vitest/runner/dist/index.js:145:11
    at file:///C:/Users/chris/Dev/Projects/TheFantasyWorldSimulator/node_modules/@vitest/runner/dist/index.js:915:26
    at file:///C:/Users/chris/Dev/Projects/TheFantasyWorldSimulator/node_modules/@vitest/runner/dist/index.js:1243:20
    at new Promise (<anonymous>)
    at runWithTimeout (file:///C:/Users/chris/Dev/Projects/TheFantasyWorldSimulator/node_modules/@vitest/runner/dist/index.js:1209:10)
[Orchestrator] Tick crashed, returning previous state: Error: Trait not found: trait.reputation.power.renown
    at assignTrait (C:/Users/chris/Dev/Projects/TheFantasyWorldSimulator/src/engine/traits.ts:44:25)
    at syncReputationTrait (C:/Users/chris/Dev/Projects/TheFantasyWorldSimulator/src/engine/phaseReputationTraits.ts:297:5)
    at phaseReputationTraits (C:/Users/chris/Dev/Projects/TheFantasyWorldSimulator/src/engine/phaseReputationTraits.ts:273:7)
    at runTick (C:/Users/chris/Dev/Projects/TheFantasyWorldSimulator/src/engine/orchestrator.ts:1896:18)
    at C:/Users/chris/Dev/Projects/TheFantasyWorldSimulator/src/engine/__tests__/content-layer1-integration.test.ts:161:17
    at file:///C:/Users/chris/Dev/Projects/TheFantasyWorldSimulator/node_modules/@vitest/runner/dist/index.js:145:11
    at file:///C:/Users/chris/Dev/Projects/TheFantasyWorldSimulator/node_modules/@vitest/runner/dist/index.js:915:26
    at file:///C:/Users/chris/Dev/Projects/TheFantasyWorldSimulator/node_modules/@vitest/runner/dist/index.js:1243:20
    at new Promise (<anonymous>)
    at runWithTimeout (file:///C:/Users/chris/Dev/Projects/TheFantasyWorldSimulator/node_modules/@vitest/runner/dist/index.js:1209:10)
[Orchestrator] Tick crashed, returning previous state: Error: Trait not found: trait.reputation.power.renown
    at assignTrait (C:/Users/chris/Dev/Projects/TheFantasyWorldSimulator/src/engine/traits.ts:44:25)
    at syncReputationTrait (C:/Users/chris/Dev/Projects/TheFantasyWorldSimulator/src/engine/phaseReputationTraits.ts:297:5)
    at phaseReputationTraits (C:/Users/chris/Dev/Projects/TheFantasyWorldSimulator/src/engine/phaseReputationTraits.ts:273:7)
    at runTick (C:/Users/chris/Dev/Projects/TheFantasyWorldSimulator/src/engine/orchestrator.ts:1896:18)
    at C:/Users/chris/Dev/Projects/TheFantasyWorldSimulator/src/engine/__tests__/content-layer1-integration.test.ts:161:17
    at file:///C:/Users/chris/Dev/Projects/TheFantasyWorldSimulator/node_modules/@vitest/runner/dist/index.js:145:11
    at file:///C:/Users/chris/Dev/Projects/TheFantasyWorldSimulator/node_modules/@vitest/runner/dist/index.js:915:26
    at file:///C:/Users/chris/Dev/Projects/TheFantasyWorldSimulator/node_modules/@vitest/runner/dist/index.js:1243:20
    at new Promise (<anonymous>)
    at runWithTimeout (file:///C:/Users/chris/Dev/Projects/TheFantasyWorldSimulator/node_modules/@vitest/runner/dist/index.js:1209:10)
[Orchestrator] Tick crashed, returning previous state: Error: Trait not found: trait.reputation.power.renown
    at assignTrait (C:/Users/chris/Dev/Projects/TheFantasyWorldSimulator/src/engine/traits.ts:44:25)
    at syncReputationTrait (C:/Users/chris/Dev/Projects/TheFantasyWorldSimulator/src/engine/phaseReputationTraits.ts:297:5)
    at phaseReputationTraits (C:/Users/chris/Dev/Projects/TheFantasyWorldSimulator/src/engine/phaseReputationTraits.ts:273:7)
    at runTick (C:/Users/chris/Dev/Projects/TheFantasyWorldSimulator/src/engine/orchestrator.ts:1896:18)
    at C:/Users/chris/Dev/Projects/TheFantasyWorldSimulator/src/engine/__tests__/content-layer1-integration.test.ts:161:17
    at file:///C:/Users/chris/Dev/Projects/TheFantasyWorldSimulator/node_modules/@vitest/runner/dist/index.js:145:11
    at file:///C:/Users/chris/Dev/Projects/TheFantasyWorldSimulator/node_modules/@vitest/runner/dist/index.js:915:26
    at file:///C:/Users/chris/Dev/Projects/TheFantasyWorldSimulator/node_modules/@vitest/runner/dist/index.js:1243:20
    at new Promise (<anonymous>)
    at runWithTimeout (file:///C:/Users/chris/Dev/Projects/TheFantasyWorldSimulator/node_modules/@vitest/runner/dist/index.js:1209:10)
[Orchestrator] Tick crashed, returning previous state: Error: Trait not found: trait.reputation.power.renown
    at assignTrait (C:/Users/chris/Dev/Projects/TheFantasyWorldSimulator/src/engine/traits.ts:44:25)
    at syncReputationTrait (C:/Users/chris/Dev/Projects/TheFantasyWorldSimulator/src/engine/phaseReputationTraits.ts:297:5)
    at phaseReputationTraits (C:/Users/chris/Dev/Projects/TheFantasyWorldSimulator/src/engine/phaseReputationTraits.ts:273:7)
    at runTick (C:/Users/chris/Dev/Projects/TheFantasyWorldSimulator/src/engine/orchestrator.ts:1896:18)
    at C:/Users/chris/Dev/Projects/TheFantasyWorldSimulator/src/engine/__tests__/content-layer1-integration.test.ts:161:17
    at file:///C:/Users/chris/Dev/Projects/TheFantasyWorldSimulator/node_modules/@vitest/runner/dist/index.js:145:11
    at file:///C:/Users/chris/Dev/Projects/TheFantasyWorldSimulator/node_modules/@vitest/runner/dist/index.js:915:26
    at file:///C:/Users/chris/Dev/Projects/TheFantasyWorldSimulator/node_modules/@vitest/runner/dist/index.js:1243:20
    at new Promise (<anonymous>)
    at runWithTimeout (file:///C:/Users/chris/Dev/Projects/TheFantasyWorldSimulator/node_modules/@vitest/runner/dist/index.js:1209:10)
[Orchestrator] Tick crashed, returning previous state: Error: Trait not found: trait.reputation.power.renown
    at assignTrait (C:/Users/chris/Dev/Projects/TheFantasyWorldSimulator/src/engine/traits.ts:44:25)
    at syncReputationTrait (C:/Users/chris/Dev/Projects/TheFantasyWorldSimulator/src/engine/phaseReputationTraits.ts:297:5)
    at phaseReputationTraits (C:/Users/chris/Dev/Projects/TheFantasyWorldSimulator/src/engine/phaseReputationTraits.ts:273:7)
    at runTick (C:/Users/chris/Dev/Projects/TheFantasyWorldSimulator/src/engine/orchestrator.ts:1896:18)
    at C:/Users/chris/Dev/Projects/TheFantasyWorldSimulator/src/engine/__tests__/content-layer1-integration.test.ts:161:17
    at file:///C:/Users/chris/Dev/Projects/TheFantasyWorldSimulator/node_modules/@vitest/runner/dist/index.js:145:11
    at file:///C:/Users/chris/Dev/Projects/TheFantasyWorldSimulator/node_modules/@vitest/runner/dist/index.js:915:26
    at file:///C:/Users/chris/Dev/Projects/TheFantasyWorldSimulator/node_modules/@vitest/runner/dist/index.js:1243:20
    at new Promise (<anonymous>)
    at runWithTimeout (file:///C:/Users/chris/Dev/Projects/TheFantasyWorldSimulator/node_modules/@vitest/runner/dist/index.js:1209:10)
[Orchestrator] Tick crashed, returning previous state: Error: Trait not found: trait.reputation.power.renown
    at assignTrait (C:/Users/chris/Dev/Projects/TheFantasyWorldSimulator/src/engine/traits.ts:44:25)
    at syncReputationTrait (C:/Users/chris/Dev/Projects/TheFantasyWorldSimulator/src/engine/phaseReputationTraits.ts:297:5)
    at phaseReputationTraits (C:/Users/chris/Dev/Projects/TheFantasyWorldSimulator/src/engine/phaseReputationTraits.ts:273:7)
    at runTick (C:/Users/chris/Dev/Projects/TheFantasyWorldSimulator/src/engine/orchestrator.ts:1896:18)
    at C:/Users/chris/Dev/Projects/TheFantasyWorldSimulator/src/engine/__tests__/content-layer1-integration.test.ts:161:17
    at file:///C:/Users/chris/Dev/Projects/TheFantasyWorldSimulator/node_modules/@vitest/runner/dist/index.js:145:11
    at file:///C:/Users/chris/Dev/Projects/TheFantasyWorldSimulator/node_modules/@vitest/runner/dist/index.js:915:26
    at file:///C:/Users/chris/Dev/Projects/TheFantasyWorldSimulator/node_modules/@vitest/runner/dist/index.js:1243:20
    at new Promise (<anonymous>)
    at runWithTimeout (file:///C:/Users/chris/Dev/Projects/TheFantasyWorldSimulator/node_modules/@vitest/runner/dist/index.js:1209:10)
[Orchestrator] Tick crashed, returning previous state: Error: Trait not found: trait.reputation.power.renown
    at assignTrait (C:/Users/chris/Dev/Projects/TheFantasyWorldSimulator/src/engine/traits.ts:44:25)
    at syncReputationTrait (C:/Users/chris/Dev/Projects/TheFantasyWorldSimulator/src/engine/phaseReputationTraits.ts:297:5)
    at phaseReputationTraits (C:/Users/chris/Dev/Projects/TheFantasyWorldSimulator/src/engine/phaseReputationTraits.ts:273:7)
    at runTick (C:/Users/chris/Dev/Projects/TheFantasyWorldSimulator/src/engine/orchestrator.ts:1896:18)
    at C:/Users/chris/Dev/Projects/TheFantasyWorldSimulator/src/engine/__tests__/content-layer1-integration.test.ts:161:17
    at file:///C:/Users/chris/Dev/Projects/TheFantasyWorldSimulator/node_modules/@vitest/runner/dist/index.js:145:11
    at file:///C:/Users/chris/Dev/Projects/TheFantasyWorldSimulator/node_modules/@vitest/runner/dist/index.js:915:26
    at file:///C:/Users/chris/Dev/Projects/TheFantasyWorldSimulator/node_modules/@vitest/runner/dist/index.js:1243:20
    at new Promise (<anonymous>)
    at runWithTimeout (file:///C:/Users/chris/Dev/Projects/TheFantasyWorldSimulator/node_modules/@vitest/runner/dist/index.js:1209:10)
[Orchestrator] Tick crashed, returning previous state: Error: Trait not found: trait.reputation.power.renown
    at assignTrait (C:/Users/chris/Dev/Projects/TheFantasyWorldSimulator/src/engine/traits.ts:44:25)
    at syncReputationTrait (C:/Users/chris/Dev/Projects/TheFantasyWorldSimulator/src/engine/phaseReputationTraits.ts:297:5)
    at phaseReputationTraits (C:/Users/chris/Dev/Projects/TheFantasyWorldSimulator/src/engine/phaseReputationTraits.ts:273:7)
    at runTick (C:/Users/chris/Dev/Projects/TheFantasyWorldSimulator/src/engine/orchestrator.ts:1896:18)
    at C:/Users/chris/Dev/Projects/TheFantasyWorldSimulator/src/engine/__tests__/content-layer1-integration.test.ts:161:17
    at file:///C:/Users/chris/Dev/Projects/TheFantasyWorldSimulator/node_modules/@vitest/runner/dist/index.js:145:11
    at file:///C:/Users/chris/Dev/Projects/TheFantasyWorldSimulator/node_modules/@vitest/runner/dist/index.js:915:26
    at file:///C:/Users/chris/Dev/Projects/TheFantasyWorldSimulator/node_modules/@vitest/runner/dist/index.js:1243:20
    at new Promise (<anonymous>)
    at runWithTimeout (file:///C:/Users/chris/Dev/Projects/TheFantasyWorldSimulator/node_modules/@vitest/runner/dist/index.js:1209:10)
[Orchestrator] Tick crashed, returning previous state: Error: Trait not found: trait.reputation.power.renown
    at assignTrait (C:/Users/chris/Dev/Projects/TheFantasyWorldSimulator/src/engine/traits.ts:44:25)
    at syncReputationTrait (C:/Users/chris/Dev/Projects/TheFantasyWorldSimulator/src/engine/phaseReputationTraits.ts:297:5)
    at phaseReputationTraits (C:/Users/chris/Dev/Projects/TheFantasyWorldSimulator/src/engine/phaseReputationTraits.ts:273:7)
    at runTick (C:/Users/chris/Dev/Projects/TheFantasyWorldSimulator/src/engine/orchestrator.ts:1896:18)
    at C:/Users/chris/Dev/Projects/TheFantasyWorldSimulator/src/engine/__tests__/content-layer1-integration.test.ts:161:17
    at file:///C:/Users/chris/Dev/Projects/TheFantasyWorldSimulator/node_modules/@vitest/runner/dist/index.js:145:11
    at file:///C:/Users/chris/Dev/Projects/TheFantasyWorldSimulator/node_modules/@vitest/runner/dist/index.js:915:26
    at file:///C:/Users/chris/Dev/Projects/TheFantasyWorldSimulator/node_modules/@vitest/runner/dist/index.js:1243:20
    at new Promise (<anonymous>)
    at runWithTimeout (file:///C:/Users/chris/Dev/Projects/TheFantasyWorldSimulator/node_modules/@vitest/runner/dist/index.js:1209:10)
[Orchestrator] Tick crashed, returning previous state: Error: Trait not found: trait.reputation.power.renown
    at assignTrait (C:/Users/chris/Dev/Projects/TheFantasyWorldSimulator/src/engine/traits.ts:44:25)
    at syncReputationTrait (C:/Users/chris/Dev/Projects/TheFantasyWorldSimulator/src/engine/phaseReputationTraits.ts:297:5)
    at phaseReputationTraits (C:/Users/chris/Dev/Projects/TheFantasyWorldSimulator/src/engine/phaseReputationTraits.ts:273:7)
    at runTick (C:/Users/chris/Dev/Projects/TheFantasyWorldSimulator/src/engine/orchestrator.ts:1896:18)
    at C:/Users/chris/Dev/Projects/TheFantasyWorldSimulator/src/engine/__tests__/content-layer1-integration.test.ts:161:17
    at file:///C:/Users/chris/Dev/Projects/TheFantasyWorldSimulator/node_modules/@vitest/runner/dist/index.js:145:11
    at file:///C:/Users/chris/Dev/Projects/TheFantasyWorldSimulator/node_modules/@vitest/runner/dist/index.js:915:26
    at file:///C:/Users/chris/Dev/Projects/TheFantasyWorldSimulator/node_modules/@vitest/runner/dist/index.js:1243:20
    at new Promise (<anonymous>)
    at runWithTimeout (file:///C:/Users/chris/Dev/Projects/TheFantasyWorldSimulator/node_modules/@vitest/runner/dist/index.js:1209:10)
[Orchestrator] Tick crashed, returning previous state: Error: Trait not found: trait.reputation.power.renown
    at assignTrait (C:/Users/chris/Dev/Projects/TheFantasyWorldSimulator/src/engine/traits.ts:44:25)
    at syncReputationTrait (C:/Users/chris/Dev/Projects/TheFantasyWorldSimulator/src/engine/phaseReputationTraits.ts:297:5)
    at phaseReputationTraits (C:/Users/chris/Dev/Projects/TheFantasyWorldSimulator/src/engine/phaseReputationTraits.ts:273:7)
    at runTick (C:/Users/chris/Dev/Projects/TheFantasyWorldSimulator/src/engine/orchestrator.ts:1896:18)
    at C:/Users/chris/Dev/Projects/TheFantasyWorldSimulator/src/engine/__tests__/content-layer1-integration.test.ts:161:17
    at file:///C:/Users/chris/Dev/Projects/TheFantasyWorldSimulator/node_modules/@vitest/runner/dist/index.js:145:11
    at file:///C:/Users/chris/Dev/Projects/TheFantasyWorldSimulator/node_modules/@vitest/runner/dist/index.js:915:26
    at file:///C:/Users/chris/Dev/Projects/TheFantasyWorldSimulator/node_modules/@vitest/runner/dist/index.js:1243:20
    at new Promise (<anonymous>)
    at runWithTimeout (file:///C:/Users/chris/Dev/Projects/TheFantasyWorldSimulator/node_modules/@vitest/runner/dist/index.js:1209:10)
[Orchestrator] Tick crashed, returning previous state: Error: Trait not found: trait.reputation.power.renown
    at assignTrait (C:/Users/chris/Dev/Projects/TheFantasyWorldSimulator/src/engine/traits.ts:44:25)
    at syncReputationTrait (C:/Users/chris/Dev/Projects/TheFantasyWorldSimulator/src/engine/phaseReputationTraits.ts:297:5)
    at phaseReputationTraits (C:/Users/chris/Dev/Projects/TheFantasyWorldSimulator/src/engine/phaseReputationTraits.ts:273:7)
    at runTick (C:/Users/chris/Dev/Projects/TheFantasyWorldSimulator/src/engine/orchestrator.ts:1896:18)
    at C:/Users/chris/Dev/Projects/TheFantasyWorldSimulator/src/engine/__tests__/content-layer1-integration.test.ts:161:17
    at file:///C:/Users/chris/Dev/Projects/TheFantasyWorldSimulator/node_modules/@vitest/runner/dist/index.js:145:11
    at file:///C:/Users/chris/Dev/Projects/TheFantasyWorldSimulator/node_modules/@vitest/runner/dist/index.js:915:26
    at file:///C:/Users/chris/Dev/Projects/TheFantasyWorldSimulator/node_modules/@vitest/runner/dist/index.js:1243:20
    at new Promise (<anonymous>)
    at runWithTimeout (file:///C:/Users/chris/Dev/Projects/TheFantasyWorldSimulator/node_modules/@vitest/runner/dist/index.js:1209:10)
[Orchestrator] Tick crashed, returning previous state: Error: Trait not found: trait.reputation.power.renown
    at assignTrait (C:/Users/chris/Dev/Projects/TheFantasyWorldSimulator/src/engine/traits.ts:44:25)
    at syncReputationTrait (C:/Users/chris/Dev/Projects/TheFantasyWorldSimulator/src/engine/phaseReputationTraits.ts:297:5)
    at phaseReputationTraits (C:/Users/chris/Dev/Projects/TheFantasyWorldSimulator/src/engine/phaseReputationTraits.ts:273:7)
    at runTick (C:/Users/chris/Dev/Projects/TheFantasyWorldSimulator/src/engine/orchestrator.ts:1896:18)
    at C:/Users/chris/Dev/Projects/TheFantasyWorldSimulator/src/engine/__tests__/content-layer1-integration.test.ts:161:17
    at file:///C:/Users/chris/Dev/Projects/TheFantasyWorldSimulator/node_modules/@vitest/runner/dist/index.js:145:11
    at file:///C:/Users/chris/Dev/Projects/TheFantasyWorldSimulator/node_modules/@vitest/runner/dist/index.js:915:26
    at file:///C:/Users/chris/Dev/Projects/TheFantasyWorldSimulator/node_modules/@vitest/runner/dist/index.js:1243:20
    at new Promise (<anonymous>)
    at runWithTimeout (file:///C:/Users/chris/Dev/Projects/TheFantasyWorldSimulator/node_modules/@vitest/runner/dist/index.js:1209:10)
[Orchestrator] Tick crashed, returning previous state: Error: Trait not found: trait.reputation.power.renown
    at assignTrait (C:/Users/chris/Dev/Projects/TheFantasyWorldSimulator/src/engine/traits.ts:44:25)
    at syncReputationTrait (C:/Users/chris/Dev/Projects/TheFantasyWorldSimulator/src/engine/phaseReputationTraits.ts:297:5)
    at phaseReputationTraits (C:/Users/chris/Dev/Projects/TheFantasyWorldSimulator/src/engine/phaseReputationTraits.ts:273:7)
    at runTick (C:/Users/chris/Dev/Projects/TheFantasyWorldSimulator/src/engine/orchestrator.ts:1896:18)
    at C:/Users/chris/Dev/Projects/TheFantasyWorldSimulator/src/engine/__tests__/content-layer1-integration.test.ts:161:17
    at file:///C:/Users/chris/Dev/Projects/TheFantasyWorldSimulator/node_modules/@vitest/runner/dist/index.js:145:11
    at file:///C:/Users/chris/Dev/Projects/TheFantasyWorldSimulator/node_modules/@vitest/runner/dist/index.js:915:26
    at file:///C:/Users/chris/Dev/Projects/TheFantasyWorldSimulator/node_modules/@vitest/runner/dist/index.js:1243:20
    at new Promise (<anonymous>)
    at runWithTimeout (file:///C:/Users/chris/Dev/Projects/TheFantasyWorldSimulator/node_modules/@vitest/runner/dist/index.js:1209:10)
[Orchestrator] Tick crashed, returning previous state: Error: Trait not found: trait.reputation.power.renown
    at assignTrait (C:/Users/chris/Dev/Projects/TheFantasyWorldSimulator/src/engine/traits.ts:44:25)
    at syncReputationTrait (C:/Users/chris/Dev/Projects/TheFantasyWorldSimulator/src/engine/phaseReputationTraits.ts:297:5)
    at phaseReputationTraits (C:/Users/chris/Dev/Projects/TheFantasyWorldSimulator/src/engine/phaseReputationTraits.ts:273:7)
    at runTick (C:/Users/chris/Dev/Projects/TheFantasyWorldSimulator/src/engine/orchestrator.ts:1896:18)
    at C:/Users/chris/Dev/Projects/TheFantasyWorldSimulator/src/engine/__tests__/content-layer1-integration.test.ts:161:17
    at file:///C:/Users/chris/Dev/Projects/TheFantasyWorldSimulator/node_modules/@vitest/runner/dist/index.js:145:11
    at file:///C:/Users/chris/Dev/Projects/TheFantasyWorldSimulator/node_modules/@vitest/runner/dist/index.js:915:26
    at file:///C:/Users/chris/Dev/Projects/TheFantasyWorldSimulator/node_modules/@vitest/runner/dist/index.js:1243:20
    at new Promise (<anonymous>)
    at runWithTimeout (file:///C:/Users/chris/Dev/Projects/TheFantasyWorldSimulator/node_modules/@vitest/runner/dist/index.js:1209:10)
[Orchestrator] Tick crashed, returning previous state: Error: Trait not found: trait.reputation.power.renown
    at assignTrait (C:/Users/chris/Dev/Projects/TheFantasyWorldSimulator/src/engine/traits.ts:44:25)
    at syncReputationTrait (C:/Users/chris/Dev/Projects/TheFantasyWorldSimulator/src/engine/phaseReputationTraits.ts:297:5)
    at phaseReputationTraits (C:/Users/chris/Dev/Projects/TheFantasyWorldSimulator/src/engine/phaseReputationTraits.ts:273:7)
    at runTick (C:/Users/chris/Dev/Projects/TheFantasyWorldSimulator/src/engine/orchestrator.ts:1896:18)
    at C:/Users/chris/Dev/Projects/TheFantasyWorldSimulator/src/engine/__tests__/content-layer1-integration.test.ts:161:17
    at file:///C:/Users/chris/Dev/Projects/TheFantasyWorldSimulator/node_modules/@vitest/runner/dist/index.js:145:11
    at file:///C:/Users/chris/Dev/Projects/TheFantasyWorldSimulator/node_modules/@vitest/runner/dist/index.js:915:26
    at file:///C:/Users/chris/Dev/Projects/TheFantasyWorldSimulator/node_modules/@vitest/runner/dist/index.js:1243:20
    at new Promise (<anonymous>)
    at runWithTimeout (file:///C:/Users/chris/Dev/Projects/TheFantasyWorldSimulator/node_modules/@vitest/runner/dist/index.js:1209:10)
[Orchestrator] Tick crashed, returning previous state: Error: Trait not found: trait.reputation.power.renown
    at assignTrait (C:/Users/chris/Dev/Projects/TheFantasyWorldSimulator/src/engine/traits.ts:44:25)
    at syncReputationTrait (C:/Users/chris/Dev/Projects/TheFantasyWorldSimulator/src/engine/phaseReputationTraits.ts:297:5)
    at phaseReputationTraits (C:/Users/chris/Dev/Projects/TheFantasyWorldSimulator/src/engine/phaseReputationTraits.ts:273:7)
    at runTick (C:/Users/chris/Dev/Projects/TheFantasyWorldSimulator/src/engine/orchestrator.ts:1896:18)
    at C:/Users/chris/Dev/Projects/TheFantasyWorldSimulator/src/engine/__tests__/content-layer1-integration.test.ts:161:17
    at file:///C:/Users/chris/Dev/Projects/TheFantasyWorldSimulator/node_modules/@vitest/runner/dist/index.js:145:11
    at file:///C:/Users/chris/Dev/Projects/TheFantasyWorldSimulator/node_modules/@vitest/runner/dist/index.js:915:26
    at file:///C:/Users/chris/Dev/Projects/TheFantasyWorldSimulator/node_modules/@vitest/runner/dist/index.js:1243:20
    at new Promise (<anonymous>)
    at runWithTimeout (file:///C:/Users/chris/Dev/Projects/TheFantasyWorldSimulator/node_modules/@vitest/runner/dist/index.js:1209:10)
[Orchestrator] Tick crashed, returning previous state: Error: Trait not found: trait.reputation.power.renown
    at assignTrait (C:/Users/chris/Dev/Projects/TheFantasyWorldSimulator/src/engine/traits.ts:44:25)
    at syncReputationTrait (C:/Users/chris/Dev/Projects/TheFantasyWorldSimulator/src/engine/phaseReputationTraits.ts:297:5)
    at phaseReputationTraits (C:/Users/chris/Dev/Projects/TheFantasyWorldSimulator/src/engine/phaseReputationTraits.ts:273:7)
    at runTick (C:/Users/chris/Dev/Projects/TheFantasyWorldSimulator/src/engine/orchestrator.ts:1896:18)
    at C:/Users/chris/Dev/Projects/TheFantasyWorldSimulator/src/engine/__tests__/content-layer1-integration.test.ts:161:17
    at file:///C:/Users/chris/Dev/Projects/TheFantasyWorldSimulator/node_modules/@vitest/runner/dist/index.js:145:11
    at file:///C:/Users/chris/Dev/Projects/TheFantasyWorldSimulator/node_modules/@vitest/runner/dist/index.js:915:26
    at file:///C:/Users/chris/Dev/Projects/TheFantasyWorldSimulator/node_modules/@vitest/runner/dist/index.js:1243:20
    at new Promise (<anonymous>)
    at runWithTimeout (file:///C:/Users/chris/Dev/Projects/TheFantasyWorldSimulator/node_modules/@vitest/runner/dist/index.js:1209:10)
[Orchestrator] Tick crashed, returning previous state: Error: Trait not found: trait.reputation.power.renown
    at assignTrait (C:/Users/chris/Dev/Projects/TheFantasyWorldSimulator/src/engine/traits.ts:44:25)
    at syncReputationTrait (C:/Users/chris/Dev/Projects/TheFantasyWorldSimulator/src/engine/phaseReputationTraits.ts:297:5)
    at phaseReputationTraits (C:/Users/chris/Dev/Projects/TheFantasyWorldSimulator/src/engine/phaseReputationTraits.ts:273:7)
    at runTick (C:/Users/chris/Dev/Projects/TheFantasyWorldSimulator/src/engine/orchestrator.ts:1896:18)
    at C:/Users/chris/Dev/Projects/TheFantasyWorldSimulator/src/engine/__tests__/content-layer1-integration.test.ts:161:17
    at file:///C:/Users/chris/Dev/Projects/TheFantasyWorldSimulator/node_modules/@vitest/runner/dist/index.js:145:11
    at file:///C:/Users/chris/Dev/Projects/TheFantasyWorldSimulator/node_modules/@vitest/runner/dist/index.js:915:26
    at file:///C:/Users/chris/Dev/Projects/TheFantasyWorldSimulator/node_modules/@vitest/runner/dist/index.js:1243:20
    at new Promise (<anonymous>)
    at runWithTimeout (file:///C:/Users/chris/Dev/Projects/TheFantasyWorldSimulator/node_modules/@vitest/runner/dist/index.js:1209:10)
[Orchestrator] Tick crashed, returning previous state: Error: Trait not found: trait.reputation.power.renown
    at assignTrait (C:/Users/chris/Dev/Projects/TheFantasyWorldSimulator/src/engine/traits.ts:44:25)
    at syncReputationTrait (C:/Users/chris/Dev/Projects/TheFantasyWorldSimulator/src/engine/phaseReputationTraits.ts:297:5)
    at phaseReputationTraits (C:/Users/chris/Dev/Projects/TheFantasyWorldSimulator/src/engine/phaseReputationTraits.ts:273:7)
    at runTick (C:/Users/chris/Dev/Projects/TheFantasyWorldSimulator/src/engine/orchestrator.ts:1896:18)
    at C:/Users/chris/Dev/Projects/TheFantasyWorldSimulator/src/engine/__tests__/content-layer1-integration.test.ts:161:17
    at file:///C:/Users/chris/Dev/Projects/TheFantasyWorldSimulator/node_modules/@vitest/runner/dist/index.js:145:11
    at file:///C:/Users/chris/Dev/Projects/TheFantasyWorldSimulator/node_modules/@vitest/runner/dist/index.js:915:26
    at file:///C:/Users/chris/Dev/Projects/TheFantasyWorldSimulator/node_modules/@vitest/runner/dist/index.js:1243:20
    at new Promise (<anonymous>)
    at runWithTimeout (file:///C:/Users/chris/Dev/Projects/TheFantasyWorldSimulator/node_modules/@vitest/runner/dist/index.js:1209:10)
[Orchestrator] Tick crashed, returning previous state: Error: Trait not found: trait.reputation.power.renown
    at assignTrait (C:/Users/chris/Dev/Projects/TheFantasyWorldSimulator/src/engine/traits.ts:44:25)
    at syncReputationTrait (C:/Users/chris/Dev/Projects/TheFantasyWorldSimulator/src/engine/phaseReputationTraits.ts:297:5)
    at phaseReputationTraits (C:/Users/chris/Dev/Projects/TheFantasyWorldSimulator/src/engine/phaseReputationTraits.ts:273:7)
    at runTick (C:/Users/chris/Dev/Projects/TheFantasyWorldSimulator/src/engine/orchestrator.ts:1896:18)
    at C:/Users/chris/Dev/Projects/TheFantasyWorldSimulator/src/engine/__tests__/content-layer1-integration.test.ts:161:17
    at file:///C:/Users/chris/Dev/Projects/TheFantasyWorldSimulator/node_modules/@vitest/runner/dist/index.js:145:11
    at file:///C:/Users/chris/Dev/Projects/TheFantasyWorldSimulator/node_modules/@vitest/runner/dist/index.js:915:26
    at file:///C:/Users/chris/Dev/Projects/TheFantasyWorldSimulator/node_modules/@vitest/runner/dist/index.js:1243:20
    at new Promise (<anonymous>)
    at runWithTimeout (file:///C:/Users/chris/Dev/Projects/TheFantasyWorldSimulator/node_modules/@vitest/runner/dist/index.js:1209:10)
[Orchestrator] Tick crashed, returning previous state: Error: Trait not found: trait.reputation.power.renown
    at assignTrait (C:/Users/chris/Dev/Projects/TheFantasyWorldSimulator/src/engine/traits.ts:44:25)
    at syncReputationTrait (C:/Users/chris/Dev/Projects/TheFantasyWorldSimulator/src/engine/phaseReputationTraits.ts:297:5)
    at phaseReputationTraits (C:/Users/chris/Dev/Projects/TheFantasyWorldSimulator/src/engine/phaseReputationTraits.ts:273:7)
    at runTick (C:/Users/chris/Dev/Projects/TheFantasyWorldSimulator/src/engine/orchestrator.ts:1896:18)
    at C:/Users/chris/Dev/Projects/TheFantasyWorldSimulator/src/engine/__tests__/content-layer1-integration.test.ts:161:17
    at file:///C:/Users/chris/Dev/Projects/TheFantasyWorldSimulator/node_modules/@vitest/runner/dist/index.js:145:11
    at file:///C:/Users/chris/Dev/Projects/TheFantasyWorldSimulator/node_modules/@vitest/runner/dist/index.js:915:26
    at file:///C:/Users/chris/Dev/Projects/TheFantasyWorldSimulator/node_modules/@vitest/runner/dist/index.js:1243:20
    at new Promise (<anonymous>)
    at runWithTimeout (file:///C:/Users/chris/Dev/Projects/TheFantasyWorldSimulator/node_modules/@vitest/runner/dist/index.js:1209:10)
[Orchestrator] Tick crashed, returning previous state: Error: Trait not found: trait.reputation.power.renown
    at assignTrait (C:/Users/chris/Dev/Projects/TheFantasyWorldSimulator/src/engine/traits.ts:44:25)
    at syncReputationTrait (C:/Users/chris/Dev/Projects/TheFantasyWorldSimulator/src/engine/phaseReputationTraits.ts:297:5)
    at phaseReputationTraits (C:/Users/chris/Dev/Projects/TheFantasyWorldSimulator/src/engine/phaseReputationTraits.ts:273:7)
    at runTick (C:/Users/chris/Dev/Projects/TheFantasyWorldSimulator/src/engine/orchestrator.ts:1896:18)
    at C:/Users/chris/Dev/Projects/TheFantasyWorldSimulator/src/engine/__tests__/content-layer1-integration.test.ts:161:17
    at file:///C:/Users/chris/Dev/Projects/TheFantasyWorldSimulator/node_modules/@vitest/runner/dist/index.js:145:11
    at file:///C:/Users/chris/Dev/Projects/TheFantasyWorldSimulator/node_modules/@vitest/runner/dist/index.js:915:26
    at file:///C:/Users/chris/Dev/Projects/TheFantasyWorldSimulator/node_modules/@vitest/runner/dist/index.js:1243:20
    at new Promise (<anonymous>)
    at runWithTimeout (file:///C:/Users/chris/Dev/Projects/TheFantasyWorldSimulator/node_modules/@vitest/runner/dist/index.js:1209:10)
[Orchestrator] Tick crashed, returning previous state: Error: Trait not found: trait.reputation.power.renown
    at assignTrait (C:/Users/chris/Dev/Projects/TheFantasyWorldSimulator/src/engine/traits.ts:44:25)
    at syncReputationTrait (C:/Users/chris/Dev/Projects/TheFantasyWorldSimulator/src/engine/phaseReputationTraits.ts:297:5)
    at phaseReputationTraits (C:/Users/chris/Dev/Projects/TheFantasyWorldSimulator/src/engine/phaseReputationTraits.ts:273:7)
    at runTick (C:/Users/chris/Dev/Projects/TheFantasyWorldSimulator/src/engine/orchestrator.ts:1896:18)
    at C:/Users/chris/Dev/Projects/TheFantasyWorldSimulator/src/engine/__tests__/content-layer1-integration.test.ts:161:17
    at file:///C:/Users/chris/Dev/Projects/TheFantasyWorldSimulator/node_modules/@vitest/runner/dist/index.js:145:11
    at file:///C:/Users/chris/Dev/Projects/TheFantasyWorldSimulator/node_modules/@vitest/runner/dist/index.js:915:26
    at file:///C:/Users/chris/Dev/Projects/TheFantasyWorldSimulator/node_modules/@vitest/runner/dist/index.js:1243:20
    at new Promise (<anonymous>)
    at runWithTimeout (file:///C:/Users/chris/Dev/Projects/TheFantasyWorldSimulator/node_modules/@vitest/runner/dist/index.js:1209:10)
[Orchestrator] Tick crashed, returning previous state: Error: Trait not found: trait.reputation.power.renown
    at assignTrait (C:/Users/chris/Dev/Projects/TheFantasyWorldSimulator/src/engine/traits.ts:44:25)
    at syncReputationTrait (C:/Users/chris/Dev/Projects/TheFantasyWorldSimulator/src/engine/phaseReputationTraits.ts:297:5)
    at phaseReputationTraits (C:/Users/chris/Dev/Projects/TheFantasyWorldSimulator/src/engine/phaseReputationTraits.ts:273:7)
    at runTick (C:/Users/chris/Dev/Projects/TheFantasyWorldSimulator/src/engine/orchestrator.ts:1896:18)
    at C:/Users/chris/Dev/Projects/TheFantasyWorldSimulator/src/engine/__tests__/content-layer1-integration.test.ts:161:17
    at file:///C:/Users/chris/Dev/Projects/TheFantasyWorldSimulator/node_modules/@vitest/runner/dist/index.js:145:11
    at file:///C:/Users/chris/Dev/Projects/TheFantasyWorldSimulator/node_modules/@vitest/runner/dist/index.js:915:26
    at file:///C:/Users/chris/Dev/Projects/TheFantasyWorldSimulator/node_modules/@vitest/runner/dist/index.js:1243:20
    at new Promise (<anonymous>)
    at runWithTimeout (file:///C:/Users/chris/Dev/Projects/TheFantasyWorldSimulator/node_modules/@vitest/runner/dist/index.js:1209:10)
[Orchestrator] Tick crashed, returning previous state: Error: Trait not found: trait.reputation.power.renown
    at assignTrait (C:/Users/chris/Dev/Projects/TheFantasyWorldSimulator/src/engine/traits.ts:44:25)
    at syncReputationTrait (C:/Users/chris/Dev/Projects/TheFantasyWorldSimulator/src/engine/phaseReputationTraits.ts:297:5)
    at phaseReputationTraits (C:/Users/chris/Dev/Projects/TheFantasyWorldSimulator/src/engine/phaseReputationTraits.ts:273:7)
    at runTick (C:/Users/chris/Dev/Projects/TheFantasyWorldSimulator/src/engine/orchestrator.ts:1896:18)
    at C:/Users/chris/Dev/Projects/TheFantasyWorldSimulator/src/engine/__tests__/content-layer1-integration.test.ts:161:17
    at file:///C:/Users/chris/Dev/Projects/TheFantasyWorldSimulator/node_modules/@vitest/runner/dist/index.js:145:11
    at file:///C:/Users/chris/Dev/Projects/TheFantasyWorldSimulator/node_modules/@vitest/runner/dist/index.js:915:26
    at file:///C:/Users/chris/Dev/Projects/TheFantasyWorldSimulator/node_modules/@vitest/runner/dist/index.js:1243:20
    at new Promise (<anonymous>)
    at runWithTimeout (file:///C:/Users/chris/Dev/Projects/TheFantasyWorldSimulator/node_modules/@vitest/runner/dist/index.js:1209:10)
[Orchestrator] Tick crashed, returning previous state: Error: Trait not found: trait.reputation.power.renown
    at assignTrait (C:/Users/chris/Dev/Projects/TheFantasyWorldSimulator/src/engine/traits.ts:44:25)
    at syncReputationTrait (C:/Users/chris/Dev/Projects/TheFantasyWorldSimulator/src/engine/phaseReputationTraits.ts:297:5)
    at phaseReputationTraits (C:/Users/chris/Dev/Projects/TheFantasyWorldSimulator/src/engine/phaseReputationTraits.ts:273:7)
    at runTick (C:/Users/chris/Dev/Projects/TheFantasyWorldSimulator/src/engine/orchestrator.ts:1896:18)
    at C:/Users/chris/Dev/Projects/TheFantasyWorldSimulator/src/engine/__tests__/content-layer1-integration.test.ts:161:17
    at file:///C:/Users/chris/Dev/Projects/TheFantasyWorldSimulator/node_modules/@vitest/runner/dist/index.js:145:11
    at file:///C:/Users/chris/Dev/Projects/TheFantasyWorldSimulator/node_modules/@vitest/runner/dist/index.js:915:26
    at file:///C:/Users/chris/Dev/Projects/TheFantasyWorldSimulator/node_modules/@vitest/runner/dist/index.js:1243:20
    at new Promise (<anonymous>)
    at runWithTimeout (file:///C:/Users/chris/Dev/Projects/TheFantasyWorldSimulator/node_modules/@vitest/runner/dist/index.js:1209:10)
[Orchestrator] Tick crashed, returning previous state: Error: Trait not found: trait.reputation.power.renown
    at assignTrait (C:/Users/chris/Dev/Projects/TheFantasyWorldSimulator/src/engine/traits.ts:44:25)
    at syncReputationTrait (C:/Users/chris/Dev/Projects/TheFantasyWorldSimulator/src/engine/phaseReputationTraits.ts:297:5)
    at phaseReputationTraits (C:/Users/chris/Dev/Projects/TheFantasyWorldSimulator/src/engine/phaseReputationTraits.ts:273:7)
    at runTick (C:/Users/chris/Dev/Projects/TheFantasyWorldSimulator/src/engine/orchestrator.ts:1896:18)
    at C:/Users/chris/Dev/Projects/TheFantasyWorldSimulator/src/engine/__tests__/content-layer1-integration.test.ts:161:17
    at file:///C:/Users/chris/Dev/Projects/TheFantasyWorldSimulator/node_modules/@vitest/runner/dist/index.js:145:11
    at file:///C:/Users/chris/Dev/Projects/TheFantasyWorldSimulator/node_modules/@vitest/runner/dist/index.js:915:26
    at file:///C:/Users/chris/Dev/Projects/TheFantasyWorldSimulator/node_modules/@vitest/runner/dist/index.js:1243:20
    at new Promise (<anonymous>)
    at runWithTimeout (file:///C:/Users/chris/Dev/Projects/TheFantasyWorldSimulator/node_modules/@vitest/runner/dist/index.js:1209:10)
[Orchestrator] Tick crashed, returning previous state: Error: Trait not found: trait.reputation.power.renown
    at assignTrait (C:/Users/chris/Dev/Projects/TheFantasyWorldSimulator/src/engine/traits.ts:44:25)
    at syncReputationTrait (C:/Users/chris/Dev/Projects/TheFantasyWorldSimulator/src/engine/phaseReputationTraits.ts:297:5)
    at phaseReputationTraits (C:/Users/chris/Dev/Projects/TheFantasyWorldSimulator/src/engine/phaseReputationTraits.ts:273:7)
    at runTick (C:/Users/chris/Dev/Projects/TheFantasyWorldSimulator/src/engine/orchestrator.ts:1896:18)
    at C:/Users/chris/Dev/Projects/TheFantasyWorldSimulator/src/engine/__tests__/content-layer1-integration.test.ts:161:17
    at file:///C:/Users/chris/Dev/Projects/TheFantasyWorldSimulator/node_modules/@vitest/runner/dist/index.js:145:11
    at file:///C:/Users/chris/Dev/Projects/TheFantasyWorldSimulator/node_modules/@vitest/runner/dist/index.js:915:26
    at file:///C:/Users/chris/Dev/Projects/TheFantasyWorldSimulator/node_modules/@vitest/runner/dist/index.js:1243:20
    at new Promise (<anonymous>)
    at runWithTimeout (file:///C:/Users/chris/Dev/Projects/TheFantasyWorldSimulator/node_modules/@vitest/runner/dist/index.js:1209:10)
[Orchestrator] Tick crashed, returning previous state: Error: Trait not found: trait.reputation.power.renown
    at assignTrait (C:/Users/chris/Dev/Projects/TheFantasyWorldSimulator/src/engine/traits.ts:44:25)
    at syncReputationTrait (C:/Users/chris/Dev/Projects/TheFantasyWorldSimulator/src/engine/phaseReputationTraits.ts:297:5)
    at phaseReputationTraits (C:/Users/chris/Dev/Projects/TheFantasyWorldSimulator/src/engine/phaseReputationTraits.ts:273:7)
    at runTick (C:/Users/chris/Dev/Projects/TheFantasyWorldSimulator/src/engine/orchestrator.ts:1896:18)
    at C:/Users/chris/Dev/Projects/TheFantasyWorldSimulator/src/engine/__tests__/content-layer1-integration.test.ts:161:17
    at file:///C:/Users/chris/Dev/Projects/TheFantasyWorldSimulator/node_modules/@vitest/runner/dist/index.js:145:11
    at file:///C:/Users/chris/Dev/Projects/TheFantasyWorldSimulator/node_modules/@vitest/runner/dist/index.js:915:26
    at file:///C:/Users/chris/Dev/Projects/TheFantasyWorldSimulator/node_modules/@vitest/runner/dist/index.js:1243:20
    at new Promise (<anonymous>)
    at runWithTimeout (file:///C:/Users/chris/Dev/Projects/TheFantasyWorldSimulator/node_modules/@vitest/runner/dist/index.js:1209:10)
[Orchestrator] Tick crashed, returning previous state: Error: Trait not found: trait.reputation.power.renown
    at assignTrait (C:/Users/chris/Dev/Projects/TheFantasyWorldSimulator/src/engine/traits.ts:44:25)
    at syncReputationTrait (C:/Users/chris/Dev/Projects/TheFantasyWorldSimulator/src/engine/phaseReputationTraits.ts:297:5)
    at phaseReputationTraits (C:/Users/chris/Dev/Projects/TheFantasyWorldSimulator/src/engine/phaseReputationTraits.ts:273:7)
    at runTick (C:/Users/chris/Dev/Projects/TheFantasyWorldSimulator/src/engine/orchestrator.ts:1896:18)
    at C:/Users/chris/Dev/Projects/TheFantasyWorldSimulator/src/engine/__tests__/content-layer1-integration.test.ts:161:17
    at file:///C:/Users/chris/Dev/Projects/TheFantasyWorldSimulator/node_modules/@vitest/runner/dist/index.js:145:11
    at file:///C:/Users/chris/Dev/Projects/TheFantasyWorldSimulator/node_modules/@vitest/runner/dist/index.js:915:26
    at file:///C:/Users/chris/Dev/Projects/TheFantasyWorldSimulator/node_modules/@vitest/runner/dist/index.js:1243:20
    at new Promise (<anonymous>)
    at runWithTimeout (file:///C:/Users/chris/Dev/Projects/TheFantasyWorldSimulator/node_modules/@vitest/runner/dist/index.js:1209:10)
[Orchestrator] Tick crashed, returning previous state: Error: Trait not found: trait.reputation.power.renown
    at assignTrait (C:/Users/chris/Dev/Projects/TheFantasyWorldSimulator/src/engine/traits.ts:44:25)
    at syncReputationTrait (C:/Users/chris/Dev/Projects/TheFantasyWorldSimulator/src/engine/phaseReputationTraits.ts:297:5)
    at phaseReputationTraits (C:/Users/chris/Dev/Projects/TheFantasyWorldSimulator/src/engine/phaseReputationTraits.ts:273:7)
    at runTick (C:/Users/chris/Dev/Projects/TheFantasyWorldSimulator/src/engine/orchestrator.ts:1896:18)
    at C:/Users/chris/Dev/Projects/TheFantasyWorldSimulator/src/engine/__tests__/content-layer1-integration.test.ts:161:17
    at file:///C:/Users/chris/Dev/Projects/TheFantasyWorldSimulator/node_modules/@vitest/runner/dist/index.js:145:11
    at file:///C:/Users/chris/Dev/Projects/TheFantasyWorldSimulator/node_modules/@vitest/runner/dist/index.js:915:26
    at file:///C:/Users/chris/Dev/Projects/TheFantasyWorldSimulator/node_modules/@vitest/runner/dist/index.js:1243:20
    at new Promise (<anonymous>)
    at runWithTimeout (file:///C:/Users/chris/Dev/Projects/TheFantasyWorldSimulator/node_modules/@vitest/runner/dist/index.js:1209:10)
[Orchestrator] Tick crashed, returning previous state: Error: Trait not found: trait.reputation.power.renown
    at assignTrait (C:/Users/chris/Dev/Projects/TheFantasyWorldSimulator/src/engine/traits.ts:44:25)
    at syncReputationTrait (C:/Users/chris/Dev/Projects/TheFantasyWorldSimulator/src/engine/phaseReputationTraits.ts:297:5)
    at phaseReputationTraits (C:/Users/chris/Dev/Projects/TheFantasyWorldSimulator/src/engine/phaseReputationTraits.ts:273:7)
    at runTick (C:/Users/chris/Dev/Projects/TheFantasyWorldSimulator/src/engine/orchestrator.ts:1896:18)
    at C:/Users/chris/Dev/Projects/TheFantasyWorldSimulator/src/engine/__tests__/content-layer1-integration.test.ts:161:17
    at file:///C:/Users/chris/Dev/Projects/TheFantasyWorldSimulator/node_modules/@vitest/runner/dist/index.js:145:11
    at file:///C:/Users/chris/Dev/Projects/TheFantasyWorldSimulator/node_modules/@vitest/runner/dist/index.js:915:26
    at file:///C:/Users/chris/Dev/Projects/TheFantasyWorldSimulator/node_modules/@vitest/runner/dist/index.js:1243:20
    at new Promise (<anonymous>)
    at runWithTimeout (file:///C:/Users/chris/Dev/Projects/TheFantasyWorldSimulator/node_modules/@vitest/runner/dist/index.js:1209:10)
[Orchestrator] Tick crashed, returning previous state: Error: Trait not found: trait.reputation.power.renown
    at assignTrait (C:/Users/chris/Dev/Projects/TheFantasyWorldSimulator/src/engine/traits.ts:44:25)
    at syncReputationTrait (C:/Users/chris/Dev/Projects/TheFantasyWorldSimulator/src/engine/phaseReputationTraits.ts:297:5)
    at phaseReputationTraits (C:/Users/chris/Dev/Projects/TheFantasyWorldSimulator/src/engine/phaseReputationTraits.ts:273:7)
    at runTick (C:/Users/chris/Dev/Projects/TheFantasyWorldSimulator/src/engine/orchestrator.ts:1896:18)
    at C:/Users/chris/Dev/Projects/TheFantasyWorldSimulator/src/engine/__tests__/content-layer1-integration.test.ts:161:17
    at file:///C:/Users/chris/Dev/Projects/TheFantasyWorldSimulator/node_modules/@vitest/runner/dist/index.js:145:11
    at file:///C:/Users/chris/Dev/Projects/TheFantasyWorldSimulator/node_modules/@vitest/runner/dist/index.js:915:26
    at file:///C:/Users/chris/Dev/Projects/TheFantasyWorldSimulator/node_modules/@vitest/runner/dist/index.js:1243:20
    at new Promise (<anonymous>)
    at runWithTimeout (file:///C:/Users/chris/Dev/Projects/TheFantasyWorldSimulator/node_modules/@vitest/runner/dist/index.js:1209:10)
[Orchestrator] Tick crashed, returning previous state: Error: Trait not found: trait.reputation.power.renown
    at assignTrait (C:/Users/chris/Dev/Projects/TheFantasyWorldSimulator/src/engine/traits.ts:44:25)
    at syncReputationTrait (C:/Users/chris/Dev/Projects/TheFantasyWorldSimulator/src/engine/phaseReputationTraits.ts:297:5)
    at phaseReputationTraits (C:/Users/chris/Dev/Projects/TheFantasyWorldSimulator/src/engine/phaseReputationTraits.ts:273:7)
    at runTick (C:/Users/chris/Dev/Projects/TheFantasyWorldSimulator/src/engine/orchestrator.ts:1896:18)
    at C:/Users/chris/Dev/Projects/TheFantasyWorldSimulator/src/engine/__tests__/content-layer1-integration.test.ts:161:17
    at file:///C:/Users/chris/Dev/Projects/TheFantasyWorldSimulator/node_modules/@vitest/runner/dist/index.js:145:11
    at file:///C:/Users/chris/Dev/Projects/TheFantasyWorldSimulator/node_modules/@vitest/runner/dist/index.js:915:26
    at file:///C:/Users/chris/Dev/Projects/TheFantasyWorldSimulator/node_modules/@vitest/runner/dist/index.js:1243:20
    at new Promise (<anonymous>)
    at runWithTimeout (file:///C:/Users/chris/Dev/Projects/TheFantasyWorldSimulator/node_modules/@vitest/runner/dist/index.js:1209:10)
[Orchestrator] Tick crashed, returning previous state: Error: Trait not found: trait.reputation.power.renown
    at assignTrait (C:/Users/chris/Dev/Projects/TheFantasyWorldSimulator/src/engine/traits.ts:44:25)
    at syncReputationTrait (C:/Users/chris/Dev/Projects/TheFantasyWorldSimulator/src/engine/phaseReputationTraits.ts:297:5)
    at phaseReputationTraits (C:/Users/chris/Dev/Projects/TheFantasyWorldSimulator/src/engine/phaseReputationTraits.ts:273:7)
    at runTick (C:/Users/chris/Dev/Projects/TheFantasyWorldSimulator/src/engine/orchestrator.ts:1896:18)
    at C:/Users/chris/Dev/Projects/TheFantasyWorldSimulator/src/engine/__tests__/content-layer1-integration.test.ts:161:17
    at file:///C:/Users/chris/Dev/Projects/TheFantasyWorldSimulator/node_modules/@vitest/runner/dist/index.js:145:11
    at file:///C:/Users/chris/Dev/Projects/TheFantasyWorldSimulator/node_modules/@vitest/runner/dist/index.js:915:26
    at file:///C:/Users/chris/Dev/Projects/TheFantasyWorldSimulator/node_modules/@vitest/runner/dist/index.js:1243:20
    at new Promise (<anonymous>)
    at runWithTimeout (file:///C:/Users/chris/Dev/Projects/TheFantasyWorldSimulator/node_modules/@vitest/runner/dist/index.js:1209:10)
[Orchestrator] Tick crashed, returning previous state: Error: Trait not found: trait.reputation.power.renown
    at assignTrait (C:/Users/chris/Dev/Projects/TheFantasyWorldSimulator/src/engine/traits.ts:44:25)
    at syncReputationTrait (C:/Users/chris/Dev/Projects/TheFantasyWorldSimulator/src/engine/phaseReputationTraits.ts:297:5)
    at phaseReputationTraits (C:/Users/chris/Dev/Projects/TheFantasyWorldSimulator/src/engine/phaseReputationTraits.ts:273:7)
    at runTick (C:/Users/chris/Dev/Projects/TheFantasyWorldSimulator/src/engine/orchestrator.ts:1896:18)
    at C:/Users/chris/Dev/Projects/TheFantasyWorldSimulator/src/engine/__tests__/content-layer1-integration.test.ts:161:17
    at file:///C:/Users/chris/Dev/Projects/TheFantasyWorldSimulator/node_modules/@vitest/runner/dist/index.js:145:11
    at file:///C:/Users/chris/Dev/Projects/TheFantasyWorldSimulator/node_modules/@vitest/runner/dist/index.js:915:26
    at file:///C:/Users/chris/Dev/Projects/TheFantasyWorldSimulator/node_modules/@vitest/runner/dist/index.js:1243:20
    at new Promise (<anonymous>)
    at runWithTimeout (file:///C:/Users/chris/Dev/Projects/TheFantasyWorldSimulator/node_modules/@vitest/runner/dist/index.js:1209:10)
[Orchestrator] Tick crashed, returning previous state: Error: Trait not found: trait.reputation.power.renown
    at assignTrait (C:/Users/chris/Dev/Projects/TheFantasyWorldSimulator/src/engine/traits.ts:44:25)
    at syncReputationTrait (C:/Users/chris/Dev/Projects/TheFantasyWorldSimulator/src/engine/phaseReputationTraits.ts:297:5)
    at phaseReputationTraits (C:/Users/chris/Dev/Projects/TheFantasyWorldSimulator/src/engine/phaseReputationTraits.ts:273:7)
    at runTick (C:/Users/chris/Dev/Projects/TheFantasyWorldSimulator/src/engine/orchestrator.ts:1896:18)
    at C:/Users/chris/Dev/Projects/TheFantasyWorldSimulator/src/engine/__tests__/content-layer1-integration.test.ts:161:17
    at file:///C:/Users/chris/Dev/Projects/TheFantasyWorldSimulator/node_modules/@vitest/runner/dist/index.js:145:11
    at file:///C:/Users/chris/Dev/Projects/TheFantasyWorldSimulator/node_modules/@vitest/runner/dist/index.js:915:26
    at file:///C:/Users/chris/Dev/Projects/TheFantasyWorldSimulator/node_modules/@vitest/runner/dist/index.js:1243:20
    at new Promise (<anonymous>)
    at runWithTimeout (file:///C:/Users/chris/Dev/Projects/TheFantasyWorldSimulator/node_modules/@vitest/runner/dist/index.js:1209:10)
[Orchestrator] Tick crashed, returning previous state: Error: Trait not found: trait.reputation.power.renown
    at assignTrait (C:/Users/chris/Dev/Projects/TheFantasyWorldSimulator/src/engine/traits.ts:44:25)
    at syncReputationTrait (C:/Users/chris/Dev/Projects/TheFantasyWorldSimulator/src/engine/phaseReputationTraits.ts:297:5)
    at phaseReputationTraits (C:/Users/chris/Dev/Projects/TheFantasyWorldSimulator/src/engine/phaseReputationTraits.ts:273:7)
    at runTick (C:/Users/chris/Dev/Projects/TheFantasyWorldSimulator/src/engine/orchestrator.ts:1896:18)
    at C:/Users/chris/Dev/Projects/TheFantasyWorldSimulator/src/engine/__tests__/content-layer1-integration.test.ts:161:17
    at file:///C:/Users/chris/Dev/Projects/TheFantasyWorldSimulator/node_modules/@vitest/runner/dist/index.js:145:11
    at file:///C:/Users/chris/Dev/Projects/TheFantasyWorldSimulator/node_modules/@vitest/runner/dist/index.js:915:26
    at file:///C:/Users/chris/Dev/Projects/TheFantasyWorldSimulator/node_modules/@vitest/runner/dist/index.js:1243:20
    at new Promise (<anonymous>)
    at runWithTimeout (file:///C:/Users/chris/Dev/Projects/TheFantasyWorldSimulator/node_modules/@vitest/runner/dist/index.js:1209:10)
[Orchestrator] Tick crashed, returning previous state: Error: Trait not found: trait.reputation.power.renown
    at assignTrait (C:/Users/chris/Dev/Projects/TheFantasyWorldSimulator/src/engine/traits.ts:44:25)
    at syncReputationTrait (C:/Users/chris/Dev/Projects/TheFantasyWorldSimulator/src/engine/phaseReputationTraits.ts:297:5)
    at phaseReputationTraits (C:/Users/chris/Dev/Projects/TheFantasyWorldSimulator/src/engine/phaseReputationTraits.ts:273:7)
    at runTick (C:/Users/chris/Dev/Projects/TheFantasyWorldSimulator/src/engine/orchestrator.ts:1896:18)
    at C:/Users/chris/Dev/Projects/TheFantasyWorldSimulator/src/engine/__tests__/content-layer1-integration.test.ts:161:17
    at file:///C:/Users/chris/Dev/Projects/TheFantasyWorldSimulator/node_modules/@vitest/runner/dist/index.js:145:11
    at file:///C:/Users/chris/Dev/Projects/TheFantasyWorldSimulator/node_modules/@vitest/runner/dist/index.js:915:26
    at file:///C:/Users/chris/Dev/Projects/TheFantasyWorldSimulator/node_modules/@vitest/runner/dist/index.js:1243:20
    at new Promise (<anonymous>)
    at runWithTimeout (file:///C:/Users/chris/Dev/Projects/TheFantasyWorldSimulator/node_modules/@vitest/runner/dist/index.js:1209:10)
[Orchestrator] Tick crashed, returning previous state: Error: Trait not found: trait.reputation.power.renown
    at assignTrait (C:/Users/chris/Dev/Projects/TheFantasyWorldSimulator/src/engine/traits.ts:44:25)
    at syncReputationTrait (C:/Users/chris/Dev/Projects/TheFantasyWorldSimulator/src/engine/phaseReputationTraits.ts:297:5)
    at phaseReputationTraits (C:/Users/chris/Dev/Projects/TheFantasyWorldSimulator/src/engine/phaseReputationTraits.ts:273:7)
    at runTick (C:/Users/chris/Dev/Projects/TheFantasyWorldSimulator/src/engine/orchestrator.ts:1896:18)
    at C:/Users/chris/Dev/Projects/TheFantasyWorldSimulator/src/engine/__tests__/content-layer1-integration.test.ts:161:17
    at file:///C:/Users/chris/Dev/Projects/TheFantasyWorldSimulator/node_modules/@vitest/runner/dist/index.js:145:11
    at file:///C:/Users/chris/Dev/Projects/TheFantasyWorldSimulator/node_modules/@vitest/runner/dist/index.js:915:26
    at file:///C:/Users/chris/Dev/Projects/TheFantasyWorldSimulator/node_modules/@vitest/runner/dist/index.js:1243:20
    at new Promise (<anonymous>)
    at runWithTimeout (file:///C:/Users/chris/Dev/Projects/TheFantasyWorldSimulator/node_modules/@vitest/runner/dist/index.js:1209:10)
[Orchestrator] Tick crashed, returning previous state: Error: Trait not found: trait.reputation.power.renown
    at assignTrait (C:/Users/chris/Dev/Projects/TheFantasyWorldSimulator/src/engine/traits.ts:44:25)
    at syncReputationTrait (C:/Users/chris/Dev/Projects/TheFantasyWorldSimulator/src/engine/phaseReputationTraits.ts:297:5)
    at phaseReputationTraits (C:/Users/chris/Dev/Projects/TheFantasyWorldSimulator/src/engine/phaseReputationTraits.ts:273:7)
    at runTick (C:/Users/chris/Dev/Projects/TheFantasyWorldSimulator/src/engine/orchestrator.ts:1896:18)
    at C:/Users/chris/Dev/Projects/TheFantasyWorldSimulator/src/engine/__tests__/content-layer1-integration.test.ts:161:17
    at file:///C:/Users/chris/Dev/Projects/TheFantasyWorldSimulator/node_modules/@vitest/runner/dist/index.js:145:11
    at file:///C:/Users/chris/Dev/Projects/TheFantasyWorldSimulator/node_modules/@vitest/runner/dist/index.js:915:26
    at file:///C:/Users/chris/Dev/Projects/TheFantasyWorldSimulator/node_modules/@vitest/runner/dist/index.js:1243:20
    at new Promise (<anonymous>)
    at runWithTimeout (file:///C:/Users/chris/Dev/Projects/TheFantasyWorldSimulator/node_modules/@vitest/runner/dist/index.js:1209:10)
[Orchestrator] Tick crashed, returning previous state: Error: Trait not found: trait.reputation.power.renown
    at assignTrait (C:/Users/chris/Dev/Projects/TheFantasyWorldSimulator/src/engine/traits.ts:44:25)
    at syncReputationTrait (C:/Users/chris/Dev/Projects/TheFantasyWorldSimulator/src/engine/phaseReputationTraits.ts:297:5)
    at phaseReputationTraits (C:/Users/chris/Dev/Projects/TheFantasyWorldSimulator/src/engine/phaseReputationTraits.ts:273:7)
    at runTick (C:/Users/chris/Dev/Projects/TheFantasyWorldSimulator/src/engine/orchestrator.ts:1896:18)
    at C:/Users/chris/Dev/Projects/TheFantasyWorldSimulator/src/engine/__tests__/content-layer1-integration.test.ts:161:17
    at file:///C:/Users/chris/Dev/Projects/TheFantasyWorldSimulator/node_modules/@vitest/runner/dist/index.js:145:11
    at file:///C:/Users/chris/Dev/Projects/TheFantasyWorldSimulator/node_modules/@vitest/runner/dist/index.js:915:26
    at file:///C:/Users/chris/Dev/Projects/TheFantasyWorldSimulator/node_modules/@vitest/runner/dist/index.js:1243:20
    at new Promise (<anonymous>)
    at runWithTimeout (file:///C:/Users/chris/Dev/Projects/TheFantasyWorldSimulator/node_modules/@vitest/runner/dist/index.js:1209:10)
[Orchestrator] Tick crashed, returning previous state: Error: Trait not found: trait.reputation.power.renown
    at assignTrait (C:/Users/chris/Dev/Projects/TheFantasyWorldSimulator/src/engine/traits.ts:44:25)
    at syncReputationTrait (C:/Users/chris/Dev/Projects/TheFantasyWorldSimulator/src/engine/phaseReputationTraits.ts:297:5)
    at phaseReputationTraits (C:/Users/chris/Dev/Projects/TheFantasyWorldSimulator/src/engine/phaseReputationTraits.ts:273:7)
    at runTick (C:/Users/chris/Dev/Projects/TheFantasyWorldSimulator/src/engine/orchestrator.ts:1896:18)
    at C:/Users/chris/Dev/Projects/TheFantasyWorldSimulator/src/engine/__tests__/content-layer1-integration.test.ts:161:17
    at file:///C:/Users/chris/Dev/Projects/TheFantasyWorldSimulator/node_modules/@vitest/runner/dist/index.js:145:11
    at file:///C:/Users/chris/Dev/Projects/TheFantasyWorldSimulator/node_modules/@vitest/runner/dist/index.js:915:26
    at file:///C:/Users/chris/Dev/Projects/TheFantasyWorldSimulator/node_modules/@vitest/runner/dist/index.js:1243:20
    at new Promise (<anonymous>)
    at runWithTimeout (file:///C:/Users/chris/Dev/Projects/TheFantasyWorldSimulator/node_modules/@vitest/runner/dist/index.js:1209:10)
[Orchestrator] Tick crashed, returning previous state: Error: Trait not found: trait.reputation.power.renown
    at assignTrait (C:/Users/chris/Dev/Projects/TheFantasyWorldSimulator/src/engine/traits.ts:44:25)
    at syncReputationTrait (C:/Users/chris/Dev/Projects/TheFantasyWorldSimulator/src/engine/phaseReputationTraits.ts:297:5)
    at phaseReputationTraits (C:/Users/chris/Dev/Projects/TheFantasyWorldSimulator/src/engine/phaseReputationTraits.ts:273:7)
    at runTick (C:/Users/chris/Dev/Projects/TheFantasyWorldSimulator/src/engine/orchestrator.ts:1896:18)
    at C:/Users/chris/Dev/Projects/TheFantasyWorldSimulator/src/engine/__tests__/content-layer1-integration.test.ts:161:17
    at file:///C:/Users/chris/Dev/Projects/TheFantasyWorldSimulator/node_modules/@vitest/runner/dist/index.js:145:11
    at file:///C:/Users/chris/Dev/Projects/TheFantasyWorldSimulator/node_modules/@vitest/runner/dist/index.js:915:26
    at file:///C:/Users/chris/Dev/Projects/TheFantasyWorldSimulator/node_modules/@vitest/runner/dist/index.js:1243:20
    at new Promise (<anonymous>)
    at runWithTimeout (file:///C:/Users/chris/Dev/Projects/TheFantasyWorldSimulator/node_modules/@vitest/runner/dist/index.js:1209:10)
[Orchestrator] Tick crashed, returning previous state: Error: Trait not found: trait.reputation.power.renown
    at assignTrait (C:/Users/chris/Dev/Projects/TheFantasyWorldSimulator/src/engine/traits.ts:44:25)
    at syncReputationTrait (C:/Users/chris/Dev/Projects/TheFantasyWorldSimulator/src/engine/phaseReputationTraits.ts:297:5)
    at phaseReputationTraits (C:/Users/chris/Dev/Projects/TheFantasyWorldSimulator/src/engine/phaseReputationTraits.ts:273:7)
    at runTick (C:/Users/chris/Dev/Projects/TheFantasyWorldSimulator/src/engine/orchestrator.ts:1896:18)
    at C:/Users/chris/Dev/Projects/TheFantasyWorldSimulator/src/engine/__tests__/content-layer1-integration.test.ts:161:17
    at file:///C:/Users/chris/Dev/Projects/TheFantasyWorldSimulator/node_modules/@vitest/runner/dist/index.js:145:11
    at file:///C:/Users/chris/Dev/Projects/TheFantasyWorldSimulator/node_modules/@vitest/runner/dist/index.js:915:26
    at file:///C:/Users/chris/Dev/Projects/TheFantasyWorldSimulator/node_modules/@vitest/runner/dist/index.js:1243:20
    at new Promise (<anonymous>)
    at runWithTimeout (file:///C:/Users/chris/Dev/Projects/TheFantasyWorldSimulator/node_modules/@vitest/runner/dist/index.js:1209:10)
[Orchestrator] Tick crashed, returning previous state: Error: Trait not found: trait.reputation.power.renown
    at assignTrait (C:/Users/chris/Dev/Projects/TheFantasyWorldSimulator/src/engine/traits.ts:44:25)
    at syncReputationTrait (C:/Users/chris/Dev/Projects/TheFantasyWorldSimulator/src/engine/phaseReputationTraits.ts:297:5)
    at phaseReputationTraits (C:/Users/chris/Dev/Projects/TheFantasyWorldSimulator/src/engine/phaseReputationTraits.ts:273:7)
    at runTick (C:/Users/chris/Dev/Projects/TheFantasyWorldSimulator/src/engine/orchestrator.ts:1896:18)
    at C:/Users/chris/Dev/Projects/TheFantasyWorldSimulator/src/engine/__tests__/content-layer1-integration.test.ts:161:17
    at file:///C:/Users/chris/Dev/Projects/TheFantasyWorldSimulator/node_modules/@vitest/runner/dist/index.js:145:11
    at file:///C:/Users/chris/Dev/Projects/TheFantasyWorldSimulator/node_modules/@vitest/runner/dist/index.js:915:26
    at file:///C:/Users/chris/Dev/Projects/TheFantasyWorldSimulator/node_modules/@vitest/runner/dist/index.js:1243:20
    at new Promise (<anonymous>)
    at runWithTimeout (file:///C:/Users/chris/Dev/Projects/TheFantasyWorldSimulator/node_modules/@vitest/runner/dist/index.js:1209:10)
[Orchestrator] Tick crashed, returning previous state: Error: Trait not found: trait.reputation.power.renown
    at assignTrait (C:/Users/chris/Dev/Projects/TheFantasyWorldSimulator/src/engine/traits.ts:44:25)
    at syncReputationTrait (C:/Users/chris/Dev/Projects/TheFantasyWorldSimulator/src/engine/phaseReputationTraits.ts:297:5)
    at phaseReputationTraits (C:/Users/chris/Dev/Projects/TheFantasyWorldSimulator/src/engine/phaseReputationTraits.ts:273:7)
    at runTick (C:/Users/chris/Dev/Projects/TheFantasyWorldSimulator/src/engine/orchestrator.ts:1896:18)
    at C:/Users/chris/Dev/Projects/TheFantasyWorldSimulator/src/engine/__tests__/content-layer1-integration.test.ts:161:17
    at file:///C:/Users/chris/Dev/Projects/TheFantasyWorldSimulator/node_modules/@vitest/runner/dist/index.js:145:11
    at file:///C:/Users/chris/Dev/Projects/TheFantasyWorldSimulator/node_modules/@vitest/runner/dist/index.js:915:26
    at file:///C:/Users/chris/Dev/Projects/TheFantasyWorldSimulator/node_modules/@vitest/runner/dist/index.js:1243:20
    at new Promise (<anonymous>)
    at runWithTimeout (file:///C:/Users/chris/Dev/Projects/TheFantasyWorldSimulator/node_modules/@vitest/runner/dist/index.js:1209:10)
[Orchestrator] Tick crashed, returning previous state: Error: Trait not found: trait.reputation.power.renown
    at assignTrait (C:/Users/chris/Dev/Projects/TheFantasyWorldSimulator/src/engine/traits.ts:44:25)
    at syncReputationTrait (C:/Users/chris/Dev/Projects/TheFantasyWorldSimulator/src/engine/phaseReputationTraits.ts:297:5)
    at phaseReputationTraits (C:/Users/chris/Dev/Projects/TheFantasyWorldSimulator/src/engine/phaseReputationTraits.ts:273:7)
    at runTick (C:/Users/chris/Dev/Projects/TheFantasyWorldSimulator/src/engine/orchestrator.ts:1896:18)
    at C:/Users/chris/Dev/Projects/TheFantasyWorldSimulator/src/engine/__tests__/content-layer1-integration.test.ts:161:17
    at file:///C:/Users/chris/Dev/Projects/TheFantasyWorldSimulator/node_modules/@vitest/runner/dist/index.js:145:11
    at file:///C:/Users/chris/Dev/Projects/TheFantasyWorldSimulator/node_modules/@vitest/runner/dist/index.js:915:26
    at file:///C:/Users/chris/Dev/Projects/TheFantasyWorldSimulator/node_modules/@vitest/runner/dist/index.js:1243:20
    at new Promise (<anonymous>)
    at runWithTimeout (file:///C:/Users/chris/Dev/Projects/TheFantasyWorldSimulator/node_modules/@vitest/runner/dist/index.js:1209:10)

[90mstdout[2m | src/engine/__tests__/content-layer1-integration.test.ts[2m > [22m[2mLayer 1 content integration[2m > [22m[2mmandate state updates correctly over 100 ticks
[22m[39m[WorldGen] Pass 'province' completed in 0.9ms
[WorldGen] Pass 'elevation' completed in 1.7ms
[WorldGen] Pass 'coastline' completed in 1.3ms
[WorldGen] Pass 'climate' completed in 1.5ms
[WorldGen] Pass 'hydrology' completed in 0.6ms
[WorldGen] Pass 'tempReassess' completed in 0.0ms
[WorldGen] Pass 'biome' completed in 0.2ms
[WorldGen] Culture terrain nudge: 42 hexes modified
[WorldGen] Pass 'cultureTerrainNudge' completed in 0.1ms
[WorldGen] Pass 'smoothing' completed in 0.6ms
[WorldGen] Pass 'validation' completed in 0.4ms

stderr | src/engine/__tests__/content-layer1-integration.test.ts > Layer 1 content integration > mandate state updates correctly over 100 ticks
[WorldGen] Validation errors: [ 'Ocean fraction too low: 7.4%' ]
[GraphSchema] Edge "belongs_to" source should be ["actor","location"], got "region" (edge edge_hist_territory_region_15_hist_culture_0)
[GraphSchema] Edge "belongs_to" source should be ["actor","location"], got "region" (edge edge_hist_territory_region_19_hist_culture_1)
[GraphSchema] Edge "belongs_to" source should be ["actor","location"], got "region" (edge edge_hist_territory_region_3_hist_culture_2)
[GraphSchema] Edge "belongs_to" source should be ["actor","location"], got "region" (edge edge_hist_territory_region_13_hist_culture_0)
[GraphSchema] Edge "belongs_to" source should be ["actor","location"], got "region" (edge edge_hist_territory_region_14_hist_culture_1)
[GraphSchema] Edge "belongs_to" source should be ["actor","location"], got "region" (edge edge_hist_territory_region_12_hist_culture_2)
[GraphSchema] Edge "belongs_to" source should be ["actor","location"], got "region" (edge edge_hist_territory_region_16_hist_culture_0)
[GraphSchema] Edge "belongs_to" source should be ["actor","location"], got "region" (edge edge_hist_territory_region_18_hist_culture_1)
[GraphSchema] Edge "belongs_to" source should be ["actor","location"], got "region" (edge edge_hist_territory_region_17_hist_culture_2)
[GraphSchema] Edge "belongs_to" source should be ["actor","location"], got "region" (edge edge_hist_territory_region_7_hist_culture_0)
[GraphSchema] Edge "belongs_to" source should be ["actor","location"], got "region" (edge edge_hist_territory_region_9_hist_culture_2)
[GraphSchema] Edge "belongs_to" source should be ["actor","location"], got "region" (edge edge_hist_territory_region_11_hist_culture_0)
[GraphSchema] Edge "belongs_to" source should be ["actor","location"], got "region" (edge edge_hist_territory_region_2_hist_culture_2)
[GraphSchema] Edge "belongs_to" source should be ["actor","location"], got "region" (edge edge_hist_territory_region_0_hist_culture_0)
[GraphSchema] Edge "belongs_to" source should be ["actor","location"], got "region" (edge edge_hist_territory_region_6_hist_culture_2)
[GraphSchema] Edge "belongs_to" source should be ["actor","location"], got "region" (edge edge_hist_territory_region_10_hist_culture_0)
[GraphSchema] Edge "belongs_to" source should be ["actor","location"], got "region" (edge edge_hist_territory_region_1_hist_culture_2)
[GraphSchema] Edge "belongs_to" source should be ["actor","location"], got "region" (edge edge_hist_territory_region_5_hist_culture_0)
[Orchestrator] Tick crashed, returning previous state: Error: Trait not found: trait.reputation.power.renown
    at assignTrait (C:/Users/chris/Dev/Projects/TheFantasyWorldSimulator/src/engine/traits.ts:44:25)
    at syncReputationTrait (C:/Users/chris/Dev/Projects/TheFantasyWorldSimulator/src/engine/phaseReputationTraits.ts:297:5)
    at phaseReputationTraits (C:/Users/chris/Dev/Projects/TheFantasyWorldSimulator/src/engine/phaseReputationTraits.ts:273:7)
    at runTick (C:/Users/chris/Dev/Projects/TheFantasyWorldSimulator/src/engine/orchestrator.ts:1896:18)
    at C:/Users/chris/Dev/Projects/TheFantasyWorldSimulator/src/engine/__tests__/content-layer1-integration.test.ts:181:17
    at file:///C:/Users/chris/Dev/Projects/TheFantasyWorldSimulator/node_modules/@vitest/runner/dist/index.js:145:11
    at file:///C:/Users/chris/Dev/Projects/TheFantasyWorldSimulator/node_modules/@vitest/runner/dist/index.js:915:26
    at file:///C:/Users/chris/Dev/Projects/TheFantasyWorldSimulator/node_modules/@vitest/runner/dist/index.js:1243:20
    at new Promise (<anonymous>)
    at runWithTimeout (file:///C:/Users/chris/Dev/Projects/TheFantasyWorldSimulator/node_modules/@vitest/runner/dist/index.js:1209:10)
[Orchestrator] Tick crashed, returning previous state: Error: Trait not found: trait.reputation.power.renown
    at assignTrait (C:/Users/chris/Dev/Projects/TheFantasyWorldSimulator/src/engine/traits.ts:44:25)
    at syncReputationTrait (C:/Users/chris/Dev/Projects/TheFantasyWorldSimulator/src/engine/phaseReputationTraits.ts:297:5)
    at phaseReputationTraits (C:/Users/chris/Dev/Projects/TheFantasyWorldSimulator/src/engine/phaseReputationTraits.ts:273:7)
    at runTick (C:/Users/chris/Dev/Projects/TheFantasyWorldSimulator/src/engine/orchestrator.ts:1896:18)
    at C:/Users/chris/Dev/Projects/TheFantasyWorldSimulator/src/engine/__tests__/content-layer1-integration.test.ts:181:17
    at file:///C:/Users/chris/Dev/Projects/TheFantasyWorldSimulator/node_modules/@vitest/runner/dist/index.js:145:11
    at file:///C:/Users/chris/Dev/Projects/TheFantasyWorldSimulator/node_modules/@vitest/runner/dist/index.js:915:26
    at file:///C:/Users/chris/Dev/Projects/TheFantasyWorldSimulator/node_modules/@vitest/runner/dist/index.js:1243:20
    at new Promise (<anonymous>)
    at runWithTimeout (file:///C:/Users/chris/Dev/Projects/TheFantasyWorldSimulator/node_modules/@vitest/runner/dist/index.js:1209:10)
[Orchestrator] Tick crashed, returning previous state: Error: Trait not found: trait.reputation.power.renown
    at assignTrait (C:/Users/chris/Dev/Projects/TheFantasyWorldSimulator/src/engine/traits.ts:44:25)
    at syncReputationTrait (C:/Users/chris/Dev/Projects/TheFantasyWorldSimulator/src/engine/phaseReputationTraits.ts:297:5)
    at phaseReputationTraits (C:/Users/chris/Dev/Projects/TheFantasyWorldSimulator/src/engine/phaseReputationTraits.ts:273:7)
    at runTick (C:/Users/chris/Dev/Projects/TheFantasyWorldSimulator/src/engine/orchestrator.ts:1896:18)
    at C:/Users/chris/Dev/Projects/TheFantasyWorldSimulator/src/engine/__tests__/content-layer1-integration.test.ts:181:17
    at file:///C:/Users/chris/Dev/Projects/TheFantasyWorldSimulator/node_modules/@vitest/runner/dist/index.js:145:11
    at file:///C:/Users/chris/Dev/Projects/TheFantasyWorldSimulator/node_modules/@vitest/runner/dist/index.js:915:26
    at file:///C:/Users/chris/Dev/Projects/TheFantasyWorldSimulator/node_modules/@vitest/runner/dist/index.js:1243:20
    at new Promise (<anonymous>)
    at runWithTimeout (file:///C:/Users/chris/Dev/Projects/TheFantasyWorldSimulator/node_modules/@vitest/runner/dist/index.js:1209:10)
[Orchestrator] Tick crashed, returning previous state: Error: Trait not found: trait.reputation.power.renown
    at assignTrait (C:/Users/chris/Dev/Projects/TheFantasyWorldSimulator/src/engine/traits.ts:44:25)
    at syncReputationTrait (C:/Users/chris/Dev/Projects/TheFantasyWorldSimulator/src/engine/phaseReputationTraits.ts:297:5)
    at phaseReputationTraits (C:/Users/chris/Dev/Projects/TheFantasyWorldSimulator/src/engine/phaseReputationTraits.ts:273:7)
    at runTick (C:/Users/chris/Dev/Projects/TheFantasyWorldSimulator/src/engine/orchestrator.ts:1896:18)
    at C:/Users/chris/Dev/Projects/TheFantasyWorldSimulator/src/engine/__tests__/content-layer1-integration.test.ts:181:17
    at file:///C:/Users/chris/Dev/Projects/TheFantasyWorldSimulator/node_modules/@vitest/runner/dist/index.js:145:11
    at file:///C:/Users/chris/Dev/Projects/TheFantasyWorldSimulator/node_modules/@vitest/runner/dist/index.js:915:26
    at file:///C:/Users/chris/Dev/Projects/TheFantasyWorldSimulator/node_modules/@vitest/runner/dist/index.js:1243:20
    at new Promise (<anonymous>)
    at runWithTimeout (file:///C:/Users/chris/Dev/Projects/TheFantasyWorldSimulator/node_modules/@vitest/runner/dist/index.js:1209:10)
[Orchestrator] Tick crashed, returning previous state: Error: Trait not found: trait.reputation.power.renown
    at assignTrait (C:/Users/chris/Dev/Projects/TheFantasyWorldSimulator/src/engine/traits.ts:44:25)
    at syncReputationTrait (C:/Users/chris/Dev/Projects/TheFantasyWorldSimulator/src/engine/phaseReputationTraits.ts:297:5)
    at phaseReputationTraits (C:/Users/chris/Dev/Projects/TheFantasyWorldSimulator/src/engine/phaseReputationTraits.ts:273:7)
    at runTick (C:/Users/chris/Dev/Projects/TheFantasyWorldSimulator/src/engine/orchestrator.ts:1896:18)
    at C:/Users/chris/Dev/Projects/TheFantasyWorldSimulator/src/engine/__tests__/content-layer1-integration.test.ts:181:17
    at file:///C:/Users/chris/Dev/Projects/TheFantasyWorldSimulator/node_modules/@vitest/runner/dist/index.js:145:11
    at file:///C:/Users/chris/Dev/Projects/TheFantasyWorldSimulator/node_modules/@vitest/runner/dist/index.js:915:26
    at file:///C:/Users/chris/Dev/Projects/TheFantasyWorldSimulator/node_modules/@vitest/runner/dist/index.js:1243:20
    at new Promise (<anonymous>)
    at runWithTimeout (file:///C:/Users/chris/Dev/Projects/TheFantasyWorldSimulator/node_modules/@vitest/runner/dist/index.js:1209:10)
[Orchestrator] Tick crashed, returning previous state: Error: Trait not found: trait.reputation.power.renown
    at assignTrait (C:/Users/chris/Dev/Projects/TheFantasyWorldSimulator/src/engine/traits.ts:44:25)
    at syncReputationTrait (C:/Users/chris/Dev/Projects/TheFantasyWorldSimulator/src/engine/phaseReputationTraits.ts:297:5)
    at phaseReputationTraits (C:/Users/chris/Dev/Projects/TheFantasyWorldSimulator/src/engine/phaseReputationTraits.ts:273:7)
    at runTick (C:/Users/chris/Dev/Projects/TheFantasyWorldSimulator/src/engine/orchestrator.ts:1896:18)
    at C:/Users/chris/Dev/Projects/TheFantasyWorldSimulator/src/engine/__tests__/content-layer1-integration.test.ts:181:17
    at file:///C:/Users/chris/Dev/Projects/TheFantasyWorldSimulator/node_modules/@vitest/runner/dist/index.js:145:11
    at file:///C:/Users/chris/Dev/Projects/TheFantasyWorldSimulator/node_modules/@vitest/runner/dist/index.js:915:26
    at file:///C:/Users/chris/Dev/Projects/TheFantasyWorldSimulator/node_modules/@vitest/runner/dist/index.js:1243:20
    at new Promise (<anonymous>)
    at runWithTimeout (file:///C:/Users/chris/Dev/Projects/TheFantasyWorldSimulator/node_modules/@vitest/runner/dist/index.js:1209:10)
[Orchestrator] Tick crashed, returning previous state: Error: Trait not found: trait.reputation.power.renown
    at assignTrait (C:/Users/chris/Dev/Projects/TheFantasyWorldSimulator/src/engine/traits.ts:44:25)
    at syncReputationTrait (C:/Users/chris/Dev/Projects/TheFantasyWorldSimulator/src/engine/phaseReputationTraits.ts:297:5)
    at phaseReputationTraits (C:/Users/chris/Dev/Projects/TheFantasyWorldSimulator/src/engine/phaseReputationTraits.ts:273:7)
    at runTick (C:/Users/chris/Dev/Projects/TheFantasyWorldSimulator/src/engine/orchestrator.ts:1896:18)
    at C:/Users/chris/Dev/Projects/TheFantasyWorldSimulator/src/engine/__tests__/content-layer1-integration.test.ts:181:17
    at file:///C:/Users/chris/Dev/Projects/TheFantasyWorldSimulator/node_modules/@vitest/runner/dist/index.js:145:11
    at file:///C:/Users/chris/Dev/Projects/TheFantasyWorldSimulator/node_modules/@vitest/runner/dist/index.js:915:26
    at file:///C:/Users/chris/Dev/Projects/TheFantasyWorldSimulator/node_modules/@vitest/runner/dist/index.js:1243:20
    at new Promise (<anonymous>)
    at runWithTimeout (file:///C:/Users/chris/Dev/Projects/TheFantasyWorldSimulator/node_modules/@vitest/runner/dist/index.js:1209:10)
[Orchestrator] Tick crashed, returning previous state: Error: Trait not found: trait.reputation.power.renown
    at assignTrait (C:/Users/chris/Dev/Projects/TheFantasyWorldSimulator/src/engine/traits.ts:44:25)
    at syncReputationTrait (C:/Users/chris/Dev/Projects/TheFantasyWorldSimulator/src/engine/phaseReputationTraits.ts:297:5)
    at phaseReputationTraits (C:/Users/chris/Dev/Projects/TheFantasyWorldSimulator/src/engine/phaseReputationTraits.ts:273:7)
    at runTick (C:/Users/chris/Dev/Projects/TheFantasyWorldSimulator/src/engine/orchestrator.ts:1896:18)
    at C:/Users/chris/Dev/Projects/TheFantasyWorldSimulator/src/engine/__tests__/content-layer1-integration.test.ts:181:17
    at file:///C:/Users/chris/Dev/Projects/TheFantasyWorldSimulator/node_modules/@vitest/runner/dist/index.js:145:11
    at file:///C:/Users/chris/Dev/Projects/TheFantasyWorldSimulator/node_modules/@vitest/runner/dist/index.js:915:26
    at file:///C:/Users/chris/Dev/Projects/TheFantasyWorldSimulator/node_modules/@vitest/runner/dist/index.js:1243:20
    at new Promise (<anonymous>)
    at runWithTimeout (file:///C:/Users/chris/Dev/Projects/TheFantasyWorldSimulator/node_modules/@vitest/runner/dist/index.js:1209:10)
[Orchestrator] Tick crashed, returning previous state: Error: Trait not found: trait.reputation.power.renown
    at assignTrait (C:/Users/chris/Dev/Projects/TheFantasyWorldSimulator/src/engine/traits.ts:44:25)
    at syncReputationTrait (C:/Users/chris/Dev/Projects/TheFantasyWorldSimulator/src/engine/phaseReputationTraits.ts:297:5)
    at phaseReputationTraits (C:/Users/chris/Dev/Projects/TheFantasyWorldSimulator/src/engine/phaseReputationTraits.ts:273:7)
    at runTick (C:/Users/chris/Dev/Projects/TheFantasyWorldSimulator/src/engine/orchestrator.ts:1896:18)
    at C:/Users/chris/Dev/Projects/TheFantasyWorldSimulator/src/engine/__tests__/content-layer1-integration.test.ts:181:17
    at file:///C:/Users/chris/Dev/Projects/TheFantasyWorldSimulator/node_modules/@vitest/runner/dist/index.js:145:11
    at file:///C:/Users/chris/Dev/Projects/TheFantasyWorldSimulator/node_modules/@vitest/runner/dist/index.js:915:26
    at file:///C:/Users/chris/Dev/Projects/TheFantasyWorldSimulator/node_modules/@vitest/runner/dist/index.js:1243:20
    at new Promise (<anonymous>)
    at runWithTimeout (file:///C:/Users/chris/Dev/Projects/TheFantasyWorldSimulator/node_modules/@vitest/runner/dist/index.js:1209:10)
[Orchestrator] Tick crashed, returning previous state: Error: Trait not found: trait.reputation.power.renown
    at assignTrait (C:/Users/chris/Dev/Projects/TheFantasyWorldSimulator/src/engine/traits.ts:44:25)
    at syncReputationTrait (C:/Users/chris/Dev/Projects/TheFantasyWorldSimulator/src/engine/phaseReputationTraits.ts:297:5)
    at phaseReputationTraits (C:/Users/chris/Dev/Projects/TheFantasyWorldSimulator/src/engine/phaseReputationTraits.ts:273:7)
    at runTick (C:/Users/chris/Dev/Projects/TheFantasyWorldSimulator/src/engine/orchestrator.ts:1896:18)
    at C:/Users/chris/Dev/Projects/TheFantasyWorldSimulator/src/engine/__tests__/content-layer1-integration.test.ts:181:17
    at file:///C:/Users/chris/Dev/Projects/TheFantasyWorldSimulator/node_modules/@vitest/runner/dist/index.js:145:11
    at file:///C:/Users/chris/Dev/Projects/TheFantasyWorldSimulator/node_modules/@vitest/runner/dist/index.js:915:26
    at file:///C:/Users/chris/Dev/Projects/TheFantasyWorldSimulator/node_modules/@vitest/runner/dist/index.js:1243:20
    at new Promise (<anonymous>)
    at runWithTimeout (file:///C:/Users/chris/Dev/Projects/TheFantasyWorldSimulator/node_modules/@vitest/runner/dist/index.js:1209:10)
[Orchestrator] Tick crashed, returning previous state: Error: Trait not found: trait.reputation.power.renown
    at assignTrait (C:/Users/chris/Dev/Projects/TheFantasyWorldSimulator/src/engine/traits.ts:44:25)
    at syncReputationTrait (C:/Users/chris/Dev/Projects/TheFantasyWorldSimulator/src/engine/phaseReputationTraits.ts:297:5)
    at phaseReputationTraits (C:/Users/chris/Dev/Projects/TheFantasyWorldSimulator/src/engine/phaseReputationTraits.ts:273:7)
    at runTick (C:/Users/chris/Dev/Projects/TheFantasyWorldSimulator/src/engine/orchestrator.ts:1896:18)
    at C:/Users/chris/Dev/Projects/TheFantasyWorldSimulator/src/engine/__tests__/content-layer1-integration.test.ts:181:17
    at file:///C:/Users/chris/Dev/Projects/TheFantasyWorldSimulator/node_modules/@vitest/runner/dist/index.js:145:11
    at file:///C:/Users/chris/Dev/Projects/TheFantasyWorldSimulator/node_modules/@vitest/runner/dist/index.js:915:26
    at file:///C:/Users/chris/Dev/Projects/TheFantasyWorldSimulator/node_modules/@vitest/runner/dist/index.js:1243:20
    at new Promise (<anonymous>)
    at runWithTimeout (file:///C:/Users/chris/Dev/Projects/TheFantasyWorldSimulator/node_modules/@vitest/runner/dist/index.js:1209:10)
[Orchestrator] Tick crashed, returning previous state: Error: Trait not found: trait.reputation.power.renown
    at assignTrait (C:/Users/chris/Dev/Projects/TheFantasyWorldSimulator/src/engine/traits.ts:44:25)
    at syncReputationTrait (C:/Users/chris/Dev/Projects/TheFantasyWorldSimulator/src/engine/phaseReputationTraits.ts:297:5)
    at phaseReputationTraits (C:/Users/chris/Dev/Projects/TheFantasyWorldSimulator/src/engine/phaseReputationTraits.ts:273:7)
    at runTick (C:/Users/chris/Dev/Projects/TheFantasyWorldSimulator/src/engine/orchestrator.ts:1896:18)
    at C:/Users/chris/Dev/Projects/TheFantasyWorldSimulator/src/engine/__tests__/content-layer1-integration.test.ts:181:17
    at file:///C:/Users/chris/Dev/Projects/TheFantasyWorldSimulator/node_modules/@vitest/runner/dist/index.js:145:11
    at file:///C:/Users/chris/Dev/Projects/TheFantasyWorldSimulator/node_modules/@vitest/runner/dist/index.js:915:26
    at file:///C:/Users/chris/Dev/Projects/TheFantasyWorldSimulator/node_modules/@vitest/runner/dist/index.js:1243:20
    at new Promise (<anonymous>)
    at runWithTimeout (file:///C:/Users/chris/Dev/Projects/TheFantasyWorldSimulator/node_modules/@vitest/runner/dist/index.js:1209:10)
[Orchestrator] Tick crashed, returning previous state: Error: Trait not found: trait.reputation.power.renown
    at assignTrait (C:/Users/chris/Dev/Projects/TheFantasyWorldSimulator/src/engine/traits.ts:44:25)
    at syncReputationTrait (C:/Users/chris/Dev/Projects/TheFantasyWorldSimulator/src/engine/phaseReputationTraits.ts:297:5)
    at phaseReputationTraits (C:/Users/chris/Dev/Projects/TheFantasyWorldSimulator/src/engine/phaseReputationTraits.ts:273:7)
    at runTick (C:/Users/chris/Dev/Projects/TheFantasyWorldSimulator/src/engine/orchestrator.ts:1896:18)
    at C:/Users/chris/Dev/Projects/TheFantasyWorldSimulator/src/engine/__tests__/content-layer1-integration.test.ts:181:17
    at file:///C:/Users/chris/Dev/Projects/TheFantasyWorldSimulator/node_modules/@vitest/runner/dist/index.js:145:11
    at file:///C:/Users/chris/Dev/Projects/TheFantasyWorldSimulator/node_modules/@vitest/runner/dist/index.js:915:26
    at file:///C:/Users/chris/Dev/Projects/TheFantasyWorldSimulator/node_modules/@vitest/runner/dist/index.js:1243:20
    at new Promise (<anonymous>)
    at runWithTimeout (file:///C:/Users/chris/Dev/Projects/TheFantasyWorldSimulator/node_modules/@vitest/runner/dist/index.js:1209:10)
[Orchestrator] Tick crashed, returning previous state: Error: Trait not found: trait.reputation.power.renown
    at assignTrait (C:/Users/chris/Dev/Projects/TheFantasyWorldSimulator/src/engine/traits.ts:44:25)
    at syncReputationTrait (C:/Users/chris/Dev/Projects/TheFantasyWorldSimulator/src/engine/phaseReputationTraits.ts:297:5)
    at phaseReputationTraits (C:/Users/chris/Dev/Projects/TheFantasyWorldSimulator/src/engine/phaseReputationTraits.ts:273:7)
    at runTick (C:/Users/chris/Dev/Projects/TheFantasyWorldSimulator/src/engine/orchestrator.ts:1896:18)
    at C:/Users/chris/Dev/Projects/TheFantasyWorldSimulator/src/engine/__tests__/content-layer1-integration.test.ts:181:17
    at file:///C:/Users/chris/Dev/Projects/TheFantasyWorldSimulator/node_modules/@vitest/runner/dist/index.js:145:11
    at file:///C:/Users/chris/Dev/Projects/TheFantasyWorldSimulator/node_modules/@vitest/runner/dist/index.js:915:26
    at file:///C:/Users/chris/Dev/Projects/TheFantasyWorldSimulator/node_modules/@vitest/runner/dist/index.js:1243:20
    at new Promise (<anonymous>)
    at runWithTimeout (file:///C:/Users/chris/Dev/Projects/TheFantasyWorldSimulator/node_modules/@vitest/runner/dist/index.js:1209:10)
[Orchestrator] Tick crashed, returning previous state: Error: Trait not found: trait.reputation.power.renown
    at assignTrait (C:/Users/chris/Dev/Projects/TheFantasyWorldSimulator/src/engine/traits.ts:44:25)
    at syncReputationTrait (C:/Users/chris/Dev/Projects/TheFantasyWorldSimulator/src/engine/phaseReputationTraits.ts:297:5)
    at phaseReputationTraits (C:/Users/chris/Dev/Projects/TheFantasyWorldSimulator/src/engine/phaseReputationTraits.ts:273:7)
    at runTick (C:/Users/chris/Dev/Projects/TheFantasyWorldSimulator/src/engine/orchestrator.ts:1896:18)
    at C:/Users/chris/Dev/Projects/TheFantasyWorldSimulator/src/engine/__tests__/content-layer1-integration.test.ts:181:17
    at file:///C:/Users/chris/Dev/Projects/TheFantasyWorldSimulator/node_modules/@vitest/runner/dist/index.js:145:11
    at file:///C:/Users/chris/Dev/Projects/TheFantasyWorldSimulator/node_modules/@vitest/runner/dist/index.js:915:26
    at file:///C:/Users/chris/Dev/Projects/TheFantasyWorldSimulator/node_modules/@vitest/runner/dist/index.js:1243:20
    at new Promise (<anonymous>)
    at runWithTimeout (file:///C:/Users/chris/Dev/Projects/TheFantasyWorldSimulator/node_modules/@vitest/runner/dist/index.js:1209:10)
[Orchestrator] Tick crashed, returning previous state: Error: Trait not found: trait.reputation.power.renown
    at assignTrait (C:/Users/chris/Dev/Projects/TheFantasyWorldSimulator/src/engine/traits.ts:44:25)
    at syncReputationTrait (C:/Users/chris/Dev/Projects/TheFantasyWorldSimulator/src/engine/phaseReputationTraits.ts:297:5)
    at phaseReputationTraits (C:/Users/chris/Dev/Projects/TheFantasyWorldSimulator/src/engine/phaseReputationTraits.ts:273:7)
    at runTick (C:/Users/chris/Dev/Projects/TheFantasyWorldSimulator/src/engine/orchestrator.ts:1896:18)
    at C:/Users/chris/Dev/Projects/TheFantasyWorldSimulator/src/engine/__tests__/content-layer1-integration.test.ts:181:17
    at file:///C:/Users/chris/Dev/Projects/TheFantasyWorldSimulator/node_modules/@vitest/runner/dist/index.js:145:11
    at file:///C:/Users/chris/Dev/Projects/TheFantasyWorldSimulator/node_modules/@vitest/runner/dist/index.js:915:26
    at file:///C:/Users/chris/Dev/Projects/TheFantasyWorldSimulator/node_modules/@vitest/runner/dist/index.js:1243:20
    at new Promise (<anonymous>)
    at runWithTimeout (file:///C:/Users/chris/Dev/Projects/TheFantasyWorldSimulator/node_modules/@vitest/runner/dist/index.js:1209:10)
[Orchestrator] Tick crashed, returning previous state: Error: Trait not found: trait.reputation.power.renown
    at assignTrait (C:/Users/chris/Dev/Projects/TheFantasyWorldSimulator/src/engine/traits.ts:44:25)
    at syncReputationTrait (C:/Users/chris/Dev/Projects/TheFantasyWorldSimulator/src/engine/phaseReputationTraits.ts:297:5)
    at phaseReputationTraits (C:/Users/chris/Dev/Projects/TheFantasyWorldSimulator/src/engine/phaseReputationTraits.ts:273:7)
    at runTick (C:/Users/chris/Dev/Projects/TheFantasyWorldSimulator/src/engine/orchestrator.ts:1896:18)
    at C:/Users/chris/Dev/Projects/TheFantasyWorldSimulator/src/engine/__tests__/content-layer1-integration.test.ts:181:17
    at file:///C:/Users/chris/Dev/Projects/TheFantasyWorldSimulator/node_modules/@vitest/runner/dist/index.js:145:11
    at file:///C:/Users/chris/Dev/Projects/TheFantasyWorldSimulator/node_modules/@vitest/runner/dist/index.js:915:26
    at file:///C:/Users/chris/Dev/Projects/TheFantasyWorldSimulator/node_modules/@vitest/runner/dist/index.js:1243:20
    at new Promise (<anonymous>)
    at runWithTimeout (file:///C:/Users/chris/Dev/Projects/TheFantasyWorldSimulator/node_modules/@vitest/runner/dist/index.js:1209:10)
[Orchestrator] Tick crashed, returning previous state: Error: Trait not found: trait.reputation.power.renown
    at assignTrait (C:/Users/chris/Dev/Projects/TheFantasyWorldSimulator/src/engine/traits.ts:44:25)
    at syncReputationTrait (C:/Users/chris/Dev/Projects/TheFantasyWorldSimulator/src/engine/phaseReputationTraits.ts:297:5)
    at phaseReputationTraits (C:/Users/chris/Dev/Projects/TheFantasyWorldSimulator/src/engine/phaseReputationTraits.ts:273:7)
    at runTick (C:/Users/chris/Dev/Projects/TheFantasyWorldSimulator/src/engine/orchestrator.ts:1896:18)
    at C:/Users/chris/Dev/Projects/TheFantasyWorldSimulator/src/engine/__tests__/content-layer1-integration.test.ts:181:17
    at file:///C:/Users/chris/Dev/Projects/TheFantasyWorldSimulator/node_modules/@vitest/runner/dist/index.js:145:11
    at file:///C:/Users/chris/Dev/Projects/TheFantasyWorldSimulator/node_modules/@vitest/runner/dist/index.js:915:26
    at file:///C:/Users/chris/Dev/Projects/TheFantasyWorldSimulator/node_modules/@vitest/runner/dist/index.js:1243:20
    at new Promise (<anonymous>)
    at runWithTimeout (file:///C:/Users/chris/Dev/Projects/TheFantasyWorldSimulator/node_modules/@vitest/runner/dist/index.js:1209:10)
[Orchestrator] Tick crashed, returning previous state: Error: Trait not found: trait.reputation.power.renown
    at assignTrait (C:/Users/chris/Dev/Projects/TheFantasyWorldSimulator/src/engine/traits.ts:44:25)
    at syncReputationTrait (C:/Users/chris/Dev/Projects/TheFantasyWorldSimulator/src/engine/phaseReputationTraits.ts:297:5)
    at phaseReputationTraits (C:/Users/chris/Dev/Projects/TheFantasyWorldSimulator/src/engine/phaseReputationTraits.ts:273:7)
    at runTick (C:/Users/chris/Dev/Projects/TheFantasyWorldSimulator/src/engine/orchestrator.ts:1896:18)
    at C:/Users/chris/Dev/Projects/TheFantasyWorldSimulator/src/engine/__tests__/content-layer1-integration.test.ts:181:17
    at file:///C:/Users/chris/Dev/Projects/TheFantasyWorldSimulator/node_modules/@vitest/runner/dist/index.js:145:11
    at file:///C:/Users/chris/Dev/Projects/TheFantasyWorldSimulator/node_modules/@vitest/runner/dist/index.js:915:26
    at file:///C:/Users/chris/Dev/Projects/TheFantasyWorldSimulator/node_modules/@vitest/runner/dist/index.js:1243:20
    at new Promise (<anonymous>)
    at runWithTimeout (file:///C:/Users/chris/Dev/Projects/TheFantasyWorldSimulator/node_modules/@vitest/runner/dist/index.js:1209:10)
[Orchestrator] Tick crashed, returning previous state: Error: Trait not found: trait.reputation.power.renown
    at assignTrait (C:/Users/chris/Dev/Projects/TheFantasyWorldSimulator/src/engine/traits.ts:44:25)
    at syncReputationTrait (C:/Users/chris/Dev/Projects/TheFantasyWorldSimulator/src/engine/phaseReputationTraits.ts:297:5)
    at phaseReputationTraits (C:/Users/chris/Dev/Projects/TheFantasyWorldSimulator/src/engine/phaseReputationTraits.ts:273:7)
    at runTick (C:/Users/chris/Dev/Projects/TheFantasyWorldSimulator/src/engine/orchestrator.ts:1896:18)
    at C:/Users/chris/Dev/Projects/TheFantasyWorldSimulator/src/engine/__tests__/content-layer1-integration.test.ts:181:17
    at file:///C:/Users/chris/Dev/Projects/TheFantasyWorldSimulator/node_modules/@vitest/runner/dist/index.js:145:11
    at file:///C:/Users/chris/Dev/Projects/TheFantasyWorldSimulator/node_modules/@vitest/runner/dist/index.js:915:26
    at file:///C:/Users/chris/Dev/Projects/TheFantasyWorldSimulator/node_modules/@vitest/runner/dist/index.js:1243:20
    at new Promise (<anonymous>)
    at runWithTimeout (file:///C:/Users/chris/Dev/Projects/TheFantasyWorldSimulator/node_modules/@vitest/runner/dist/index.js:1209:10)
[Orchestrator] Tick crashed, returning previous state: Error: Trait not found: trait.reputation.power.renown
    at assignTrait (C:/Users/chris/Dev/Projects/TheFantasyWorldSimulator/src/engine/traits.ts:44:25)
    at syncReputationTrait (C:/Users/chris/Dev/Projects/TheFantasyWorldSimulator/src/engine/phaseReputationTraits.ts:297:5)
    at phaseReputationTraits (C:/Users/chris/Dev/Projects/TheFantasyWorldSimulator/src/engine/phaseReputationTraits.ts:273:7)
    at runTick (C:/Users/chris/Dev/Projects/TheFantasyWorldSimulator/src/engine/orchestrator.ts:1896:18)
    at C:/Users/chris/Dev/Projects/TheFantasyWorldSimulator/src/engine/__tests__/content-layer1-integration.test.ts:181:17
    at file:///C:/Users/chris/Dev/Projects/TheFantasyWorldSimulator/node_modules/@vitest/runner/dist/index.js:145:11
    at file:///C:/Users/chris/Dev/Projects/TheFantasyWorldSimulator/node_modules/@vitest/runner/dist/index.js:915:26
    at file:///C:/Users/chris/Dev/Projects/TheFantasyWorldSimulator/node_modules/@vitest/runner/dist/index.js:1243:20
    at new Promise (<anonymous>)
    at runWithTimeout (file:///C:/Users/chris/Dev/Projects/TheFantasyWorldSimulator/node_modules/@vitest/runner/dist/index.js:1209:10)
[Orchestrator] Tick crashed, returning previous state: Error: Trait not found: trait.reputation.power.renown
    at assignTrait (C:/Users/chris/Dev/Projects/TheFantasyWorldSimulator/src/engine/traits.ts:44:25)
    at syncReputationTrait (C:/Users/chris/Dev/Projects/TheFantasyWorldSimulator/src/engine/phaseReputationTraits.ts:297:5)
    at phaseReputationTraits (C:/Users/chris/Dev/Projects/TheFantasyWorldSimulator/src/engine/phaseReputationTraits.ts:273:7)
    at runTick (C:/Users/chris/Dev/Projects/TheFantasyWorldSimulator/src/engine/orchestrator.ts:1896:18)
    at C:/Users/chris/Dev/Projects/TheFantasyWorldSimulator/src/engine/__tests__/content-layer1-integration.test.ts:181:17
    at file:///C:/Users/chris/Dev/Projects/TheFantasyWorldSimulator/node_modules/@vitest/runner/dist/index.js:145:11
    at file:///C:/Users/chris/Dev/Projects/TheFantasyWorldSimulator/node_modules/@vitest/runner/dist/index.js:915:26
    at file:///C:/Users/chris/Dev/Projects/TheFantasyWorldSimulator/node_modules/@vitest/runner/dist/index.js:1243:20
    at new Promise (<anonymous>)
    at runWithTimeout (file:///C:/Users/chris/Dev/Projects/TheFantasyWorldSimulator/node_modules/@vitest/runner/dist/index.js:1209:10)
[Orchestrator] Tick crashed, returning previous state: Error: Trait not found: trait.reputation.power.renown
    at assignTrait (C:/Users/chris/Dev/Projects/TheFantasyWorldSimulator/src/engine/traits.ts:44:25)
    at syncReputationTrait (C:/Users/chris/Dev/Projects/TheFantasyWorldSimulator/src/engine/phaseReputationTraits.ts:297:5)
    at phaseReputationTraits (C:/Users/chris/Dev/Projects/TheFantasyWorldSimulator/src/engine/phaseReputationTraits.ts:273:7)
    at runTick (C:/Users/chris/Dev/Projects/TheFantasyWorldSimulator/src/engine/orchestrator.ts:1896:18)
    at C:/Users/chris/Dev/Projects/TheFantasyWorldSimulator/src/engine/__tests__/content-layer1-integration.test.ts:181:17
    at file:///C:/Users/chris/Dev/Projects/TheFantasyWorldSimulator/node_modules/@vitest/runner/dist/index.js:145:11
    at file:///C:/Users/chris/Dev/Projects/TheFantasyWorldSimulator/node_modules/@vitest/runner/dist/index.js:915:26
    at file:///C:/Users/chris/Dev/Projects/TheFantasyWorldSimulator/node_modules/@vitest/runner/dist/index.js:1243:20
    at new Promise (<anonymous>)
    at runWithTimeout (file:///C:/Users/chris/Dev/Projects/TheFantasyWorldSimulator/node_modules/@vitest/runner/dist/index.js:1209:10)
[Orchestrator] Tick crashed, returning previous state: Error: Trait not found: trait.reputation.power.renown
    at assignTrait (C:/Users/chris/Dev/Projects/TheFantasyWorldSimulator/src/engine/traits.ts:44:25)
    at syncReputationTrait (C:/Users/chris/Dev/Projects/TheFantasyWorldSimulator/src/engine/phaseReputationTraits.ts:297:5)
    at phaseReputationTraits (C:/Users/chris/Dev/Projects/TheFantasyWorldSimulator/src/engine/phaseReputationTraits.ts:273:7)
    at runTick (C:/Users/chris/Dev/Projects/TheFantasyWorldSimulator/src/engine/orchestrator.ts:1896:18)
    at C:/Users/chris/Dev/Projects/TheFantasyWorldSimulator/src/engine/__tests__/content-layer1-integration.test.ts:181:17
    at file:///C:/Users/chris/Dev/Projects/TheFantasyWorldSimulator/node_modules/@vitest/runner/dist/index.js:145:11
    at file:///C:/Users/chris/Dev/Projects/TheFantasyWorldSimulator/node_modules/@vitest/runner/dist/index.js:915:26
    at file:///C:/Users/chris/Dev/Projects/TheFantasyWorldSimulator/node_modules/@vitest/runner/dist/index.js:1243:20
    at new Promise (<anonymous>)
    at runWithTimeout (file:///C:/Users/chris/Dev/Projects/TheFantasyWorldSimulator/node_modules/@vitest/runner/dist/index.js:1209:10)
[Orchestrator] Tick crashed, returning previous state: Error: Trait not found: trait.reputation.power.renown
    at assignTrait (C:/Users/chris/Dev/Projects/TheFantasyWorldSimulator/src/engine/traits.ts:44:25)
    at syncReputationTrait (C:/Users/chris/Dev/Projects/TheFantasyWorldSimulator/src/engine/phaseReputationTraits.ts:297:5)
    at phaseReputationTraits (C:/Users/chris/Dev/Projects/TheFantasyWorldSimulator/src/engine/phaseReputationTraits.ts:273:7)
    at runTick (C:/Users/chris/Dev/Projects/TheFantasyWorldSimulator/src/engine/orchestrator.ts:1896:18)
    at C:/Users/chris/Dev/Projects/TheFantasyWorldSimulator/src/engine/__tests__/content-layer1-integration.test.ts:181:17
    at file:///C:/Users/chris/Dev/Projects/TheFantasyWorldSimulator/node_modules/@vitest/runner/dist/index.js:145:11
    at file:///C:/Users/chris/Dev/Projects/TheFantasyWorldSimulator/node_modules/@vitest/runner/dist/index.js:915:26
    at file:///C:/Users/chris/Dev/Projects/TheFantasyWorldSimulator/node_modules/@vitest/runner/dist/index.js:1243:20
    at new Promise (<anonymous>)
    at runWithTimeout (file:///C:/Users/chris/Dev/Projects/TheFantasyWorldSimulator/node_modules/@vitest/runner/dist/index.js:1209:10)
[Orchestrator] Tick crashed, returning previous state: Error: Trait not found: trait.reputation.power.renown
    at assignTrait (C:/Users/chris/Dev/Projects/TheFantasyWorldSimulator/src/engine/traits.ts:44:25)
    at syncReputationTrait (C:/Users/chris/Dev/Projects/TheFantasyWorldSimulator/src/engine/phaseReputationTraits.ts:297:5)
    at phaseReputationTraits (C:/Users/chris/Dev/Projects/TheFantasyWorldSimulator/src/engine/phaseReputationTraits.ts:273:7)
    at runTick (C:/Users/chris/Dev/Projects/TheFantasyWorldSimulator/src/engine/orchestrator.ts:1896:18)
    at C:/Users/chris/Dev/Projects/TheFantasyWorldSimulator/src/engine/__tests__/content-layer1-integration.test.ts:181:17
    at file:///C:/Users/chris/Dev/Projects/TheFantasyWorldSimulator/node_modules/@vitest/runner/dist/index.js:145:11
    at file:///C:/Users/chris/Dev/Projects/TheFantasyWorldSimulator/node_modules/@vitest/runner/dist/index.js:915:26
    at file:///C:/Users/chris/Dev/Projects/TheFantasyWorldSimulator/node_modules/@vitest/runner/dist/index.js:1243:20
    at new Promise (<anonymous>)
    at runWithTimeout (file:///C:/Users/chris/Dev/Projects/TheFantasyWorldSimulator/node_modules/@vitest/runner/dist/index.js:1209:10)
[Orchestrator] Tick crashed, returning previous state: Error: Trait not found: trait.reputation.power.renown
    at assignTrait (C:/Users/chris/Dev/Projects/TheFantasyWorldSimulator/src/engine/traits.ts:44:25)
    at syncReputationTrait (C:/Users/chris/Dev/Projects/TheFantasyWorldSimulator/src/engine/phaseReputationTraits.ts:297:5)
    at phaseReputationTraits (C:/Users/chris/Dev/Projects/TheFantasyWorldSimulator/src/engine/phaseReputationTraits.ts:273:7)
    at runTick (C:/Users/chris/Dev/Projects/TheFantasyWorldSimulator/src/engine/orchestrator.ts:1896:18)
    at C:/Users/chris/Dev/Projects/TheFantasyWorldSimulator/src/engine/__tests__/content-layer1-integration.test.ts:181:17
    at file:///C:/Users/chris/Dev/Projects/TheFantasyWorldSimulator/node_modules/@vitest/runner/dist/index.js:145:11
    at file:///C:/Users/chris/Dev/Projects/TheFantasyWorldSimulator/node_modules/@vitest/runner/dist/index.js:915:26
    at file:///C:/Users/chris/Dev/Projects/TheFantasyWorldSimulator/node_modules/@vitest/runner/dist/index.js:1243:20
    at new Promise (<anonymous>)
    at runWithTimeout (file:///C:/Users/chris/Dev/Projects/TheFantasyWorldSimulator/node_modules/@vitest/runner/dist/index.js:1209:10)
[Orchestrator] Tick crashed, returning previous state: Error: Trait not found: trait.reputation.power.renown
    at assignTrait (C:/Users/chris/Dev/Projects/TheFantasyWorldSimulator/src/engine/traits.ts:44:25)
    at syncReputationTrait (C:/Users/chris/Dev/Projects/TheFantasyWorldSimulator/src/engine/phaseReputationTraits.ts:297:5)
    at phaseReputationTraits (C:/Users/chris/Dev/Projects/TheFantasyWorldSimulator/src/engine/phaseReputationTraits.ts:273:7)
    at runTick (C:/Users/chris/Dev/Projects/TheFantasyWorldSimulator/src/engine/orchestrator.ts:1896:18)
    at C:/Users/chris/Dev/Projects/TheFantasyWorldSimulator/src/engine/__tests__/content-layer1-integration.test.ts:181:17
    at file:///C:/Users/chris/Dev/Projects/TheFantasyWorldSimulator/node_modules/@vitest/runner/dist/index.js:145:11
    at file:///C:/Users/chris/Dev/Projects/TheFantasyWorldSimulator/node_modules/@vitest/runner/dist/index.js:915:26
    at file:///C:/Users/chris/Dev/Projects/TheFantasyWorldSimulator/node_modules/@vitest/runner/dist/index.js:1243:20
    at new Promise (<anonymous>)
    at runWithTimeout (file:///C:/Users/chris/Dev/Projects/TheFantasyWorldSimulator/node_modules/@vitest/runner/dist/index.js:1209:10)
[Orchestrator] Tick crashed, returning previous state: Error: Trait not found: trait.reputation.power.renown
    at assignTrait (C:/Users/chris/Dev/Projects/TheFantasyWorldSimulator/src/engine/traits.ts:44:25)
    at syncReputationTrait (C:/Users/chris/Dev/Projects/TheFantasyWorldSimulator/src/engine/phaseReputationTraits.ts:297:5)
    at phaseReputationTraits (C:/Users/chris/Dev/Projects/TheFantasyWorldSimulator/src/engine/phaseReputationTraits.ts:273:7)
    at runTick (C:/Users/chris/Dev/Projects/TheFantasyWorldSimulator/src/engine/orchestrator.ts:1896:18)
    at C:/Users/chris/Dev/Projects/TheFantasyWorldSimulator/src/engine/__tests__/content-layer1-integration.test.ts:181:17
    at file:///C:/Users/chris/Dev/Projects/TheFantasyWorldSimulator/node_modules/@vitest/runner/dist/index.js:145:11
    at file:///C:/Users/chris/Dev/Projects/TheFantasyWorldSimulator/node_modules/@vitest/runner/dist/index.js:915:26
    at file:///C:/Users/chris/Dev/Projects/TheFantasyWorldSimulator/node_modules/@vitest/runner/dist/index.js:1243:20
    at new Promise (<anonymous>)
    at runWithTimeout (file:///C:/Users/chris/Dev/Projects/TheFantasyWorldSimulator/node_modules/@vitest/runner/dist/index.js:1209:10)
[Orchestrator] Tick crashed, returning previous state: Error: Trait not found: trait.reputation.power.renown
    at assignTrait (C:/Users/chris/Dev/Projects/TheFantasyWorldSimulator/src/engine/traits.ts:44:25)
    at syncReputationTrait (C:/Users/chris/Dev/Projects/TheFantasyWorldSimulator/src/engine/phaseReputationTraits.ts:297:5)
    at phaseReputationTraits (C:/Users/chris/Dev/Projects/TheFantasyWorldSimulator/src/engine/phaseReputationTraits.ts:273:7)
    at runTick (C:/Users/chris/Dev/Projects/TheFantasyWorldSimulator/src/engine/orchestrator.ts:1896:18)
    at C:/Users/chris/Dev/Projects/TheFantasyWorldSimulator/src/engine/__tests__/content-layer1-integration.test.ts:181:17
    at file:///C:/Users/chris/Dev/Projects/TheFantasyWorldSimulator/node_modules/@vitest/runner/dist/index.js:145:11
    at file:///C:/Users/chris/Dev/Projects/TheFantasyWorldSimulator/node_modules/@vitest/runner/dist/index.js:915:26
    at file:///C:/Users/chris/Dev/Projects/TheFantasyWorldSimulator/node_modules/@vitest/runner/dist/index.js:1243:20
    at new Promise (<anonymous>)
    at runWithTimeout (file:///C:/Users/chris/Dev/Projects/TheFantasyWorldSimulator/node_modules/@vitest/runner/dist/index.js:1209:10)
[Orchestrator] Tick crashed, returning previous state: Error: Trait not found: trait.reputation.power.renown
    at assignTrait (C:/Users/chris/Dev/Projects/TheFantasyWorldSimulator/src/engine/traits.ts:44:25)
    at syncReputationTrait (C:/Users/chris/Dev/Projects/TheFantasyWorldSimulator/src/engine/phaseReputationTraits.ts:297:5)
    at phaseReputationTraits (C:/Users/chris/Dev/Projects/TheFantasyWorldSimulator/src/engine/phaseReputationTraits.ts:273:7)
    at runTick (C:/Users/chris/Dev/Projects/TheFantasyWorldSimulator/src/engine/orchestrator.ts:1896:18)
    at C:/Users/chris/Dev/Projects/TheFantasyWorldSimulator/src/engine/__tests__/content-layer1-integration.test.ts:181:17
    at file:///C:/Users/chris/Dev/Projects/TheFantasyWorldSimulator/node_modules/@vitest/runner/dist/index.js:145:11
    at file:///C:/Users/chris/Dev/Projects/TheFantasyWorldSimulator/node_modules/@vitest/runner/dist/index.js:915:26
    at file:///C:/Users/chris/Dev/Projects/TheFantasyWorldSimulator/node_modules/@vitest/runner/dist/index.js:1243:20
    at new Promise (<anonymous>)
    at runWithTimeout (file:///C:/Users/chris/Dev/Projects/TheFantasyWorldSimulator/node_modules/@vitest/runner/dist/index.js:1209:10)
[Orchestrator] Tick crashed, returning previous state: Error: Trait not found: trait.reputation.power.renown
    at assignTrait (C:/Users/chris/Dev/Projects/TheFantasyWorldSimulator/src/engine/traits.ts:44:25)
    at syncReputationTrait (C:/Users/chris/Dev/Projects/TheFantasyWorldSimulator/src/engine/phaseReputationTraits.ts:297:5)
    at phaseReputationTraits (C:/Users/chris/Dev/Projects/TheFantasyWorldSimulator/src/engine/phaseReputationTraits.ts:273:7)
    at runTick (C:/Users/chris/Dev/Projects/TheFantasyWorldSimulator/src/engine/orchestrator.ts:1896:18)
    at C:/Users/chris/Dev/Projects/TheFantasyWorldSimulator/src/engine/__tests__/content-layer1-integration.test.ts:181:17
    at file:///C:/Users/chris/Dev/Projects/TheFantasyWorldSimulator/node_modules/@vitest/runner/dist/index.js:145:11
    at file:///C:/Users/chris/Dev/Projects/TheFantasyWorldSimulator/node_modules/@vitest/runner/dist/index.js:915:26
    at file:///C:/Users/chris/Dev/Projects/TheFantasyWorldSimulator/node_modules/@vitest/runner/dist/index.js:1243:20
    at new Promise (<anonymous>)
    at runWithTimeout (file:///C:/Users/chris/Dev/Projects/TheFantasyWorldSimulator/node_modules/@vitest/runner/dist/index.js:1209:10)
[Orchestrator] Tick crashed, returning previous state: Error: Trait not found: trait.reputation.power.renown
    at assignTrait (C:/Users/chris/Dev/Projects/TheFantasyWorldSimulator/src/engine/traits.ts:44:25)
    at syncReputationTrait (C:/Users/chris/Dev/Projects/TheFantasyWorldSimulator/src/engine/phaseReputationTraits.ts:297:5)
    at phaseReputationTraits (C:/Users/chris/Dev/Projects/TheFantasyWorldSimulator/src/engine/phaseReputationTraits.ts:273:7)
    at runTick (C:/Users/chris/Dev/Projects/TheFantasyWorldSimulator/src/engine/orchestrator.ts:1896:18)
    at C:/Users/chris/Dev/Projects/TheFantasyWorldSimulator/src/engine/__tests__/content-layer1-integration.test.ts:181:17
    at file:///C:/Users/chris/Dev/Projects/TheFantasyWorldSimulator/node_modules/@vitest/runner/dist/index.js:145:11
    at file:///C:/Users/chris/Dev/Projects/TheFantasyWorldSimulator/node_modules/@vitest/runner/dist/index.js:915:26
    at file:///C:/Users/chris/Dev/Projects/TheFantasyWorldSimulator/node_modules/@vitest/runner/dist/index.js:1243:20
    at new Promise (<anonymous>)
    at runWithTimeout (file:///C:/Users/chris/Dev/Projects/TheFantasyWorldSimulator/node_modules/@vitest/runner/dist/index.js:1209:10)
[Orchestrator] Tick crashed, returning previous state: Error: Trait not found: trait.reputation.power.renown
    at assignTrait (C:/Users/chris/Dev/Projects/TheFantasyWorldSimulator/src/engine/traits.ts:44:25)
    at syncReputationTrait (C:/Users/chris/Dev/Projects/TheFantasyWorldSimulator/src/engine/phaseReputationTraits.ts:297:5)
    at phaseReputationTraits (C:/Users/chris/Dev/Projects/TheFantasyWorldSimulator/src/engine/phaseReputationTraits.ts:273:7)
    at runTick (C:/Users/chris/Dev/Projects/TheFantasyWorldSimulator/src/engine/orchestrator.ts:1896:18)
    at C:/Users/chris/Dev/Projects/TheFantasyWorldSimulator/src/engine/__tests__/content-layer1-integration.test.ts:181:17
    at file:///C:/Users/chris/Dev/Projects/TheFantasyWorldSimulator/node_modules/@vitest/runner/dist/index.js:145:11
    at file:///C:/Users/chris/Dev/Projects/TheFantasyWorldSimulator/node_modules/@vitest/runner/dist/index.js:915:26
    at file:///C:/Users/chris/Dev/Projects/TheFantasyWorldSimulator/node_modules/@vitest/runner/dist/index.js:1243:20
    at new Promise (<anonymous>)
    at runWithTimeout (file:///C:/Users/chris/Dev/Projects/TheFantasyWorldSimulator/node_modules/@vitest/runner/dist/index.js:1209:10)
[Orchestrator] Tick crashed, returning previous state: Error: Trait not found: trait.reputation.power.renown
    at assignTrait (C:/Users/chris/Dev/Projects/TheFantasyWorldSimulator/src/engine/traits.ts:44:25)
    at syncReputationTrait (C:/Users/chris/Dev/Projects/TheFantasyWorldSimulator/src/engine/phaseReputationTraits.ts:297:5)
    at phaseReputationTraits (C:/Users/chris/Dev/Projects/TheFantasyWorldSimulator/src/engine/phaseReputationTraits.ts:273:7)
    at runTick (C:/Users/chris/Dev/Projects/TheFantasyWorldSimulator/src/engine/orchestrator.ts:1896:18)
    at C:/Users/chris/Dev/Projects/TheFantasyWorldSimulator/src/engine/__tests__/content-layer1-integration.test.ts:181:17
    at file:///C:/Users/chris/Dev/Projects/TheFantasyWorldSimulator/node_modules/@vitest/runner/dist/index.js:145:11
    at file:///C:/Users/chris/Dev/Projects/TheFantasyWorldSimulator/node_modules/@vitest/runner/dist/index.js:915:26
    at file:///C:/Users/chris/Dev/Projects/TheFantasyWorldSimulator/node_modules/@vitest/runner/dist/index.js:1243:20
    at new Promise (<anonymous>)
    at runWithTimeout (file:///C:/Users/chris/Dev/Projects/TheFantasyWorldSimulator/node_modules/@vitest/runner/dist/index.js:1209:10)
[Orchestrator] Tick crashed, returning previous state: Error: Trait not found: trait.reputation.power.renown
    at assignTrait (C:/Users/chris/Dev/Projects/TheFantasyWorldSimulator/src/engine/traits.ts:44:25)
    at syncReputationTrait (C:/Users/chris/Dev/Projects/TheFantasyWorldSimulator/src/engine/phaseReputationTraits.ts:297:5)
    at phaseReputationTraits (C:/Users/chris/Dev/Projects/TheFantasyWorldSimulator/src/engine/phaseReputationTraits.ts:273:7)
    at runTick (C:/Users/chris/Dev/Projects/TheFantasyWorldSimulator/src/engine/orchestrator.ts:1896:18)
    at C:/Users/chris/Dev/Projects/TheFantasyWorldSimulator/src/engine/__tests__/content-layer1-integration.test.ts:181:17
    at file:///C:/Users/chris/Dev/Projects/TheFantasyWorldSimulator/node_modules/@vitest/runner/dist/index.js:145:11
    at file:///C:/Users/chris/Dev/Projects/TheFantasyWorldSimulator/node_modules/@vitest/runner/dist/index.js:915:26
    at file:///C:/Users/chris/Dev/Projects/TheFantasyWorldSimulator/node_modules/@vitest/runner/dist/index.js:1243:20
    at new Promise (<anonymous>)
    at runWithTimeout (file:///C:/Users/chris/Dev/Projects/TheFantasyWorldSimulator/node_modules/@vitest/runner/dist/index.js:1209:10)
[Orchestrator] Tick crashed, returning previous state: Error: Trait not found: trait.reputation.power.renown
    at assignTrait (C:/Users/chris/Dev/Projects/TheFantasyWorldSimulator/src/engine/traits.ts:44:25)
    at syncReputationTrait (C:/Users/chris/Dev/Projects/TheFantasyWorldSimulator/src/engine/phaseReputationTraits.ts:297:5)
    at phaseReputationTraits (C:/Users/chris/Dev/Projects/TheFantasyWorldSimulator/src/engine/phaseReputationTraits.ts:273:7)
    at runTick (C:/Users/chris/Dev/Projects/TheFantasyWorldSimulator/src/engine/orchestrator.ts:1896:18)
    at C:/Users/chris/Dev/Projects/TheFantasyWorldSimulator/src/engine/__tests__/content-layer1-integration.test.ts:181:17
    at file:///C:/Users/chris/Dev/Projects/TheFantasyWorldSimulator/node_modules/@vitest/runner/dist/index.js:145:11
    at file:///C:/Users/chris/Dev/Projects/TheFantasyWorldSimulator/node_modules/@vitest/runner/dist/index.js:915:26
    at file:///C:/Users/chris/Dev/Projects/TheFantasyWorldSimulator/node_modules/@vitest/runner/dist/index.js:1243:20
    at new Promise (<anonymous>)
    at runWithTimeout (file:///C:/Users/chris/Dev/Projects/TheFantasyWorldSimulator/node_modules/@vitest/runner/dist/index.js:1209:10)
[Orchestrator] Tick crashed, returning previous state: Error: Trait not found: trait.reputation.power.renown
    at assignTrait (C:/Users/chris/Dev/Projects/TheFantasyWorldSimulator/src/engine/traits.ts:44:25)
    at syncReputationTrait (C:/Users/chris/Dev/Projects/TheFantasyWorldSimulator/src/engine/phaseReputationTraits.ts:297:5)
    at phaseReputationTraits (C:/Users/chris/Dev/Projects/TheFantasyWorldSimulator/src/engine/phaseReputationTraits.ts:273:7)
    at runTick (C:/Users/chris/Dev/Projects/TheFantasyWorldSimulator/src/engine/orchestrator.ts:1896:18)
    at C:/Users/chris/Dev/Projects/TheFantasyWorldSimulator/src/engine/__tests__/content-layer1-integration.test.ts:181:17
    at file:///C:/Users/chris/Dev/Projects/TheFantasyWorldSimulator/node_modules/@vitest/runner/dist/index.js:145:11
    at file:///C:/Users/chris/Dev/Projects/TheFantasyWorldSimulator/node_modules/@vitest/runner/dist/index.js:915:26
    at file:///C:/Users/chris/Dev/Projects/TheFantasyWorldSimulator/node_modules/@vitest/runner/dist/index.js:1243:20
    at new Promise (<anonymous>)
    at runWithTimeout (file:///C:/Users/chris/Dev/Projects/TheFantasyWorldSimulator/node_modules/@vitest/runner/dist/index.js:1209:10)
[Orchestrator] Tick crashed, returning previous state: Error: Trait not found: trait.reputation.power.renown
    at assignTrait (C:/Users/chris/Dev/Projects/TheFantasyWorldSimulator/src/engine/traits.ts:44:25)
    at syncReputationTrait (C:/Users/chris/Dev/Projects/TheFantasyWorldSimulator/src/engine/phaseReputationTraits.ts:297:5)
    at phaseReputationTraits (C:/Users/chris/Dev/Projects/TheFantasyWorldSimulator/src/engine/phaseReputationTraits.ts:273:7)
    at runTick (C:/Users/chris/Dev/Projects/TheFantasyWorldSimulator/src/engine/orchestrator.ts:1896:18)
    at C:/Users/chris/Dev/Projects/TheFantasyWorldSimulator/src/engine/__tests__/content-layer1-integration.test.ts:181:17
    at file:///C:/Users/chris/Dev/Projects/TheFantasyWorldSimulator/node_modules/@vitest/runner/dist/index.js:145:11
    at file:///C:/Users/chris/Dev/Projects/TheFantasyWorldSimulator/node_modules/@vitest/runner/dist/index.js:915:26
    at file:///C:/Users/chris/Dev/Projects/TheFantasyWorldSimulator/node_modules/@vitest/runner/dist/index.js:1243:20
    at new Promise (<anonymous>)
    at runWithTimeout (file:///C:/Users/chris/Dev/Projects/TheFantasyWorldSimulator/node_modules/@vitest/runner/dist/index.js:1209:10)
[Orchestrator] Tick crashed, returning previous state: Error: Trait not found: trait.reputation.power.renown
    at assignTrait (C:/Users/chris/Dev/Projects/TheFantasyWorldSimulator/src/engine/traits.ts:44:25)
    at syncReputationTrait (C:/Users/chris/Dev/Projects/TheFantasyWorldSimulator/src/engine/phaseReputationTraits.ts:297:5)
    at phaseReputationTraits (C:/Users/chris/Dev/Projects/TheFantasyWorldSimulator/src/engine/phaseReputationTraits.ts:273:7)
    at runTick (C:/Users/chris/Dev/Projects/TheFantasyWorldSimulator/src/engine/orchestrator.ts:1896:18)
    at C:/Users/chris/Dev/Projects/TheFantasyWorldSimulator/src/engine/__tests__/content-layer1-integration.test.ts:181:17
    at file:///C:/Users/chris/Dev/Projects/TheFantasyWorldSimulator/node_modules/@vitest/runner/dist/index.js:145:11
    at file:///C:/Users/chris/Dev/Projects/TheFantasyWorldSimulator/node_modules/@vitest/runner/dist/index.js:915:26
    at file:///C:/Users/chris/Dev/Projects/TheFantasyWorldSimulator/node_modules/@vitest/runner/dist/index.js:1243:20
    at new Promise (<anonymous>)
    at runWithTimeout (file:///C:/Users/chris/Dev/Projects/TheFantasyWorldSimulator/node_modules/@vitest/runner/dist/index.js:1209:10)
[Orchestrator] Tick crashed, returning previous state: Error: Trait not found: trait.reputation.power.renown
    at assignTrait (C:/Users/chris/Dev/Projects/TheFantasyWorldSimulator/src/engine/traits.ts:44:25)
    at syncReputationTrait (C:/Users/chris/Dev/Projects/TheFantasyWorldSimulator/src/engine/phaseReputationTraits.ts:297:5)
    at phaseReputationTraits (C:/Users/chris/Dev/Projects/TheFantasyWorldSimulator/src/engine/phaseReputationTraits.ts:273:7)
    at runTick (C:/Users/chris/Dev/Projects/TheFantasyWorldSimulator/src/engine/orchestrator.ts:1896:18)
    at C:/Users/chris/Dev/Projects/TheFantasyWorldSimulator/src/engine/__tests__/content-layer1-integration.test.ts:181:17
    at file:///C:/Users/chris/Dev/Projects/TheFantasyWorldSimulator/node_modules/@vitest/runner/dist/index.js:145:11
    at file:///C:/Users/chris/Dev/Projects/TheFantasyWorldSimulator/node_modules/@vitest/runner/dist/index.js:915:26
    at file:///C:/Users/chris/Dev/Projects/TheFantasyWorldSimulator/node_modules/@vitest/runner/dist/index.js:1243:20
    at new Promise (<anonymous>)
    at runWithTimeout (file:///C:/Users/chris/Dev/Projects/TheFantasyWorldSimulator/node_modules/@vitest/runner/dist/index.js:1209:10)
[Orchestrator] Tick crashed, returning previous state: Error: Trait not found: trait.reputation.power.renown
    at assignTrait (C:/Users/chris/Dev/Projects/TheFantasyWorldSimulator/src/engine/traits.ts:44:25)
    at syncReputationTrait (C:/Users/chris/Dev/Projects/TheFantasyWorldSimulator/src/engine/phaseReputationTraits.ts:297:5)
    at phaseReputationTraits (C:/Users/chris/Dev/Projects/TheFantasyWorldSimulator/src/engine/phaseReputationTraits.ts:273:7)
    at runTick (C:/Users/chris/Dev/Projects/TheFantasyWorldSimulator/src/engine/orchestrator.ts:1896:18)
    at C:/Users/chris/Dev/Projects/TheFantasyWorldSimulator/src/engine/__tests__/content-layer1-integration.test.ts:181:17
    at file:///C:/Users/chris/Dev/Projects/TheFantasyWorldSimulator/node_modules/@vitest/runner/dist/index.js:145:11
    at file:///C:/Users/chris/Dev/Projects/TheFantasyWorldSimulator/node_modules/@vitest/runner/dist/index.js:915:26
    at file:///C:/Users/chris/Dev/Projects/TheFantasyWorldSimulator/node_modules/@vitest/runner/dist/index.js:1243:20
    at new Promise (<anonymous>)
    at runWithTimeout (file:///C:/Users/chris/Dev/Projects/TheFantasyWorldSimulator/node_modules/@vitest/runner/dist/index.js:1209:10)
[Orchestrator] Tick crashed, returning previous state: Error: Trait not found: trait.reputation.power.renown
    at assignTrait (C:/Users/chris/Dev/Projects/TheFantasyWorldSimulator/src/engine/traits.ts:44:25)
    at syncReputationTrait (C:/Users/chris/Dev/Projects/TheFantasyWorldSimulator/src/engine/phaseReputationTraits.ts:297:5)
    at phaseReputationTraits (C:/Users/chris/Dev/Projects/TheFantasyWorldSimulator/src/engine/phaseReputationTraits.ts:273:7)
    at runTick (C:/Users/chris/Dev/Projects/TheFantasyWorldSimulator/src/engine/orchestrator.ts:1896:18)
    at C:/Users/chris/Dev/Projects/TheFantasyWorldSimulator/src/engine/__tests__/content-layer1-integration.test.ts:181:17
    at file:///C:/Users/chris/Dev/Projects/TheFantasyWorldSimulator/node_modules/@vitest/runner/dist/index.js:145:11
    at file:///C:/Users/chris/Dev/Projects/TheFantasyWorldSimulator/node_modules/@vitest/runner/dist/index.js:915:26
    at file:///C:/Users/chris/Dev/Projects/TheFantasyWorldSimulator/node_modules/@vitest/runner/dist/index.js:1243:20
    at new Promise (<anonymous>)
    at runWithTimeout (file:///C:/Users/chris/Dev/Projects/TheFantasyWorldSimulator/node_modules/@vitest/runner/dist/index.js:1209:10)
[Orchestrator] Tick crashed, returning previous state: Error: Trait not found: trait.reputation.power.renown
    at assignTrait (C:/Users/chris/Dev/Projects/TheFantasyWorldSimulator/src/engine/traits.ts:44:25)
    at syncReputationTrait (C:/Users/chris/Dev/Projects/TheFantasyWorldSimulator/src/engine/phaseReputationTraits.ts:297:5)
    at phaseReputationTraits (C:/Users/chris/Dev/Projects/TheFantasyWorldSimulator/src/engine/phaseReputationTraits.ts:273:7)
    at runTick (C:/Users/chris/Dev/Projects/TheFantasyWorldSimulator/src/engine/orchestrator.ts:1896:18)
    at C:/Users/chris/Dev/Projects/TheFantasyWorldSimulator/src/engine/__tests__/content-layer1-integration.test.ts:181:17
    at file:///C:/Users/chris/Dev/Projects/TheFantasyWorldSimulator/node_modules/@vitest/runner/dist/index.js:145:11
    at file:///C:/Users/chris/Dev/Projects/TheFantasyWorldSimulator/node_modules/@vitest/runner/dist/index.js:915:26
    at file:///C:/Users/chris/Dev/Projects/TheFantasyWorldSimulator/node_modules/@vitest/runner/dist/index.js:1243:20
    at new Promise (<anonymous>)
    at runWithTimeout (file:///C:/Users/chris/Dev/Projects/TheFantasyWorldSimulator/node_modules/@vitest/runner/dist/index.js:1209:10)
[Orchestrator] Tick crashed, returning previous state: Error: Trait not found: trait.reputation.power.renown
    at assignTrait (C:/Users/chris/Dev/Projects/TheFantasyWorldSimulator/src/engine/traits.ts:44:25)
    at syncReputationTrait (C:/Users/chris/Dev/Projects/TheFantasyWorldSimulator/src/engine/phaseReputationTraits.ts:297:5)
    at phaseReputationTraits (C:/Users/chris/Dev/Projects/TheFantasyWorldSimulator/src/engine/phaseReputationTraits.ts:273:7)
    at runTick (C:/Users/chris/Dev/Projects/TheFantasyWorldSimulator/src/engine/orchestrator.ts:1896:18)
    at C:/Users/chris/Dev/Projects/TheFantasyWorldSimulator/src/engine/__tests__/content-layer1-integration.test.ts:181:17
    at file:///C:/Users/chris/Dev/Projects/TheFantasyWorldSimulator/node_modules/@vitest/runner/dist/index.js:145:11
    at file:///C:/Users/chris/Dev/Projects/TheFantasyWorldSimulator/node_modules/@vitest/runner/dist/index.js:915:26
    at file:///C:/Users/chris/Dev/Projects/TheFantasyWorldSimulator/node_modules/@vitest/runner/dist/index.js:1243:20
    at new Promise (<anonymous>)
    at runWithTimeout (file:///C:/Users/chris/Dev/Projects/TheFantasyWorldSimulator/node_modules/@vitest/runner/dist/index.js:1209:10)
[Orchestrator] Tick crashed, returning previous state: Error: Trait not found: trait.reputation.power.renown
    at assignTrait (C:/Users/chris/Dev/Projects/TheFantasyWorldSimulator/src/engine/traits.ts:44:25)
    at syncReputationTrait (C:/Users/chris/Dev/Projects/TheFantasyWorldSimulator/src/engine/phaseReputationTraits.ts:297:5)
    at phaseReputationTraits (C:/Users/chris/Dev/Projects/TheFantasyWorldSimulator/src/engine/phaseReputationTraits.ts:273:7)
    at runTick (C:/Users/chris/Dev/Projects/TheFantasyWorldSimulator/src/engine/orchestrator.ts:1896:18)
    at C:/Users/chris/Dev/Projects/TheFantasyWorldSimulator/src/engine/__tests__/content-layer1-integration.test.ts:181:17
    at file:///C:/Users/chris/Dev/Projects/TheFantasyWorldSimulator/node_modules/@vitest/runner/dist/index.js:145:11
    at file:///C:/Users/chris/Dev/Projects/TheFantasyWorldSimulator/node_modules/@vitest/runner/dist/index.js:915:26
    at file:///C:/Users/chris/Dev/Projects/TheFantasyWorldSimulator/node_modules/@vitest/runner/dist/index.js:1243:20
    at new Promise (<anonymous>)
    at runWithTimeout (file:///C:/Users/chris/Dev/Projects/TheFantasyWorldSimulator/node_modules/@vitest/runner/dist/index.js:1209:10)
[Orchestrator] Tick crashed, returning previous state: Error: Trait not found: trait.reputation.power.renown
    at assignTrait (C:/Users/chris/Dev/Projects/TheFantasyWorldSimulator/src/engine/traits.ts:44:25)
    at syncReputationTrait (C:/Users/chris/Dev/Projects/TheFantasyWorldSimulator/src/engine/phaseReputationTraits.ts:297:5)
    at phaseReputationTraits (C:/Users/chris/Dev/Projects/TheFantasyWorldSimulator/src/engine/phaseReputationTraits.ts:273:7)
    at runTick (C:/Users/chris/Dev/Projects/TheFantasyWorldSimulator/src/engine/orchestrator.ts:1896:18)
    at C:/Users/chris/Dev/Projects/TheFantasyWorldSimulator/src/engine/__tests__/content-layer1-integration.test.ts:181:17
    at file:///C:/Users/chris/Dev/Projects/TheFantasyWorldSimulator/node_modules/@vitest/runner/dist/index.js:145:11
    at file:///C:/Users/chris/Dev/Projects/TheFantasyWorldSimulator/node_modules/@vitest/runner/dist/index.js:915:26
    at file:///C:/Users/chris/Dev/Projects/TheFantasyWorldSimulator/node_modules/@vitest/runner/dist/index.js:1243:20
    at new Promise (<anonymous>)
    at runWithTimeout (file:///C:/Users/chris/Dev/Projects/TheFantasyWorldSimulator/node_modules/@vitest/runner/dist/index.js:1209:10)
[Orchestrator] Tick crashed, returning previous state: Error: Trait not found: trait.reputation.power.renown
    at assignTrait (C:/Users/chris/Dev/Projects/TheFantasyWorldSimulator/src/engine/traits.ts:44:25)
    at syncReputationTrait (C:/Users/chris/Dev/Projects/TheFantasyWorldSimulator/src/engine/phaseReputationTraits.ts:297:5)
    at phaseReputationTraits (C:/Users/chris/Dev/Projects/TheFantasyWorldSimulator/src/engine/phaseReputationTraits.ts:273:7)
    at runTick (C:/Users/chris/Dev/Projects/TheFantasyWorldSimulator/src/engine/orchestrator.ts:1896:18)
    at C:/Users/chris/Dev/Projects/TheFantasyWorldSimulator/src/engine/__tests__/content-layer1-integration.test.ts:181:17
    at file:///C:/Users/chris/Dev/Projects/TheFantasyWorldSimulator/node_modules/@vitest/runner/dist/index.js:145:11
    at file:///C:/Users/chris/Dev/Projects/TheFantasyWorldSimulator/node_modules/@vitest/runner/dist/index.js:915:26
    at file:///C:/Users/chris/Dev/Projects/TheFantasyWorldSimulator/node_modules/@vitest/runner/dist/index.js:1243:20
    at new Promise (<anonymous>)
    at runWithTimeout (file:///C:/Users/chris/Dev/Projects/TheFantasyWorldSimulator/node_modules/@vitest/runner/dist/index.js:1209:10)
[Orchestrator] Tick crashed, returning previous state: Error: Trait not found: trait.reputation.power.renown
    at assignTrait (C:/Users/chris/Dev/Projects/TheFantasyWorldSimulator/src/engine/traits.ts:44:25)
    at syncReputationTrait (C:/Users/chris/Dev/Projects/TheFantasyWorldSimulator/src/engine/phaseReputationTraits.ts:297:5)
    at phaseReputationTraits (C:/Users/chris/Dev/Projects/TheFantasyWorldSimulator/src/engine/phaseReputationTraits.ts:273:7)
    at runTick (C:/Users/chris/Dev/Projects/TheFantasyWorldSimulator/src/engine/orchestrator.ts:1896:18)
    at C:/Users/chris/Dev/Projects/TheFantasyWorldSimulator/src/engine/__tests__/content-layer1-integration.test.ts:181:17
    at file:///C:/Users/chris/Dev/Projects/TheFantasyWorldSimulator/node_modules/@vitest/runner/dist/index.js:145:11
    at file:///C:/Users/chris/Dev/Projects/TheFantasyWorldSimulator/node_modules/@vitest/runner/dist/index.js:915:26
    at file:///C:/Users/chris/Dev/Projects/TheFantasyWorldSimulator/node_modules/@vitest/runner/dist/index.js:1243:20
    at new Promise (<anonymous>)
    at runWithTimeout (file:///C:/Users/chris/Dev/Projects/TheFantasyWorldSimulator/node_modules/@vitest/runner/dist/index.js:1209:10)
[Orchestrator] Tick crashed, returning previous state: Error: Trait not found: trait.reputation.power.renown
    at assignTrait (C:/Users/chris/Dev/Projects/TheFantasyWorldSimulator/src/engine/traits.ts:44:25)
    at syncReputationTrait (C:/Users/chris/Dev/Projects/TheFantasyWorldSimulator/src/engine/phaseReputationTraits.ts:297:5)
    at phaseReputationTraits (C:/Users/chris/Dev/Projects/TheFantasyWorldSimulator/src/engine/phaseReputationTraits.ts:273:7)
    at runTick (C:/Users/chris/Dev/Projects/TheFantasyWorldSimulator/src/engine/orchestrator.ts:1896:18)
    at C:/Users/chris/Dev/Projects/TheFantasyWorldSimulator/src/engine/__tests__/content-layer1-integration.test.ts:181:17
    at file:///C:/Users/chris/Dev/Projects/TheFantasyWorldSimulator/node_modules/@vitest/runner/dist/index.js:145:11
    at file:///C:/Users/chris/Dev/Projects/TheFantasyWorldSimulator/node_modules/@vitest/runner/dist/index.js:915:26
    at file:///C:/Users/chris/Dev/Projects/TheFantasyWorldSimulator/node_modules/@vitest/runner/dist/index.js:1243:20
    at new Promise (<anonymous>)
    at runWithTimeout (file:///C:/Users/chris/Dev/Projects/TheFantasyWorldSimulator/node_modules/@vitest/runner/dist/index.js:1209:10)
[Orchestrator] Tick crashed, returning previous state: Error: Trait not found: trait.reputation.power.renown
    at assignTrait (C:/Users/chris/Dev/Projects/TheFantasyWorldSimulator/src/engine/traits.ts:44:25)
    at syncReputationTrait (C:/Users/chris/Dev/Projects/TheFantasyWorldSimulator/src/engine/phaseReputationTraits.ts:297:5)
    at phaseReputationTraits (C:/Users/chris/Dev/Projects/TheFantasyWorldSimulator/src/engine/phaseReputationTraits.ts:273:7)
    at runTick (C:/Users/chris/Dev/Projects/TheFantasyWorldSimulator/src/engine/orchestrator.ts:1896:18)
    at C:/Users/chris/Dev/Projects/TheFantasyWorldSimulator/src/engine/__tests__/content-layer1-integration.test.ts:181:17
    at file:///C:/Users/chris/Dev/Projects/TheFantasyWorldSimulator/node_modules/@vitest/runner/dist/index.js:145:11
    at file:///C:/Users/chris/Dev/Projects/TheFantasyWorldSimulator/node_modules/@vitest/runner/dist/index.js:915:26
    at file:///C:/Users/chris/Dev/Projects/TheFantasyWorldSimulator/node_modules/@vitest/runner/dist/index.js:1243:20
    at new Promise (<anonymous>)
    at runWithTimeout (file:///C:/Users/chris/Dev/Projects/TheFantasyWorldSimulator/node_modules/@vitest/runner/dist/index.js:1209:10)
[Orchestrator] Tick crashed, returning previous state: Error: Trait not found: trait.reputation.power.renown
    at assignTrait (C:/Users/chris/Dev/Projects/TheFantasyWorldSimulator/src/engine/traits.ts:44:25)
    at syncReputationTrait (C:/Users/chris/Dev/Projects/TheFantasyWorldSimulator/src/engine/phaseReputationTraits.ts:297:5)
    at phaseReputationTraits (C:/Users/chris/Dev/Projects/TheFantasyWorldSimulator/src/engine/phaseReputationTraits.ts:273:7)
    at runTick (C:/Users/chris/Dev/Projects/TheFantasyWorldSimulator/src/engine/orchestrator.ts:1896:18)
    at C:/Users/chris/Dev/Projects/TheFantasyWorldSimulator/src/engine/__tests__/content-layer1-integration.test.ts:181:17
    at file:///C:/Users/chris/Dev/Projects/TheFantasyWorldSimulator/node_modules/@vitest/runner/dist/index.js:145:11
    at file:///C:/Users/chris/Dev/Projects/TheFantasyWorldSimulator/node_modules/@vitest/runner/dist/index.js:915:26
    at file:///C:/Users/chris/Dev/Projects/TheFantasyWorldSimulator/node_modules/@vitest/runner/dist/index.js:1243:20
    at new Promise (<anonymous>)
    at runWithTimeout (file:///C:/Users/chris/Dev/Projects/TheFantasyWorldSimulator/node_modules/@vitest/runner/dist/index.js:1209:10)
[Orchestrator] Tick crashed, returning previous state: Error: Trait not found: trait.reputation.power.renown
    at assignTrait (C:/Users/chris/Dev/Projects/TheFantasyWorldSimulator/src/engine/traits.ts:44:25)
    at syncReputationTrait (C:/Users/chris/Dev/Projects/TheFantasyWorldSimulator/src/engine/phaseReputationTraits.ts:297:5)
    at phaseReputationTraits (C:/Users/chris/Dev/Projects/TheFantasyWorldSimulator/src/engine/phaseReputationTraits.ts:273:7)
    at runTick (C:/Users/chris/Dev/Projects/TheFantasyWorldSimulator/src/engine/orchestrator.ts:1896:18)
    at C:/Users/chris/Dev/Projects/TheFantasyWorldSimulator/src/engine/__tests__/content-layer1-integration.test.ts:181:17
    at file:///C:/Users/chris/Dev/Projects/TheFantasyWorldSimulator/node_modules/@vitest/runner/dist/index.js:145:11
    at file:///C:/Users/chris/Dev/Projects/TheFantasyWorldSimulator/node_modules/@vitest/runner/dist/index.js:915:26
    at file:///C:/Users/chris/Dev/Projects/TheFantasyWorldSimulator/node_modules/@vitest/runner/dist/index.js:1243:20
    at new Promise (<anonymous>)
    at runWithTimeout (file:///C:/Users/chris/Dev/Projects/TheFantasyWorldSimulator/node_modules/@vitest/runner/dist/index.js:1209:10)
[Orchestrator] Tick crashed, returning previous state: Error: Trait not found: trait.reputation.power.renown
    at assignTrait (C:/Users/chris/Dev/Projects/TheFantasyWorldSimulator/src/engine/traits.ts:44:25)
    at syncReputationTrait (C:/Users/chris/Dev/Projects/TheFantasyWorldSimulator/src/engine/phaseReputationTraits.ts:297:5)
    at phaseReputationTraits (C:/Users/chris/Dev/Projects/TheFantasyWorldSimulator/src/engine/phaseReputationTraits.ts:273:7)
    at runTick (C:/Users/chris/Dev/Projects/TheFantasyWorldSimulator/src/engine/orchestrator.ts:1896:18)
    at C:/Users/chris/Dev/Projects/TheFantasyWorldSimulator/src/engine/__tests__/content-layer1-integration.test.ts:181:17
    at file:///C:/Users/chris/Dev/Projects/TheFantasyWorldSimulator/node_modules/@vitest/runner/dist/index.js:145:11
    at file:///C:/Users/chris/Dev/Projects/TheFantasyWorldSimulator/node_modules/@vitest/runner/dist/index.js:915:26
    at file:///C:/Users/chris/Dev/Projects/TheFantasyWorldSimulator/node_modules/@vitest/runner/dist/index.js:1243:20
    at new Promise (<anonymous>)
    at runWithTimeout (file:///C:/Users/chris/Dev/Projects/TheFantasyWorldSimulator/node_modules/@vitest/runner/dist/index.js:1209:10)
[Orchestrator] Tick crashed, returning previous state: Error: Trait not found: trait.reputation.power.renown
    at assignTrait (C:/Users/chris/Dev/Projects/TheFantasyWorldSimulator/src/engine/traits.ts:44:25)
    at syncReputationTrait (C:/Users/chris/Dev/Projects/TheFantasyWorldSimulator/src/engine/phaseReputationTraits.ts:297:5)
    at phaseReputationTraits (C:/Users/chris/Dev/Projects/TheFantasyWorldSimulator/src/engine/phaseReputationTraits.ts:273:7)
    at runTick (C:/Users/chris/Dev/Projects/TheFantasyWorldSimulator/src/engine/orchestrator.ts:1896:18)
    at C:/Users/chris/Dev/Projects/TheFantasyWorldSimulator/src/engine/__tests__/content-layer1-integration.test.ts:181:17
    at file:///C:/Users/chris/Dev/Projects/TheFantasyWorldSimulator/node_modules/@vitest/runner/dist/index.js:145:11
    at file:///C:/Users/chris/Dev/Projects/TheFantasyWorldSimulator/node_modules/@vitest/runner/dist/index.js:915:26
    at file:///C:/Users/chris/Dev/Projects/TheFantasyWorldSimulator/node_modules/@vitest/runner/dist/index.js:1243:20
    at new Promise (<anonymous>)
    at runWithTimeout (file:///C:/Users/chris/Dev/Projects/TheFantasyWorldSimulator/node_modules/@vitest/runner/dist/index.js:1209:10)
[Orchestrator] Tick crashed, returning previous state: Error: Trait not found: trait.reputation.power.renown
    at assignTrait (C:/Users/chris/Dev/Projects/TheFantasyWorldSimulator/src/engine/traits.ts:44:25)
    at syncReputationTrait (C:/Users/chris/Dev/Projects/TheFantasyWorldSimulator/src/engine/phaseReputationTraits.ts:297:5)
    at phaseReputationTraits (C:/Users/chris/Dev/Projects/TheFantasyWorldSimulator/src/engine/phaseReputationTraits.ts:273:7)
    at runTick (C:/Users/chris/Dev/Projects/TheFantasyWorldSimulator/src/engine/orchestrator.ts:1896:18)
    at C:/Users/chris/Dev/Projects/TheFantasyWorldSimulator/src/engine/__tests__/content-layer1-integration.test.ts:181:17
    at file:///C:/Users/chris/Dev/Projects/TheFantasyWorldSimulator/node_modules/@vitest/runner/dist/index.js:145:11
    at file:///C:/Users/chris/Dev/Projects/TheFantasyWorldSimulator/node_modules/@vitest/runner/dist/index.js:915:26
    at file:///C:/Users/chris/Dev/Projects/TheFantasyWorldSimulator/node_modules/@vitest/runner/dist/index.js:1243:20
    at new Promise (<anonymous>)
    at runWithTimeout (file:///C:/Users/chris/Dev/Projects/TheFantasyWorldSimulator/node_modules/@vitest/runner/dist/index.js:1209:10)
[Orchestrator] Tick crashed, returning previous state: Error: Trait not found: trait.reputation.power.renown
    at assignTrait (C:/Users/chris/Dev/Projects/TheFantasyWorldSimulator/src/engine/traits.ts:44:25)
    at syncReputationTrait (C:/Users/chris/Dev/Projects/TheFantasyWorldSimulator/src/engine/phaseReputationTraits.ts:297:5)
    at phaseReputationTraits (C:/Users/chris/Dev/Projects/TheFantasyWorldSimulator/src/engine/phaseReputationTraits.ts:273:7)
    at runTick (C:/Users/chris/Dev/Projects/TheFantasyWorldSimulator/src/engine/orchestrator.ts:1896:18)
    at C:/Users/chris/Dev/Projects/TheFantasyWorldSimulator/src/engine/__tests__/content-layer1-integration.test.ts:181:17
    at file:///C:/Users/chris/Dev/Projects/TheFantasyWorldSimulator/node_modules/@vitest/runner/dist/index.js:145:11
    at file:///C:/Users/chris/Dev/Projects/TheFantasyWorldSimulator/node_modules/@vitest/runner/dist/index.js:915:26
    at file:///C:/Users/chris/Dev/Projects/TheFantasyWorldSimulator/node_modules/@vitest/runner/dist/index.js:1243:20
    at new Promise (<anonymous>)
    at runWithTimeout (file:///C:/Users/chris/Dev/Projects/TheFantasyWorldSimulator/node_modules/@vitest/runner/dist/index.js:1209:10)
[Orchestrator] Tick crashed, returning previous state: Error: Trait not found: trait.reputation.power.renown
    at assignTrait (C:/Users/chris/Dev/Projects/TheFantasyWorldSimulator/src/engine/traits.ts:44:25)
    at syncReputationTrait (C:/Users/chris/Dev/Projects/TheFantasyWorldSimulator/src/engine/phaseReputationTraits.ts:297:5)
    at phaseReputationTraits (C:/Users/chris/Dev/Projects/TheFantasyWorldSimulator/src/engine/phaseReputationTraits.ts:273:7)
    at runTick (C:/Users/chris/Dev/Projects/TheFantasyWorldSimulator/src/engine/orchestrator.ts:1896:18)
    at C:/Users/chris/Dev/Projects/TheFantasyWorldSimulator/src/engine/__tests__/content-layer1-integration.test.ts:181:17
    at file:///C:/Users/chris/Dev/Projects/TheFantasyWorldSimulator/node_modules/@vitest/runner/dist/index.js:145:11
    at file:///C:/Users/chris/Dev/Projects/TheFantasyWorldSimulator/node_modules/@vitest/runner/dist/index.js:915:26
    at file:///C:/Users/chris/Dev/Projects/TheFantasyWorldSimulator/node_modules/@vitest/runner/dist/index.js:1243:20
    at new Promise (<anonymous>)
    at runWithTimeout (file:///C:/Users/chris/Dev/Projects/TheFantasyWorldSimulator/node_modules/@vitest/runner/dist/index.js:1209:10)
[Orchestrator] Tick crashed, returning previous state: Error: Trait not found: trait.reputation.power.renown
    at assignTrait (C:/Users/chris/Dev/Projects/TheFantasyWorldSimulator/src/engine/traits.ts:44:25)
    at syncReputationTrait (C:/Users/chris/Dev/Projects/TheFantasyWorldSimulator/src/engine/phaseReputationTraits.ts:297:5)
    at phaseReputationTraits (C:/Users/chris/Dev/Projects/TheFantasyWorldSimulator/src/engine/phaseReputationTraits.ts:273:7)
    at runTick (C:/Users/chris/Dev/Projects/TheFantasyWorldSimulator/src/engine/orchestrator.ts:1896:18)
    at C:/Users/chris/Dev/Projects/TheFantasyWorldSimulator/src/engine/__tests__/content-layer1-integration.test.ts:181:17
    at file:///C:/Users/chris/Dev/Projects/TheFantasyWorldSimulator/node_modules/@vitest/runner/dist/index.js:145:11
    at file:///C:/Users/chris/Dev/Projects/TheFantasyWorldSimulator/node_modules/@vitest/runner/dist/index.js:915:26
    at file:///C:/Users/chris/Dev/Projects/TheFantasyWorldSimulator/node_modules/@vitest/runner/dist/index.js:1243:20
    at new Promise (<anonymous>)
    at runWithTimeout (file:///C:/Users/chris/Dev/Projects/TheFantasyWorldSimulator/node_modules/@vitest/runner/dist/index.js:1209:10)
[Orchestrator] Tick crashed, returning previous state: Error: Trait not found: trait.reputation.power.renown
    at assignTrait (C:/Users/chris/Dev/Projects/TheFantasyWorldSimulator/src/engine/traits.ts:44:25)
    at syncReputationTrait (C:/Users/chris/Dev/Projects/TheFantasyWorldSimulator/src/engine/phaseReputationTraits.ts:297:5)
    at phaseReputationTraits (C:/Users/chris/Dev/Projects/TheFantasyWorldSimulator/src/engine/phaseReputationTraits.ts:273:7)
    at runTick (C:/Users/chris/Dev/Projects/TheFantasyWorldSimulator/src/engine/orchestrator.ts:1896:18)
    at C:/Users/chris/Dev/Projects/TheFantasyWorldSimulator/src/engine/__tests__/content-layer1-integration.test.ts:181:17
    at file:///C:/Users/chris/Dev/Projects/TheFantasyWorldSimulator/node_modules/@vitest/runner/dist/index.js:145:11
    at file:///C:/Users/chris/Dev/Projects/TheFantasyWorldSimulator/node_modules/@vitest/runner/dist/index.js:915:26
    at file:///C:/Users/chris/Dev/Projects/TheFantasyWorldSimulator/node_modules/@vitest/runner/dist/index.js:1243:20
    at new Promise (<anonymous>)
    at runWithTimeout (file:///C:/Users/chris/Dev/Projects/TheFantasyWorldSimulator/node_modules/@vitest/runner/dist/index.js:1209:10)
[Orchestrator] Tick crashed, returning previous state: Error: Trait not found: trait.reputation.power.renown
    at assignTrait (C:/Users/chris/Dev/Projects/TheFantasyWorldSimulator/src/engine/traits.ts:44:25)
    at syncReputationTrait (C:/Users/chris/Dev/Projects/TheFantasyWorldSimulator/src/engine/phaseReputationTraits.ts:297:5)
    at phaseReputationTraits (C:/Users/chris/Dev/Projects/TheFantasyWorldSimulator/src/engine/phaseReputationTraits.ts:273:7)
    at runTick (C:/Users/chris/Dev/Projects/TheFantasyWorldSimulator/src/engine/orchestrator.ts:1896:18)
    at C:/Users/chris/Dev/Projects/TheFantasyWorldSimulator/src/engine/__tests__/content-layer1-integration.test.ts:181:17
    at file:///C:/Users/chris/Dev/Projects/TheFantasyWorldSimulator/node_modules/@vitest/runner/dist/index.js:145:11
    at file:///C:/Users/chris/Dev/Projects/TheFantasyWorldSimulator/node_modules/@vitest/runner/dist/index.js:915:26
    at file:///C:/Users/chris/Dev/Projects/TheFantasyWorldSimulator/node_modules/@vitest/runner/dist/index.js:1243:20
    at new Promise (<anonymous>)
    at runWithTimeout (file:///C:/Users/chris/Dev/Projects/TheFantasyWorldSimulator/node_modules/@vitest/runner/dist/index.js:1209:10)
[Orchestrator] Tick crashed, returning previous state: Error: Trait not found: trait.reputation.power.renown
    at assignTrait (C:/Users/chris/Dev/Projects/TheFantasyWorldSimulator/src/engine/traits.ts:44:25)
    at syncReputationTrait (C:/Users/chris/Dev/Projects/TheFantasyWorldSimulator/src/engine/phaseReputationTraits.ts:297:5)
    at phaseReputationTraits (C:/Users/chris/Dev/Projects/TheFantasyWorldSimulator/src/engine/phaseReputationTraits.ts:273:7)
    at runTick (C:/Users/chris/Dev/Projects/TheFantasyWorldSimulator/src/engine/orchestrator.ts:1896:18)
    at C:/Users/chris/Dev/Projects/TheFantasyWorldSimulator/src/engine/__tests__/content-layer1-integration.test.ts:181:17
    at file:///C:/Users/chris/Dev/Projects/TheFantasyWorldSimulator/node_modules/@vitest/runner/dist/index.js:145:11
    at file:///C:/Users/chris/Dev/Projects/TheFantasyWorldSimulator/node_modules/@vitest/runner/dist/index.js:915:26
    at file:///C:/Users/chris/Dev/Projects/TheFantasyWorldSimulator/node_modules/@vitest/runner/dist/index.js:1243:20
    at new Promise (<anonymous>)
    at runWithTimeout (file:///C:/Users/chris/Dev/Projects/TheFantasyWorldSimulator/node_modules/@vitest/runner/dist/index.js:1209:10)
[Orchestrator] Tick crashed, returning previous state: Error: Trait not found: trait.reputation.power.renown
    at assignTrait (C:/Users/chris/Dev/Projects/TheFantasyWorldSimulator/src/engine/traits.ts:44:25)
    at syncReputationTrait (C:/Users/chris/Dev/Projects/TheFantasyWorldSimulator/src/engine/phaseReputationTraits.ts:297:5)
    at phaseReputationTraits (C:/Users/chris/Dev/Projects/TheFantasyWorldSimulator/src/engine/phaseReputationTraits.ts:273:7)
    at runTick (C:/Users/chris/Dev/Projects/TheFantasyWorldSimulator/src/engine/orchestrator.ts:1896:18)
    at C:/Users/chris/Dev/Projects/TheFantasyWorldSimulator/src/engine/__tests__/content-layer1-integration.test.ts:181:17
    at file:///C:/Users/chris/Dev/Projects/TheFantasyWorldSimulator/node_modules/@vitest/runner/dist/index.js:145:11
    at file:///C:/Users/chris/Dev/Projects/TheFantasyWorldSimulator/node_modules/@vitest/runner/dist/index.js:915:26
    at file:///C:/Users/chris/Dev/Projects/TheFantasyWorldSimulator/node_modules/@vitest/runner/dist/index.js:1243:20
    at new Promise (<anonymous>)
    at runWithTimeout (file:///C:/Users/chris/Dev/Projects/TheFantasyWorldSimulator/node_modules/@vitest/runner/dist/index.js:1209:10)
[Orchestrator] Tick crashed, returning previous state: Error: Trait not found: trait.reputation.power.renown
    at assignTrait (C:/Users/chris/Dev/Projects/TheFantasyWorldSimulator/src/engine/traits.ts:44:25)
    at syncReputationTrait (C:/Users/chris/Dev/Projects/TheFantasyWorldSimulator/src/engine/phaseReputationTraits.ts:297:5)
    at phaseReputationTraits (C:/Users/chris/Dev/Projects/TheFantasyWorldSimulator/src/engine/phaseReputationTraits.ts:273:7)
    at runTick (C:/Users/chris/Dev/Projects/TheFantasyWorldSimulator/src/engine/orchestrator.ts:1896:18)
    at C:/Users/chris/Dev/Projects/TheFantasyWorldSimulator/src/engine/__tests__/content-layer1-integration.test.ts:181:17
    at file:///C:/Users/chris/Dev/Projects/TheFantasyWorldSimulator/node_modules/@vitest/runner/dist/index.js:145:11
    at file:///C:/Users/chris/Dev/Projects/TheFantasyWorldSimulator/node_modules/@vitest/runner/dist/index.js:915:26
    at file:///C:/Users/chris/Dev/Projects/TheFantasyWorldSimulator/node_modules/@vitest/runner/dist/index.js:1243:20
    at new Promise (<anonymous>)
    at runWithTimeout (file:///C:/Users/chris/Dev/Projects/TheFantasyWorldSimulator/node_modules/@vitest/runner/dist/index.js:1209:10)
[Orchestrator] Tick crashed, returning previous state: Error: Trait not found: trait.reputation.power.renown
    at assignTrait (C:/Users/chris/Dev/Projects/TheFantasyWorldSimulator/src/engine/traits.ts:44:25)
    at syncReputationTrait (C:/Users/chris/Dev/Projects/TheFantasyWorldSimulator/src/engine/phaseReputationTraits.ts:297:5)
    at phaseReputationTraits (C:/Users/chris/Dev/Projects/TheFantasyWorldSimulator/src/engine/phaseReputationTraits.ts:273:7)
    at runTick (C:/Users/chris/Dev/Projects/TheFantasyWorldSimulator/src/engine/orchestrator.ts:1896:18)
    at C:/Users/chris/Dev/Projects/TheFantasyWorldSimulator/src/engine/__tests__/content-layer1-integration.test.ts:181:17
    at file:///C:/Users/chris/Dev/Projects/TheFantasyWorldSimulator/node_modules/@vitest/runner/dist/index.js:145:11
    at file:///C:/Users/chris/Dev/Projects/TheFantasyWorldSimulator/node_modules/@vitest/runner/dist/index.js:915:26
    at file:///C:/Users/chris/Dev/Projects/TheFantasyWorldSimulator/node_modules/@vitest/runner/dist/index.js:1243:20
    at new Promise (<anonymous>)
    at runWithTimeout (file:///C:/Users/chris/Dev/Projects/TheFantasyWorldSimulator/node_modules/@vitest/runner/dist/index.js:1209:10)
[Orchestrator] Tick crashed, returning previous state: Error: Trait not found: trait.reputation.power.renown
    at assignTrait (C:/Users/chris/Dev/Projects/TheFantasyWorldSimulator/src/engine/traits.ts:44:25)
    at syncReputationTrait (C:/Users/chris/Dev/Projects/TheFantasyWorldSimulator/src/engine/phaseReputationTraits.ts:297:5)
    at phaseReputationTraits (C:/Users/chris/Dev/Projects/TheFantasyWorldSimulator/src/engine/phaseReputationTraits.ts:273:7)
    at runTick (C:/Users/chris/Dev/Projects/TheFantasyWorldSimulator/src/engine/orchestrator.ts:1896:18)
    at C:/Users/chris/Dev/Projects/TheFantasyWorldSimulator/src/engine/__tests__/content-layer1-integration.test.ts:181:17
    at file:///C:/Users/chris/Dev/Projects/TheFantasyWorldSimulator/node_modules/@vitest/runner/dist/index.js:145:11
    at file:///C:/Users/chris/Dev/Projects/TheFantasyWorldSimulator/node_modules/@vitest/runner/dist/index.js:915:26
    at file:///C:/Users/chris/Dev/Projects/TheFantasyWorldSimulator/node_modules/@vitest/runner/dist/index.js:1243:20
    at new Promise (<anonymous>)
    at runWithTimeout (file:///C:/Users/chris/Dev/Projects/TheFantasyWorldSimulator/node_modules/@vitest/runner/dist/index.js:1209:10)
[Orchestrator] Tick crashed, returning previous state: Error: Trait not found: trait.reputation.power.renown
    at assignTrait (C:/Users/chris/Dev/Projects/TheFantasyWorldSimulator/src/engine/traits.ts:44:25)
    at syncReputationTrait (C:/Users/chris/Dev/Projects/TheFantasyWorldSimulator/src/engine/phaseReputationTraits.ts:297:5)
    at phaseReputationTraits (C:/Users/chris/Dev/Projects/TheFantasyWorldSimulator/src/engine/phaseReputationTraits.ts:273:7)
    at runTick (C:/Users/chris/Dev/Projects/TheFantasyWorldSimulator/src/engine/orchestrator.ts:1896:18)
    at C:/Users/chris/Dev/Projects/TheFantasyWorldSimulator/src/engine/__tests__/content-layer1-integration.test.ts:181:17
    at file:///C:/Users/chris/Dev/Projects/TheFantasyWorldSimulator/node_modules/@vitest/runner/dist/index.js:145:11
    at file:///C:/Users/chris/Dev/Projects/TheFantasyWorldSimulator/node_modules/@vitest/runner/dist/index.js:915:26
    at file:///C:/Users/chris/Dev/Projects/TheFantasyWorldSimulator/node_modules/@vitest/runner/dist/index.js:1243:20
    at new Promise (<anonymous>)
    at runWithTimeout (file:///C:/Users/chris/Dev/Projects/TheFantasyWorldSimulator/node_modules/@vitest/runner/dist/index.js:1209:10)
[Orchestrator] Tick crashed, returning previous state: Error: Trait not found: trait.reputation.power.renown
    at assignTrait (C:/Users/chris/Dev/Projects/TheFantasyWorldSimulator/src/engine/traits.ts:44:25)
    at syncReputationTrait (C:/Users/chris/Dev/Projects/TheFantasyWorldSimulator/src/engine/phaseReputationTraits.ts:297:5)
    at phaseReputationTraits (C:/Users/chris/Dev/Projects/TheFantasyWorldSimulator/src/engine/phaseReputationTraits.ts:273:7)
    at runTick (C:/Users/chris/Dev/Projects/TheFantasyWorldSimulator/src/engine/orchestrator.ts:1896:18)
    at C:/Users/chris/Dev/Projects/TheFantasyWorldSimulator/src/engine/__tests__/content-layer1-integration.test.ts:181:17
    at file:///C:/Users/chris/Dev/Projects/TheFantasyWorldSimulator/node_modules/@vitest/runner/dist/index.js:145:11
    at file:///C:/Users/chris/Dev/Projects/TheFantasyWorldSimulator/node_modules/@vitest/runner/dist/index.js:915:26
    at file:///C:/Users/chris/Dev/Projects/TheFantasyWorldSimulator/node_modules/@vitest/runner/dist/index.js:1243:20
    at new Promise (<anonymous>)
    at runWithTimeout (file:///C:/Users/chris/Dev/Projects/TheFantasyWorldSimulator/node_modules/@vitest/runner/dist/index.js:1209:10)
[Orchestrator] Tick crashed, returning previous state: Error: Trait not found: trait.reputation.power.renown
    at assignTrait (C:/Users/chris/Dev/Projects/TheFantasyWorldSimulator/src/engine/traits.ts:44:25)
    at syncReputationTrait (C:/Users/chris/Dev/Projects/TheFantasyWorldSimulator/src/engine/phaseReputationTraits.ts:297:5)
    at phaseReputationTraits (C:/Users/chris/Dev/Projects/TheFantasyWorldSimulator/src/engine/phaseReputationTraits.ts:273:7)
    at runTick (C:/Users/chris/Dev/Projects/TheFantasyWorldSimulator/src/engine/orchestrator.ts:1896:18)
    at C:/Users/chris/Dev/Projects/TheFantasyWorldSimulator/src/engine/__tests__/content-layer1-integration.test.ts:181:17
    at file:///C:/Users/chris/Dev/Projects/TheFantasyWorldSimulator/node_modules/@vitest/runner/dist/index.js:145:11
    at file:///C:/Users/chris/Dev/Projects/TheFantasyWorldSimulator/node_modules/@vitest/runner/dist/index.js:915:26
    at file:///C:/Users/chris/Dev/Projects/TheFantasyWorldSimulator/node_modules/@vitest/runner/dist/index.js:1243:20
    at new Promise (<anonymous>)
    at runWithTimeout (file:///C:/Users/chris/Dev/Projects/TheFantasyWorldSimulator/node_modules/@vitest/runner/dist/index.js:1209:10)
[Orchestrator] Tick crashed, returning previous state: Error: Trait not found: trait.reputation.power.renown
    at assignTrait (C:/Users/chris/Dev/Projects/TheFantasyWorldSimulator/src/engine/traits.ts:44:25)
    at syncReputationTrait (C:/Users/chris/Dev/Projects/TheFantasyWorldSimulator/src/engine/phaseReputationTraits.ts:297:5)
    at phaseReputationTraits (C:/Users/chris/Dev/Projects/TheFantasyWorldSimulator/src/engine/phaseReputationTraits.ts:273:7)
    at runTick (C:/Users/chris/Dev/Projects/TheFantasyWorldSimulator/src/engine/orchestrator.ts:1896:18)
    at C:/Users/chris/Dev/Projects/TheFantasyWorldSimulator/src/engine/__tests__/content-layer1-integration.test.ts:181:17
    at file:///C:/Users/chris/Dev/Projects/TheFantasyWorldSimulator/node_modules/@vitest/runner/dist/index.js:145:11
    at file:///C:/Users/chris/Dev/Projects/TheFantasyWorldSimulator/node_modules/@vitest/runner/dist/index.js:915:26
    at file:///C:/Users/chris/Dev/Projects/TheFantasyWorldSimulator/node_modules/@vitest/runner/dist/index.js:1243:20
    at new Promise (<anonymous>)
    at runWithTimeout (file:///C:/Users/chris/Dev/Projects/TheFantasyWorldSimulator/node_modules/@vitest/runner/dist/index.js:1209:10)
[Orchestrator] Tick crashed, returning previous state: Error: Trait not found: trait.reputation.power.renown
    at assignTrait (C:/Users/chris/Dev/Projects/TheFantasyWorldSimulator/src/engine/traits.ts:44:25)
    at syncReputationTrait (C:/Users/chris/Dev/Projects/TheFantasyWorldSimulator/src/engine/phaseReputationTraits.ts:297:5)
    at phaseReputationTraits (C:/Users/chris/Dev/Projects/TheFantasyWorldSimulator/src/engine/phaseReputationTraits.ts:273:7)
    at runTick (C:/Users/chris/Dev/Projects/TheFantasyWorldSimulator/src/engine/orchestrator.ts:1896:18)
    at C:/Users/chris/Dev/Projects/TheFantasyWorldSimulator/src/engine/__tests__/content-layer1-integration.test.ts:181:17
    at file:///C:/Users/chris/Dev/Projects/TheFantasyWorldSimulator/node_modules/@vitest/runner/dist/index.js:145:11
    at file:///C:/Users/chris/Dev/Projects/TheFantasyWorldSimulator/node_modules/@vitest/runner/dist/index.js:915:26
    at file:///C:/Users/chris/Dev/Projects/TheFantasyWorldSimulator/node_modules/@vitest/runner/dist/index.js:1243:20
    at new Promise (<anonymous>)
    at runWithTimeout (file:///C:/Users/chris/Dev/Projects/TheFantasyWorldSimulator/node_modules/@vitest/runner/dist/index.js:1209:10)
[Orchestrator] Tick crashed, returning previous state: Error: Trait not found: trait.reputation.power.renown
    at assignTrait (C:/Users/chris/Dev/Projects/TheFantasyWorldSimulator/src/engine/traits.ts:44:25)
    at syncReputationTrait (C:/Users/chris/Dev/Projects/TheFantasyWorldSimulator/src/engine/phaseReputationTraits.ts:297:5)
    at phaseReputationTraits (C:/Users/chris/Dev/Projects/TheFantasyWorldSimulator/src/engine/phaseReputationTraits.ts:273:7)
    at runTick (C:/Users/chris/Dev/Projects/TheFantasyWorldSimulator/src/engine/orchestrator.ts:1896:18)
    at C:/Users/chris/Dev/Projects/TheFantasyWorldSimulator/src/engine/__tests__/content-layer1-integration.test.ts:181:17
    at file:///C:/Users/chris/Dev/Projects/TheFantasyWorldSimulator/node_modules/@vitest/runner/dist/index.js:145:11
    at file:///C:/Users/chris/Dev/Projects/TheFantasyWorldSimulator/node_modules/@vitest/runner/dist/index.js:915:26
    at file:///C:/Users/chris/Dev/Projects/TheFantasyWorldSimulator/node_modules/@vitest/runner/dist/index.js:1243:20
    at new Promise (<anonymous>)
    at runWithTimeout (file:///C:/Users/chris/Dev/Projects/TheFantasyWorldSimulator/node_modules/@vitest/runner/dist/index.js:1209:10)
[Orchestrator] Tick crashed, returning previous state: Error: Trait not found: trait.reputation.power.renown
    at assignTrait (C:/Users/chris/Dev/Projects/TheFantasyWorldSimulator/src/engine/traits.ts:44:25)
    at syncReputationTrait (C:/Users/chris/Dev/Projects/TheFantasyWorldSimulator/src/engine/phaseReputationTraits.ts:297:5)
    at phaseReputationTraits (C:/Users/chris/Dev/Projects/TheFantasyWorldSimulator/src/engine/phaseReputationTraits.ts:273:7)
    at runTick (C:/Users/chris/Dev/Projects/TheFantasyWorldSimulator/src/engine/orchestrator.ts:1896:18)
    at C:/Users/chris/Dev/Projects/TheFantasyWorldSimulator/src/engine/__tests__/content-layer1-integration.test.ts:181:17
    at file:///C:/Users/chris/Dev/Projects/TheFantasyWorldSimulator/node_modules/@vitest/runner/dist/index.js:145:11
    at file:///C:/Users/chris/Dev/Projects/TheFantasyWorldSimulator/node_modules/@vitest/runner/dist/index.js:915:26
    at file:///C:/Users/chris/Dev/Projects/TheFantasyWorldSimulator/node_modules/@vitest/runner/dist/index.js:1243:20
    at new Promise (<anonymous>)
    at runWithTimeout (file:///C:/Users/chris/Dev/Projects/TheFantasyWorldSimulator/node_modules/@vitest/runner/dist/index.js:1209:10)
[Orchestrator] Tick crashed, returning previous state: Error: Trait not found: trait.reputation.power.renown
    at assignTrait (C:/Users/chris/Dev/Projects/TheFantasyWorldSimulator/src/engine/traits.ts:44:25)
    at syncReputationTrait (C:/Users/chris/Dev/Projects/TheFantasyWorldSimulator/src/engine/phaseReputationTraits.ts:297:5)
    at phaseReputationTraits (C:/Users/chris/Dev/Projects/TheFantasyWorldSimulator/src/engine/phaseReputationTraits.ts:273:7)
    at runTick (C:/Users/chris/Dev/Projects/TheFantasyWorldSimulator/src/engine/orchestrator.ts:1896:18)
    at C:/Users/chris/Dev/Projects/TheFantasyWorldSimulator/src/engine/__tests__/content-layer1-integration.test.ts:181:17
    at file:///C:/Users/chris/Dev/Projects/TheFantasyWorldSimulator/node_modules/@vitest/runner/dist/index.js:145:11
    at file:///C:/Users/chris/Dev/Projects/TheFantasyWorldSimulator/node_modules/@vitest/runner/dist/index.js:915:26
    at file:///C:/Users/chris/Dev/Projects/TheFantasyWorldSimulator/node_modules/@vitest/runner/dist/index.js:1243:20
    at new Promise (<anonymous>)
    at runWithTimeout (file:///C:/Users/chris/Dev/Projects/TheFantasyWorldSimulator/node_modules/@vitest/runner/dist/index.js:1209:10)
[Orchestrator] Tick crashed, returning previous state: Error: Trait not found: trait.reputation.power.renown
    at assignTrait (C:/Users/chris/Dev/Projects/TheFantasyWorldSimulator/src/engine/traits.ts:44:25)
    at syncReputationTrait (C:/Users/chris/Dev/Projects/TheFantasyWorldSimulator/src/engine/phaseReputationTraits.ts:297:5)
    at phaseReputationTraits (C:/Users/chris/Dev/Projects/TheFantasyWorldSimulator/src/engine/phaseReputationTraits.ts:273:7)
    at runTick (C:/Users/chris/Dev/Projects/TheFantasyWorldSimulator/src/engine/orchestrator.ts:1896:18)
    at C:/Users/chris/Dev/Projects/TheFantasyWorldSimulator/src/engine/__tests__/content-layer1-integration.test.ts:181:17
    at file:///C:/Users/chris/Dev/Projects/TheFantasyWorldSimulator/node_modules/@vitest/runner/dist/index.js:145:11
    at file:///C:/Users/chris/Dev/Projects/TheFantasyWorldSimulator/node_modules/@vitest/runner/dist/index.js:915:26
    at file:///C:/Users/chris/Dev/Projects/TheFantasyWorldSimulator/node_modules/@vitest/runner/dist/index.js:1243:20
    at new Promise (<anonymous>)
    at runWithTimeout (file:///C:/Users/chris/Dev/Projects/TheFantasyWorldSimulator/node_modules/@vitest/runner/dist/index.js:1209:10)
[Orchestrator] Tick crashed, returning previous state: Error: Trait not found: trait.reputation.power.renown
    at assignTrait (C:/Users/chris/Dev/Projects/TheFantasyWorldSimulator/src/engine/traits.ts:44:25)
    at syncReputationTrait (C:/Users/chris/Dev/Projects/TheFantasyWorldSimulator/src/engine/phaseReputationTraits.ts:297:5)
    at phaseReputationTraits (C:/Users/chris/Dev/Projects/TheFantasyWorldSimulator/src/engine/phaseReputationTraits.ts:273:7)
    at runTick (C:/Users/chris/Dev/Projects/TheFantasyWorldSimulator/src/engine/orchestrator.ts:1896:18)
    at C:/Users/chris/Dev/Projects/TheFantasyWorldSimulator/src/engine/__tests__/content-layer1-integration.test.ts:181:17
    at file:///C:/Users/chris/Dev/Projects/TheFantasyWorldSimulator/node_modules/@vitest/runner/dist/index.js:145:11
    at file:///C:/Users/chris/Dev/Projects/TheFantasyWorldSimulator/node_modules/@vitest/runner/dist/index.js:915:26
    at file:///C:/Users/chris/Dev/Projects/TheFantasyWorldSimulator/node_modules/@vitest/runner/dist/index.js:1243:20
    at new Promise (<anonymous>)
    at runWithTimeout (file:///C:/Users/chris/Dev/Projects/TheFantasyWorldSimulator/node_modules/@vitest/runner/dist/index.js:1209:10)
[Orchestrator] Tick crashed, returning previous state: Error: Trait not found: trait.reputation.power.renown
    at assignTrait (C:/Users/chris/Dev/Projects/TheFantasyWorldSimulator/src/engine/traits.ts:44:25)
    at syncReputationTrait (C:/Users/chris/Dev/Projects/TheFantasyWorldSimulator/src/engine/phaseReputationTraits.ts:297:5)
    at phaseReputationTraits (C:/Users/chris/Dev/Projects/TheFantasyWorldSimulator/src/engine/phaseReputationTraits.ts:273:7)
    at runTick (C:/Users/chris/Dev/Projects/TheFantasyWorldSimulator/src/engine/orchestrator.ts:1896:18)
    at C:/Users/chris/Dev/Projects/TheFantasyWorldSimulator/src/engine/__tests__/content-layer1-integration.test.ts:181:17
    at file:///C:/Users/chris/Dev/Projects/TheFantasyWorldSimulator/node_modules/@vitest/runner/dist/index.js:145:11
    at file:///C:/Users/chris/Dev/Projects/TheFantasyWorldSimulator/node_modules/@vitest/runner/dist/index.js:915:26
    at file:///C:/Users/chris/Dev/Projects/TheFantasyWorldSimulator/node_modules/@vitest/runner/dist/index.js:1243:20
    at new Promise (<anonymous>)
    at runWithTimeout (file:///C:/Users/chris/Dev/Projects/TheFantasyWorldSimulator/node_modules/@vitest/runner/dist/index.js:1209:10)
[Orchestrator] Tick crashed, returning previous state: Error: Trait not found: trait.reputation.power.renown
    at assignTrait (C:/Users/chris/Dev/Projects/TheFantasyWorldSimulator/src/engine/traits.ts:44:25)
    at syncReputationTrait (C:/Users/chris/Dev/Projects/TheFantasyWorldSimulator/src/engine/phaseReputationTraits.ts:297:5)
    at phaseReputationTraits (C:/Users/chris/Dev/Projects/TheFantasyWorldSimulator/src/engine/phaseReputationTraits.ts:273:7)
    at runTick (C:/Users/chris/Dev/Projects/TheFantasyWorldSimulator/src/engine/orchestrator.ts:1896:18)
    at C:/Users/chris/Dev/Projects/TheFantasyWorldSimulator/src/engine/__tests__/content-layer1-integration.test.ts:181:17
    at file:///C:/Users/chris/Dev/Projects/TheFantasyWorldSimulator/node_modules/@vitest/runner/dist/index.js:145:11
    at file:///C:/Users/chris/Dev/Projects/TheFantasyWorldSimulator/node_modules/@vitest/runner/dist/index.js:915:26
    at file:///C:/Users/chris/Dev/Projects/TheFantasyWorldSimulator/node_modules/@vitest/runner/dist/index.js:1243:20
    at new Promise (<anonymous>)
    at runWithTimeout (file:///C:/Users/chris/Dev/Projects/TheFantasyWorldSimulator/node_modules/@vitest/runner/dist/index.js:1209:10)
[Orchestrator] Tick crashed, returning previous state: Error: Trait not found: trait.reputation.power.renown
    at assignTrait (C:/Users/chris/Dev/Projects/TheFantasyWorldSimulator/src/engine/traits.ts:44:25)
    at syncReputationTrait (C:/Users/chris/Dev/Projects/TheFantasyWorldSimulator/src/engine/phaseReputationTraits.ts:297:5)
    at phaseReputationTraits (C:/Users/chris/Dev/Projects/TheFantasyWorldSimulator/src/engine/phaseReputationTraits.ts:273:7)
    at runTick (C:/Users/chris/Dev/Projects/TheFantasyWorldSimulator/src/engine/orchestrator.ts:1896:18)
    at C:/Users/chris/Dev/Projects/TheFantasyWorldSimulator/src/engine/__tests__/content-layer1-integration.test.ts:181:17
    at file:///C:/Users/chris/Dev/Projects/TheFantasyWorldSimulator/node_modules/@vitest/runner/dist/index.js:145:11
    at file:///C:/Users/chris/Dev/Projects/TheFantasyWorldSimulator/node_modules/@vitest/runner/dist/index.js:915:26
    at file:///C:/Users/chris/Dev/Projects/TheFantasyWorldSimulator/node_modules/@vitest/runner/dist/index.js:1243:20
    at new Promise (<anonymous>)
    at runWithTimeout (file:///C:/Users/chris/Dev/Projects/TheFantasyWorldSimulator/node_modules/@vitest/runner/dist/index.js:1209:10)
[Orchestrator] Tick crashed, returning previous state: Error: Trait not found: trait.reputation.power.renown
    at assignTrait (C:/Users/chris/Dev/Projects/TheFantasyWorldSimulator/src/engine/traits.ts:44:25)
    at syncReputationTrait (C:/Users/chris/Dev/Projects/TheFantasyWorldSimulator/src/engine/phaseReputationTraits.ts:297:5)
    at phaseReputationTraits (C:/Users/chris/Dev/Projects/TheFantasyWorldSimulator/src/engine/phaseReputationTraits.ts:273:7)
    at runTick (C:/Users/chris/Dev/Projects/TheFantasyWorldSimulator/src/engine/orchestrator.ts:1896:18)
    at C:/Users/chris/Dev/Projects/TheFantasyWorldSimulator/src/engine/__tests__/content-layer1-integration.test.ts:181:17
    at file:///C:/Users/chris/Dev/Projects/TheFantasyWorldSimulator/node_modules/@vitest/runner/dist/index.js:145:11
    at file:///C:/Users/chris/Dev/Projects/TheFantasyWorldSimulator/node_modules/@vitest/runner/dist/index.js:915:26
    at file:///C:/Users/chris/Dev/Projects/TheFantasyWorldSimulator/node_modules/@vitest/runner/dist/index.js:1243:20
    at new Promise (<anonymous>)
    at runWithTimeout (file:///C:/Users/chris/Dev/Projects/TheFantasyWorldSimulator/node_modules/@vitest/runner/dist/index.js:1209:10)
[Orchestrator] Tick crashed, returning previous state: Error: Trait not found: trait.reputation.power.renown
    at assignTrait (C:/Users/chris/Dev/Projects/TheFantasyWorldSimulator/src/engine/traits.ts:44:25)
    at syncReputationTrait (C:/Users/chris/Dev/Projects/TheFantasyWorldSimulator/src/engine/phaseReputationTraits.ts:297:5)
    at phaseReputationTraits (C:/Users/chris/Dev/Projects/TheFantasyWorldSimulator/src/engine/phaseReputationTraits.ts:273:7)
    at runTick (C:/Users/chris/Dev/Projects/TheFantasyWorldSimulator/src/engine/orchestrator.ts:1896:18)
    at C:/Users/chris/Dev/Projects/TheFantasyWorldSimulator/src/engine/__tests__/content-layer1-integration.test.ts:181:17
    at file:///C:/Users/chris/Dev/Projects/TheFantasyWorldSimulator/node_modules/@vitest/runner/dist/index.js:145:11
    at file:///C:/Users/chris/Dev/Projects/TheFantasyWorldSimulator/node_modules/@vitest/runner/dist/index.js:915:26
    at file:///C:/Users/chris/Dev/Projects/TheFantasyWorldSimulator/node_modules/@vitest/runner/dist/index.js:1243:20
    at new Promise (<anonymous>)
    at runWithTimeout (file:///C:/Users/chris/Dev/Projects/TheFantasyWorldSimulator/node_modules/@vitest/runner/dist/index.js:1209:10)
[Orchestrator] Tick crashed, returning previous state: Error: Trait not found: trait.reputation.power.renown
    at assignTrait (C:/Users/chris/Dev/Projects/TheFantasyWorldSimulator/src/engine/traits.ts:44:25)
    at syncReputationTrait (C:/Users/chris/Dev/Projects/TheFantasyWorldSimulator/src/engine/phaseReputationTraits.ts:297:5)
    at phaseReputationTraits (C:/Users/chris/Dev/Projects/TheFantasyWorldSimulator/src/engine/phaseReputationTraits.ts:273:7)
    at runTick (C:/Users/chris/Dev/Projects/TheFantasyWorldSimulator/src/engine/orchestrator.ts:1896:18)
    at C:/Users/chris/Dev/Projects/TheFantasyWorldSimulator/src/engine/__tests__/content-layer1-integration.test.ts:181:17
    at file:///C:/Users/chris/Dev/Projects/TheFantasyWorldSimulator/node_modules/@vitest/runner/dist/index.js:145:11
    at file:///C:/Users/chris/Dev/Projects/TheFantasyWorldSimulator/node_modules/@vitest/runner/dist/index.js:915:26
    at file:///C:/Users/chris/Dev/Projects/TheFantasyWorldSimulator/node_modules/@vitest/runner/dist/index.js:1243:20
    at new Promise (<anonymous>)
    at runWithTimeout (file:///C:/Users/chris/Dev/Projects/TheFantasyWorldSimulator/node_modules/@vitest/runner/dist/index.js:1209:10)
[Orchestrator] Tick crashed, returning previous state: Error: Trait not found: trait.reputation.power.renown
    at assignTrait (C:/Users/chris/Dev/Projects/TheFantasyWorldSimulator/src/engine/traits.ts:44:25)
    at syncReputationTrait (C:/Users/chris/Dev/Projects/TheFantasyWorldSimulator/src/engine/phaseReputationTraits.ts:297:5)
    at phaseReputationTraits (C:/Users/chris/Dev/Projects/TheFantasyWorldSimulator/src/engine/phaseReputationTraits.ts:273:7)
    at runTick (C:/Users/chris/Dev/Projects/TheFantasyWorldSimulator/src/engine/orchestrator.ts:1896:18)
    at C:/Users/chris/Dev/Projects/TheFantasyWorldSimulator/src/engine/__tests__/content-layer1-integration.test.ts:181:17
    at file:///C:/Users/chris/Dev/Projects/TheFantasyWorldSimulator/node_modules/@vitest/runner/dist/index.js:145:11
    at file:///C:/Users/chris/Dev/Projects/TheFantasyWorldSimulator/node_modules/@vitest/runner/dist/index.js:915:26
    at file:///C:/Users/chris/Dev/Projects/TheFantasyWorldSimulator/node_modules/@vitest/runner/dist/index.js:1243:20
    at new Promise (<anonymous>)
    at runWithTimeout (file:///C:/Users/chris/Dev/Projects/TheFantasyWorldSimulator/node_modules/@vitest/runner/dist/index.js:1209:10)
[Orchestrator] Tick crashed, returning previous state: Error: Trait not found: trait.reputation.power.renown
    at assignTrait (C:/Users/chris/Dev/Projects/TheFantasyWorldSimulator/src/engine/traits.ts:44:25)
    at syncReputationTrait (C:/Users/chris/Dev/Projects/TheFantasyWorldSimulator/src/engine/phaseReputationTraits.ts:297:5)
    at phaseReputationTraits (C:/Users/chris/Dev/Projects/TheFantasyWorldSimulator/src/engine/phaseReputationTraits.ts:273:7)
    at runTick (C:/Users/chris/Dev/Projects/TheFantasyWorldSimulator/src/engine/orchestrator.ts:1896:18)
    at C:/Users/chris/Dev/Projects/TheFantasyWorldSimulator/src/engine/__tests__/content-layer1-integration.test.ts:181:17
    at file:///C:/Users/chris/Dev/Projects/TheFantasyWorldSimulator/node_modules/@vitest/runner/dist/index.js:145:11
    at file:///C:/Users/chris/Dev/Projects/TheFantasyWorldSimulator/node_modules/@vitest/runner/dist/index.js:915:26
    at file:///C:/Users/chris/Dev/Projects/TheFantasyWorldSimulator/node_modules/@vitest/runner/dist/index.js:1243:20
    at new Promise (<anonymous>)
    at runWithTimeout (file:///C:/Users/chris/Dev/Projects/TheFantasyWorldSimulator/node_modules/@vitest/runner/dist/index.js:1209:10)
[Orchestrator] Tick crashed, returning previous state: Error: Trait not found: trait.reputation.power.renown
    at assignTrait (C:/Users/chris/Dev/Projects/TheFantasyWorldSimulator/src/engine/traits.ts:44:25)
    at syncReputationTrait (C:/Users/chris/Dev/Projects/TheFantasyWorldSimulator/src/engine/phaseReputationTraits.ts:297:5)
    at phaseReputationTraits (C:/Users/chris/Dev/Projects/TheFantasyWorldSimulator/src/engine/phaseReputationTraits.ts:273:7)
    at runTick (C:/Users/chris/Dev/Projects/TheFantasyWorldSimulator/src/engine/orchestrator.ts:1896:18)
    at C:/Users/chris/Dev/Projects/TheFantasyWorldSimulator/src/engine/__tests__/content-layer1-integration.test.ts:181:17
    at file:///C:/Users/chris/Dev/Projects/TheFantasyWorldSimulator/node_modules/@vitest/runner/dist/index.js:145:11
    at file:///C:/Users/chris/Dev/Projects/TheFantasyWorldSimulator/node_modules/@vitest/runner/dist/index.js:915:26
    at file:///C:/Users/chris/Dev/Projects/TheFantasyWorldSimulator/node_modules/@vitest/runner/dist/index.js:1243:20
    at new Promise (<anonymous>)
    at runWithTimeout (file:///C:/Users/chris/Dev/Projects/TheFantasyWorldSimulator/node_modules/@vitest/runner/dist/index.js:1209:10)
[Orchestrator] Tick crashed, returning previous state: Error: Trait not found: trait.reputation.power.renown
    at assignTrait (C:/Users/chris/Dev/Projects/TheFantasyWorldSimulator/src/engine/traits.ts:44:25)
    at syncReputationTrait (C:/Users/chris/Dev/Projects/TheFantasyWorldSimulator/src/engine/phaseReputationTraits.ts:297:5)
    at phaseReputationTraits (C:/Users/chris/Dev/Projects/TheFantasyWorldSimulator/src/engine/phaseReputationTraits.ts:273:7)
    at runTick (C:/Users/chris/Dev/Projects/TheFantasyWorldSimulator/src/engine/orchestrator.ts:1896:18)
    at C:/Users/chris/Dev/Projects/TheFantasyWorldSimulator/src/engine/__tests__/content-layer1-integration.test.ts:181:17
    at file:///C:/Users/chris/Dev/Projects/TheFantasyWorldSimulator/node_modules/@vitest/runner/dist/index.js:145:11
    at file:///C:/Users/chris/Dev/Projects/TheFantasyWorldSimulator/node_modules/@vitest/runner/dist/index.js:915:26
    at file:///C:/Users/chris/Dev/Projects/TheFantasyWorldSimulator/node_modules/@vitest/runner/dist/index.js:1243:20
    at new Promise (<anonymous>)
    at runWithTimeout (file:///C:/Users/chris/Dev/Projects/TheFantasyWorldSimulator/node_modules/@vitest/runner/dist/index.js:1209:10)
[Orchestrator] Tick crashed, returning previous state: Error: Trait not found: trait.reputation.power.renown
    at assignTrait (C:/Users/chris/Dev/Projects/TheFantasyWorldSimulator/src/engine/traits.ts:44:25)
    at syncReputationTrait (C:/Users/chris/Dev/Projects/TheFantasyWorldSimulator/src/engine/phaseReputationTraits.ts:297:5)
    at phaseReputationTraits (C:/Users/chris/Dev/Projects/TheFantasyWorldSimulator/src/engine/phaseReputationTraits.ts:273:7)
    at runTick (C:/Users/chris/Dev/Projects/TheFantasyWorldSimulator/src/engine/orchestrator.ts:1896:18)
    at C:/Users/chris/Dev/Projects/TheFantasyWorldSimulator/src/engine/__tests__/content-layer1-integration.test.ts:181:17
    at file:///C:/Users/chris/Dev/Projects/TheFantasyWorldSimulator/node_modules/@vitest/runner/dist/index.js:145:11
    at file:///C:/Users/chris/Dev/Projects/TheFantasyWorldSimulator/node_modules/@vitest/runner/dist/index.js:915:26
    at file:///C:/Users/chris/Dev/Projects/TheFantasyWorldSimulator/node_modules/@vitest/runner/dist/index.js:1243:20
    at new Promise (<anonymous>)
    at runWithTimeout (file:///C:/Users/chris/Dev/Projects/TheFantasyWorldSimulator/node_modules/@vitest/runner/dist/index.js:1209:10)
[Orchestrator] Tick crashed, returning previous state: Error: Trait not found: trait.reputation.power.renown
    at assignTrait (C:/Users/chris/Dev/Projects/TheFantasyWorldSimulator/src/engine/traits.ts:44:25)
    at syncReputationTrait (C:/Users/chris/Dev/Projects/TheFantasyWorldSimulator/src/engine/phaseReputationTraits.ts:297:5)
    at phaseReputationTraits (C:/Users/chris/Dev/Projects/TheFantasyWorldSimulator/src/engine/phaseReputationTraits.ts:273:7)
    at runTick (C:/Users/chris/Dev/Projects/TheFantasyWorldSimulator/src/engine/orchestrator.ts:1896:18)
    at C:/Users/chris/Dev/Projects/TheFantasyWorldSimulator/src/engine/__tests__/content-layer1-integration.test.ts:181:17
    at file:///C:/Users/chris/Dev/Projects/TheFantasyWorldSimulator/node_modules/@vitest/runner/dist/index.js:145:11
    at file:///C:/Users/chris/Dev/Projects/TheFantasyWorldSimulator/node_modules/@vitest/runner/dist/index.js:915:26
    at file:///C:/Users/chris/Dev/Projects/TheFantasyWorldSimulator/node_modules/@vitest/runner/dist/index.js:1243:20
    at new Promise (<anonymous>)
    at runWithTimeout (file:///C:/Users/chris/Dev/Projects/TheFantasyWorldSimulator/node_modules/@vitest/runner/dist/index.js:1209:10)
[Orchestrator] Tick crashed, returning previous state: Error: Trait not found: trait.reputation.power.renown
    at assignTrait (C:/Users/chris/Dev/Projects/TheFantasyWorldSimulator/src/engine/traits.ts:44:25)
    at syncReputationTrait (C:/Users/chris/Dev/Projects/TheFantasyWorldSimulator/src/engine/phaseReputationTraits.ts:297:5)
    at phaseReputationTraits (C:/Users/chris/Dev/Projects/TheFantasyWorldSimulator/src/engine/phaseReputationTraits.ts:273:7)
    at runTick (C:/Users/chris/Dev/Projects/TheFantasyWorldSimulator/src/engine/orchestrator.ts:1896:18)
    at C:/Users/chris/Dev/Projects/TheFantasyWorldSimulator/src/engine/__tests__/content-layer1-integration.test.ts:181:17
    at file:///C:/Users/chris/Dev/Projects/TheFantasyWorldSimulator/node_modules/@vitest/runner/dist/index.js:145:11
    at file:///C:/Users/chris/Dev/Projects/TheFantasyWorldSimulator/node_modules/@vitest/runner/dist/index.js:915:26
    at file:///C:/Users/chris/Dev/Projects/TheFantasyWorldSimulator/node_modules/@vitest/runner/dist/index.js:1243:20
    at new Promise (<anonymous>)
    at runWithTimeout (file:///C:/Users/chris/Dev/Projects/TheFantasyWorldSimulator/node_modules/@vitest/runner/dist/index.js:1209:10)
[Orchestrator] Tick crashed, returning previous state: Error: Trait not found: trait.reputation.power.renown
    at assignTrait (C:/Users/chris/Dev/Projects/TheFantasyWorldSimulator/src/engine/traits.ts:44:25)
    at syncReputationTrait (C:/Users/chris/Dev/Projects/TheFantasyWorldSimulator/src/engine/phaseReputationTraits.ts:297:5)
    at phaseReputationTraits (C:/Users/chris/Dev/Projects/TheFantasyWorldSimulator/src/engine/phaseReputationTraits.ts:273:7)
    at runTick (C:/Users/chris/Dev/Projects/TheFantasyWorldSimulator/src/engine/orchestrator.ts:1896:18)
    at C:/Users/chris/Dev/Projects/TheFantasyWorldSimulator/src/engine/__tests__/content-layer1-integration.test.ts:181:17
    at file:///C:/Users/chris/Dev/Projects/TheFantasyWorldSimulator/node_modules/@vitest/runner/dist/index.js:145:11
    at file:///C:/Users/chris/Dev/Projects/TheFantasyWorldSimulator/node_modules/@vitest/runner/dist/index.js:915:26
    at file:///C:/Users/chris/Dev/Projects/TheFantasyWorldSimulator/node_modules/@vitest/runner/dist/index.js:1243:20
    at new Promise (<anonymous>)
    at runWithTimeout (file:///C:/Users/chris/Dev/Projects/TheFantasyWorldSimulator/node_modules/@vitest/runner/dist/index.js:1209:10)
[Orchestrator] Tick crashed, returning previous state: Error: Trait not found: trait.reputation.power.renown
    at assignTrait (C:/Users/chris/Dev/Projects/TheFantasyWorldSimulator/src/engine/traits.ts:44:25)
    at syncReputationTrait (C:/Users/chris/Dev/Projects/TheFantasyWorldSimulator/src/engine/phaseReputationTraits.ts:297:5)
    at phaseReputationTraits (C:/Users/chris/Dev/Projects/TheFantasyWorldSimulator/src/engine/phaseReputationTraits.ts:273:7)
    at runTick (C:/Users/chris/Dev/Projects/TheFantasyWorldSimulator/src/engine/orchestrator.ts:1896:18)
    at C:/Users/chris/Dev/Projects/TheFantasyWorldSimulator/src/engine/__tests__/content-layer1-integration.test.ts:181:17
    at file:///C:/Users/chris/Dev/Projects/TheFantasyWorldSimulator/node_modules/@vitest/runner/dist/index.js:145:11
    at file:///C:/Users/chris/Dev/Projects/TheFantasyWorldSimulator/node_modules/@vitest/runner/dist/index.js:915:26
    at file:///C:/Users/chris/Dev/Projects/TheFantasyWorldSimulator/node_modules/@vitest/runner/dist/index.js:1243:20
    at new Promise (<anonymous>)
    at runWithTimeout (file:///C:/Users/chris/Dev/Projects/TheFantasyWorldSimulator/node_modules/@vitest/runner/dist/index.js:1209:10)
[Orchestrator] Tick crashed, returning previous state: Error: Trait not found: trait.reputation.power.renown
    at assignTrait (C:/Users/chris/Dev/Projects/TheFantasyWorldSimulator/src/engine/traits.ts:44:25)
    at syncReputationTrait (C:/Users/chris/Dev/Projects/TheFantasyWorldSimulator/src/engine/phaseReputationTraits.ts:297:5)
    at phaseReputationTraits (C:/Users/chris/Dev/Projects/TheFantasyWorldSimulator/src/engine/phaseReputationTraits.ts:273:7)
    at runTick (C:/Users/chris/Dev/Projects/TheFantasyWorldSimulator/src/engine/orchestrator.ts:1896:18)
    at C:/Users/chris/Dev/Projects/TheFantasyWorldSimulator/src/engine/__tests__/content-layer1-integration.test.ts:181:17
    at file:///C:/Users/chris/Dev/Projects/TheFantasyWorldSimulator/node_modules/@vitest/runner/dist/index.js:145:11
    at file:///C:/Users/chris/Dev/Projects/TheFantasyWorldSimulator/node_modules/@vitest/runner/dist/index.js:915:26
    at file:///C:/Users/chris/Dev/Projects/TheFantasyWorldSimulator/node_modules/@vitest/runner/dist/index.js:1243:20
    at new Promise (<anonymous>)
    at runWithTimeout (file:///C:/Users/chris/Dev/Projects/TheFantasyWorldSimulator/node_modules/@vitest/runner/dist/index.js:1209:10)
[Orchestrator] Tick crashed, returning previous state: Error: Trait not found: trait.reputation.power.renown
    at assignTrait (C:/Users/chris/Dev/Projects/TheFantasyWorldSimulator/src/engine/traits.ts:44:25)
    at syncReputationTrait (C:/Users/chris/Dev/Projects/TheFantasyWorldSimulator/src/engine/phaseReputationTraits.ts:297:5)
    at phaseReputationTraits (C:/Users/chris/Dev/Projects/TheFantasyWorldSimulator/src/engine/phaseReputationTraits.ts:273:7)
    at runTick (C:/Users/chris/Dev/Projects/TheFantasyWorldSimulator/src/engine/orchestrator.ts:1896:18)
    at C:/Users/chris/Dev/Projects/TheFantasyWorldSimulator/src/engine/__tests__/content-layer1-integration.test.ts:181:17
    at file:///C:/Users/chris/Dev/Projects/TheFantasyWorldSimulator/node_modules/@vitest/runner/dist/index.js:145:11
    at file:///C:/Users/chris/Dev/Projects/TheFantasyWorldSimulator/node_modules/@vitest/runner/dist/index.js:915:26
    at file:///C:/Users/chris/Dev/Projects/TheFantasyWorldSimulator/node_modules/@vitest/runner/dist/index.js:1243:20
    at new Promise (<anonymous>)
    at runWithTimeout (file:///C:/Users/chris/Dev/Projects/TheFantasyWorldSimulator/node_modules/@vitest/runner/dist/index.js:1209:10)
[Orchestrator] Tick crashed, returning previous state: Error: Trait not found: trait.reputation.power.renown
    at assignTrait (C:/Users/chris/Dev/Projects/TheFantasyWorldSimulator/src/engine/traits.ts:44:25)
    at syncReputationTrait (C:/Users/chris/Dev/Projects/TheFantasyWorldSimulator/src/engine/phaseReputationTraits.ts:297:5)
    at phaseReputationTraits (C:/Users/chris/Dev/Projects/TheFantasyWorldSimulator/src/engine/phaseReputationTraits.ts:273:7)
    at runTick (C:/Users/chris/Dev/Projects/TheFantasyWorldSimulator/src/engine/orchestrator.ts:1896:18)
    at C:/Users/chris/Dev/Projects/TheFantasyWorldSimulator/src/engine/__tests__/content-layer1-integration.test.ts:181:17
    at file:///C:/Users/chris/Dev/Projects/TheFantasyWorldSimulator/node_modules/@vitest/runner/dist/index.js:145:11
    at file:///C:/Users/chris/Dev/Projects/TheFantasyWorldSimulator/node_modules/@vitest/runner/dist/index.js:915:26
    at file:///C:/Users/chris/Dev/Projects/TheFantasyWorldSimulator/node_modules/@vitest/runner/dist/index.js:1243:20
    at new Promise (<anonymous>)
    at runWithTimeout (file:///C:/Users/chris/Dev/Projects/TheFantasyWorldSimulator/node_modules/@vitest/runner/dist/index.js:1209:10)
[Orchestrator] Tick crashed, returning previous state: Error: Trait not found: trait.reputation.power.renown
    at assignTrait (C:/Users/chris/Dev/Projects/TheFantasyWorldSimulator/src/engine/traits.ts:44:25)
    at syncReputationTrait (C:/Users/chris/Dev/Projects/TheFantasyWorldSimulator/src/engine/phaseReputationTraits.ts:297:5)
    at phaseReputationTraits (C:/Users/chris/Dev/Projects/TheFantasyWorldSimulator/src/engine/phaseReputationTraits.ts:273:7)
    at runTick (C:/Users/chris/Dev/Projects/TheFantasyWorldSimulator/src/engine/orchestrator.ts:1896:18)
    at C:/Users/chris/Dev/Projects/TheFantasyWorldSimulator/src/engine/__tests__/content-layer1-integration.test.ts:181:17
    at file:///C:/Users/chris/Dev/Projects/TheFantasyWorldSimulator/node_modules/@vitest/runner/dist/index.js:145:11
    at file:///C:/Users/chris/Dev/Projects/TheFantasyWorldSimulator/node_modules/@vitest/runner/dist/index.js:915:26
    at file:///C:/Users/chris/Dev/Projects/TheFantasyWorldSimulator/node_modules/@vitest/runner/dist/index.js:1243:20
    at new Promise (<anonymous>)
    at runWithTimeout (file:///C:/Users/chris/Dev/Projects/TheFantasyWorldSimulator/node_modules/@vitest/runner/dist/index.js:1209:10)
[Orchestrator] Tick crashed, returning previous state: Error: Trait not found: trait.reputation.power.renown
    at assignTrait (C:/Users/chris/Dev/Projects/TheFantasyWorldSimulator/src/engine/traits.ts:44:25)
    at syncReputationTrait (C:/Users/chris/Dev/Projects/TheFantasyWorldSimulator/src/engine/phaseReputationTraits.ts:297:5)
    at phaseReputationTraits (C:/Users/chris/Dev/Projects/TheFantasyWorldSimulator/src/engine/phaseReputationTraits.ts:273:7)
    at runTick (C:/Users/chris/Dev/Projects/TheFantasyWorldSimulator/src/engine/orchestrator.ts:1896:18)
    at C:/Users/chris/Dev/Projects/TheFantasyWorldSimulator/src/engine/__tests__/content-layer1-integration.test.ts:181:17
    at file:///C:/Users/chris/Dev/Projects/TheFantasyWorldSimulator/node_modules/@vitest/runner/dist/index.js:145:11
    at file:///C:/Users/chris/Dev/Projects/TheFantasyWorldSimulator/node_modules/@vitest/runner/dist/index.js:915:26
    at file:///C:/Users/chris/Dev/Projects/TheFantasyWorldSimulator/node_modules/@vitest/runner/dist/index.js:1243:20
    at new Promise (<anonymous>)
    at runWithTimeout (file:///C:/Users/chris/Dev/Projects/TheFantasyWorldSimulator/node_modules/@vitest/runner/dist/index.js:1209:10)
[Orchestrator] Tick crashed, returning previous state: Error: Trait not found: trait.reputation.power.renown
    at assignTrait (C:/Users/chris/Dev/Projects/TheFantasyWorldSimulator/src/engine/traits.ts:44:25)
    at syncReputationTrait (C:/Users/chris/Dev/Projects/TheFantasyWorldSimulator/src/engine/phaseReputationTraits.ts:297:5)
    at phaseReputationTraits (C:/Users/chris/Dev/Projects/TheFantasyWorldSimulator/src/engine/phaseReputationTraits.ts:273:7)
    at runTick (C:/Users/chris/Dev/Projects/TheFantasyWorldSimulator/src/engine/orchestrator.ts:1896:18)
    at C:/Users/chris/Dev/Projects/TheFantasyWorldSimulator/src/engine/__tests__/content-layer1-integration.test.ts:181:17
    at file:///C:/Users/chris/Dev/Projects/TheFantasyWorldSimulator/node_modules/@vitest/runner/dist/index.js:145:11
    at file:///C:/Users/chris/Dev/Projects/TheFantasyWorldSimulator/node_modules/@vitest/runner/dist/index.js:915:26
    at file:///C:/Users/chris/Dev/Projects/TheFantasyWorldSimulator/node_modules/@vitest/runner/dist/index.js:1243:20
    at new Promise (<anonymous>)
    at runWithTimeout (file:///C:/Users/chris/Dev/Projects/TheFantasyWorldSimulator/node_modules/@vitest/runner/dist/index.js:1209:10)
[Orchestrator] Tick crashed, returning previous state: Error: Trait not found: trait.reputation.power.renown
    at assignTrait (C:/Users/chris/Dev/Projects/TheFantasyWorldSimulator/src/engine/traits.ts:44:25)
    at syncReputationTrait (C:/Users/chris/Dev/Projects/TheFantasyWorldSimulator/src/engine/phaseReputationTraits.ts:297:5)
    at phaseReputationTraits (C:/Users/chris/Dev/Projects/TheFantasyWorldSimulator/src/engine/phaseReputationTraits.ts:273:7)
    at runTick (C:/Users/chris/Dev/Projects/TheFantasyWorldSimulator/src/engine/orchestrator.ts:1896:18)
    at C:/Users/chris/Dev/Projects/TheFantasyWorldSimulator/src/engine/__tests__/content-layer1-integration.test.ts:181:17
    at file:///C:/Users/chris/Dev/Projects/TheFantasyWorldSimulator/node_modules/@vitest/runner/dist/index.js:145:11
    at file:///C:/Users/chris/Dev/Projects/TheFantasyWorldSimulator/node_modules/@vitest/runner/dist/index.js:915:26
    at file:///C:/Users/chris/Dev/Projects/TheFantasyWorldSimulator/node_modules/@vitest/runner/dist/index.js:1243:20
    at new Promise (<anonymous>)
    at runWithTimeout (file:///C:/Users/chris/Dev/Projects/TheFantasyWorldSimulator/node_modules/@vitest/runner/dist/index.js:1209:10)
[Orchestrator] Tick crashed, returning previous state: Error: Trait not found: trait.reputation.power.renown
    at assignTrait (C:/Users/chris/Dev/Projects/TheFantasyWorldSimulator/src/engine/traits.ts:44:25)
    at syncReputationTrait (C:/Users/chris/Dev/Projects/TheFantasyWorldSimulator/src/engine/phaseReputationTraits.ts:297:5)
    at phaseReputationTraits (C:/Users/chris/Dev/Projects/TheFantasyWorldSimulator/src/engine/phaseReputationTraits.ts:273:7)
    at runTick (C:/Users/chris/Dev/Projects/TheFantasyWorldSimulator/src/engine/orchestrator.ts:1896:18)
    at C:/Users/chris/Dev/Projects/TheFantasyWorldSimulator/src/engine/__tests__/content-layer1-integration.test.ts:181:17
    at file:///C:/Users/chris/Dev/Projects/TheFantasyWorldSimulator/node_modules/@vitest/runner/dist/index.js:145:11
    at file:///C:/Users/chris/Dev/Projects/TheFantasyWorldSimulator/node_modules/@vitest/runner/dist/index.js:915:26
    at file:///C:/Users/chris/Dev/Projects/TheFantasyWorldSimulator/node_modules/@vitest/runner/dist/index.js:1243:20
    at new Promise (<anonymous>)
    at runWithTimeout (file:///C:/Users/chris/Dev/Projects/TheFantasyWorldSimulator/node_modules/@vitest/runner/dist/index.js:1209:10)
[Orchestrator] Tick crashed, returning previous state: Error: Trait not found: trait.reputation.power.renown
    at assignTrait (C:/Users/chris/Dev/Projects/TheFantasyWorldSimulator/src/engine/traits.ts:44:25)
    at syncReputationTrait (C:/Users/chris/Dev/Projects/TheFantasyWorldSimulator/src/engine/phaseReputationTraits.ts:297:5)
    at phaseReputationTraits (C:/Users/chris/Dev/Projects/TheFantasyWorldSimulator/src/engine/phaseReputationTraits.ts:273:7)
    at runTick (C:/Users/chris/Dev/Projects/TheFantasyWorldSimulator/src/engine/orchestrator.ts:1896:18)
    at C:/Users/chris/Dev/Projects/TheFantasyWorldSimulator/src/engine/__tests__/content-layer1-integration.test.ts:181:17
    at file:///C:/Users/chris/Dev/Projects/TheFantasyWorldSimulator/node_modules/@vitest/runner/dist/index.js:145:11
    at file:///C:/Users/chris/Dev/Projects/TheFantasyWorldSimulator/node_modules/@vitest/runner/dist/index.js:915:26
    at file:///C:/Users/chris/Dev/Projects/TheFantasyWorldSimulator/node_modules/@vitest/runner/dist/index.js:1243:20
    at new Promise (<anonymous>)
    at runWithTimeout (file:///C:/Users/chris/Dev/Projects/TheFantasyWorldSimulator/node_modules/@vitest/runner/dist/index.js:1209:10)

[90mstdout[2m | src/engine/__tests__/content-layer1-integration.test.ts[2m > [22m[2mLayer 1 content integration[2m > [22m[2mdifferent seeds produce different narratives
[22m[39m[WorldGen] Pass 'province' completed in 0.9ms
[WorldGen] Pass 'elevation' completed in 1.8ms
[WorldGen] Pass 'coastline' completed in 1.0ms
[WorldGen] Pass 'climate' completed in 1.6ms
[WorldGen] Pass 'hydrology' completed in 0.5ms
[WorldGen] Pass 'tempReassess' completed in 0.0ms
[WorldGen] Pass 'biome' completed in 0.1ms
[WorldGen] Culture terrain nudge: 42 hexes modified
[WorldGen] Pass 'cultureTerrainNudge' completed in 0.1ms
[WorldGen] Pass 'smoothing' completed in 0.5ms
[WorldGen] Pass 'validation' completed in 0.7ms
[WorldGen] Pass 'province' completed in 0.9ms
[WorldGen] Pass 'elevation' completed in 1.7ms
[WorldGen] Pass 'coastline' completed in 0.7ms
[WorldGen] Pass 'climate' completed in 1.4ms
[WorldGen] Pass 'hydrology' completed in 0.7ms
[WorldGen] Pass 'tempReassess' completed in 0.6ms
[WorldGen] Pass 'biome' completed in 0.3ms
[WorldGen] Culture terrain nudge: 39 hexes modified
[WorldGen] Pass 'cultureTerrainNudge' completed in 0.1ms
[WorldGen] Pass 'smoothing' completed in 0.4ms
[WorldGen] Pass 'validation' completed in 0.4ms

stderr | src/engine/__tests__/content-layer1-integration.test.ts > Layer 1 content integration > different seeds produce different narratives
[WorldGen] Validation errors: [ 'Ocean fraction too low: 7.4%' ]
[GraphSchema] Edge "belongs_to" source should be ["actor","location"], got "region" (edge edge_hist_territory_region_15_hist_culture_0)
[GraphSchema] Edge "belongs_to" source should be ["actor","location"], got "region" (edge edge_hist_territory_region_19_hist_culture_1)
[GraphSchema] Edge "belongs_to" source should be ["actor","location"], got "region" (edge edge_hist_territory_region_3_hist_culture_2)
[GraphSchema] Edge "belongs_to" source should be ["actor","location"], got "region" (edge edge_hist_territory_region_13_hist_culture_0)
[GraphSchema] Edge "belongs_to" source should be ["actor","location"], got "region" (edge edge_hist_territory_region_14_hist_culture_1)
[GraphSchema] Edge "belongs_to" source should be ["actor","location"], got "region" (edge edge_hist_territory_region_12_hist_culture_2)
[GraphSchema] Edge "belongs_to" source should be ["actor","location"], got "region" (edge edge_hist_territory_region_16_hist_culture_0)
[GraphSchema] Edge "belongs_to" source should be ["actor","location"], got "region" (edge edge_hist_territory_region_18_hist_culture_1)
[GraphSchema] Edge "belongs_to" source should be ["actor","location"], got "region" (edge edge_hist_territory_region_17_hist_culture_2)
[GraphSchema] Edge "belongs_to" source should be ["actor","location"], got "region" (edge edge_hist_territory_region_7_hist_culture_0)
[GraphSchema] Edge "belongs_to" source should be ["actor","location"], got "region" (edge edge_hist_territory_region_9_hist_culture_2)
[GraphSchema] Edge "belongs_to" source should be ["actor","location"], got "region" (edge edge_hist_territory_region_11_hist_culture_0)
[GraphSchema] Edge "belongs_to" source should be ["actor","location"], got "region" (edge edge_hist_territory_region_2_hist_culture_2)
[GraphSchema] Edge "belongs_to" source should be ["actor","location"], got "region" (edge edge_hist_territory_region_0_hist_culture_0)
[GraphSchema] Edge "belongs_to" source should be ["actor","location"], got "region" (edge edge_hist_territory_region_6_hist_culture_2)
[GraphSchema] Edge "belongs_to" source should be ["actor","location"], got "region" (edge edge_hist_territory_region_10_hist_culture_0)
[GraphSchema] Edge "belongs_to" source should be ["actor","location"], got "region" (edge edge_hist_territory_region_1_hist_culture_2)
[GraphSchema] Edge "belongs_to" source should be ["actor","location"], got "region" (edge edge_hist_territory_region_5_hist_culture_0)
[WorldGen] Validation errors: [ 'Ocean fraction too low: 8.1%' ]
[GraphSchema] Edge "belongs_to" source should be ["actor","location"], got "region" (edge edge_hist_territory_region_11_hist_culture_0)
[GraphSchema] Edge "belongs_to" source should be ["actor","location"], got "region" (edge edge_hist_territory_region_8_hist_culture_1)
[GraphSchema] Edge "belongs_to" source should be ["actor","location"], got "region" (edge edge_hist_territory_region_17_hist_culture_2)
[GraphSchema] Edge "belongs_to" source should be ["actor","location"], got "region" (edge edge_hist_territory_region_15_hist_culture_0)
[GraphSchema] Edge "belongs_to" source should be ["actor","location"], got "region" (edge edge_hist_territory_region_5_hist_culture_1)
[GraphSchema] Edge "belongs_to" source should be ["actor","location"], got "region" (edge edge_hist_territory_region_9_hist_culture_2)
[GraphSchema] Edge "belongs_to" source should be ["actor","location"], got "region" (edge edge_hist_territory_region_7_hist_culture_0)
[GraphSchema] Edge "belongs_to" source should be ["actor","location"], got "region" (edge edge_hist_territory_region_18_hist_culture_1)
[GraphSchema] Edge "belongs_to" source should be ["actor","location"], got "region" (edge edge_hist_territory_region_16_hist_culture_2)
[GraphSchema] Edge "belongs_to" source should be ["actor","location"], got "region" (edge edge_hist_territory_region_14_hist_culture_0)
[GraphSchema] Edge "belongs_to" source should be ["actor","location"], got "region" (edge edge_hist_territory_region_12_hist_culture_1)
[GraphSchema] Edge "belongs_to" source should be ["actor","location"], got "region" (edge edge_hist_territory_region_6_hist_culture_2)
[GraphSchema] Edge "belongs_to" source should be ["actor","location"], got "region" (edge edge_hist_territory_region_4_hist_culture_0)
[GraphSchema] Edge "belongs_to" source should be ["actor","location"], got "region" (edge edge_hist_territory_region_3_hist_culture_1)
[GraphSchema] Edge "belongs_to" source should be ["actor","location"], got "region" (edge edge_hist_territory_region_23_hist_culture_2)
[GraphSchema] Edge "belongs_to" source should be ["actor","location"], got "region" (edge edge_hist_territory_region_19_hist_culture_0)
[GraphSchema] Edge "belongs_to" source should be ["actor","location"], got "region" (edge edge_hist_territory_region_0_hist_culture_1)
[GraphSchema] Edge "belongs_to" source should be ["actor","location"], got "region" (edge edge_hist_territory_region_20_hist_culture_2)
[GraphSchema] Edge "belongs_to" source should be ["actor","location"], got "region" (edge edge_hist_territory_region_13_hist_culture_0)
[GraphSchema] Edge "belongs_to" source should be ["actor","location"], got "region" (edge edge_hist_territory_region_22_hist_culture_2)
[GraphSchema] Edge "belongs_to" source should be ["actor","location"], got "region" (edge edge_hist_territory_region_10_hist_culture_0)
[GraphSchema] Edge "belongs_to" source should be ["actor","location"], got "region" (edge edge_hist_territory_region_24_hist_culture_2)
[GraphSchema] Edge "belongs_to" source should be ["actor","location"], got "region" (edge edge_hist_territory_region_25_hist_culture_2)
[Orchestrator] Tick crashed, returning previous state: Error: Trait not found: trait.reputation.power.renown
    at assignTrait (C:/Users/chris/Dev/Projects/TheFantasyWorldSimulator/src/engine/traits.ts:44:25)
    at syncReputationTrait (C:/Users/chris/Dev/Projects/TheFantasyWorldSimulator/src/engine/phaseReputationTraits.ts:297:5)
    at phaseReputationTraits (C:/Users/chris/Dev/Projects/TheFantasyWorldSimulator/src/engine/phaseReputationTraits.ts:273:7)
    at runTick (C:/Users/chris/Dev/Projects/TheFantasyWorldSimulator/src/engine/orchestrator.ts:1896:18)
    at C:/Users/chris/Dev/Projects/TheFantasyWorldSimulator/src/engine/__tests__/content-layer1-integration.test.ts:213:19
    at file:///C:/Users/chris/Dev/Projects/TheFantasyWorldSimulator/node_modules/@vitest/runner/dist/index.js:145:11
    at file:///C:/Users/chris/Dev/Projects/TheFantasyWorldSimulator/node_modules/@vitest/runner/dist/index.js:915:26
    at file:///C:/Users/chris/Dev/Projects/TheFantasyWorldSimulator/node_modules/@vitest/runner/dist/index.js:1243:20
    at new Promise (<anonymous>)
    at runWithTimeout (file:///C:/Users/chris/Dev/Projects/TheFantasyWorldSimulator/node_modules/@vitest/runner/dist/index.js:1209:10)
[Orchestrator] Tick crashed, returning previous state: Error: Trait not found: trait.reputation.power.renown
    at assignTrait (C:/Users/chris/Dev/Projects/TheFantasyWorldSimulator/src/engine/traits.ts:44:25)
    at syncReputationTrait (C:/Users/chris/Dev/Projects/TheFantasyWorldSimulator/src/engine/phaseReputationTraits.ts:297:5)
    at phaseReputationTraits (C:/Users/chris/Dev/Projects/TheFantasyWorldSimulator/src/engine/phaseReputationTraits.ts:273:7)
    at runTick (C:/Users/chris/Dev/Projects/TheFantasyWorldSimulator/src/engine/orchestrator.ts:1896:18)
    at C:/Users/chris/Dev/Projects/TheFantasyWorldSimulator/src/engine/__tests__/content-layer1-integration.test.ts:217:18
    at file:///C:/Users/chris/Dev/Projects/TheFantasyWorldSimulator/node_modules/@vitest/runner/dist/index.js:145:11
    at file:///C:/Users/chris/Dev/Projects/TheFantasyWorldSimulator/node_modules/@vitest/runner/dist/index.js:915:26
    at file:///C:/Users/chris/Dev/Projects/TheFantasyWorldSimulator/node_modules/@vitest/runner/dist/index.js:1243:20
    at new Promise (<anonymous>)
    at runWithTimeout (file:///C:/Users/chris/Dev/Projects/TheFantasyWorldSimulator/node_modules/@vitest/runner/dist/index.js:1209:10)
[Orchestrator] Tick crashed, returning previous state: Error: Trait not found: trait.reputation.power.renown
    at assignTrait (C:/Users/chris/Dev/Projects/TheFantasyWorldSimulator/src/engine/traits.ts:44:25)
    at syncReputationTrait (C:/Users/chris/Dev/Projects/TheFantasyWorldSimulator/src/engine/phaseReputationTraits.ts:297:5)
    at phaseReputationTraits (C:/Users/chris/Dev/Projects/TheFantasyWorldSimulator/src/engine/phaseReputationTraits.ts:273:7)
    at runTick (C:/Users/chris/Dev/Projects/TheFantasyWorldSimulator/src/engine/orchestrator.ts:1896:18)
    at C:/Users/chris/Dev/Projects/TheFantasyWorldSimulator/src/engine/__tests__/content-layer1-integration.test.ts:213:19
    at file:///C:/Users/chris/Dev/Projects/TheFantasyWorldSimulator/node_modules/@vitest/runner/dist/index.js:145:11
    at file:///C:/Users/chris/Dev/Projects/TheFantasyWorldSimulator/node_modules/@vitest/runner/dist/index.js:915:26
    at file:///C:/Users/chris/Dev/Projects/TheFantasyWorldSimulator/node_modules/@vitest/runner/dist/index.js:1243:20
    at new Promise (<anonymous>)
    at runWithTimeout (file:///C:/Users/chris/Dev/Projects/TheFantasyWorldSimulator/node_modules/@vitest/runner/dist/index.js:1209:10)
[Orchestrator] Tick crashed, returning previous state: Error: Trait not found: trait.reputation.power.renown
    at assignTrait (C:/Users/chris/Dev/Projects/TheFantasyWorldSimulator/src/engine/traits.ts:44:25)
    at syncReputationTrait (C:/Users/chris/Dev/Projects/TheFantasyWorldSimulator/src/engine/phaseReputationTraits.ts:297:5)
    at phaseReputationTraits (C:/Users/chris/Dev/Projects/TheFantasyWorldSimulator/src/engine/phaseReputationTraits.ts:273:7)
    at runTick (C:/Users/chris/Dev/Projects/TheFantasyWorldSimulator/src/engine/orchestrator.ts:1896:18)
    at C:/Users/chris/Dev/Projects/TheFantasyWorldSimulator/src/engine/__tests__/content-layer1-integration.test.ts:217:18
    at file:///C:/Users/chris/Dev/Projects/TheFantasyWorldSimulator/node_modules/@vitest/runner/dist/index.js:145:11
    at file:///C:/Users/chris/Dev/Projects/TheFantasyWorldSimulator/node_modules/@vitest/runner/dist/index.js:915:26
    at file:///C:/Users/chris/Dev/Projects/TheFantasyWorldSimulator/node_modules/@vitest/runner/dist/index.js:1243:20
    at new Promise (<anonymous>)
    at runWithTimeout (file:///C:/Users/chris/Dev/Projects/TheFantasyWorldSimulator/node_modules/@vitest/runner/dist/index.js:1209:10)
[Orchestrator] Tick crashed, returning previous state: Error: Trait not found: trait.reputation.power.renown
    at assignTrait (C:/Users/chris/Dev/Projects/TheFantasyWorldSimulator/src/engine/traits.ts:44:25)
    at syncReputationTrait (C:/Users/chris/Dev/Projects/TheFantasyWorldSimulator/src/engine/phaseReputationTraits.ts:297:5)
    at phaseReputationTraits (C:/Users/chris/Dev/Projects/TheFantasyWorldSimulator/src/engine/phaseReputationTraits.ts:273:7)
    at runTick (C:/Users/chris/Dev/Projects/TheFantasyWorldSimulator/src/engine/orchestrator.ts:1896:18)
    at C:/Users/chris/Dev/Projects/TheFantasyWorldSimulator/src/engine/__tests__/content-layer1-integration.test.ts:213:19
    at file:///C:/Users/chris/Dev/Projects/TheFantasyWorldSimulator/node_modules/@vitest/runner/dist/index.js:145:11
    at file:///C:/Users/chris/Dev/Projects/TheFantasyWorldSimulator/node_modules/@vitest/runner/dist/index.js:915:26
    at file:///C:/Users/chris/Dev/Projects/TheFantasyWorldSimulator/node_modules/@vitest/runner/dist/index.js:1243:20
    at new Promise (<anonymous>)
    at runWithTimeout (file:///C:/Users/chris/Dev/Projects/TheFantasyWorldSimulator/node_modules/@vitest/runner/dist/index.js:1209:10)
[Orchestrator] Tick crashed, returning previous state: Error: Trait not found: trait.reputation.power.renown
    at assignTrait (C:/Users/chris/Dev/Projects/TheFantasyWorldSimulator/src/engine/traits.ts:44:25)
    at syncReputationTrait (C:/Users/chris/Dev/Projects/TheFantasyWorldSimulator/src/engine/phaseReputationTraits.ts:297:5)
    at phaseReputationTraits (C:/Users/chris/Dev/Projects/TheFantasyWorldSimulator/src/engine/phaseReputationTraits.ts:273:7)
    at runTick (C:/Users/chris/Dev/Projects/TheFantasyWorldSimulator/src/engine/orchestrator.ts:1896:18)
    at C:/Users/chris/Dev/Projects/TheFantasyWorldSimulator/src/engine/__tests__/content-layer1-integration.test.ts:217:18
    at file:///C:/Users/chris/Dev/Projects/TheFantasyWorldSimulator/node_modules/@vitest/runner/dist/index.js:145:11
    at file:///C:/Users/chris/Dev/Projects/TheFantasyWorldSimulator/node_modules/@vitest/runner/dist/index.js:915:26
    at file:///C:/Users/chris/Dev/Projects/TheFantasyWorldSimulator/node_modules/@vitest/runner/dist/index.js:1243:20
    at new Promise (<anonymous>)
    at runWithTimeout (file:///C:/Users/chris/Dev/Projects/TheFantasyWorldSimulator/node_modules/@vitest/runner/dist/index.js:1209:10)
[Orchestrator] Tick crashed, returning previous state: Error: Trait not found: trait.reputation.power.renown
    at assignTrait (C:/Users/chris/Dev/Projects/TheFantasyWorldSimulator/src/engine/traits.ts:44:25)
    at syncReputationTrait (C:/Users/chris/Dev/Projects/TheFantasyWorldSimulator/src/engine/phaseReputationTraits.ts:297:5)
    at phaseReputationTraits (C:/Users/chris/Dev/Projects/TheFantasyWorldSimulator/src/engine/phaseReputationTraits.ts:273:7)
    at runTick (C:/Users/chris/Dev/Projects/TheFantasyWorldSimulator/src/engine/orchestrator.ts:1896:18)
    at C:/Users/chris/Dev/Projects/TheFantasyWorldSimulator/src/engine/__tests__/content-layer1-integration.test.ts:213:19
    at file:///C:/Users/chris/Dev/Projects/TheFantasyWorldSimulator/node_modules/@vitest/runner/dist/index.js:145:11
    at file:///C:/Users/chris/Dev/Projects/TheFantasyWorldSimulator/node_modules/@vitest/runner/dist/index.js:915:26
    at file:///C:/Users/chris/Dev/Projects/TheFantasyWorldSimulator/node_modules/@vitest/runner/dist/index.js:1243:20
    at new Promise (<anonymous>)
    at runWithTimeout (file:///C:/Users/chris/Dev/Projects/TheFantasyWorldSimulator/node_modules/@vitest/runner/dist/index.js:1209:10)
[Orchestrator] Tick crashed, returning previous state: Error: Trait not found: trait.reputation.power.renown
    at assignTrait (C:/Users/chris/Dev/Projects/TheFantasyWorldSimulator/src/engine/traits.ts:44:25)
    at syncReputationTrait (C:/Users/chris/Dev/Projects/TheFantasyWorldSimulator/src/engine/phaseReputationTraits.ts:297:5)
    at phaseReputationTraits (C:/Users/chris/Dev/Projects/TheFantasyWorldSimulator/src/engine/phaseReputationTraits.ts:273:7)
    at runTick (C:/Users/chris/Dev/Projects/TheFantasyWorldSimulator/src/engine/orchestrator.ts:1896:18)
    at C:/Users/chris/Dev/Projects/TheFantasyWorldSimulator/src/engine/__tests__/content-layer1-integration.test.ts:217:18
    at file:///C:/Users/chris/Dev/Projects/TheFantasyWorldSimulator/node_modules/@vitest/runner/dist/index.js:145:11
    at file:///C:/Users/chris/Dev/Projects/TheFantasyWorldSimulator/node_modules/@vitest/runner/dist/index.js:915:26
    at file:///C:/Users/chris/Dev/Projects/TheFantasyWorldSimulator/node_modules/@vitest/runner/dist/index.js:1243:20
    at new Promise (<anonymous>)
    at runWithTimeout (file:///C:/Users/chris/Dev/Projects/TheFantasyWorldSimulator/node_modules/@vitest/runner/dist/index.js:1209:10)
[Orchestrator] Tick crashed, returning previous state: Error: Trait not found: trait.reputation.power.renown
    at assignTrait (C:/Users/chris/Dev/Projects/TheFantasyWorldSimulator/src/engine/traits.ts:44:25)
    at syncReputationTrait (C:/Users/chris/Dev/Projects/TheFantasyWorldSimulator/src/engine/phaseReputationTraits.ts:297:5)
    at phaseReputationTraits (C:/Users/chris/Dev/Projects/TheFantasyWorldSimulator/src/engine/phaseReputationTraits.ts:273:7)
    at runTick (C:/Users/chris/Dev/Projects/TheFantasyWorldSimulator/src/engine/orchestrator.ts:1896:18)
    at C:/Users/chris/Dev/Projects/TheFantasyWorldSimulator/src/engine/__tests__/content-layer1-integration.test.ts:213:19
    at file:///C:/Users/chris/Dev/Projects/TheFantasyWorldSimulator/node_modules/@vitest/runner/dist/index.js:145:11
    at file:///C:/Users/chris/Dev/Projects/TheFantasyWorldSimulator/node_modules/@vitest/runner/dist/index.js:915:26
    at file:///C:/Users/chris/Dev/Projects/TheFantasyWorldSimulator/node_modules/@vitest/runner/dist/index.js:1243:20
    at new Promise (<anonymous>)
    at runWithTimeout (file:///C:/Users/chris/Dev/Projects/TheFantasyWorldSimulator/node_modules/@vitest/runner/dist/index.js:1209:10)
[Orchestrator] Tick crashed, returning previous state: Error: Trait not found: trait.reputation.power.renown
    at assignTrait (C:/Users/chris/Dev/Projects/TheFantasyWorldSimulator/src/engine/traits.ts:44:25)
    at syncReputationTrait (C:/Users/chris/Dev/Projects/TheFantasyWorldSimulator/src/engine/phaseReputationTraits.ts:297:5)
    at phaseReputationTraits (C:/Users/chris/Dev/Projects/TheFantasyWorldSimulator/src/engine/phaseReputationTraits.ts:273:7)
    at runTick (C:/Users/chris/Dev/Projects/TheFantasyWorldSimulator/src/engine/orchestrator.ts:1896:18)
    at C:/Users/chris/Dev/Projects/TheFantasyWorldSimulator/src/engine/__tests__/content-layer1-integration.test.ts:217:18
    at file:///C:/Users/chris/Dev/Projects/TheFantasyWorldSimulator/node_modules/@vitest/runner/dist/index.js:145:11
    at file:///C:/Users/chris/Dev/Projects/TheFantasyWorldSimulator/node_modules/@vitest/runner/dist/index.js:915:26
    at file:///C:/Users/chris/Dev/Projects/TheFantasyWorldSimulator/node_modules/@vitest/runner/dist/index.js:1243:20
    at new Promise (<anonymous>)
    at runWithTimeout (file:///C:/Users/chris/Dev/Projects/TheFantasyWorldSimulator/node_modules/@vitest/runner/dist/index.js:1209:10)
[Orchestrator] Tick crashed, returning previous state: Error: Trait not found: trait.reputation.power.renown
    at assignTrait (C:/Users/chris/Dev/Projects/TheFantasyWorldSimulator/src/engine/traits.ts:44:25)
    at syncReputationTrait (C:/Users/chris/Dev/Projects/TheFantasyWorldSimulator/src/engine/phaseReputationTraits.ts:297:5)
    at phaseReputationTraits (C:/Users/chris/Dev/Projects/TheFantasyWorldSimulator/src/engine/phaseReputationTraits.ts:273:7)
    at runTick (C:/Users/chris/Dev/Projects/TheFantasyWorldSimulator/src/engine/orchestrator.ts:1896:18)
    at C:/Users/chris/Dev/Projects/TheFantasyWorldSimulator/src/engine/__tests__/content-layer1-integration.test.ts:213:19
    at file:///C:/Users/chris/Dev/Projects/TheFantasyWorldSimulator/node_modules/@vitest/runner/dist/index.js:145:11
    at file:///C:/Users/chris/Dev/Projects/TheFantasyWorldSimulator/node_modules/@vitest/runner/dist/index.js:915:26
    at file:///C:/Users/chris/Dev/Projects/TheFantasyWorldSimulator/node_modules/@vitest/runner/dist/index.js:1243:20
    at new Promise (<anonymous>)
    at runWithTimeout (file:///C:/Users/chris/Dev/Projects/TheFantasyWorldSimulator/node_modules/@vitest/runner/dist/index.js:1209:10)
[Orchestrator] Tick crashed, returning previous state: Error: Trait not found: trait.reputation.power.renown
    at assignTrait (C:/Users/chris/Dev/Projects/TheFantasyWorldSimulator/src/engine/traits.ts:44:25)
    at syncReputationTrait (C:/Users/chris/Dev/Projects/TheFantasyWorldSimulator/src/engine/phaseReputationTraits.ts:297:5)
    at phaseReputationTraits (C:/Users/chris/Dev/Projects/TheFantasyWorldSimulator/src/engine/phaseReputationTraits.ts:273:7)
    at runTick (C:/Users/chris/Dev/Projects/TheFantasyWorldSimulator/src/engine/orchestrator.ts:1896:18)
    at C:/Users/chris/Dev/Projects/TheFantasyWorldSimulator/src/engine/__tests__/content-layer1-integration.test.ts:217:18
    at file:///C:/Users/chris/Dev/Projects/TheFantasyWorldSimulator/node_modules/@vitest/runner/dist/index.js:145:11
    at file:///C:/Users/chris/Dev/Projects/TheFantasyWorldSimulator/node_modules/@vitest/runner/dist/index.js:915:26
    at file:///C:/Users/chris/Dev/Projects/TheFantasyWorldSimulator/node_modules/@vitest/runner/dist/index.js:1243:20
    at new Promise (<anonymous>)
    at runWithTimeout (file:///C:/Users/chris/Dev/Projects/TheFantasyWorldSimulator/node_modules/@vitest/runner/dist/index.js:1209:10)
[Orchestrator] Tick crashed, returning previous state: Error: Trait not found: trait.reputation.power.renown
    at assignTrait (C:/Users/chris/Dev/Projects/TheFantasyWorldSimulator/src/engine/traits.ts:44:25)
    at syncReputationTrait (C:/Users/chris/Dev/Projects/TheFantasyWorldSimulator/src/engine/phaseReputationTraits.ts:297:5)
    at phaseReputationTraits (C:/Users/chris/Dev/Projects/TheFantasyWorldSimulator/src/engine/phaseReputationTraits.ts:273:7)
    at runTick (C:/Users/chris/Dev/Projects/TheFantasyWorldSimulator/src/engine/orchestrator.ts:1896:18)
    at C:/Users/chris/Dev/Projects/TheFantasyWorldSimulator/src/engine/__tests__/content-layer1-integration.test.ts:213:19
    at file:///C:/Users/chris/Dev/Projects/TheFantasyWorldSimulator/node_modules/@vitest/runner/dist/index.js:145:11
    at file:///C:/Users/chris/Dev/Projects/TheFantasyWorldSimulator/node_modules/@vitest/runner/dist/index.js:915:26
    at file:///C:/Users/chris/Dev/Projects/TheFantasyWorldSimulator/node_modules/@vitest/runner/dist/index.js:1243:20
    at new Promise (<anonymous>)
    at runWithTimeout (file:///C:/Users/chris/Dev/Projects/TheFantasyWorldSimulator/node_modules/@vitest/runner/dist/index.js:1209:10)
[Orchestrator] Tick crashed, returning previous state: Error: Trait not found: trait.reputation.power.renown
    at assignTrait (C:/Users/chris/Dev/Projects/TheFantasyWorldSimulator/src/engine/traits.ts:44:25)
    at syncReputationTrait (C:/Users/chris/Dev/Projects/TheFantasyWorldSimulator/src/engine/phaseReputationTraits.ts:297:5)
    at phaseReputationTraits (C:/Users/chris/Dev/Projects/TheFantasyWorldSimulator/src/engine/phaseReputationTraits.ts:273:7)
    at runTick (C:/Users/chris/Dev/Projects/TheFantasyWorldSimulator/src/engine/orchestrator.ts:1896:18)
    at C:/Users/chris/Dev/Projects/TheFantasyWorldSimulator/src/engine/__tests__/content-layer1-integration.test.ts:217:18
    at file:///C:/Users/chris/Dev/Projects/TheFantasyWorldSimulator/node_modules/@vitest/runner/dist/index.js:145:11
    at file:///C:/Users/chris/Dev/Projects/TheFantasyWorldSimulator/node_modules/@vitest/runner/dist/index.js:915:26
    at file:///C:/Users/chris/Dev/Projects/TheFantasyWorldSimulator/node_modules/@vitest/runner/dist/index.js:1243:20
    at new Promise (<anonymous>)
    at runWithTimeout (file:///C:/Users/chris/Dev/Projects/TheFantasyWorldSimulator/node_modules/@vitest/runner/dist/index.js:1209:10)
[Orchestrator] Tick crashed, returning previous state: Error: Trait not found: trait.reputation.power.renown
    at assignTrait (C:/Users/chris/Dev/Projects/TheFantasyWorldSimulator/src/engine/traits.ts:44:25)
    at syncReputationTrait (C:/Users/chris/Dev/Projects/TheFantasyWorldSimulator/src/engine/phaseReputationTraits.ts:297:5)
    at phaseReputationTraits (C:/Users/chris/Dev/Projects/TheFantasyWorldSimulator/src/engine/phaseReputationTraits.ts:273:7)
    at runTick (C:/Users/chris/Dev/Projects/TheFantasyWorldSimulator/src/engine/orchestrator.ts:1896:18)
    at C:/Users/chris/Dev/Projects/TheFantasyWorldSimulator/src/engine/__tests__/content-layer1-integration.test.ts:213:19
    at file:///C:/Users/chris/Dev/Projects/TheFantasyWorldSimulator/node_modules/@vitest/runner/dist/index.js:145:11
    at file:///C:/Users/chris/Dev/Projects/TheFantasyWorldSimulator/node_modules/@vitest/runner/dist/index.js:915:26
    at file:///C:/Users/chris/Dev/Projects/TheFantasyWorldSimulator/node_modules/@vitest/runner/dist/index.js:1243:20
    at new Promise (<anonymous>)
    at runWithTimeout (file:///C:/Users/chris/Dev/Projects/TheFantasyWorldSimulator/node_modules/@vitest/runner/dist/index.js:1209:10)
[Orchestrator] Tick crashed, returning previous state: Error: Trait not found: trait.reputation.power.renown
    at assignTrait (C:/Users/chris/Dev/Projects/TheFantasyWorldSimulator/src/engine/traits.ts:44:25)
    at syncReputationTrait (C:/Users/chris/Dev/Projects/TheFantasyWorldSimulator/src/engine/phaseReputationTraits.ts:297:5)
    at phaseReputationTraits (C:/Users/chris/Dev/Projects/TheFantasyWorldSimulator/src/engine/phaseReputationTraits.ts:273:7)
    at runTick (C:/Users/chris/Dev/Projects/TheFantasyWorldSimulator/src/engine/orchestrator.ts:1896:18)
    at C:/Users/chris/Dev/Projects/TheFantasyWorldSimulator/src/engine/__tests__/content-layer1-integration.test.ts:217:18
    at file:///C:/Users/chris/Dev/Projects/TheFantasyWorldSimulator/node_modules/@vitest/runner/dist/index.js:145:11
    at file:///C:/Users/chris/Dev/Projects/TheFantasyWorldSimulator/node_modules/@vitest/runner/dist/index.js:915:26
    at file:///C:/Users/chris/Dev/Projects/TheFantasyWorldSimulator/node_modules/@vitest/runner/dist/index.js:1243:20
    at new Promise (<anonymous>)
    at runWithTimeout (file:///C:/Users/chris/Dev/Projects/TheFantasyWorldSimulator/node_modules/@vitest/runner/dist/index.js:1209:10)
[Orchestrator] Tick crashed, returning previous state: Error: Trait not found: trait.reputation.power.renown
    at assignTrait (C:/Users/chris/Dev/Projects/TheFantasyWorldSimulator/src/engine/traits.ts:44:25)
    at syncReputationTrait (C:/Users/chris/Dev/Projects/TheFantasyWorldSimulator/src/engine/phaseReputationTraits.ts:297:5)
    at phaseReputationTraits (C:/Users/chris/Dev/Projects/TheFantasyWorldSimulator/src/engine/phaseReputationTraits.ts:273:7)
    at runTick (C:/Users/chris/Dev/Projects/TheFantasyWorldSimulator/src/engine/orchestrator.ts:1896:18)
    at C:/Users/chris/Dev/Projects/TheFantasyWorldSimulator/src/engine/__tests__/content-layer1-integration.test.ts:213:19
    at file:///C:/Users/chris/Dev/Projects/TheFantasyWorldSimulator/node_modules/@vitest/runner/dist/index.js:145:11
    at file:///C:/Users/chris/Dev/Projects/TheFantasyWorldSimulator/node_modules/@vitest/runner/dist/index.js:915:26
    at file:///C:/Users/chris/Dev/Projects/TheFantasyWorldSimulator/node_modules/@vitest/runner/dist/index.js:1243:20
    at new Promise (<anonymous>)
    at runWithTimeout (file:///C:/Users/chris/Dev/Projects/TheFantasyWorldSimulator/node_modules/@vitest/runner/dist/index.js:1209:10)
[Orchestrator] Tick crashed, returning previous state: Error: Trait not found: trait.reputation.power.renown
    at assignTrait (C:/Users/chris/Dev/Projects/TheFantasyWorldSimulator/src/engine/traits.ts:44:25)
    at syncReputationTrait (C:/Users/chris/Dev/Projects/TheFantasyWorldSimulator/src/engine/phaseReputationTraits.ts:297:5)
    at phaseReputationTraits (C:/Users/chris/Dev/Projects/TheFantasyWorldSimulator/src/engine/phaseReputationTraits.ts:273:7)
    at runTick (C:/Users/chris/Dev/Projects/TheFantasyWorldSimulator/src/engine/orchestrator.ts:1896:18)
    at C:/Users/chris/Dev/Projects/TheFantasyWorldSimulator/src/engine/__tests__/content-layer1-integration.test.ts:217:18
    at file:///C:/Users/chris/Dev/Projects/TheFantasyWorldSimulator/node_modules/@vitest/runner/dist/index.js:145:11
    at file:///C:/Users/chris/Dev/Projects/TheFantasyWorldSimulator/node_modules/@vitest/runner/dist/index.js:915:26
    at file:///C:/Users/chris/Dev/Projects/TheFantasyWorldSimulator/node_modules/@vitest/runner/dist/index.js:1243:20
    at new Promise (<anonymous>)
    at runWithTimeout (file:///C:/Users/chris/Dev/Projects/TheFantasyWorldSimulator/node_modules/@vitest/runner/dist/index.js:1209:10)
[Orchestrator] Tick crashed, returning previous state: Error: Trait not found: trait.reputation.power.renown
    at assignTrait (C:/Users/chris/Dev/Projects/TheFantasyWorldSimulator/src/engine/traits.ts:44:25)
    at syncReputationTrait (C:/Users/chris/Dev/Projects/TheFantasyWorldSimulator/src/engine/phaseReputationTraits.ts:297:5)
    at phaseReputationTraits (C:/Users/chris/Dev/Projects/TheFantasyWorldSimulator/src/engine/phaseReputationTraits.ts:273:7)
    at runTick (C:/Users/chris/Dev/Projects/TheFantasyWorldSimulator/src/engine/orchestrator.ts:1896:18)
    at C:/Users/chris/Dev/Projects/TheFantasyWorldSimulator/src/engine/__tests__/content-layer1-integration.test.ts:213:19
    at file:///C:/Users/chris/Dev/Projects/TheFantasyWorldSimulator/node_modules/@vitest/runner/dist/index.js:145:11
    at file:///C:/Users/chris/Dev/Projects/TheFantasyWorldSimulator/node_modules/@vitest/runner/dist/index.js:915:26
    at file:///C:/Users/chris/Dev/Projects/TheFantasyWorldSimulator/node_modules/@vitest/runner/dist/index.js:1243:20
    at new Promise (<anonymous>)
    at runWithTimeout (file:///C:/Users/chris/Dev/Projects/TheFantasyWorldSimulator/node_modules/@vitest/runner/dist/index.js:1209:10)
[Orchestrator] Tick crashed, returning previous state: Error: Trait not found: trait.reputation.power.renown
    at assignTrait (C:/Users/chris/Dev/Projects/TheFantasyWorldSimulator/src/engine/traits.ts:44:25)
    at syncReputationTrait (C:/Users/chris/Dev/Projects/TheFantasyWorldSimulator/src/engine/phaseReputationTraits.ts:297:5)
    at phaseReputationTraits (C:/Users/chris/Dev/Projects/TheFantasyWorldSimulator/src/engine/phaseReputationTraits.ts:273:7)
    at runTick (C:/Users/chris/Dev/Projects/TheFantasyWorldSimulator/src/engine/orchestrator.ts:1896:18)
    at C:/Users/chris/Dev/Projects/TheFantasyWorldSimulator/src/engine/__tests__/content-layer1-integration.test.ts:217:18
    at file:///C:/Users/chris/Dev/Projects/TheFantasyWorldSimulator/node_modules/@vitest/runner/dist/index.js:145:11
    at file:///C:/Users/chris/Dev/Projects/TheFantasyWorldSimulator/node_modules/@vitest/runner/dist/index.js:915:26
    at file:///C:/Users/chris/Dev/Projects/TheFantasyWorldSimulator/node_modules/@vitest/runner/dist/index.js:1243:20
    at new Promise (<anonymous>)
    at runWithTimeout (file:///C:/Users/chris/Dev/Projects/TheFantasyWorldSimulator/node_modules/@vitest/runner/dist/index.js:1209:10)
[Orchestrator] Tick crashed, returning previous state: Error: Trait not found: trait.reputation.power.renown
    at assignTrait (C:/Users/chris/Dev/Projects/TheFantasyWorldSimulator/src/engine/traits.ts:44:25)
    at syncReputationTrait (C:/Users/chris/Dev/Projects/TheFantasyWorldSimulator/src/engine/phaseReputationTraits.ts:297:5)
    at phaseReputationTraits (C:/Users/chris/Dev/Projects/TheFantasyWorldSimulator/src/engine/phaseReputationTraits.ts:273:7)
    at runTick (C:/Users/chris/Dev/Projects/TheFantasyWorldSimulator/src/engine/orchestrator.ts:1896:18)
    at C:/Users/chris/Dev/Projects/TheFantasyWorldSimulator/src/engine/__tests__/content-layer1-integration.test.ts:213:19
    at file:///C:/Users/chris/Dev/Projects/TheFantasyWorldSimulator/node_modules/@vitest/runner/dist/index.js:145:11
    at file:///C:/Users/chris/Dev/Projects/TheFantasyWorldSimulator/node_modules/@vitest/runner/dist/index.js:915:26
    at file:///C:/Users/chris/Dev/Projects/TheFantasyWorldSimulator/node_modules/@vitest/runner/dist/index.js:1243:20
    at new Promise (<anonymous>)
    at runWithTimeout (file:///C:/Users/chris/Dev/Projects/TheFantasyWorldSimulator/node_modules/@vitest/runner/dist/index.js:1209:10)
[Orchestrator] Tick crashed, returning previous state: Error: Trait not found: trait.reputation.power.renown
    at assignTrait (C:/Users/chris/Dev/Projects/TheFantasyWorldSimulator/src/engine/traits.ts:44:25)
    at syncReputationTrait (C:/Users/chris/Dev/Projects/TheFantasyWorldSimulator/src/engine/phaseReputationTraits.ts:297:5)
    at phaseReputationTraits (C:/Users/chris/Dev/Projects/TheFantasyWorldSimulator/src/engine/phaseReputationTraits.ts:273:7)
    at runTick (C:/Users/chris/Dev/Projects/TheFantasyWorldSimulator/src/engine/orchestrator.ts:1896:18)
    at C:/Users/chris/Dev/Projects/TheFantasyWorldSimulator/src/engine/__tests__/content-layer1-integration.test.ts:217:18
    at file:///C:/Users/chris/Dev/Projects/TheFantasyWorldSimulator/node_modules/@vitest/runner/dist/index.js:145:11
    at file:///C:/Users/chris/Dev/Projects/TheFantasyWorldSimulator/node_modules/@vitest/runner/dist/index.js:915:26
    at file:///C:/Users/chris/Dev/Projects/TheFantasyWorldSimulator/node_modules/@vitest/runner/dist/index.js:1243:20
    at new Promise (<anonymous>)
    at runWithTimeout (file:///C:/Users/chris/Dev/Projects/TheFantasyWorldSimulator/node_modules/@vitest/runner/dist/index.js:1209:10)
[Orchestrator] Tick crashed, returning previous state: Error: Trait not found: trait.reputation.power.renown
    at assignTrait (C:/Users/chris/Dev/Projects/TheFantasyWorldSimulator/src/engine/traits.ts:44:25)
    at syncReputationTrait (C:/Users/chris/Dev/Projects/TheFantasyWorldSimulator/src/engine/phaseReputationTraits.ts:297:5)
    at phaseReputationTraits (C:/Users/chris/Dev/Projects/TheFantasyWorldSimulator/src/engine/phaseReputationTraits.ts:273:7)
    at runTick (C:/Users/chris/Dev/Projects/TheFantasyWorldSimulator/src/engine/orchestrator.ts:1896:18)
    at C:/Users/chris/Dev/Projects/TheFantasyWorldSimulator/src/engine/__tests__/content-layer1-integration.test.ts:213:19
    at file:///C:/Users/chris/Dev/Projects/TheFantasyWorldSimulator/node_modules/@vitest/runner/dist/index.js:145:11
    at file:///C:/Users/chris/Dev/Projects/TheFantasyWorldSimulator/node_modules/@vitest/runner/dist/index.js:915:26
    at file:///C:/Users/chris/Dev/Projects/TheFantasyWorldSimulator/node_modules/@vitest/runner/dist/index.js:1243:20
    at new Promise (<anonymous>)
    at runWithTimeout (file:///C:/Users/chris/Dev/Projects/TheFantasyWorldSimulator/node_modules/@vitest/runner/dist/index.js:1209:10)
[Orchestrator] Tick crashed, returning previous state: Error: Trait not found: trait.reputation.power.renown
    at assignTrait (C:/Users/chris/Dev/Projects/TheFantasyWorldSimulator/src/engine/traits.ts:44:25)
    at syncReputationTrait (C:/Users/chris/Dev/Projects/TheFantasyWorldSimulator/src/engine/phaseReputationTraits.ts:297:5)
    at phaseReputationTraits (C:/Users/chris/Dev/Projects/TheFantasyWorldSimulator/src/engine/phaseReputationTraits.ts:273:7)
    at runTick (C:/Users/chris/Dev/Projects/TheFantasyWorldSimulator/src/engine/orchestrator.ts:1896:18)
    at C:/Users/chris/Dev/Projects/TheFantasyWorldSimulator/src/engine/__tests__/content-layer1-integration.test.ts:217:18
    at file:///C:/Users/chris/Dev/Projects/TheFantasyWorldSimulator/node_modules/@vitest/runner/dist/index.js:145:11
    at file:///C:/Users/chris/Dev/Projects/TheFantasyWorldSimulator/node_modules/@vitest/runner/dist/index.js:915:26
    at file:///C:/Users/chris/Dev/Projects/TheFantasyWorldSimulator/node_modules/@vitest/runner/dist/index.js:1243:20
    at new Promise (<anonymous>)
    at runWithTimeout (file:///C:/Users/chris/Dev/Projects/TheFantasyWorldSimulator/node_modules/@vitest/runner/dist/index.js:1209:10)
[Orchestrator] Tick crashed, returning previous state: Error: Trait not found: trait.reputation.power.renown
    at assignTrait (C:/Users/chris/Dev/Projects/TheFantasyWorldSimulator/src/engine/traits.ts:44:25)
    at syncReputationTrait (C:/Users/chris/Dev/Projects/TheFantasyWorldSimulator/src/engine/phaseReputationTraits.ts:297:5)
    at phaseReputationTraits (C:/Users/chris/Dev/Projects/TheFantasyWorldSimulator/src/engine/phaseReputationTraits.ts:273:7)
    at runTick (C:/Users/chris/Dev/Projects/TheFantasyWorldSimulator/src/engine/orchestrator.ts:1896:18)
    at C:/Users/chris/Dev/Projects/TheFantasyWorldSimulator/src/engine/__tests__/content-layer1-integration.test.ts:213:19
    at file:///C:/Users/chris/Dev/Projects/TheFantasyWorldSimulator/node_modules/@vitest/runner/dist/index.js:145:11
    at file:///C:/Users/chris/Dev/Projects/TheFantasyWorldSimulator/node_modules/@vitest/runner/dist/index.js:915:26
    at file:///C:/Users/chris/Dev/Projects/TheFantasyWorldSimulator/node_modules/@vitest/runner/dist/index.js:1243:20
    at new Promise (<anonymous>)
    at runWithTimeout (file:///C:/Users/chris/Dev/Projects/TheFantasyWorldSimulator/node_modules/@vitest/runner/dist/index.js:1209:10)
[Orchestrator] Tick crashed, returning previous state: Error: Trait not found: trait.reputation.power.renown
    at assignTrait (C:/Users/chris/Dev/Projects/TheFantasyWorldSimulator/src/engine/traits.ts:44:25)
    at syncReputationTrait (C:/Users/chris/Dev/Projects/TheFantasyWorldSimulator/src/engine/phaseReputationTraits.ts:297:5)
    at phaseReputationTraits (C:/Users/chris/Dev/Projects/TheFantasyWorldSimulator/src/engine/phaseReputationTraits.ts:273:7)
    at runTick (C:/Users/chris/Dev/Projects/TheFantasyWorldSimulator/src/engine/orchestrator.ts:1896:18)
    at C:/Users/chris/Dev/Projects/TheFantasyWorldSimulator/src/engine/__tests__/content-layer1-integration.test.ts:217:18
    at file:///C:/Users/chris/Dev/Projects/TheFantasyWorldSimulator/node_modules/@vitest/runner/dist/index.js:145:11
    at file:///C:/Users/chris/Dev/Projects/TheFantasyWorldSimulator/node_modules/@vitest/runner/dist/index.js:915:26
    at file:///C:/Users/chris/Dev/Projects/TheFantasyWorldSimulator/node_modules/@vitest/runner/dist/index.js:1243:20
    at new Promise (<anonymous>)
    at runWithTimeout (file:///C:/Users/chris/Dev/Projects/TheFantasyWorldSimulator/node_modules/@vitest/runner/dist/index.js:1209:10)
[Orchestrator] Tick crashed, returning previous state: Error: Trait not found: trait.reputation.power.renown
    at assignTrait (C:/Users/chris/Dev/Projects/TheFantasyWorldSimulator/src/engine/traits.ts:44:25)
    at syncReputationTrait (C:/Users/chris/Dev/Projects/TheFantasyWorldSimulator/src/engine/phaseReputationTraits.ts:297:5)
    at phaseReputationTraits (C:/Users/chris/Dev/Projects/TheFantasyWorldSimulator/src/engine/phaseReputationTraits.ts:273:7)
    at runTick (C:/Users/chris/Dev/Projects/TheFantasyWorldSimulator/src/engine/orchestrator.ts:1896:18)
    at C:/Users/chris/Dev/Projects/TheFantasyWorldSimulator/src/engine/__tests__/content-layer1-integration.test.ts:213:19
    at file:///C:/Users/chris/Dev/Projects/TheFantasyWorldSimulator/node_modules/@vitest/runner/dist/index.js:145:11
    at file:///C:/Users/chris/Dev/Projects/TheFantasyWorldSimulator/node_modules/@vitest/runner/dist/index.js:915:26
    at file:///C:/Users/chris/Dev/Projects/TheFantasyWorldSimulator/node_modules/@vitest/runner/dist/index.js:1243:20
    at new Promise (<anonymous>)
    at runWithTimeout (file:///C:/Users/chris/Dev/Projects/TheFantasyWorldSimulator/node_modules/@vitest/runner/dist/index.js:1209:10)
[Orchestrator] Tick crashed, returning previous state: Error: Trait not found: trait.reputation.power.renown
    at assignTrait (C:/Users/chris/Dev/Projects/TheFantasyWorldSimulator/src/engine/traits.ts:44:25)
    at syncReputationTrait (C:/Users/chris/Dev/Projects/TheFantasyWorldSimulator/src/engine/phaseReputationTraits.ts:297:5)
    at phaseReputationTraits (C:/Users/chris/Dev/Projects/TheFantasyWorldSimulator/src/engine/phaseReputationTraits.ts:273:7)
    at runTick (C:/Users/chris/Dev/Projects/TheFantasyWorldSimulator/src/engine/orchestrator.ts:1896:18)
    at C:/Users/chris/Dev/Projects/TheFantasyWorldSimulator/src/engine/__tests__/content-layer1-integration.test.ts:217:18
    at file:///C:/Users/chris/Dev/Projects/TheFantasyWorldSimulator/node_modules/@vitest/runner/dist/index.js:145:11
    at file:///C:/Users/chris/Dev/Projects/TheFantasyWorldSimulator/node_modules/@vitest/runner/dist/index.js:915:26
    at file:///C:/Users/chris/Dev/Projects/TheFantasyWorldSimulator/node_modules/@vitest/runner/dist/index.js:1243:20
    at new Promise (<anonymous>)
    at runWithTimeout (file:///C:/Users/chris/Dev/Projects/TheFantasyWorldSimulator/node_modules/@vitest/runner/dist/index.js:1209:10)
[Orchestrator] Tick crashed, returning previous state: Error: Trait not found: trait.reputation.power.renown
    at assignTrait (C:/Users/chris/Dev/Projects/TheFantasyWorldSimulator/src/engine/traits.ts:44:25)
    at syncReputationTrait (C:/Users/chris/Dev/Projects/TheFantasyWorldSimulator/src/engine/phaseReputationTraits.ts:297:5)
    at phaseReputationTraits (C:/Users/chris/Dev/Projects/TheFantasyWorldSimulator/src/engine/phaseReputationTraits.ts:273:7)
    at runTick (C:/Users/chris/Dev/Projects/TheFantasyWorldSimulator/src/engine/orchestrator.ts:1896:18)
    at C:/Users/chris/Dev/Projects/TheFantasyWorldSimulator/src/engine/__tests__/content-layer1-integration.test.ts:213:19
    at file:///C:/Users/chris/Dev/Projects/TheFantasyWorldSimulator/node_modules/@vitest/runner/dist/index.js:145:11
    at file:///C:/Users/chris/Dev/Projects/TheFantasyWorldSimulator/node_modules/@vitest/runner/dist/index.js:915:26
    at file:///C:/Users/chris/Dev/Projects/TheFantasyWorldSimulator/node_modules/@vitest/runner/dist/index.js:1243:20
    at new Promise (<anonymous>)
    at runWithTimeout (file:///C:/Users/chris/Dev/Projects/TheFantasyWorldSimulator/node_modules/@vitest/runner/dist/index.js:1209:10)
[Orchestrator] Tick crashed, returning previous state: Error: Trait not found: trait.reputation.power.renown
    at assignTrait (C:/Users/chris/Dev/Projects/TheFantasyWorldSimulator/src/engine/traits.ts:44:25)
    at syncReputationTrait (C:/Users/chris/Dev/Projects/TheFantasyWorldSimulator/src/engine/phaseReputationTraits.ts:297:5)
    at phaseReputationTraits (C:/Users/chris/Dev/Projects/TheFantasyWorldSimulator/src/engine/phaseReputationTraits.ts:273:7)
    at runTick (C:/Users/chris/Dev/Projects/TheFantasyWorldSimulator/src/engine/orchestrator.ts:1896:18)
    at C:/Users/chris/Dev/Projects/TheFantasyWorldSimulator/src/engine/__tests__/content-layer1-integration.test.ts:217:18
    at file:///C:/Users/chris/Dev/Projects/TheFantasyWorldSimulator/node_modules/@vitest/runner/dist/index.js:145:11
    at file:///C:/Users/chris/Dev/Projects/TheFantasyWorldSimulator/node_modules/@vitest/runner/dist/index.js:915:26
    at file:///C:/Users/chris/Dev/Projects/TheFantasyWorldSimulator/node_modules/@vitest/runner/dist/index.js:1243:20
    at new Promise (<anonymous>)
    at runWithTimeout (file:///C:/Users/chris/Dev/Projects/TheFantasyWorldSimulator/node_modules/@vitest/runner/dist/index.js:1209:10)
[Orchestrator] Tick crashed, returning previous state: Error: Trait not found: trait.reputation.power.renown
    at assignTrait (C:/Users/chris/Dev/Projects/TheFantasyWorldSimulator/src/engine/traits.ts:44:25)
    at syncReputationTrait (C:/Users/chris/Dev/Projects/TheFantasyWorldSimulator/src/engine/phaseReputationTraits.ts:297:5)
    at phaseReputationTraits (C:/Users/chris/Dev/Projects/TheFantasyWorldSimulator/src/engine/phaseReputationTraits.ts:273:7)
    at runTick (C:/Users/chris/Dev/Projects/TheFantasyWorldSimulator/src/engine/orchestrator.ts:1896:18)
    at C:/Users/chris/Dev/Projects/TheFantasyWorldSimulator/src/engine/__tests__/content-layer1-integration.test.ts:213:19
    at file:///C:/Users/chris/Dev/Projects/TheFantasyWorldSimulator/node_modules/@vitest/runner/dist/index.js:145:11
    at file:///C:/Users/chris/Dev/Projects/TheFantasyWorldSimulator/node_modules/@vitest/runner/dist/index.js:915:26
    at file:///C:/Users/chris/Dev/Projects/TheFantasyWorldSimulator/node_modules/@vitest/runner/dist/index.js:1243:20
    at new Promise (<anonymous>)
    at runWithTimeout (file:///C:/Users/chris/Dev/Projects/TheFantasyWorldSimulator/node_modules/@vitest/runner/dist/index.js:1209:10)
[Orchestrator] Tick crashed, returning previous state: Error: Trait not found: trait.reputation.power.renown
    at assignTrait (C:/Users/chris/Dev/Projects/TheFantasyWorldSimulator/src/engine/traits.ts:44:25)
    at syncReputationTrait (C:/Users/chris/Dev/Projects/TheFantasyWorldSimulator/src/engine/phaseReputationTraits.ts:297:5)
    at phaseReputationTraits (C:/Users/chris/Dev/Projects/TheFantasyWorldSimulator/src/engine/phaseReputationTraits.ts:273:7)
    at runTick (C:/Users/chris/Dev/Projects/TheFantasyWorldSimulator/src/engine/orchestrator.ts:1896:18)
    at C:/Users/chris/Dev/Projects/TheFantasyWorldSimulator/src/engine/__tests__/content-layer1-integration.test.ts:217:18
    at file:///C:/Users/chris/Dev/Projects/TheFantasyWorldSimulator/node_modules/@vitest/runner/dist/index.js:145:11
    at file:///C:/Users/chris/Dev/Projects/TheFantasyWorldSimulator/node_modules/@vitest/runner/dist/index.js:915:26
    at file:///C:/Users/chris/Dev/Projects/TheFantasyWorldSimulator/node_modules/@vitest/runner/dist/index.js:1243:20
    at new Promise (<anonymous>)
    at runWithTimeout (file:///C:/Users/chris/Dev/Projects/TheFantasyWorldSimulator/node_modules/@vitest/runner/dist/index.js:1209:10)
[Orchestrator] Tick crashed, returning previous state: Error: Trait not found: trait.reputation.power.renown
    at assignTrait (C:/Users/chris/Dev/Projects/TheFantasyWorldSimulator/src/engine/traits.ts:44:25)
    at syncReputationTrait (C:/Users/chris/Dev/Projects/TheFantasyWorldSimulator/src/engine/phaseReputationTraits.ts:297:5)
    at phaseReputationTraits (C:/Users/chris/Dev/Projects/TheFantasyWorldSimulator/src/engine/phaseReputationTraits.ts:273:7)
    at runTick (C:/Users/chris/Dev/Projects/TheFantasyWorldSimulator/src/engine/orchestrator.ts:1896:18)
    at C:/Users/chris/Dev/Projects/TheFantasyWorldSimulator/src/engine/__tests__/content-layer1-integration.test.ts:213:19
    at file:///C:/Users/chris/Dev/Projects/TheFantasyWorldSimulator/node_modules/@vitest/runner/dist/index.js:145:11
    at file:///C:/Users/chris/Dev/Projects/TheFantasyWorldSimulator/node_modules/@vitest/runner/dist/index.js:915:26
    at file:///C:/Users/chris/Dev/Projects/TheFantasyWorldSimulator/node_modules/@vitest/runner/dist/index.js:1243:20
    at new Promise (<anonymous>)
    at runWithTimeout (file:///C:/Users/chris/Dev/Projects/TheFantasyWorldSimulator/node_modules/@vitest/runner/dist/index.js:1209:10)
[Orchestrator] Tick crashed, returning previous state: Error: Trait not found: trait.reputation.power.renown
    at assignTrait (C:/Users/chris/Dev/Projects/TheFantasyWorldSimulator/src/engine/traits.ts:44:25)
    at syncReputationTrait (C:/Users/chris/Dev/Projects/TheFantasyWorldSimulator/src/engine/phaseReputationTraits.ts:297:5)
    at phaseReputationTraits (C:/Users/chris/Dev/Projects/TheFantasyWorldSimulator/src/engine/phaseReputationTraits.ts:273:7)
    at runTick (C:/Users/chris/Dev/Projects/TheFantasyWorldSimulator/src/engine/orchestrator.ts:1896:18)
    at C:/Users/chris/Dev/Projects/TheFantasyWorldSimulator/src/engine/__tests__/content-layer1-integration.test.ts:217:18
    at file:///C:/Users/chris/Dev/Projects/TheFantasyWorldSimulator/node_modules/@vitest/runner/dist/index.js:145:11
    at file:///C:/Users/chris/Dev/Projects/TheFantasyWorldSimulator/node_modules/@vitest/runner/dist/index.js:915:26
    at file:///C:/Users/chris/Dev/Projects/TheFantasyWorldSimulator/node_modules/@vitest/runner/dist/index.js:1243:20
    at new Promise (<anonymous>)
    at runWithTimeout (file:///C:/Users/chris/Dev/Projects/TheFantasyWorldSimulator/node_modules/@vitest/runner/dist/index.js:1209:10)
[Orchestrator] Tick crashed, returning previous state: Error: Trait not found: trait.reputation.power.renown
    at assignTrait (C:/Users/chris/Dev/Projects/TheFantasyWorldSimulator/src/engine/traits.ts:44:25)
    at syncReputationTrait (C:/Users/chris/Dev/Projects/TheFantasyWorldSimulator/src/engine/phaseReputationTraits.ts:297:5)
    at phaseReputationTraits (C:/Users/chris/Dev/Projects/TheFantasyWorldSimulator/src/engine/phaseReputationTraits.ts:273:7)
    at runTick (C:/Users/chris/Dev/Projects/TheFantasyWorldSimulator/src/engine/orchestrator.ts:1896:18)
    at C:/Users/chris/Dev/Projects/TheFantasyWorldSimulator/src/engine/__tests__/content-layer1-integration.test.ts:213:19
    at file:///C:/Users/chris/Dev/Projects/TheFantasyWorldSimulator/node_modules/@vitest/runner/dist/index.js:145:11
    at file:///C:/Users/chris/Dev/Projects/TheFantasyWorldSimulator/node_modules/@vitest/runner/dist/index.js:915:26
    at file:///C:/Users/chris/Dev/Projects/TheFantasyWorldSimulator/node_modules/@vitest/runner/dist/index.js:1243:20
    at new Promise (<anonymous>)
    at runWithTimeout (file:///C:/Users/chris/Dev/Projects/TheFantasyWorldSimulator/node_modules/@vitest/runner/dist/index.js:1209:10)
[Orchestrator] Tick crashed, returning previous state: Error: Trait not found: trait.reputation.power.renown
    at assignTrait (C:/Users/chris/Dev/Projects/TheFantasyWorldSimulator/src/engine/traits.ts:44:25)
    at syncReputationTrait (C:/Users/chris/Dev/Projects/TheFantasyWorldSimulator/src/engine/phaseReputationTraits.ts:297:5)
    at phaseReputationTraits (C:/Users/chris/Dev/Projects/TheFantasyWorldSimulator/src/engine/phaseReputationTraits.ts:273:7)
    at runTick (C:/Users/chris/Dev/Projects/TheFantasyWorldSimulator/src/engine/orchestrator.ts:1896:18)
    at C:/Users/chris/Dev/Projects/TheFantasyWorldSimulator/src/engine/__tests__/content-layer1-integration.test.ts:217:18
    at file:///C:/Users/chris/Dev/Projects/TheFantasyWorldSimulator/node_modules/@vitest/runner/dist/index.js:145:11
    at file:///C:/Users/chris/Dev/Projects/TheFantasyWorldSimulator/node_modules/@vitest/runner/dist/index.js:915:26
    at file:///C:/Users/chris/Dev/Projects/TheFantasyWorldSimulator/node_modules/@vitest/runner/dist/index.js:1243:20
    at new Promise (<anonymous>)
    at runWithTimeout (file:///C:/Users/chris/Dev/Projects/TheFantasyWorldSimulator/node_modules/@vitest/runner/dist/index.js:1209:10)
[Orchestrator] Tick crashed, returning previous state: Error: Trait not found: trait.reputation.power.renown
    at assignTrait (C:/Users/chris/Dev/Projects/TheFantasyWorldSimulator/src/engine/traits.ts:44:25)
    at syncReputationTrait (C:/Users/chris/Dev/Projects/TheFantasyWorldSimulator/src/engine/phaseReputationTraits.ts:297:5)
    at phaseReputationTraits (C:/Users/chris/Dev/Projects/TheFantasyWorldSimulator/src/engine/phaseReputationTraits.ts:273:7)
    at runTick (C:/Users/chris/Dev/Projects/TheFantasyWorldSimulator/src/engine/orchestrator.ts:1896:18)
    at C:/Users/chris/Dev/Projects/TheFantasyWorldSimulator/src/engine/__tests__/content-layer1-integration.test.ts:213:19
    at file:///C:/Users/chris/Dev/Projects/TheFantasyWorldSimulator/node_modules/@vitest/runner/dist/index.js:145:11
    at file:///C:/Users/chris/Dev/Projects/TheFantasyWorldSimulator/node_modules/@vitest/runner/dist/index.js:915:26
    at file:///C:/Users/chris/Dev/Projects/TheFantasyWorldSimulator/node_modules/@vitest/runner/dist/index.js:1243:20
    at new Promise (<anonymous>)
    at runWithTimeout (file:///C:/Users/chris/Dev/Projects/TheFantasyWorldSimulator/node_modules/@vitest/runner/dist/index.js:1209:10)
[Orchestrator] Tick crashed, returning previous state: Error: Trait not found: trait.reputation.power.renown
    at assignTrait (C:/Users/chris/Dev/Projects/TheFantasyWorldSimulator/src/engine/traits.ts:44:25)
    at syncReputationTrait (C:/Users/chris/Dev/Projects/TheFantasyWorldSimulator/src/engine/phaseReputationTraits.ts:297:5)
    at phaseReputationTraits (C:/Users/chris/Dev/Projects/TheFantasyWorldSimulator/src/engine/phaseReputationTraits.ts:273:7)
    at runTick (C:/Users/chris/Dev/Projects/TheFantasyWorldSimulator/src/engine/orchestrator.ts:1896:18)
    at C:/Users/chris/Dev/Projects/TheFantasyWorldSimulator/src/engine/__tests__/content-layer1-integration.test.ts:217:18
    at file:///C:/Users/chris/Dev/Projects/TheFantasyWorldSimulator/node_modules/@vitest/runner/dist/index.js:145:11
    at file:///C:/Users/chris/Dev/Projects/TheFantasyWorldSimulator/node_modules/@vitest/runner/dist/index.js:915:26
    at file:///C:/Users/chris/Dev/Projects/TheFantasyWorldSimulator/node_modules/@vitest/runner/dist/index.js:1243:20
    at new Promise (<anonymous>)
    at runWithTimeout (file:///C:/Users/chris/Dev/Projects/TheFantasyWorldSimulator/node_modules/@vitest/runner/dist/index.js:1209:10)
[Orchestrator] Tick crashed, returning previous state: Error: Trait not found: trait.reputation.power.renown
    at assignTrait (C:/Users/chris/Dev/Projects/TheFantasyWorldSimulator/src/engine/traits.ts:44:25)
    at syncReputationTrait (C:/Users/chris/Dev/Projects/TheFantasyWorldSimulator/src/engine/phaseReputationTraits.ts:297:5)
    at phaseReputationTraits (C:/Users/chris/Dev/Projects/TheFantasyWorldSimulator/src/engine/phaseReputationTraits.ts:273:7)
    at runTick (C:/Users/chris/Dev/Projects/TheFantasyWorldSimulator/src/engine/orchestrator.ts:1896:18)
    at C:/Users/chris/Dev/Projects/TheFantasyWorldSimulator/src/engine/__tests__/content-layer1-integration.test.ts:213:19
    at file:///C:/Users/chris/Dev/Projects/TheFantasyWorldSimulator/node_modules/@vitest/runner/dist/index.js:145:11
    at file:///C:/Users/chris/Dev/Projects/TheFantasyWorldSimulator/node_modules/@vitest/runner/dist/index.js:915:26
    at file:///C:/Users/chris/Dev/Projects/TheFantasyWorldSimulator/node_modules/@vitest/runner/dist/index.js:1243:20
    at new Promise (<anonymous>)
    at runWithTimeout (file:///C:/Users/chris/Dev/Projects/TheFantasyWorldSimulator/node_modules/@vitest/runner/dist/index.js:1209:10)
[Orchestrator] Tick crashed, returning previous state: Error: Trait not found: trait.reputation.power.renown
    at assignTrait (C:/Users/chris/Dev/Projects/TheFantasyWorldSimulator/src/engine/traits.ts:44:25)
    at syncReputationTrait (C:/Users/chris/Dev/Projects/TheFantasyWorldSimulator/src/engine/phaseReputationTraits.ts:297:5)
    at phaseReputationTraits (C:/Users/chris/Dev/Projects/TheFantasyWorldSimulator/src/engine/phaseReputationTraits.ts:273:7)
    at runTick (C:/Users/chris/Dev/Projects/TheFantasyWorldSimulator/src/engine/orchestrator.ts:1896:18)
    at C:/Users/chris/Dev/Projects/TheFantasyWorldSimulator/src/engine/__tests__/content-layer1-integration.test.ts:217:18
    at file:///C:/Users/chris/Dev/Projects/TheFantasyWorldSimulator/node_modules/@vitest/runner/dist/index.js:145:11
    at file:///C:/Users/chris/Dev/Projects/TheFantasyWorldSimulator/node_modules/@vitest/runner/dist/index.js:915:26
    at file:///C:/Users/chris/Dev/Projects/TheFantasyWorldSimulator/node_modules/@vitest/runner/dist/index.js:1243:20
    at new Promise (<anonymous>)
    at runWithTimeout (file:///C:/Users/chris/Dev/Projects/TheFantasyWorldSimulator/node_modules/@vitest/runner/dist/index.js:1209:10)
[Orchestrator] Tick crashed, returning previous state: Error: Trait not found: trait.reputation.power.renown
    at assignTrait (C:/Users/chris/Dev/Projects/TheFantasyWorldSimulator/src/engine/traits.ts:44:25)
    at syncReputationTrait (C:/Users/chris/Dev/Projects/TheFantasyWorldSimulator/src/engine/phaseReputationTraits.ts:297:5)
    at phaseReputationTraits (C:/Users/chris/Dev/Projects/TheFantasyWorldSimulator/src/engine/phaseReputationTraits.ts:273:7)
    at runTick (C:/Users/chris/Dev/Projects/TheFantasyWorldSimulator/src/engine/orchestrator.ts:1896:18)
    at C:/Users/chris/Dev/Projects/TheFantasyWorldSimulator/src/engine/__tests__/content-layer1-integration.test.ts:213:19
    at file:///C:/Users/chris/Dev/Projects/TheFantasyWorldSimulator/node_modules/@vitest/runner/dist/index.js:145:11
    at file:///C:/Users/chris/Dev/Projects/TheFantasyWorldSimulator/node_modules/@vitest/runner/dist/index.js:915:26
    at file:///C:/Users/chris/Dev/Projects/TheFantasyWorldSimulator/node_modules/@vitest/runner/dist/index.js:1243:20
    at new Promise (<anonymous>)
    at runWithTimeout (file:///C:/Users/chris/Dev/Projects/TheFantasyWorldSimulator/node_modules/@vitest/runner/dist/index.js:1209:10)
[Orchestrator] Tick crashed, returning previous state: Error: Trait not found: trait.reputation.power.renown
    at assignTrait (C:/Users/chris/Dev/Projects/TheFantasyWorldSimulator/src/engine/traits.ts:44:25)
    at syncReputationTrait (C:/Users/chris/Dev/Projects/TheFantasyWorldSimulator/src/engine/phaseReputationTraits.ts:297:5)
    at phaseReputationTraits (C:/Users/chris/Dev/Projects/TheFantasyWorldSimulator/src/engine/phaseReputationTraits.ts:273:7)
    at runTick (C:/Users/chris/Dev/Projects/TheFantasyWorldSimulator/src/engine/orchestrator.ts:1896:18)
    at C:/Users/chris/Dev/Projects/TheFantasyWorldSimulator/src/engine/__tests__/content-layer1-integration.test.ts:217:18
    at file:///C:/Users/chris/Dev/Projects/TheFantasyWorldSimulator/node_modules/@vitest/runner/dist/index.js:145:11
    at file:///C:/Users/chris/Dev/Projects/TheFantasyWorldSimulator/node_modules/@vitest/runner/dist/index.js:915:26
    at file:///C:/Users/chris/Dev/Projects/TheFantasyWorldSimulator/node_modules/@vitest/runner/dist/index.js:1243:20
    at new Promise (<anonymous>)
    at runWithTimeout (file:///C:/Users/chris/Dev/Projects/TheFantasyWorldSimulator/node_modules/@vitest/runner/dist/index.js:1209:10)
[Orchestrator] Tick crashed, returning previous state: Error: Trait not found: trait.reputation.power.renown
    at assignTrait (C:/Users/chris/Dev/Projects/TheFantasyWorldSimulator/src/engine/traits.ts:44:25)
    at syncReputationTrait (C:/Users/chris/Dev/Projects/TheFantasyWorldSimulator/src/engine/phaseReputationTraits.ts:297:5)
    at phaseReputationTraits (C:/Users/chris/Dev/Projects/TheFantasyWorldSimulator/src/engine/phaseReputationTraits.ts:273:7)
    at runTick (C:/Users/chris/Dev/Projects/TheFantasyWorldSimulator/src/engine/orchestrator.ts:1896:18)
    at C:/Users/chris/Dev/Projects/TheFantasyWorldSimulator/src/engine/__tests__/content-layer1-integration.test.ts:213:19
    at file:///C:/Users/chris/Dev/Projects/TheFantasyWorldSimulator/node_modules/@vitest/runner/dist/index.js:145:11
    at file:///C:/Users/chris/Dev/Projects/TheFantasyWorldSimulator/node_modules/@vitest/runner/dist/index.js:915:26
    at file:///C:/Users/chris/Dev/Projects/TheFantasyWorldSimulator/node_modules/@vitest/runner/dist/index.js:1243:20
    at new Promise (<anonymous>)
    at runWithTimeout (file:///C:/Users/chris/Dev/Projects/TheFantasyWorldSimulator/node_modules/@vitest/runner/dist/index.js:1209:10)
[Orchestrator] Tick crashed, returning previous state: Error: Trait not found: trait.reputation.power.renown
    at assignTrait (C:/Users/chris/Dev/Projects/TheFantasyWorldSimulator/src/engine/traits.ts:44:25)
    at syncReputationTrait (C:/Users/chris/Dev/Projects/TheFantasyWorldSimulator/src/engine/phaseReputationTraits.ts:297:5)
    at phaseReputationTraits (C:/Users/chris/Dev/Projects/TheFantasyWorldSimulator/src/engine/phaseReputationTraits.ts:273:7)
    at runTick (C:/Users/chris/Dev/Projects/TheFantasyWorldSimulator/src/engine/orchestrator.ts:1896:18)
    at C:/Users/chris/Dev/Projects/TheFantasyWorldSimulator/src/engine/__tests__/content-layer1-integration.test.ts:217:18
    at file:///C:/Users/chris/Dev/Projects/TheFantasyWorldSimulator/node_modules/@vitest/runner/dist/index.js:145:11
    at file:///C:/Users/chris/Dev/Projects/TheFantasyWorldSimulator/node_modules/@vitest/runner/dist/index.js:915:26
    at file:///C:/Users/chris/Dev/Projects/TheFantasyWorldSimulator/node_modules/@vitest/runner/dist/index.js:1243:20
    at new Promise (<anonymous>)
    at runWithTimeout (file:///C:/Users/chris/Dev/Projects/TheFantasyWorldSimulator/node_modules/@vitest/runner/dist/index.js:1209:10)
[Orchestrator] Tick crashed, returning previous state: Error: Trait not found: trait.reputation.power.renown
    at assignTrait (C:/Users/chris/Dev/Projects/TheFantasyWorldSimulator/src/engine/traits.ts:44:25)
    at syncReputationTrait (C:/Users/chris/Dev/Projects/TheFantasyWorldSimulator/src/engine/phaseReputationTraits.ts:297:5)
    at phaseReputationTraits (C:/Users/chris/Dev/Projects/TheFantasyWorldSimulator/src/engine/phaseReputationTraits.ts:273:7)
    at runTick (C:/Users/chris/Dev/Projects/TheFantasyWorldSimulator/src/engine/orchestrator.ts:1896:18)
    at C:/Users/chris/Dev/Projects/TheFantasyWorldSimulator/src/engine/__tests__/content-layer1-integration.test.ts:213:19
    at file:///C:/Users/chris/Dev/Projects/TheFantasyWorldSimulator/node_modules/@vitest/runner/dist/index.js:145:11
    at file:///C:/Users/chris/Dev/Projects/TheFantasyWorldSimulator/node_modules/@vitest/runner/dist/index.js:915:26
    at file:///C:/Users/chris/Dev/Projects/TheFantasyWorldSimulator/node_modules/@vitest/runner/dist/index.js:1243:20
    at new Promise (<anonymous>)
    at runWithTimeout (file:///C:/Users/chris/Dev/Projects/TheFantasyWorldSimulator/node_modules/@vitest/runner/dist/index.js:1209:10)
[Orchestrator] Tick crashed, returning previous state: Error: Trait not found: trait.reputation.power.renown
    at assignTrait (C:/Users/chris/Dev/Projects/TheFantasyWorldSimulator/src/engine/traits.ts:44:25)
    at syncReputationTrait (C:/Users/chris/Dev/Projects/TheFantasyWorldSimulator/src/engine/phaseReputationTraits.ts:297:5)
    at phaseReputationTraits (C:/Users/chris/Dev/Projects/TheFantasyWorldSimulator/src/engine/phaseReputationTraits.ts:273:7)
    at runTick (C:/Users/chris/Dev/Projects/TheFantasyWorldSimulator/src/engine/orchestrator.ts:1896:18)
    at C:/Users/chris/Dev/Projects/TheFantasyWorldSimulator/src/engine/__tests__/content-layer1-integration.test.ts:217:18
    at file:///C:/Users/chris/Dev/Projects/TheFantasyWorldSimulator/node_modules/@vitest/runner/dist/index.js:145:11
    at file:///C:/Users/chris/Dev/Projects/TheFantasyWorldSimulator/node_modules/@vitest/runner/dist/index.js:915:26
    at file:///C:/Users/chris/Dev/Projects/TheFantasyWorldSimulator/node_modules/@vitest/runner/dist/index.js:1243:20
    at new Promise (<anonymous>)
    at runWithTimeout (file:///C:/Users/chris/Dev/Projects/TheFantasyWorldSimulator/node_modules/@vitest/runner/dist/index.js:1209:10)
[Orchestrator] Tick crashed, returning previous state: Error: Trait not found: trait.reputation.power.renown
    at assignTrait (C:/Users/chris/Dev/Projects/TheFantasyWorldSimulator/src/engine/traits.ts:44:25)
    at syncReputationTrait (C:/Users/chris/Dev/Projects/TheFantasyWorldSimulator/src/engine/phaseReputationTraits.ts:297:5)
    at phaseReputationTraits (C:/Users/chris/Dev/Projects/TheFantasyWorldSimulator/src/engine/phaseReputationTraits.ts:273:7)
    at runTick (C:/Users/chris/Dev/Projects/TheFantasyWorldSimulator/src/engine/orchestrator.ts:1896:18)
    at C:/Users/chris/Dev/Projects/TheFantasyWorldSimulator/src/engine/__tests__/content-layer1-integration.test.ts:213:19
    at file:///C:/Users/chris/Dev/Projects/TheFantasyWorldSimulator/node_modules/@vitest/runner/dist/index.js:145:11
    at file:///C:/Users/chris/Dev/Projects/TheFantasyWorldSimulator/node_modules/@vitest/runner/dist/index.js:915:26
    at file:///C:/Users/chris/Dev/Projects/TheFantasyWorldSimulator/node_modules/@vitest/runner/dist/index.js:1243:20
    at new Promise (<anonymous>)
    at runWithTimeout (file:///C:/Users/chris/Dev/Projects/TheFantasyWorldSimulator/node_modules/@vitest/runner/dist/index.js:1209:10)
[Orchestrator] Tick crashed, returning previous state: Error: Trait not found: trait.reputation.power.renown
    at assignTrait (C:/Users/chris/Dev/Projects/TheFantasyWorldSimulator/src/engine/traits.ts:44:25)
    at syncReputationTrait (C:/Users/chris/Dev/Projects/TheFantasyWorldSimulator/src/engine/phaseReputationTraits.ts:297:5)
    at phaseReputationTraits (C:/Users/chris/Dev/Projects/TheFantasyWorldSimulator/src/engine/phaseReputationTraits.ts:273:7)
    at runTick (C:/Users/chris/Dev/Projects/TheFantasyWorldSimulator/src/engine/orchestrator.ts:1896:18)
    at C:/Users/chris/Dev/Projects/TheFantasyWorldSimulator/src/engine/__tests__/content-layer1-integration.test.ts:217:18
    at file:///C:/Users/chris/Dev/Projects/TheFantasyWorldSimulator/node_modules/@vitest/runner/dist/index.js:145:11
    at file:///C:/Users/chris/Dev/Projects/TheFantasyWorldSimulator/node_modules/@vitest/runner/dist/index.js:915:26
    at file:///C:/Users/chris/Dev/Projects/TheFantasyWorldSimulator/node_modules/@vitest/runner/dist/index.js:1243:20
    at new Promise (<anonymous>)
    at runWithTimeout (file:///C:/Users/chris/Dev/Projects/TheFantasyWorldSimulator/node_modules/@vitest/runner/dist/index.js:1209:10)
[Orchestrator] Tick crashed, returning previous state: Error: Trait not found: trait.reputation.power.renown
    at assignTrait (C:/Users/chris/Dev/Projects/TheFantasyWorldSimulator/src/engine/traits.ts:44:25)
    at syncReputationTrait (C:/Users/chris/Dev/Projects/TheFantasyWorldSimulator/src/engine/phaseReputationTraits.ts:297:5)
    at phaseReputationTraits (C:/Users/chris/Dev/Projects/TheFantasyWorldSimulator/src/engine/phaseReputationTraits.ts:273:7)
    at runTick (C:/Users/chris/Dev/Projects/TheFantasyWorldSimulator/src/engine/orchestrator.ts:1896:18)
    at C:/Users/chris/Dev/Projects/TheFantasyWorldSimulator/src/engine/__tests__/content-layer1-integration.test.ts:213:19
    at file:///C:/Users/chris/Dev/Projects/TheFantasyWorldSimulator/node_modules/@vitest/runner/dist/index.js:145:11
    at file:///C:/Users/chris/Dev/Projects/TheFantasyWorldSimulator/node_modules/@vitest/runner/dist/index.js:915:26
    at file:///C:/Users/chris/Dev/Projects/TheFantasyWorldSimulator/node_modules/@vitest/runner/dist/index.js:1243:20
    at new Promise (<anonymous>)
    at runWithTimeout (file:///C:/Users/chris/Dev/Projects/TheFantasyWorldSimulator/node_modules/@vitest/runner/dist/index.js:1209:10)
[Orchestrator] Tick crashed, returning previous state: Error: Trait not found: trait.reputation.power.renown
    at assignTrait (C:/Users/chris/Dev/Projects/TheFantasyWorldSimulator/src/engine/traits.ts:44:25)
    at syncReputationTrait (C:/Users/chris/Dev/Projects/TheFantasyWorldSimulator/src/engine/phaseReputationTraits.ts:297:5)
    at phaseReputationTraits (C:/Users/chris/Dev/Projects/TheFantasyWorldSimulator/src/engine/phaseReputationTraits.ts:273:7)
    at runTick (C:/Users/chris/Dev/Projects/TheFantasyWorldSimulator/src/engine/orchestrator.ts:1896:18)
    at C:/Users/chris/Dev/Projects/TheFantasyWorldSimulator/src/engine/__tests__/content-layer1-integration.test.ts:217:18
    at file:///C:/Users/chris/Dev/Projects/TheFantasyWorldSimulator/node_modules/@vitest/runner/dist/index.js:145:11
    at file:///C:/Users/chris/Dev/Projects/TheFantasyWorldSimulator/node_modules/@vitest/runner/dist/index.js:915:26
    at file:///C:/Users/chris/Dev/Projects/TheFantasyWorldSimulator/node_modules/@vitest/runner/dist/index.js:1243:20
    at new Promise (<anonymous>)
    at runWithTimeout (file:///C:/Users/chris/Dev/Projects/TheFantasyWorldSimulator/node_modules/@vitest/runner/dist/index.js:1209:10)
[Orchestrator] Tick crashed, returning previous state: Error: Trait not found: trait.reputation.power.renown
    at assignTrait (C:/Users/chris/Dev/Projects/TheFantasyWorldSimulator/src/engine/traits.ts:44:25)
    at syncReputationTrait (C:/Users/chris/Dev/Projects/TheFantasyWorldSimulator/src/engine/phaseReputationTraits.ts:297:5)
    at phaseReputationTraits (C:/Users/chris/Dev/Projects/TheFantasyWorldSimulator/src/engine/phaseReputationTraits.ts:273:7)
    at runTick (C:/Users/chris/Dev/Projects/TheFantasyWorldSimulator/src/engine/orchestrator.ts:1896:18)
    at C:/Users/chris/Dev/Projects/TheFantasyWorldSimulator/src/engine/__tests__/content-layer1-integration.test.ts:213:19
    at file:///C:/Users/chris/Dev/Projects/TheFantasyWorldSimulator/node_modules/@vitest/runner/dist/index.js:145:11
    at file:///C:/Users/chris/Dev/Projects/TheFantasyWorldSimulator/node_modules/@vitest/runner/dist/index.js:915:26
    at file:///C:/Users/chris/Dev/Projects/TheFantasyWorldSimulator/node_modules/@vitest/runner/dist/index.js:1243:20
    at new Promise (<anonymous>)
    at runWithTimeout (file:///C:/Users/chris/Dev/Projects/TheFantasyWorldSimulator/node_modules/@vitest/runner/dist/index.js:1209:10)
[Orchestrator] Tick crashed, returning previous state: Error: Trait not found: trait.reputation.power.renown
    at assignTrait (C:/Users/chris/Dev/Projects/TheFantasyWorldSimulator/src/engine/traits.ts:44:25)
    at syncReputationTrait (C:/Users/chris/Dev/Projects/TheFantasyWorldSimulator/src/engine/phaseReputationTraits.ts:297:5)
    at phaseReputationTraits (C:/Users/chris/Dev/Projects/TheFantasyWorldSimulator/src/engine/phaseReputationTraits.ts:273:7)
    at runTick (C:/Users/chris/Dev/Projects/TheFantasyWorldSimulator/src/engine/orchestrator.ts:1896:18)
    at C:/Users/chris/Dev/Projects/TheFantasyWorldSimulator/src/engine/__tests__/content-layer1-integration.test.ts:217:18
    at file:///C:/Users/chris/Dev/Projects/TheFantasyWorldSimulator/node_modules/@vitest/runner/dist/index.js:145:11
    at file:///C:/Users/chris/Dev/Projects/TheFantasyWorldSimulator/node_modules/@vitest/runner/dist/index.js:915:26
    at file:///C:/Users/chris/Dev/Projects/TheFantasyWorldSimulator/node_modules/@vitest/runner/dist/index.js:1243:20
    at new Promise (<anonymous>)
    at runWithTimeout (file:///C:/Users/chris/Dev/Projects/TheFantasyWorldSimulator/node_modules/@vitest/runner/dist/index.js:1209:10)
[Orchestrator] Tick crashed, returning previous state: Error: Trait not found: trait.reputation.power.renown
    at assignTrait (C:/Users/chris/Dev/Projects/TheFantasyWorldSimulator/src/engine/traits.ts:44:25)
    at syncReputationTrait (C:/Users/chris/Dev/Projects/TheFantasyWorldSimulator/src/engine/phaseReputationTraits.ts:297:5)
    at phaseReputationTraits (C:/Users/chris/Dev/Projects/TheFantasyWorldSimulator/src/engine/phaseReputationTraits.ts:273:7)
    at runTick (C:/Users/chris/Dev/Projects/TheFantasyWorldSimulator/src/engine/orchestrator.ts:1896:18)
    at C:/Users/chris/Dev/Projects/TheFantasyWorldSimulator/src/engine/__tests__/content-layer1-integration.test.ts:213:19
    at file:///C:/Users/chris/Dev/Projects/TheFantasyWorldSimulator/node_modules/@vitest/runner/dist/index.js:145:11
    at file:///C:/Users/chris/Dev/Projects/TheFantasyWorldSimulator/node_modules/@vitest/runner/dist/index.js:915:26
    at file:///C:/Users/chris/Dev/Projects/TheFantasyWorldSimulator/node_modules/@vitest/runner/dist/index.js:1243:20
    at new Promise (<anonymous>)
    at runWithTimeout (file:///C:/Users/chris/Dev/Projects/TheFantasyWorldSimulator/node_modules/@vitest/runner/dist/index.js:1209:10)
[Orchestrator] Tick crashed, returning previous state: Error: Trait not found: trait.reputation.power.renown
    at assignTrait (C:/Users/chris/Dev/Projects/TheFantasyWorldSimulator/src/engine/traits.ts:44:25)
    at syncReputationTrait (C:/Users/chris/Dev/Projects/TheFantasyWorldSimulator/src/engine/phaseReputationTraits.ts:297:5)
    at phaseReputationTraits (C:/Users/chris/Dev/Projects/TheFantasyWorldSimulator/src/engine/phaseReputationTraits.ts:273:7)
    at runTick (C:/Users/chris/Dev/Projects/TheFantasyWorldSimulator/src/engine/orchestrator.ts:1896:18)
    at C:/Users/chris/Dev/Projects/TheFantasyWorldSimulator/src/engine/__tests__/content-layer1-integration.test.ts:217:18
    at file:///C:/Users/chris/Dev/Projects/TheFantasyWorldSimulator/node_modules/@vitest/runner/dist/index.js:145:11
    at file:///C:/Users/chris/Dev/Projects/TheFantasyWorldSimulator/node_modules/@vitest/runner/dist/index.js:915:26
    at file:///C:/Users/chris/Dev/Projects/TheFantasyWorldSimulator/node_modules/@vitest/runner/dist/index.js:1243:20
    at new Promise (<anonymous>)
    at runWithTimeout (file:///C:/Users/chris/Dev/Projects/TheFantasyWorldSimulator/node_modules/@vitest/runner/dist/index.js:1209:10)
[Orchestrator] Tick crashed, returning previous state: Error: Trait not found: trait.reputation.power.renown
    at assignTrait (C:/Users/chris/Dev/Projects/TheFantasyWorldSimulator/src/engine/traits.ts:44:25)
    at syncReputationTrait (C:/Users/chris/Dev/Projects/TheFantasyWorldSimulator/src/engine/phaseReputationTraits.ts:297:5)
    at phaseReputationTraits (C:/Users/chris/Dev/Projects/TheFantasyWorldSimulator/src/engine/phaseReputationTraits.ts:273:7)
    at runTick (C:/Users/chris/Dev/Projects/TheFantasyWorldSimulator/src/engine/orchestrator.ts:1896:18)
    at C:/Users/chris/Dev/Projects/TheFantasyWorldSimulator/src/engine/__tests__/content-layer1-integration.test.ts:213:19
    at file:///C:/Users/chris/Dev/Projects/TheFantasyWorldSimulator/node_modules/@vitest/runner/dist/index.js:145:11
    at file:///C:/Users/chris/Dev/Projects/TheFantasyWorldSimulator/node_modules/@vitest/runner/dist/index.js:915:26
    at file:///C:/Users/chris/Dev/Projects/TheFantasyWorldSimulator/node_modules/@vitest/runner/dist/index.js:1243:20
    at new Promise (<anonymous>)
    at runWithTimeout (file:///C:/Users/chris/Dev/Projects/TheFantasyWorldSimulator/node_modules/@vitest/runner/dist/index.js:1209:10)
[Orchestrator] Tick crashed, returning previous state: Error: Trait not found: trait.reputation.power.renown
    at assignTrait (C:/Users/chris/Dev/Projects/TheFantasyWorldSimulator/src/engine/traits.ts:44:25)
    at syncReputationTrait (C:/Users/chris/Dev/Projects/TheFantasyWorldSimulator/src/engine/phaseReputationTraits.ts:297:5)
    at phaseReputationTraits (C:/Users/chris/Dev/Projects/TheFantasyWorldSimulator/src/engine/phaseReputationTraits.ts:273:7)
    at runTick (C:/Users/chris/Dev/Projects/TheFantasyWorldSimulator/src/engine/orchestrator.ts:1896:18)
    at C:/Users/chris/Dev/Projects/TheFantasyWorldSimulator/src/engine/__tests__/content-layer1-integration.test.ts:217:18
    at file:///C:/Users/chris/Dev/Projects/TheFantasyWorldSimulator/node_modules/@vitest/runner/dist/index.js:145:11
    at file:///C:/Users/chris/Dev/Projects/TheFantasyWorldSimulator/node_modules/@vitest/runner/dist/index.js:915:26
    at file:///C:/Users/chris/Dev/Projects/TheFantasyWorldSimulator/node_modules/@vitest/runner/dist/index.js:1243:20
    at new Promise (<anonymous>)
    at runWithTimeout (file:///C:/Users/chris/Dev/Projects/TheFantasyWorldSimulator/node_modules/@vitest/runner/dist/index.js:1209:10)
[Orchestrator] Tick crashed, returning previous state: Error: Trait not found: trait.reputation.power.renown
    at assignTrait (C:/Users/chris/Dev/Projects/TheFantasyWorldSimulator/src/engine/traits.ts:44:25)
    at syncReputationTrait (C:/Users/chris/Dev/Projects/TheFantasyWorldSimulator/src/engine/phaseReputationTraits.ts:297:5)
    at phaseReputationTraits (C:/Users/chris/Dev/Projects/TheFantasyWorldSimulator/src/engine/phaseReputationTraits.ts:273:7)
    at runTick (C:/Users/chris/Dev/Projects/TheFantasyWorldSimulator/src/engine/orchestrator.ts:1896:18)
    at C:/Users/chris/Dev/Projects/TheFantasyWorldSimulator/src/engine/__tests__/content-layer1-integration.test.ts:213:19
    at file:///C:/Users/chris/Dev/Projects/TheFantasyWorldSimulator/node_modules/@vitest/runner/dist/index.js:145:11
    at file:///C:/Users/chris/Dev/Projects/TheFantasyWorldSimulator/node_modules/@vitest/runner/dist/index.js:915:26
    at file:///C:/Users/chris/Dev/Projects/TheFantasyWorldSimulator/node_modules/@vitest/runner/dist/index.js:1243:20
    at new Promise (<anonymous>)
    at runWithTimeout (file:///C:/Users/chris/Dev/Projects/TheFantasyWorldSimulator/node_modules/@vitest/runner/dist/index.js:1209:10)
[Orchestrator] Tick crashed, returning previous state: Error: Trait not found: trait.reputation.power.renown
    at assignTrait (C:/Users/chris/Dev/Projects/TheFantasyWorldSimulator/src/engine/traits.ts:44:25)
    at syncReputationTrait (C:/Users/chris/Dev/Projects/TheFantasyWorldSimulator/src/engine/phaseReputationTraits.ts:297:5)
    at phaseReputationTraits (C:/Users/chris/Dev/Projects/TheFantasyWorldSimulator/src/engine/phaseReputationTraits.ts:273:7)
    at runTick (C:/Users/chris/Dev/Projects/TheFantasyWorldSimulator/src/engine/orchestrator.ts:1896:18)
    at C:/Users/chris/Dev/Projects/TheFantasyWorldSimulator/src/engine/__tests__/content-layer1-integration.test.ts:217:18
    at file:///C:/Users/chris/Dev/Projects/TheFantasyWorldSimulator/node_modules/@vitest/runner/dist/index.js:145:11
    at file:///C:/Users/chris/Dev/Projects/TheFantasyWorldSimulator/node_modules/@vitest/runner/dist/index.js:915:26
    at file:///C:/Users/chris/Dev/Projects/TheFantasyWorldSimulator/node_modules/@vitest/runner/dist/index.js:1243:20
    at new Promise (<anonymous>)
    at runWithTimeout (file:///C:/Users/chris/Dev/Projects/TheFantasyWorldSimulator/node_modules/@vitest/runner/dist/index.js:1209:10)
[Orchestrator] Tick crashed, returning previous state: Error: Trait not found: trait.reputation.power.renown
    at assignTrait (C:/Users/chris/Dev/Projects/TheFantasyWorldSimulator/src/engine/traits.ts:44:25)
    at syncReputationTrait (C:/Users/chris/Dev/Projects/TheFantasyWorldSimulator/src/engine/phaseReputationTraits.ts:297:5)
    at phaseReputationTraits (C:/Users/chris/Dev/Projects/TheFantasyWorldSimulator/src/engine/phaseReputationTraits.ts:273:7)
    at runTick (C:/Users/chris/Dev/Projects/TheFantasyWorldSimulator/src/engine/orchestrator.ts:1896:18)
    at C:/Users/chris/Dev/Projects/TheFantasyWorldSimulator/src/engine/__tests__/content-layer1-integration.test.ts:213:19
    at file:///C:/Users/chris/Dev/Projects/TheFantasyWorldSimulator/node_modules/@vitest/runner/dist/index.js:145:11
    at file:///C:/Users/chris/Dev/Projects/TheFantasyWorldSimulator/node_modules/@vitest/runner/dist/index.js:915:26
    at file:///C:/Users/chris/Dev/Projects/TheFantasyWorldSimulator/node_modules/@vitest/runner/dist/index.js:1243:20
    at new Promise (<anonymous>)
    at runWithTimeout (file:///C:/Users/chris/Dev/Projects/TheFantasyWorldSimulator/node_modules/@vitest/runner/dist/index.js:1209:10)
[Orchestrator] Tick crashed, returning previous state: Error: Trait not found: trait.reputation.power.renown
    at assignTrait (C:/Users/chris/Dev/Projects/TheFantasyWorldSimulator/src/engine/traits.ts:44:25)
    at syncReputationTrait (C:/Users/chris/Dev/Projects/TheFantasyWorldSimulator/src/engine/phaseReputationTraits.ts:297:5)
    at phaseReputationTraits (C:/Users/chris/Dev/Projects/TheFantasyWorldSimulator/src/engine/phaseReputationTraits.ts:273:7)
    at runTick (C:/Users/chris/Dev/Projects/TheFantasyWorldSimulator/src/engine/orchestrator.ts:1896:18)
    at C:/Users/chris/Dev/Projects/TheFantasyWorldSimulator/src/engine/__tests__/content-layer1-integration.test.ts:217:18
    at file:///C:/Users/chris/Dev/Projects/TheFantasyWorldSimulator/node_modules/@vitest/runner/dist/index.js:145:11
    at file:///C:/Users/chris/Dev/Projects/TheFantasyWorldSimulator/node_modules/@vitest/runner/dist/index.js:915:26
    at file:///C:/Users/chris/Dev/Projects/TheFantasyWorldSimulator/node_modules/@vitest/runner/dist/index.js:1243:20
    at new Promise (<anonymous>)
    at runWithTimeout (file:///C:/Users/chris/Dev/Projects/TheFantasyWorldSimulator/node_modules/@vitest/runner/dist/index.js:1209:10)
[Orchestrator] Tick crashed, returning previous state: Error: Trait not found: trait.reputation.power.renown
    at assignTrait (C:/Users/chris/Dev/Projects/TheFantasyWorldSimulator/src/engine/traits.ts:44:25)
    at syncReputationTrait (C:/Users/chris/Dev/Projects/TheFantasyWorldSimulator/src/engine/phaseReputationTraits.ts:297:5)
    at phaseReputationTraits (C:/Users/chris/Dev/Projects/TheFantasyWorldSimulator/src/engine/phaseReputationTraits.ts:273:7)
    at runTick (C:/Users/chris/Dev/Projects/TheFantasyWorldSimulator/src/engine/orchestrator.ts:1896:18)
    at C:/Users/chris/Dev/Projects/TheFantasyWorldSimulator/src/engine/__tests__/content-layer1-integration.test.ts:213:19
    at file:///C:/Users/chris/Dev/Projects/TheFantasyWorldSimulator/node_modules/@vitest/runner/dist/index.js:145:11
    at file:///C:/Users/chris/Dev/Projects/TheFantasyWorldSimulator/node_modules/@vitest/runner/dist/index.js:915:26
    at file:///C:/Users/chris/Dev/Projects/TheFantasyWorldSimulator/node_modules/@vitest/runner/dist/index.js:1243:20
    at new Promise (<anonymous>)
    at runWithTimeout (file:///C:/Users/chris/Dev/Projects/TheFantasyWorldSimulator/node_modules/@vitest/runner/dist/index.js:1209:10)
[Orchestrator] Tick crashed, returning previous state: Error: Trait not found: trait.reputation.power.renown
    at assignTrait (C:/Users/chris/Dev/Projects/TheFantasyWorldSimulator/src/engine/traits.ts:44:25)
    at syncReputationTrait (C:/Users/chris/Dev/Projects/TheFantasyWorldSimulator/src/engine/phaseReputationTraits.ts:297:5)
    at phaseReputationTraits (C:/Users/chris/Dev/Projects/TheFantasyWorldSimulator/src/engine/phaseReputationTraits.ts:273:7)
    at runTick (C:/Users/chris/Dev/Projects/TheFantasyWorldSimulator/src/engine/orchestrator.ts:1896:18)
    at C:/Users/chris/Dev/Projects/TheFantasyWorldSimulator/src/engine/__tests__/content-layer1-integration.test.ts:217:18
    at file:///C:/Users/chris/Dev/Projects/TheFantasyWorldSimulator/node_modules/@vitest/runner/dist/index.js:145:11
    at file:///C:/Users/chris/Dev/Projects/TheFantasyWorldSimulator/node_modules/@vitest/runner/dist/index.js:915:26
    at file:///C:/Users/chris/Dev/Projects/TheFantasyWorldSimulator/node_modules/@vitest/runner/dist/index.js:1243:20
    at new Promise (<anonymous>)
    at runWithTimeout (file:///C:/Users/chris/Dev/Projects/TheFantasyWorldSimulator/node_modules/@vitest/runner/dist/index.js:1209:10)
[Orchestrator] Tick crashed, returning previous state: Error: Trait not found: trait.reputation.power.renown
    at assignTrait (C:/Users/chris/Dev/Projects/TheFantasyWorldSimulator/src/engine/traits.ts:44:25)
    at syncReputationTrait (C:/Users/chris/Dev/Projects/TheFantasyWorldSimulator/src/engine/phaseReputationTraits.ts:297:5)
    at phaseReputationTraits (C:/Users/chris/Dev/Projects/TheFantasyWorldSimulator/src/engine/phaseReputationTraits.ts:273:7)
    at runTick (C:/Users/chris/Dev/Projects/TheFantasyWorldSimulator/src/engine/orchestrator.ts:1896:18)
    at C:/Users/chris/Dev/Projects/TheFantasyWorldSimulator/src/engine/__tests__/content-layer1-integration.test.ts:213:19
    at file:///C:/Users/chris/Dev/Projects/TheFantasyWorldSimulator/node_modules/@vitest/runner/dist/index.js:145:11
    at file:///C:/Users/chris/Dev/Projects/TheFantasyWorldSimulator/node_modules/@vitest/runner/dist/index.js:915:26
    at file:///C:/Users/chris/Dev/Projects/TheFantasyWorldSimulator/node_modules/@vitest/runner/dist/index.js:1243:20
    at new Promise (<anonymous>)
    at runWithTimeout (file:///C:/Users/chris/Dev/Projects/TheFantasyWorldSimulator/node_modules/@vitest/runner/dist/index.js:1209:10)
[Orchestrator] Tick crashed, returning previous state: Error: Trait not found: trait.reputation.power.renown
    at assignTrait (C:/Users/chris/Dev/Projects/TheFantasyWorldSimulator/src/engine/traits.ts:44:25)
    at syncReputationTrait (C:/Users/chris/Dev/Projects/TheFantasyWorldSimulator/src/engine/phaseReputationTraits.ts:297:5)
    at phaseReputationTraits (C:/Users/chris/Dev/Projects/TheFantasyWorldSimulator/src/engine/phaseReputationTraits.ts:273:7)
    at runTick (C:/Users/chris/Dev/Projects/TheFantasyWorldSimulator/src/engine/orchestrator.ts:1896:18)
    at C:/Users/chris/Dev/Projects/TheFantasyWorldSimulator/src/engine/__tests__/content-layer1-integration.test.ts:217:18
    at file:///C:/Users/chris/Dev/Projects/TheFantasyWorldSimulator/node_modules/@vitest/runner/dist/index.js:145:11
    at file:///C:/Users/chris/Dev/Projects/TheFantasyWorldSimulator/node_modules/@vitest/runner/dist/index.js:915:26
    at file:///C:/Users/chris/Dev/Projects/TheFantasyWorldSimulator/node_modules/@vitest/runner/dist/index.js:1243:20
    at new Promise (<anonymous>)
    at runWithTimeout (file:///C:/Users/chris/Dev/Projects/TheFantasyWorldSimulator/node_modules/@vitest/runner/dist/index.js:1209:10)
[Orchestrator] Tick crashed, returning previous state: Error: Trait not found: trait.reputation.power.renown
    at assignTrait (C:/Users/chris/Dev/Projects/TheFantasyWorldSimulator/src/engine/traits.ts:44:25)
    at syncReputationTrait (C:/Users/chris/Dev/Projects/TheFantasyWorldSimulator/src/engine/phaseReputationTraits.ts:297:5)
    at phaseReputationTraits (C:/Users/chris/Dev/Projects/TheFantasyWorldSimulator/src/engine/phaseReputationTraits.ts:273:7)
    at runTick (C:/Users/chris/Dev/Projects/TheFantasyWorldSimulator/src/engine/orchestrator.ts:1896:18)
    at C:/Users/chris/Dev/Projects/TheFantasyWorldSimulator/src/engine/__tests__/content-layer1-integration.test.ts:213:19
    at file:///C:/Users/chris/Dev/Projects/TheFantasyWorldSimulator/node_modules/@vitest/runner/dist/index.js:145:11
    at file:///C:/Users/chris/Dev/Projects/TheFantasyWorldSimulator/node_modules/@vitest/runner/dist/index.js:915:26
    at file:///C:/Users/chris/Dev/Projects/TheFantasyWorldSimulator/node_modules/@vitest/runner/dist/index.js:1243:20
    at new Promise (<anonymous>)
    at runWithTimeout (file:///C:/Users/chris/Dev/Projects/TheFantasyWorldSimulator/node_modules/@vitest/runner/dist/index.js:1209:10)
[Orchestrator] Tick crashed, returning previous state: Error: Trait not found: trait.reputation.power.renown
    at assignTrait (C:/Users/chris/Dev/Projects/TheFantasyWorldSimulator/src/engine/traits.ts:44:25)
    at syncReputationTrait (C:/Users/chris/Dev/Projects/TheFantasyWorldSimulator/src/engine/phaseReputationTraits.ts:297:5)
    at phaseReputationTraits (C:/Users/chris/Dev/Projects/TheFantasyWorldSimulator/src/engine/phaseReputationTraits.ts:273:7)
    at runTick (C:/Users/chris/Dev/Projects/TheFantasyWorldSimulator/src/engine/orchestrator.ts:1896:18)
    at C:/Users/chris/Dev/Projects/TheFantasyWorldSimulator/src/engine/__tests__/content-layer1-integration.test.ts:217:18
    at file:///C:/Users/chris/Dev/Projects/TheFantasyWorldSimulator/node_modules/@vitest/runner/dist/index.js:145:11
    at file:///C:/Users/chris/Dev/Projects/TheFantasyWorldSimulator/node_modules/@vitest/runner/dist/index.js:915:26
    at file:///C:/Users/chris/Dev/Projects/TheFantasyWorldSimulator/node_modules/@vitest/runner/dist/index.js:1243:20
    at new Promise (<anonymous>)
    at runWithTimeout (file:///C:/Users/chris/Dev/Projects/TheFantasyWorldSimulator/node_modules/@vitest/runner/dist/index.js:1209:10)
[Orchestrator] Tick crashed, returning previous state: Error: Trait not found: trait.reputation.power.renown
    at assignTrait (C:/Users/chris/Dev/Projects/TheFantasyWorldSimulator/src/engine/traits.ts:44:25)
    at syncReputationTrait (C:/Users/chris/Dev/Projects/TheFantasyWorldSimulator/src/engine/phaseReputationTraits.ts:297:5)
    at phaseReputationTraits (C:/Users/chris/Dev/Projects/TheFantasyWorldSimulator/src/engine/phaseReputationTraits.ts:273:7)
    at runTick (C:/Users/chris/Dev/Projects/TheFantasyWorldSimulator/src/engine/orchestrator.ts:1896:18)
    at C:/Users/chris/Dev/Projects/TheFantasyWorldSimulator/src/engine/__tests__/content-layer1-integration.test.ts:213:19
    at file:///C:/Users/chris/Dev/Projects/TheFantasyWorldSimulator/node_modules/@vitest/runner/dist/index.js:145:11
    at file:///C:/Users/chris/Dev/Projects/TheFantasyWorldSimulator/node_modules/@vitest/runner/dist/index.js:915:26
    at file:///C:/Users/chris/Dev/Projects/TheFantasyWorldSimulator/node_modules/@vitest/runner/dist/index.js:1243:20
    at new Promise (<anonymous>)
    at runWithTimeout (file:///C:/Users/chris/Dev/Projects/TheFantasyWorldSimulator/node_modules/@vitest/runner/dist/index.js:1209:10)
[Orchestrator] Tick crashed, returning previous state: Error: Trait not found: trait.reputation.power.renown
    at assignTrait (C:/Users/chris/Dev/Projects/TheFantasyWorldSimulator/src/engine/traits.ts:44:25)
    at syncReputationTrait (C:/Users/chris/Dev/Projects/TheFantasyWorldSimulator/src/engine/phaseReputationTraits.ts:297:5)
    at phaseReputationTraits (C:/Users/chris/Dev/Projects/TheFantasyWorldSimulator/src/engine/phaseReputationTraits.ts:273:7)
    at runTick (C:/Users/chris/Dev/Projects/TheFantasyWorldSimulator/src/engine/orchestrator.ts:1896:18)
    at C:/Users/chris/Dev/Projects/TheFantasyWorldSimulator/src/engine/__tests__/content-layer1-integration.test.ts:217:18
    at file:///C:/Users/chris/Dev/Projects/TheFantasyWorldSimulator/node_modules/@vitest/runner/dist/index.js:145:11
    at file:///C:/Users/chris/Dev/Projects/TheFantasyWorldSimulator/node_modules/@vitest/runner/dist/index.js:915:26
    at file:///C:/Users/chris/Dev/Projects/TheFantasyWorldSimulator/node_modules/@vitest/runner/dist/index.js:1243:20
    at new Promise (<anonymous>)
    at runWithTimeout (file:///C:/Users/chris/Dev/Projects/TheFantasyWorldSimulator/node_modules/@vitest/runner/dist/index.js:1209:10)
[Orchestrator] Tick crashed, returning previous state: Error: Trait not found: trait.reputation.power.renown
    at assignTrait (C:/Users/chris/Dev/Projects/TheFantasyWorldSimulator/src/engine/traits.ts:44:25)
    at syncReputationTrait (C:/Users/chris/Dev/Projects/TheFantasyWorldSimulator/src/engine/phaseReputationTraits.ts:297:5)
    at phaseReputationTraits (C:/Users/chris/Dev/Projects/TheFantasyWorldSimulator/src/engine/phaseReputationTraits.ts:273:7)
    at runTick (C:/Users/chris/Dev/Projects/TheFantasyWorldSimulator/src/engine/orchestrator.ts:1896:18)
    at C:/Users/chris/Dev/Projects/TheFantasyWorldSimulator/src/engine/__tests__/content-layer1-integration.test.ts:213:19
    at file:///C:/Users/chris/Dev/Projects/TheFantasyWorldSimulator/node_modules/@vitest/runner/dist/index.js:145:11
    at file:///C:/Users/chris/Dev/Projects/TheFantasyWorldSimulator/node_modules/@vitest/runner/dist/index.js:915:26
    at file:///C:/Users/chris/Dev/Projects/TheFantasyWorldSimulator/node_modules/@vitest/runner/dist/index.js:1243:20
    at new Promise (<anonymous>)
    at runWithTimeout (file:///C:/Users/chris/Dev/Projects/TheFantasyWorldSimulator/node_modules/@vitest/runner/dist/index.js:1209:10)
[Orchestrator] Tick crashed, returning previous state: Error: Trait not found: trait.reputation.power.renown
    at assignTrait (C:/Users/chris/Dev/Projects/TheFantasyWorldSimulator/src/engine/traits.ts:44:25)
    at syncReputationTrait (C:/Users/chris/Dev/Projects/TheFantasyWorldSimulator/src/engine/phaseReputationTraits.ts:297:5)
    at phaseReputationTraits (C:/Users/chris/Dev/Projects/TheFantasyWorldSimulator/src/engine/phaseReputationTraits.ts:273:7)
    at runTick (C:/Users/chris/Dev/Projects/TheFantasyWorldSimulator/src/engine/orchestrator.ts:1896:18)
    at C:/Users/chris/Dev/Projects/TheFantasyWorldSimulator/src/engine/__tests__/content-layer1-integration.test.ts:217:18
    at file:///C:/Users/chris/Dev/Projects/TheFantasyWorldSimulator/node_modules/@vitest/runner/dist/index.js:145:11
    at file:///C:/Users/chris/Dev/Projects/TheFantasyWorldSimulator/node_modules/@vitest/runner/dist/index.js:915:26
    at file:///C:/Users/chris/Dev/Projects/TheFantasyWorldSimulator/node_modules/@vitest/runner/dist/index.js:1243:20
    at new Promise (<anonymous>)
    at runWithTimeout (file:///C:/Users/chris/Dev/Projects/TheFantasyWorldSimulator/node_modules/@vitest/runner/dist/index.js:1209:10)
[Orchestrator] Tick crashed, returning previous state: Error: Trait not found: trait.reputation.power.renown
    at assignTrait (C:/Users/chris/Dev/Projects/TheFantasyWorldSimulator/src/engine/traits.ts:44:25)
    at syncReputationTrait (C:/Users/chris/Dev/Projects/TheFantasyWorldSimulator/src/engine/phaseReputationTraits.ts:297:5)
    at phaseReputationTraits (C:/Users/chris/Dev/Projects/TheFantasyWorldSimulator/src/engine/phaseReputationTraits.ts:273:7)
    at runTick (C:/Users/chris/Dev/Projects/TheFantasyWorldSimulator/src/engine/orchestrator.ts:1896:18)
    at C:/Users/chris/Dev/Projects/TheFantasyWorldSimulator/src/engine/__tests__/content-layer1-integration.test.ts:213:19
    at file:///C:/Users/chris/Dev/Projects/TheFantasyWorldSimulator/node_modules/@vitest/runner/dist/index.js:145:11
    at file:///C:/Users/chris/Dev/Projects/TheFantasyWorldSimulator/node_modules/@vitest/runner/dist/index.js:915:26
    at file:///C:/Users/chris/Dev/Projects/TheFantasyWorldSimulator/node_modules/@vitest/runner/dist/index.js:1243:20
    at new Promise (<anonymous>)
    at runWithTimeout (file:///C:/Users/chris/Dev/Projects/TheFantasyWorldSimulator/node_modules/@vitest/runner/dist/index.js:1209:10)
[Orchestrator] Tick crashed, returning previous state: Error: Trait not found: trait.reputation.power.renown
    at assignTrait (C:/Users/chris/Dev/Projects/TheFantasyWorldSimulator/src/engine/traits.ts:44:25)
    at syncReputationTrait (C:/Users/chris/Dev/Projects/TheFantasyWorldSimulator/src/engine/phaseReputationTraits.ts:297:5)
    at phaseReputationTraits (C:/Users/chris/Dev/Projects/TheFantasyWorldSimulator/src/engine/phaseReputationTraits.ts:273:7)
    at runTick (C:/Users/chris/Dev/Projects/TheFantasyWorldSimulator/src/engine/orchestrator.ts:1896:18)
    at C:/Users/chris/Dev/Projects/TheFantasyWorldSimulator/src/engine/__tests__/content-layer1-integration.test.ts:217:18
    at file:///C:/Users/chris/Dev/Projects/TheFantasyWorldSimulator/node_modules/@vitest/runner/dist/index.js:145:11
    at file:///C:/Users/chris/Dev/Projects/TheFantasyWorldSimulator/node_modules/@vitest/runner/dist/index.js:915:26
    at file:///C:/Users/chris/Dev/Projects/TheFantasyWorldSimulator/node_modules/@vitest/runner/dist/index.js:1243:20
    at new Promise (<anonymous>)
    at runWithTimeout (file:///C:/Users/chris/Dev/Projects/TheFantasyWorldSimulator/node_modules/@vitest/runner/dist/index.js:1209:10)
[Orchestrator] Tick crashed, returning previous state: Error: Trait not found: trait.reputation.power.renown
    at assignTrait (C:/Users/chris/Dev/Projects/TheFantasyWorldSimulator/src/engine/traits.ts:44:25)
    at syncReputationTrait (C:/Users/chris/Dev/Projects/TheFantasyWorldSimulator/src/engine/phaseReputationTraits.ts:297:5)
    at phaseReputationTraits (C:/Users/chris/Dev/Projects/TheFantasyWorldSimulator/src/engine/phaseReputationTraits.ts:273:7)
    at runTick (C:/Users/chris/Dev/Projects/TheFantasyWorldSimulator/src/engine/orchestrator.ts:1896:18)
    at C:/Users/chris/Dev/Projects/TheFantasyWorldSimulator/src/engine/__tests__/content-layer1-integration.test.ts:213:19
    at file:///C:/Users/chris/Dev/Projects/TheFantasyWorldSimulator/node_modules/@vitest/runner/dist/index.js:145:11
    at file:///C:/Users/chris/Dev/Projects/TheFantasyWorldSimulator/node_modules/@vitest/runner/dist/index.js:915:26
    at file:///C:/Users/chris/Dev/Projects/TheFantasyWorldSimulator/node_modules/@vitest/runner/dist/index.js:1243:20
    at new Promise (<anonymous>)
    at runWithTimeout (file:///C:/Users/chris/Dev/Projects/TheFantasyWorldSimulator/node_modules/@vitest/runner/dist/index.js:1209:10)
[Orchestrator] Tick crashed, returning previous state: Error: Trait not found: trait.reputation.power.renown
    at assignTrait (C:/Users/chris/Dev/Projects/TheFantasyWorldSimulator/src/engine/traits.ts:44:25)
    at syncReputationTrait (C:/Users/chris/Dev/Projects/TheFantasyWorldSimulator/src/engine/phaseReputationTraits.ts:297:5)
    at phaseReputationTraits (C:/Users/chris/Dev/Projects/TheFantasyWorldSimulator/src/engine/phaseReputationTraits.ts:273:7)
    at runTick (C:/Users/chris/Dev/Projects/TheFantasyWorldSimulator/src/engine/orchestrator.ts:1896:18)
    at C:/Users/chris/Dev/Projects/TheFantasyWorldSimulator/src/engine/__tests__/content-layer1-integration.test.ts:217:18
    at file:///C:/Users/chris/Dev/Projects/TheFantasyWorldSimulator/node_modules/@vitest/runner/dist/index.js:145:11
    at file:///C:/Users/chris/Dev/Projects/TheFantasyWorldSimulator/node_modules/@vitest/runner/dist/index.js:915:26
    at file:///C:/Users/chris/Dev/Projects/TheFantasyWorldSimulator/node_modules/@vitest/runner/dist/index.js:1243:20
    at new Promise (<anonymous>)
    at runWithTimeout (file:///C:/Users/chris/Dev/Projects/TheFantasyWorldSimulator/node_modules/@vitest/runner/dist/index.js:1209:10)
[Orchestrator] Tick crashed, returning previous state: Error: Trait not found: trait.reputation.power.renown
    at assignTrait (C:/Users/chris/Dev/Projects/TheFantasyWorldSimulator/src/engine/traits.ts:44:25)
    at syncReputationTrait (C:/Users/chris/Dev/Projects/TheFantasyWorldSimulator/src/engine/phaseReputationTraits.ts:297:5)
    at phaseReputationTraits (C:/Users/chris/Dev/Projects/TheFantasyWorldSimulator/src/engine/phaseReputationTraits.ts:273:7)
    at runTick (C:/Users/chris/Dev/Projects/TheFantasyWorldSimulator/src/engine/orchestrator.ts:1896:18)
    at C:/Users/chris/Dev/Projects/TheFantasyWorldSimulator/src/engine/__tests__/content-layer1-integration.test.ts:213:19
    at file:///C:/Users/chris/Dev/Projects/TheFantasyWorldSimulator/node_modules/@vitest/runner/dist/index.js:145:11
    at file:///C:/Users/chris/Dev/Projects/TheFantasyWorldSimulator/node_modules/@vitest/runner/dist/index.js:915:26
    at file:///C:/Users/chris/Dev/Projects/TheFantasyWorldSimulator/node_modules/@vitest/runner/dist/index.js:1243:20
    at new Promise (<anonymous>)
    at runWithTimeout (file:///C:/Users/chris/Dev/Projects/TheFantasyWorldSimulator/node_modules/@vitest/runner/dist/index.js:1209:10)
[Orchestrator] Tick crashed, returning previous state: Error: Trait not found: trait.reputation.power.renown
    at assignTrait (C:/Users/chris/Dev/Projects/TheFantasyWorldSimulator/src/engine/traits.ts:44:25)
    at syncReputationTrait (C:/Users/chris/Dev/Projects/TheFantasyWorldSimulator/src/engine/phaseReputationTraits.ts:297:5)
    at phaseReputationTraits (C:/Users/chris/Dev/Projects/TheFantasyWorldSimulator/src/engine/phaseReputationTraits.ts:273:7)
    at runTick (C:/Users/chris/Dev/Projects/TheFantasyWorldSimulator/src/engine/orchestrator.ts:1896:18)
    at C:/Users/chris/Dev/Projects/TheFantasyWorldSimulator/src/engine/__tests__/content-layer1-integration.test.ts:217:18
    at file:///C:/Users/chris/Dev/Projects/TheFantasyWorldSimulator/node_modules/@vitest/runner/dist/index.js:145:11
    at file:///C:/Users/chris/Dev/Projects/TheFantasyWorldSimulator/node_modules/@vitest/runner/dist/index.js:915:26
    at file:///C:/Users/chris/Dev/Projects/TheFantasyWorldSimulator/node_modules/@vitest/runner/dist/index.js:1243:20
    at new Promise (<anonymous>)
    at runWithTimeout (file:///C:/Users/chris/Dev/Projects/TheFantasyWorldSimulator/node_modules/@vitest/runner/dist/index.js:1209:10)
[Orchestrator] Tick crashed, returning previous state: Error: Trait not found: trait.reputation.power.renown
    at assignTrait (C:/Users/chris/Dev/Projects/TheFantasyWorldSimulator/src/engine/traits.ts:44:25)
    at syncReputationTrait (C:/Users/chris/Dev/Projects/TheFantasyWorldSimulator/src/engine/phaseReputationTraits.ts:297:5)
    at phaseReputationTraits (C:/Users/chris/Dev/Projects/TheFantasyWorldSimulator/src/engine/phaseReputationTraits.ts:273:7)
    at runTick (C:/Users/chris/Dev/Projects/TheFantasyWorldSimulator/src/engine/orchestrator.ts:1896:18)
    at C:/Users/chris/Dev/Projects/TheFantasyWorldSimulator/src/engine/__tests__/content-layer1-integration.test.ts:213:19
    at file:///C:/Users/chris/Dev/Projects/TheFantasyWorldSimulator/node_modules/@vitest/runner/dist/index.js:145:11
    at file:///C:/Users/chris/Dev/Projects/TheFantasyWorldSimulator/node_modules/@vitest/runner/dist/index.js:915:26
    at file:///C:/Users/chris/Dev/Projects/TheFantasyWorldSimulator/node_modules/@vitest/runner/dist/index.js:1243:20
    at new Promise (<anonymous>)
    at runWithTimeout (file:///C:/Users/chris/Dev/Projects/TheFantasyWorldSimulator/node_modules/@vitest/runner/dist/index.js:1209:10)
[Orchestrator] Tick crashed, returning previous state: Error: Trait not found: trait.reputation.power.renown
    at assignTrait (C:/Users/chris/Dev/Projects/TheFantasyWorldSimulator/src/engine/traits.ts:44:25)
    at syncReputationTrait (C:/Users/chris/Dev/Projects/TheFantasyWorldSimulator/src/engine/phaseReputationTraits.ts:297:5)
    at phaseReputationTraits (C:/Users/chris/Dev/Projects/TheFantasyWorldSimulator/src/engine/phaseReputationTraits.ts:273:7)
    at runTick (C:/Users/chris/Dev/Projects/TheFantasyWorldSimulator/src/engine/orchestrator.ts:1896:18)
    at C:/Users/chris/Dev/Projects/TheFantasyWorldSimulator/src/engine/__tests__/content-layer1-integration.test.ts:217:18
    at file:///C:/Users/chris/Dev/Projects/TheFantasyWorldSimulator/node_modules/@vitest/runner/dist/index.js:145:11
    at file:///C:/Users/chris/Dev/Projects/TheFantasyWorldSimulator/node_modules/@vitest/runner/dist/index.js:915:26
    at file:///C:/Users/chris/Dev/Projects/TheFantasyWorldSimulator/node_modules/@vitest/runner/dist/index.js:1243:20
    at new Promise (<anonymous>)
    at runWithTimeout (file:///C:/Users/chris/Dev/Projects/TheFantasyWorldSimulator/node_modules/@vitest/runner/dist/index.js:1209:10)
[Orchestrator] Tick crashed, returning previous state: Error: Trait not found: trait.reputation.power.renown
    at assignTrait (C:/Users/chris/Dev/Projects/TheFantasyWorldSimulator/src/engine/traits.ts:44:25)
    at syncReputationTrait (C:/Users/chris/Dev/Projects/TheFantasyWorldSimulator/src/engine/phaseReputationTraits.ts:297:5)
    at phaseReputationTraits (C:/Users/chris/Dev/Projects/TheFantasyWorldSimulator/src/engine/phaseReputationTraits.ts:273:7)
    at runTick (C:/Users/chris/Dev/Projects/TheFantasyWorldSimulator/src/engine/orchestrator.ts:1896:18)
    at C:/Users/chris/Dev/Projects/TheFantasyWorldSimulator/src/engine/__tests__/content-layer1-integration.test.ts:213:19
    at file:///C:/Users/chris/Dev/Projects/TheFantasyWorldSimulator/node_modules/@vitest/runner/dist/index.js:145:11
    at file:///C:/Users/chris/Dev/Projects/TheFantasyWorldSimulator/node_modules/@vitest/runner/dist/index.js:915:26
    at file:///C:/Users/chris/Dev/Projects/TheFantasyWorldSimulator/node_modules/@vitest/runner/dist/index.js:1243:20
    at new Promise (<anonymous>)
    at runWithTimeout (file:///C:/Users/chris/Dev/Projects/TheFantasyWorldSimulator/node_modules/@vitest/runner/dist/index.js:1209:10)
[Orchestrator] Tick crashed, returning previous state: Error: Trait not found: trait.reputation.power.renown
    at assignTrait (C:/Users/chris/Dev/Projects/TheFantasyWorldSimulator/src/engine/traits.ts:44:25)
    at syncReputationTrait (C:/Users/chris/Dev/Projects/TheFantasyWorldSimulator/src/engine/phaseReputationTraits.ts:297:5)
    at phaseReputationTraits (C:/Users/chris/Dev/Projects/TheFantasyWorldSimulator/src/engine/phaseReputationTraits.ts:273:7)
    at runTick (C:/Users/chris/Dev/Projects/TheFantasyWorldSimulator/src/engine/orchestrator.ts:1896:18)
    at C:/Users/chris/Dev/Projects/TheFantasyWorldSimulator/src/engine/__tests__/content-layer1-integration.test.ts:217:18
    at file:///C:/Users/chris/Dev/Projects/TheFantasyWorldSimulator/node_modules/@vitest/runner/dist/index.js:145:11
    at file:///C:/Users/chris/Dev/Projects/TheFantasyWorldSimulator/node_modules/@vitest/runner/dist/index.js:915:26
    at file:///C:/Users/chris/Dev/Projects/TheFantasyWorldSimulator/node_modules/@vitest/runner/dist/index.js:1243:20
    at new Promise (<anonymous>)
    at runWithTimeout (file:///C:/Users/chris/Dev/Projects/TheFantasyWorldSimulator/node_modules/@vitest/runner/dist/index.js:1209:10)
[Orchestrator] Tick crashed, returning previous state: Error: Trait not found: trait.reputation.power.renown
    at assignTrait (C:/Users/chris/Dev/Projects/TheFantasyWorldSimulator/src/engine/traits.ts:44:25)
    at syncReputationTrait (C:/Users/chris/Dev/Projects/TheFantasyWorldSimulator/src/engine/phaseReputationTraits.ts:297:5)
    at phaseReputationTraits (C:/Users/chris/Dev/Projects/TheFantasyWorldSimulator/src/engine/phaseReputationTraits.ts:273:7)
    at runTick (C:/Users/chris/Dev/Projects/TheFantasyWorldSimulator/src/engine/orchestrator.ts:1896:18)
    at C:/Users/chris/Dev/Projects/TheFantasyWorldSimulator/src/engine/__tests__/content-layer1-integration.test.ts:213:19
    at file:///C:/Users/chris/Dev/Projects/TheFantasyWorldSimulator/node_modules/@vitest/runner/dist/index.js:145:11
    at file:///C:/Users/chris/Dev/Projects/TheFantasyWorldSimulator/node_modules/@vitest/runner/dist/index.js:915:26
    at file:///C:/Users/chris/Dev/Projects/TheFantasyWorldSimulator/node_modules/@vitest/runner/dist/index.js:1243:20
    at new Promise (<anonymous>)
    at runWithTimeout (file:///C:/Users/chris/Dev/Projects/TheFantasyWorldSimulator/node_modules/@vitest/runner/dist/index.js:1209:10)
[Orchestrator] Tick crashed, returning previous state: Error: Trait not found: trait.reputation.power.renown
    at assignTrait (C:/Users/chris/Dev/Projects/TheFantasyWorldSimulator/src/engine/traits.ts:44:25)
    at syncReputationTrait (C:/Users/chris/Dev/Projects/TheFantasyWorldSimulator/src/engine/phaseReputationTraits.ts:297:5)
    at phaseReputationTraits (C:/Users/chris/Dev/Projects/TheFantasyWorldSimulator/src/engine/phaseReputationTraits.ts:273:7)
    at runTick (C:/Users/chris/Dev/Projects/TheFantasyWorldSimulator/src/engine/orchestrator.ts:1896:18)
    at C:/Users/chris/Dev/Projects/TheFantasyWorldSimulator/src/engine/__tests__/content-layer1-integration.test.ts:217:18
    at file:///C:/Users/chris/Dev/Projects/TheFantasyWorldSimulator/node_modules/@vitest/runner/dist/index.js:145:11
    at file:///C:/Users/chris/Dev/Projects/TheFantasyWorldSimulator/node_modules/@vitest/runner/dist/index.js:915:26
    at file:///C:/Users/chris/Dev/Projects/TheFantasyWorldSimulator/node_modules/@vitest/runner/dist/index.js:1243:20
    at new Promise (<anonymous>)
    at runWithTimeout (file:///C:/Users/chris/Dev/Projects/TheFantasyWorldSimulator/node_modules/@vitest/runner/dist/index.js:1209:10)
[Orchestrator] Tick crashed, returning previous state: Error: Trait not found: trait.reputation.power.renown
    at assignTrait (C:/Users/chris/Dev/Projects/TheFantasyWorldSimulator/src/engine/traits.ts:44:25)
    at syncReputationTrait (C:/Users/chris/Dev/Projects/TheFantasyWorldSimulator/src/engine/phaseReputationTraits.ts:297:5)
    at phaseReputationTraits (C:/Users/chris/Dev/Projects/TheFantasyWorldSimulator/src/engine/phaseReputationTraits.ts:273:7)
    at runTick (C:/Users/chris/Dev/Projects/TheFantasyWorldSimulator/src/engine/orchestrator.ts:1896:18)
    at C:/Users/chris/Dev/Projects/TheFantasyWorldSimulator/src/engine/__tests__/content-layer1-integration.test.ts:213:19
    at file:///C:/Users/chris/Dev/Projects/TheFantasyWorldSimulator/node_modules/@vitest/runner/dist/index.js:145:11
    at file:///C:/Users/chris/Dev/Projects/TheFantasyWorldSimulator/node_modules/@vitest/runner/dist/index.js:915:26
    at file:///C:/Users/chris/Dev/Projects/TheFantasyWorldSimulator/node_modules/@vitest/runner/dist/index.js:1243:20
    at new Promise (<anonymous>)
    at runWithTimeout (file:///C:/Users/chris/Dev/Projects/TheFantasyWorldSimulator/node_modules/@vitest/runner/dist/index.js:1209:10)
[Orchestrator] Tick crashed, returning previous state: Error: Trait not found: trait.reputation.power.renown
    at assignTrait (C:/Users/chris/Dev/Projects/TheFantasyWorldSimulator/src/engine/traits.ts:44:25)
    at syncReputationTrait (C:/Users/chris/Dev/Projects/TheFantasyWorldSimulator/src/engine/phaseReputationTraits.ts:297:5)
    at phaseReputationTraits (C:/Users/chris/Dev/Projects/TheFantasyWorldSimulator/src/engine/phaseReputationTraits.ts:273:7)
    at runTick (C:/Users/chris/Dev/Projects/TheFantasyWorldSimulator/src/engine/orchestrator.ts:1896:18)
    at C:/Users/chris/Dev/Projects/TheFantasyWorldSimulator/src/engine/__tests__/content-layer1-integration.test.ts:217:18
    at file:///C:/Users/chris/Dev/Projects/TheFantasyWorldSimulator/node_modules/@vitest/runner/dist/index.js:145:11
    at file:///C:/Users/chris/Dev/Projects/TheFantasyWorldSimulator/node_modules/@vitest/runner/dist/index.js:915:26
    at file:///C:/Users/chris/Dev/Projects/TheFantasyWorldSimulator/node_modules/@vitest/runner/dist/index.js:1243:20
    at new Promise (<anonymous>)
    at runWithTimeout (file:///C:/Users/chris/Dev/Projects/TheFantasyWorldSimulator/node_modules/@vitest/runner/dist/index.js:1209:10)
[Orchestrator] Tick crashed, returning previous state: Error: Trait not found: trait.reputation.power.renown
    at assignTrait (C:/Users/chris/Dev/Projects/TheFantasyWorldSimulator/src/engine/traits.ts:44:25)
    at syncReputationTrait (C:/Users/chris/Dev/Projects/TheFantasyWorldSimulator/src/engine/phaseReputationTraits.ts:297:5)
    at phaseReputationTraits (C:/Users/chris/Dev/Projects/TheFantasyWorldSimulator/src/engine/phaseReputationTraits.ts:273:7)
    at runTick (C:/Users/chris/Dev/Projects/TheFantasyWorldSimulator/src/engine/orchestrator.ts:1896:18)
    at C:/Users/chris/Dev/Projects/TheFantasyWorldSimulator/src/engine/__tests__/content-layer1-integration.test.ts:213:19
    at file:///C:/Users/chris/Dev/Projects/TheFantasyWorldSimulator/node_modules/@vitest/runner/dist/index.js:145:11
    at file:///C:/Users/chris/Dev/Projects/TheFantasyWorldSimulator/node_modules/@vitest/runner/dist/index.js:915:26
    at file:///C:/Users/chris/Dev/Projects/TheFantasyWorldSimulator/node_modules/@vitest/runner/dist/index.js:1243:20
    at new Promise (<anonymous>)
    at runWithTimeout (file:///C:/Users/chris/Dev/Projects/TheFantasyWorldSimulator/node_modules/@vitest/runner/dist/index.js:1209:10)
[Orchestrator] Tick crashed, returning previous state: Error: Trait not found: trait.reputation.power.renown
    at assignTrait (C:/Users/chris/Dev/Projects/TheFantasyWorldSimulator/src/engine/traits.ts:44:25)
    at syncReputationTrait (C:/Users/chris/Dev/Projects/TheFantasyWorldSimulator/src/engine/phaseReputationTraits.ts:297:5)
    at phaseReputationTraits (C:/Users/chris/Dev/Projects/TheFantasyWorldSimulator/src/engine/phaseReputationTraits.ts:273:7)
    at runTick (C:/Users/chris/Dev/Projects/TheFantasyWorldSimulator/src/engine/orchestrator.ts:1896:18)
    at C:/Users/chris/Dev/Projects/TheFantasyWorldSimulator/src/engine/__tests__/content-layer1-integration.test.ts:217:18
    at file:///C:/Users/chris/Dev/Projects/TheFantasyWorldSimulator/node_modules/@vitest/runner/dist/index.js:145:11
    at file:///C:/Users/chris/Dev/Projects/TheFantasyWorldSimulator/node_modules/@vitest/runner/dist/index.js:915:26
    at file:///C:/Users/chris/Dev/Projects/TheFantasyWorldSimulator/node_modules/@vitest/runner/dist/index.js:1243:20
    at new Promise (<anonymous>)
    at runWithTimeout (file:///C:/Users/chris/Dev/Projects/TheFantasyWorldSimulator/node_modules/@vitest/runner/dist/index.js:1209:10)
[Orchestrator] Tick crashed, returning previous state: Error: Trait not found: trait.reputation.power.renown
    at assignTrait (C:/Users/chris/Dev/Projects/TheFantasyWorldSimulator/src/engine/traits.ts:44:25)
    at syncReputationTrait (C:/Users/chris/Dev/Projects/TheFantasyWorldSimulator/src/engine/phaseReputationTraits.ts:297:5)
    at phaseReputationTraits (C:/Users/chris/Dev/Projects/TheFantasyWorldSimulator/src/engine/phaseReputationTraits.ts:273:7)
    at runTick (C:/Users/chris/Dev/Projects/TheFantasyWorldSimulator/src/engine/orchestrator.ts:1896:18)
    at C:/Users/chris/Dev/Projects/TheFantasyWorldSimulator/src/engine/__tests__/content-layer1-integration.test.ts:213:19
    at file:///C:/Users/chris/Dev/Projects/TheFantasyWorldSimulator/node_modules/@vitest/runner/dist/index.js:145:11
    at file:///C:/Users/chris/Dev/Projects/TheFantasyWorldSimulator/node_modules/@vitest/runner/dist/index.js:915:26
    at file:///C:/Users/chris/Dev/Projects/TheFantasyWorldSimulator/node_modules/@vitest/runner/dist/index.js:1243:20
    at new Promise (<anonymous>)
    at runWithTimeout (file:///C:/Users/chris/Dev/Projects/TheFantasyWorldSimulator/node_modules/@vitest/runner/dist/index.js:1209:10)
[Orchestrator] Tick crashed, returning previous state: Error: Trait not found: trait.reputation.power.renown
    at assignTrait (C:/Users/chris/Dev/Projects/TheFantasyWorldSimulator/src/engine/traits.ts:44:25)
    at syncReputationTrait (C:/Users/chris/Dev/Projects/TheFantasyWorldSimulator/src/engine/phaseReputationTraits.ts:297:5)
    at phaseReputationTraits (C:/Users/chris/Dev/Projects/TheFantasyWorldSimulator/src/engine/phaseReputationTraits.ts:273:7)
    at runTick (C:/Users/chris/Dev/Projects/TheFantasyWorldSimulator/src/engine/orchestrator.ts:1896:18)
    at C:/Users/chris/Dev/Projects/TheFantasyWorldSimulator/src/engine/__tests__/content-layer1-integration.test.ts:217:18
    at file:///C:/Users/chris/Dev/Projects/TheFantasyWorldSimulator/node_modules/@vitest/runner/dist/index.js:145:11
    at file:///C:/Users/chris/Dev/Projects/TheFantasyWorldSimulator/node_modules/@vitest/runner/dist/index.js:915:26
    at file:///C:/Users/chris/Dev/Projects/TheFantasyWorldSimulator/node_modules/@vitest/runner/dist/index.js:1243:20
    at new Promise (<anonymous>)
    at runWithTimeout (file:///C:/Users/chris/Dev/Projects/TheFantasyWorldSimulator/node_modules/@vitest/runner/dist/index.js:1209:10)
[Orchestrator] Tick crashed, returning previous state: Error: Trait not found: trait.reputation.power.renown
    at assignTrait (C:/Users/chris/Dev/Projects/TheFantasyWorldSimulator/src/engine/traits.ts:44:25)
    at syncReputationTrait (C:/Users/chris/Dev/Projects/TheFantasyWorldSimulator/src/engine/phaseReputationTraits.ts:297:5)
    at phaseReputationTraits (C:/Users/chris/Dev/Projects/TheFantasyWorldSimulator/src/engine/phaseReputationTraits.ts:273:7)
    at runTick (C:/Users/chris/Dev/Projects/TheFantasyWorldSimulator/src/engine/orchestrator.ts:1896:18)
    at C:/Users/chris/Dev/Projects/TheFantasyWorldSimulator/src/engine/__tests__/content-layer1-integration.test.ts:213:19
    at file:///C:/Users/chris/Dev/Projects/TheFantasyWorldSimulator/node_modules/@vitest/runner/dist/index.js:145:11
    at file:///C:/Users/chris/Dev/Projects/TheFantasyWorldSimulator/node_modules/@vitest/runner/dist/index.js:915:26
    at file:///C:/Users/chris/Dev/Projects/TheFantasyWorldSimulator/node_modules/@vitest/runner/dist/index.js:1243:20
    at new Promise (<anonymous>)
    at runWithTimeout (file:///C:/Users/chris/Dev/Projects/TheFantasyWorldSimulator/node_modules/@vitest/runner/dist/index.js:1209:10)
[Orchestrator] Tick crashed, returning previous state: Error: Trait not found: trait.reputation.power.renown
    at assignTrait (C:/Users/chris/Dev/Projects/TheFantasyWorldSimulator/src/engine/traits.ts:44:25)
    at syncReputationTrait (C:/Users/chris/Dev/Projects/TheFantasyWorldSimulator/src/engine/phaseReputationTraits.ts:297:5)
    at phaseReputationTraits (C:/Users/chris/Dev/Projects/TheFantasyWorldSimulator/src/engine/phaseReputationTraits.ts:273:7)
    at runTick (C:/Users/chris/Dev/Projects/TheFantasyWorldSimulator/src/engine/orchestrator.ts:1896:18)
    at C:/Users/chris/Dev/Projects/TheFantasyWorldSimulator/src/engine/__tests__/content-layer1-integration.test.ts:217:18
    at file:///C:/Users/chris/Dev/Projects/TheFantasyWorldSimulator/node_modules/@vitest/runner/dist/index.js:145:11
    at file:///C:/Users/chris/Dev/Projects/TheFantasyWorldSimulator/node_modules/@vitest/runner/dist/index.js:915:26
    at file:///C:/Users/chris/Dev/Projects/TheFantasyWorldSimulator/node_modules/@vitest/runner/dist/index.js:1243:20
    at new Promise (<anonymous>)
    at runWithTimeout (file:///C:/Users/chris/Dev/Projects/TheFantasyWorldSimulator/node_modules/@vitest/runner/dist/index.js:1209:10)
[Orchestrator] Tick crashed, returning previous state: Error: Trait not found: trait.reputation.power.renown
    at assignTrait (C:/Users/chris/Dev/Projects/TheFantasyWorldSimulator/src/engine/traits.ts:44:25)
    at syncReputationTrait (C:/Users/chris/Dev/Projects/TheFantasyWorldSimulator/src/engine/phaseReputationTraits.ts:297:5)
    at phaseReputationTraits (C:/Users/chris/Dev/Projects/TheFantasyWorldSimulator/src/engine/phaseReputationTraits.ts:273:7)
    at runTick (C:/Users/chris/Dev/Projects/TheFantasyWorldSimulator/src/engine/orchestrator.ts:1896:18)
    at C:/Users/chris/Dev/Projects/TheFantasyWorldSimulator/src/engine/__tests__/content-layer1-integration.test.ts:213:19
    at file:///C:/Users/chris/Dev/Projects/TheFantasyWorldSimulator/node_modules/@vitest/runner/dist/index.js:145:11
    at file:///C:/Users/chris/Dev/Projects/TheFantasyWorldSimulator/node_modules/@vitest/runner/dist/index.js:915:26
    at file:///C:/Users/chris/Dev/Projects/TheFantasyWorldSimulator/node_modules/@vitest/runner/dist/index.js:1243:20
    at new Promise (<anonymous>)
    at runWithTimeout (file:///C:/Users/chris/Dev/Projects/TheFantasyWorldSimulator/node_modules/@vitest/runner/dist/index.js:1209:10)
[Orchestrator] Tick crashed, returning previous state: Error: Trait not found: trait.reputation.power.renown
    at assignTrait (C:/Users/chris/Dev/Projects/TheFantasyWorldSimulator/src/engine/traits.ts:44:25)
    at syncReputationTrait (C:/Users/chris/Dev/Projects/TheFantasyWorldSimulator/src/engine/phaseReputationTraits.ts:297:5)
    at phaseReputationTraits (C:/Users/chris/Dev/Projects/TheFantasyWorldSimulator/src/engine/phaseReputationTraits.ts:273:7)
    at runTick (C:/Users/chris/Dev/Projects/TheFantasyWorldSimulator/src/engine/orchestrator.ts:1896:18)
    at C:/Users/chris/Dev/Projects/TheFantasyWorldSimulator/src/engine/__tests__/content-layer1-integration.test.ts:217:18
    at file:///C:/Users/chris/Dev/Projects/TheFantasyWorldSimulator/node_modules/@vitest/runner/dist/index.js:145:11
    at file:///C:/Users/chris/Dev/Projects/TheFantasyWorldSimulator/node_modules/@vitest/runner/dist/index.js:915:26
    at file:///C:/Users/chris/Dev/Projects/TheFantasyWorldSimulator/node_modules/@vitest/runner/dist/index.js:1243:20
    at new Promise (<anonymous>)
    at runWithTimeout (file:///C:/Users/chris/Dev/Projects/TheFantasyWorldSimulator/node_modules/@vitest/runner/dist/index.js:1209:10)
[Orchestrator] Tick crashed, returning previous state: Error: Trait not found: trait.reputation.power.renown
    at assignTrait (C:/Users/chris/Dev/Projects/TheFantasyWorldSimulator/src/engine/traits.ts:44:25)
    at syncReputationTrait (C:/Users/chris/Dev/Projects/TheFantasyWorldSimulator/src/engine/phaseReputationTraits.ts:297:5)
    at phaseReputationTraits (C:/Users/chris/Dev/Projects/TheFantasyWorldSimulator/src/engine/phaseReputationTraits.ts:273:7)
    at runTick (C:/Users/chris/Dev/Projects/TheFantasyWorldSimulator/src/engine/orchestrator.ts:1896:18)
    at C:/Users/chris/Dev/Projects/TheFantasyWorldSimulator/src/engine/__tests__/content-layer1-integration.test.ts:213:19
    at file:///C:/Users/chris/Dev/Projects/TheFantasyWorldSimulator/node_modules/@vitest/runner/dist/index.js:145:11
    at file:///C:/Users/chris/Dev/Projects/TheFantasyWorldSimulator/node_modules/@vitest/runner/dist/index.js:915:26
    at file:///C:/Users/chris/Dev/Projects/TheFantasyWorldSimulator/node_modules/@vitest/runner/dist/index.js:1243:20
    at new Promise (<anonymous>)
    at runWithTimeout (file:///C:/Users/chris/Dev/Projects/TheFantasyWorldSimulator/node_modules/@vitest/runner/dist/index.js:1209:10)
[Orchestrator] Tick crashed, returning previous state: Error: Trait not found: trait.reputation.power.renown
    at assignTrait (C:/Users/chris/Dev/Projects/TheFantasyWorldSimulator/src/engine/traits.ts:44:25)
    at syncReputationTrait (C:/Users/chris/Dev/Projects/TheFantasyWorldSimulator/src/engine/phaseReputationTraits.ts:297:5)
    at phaseReputationTraits (C:/Users/chris/Dev/Projects/TheFantasyWorldSimulator/src/engine/phaseReputationTraits.ts:273:7)
    at runTick (C:/Users/chris/Dev/Projects/TheFantasyWorldSimulator/src/engine/orchestrator.ts:1896:18)
    at C:/Users/chris/Dev/Projects/TheFantasyWorldSimulator/src/engine/__tests__/content-layer1-integration.test.ts:217:18
    at file:///C:/Users/chris/Dev/Projects/TheFantasyWorldSimulator/node_modules/@vitest/runner/dist/index.js:145:11
    at file:///C:/Users/chris/Dev/Projects/TheFantasyWorldSimulator/node_modules/@vitest/runner/dist/index.js:915:26
    at file:///C:/Users/chris/Dev/Projects/TheFantasyWorldSimulator/node_modules/@vitest/runner/dist/index.js:1243:20
    at new Promise (<anonymous>)
    at runWithTimeout (file:///C:/Users/chris/Dev/Projects/TheFantasyWorldSimulator/node_modules/@vitest/runner/dist/index.js:1209:10)
[Orchestrator] Tick crashed, returning previous state: Error: Trait not found: trait.reputation.power.renown
    at assignTrait (C:/Users/chris/Dev/Projects/TheFantasyWorldSimulator/src/engine/traits.ts:44:25)
    at syncReputationTrait (C:/Users/chris/Dev/Projects/TheFantasyWorldSimulator/src/engine/phaseReputationTraits.ts:297:5)
    at phaseReputationTraits (C:/Users/chris/Dev/Projects/TheFantasyWorldSimulator/src/engine/phaseReputationTraits.ts:273:7)
    at runTick (C:/Users/chris/Dev/Projects/TheFantasyWorldSimulator/src/engine/orchestrator.ts:1896:18)
    at C:/Users/chris/Dev/Projects/TheFantasyWorldSimulator/src/engine/__tests__/content-layer1-integration.test.ts:213:19
    at file:///C:/Users/chris/Dev/Projects/TheFantasyWorldSimulator/node_modules/@vitest/runner/dist/index.js:145:11
    at file:///C:/Users/chris/Dev/Projects/TheFantasyWorldSimulator/node_modules/@vitest/runner/dist/index.js:915:26
    at file:///C:/Users/chris/Dev/Projects/TheFantasyWorldSimulator/node_modules/@vitest/runner/dist/index.js:1243:20
    at new Promise (<anonymous>)
    at runWithTimeout (file:///C:/Users/chris/Dev/Projects/TheFantasyWorldSimulator/node_modules/@vitest/runner/dist/index.js:1209:10)
[Orchestrator] Tick crashed, returning previous state: Error: Trait not found: trait.reputation.power.renown
    at assignTrait (C:/Users/chris/Dev/Projects/TheFantasyWorldSimulator/src/engine/traits.ts:44:25)
    at syncReputationTrait (C:/Users/chris/Dev/Projects/TheFantasyWorldSimulator/src/engine/phaseReputationTraits.ts:297:5)
    at phaseReputationTraits (C:/Users/chris/Dev/Projects/TheFantasyWorldSimulator/src/engine/phaseReputationTraits.ts:273:7)
    at runTick (C:/Users/chris/Dev/Projects/TheFantasyWorldSimulator/src/engine/orchestrator.ts:1896:18)
    at C:/Users/chris/Dev/Projects/TheFantasyWorldSimulator/src/engine/__tests__/content-layer1-integration.test.ts:217:18
    at file:///C:/Users/chris/Dev/Projects/TheFantasyWorldSimulator/node_modules/@vitest/runner/dist/index.js:145:11
    at file:///C:/Users/chris/Dev/Projects/TheFantasyWorldSimulator/node_modules/@vitest/runner/dist/index.js:915:26
    at file:///C:/Users/chris/Dev/Projects/TheFantasyWorldSimulator/node_modules/@vitest/runner/dist/index.js:1243:20
    at new Promise (<anonymous>)
    at runWithTimeout (file:///C:/Users/chris/Dev/Projects/TheFantasyWorldSimulator/node_modules/@vitest/runner/dist/index.js:1209:10)
[Orchestrator] Tick crashed, returning previous state: Error: Trait not found: trait.reputation.power.renown
    at assignTrait (C:/Users/chris/Dev/Projects/TheFantasyWorldSimulator/src/engine/traits.ts:44:25)
    at syncReputationTrait (C:/Users/chris/Dev/Projects/TheFantasyWorldSimulator/src/engine/phaseReputationTraits.ts:297:5)
    at phaseReputationTraits (C:/Users/chris/Dev/Projects/TheFantasyWorldSimulator/src/engine/phaseReputationTraits.ts:273:7)
    at runTick (C:/Users/chris/Dev/Projects/TheFantasyWorldSimulator/src/engine/orchestrator.ts:1896:18)
    at C:/Users/chris/Dev/Projects/TheFantasyWorldSimulator/src/engine/__tests__/content-layer1-integration.test.ts:213:19
    at file:///C:/Users/chris/Dev/Projects/TheFantasyWorldSimulator/node_modules/@vitest/runner/dist/index.js:145:11
    at file:///C:/Users/chris/Dev/Projects/TheFantasyWorldSimulator/node_modules/@vitest/runner/dist/index.js:915:26
    at file:///C:/Users/chris/Dev/Projects/TheFantasyWorldSimulator/node_modules/@vitest/runner/dist/index.js:1243:20
    at new Promise (<anonymous>)
    at runWithTimeout (file:///C:/Users/chris/Dev/Projects/TheFantasyWorldSimulator/node_modules/@vitest/runner/dist/index.js:1209:10)
[Orchestrator] Tick crashed, returning previous state: Error: Trait not found: trait.reputation.power.renown
    at assignTrait (C:/Users/chris/Dev/Projects/TheFantasyWorldSimulator/src/engine/traits.ts:44:25)
    at syncReputationTrait (C:/Users/chris/Dev/Projects/TheFantasyWorldSimulator/src/engine/phaseReputationTraits.ts:297:5)
    at phaseReputationTraits (C:/Users/chris/Dev/Projects/TheFantasyWorldSimulator/src/engine/phaseReputationTraits.ts:273:7)
    at runTick (C:/Users/chris/Dev/Projects/TheFantasyWorldSimulator/src/engine/orchestrator.ts:1896:18)
    at C:/Users/chris/Dev/Projects/TheFantasyWorldSimulator/src/engine/__tests__/content-layer1-integration.test.ts:217:18
    at file:///C:/Users/chris/Dev/Projects/TheFantasyWorldSimulator/node_modules/@vitest/runner/dist/index.js:145:11
    at file:///C:/Users/chris/Dev/Projects/TheFantasyWorldSimulator/node_modules/@vitest/runner/dist/index.js:915:26
    at file:///C:/Users/chris/Dev/Projects/TheFantasyWorldSimulator/node_modules/@vitest/runner/dist/index.js:1243:20
    at new Promise (<anonymous>)
    at runWithTimeout (file:///C:/Users/chris/Dev/Projects/TheFantasyWorldSimulator/node_modules/@vitest/runner/dist/index.js:1209:10)
[Orchestrator] Tick crashed, returning previous state: Error: Trait not found: trait.reputation.power.renown
    at assignTrait (C:/Users/chris/Dev/Projects/TheFantasyWorldSimulator/src/engine/traits.ts:44:25)
    at syncReputationTrait (C:/Users/chris/Dev/Projects/TheFantasyWorldSimulator/src/engine/phaseReputationTraits.ts:297:5)
    at phaseReputationTraits (C:/Users/chris/Dev/Projects/TheFantasyWorldSimulator/src/engine/phaseReputationTraits.ts:273:7)
    at runTick (C:/Users/chris/Dev/Projects/TheFantasyWorldSimulator/src/engine/orchestrator.ts:1896:18)
    at C:/Users/chris/Dev/Projects/TheFantasyWorldSimulator/src/engine/__tests__/content-layer1-integration.test.ts:213:19
    at file:///C:/Users/chris/Dev/Projects/TheFantasyWorldSimulator/node_modules/@vitest/runner/dist/index.js:145:11
    at file:///C:/Users/chris/Dev/Projects/TheFantasyWorldSimulator/node_modules/@vitest/runner/dist/index.js:915:26
    at file:///C:/Users/chris/Dev/Projects/TheFantasyWorldSimulator/node_modules/@vitest/runner/dist/index.js:1243:20
    at new Promise (<anonymous>)
    at runWithTimeout (file:///C:/Users/chris/Dev/Projects/TheFantasyWorldSimulator/node_modules/@vitest/runner/dist/index.js:1209:10)
[Orchestrator] Tick crashed, returning previous state: Error: Trait not found: trait.reputation.power.renown
    at assignTrait (C:/Users/chris/Dev/Projects/TheFantasyWorldSimulator/src/engine/traits.ts:44:25)
    at syncReputationTrait (C:/Users/chris/Dev/Projects/TheFantasyWorldSimulator/src/engine/phaseReputationTraits.ts:297:5)
    at phaseReputationTraits (C:/Users/chris/Dev/Projects/TheFantasyWorldSimulator/src/engine/phaseReputationTraits.ts:273:7)
    at runTick (C:/Users/chris/Dev/Projects/TheFantasyWorldSimulator/src/engine/orchestrator.ts:1896:18)
    at C:/Users/chris/Dev/Projects/TheFantasyWorldSimulator/src/engine/__tests__/content-layer1-integration.test.ts:217:18
    at file:///C:/Users/chris/Dev/Projects/TheFantasyWorldSimulator/node_modules/@vitest/runner/dist/index.js:145:11
    at file:///C:/Users/chris/Dev/Projects/TheFantasyWorldSimulator/node_modules/@vitest/runner/dist/index.js:915:26
    at file:///C:/Users/chris/Dev/Projects/TheFantasyWorldSimulator/node_modules/@vitest/runner/dist/index.js:1243:20
    at new Promise (<anonymous>)
    at runWithTimeout (file:///C:/Users/chris/Dev/Projects/TheFantasyWorldSimulator/node_modules/@vitest/runner/dist/index.js:1209:10)

[90mstdout[2m | src/engine/__tests__/content-layer1-integration.test.ts[2m > [22m[2mLayer 1 content integration[2m > [22m[2msame seed produces deterministic results
[22m[39m[WorldGen] Pass 'province' completed in 1.1ms
[WorldGen] Pass 'elevation' completed in 1.8ms
[WorldGen] Pass 'coastline' completed in 1.5ms
[WorldGen] Pass 'climate' completed in 1.7ms
[WorldGen] Pass 'hydrology' completed in 0.6ms
[WorldGen] Pass 'tempReassess' completed in 0.0ms
[WorldGen] Pass 'biome' completed in 0.2ms
[WorldGen] Culture terrain nudge: 42 hexes modified
[WorldGen] Pass 'cultureTerrainNudge' completed in 0.1ms
[WorldGen] Pass 'smoothing' completed in 0.7ms
[WorldGen] Pass 'validation' completed in 0.3ms
[WorldGen] Pass 'province' completed in 0.9ms
[WorldGen] Pass 'elevation' completed in 1.7ms
[WorldGen] Pass 'coastline' completed in 1.3ms
[WorldGen] Pass 'climate' completed in 1.5ms
[WorldGen] Pass 'hydrology' completed in 0.4ms
[WorldGen] Pass 'tempReassess' completed in 0.0ms
[WorldGen] Pass 'biome' completed in 0.1ms
[WorldGen] Culture terrain nudge: 42 hexes modified
[WorldGen] Pass 'cultureTerrainNudge' completed in 0.1ms
[WorldGen] Pass 'smoothing' completed in 0.4ms
[WorldGen] Pass 'validation' completed in 0.2ms

stderr | src/engine/__tests__/content-layer1-integration.test.ts > Layer 1 content integration > same seed produces deterministic results
[WorldGen] Validation errors: [ 'Ocean fraction too low: 7.4%' ]
[GraphSchema] Edge "belongs_to" source should be ["actor","location"], got "region" (edge edge_hist_territory_region_15_hist_culture_0)
[GraphSchema] Edge "belongs_to" source should be ["actor","location"], got "region" (edge edge_hist_territory_region_19_hist_culture_1)
[GraphSchema] Edge "belongs_to" source should be ["actor","location"], got "region" (edge edge_hist_territory_region_3_hist_culture_2)
[GraphSchema] Edge "belongs_to" source should be ["actor","location"], got "region" (edge edge_hist_territory_region_13_hist_culture_0)
[GraphSchema] Edge "belongs_to" source should be ["actor","location"], got "region" (edge edge_hist_territory_region_14_hist_culture_1)
[GraphSchema] Edge "belongs_to" source should be ["actor","location"], got "region" (edge edge_hist_territory_region_12_hist_culture_2)
[GraphSchema] Edge "belongs_to" source should be ["actor","location"], got "region" (edge edge_hist_territory_region_16_hist_culture_0)
[GraphSchema] Edge "belongs_to" source should be ["actor","location"], got "region" (edge edge_hist_territory_region_18_hist_culture_1)
[GraphSchema] Edge "belongs_to" source should be ["actor","location"], got "region" (edge edge_hist_territory_region_17_hist_culture_2)
[GraphSchema] Edge "belongs_to" source should be ["actor","location"], got "region" (edge edge_hist_territory_region_7_hist_culture_0)
[GraphSchema] Edge "belongs_to" source should be ["actor","location"], got "region" (edge edge_hist_territory_region_9_hist_culture_2)
[GraphSchema] Edge "belongs_to" source should be ["actor","location"], got "region" (edge edge_hist_territory_region_11_hist_culture_0)
[GraphSchema] Edge "belongs_to" source should be ["actor","location"], got "region" (edge edge_hist_territory_region_2_hist_culture_2)
[GraphSchema] Edge "belongs_to" source should be ["actor","location"], got "region" (edge edge_hist_territory_region_0_hist_culture_0)
[GraphSchema] Edge "belongs_to" source should be ["actor","location"], got "region" (edge edge_hist_territory_region_6_hist_culture_2)
[GraphSchema] Edge "belongs_to" source should be ["actor","location"], got "region" (edge edge_hist_territory_region_10_hist_culture_0)
[GraphSchema] Edge "belongs_to" source should be ["actor","location"], got "region" (edge edge_hist_territory_region_1_hist_culture_2)
[GraphSchema] Edge "belongs_to" source should be ["actor","location"], got "region" (edge edge_hist_territory_region_5_hist_culture_0)
[Orchestrator] Tick crashed, returning previous state: Error: Trait not found: trait.reputation.power.renown
    at assignTrait (C:/Users/chris/Dev/Projects/TheFantasyWorldSimulator/src/engine/traits.ts:44:25)
    at syncReputationTrait (C:/Users/chris/Dev/Projects/TheFantasyWorldSimulator/src/engine/phaseReputationTraits.ts:297:5)
    at phaseReputationTraits (C:/Users/chris/Dev/Projects/TheFantasyWorldSimulator/src/engine/phaseReputationTraits.ts:273:7)
    at runTick (C:/Users/chris/Dev/Projects/TheFantasyWorldSimulator/src/engine/orchestrator.ts:1896:18)
    at C:/Users/chris/Dev/Projects/TheFantasyWorldSimulator/src/engine/__tests__/content-layer1-integration.test.ts:240:20
    at file:///C:/Users/chris/Dev/Projects/TheFantasyWorldSimulator/node_modules/@vitest/runner/dist/index.js:145:11
    at file:///C:/Users/chris/Dev/Projects/TheFantasyWorldSimulator/node_modules/@vitest/runner/dist/index.js:915:26
    at file:///C:/Users/chris/Dev/Projects/TheFantasyWorldSimulator/node_modules/@vitest/runner/dist/index.js:1243:20
    at new Promise (<anonymous>)
    at runWithTimeout (file:///C:/Users/chris/Dev/Projects/TheFantasyWorldSimulator/node_modules/@vitest/runner/dist/index.js:1209:10)
[Orchestrator] Tick crashed, returning previous state: Error: Trait not found: trait.reputation.power.renown
    at assignTrait (C:/Users/chris/Dev/Projects/TheFantasyWorldSimulator/src/engine/traits.ts:44:25)
    at syncReputationTrait (C:/Users/chris/Dev/Projects/TheFantasyWorldSimulator/src/engine/phaseReputationTraits.ts:297:5)
    at phaseReputationTraits (C:/Users/chris/Dev/Projects/TheFantasyWorldSimulator/src/engine/phaseReputationTraits.ts:273:7)
    at runTick (C:/Users/chris/Dev/Projects/TheFantasyWorldSimulator/src/engine/orchestrator.ts:1896:18)
    at C:/Users/chris/Dev/Projects/TheFantasyWorldSimulator/src/engine/__tests__/content-layer1-integration.test.ts:240:20
    at file:///C:/Users/chris/Dev/Projects/TheFantasyWorldSimulator/node_modules/@vitest/runner/dist/index.js:145:11
    at file:///C:/Users/chris/Dev/Projects/TheFantasyWorldSimulator/node_modules/@vitest/runner/dist/index.js:915:26
    at file:///C:/Users/chris/Dev/Projects/TheFantasyWorldSimulator/node_modules/@vitest/runner/dist/index.js:1243:20
    at new Promise (<anonymous>)
    at runWithTimeout (file:///C:/Users/chris/Dev/Projects/TheFantasyWorldSimulator/node_modules/@vitest/runner/dist/index.js:1209:10)
[Orchestrator] Tick crashed, returning previous state: Error: Trait not found: trait.reputation.power.renown
    at assignTrait (C:/Users/chris/Dev/Projects/TheFantasyWorldSimulator/src/engine/traits.ts:44:25)
    at syncReputationTrait (C:/Users/chris/Dev/Projects/TheFantasyWorldSimulator/src/engine/phaseReputationTraits.ts:297:5)
    at phaseReputationTraits (C:/Users/chris/Dev/Projects/TheFantasyWorldSimulator/src/engine/phaseReputationTraits.ts:273:7)
    at runTick (C:/Users/chris/Dev/Projects/TheFantasyWorldSimulator/src/engine/orchestrator.ts:1896:18)
    at C:/Users/chris/Dev/Projects/TheFantasyWorldSimulator/src/engine/__tests__/content-layer1-integration.test.ts:240:20
    at file:///C:/Users/chris/Dev/Projects/TheFantasyWorldSimulator/node_modules/@vitest/runner/dist/index.js:145:11
    at file:///C:/Users/chris/Dev/Projects/TheFantasyWorldSimulator/node_modules/@vitest/runner/dist/index.js:915:26
    at file:///C:/Users/chris/Dev/Projects/TheFantasyWorldSimulator/node_modules/@vitest/runner/dist/index.js:1243:20
    at new Promise (<anonymous>)
    at runWithTimeout (file:///C:/Users/chris/Dev/Projects/TheFantasyWorldSimulator/node_modules/@vitest/runner/dist/index.js:1209:10)
[Orchestrator] Tick crashed, returning previous state: Error: Trait not found: trait.reputation.power.renown
    at assignTrait (C:/Users/chris/Dev/Projects/TheFantasyWorldSimulator/src/engine/traits.ts:44:25)
    at syncReputationTrait (C:/Users/chris/Dev/Projects/TheFantasyWorldSimulator/src/engine/phaseReputationTraits.ts:297:5)
    at phaseReputationTraits (C:/Users/chris/Dev/Projects/TheFantasyWorldSimulator/src/engine/phaseReputationTraits.ts:273:7)
    at runTick (C:/Users/chris/Dev/Projects/TheFantasyWorldSimulator/src/engine/orchestrator.ts:1896:18)
    at C:/Users/chris/Dev/Projects/TheFantasyWorldSimulator/src/engine/__tests__/content-layer1-integration.test.ts:240:20
    at file:///C:/Users/chris/Dev/Projects/TheFantasyWorldSimulator/node_modules/@vitest/runner/dist/index.js:145:11
    at file:///C:/Users/chris/Dev/Projects/TheFantasyWorldSimulator/node_modules/@vitest/runner/dist/index.js:915:26
    at file:///C:/Users/chris/Dev/Projects/TheFantasyWorldSimulator/node_modules/@vitest/runner/dist/index.js:1243:20
    at new Promise (<anonymous>)
    at runWithTimeout (file:///C:/Users/chris/Dev/Projects/TheFantasyWorldSimulator/node_modules/@vitest/runner/dist/index.js:1209:10)
[Orchestrator] Tick crashed, returning previous state: Error: Trait not found: trait.reputation.power.renown
    at assignTrait (C:/Users/chris/Dev/Projects/TheFantasyWorldSimulator/src/engine/traits.ts:44:25)
    at syncReputationTrait (C:/Users/chris/Dev/Projects/TheFantasyWorldSimulator/src/engine/phaseReputationTraits.ts:297:5)
    at phaseReputationTraits (C:/Users/chris/Dev/Projects/TheFantasyWorldSimulator/src/engine/phaseReputationTraits.ts:273:7)
    at runTick (C:/Users/chris/Dev/Projects/TheFantasyWorldSimulator/src/engine/orchestrator.ts:1896:18)
    at C:/Users/chris/Dev/Projects/TheFantasyWorldSimulator/src/engine/__tests__/content-layer1-integration.test.ts:240:20
    at file:///C:/Users/chris/Dev/Projects/TheFantasyWorldSimulator/node_modules/@vitest/runner/dist/index.js:145:11
    at file:///C:/Users/chris/Dev/Projects/TheFantasyWorldSimulator/node_modules/@vitest/runner/dist/index.js:915:26
    at file:///C:/Users/chris/Dev/Projects/TheFantasyWorldSimulator/node_modules/@vitest/runner/dist/index.js:1243:20
    at new Promise (<anonymous>)
    at runWithTimeout (file:///C:/Users/chris/Dev/Projects/TheFantasyWorldSimulator/node_modules/@vitest/runner/dist/index.js:1209:10)
[Orchestrator] Tick crashed, returning previous state: Error: Trait not found: trait.reputation.power.renown
    at assignTrait (C:/Users/chris/Dev/Projects/TheFantasyWorldSimulator/src/engine/traits.ts:44:25)
    at syncReputationTrait (C:/Users/chris/Dev/Projects/TheFantasyWorldSimulator/src/engine/phaseReputationTraits.ts:297:5)
    at phaseReputationTraits (C:/Users/chris/Dev/Projects/TheFantasyWorldSimulator/src/engine/phaseReputationTraits.ts:273:7)
    at runTick (C:/Users/chris/Dev/Projects/TheFantasyWorldSimulator/src/engine/orchestrator.ts:1896:18)
    at C:/Users/chris/Dev/Projects/TheFantasyWorldSimulator/src/engine/__tests__/content-layer1-integration.test.ts:240:20
    at file:///C:/Users/chris/Dev/Projects/TheFantasyWorldSimulator/node_modules/@vitest/runner/dist/index.js:145:11
    at file:///C:/Users/chris/Dev/Projects/TheFantasyWorldSimulator/node_modules/@vitest/runner/dist/index.js:915:26
    at file:///C:/Users/chris/Dev/Projects/TheFantasyWorldSimulator/node_modules/@vitest/runner/dist/index.js:1243:20
    at new Promise (<anonymous>)
    at runWithTimeout (file:///C:/Users/chris/Dev/Projects/TheFantasyWorldSimulator/node_modules/@vitest/runner/dist/index.js:1209:10)
[Orchestrator] Tick crashed, returning previous state: Error: Trait not found: trait.reputation.power.renown
    at assignTrait (C:/Users/chris/Dev/Projects/TheFantasyWorldSimulator/src/engine/traits.ts:44:25)
    at syncReputationTrait (C:/Users/chris/Dev/Projects/TheFantasyWorldSimulator/src/engine/phaseReputationTraits.ts:297:5)
    at phaseReputationTraits (C:/Users/chris/Dev/Projects/TheFantasyWorldSimulator/src/engine/phaseReputationTraits.ts:273:7)
    at runTick (C:/Users/chris/Dev/Projects/TheFantasyWorldSimulator/src/engine/orchestrator.ts:1896:18)
    at C:/Users/chris/Dev/Projects/TheFantasyWorldSimulator/src/engine/__tests__/content-layer1-integration.test.ts:240:20
    at file:///C:/Users/chris/Dev/Projects/TheFantasyWorldSimulator/node_modules/@vitest/runner/dist/index.js:145:11
    at file:///C:/Users/chris/Dev/Projects/TheFantasyWorldSimulator/node_modules/@vitest/runner/dist/index.js:915:26
    at file:///C:/Users/chris/Dev/Projects/TheFantasyWorldSimulator/node_modules/@vitest/runner/dist/index.js:1243:20
    at new Promise (<anonymous>)
    at runWithTimeout (file:///C:/Users/chris/Dev/Projects/TheFantasyWorldSimulator/node_modules/@vitest/runner/dist/index.js:1209:10)
[Orchestrator] Tick crashed, returning previous state: Error: Trait not found: trait.reputation.power.renown
    at assignTrait (C:/Users/chris/Dev/Projects/TheFantasyWorldSimulator/src/engine/traits.ts:44:25)
    at syncReputationTrait (C:/Users/chris/Dev/Projects/TheFantasyWorldSimulator/src/engine/phaseReputationTraits.ts:297:5)
    at phaseReputationTraits (C:/Users/chris/Dev/Projects/TheFantasyWorldSimulator/src/engine/phaseReputationTraits.ts:273:7)
    at runTick (C:/Users/chris/Dev/Projects/TheFantasyWorldSimulator/src/engine/orchestrator.ts:1896:18)
    at C:/Users/chris/Dev/Projects/TheFantasyWorldSimulator/src/engine/__tests__/content-layer1-integration.test.ts:240:20
    at file:///C:/Users/chris/Dev/Projects/TheFantasyWorldSimulator/node_modules/@vitest/runner/dist/index.js:145:11
    at file:///C:/Users/chris/Dev/Projects/TheFantasyWorldSimulator/node_modules/@vitest/runner/dist/index.js:915:26
    at file:///C:/Users/chris/Dev/Projects/TheFantasyWorldSimulator/node_modules/@vitest/runner/dist/index.js:1243:20
    at new Promise (<anonymous>)
    at runWithTimeout (file:///C:/Users/chris/Dev/Projects/TheFantasyWorldSimulator/node_modules/@vitest/runner/dist/index.js:1209:10)
[Orchestrator] Tick crashed, returning previous state: Error: Trait not found: trait.reputation.power.renown
    at assignTrait (C:/Users/chris/Dev/Projects/TheFantasyWorldSimulator/src/engine/traits.ts:44:25)
    at syncReputationTrait (C:/Users/chris/Dev/Projects/TheFantasyWorldSimulator/src/engine/phaseReputationTraits.ts:297:5)
    at phaseReputationTraits (C:/Users/chris/Dev/Projects/TheFantasyWorldSimulator/src/engine/phaseReputationTraits.ts:273:7)
    at runTick (C:/Users/chris/Dev/Projects/TheFantasyWorldSimulator/src/engine/orchestrator.ts:1896:18)
    at C:/Users/chris/Dev/Projects/TheFantasyWorldSimulator/src/engine/__tests__/content-layer1-integration.test.ts:240:20
    at file:///C:/Users/chris/Dev/Projects/TheFantasyWorldSimulator/node_modules/@vitest/runner/dist/index.js:145:11
    at file:///C:/Users/chris/Dev/Projects/TheFantasyWorldSimulator/node_modules/@vitest/runner/dist/index.js:915:26
    at file:///C:/Users/chris/Dev/Projects/TheFantasyWorldSimulator/node_modules/@vitest/runner/dist/index.js:1243:20
    at new Promise (<anonymous>)
    at runWithTimeout (file:///C:/Users/chris/Dev/Projects/TheFantasyWorldSimulator/node_modules/@vitest/runner/dist/index.js:1209:10)
[Orchestrator] Tick crashed, returning previous state: Error: Trait not found: trait.reputation.power.renown
    at assignTrait (C:/Users/chris/Dev/Projects/TheFantasyWorldSimulator/src/engine/traits.ts:44:25)
    at syncReputationTrait (C:/Users/chris/Dev/Projects/TheFantasyWorldSimulator/src/engine/phaseReputationTraits.ts:297:5)
    at phaseReputationTraits (C:/Users/chris/Dev/Projects/TheFantasyWorldSimulator/src/engine/phaseReputationTraits.ts:273:7)
    at runTick (C:/Users/chris/Dev/Projects/TheFantasyWorldSimulator/src/engine/orchestrator.ts:1896:18)
    at C:/Users/chris/Dev/Projects/TheFantasyWorldSimulator/src/engine/__tests__/content-layer1-integration.test.ts:240:20
    at file:///C:/Users/chris/Dev/Projects/TheFantasyWorldSimulator/node_modules/@vitest/runner/dist/index.js:145:11
    at file:///C:/Users/chris/Dev/Projects/TheFantasyWorldSimulator/node_modules/@vitest/runner/dist/index.js:915:26
    at file:///C:/Users/chris/Dev/Projects/TheFantasyWorldSimulator/node_modules/@vitest/runner/dist/index.js:1243:20
    at new Promise (<anonymous>)
    at runWithTimeout (file:///C:/Users/chris/Dev/Projects/TheFantasyWorldSimulator/node_modules/@vitest/runner/dist/index.js:1209:10)
[Orchestrator] Tick crashed, returning previous state: Error: Trait not found: trait.reputation.power.renown
    at assignTrait (C:/Users/chris/Dev/Projects/TheFantasyWorldSimulator/src/engine/traits.ts:44:25)
    at syncReputationTrait (C:/Users/chris/Dev/Projects/TheFantasyWorldSimulator/src/engine/phaseReputationTraits.ts:297:5)
    at phaseReputationTraits (C:/Users/chris/Dev/Projects/TheFantasyWorldSimulator/src/engine/phaseReputationTraits.ts:273:7)
    at runTick (C:/Users/chris/Dev/Projects/TheFantasyWorldSimulator/src/engine/orchestrator.ts:1896:18)
    at C:/Users/chris/Dev/Projects/TheFantasyWorldSimulator/src/engine/__tests__/content-layer1-integration.test.ts:240:20
    at file:///C:/Users/chris/Dev/Projects/TheFantasyWorldSimulator/node_modules/@vitest/runner/dist/index.js:145:11
    at file:///C:/Users/chris/Dev/Projects/TheFantasyWorldSimulator/node_modules/@vitest/runner/dist/index.js:915:26
    at file:///C:/Users/chris/Dev/Projects/TheFantasyWorldSimulator/node_modules/@vitest/runner/dist/index.js:1243:20
    at new Promise (<anonymous>)
    at runWithTimeout (file:///C:/Users/chris/Dev/Projects/TheFantasyWorldSimulator/node_modules/@vitest/runner/dist/index.js:1209:10)
[Orchestrator] Tick crashed, returning previous state: Error: Trait not found: trait.reputation.power.renown
    at assignTrait (C:/Users/chris/Dev/Projects/TheFantasyWorldSimulator/src/engine/traits.ts:44:25)
    at syncReputationTrait (C:/Users/chris/Dev/Projects/TheFantasyWorldSimulator/src/engine/phaseReputationTraits.ts:297:5)
    at phaseReputationTraits (C:/Users/chris/Dev/Projects/TheFantasyWorldSimulator/src/engine/phaseReputationTraits.ts:273:7)
    at runTick (C:/Users/chris/Dev/Projects/TheFantasyWorldSimulator/src/engine/orchestrator.ts:1896:18)
    at C:/Users/chris/Dev/Projects/TheFantasyWorldSimulator/src/engine/__tests__/content-layer1-integration.test.ts:240:20
    at file:///C:/Users/chris/Dev/Projects/TheFantasyWorldSimulator/node_modules/@vitest/runner/dist/index.js:145:11
    at file:///C:/Users/chris/Dev/Projects/TheFantasyWorldSimulator/node_modules/@vitest/runner/dist/index.js:915:26
    at file:///C:/Users/chris/Dev/Projects/TheFantasyWorldSimulator/node_modules/@vitest/runner/dist/index.js:1243:20
    at new Promise (<anonymous>)
    at runWithTimeout (file:///C:/Users/chris/Dev/Projects/TheFantasyWorldSimulator/node_modules/@vitest/runner/dist/index.js:1209:10)
[Orchestrator] Tick crashed, returning previous state: Error: Trait not found: trait.reputation.power.renown
    at assignTrait (C:/Users/chris/Dev/Projects/TheFantasyWorldSimulator/src/engine/traits.ts:44:25)
    at syncReputationTrait (C:/Users/chris/Dev/Projects/TheFantasyWorldSimulator/src/engine/phaseReputationTraits.ts:297:5)
    at phaseReputationTraits (C:/Users/chris/Dev/Projects/TheFantasyWorldSimulator/src/engine/phaseReputationTraits.ts:273:7)
    at runTick (C:/Users/chris/Dev/Projects/TheFantasyWorldSimulator/src/engine/orchestrator.ts:1896:18)
    at C:/Users/chris/Dev/Projects/TheFantasyWorldSimulator/src/engine/__tests__/content-layer1-integration.test.ts:240:20
    at file:///C:/Users/chris/Dev/Projects/TheFantasyWorldSimulator/node_modules/@vitest/runner/dist/index.js:145:11
    at file:///C:/Users/chris/Dev/Projects/TheFantasyWorldSimulator/node_modules/@vitest/runner/dist/index.js:915:26
    at file:///C:/Users/chris/Dev/Projects/TheFantasyWorldSimulator/node_modules/@vitest/runner/dist/index.js:1243:20
    at new Promise (<anonymous>)
    at runWithTimeout (file:///C:/Users/chris/Dev/Projects/TheFantasyWorldSimulator/node_modules/@vitest/runner/dist/index.js:1209:10)
[Orchestrator] Tick crashed, returning previous state: Error: Trait not found: trait.reputation.power.renown
    at assignTrait (C:/Users/chris/Dev/Projects/TheFantasyWorldSimulator/src/engine/traits.ts:44:25)
    at syncReputationTrait (C:/Users/chris/Dev/Projects/TheFantasyWorldSimulator/src/engine/phaseReputationTraits.ts:297:5)
    at phaseReputationTraits (C:/Users/chris/Dev/Projects/TheFantasyWorldSimulator/src/engine/phaseReputationTraits.ts:273:7)
    at runTick (C:/Users/chris/Dev/Projects/TheFantasyWorldSimulator/src/engine/orchestrator.ts:1896:18)
    at C:/Users/chris/Dev/Projects/TheFantasyWorldSimulator/src/engine/__tests__/content-layer1-integration.test.ts:240:20
    at file:///C:/Users/chris/Dev/Projects/TheFantasyWorldSimulator/node_modules/@vitest/runner/dist/index.js:145:11
    at file:///C:/Users/chris/Dev/Projects/TheFantasyWorldSimulator/node_modules/@vitest/runner/dist/index.js:915:26
    at file:///C:/Users/chris/Dev/Projects/TheFantasyWorldSimulator/node_modules/@vitest/runner/dist/index.js:1243:20
    at new Promise (<anonymous>)
    at runWithTimeout (file:///C:/Users/chris/Dev/Projects/TheFantasyWorldSimulator/node_modules/@vitest/runner/dist/index.js:1209:10)
[Orchestrator] Tick crashed, returning previous state: Error: Trait not found: trait.reputation.power.renown
    at assignTrait (C:/Users/chris/Dev/Projects/TheFantasyWorldSimulator/src/engine/traits.ts:44:25)
    at syncReputationTrait (C:/Users/chris/Dev/Projects/TheFantasyWorldSimulator/src/engine/phaseReputationTraits.ts:297:5)
    at phaseReputationTraits (C:/Users/chris/Dev/Projects/TheFantasyWorldSimulator/src/engine/phaseReputationTraits.ts:273:7)
    at runTick (C:/Users/chris/Dev/Projects/TheFantasyWorldSimulator/src/engine/orchestrator.ts:1896:18)
    at C:/Users/chris/Dev/Projects/TheFantasyWorldSimulator/src/engine/__tests__/content-layer1-integration.test.ts:240:20
    at file:///C:/Users/chris/Dev/Projects/TheFantasyWorldSimulator/node_modules/@vitest/runner/dist/index.js:145:11
    at file:///C:/Users/chris/Dev/Projects/TheFantasyWorldSimulator/node_modules/@vitest/runner/dist/index.js:915:26
    at file:///C:/Users/chris/Dev/Projects/TheFantasyWorldSimulator/node_modules/@vitest/runner/dist/index.js:1243:20
    at new Promise (<anonymous>)
    at runWithTimeout (file:///C:/Users/chris/Dev/Projects/TheFantasyWorldSimulator/node_modules/@vitest/runner/dist/index.js:1209:10)
[Orchestrator] Tick crashed, returning previous state: Error: Trait not found: trait.reputation.power.renown
    at assignTrait (C:/Users/chris/Dev/Projects/TheFantasyWorldSimulator/src/engine/traits.ts:44:25)
    at syncReputationTrait (C:/Users/chris/Dev/Projects/TheFantasyWorldSimulator/src/engine/phaseReputationTraits.ts:297:5)
    at phaseReputationTraits (C:/Users/chris/Dev/Projects/TheFantasyWorldSimulator/src/engine/phaseReputationTraits.ts:273:7)
    at runTick (C:/Users/chris/Dev/Projects/TheFantasyWorldSimulator/src/engine/orchestrator.ts:1896:18)
    at C:/Users/chris/Dev/Projects/TheFantasyWorldSimulator/src/engine/__tests__/content-layer1-integration.test.ts:240:20
    at file:///C:/Users/chris/Dev/Projects/TheFantasyWorldSimulator/node_modules/@vitest/runner/dist/index.js:145:11
    at file:///C:/Users/chris/Dev/Projects/TheFantasyWorldSimulator/node_modules/@vitest/runner/dist/index.js:915:26
    at file:///C:/Users/chris/Dev/Projects/TheFantasyWorldSimulator/node_modules/@vitest/runner/dist/index.js:1243:20
    at new Promise (<anonymous>)
    at runWithTimeout (file:///C:/Users/chris/Dev/Projects/TheFantasyWorldSimulator/node_modules/@vitest/runner/dist/index.js:1209:10)
[Orchestrator] Tick crashed, returning previous state: Error: Trait not found: trait.reputation.power.renown
    at assignTrait (C:/Users/chris/Dev/Projects/TheFantasyWorldSimulator/src/engine/traits.ts:44:25)
    at syncReputationTrait (C:/Users/chris/Dev/Projects/TheFantasyWorldSimulator/src/engine/phaseReputationTraits.ts:297:5)
    at phaseReputationTraits (C:/Users/chris/Dev/Projects/TheFantasyWorldSimulator/src/engine/phaseReputationTraits.ts:273:7)
    at runTick (C:/Users/chris/Dev/Projects/TheFantasyWorldSimulator/src/engine/orchestrator.ts:1896:18)
    at C:/Users/chris/Dev/Projects/TheFantasyWorldSimulator/src/engine/__tests__/content-layer1-integration.test.ts:240:20
    at file:///C:/Users/chris/Dev/Projects/TheFantasyWorldSimulator/node_modules/@vitest/runner/dist/index.js:145:11
    at file:///C:/Users/chris/Dev/Projects/TheFantasyWorldSimulator/node_modules/@vitest/runner/dist/index.js:915:26
    at file:///C:/Users/chris/Dev/Projects/TheFantasyWorldSimulator/node_modules/@vitest/runner/dist/index.js:1243:20
    at new Promise (<anonymous>)
    at runWithTimeout (file:///C:/Users/chris/Dev/Projects/TheFantasyWorldSimulator/node_modules/@vitest/runner/dist/index.js:1209:10)
[Orchestrator] Tick crashed, returning previous state: Error: Trait not found: trait.reputation.power.renown
    at assignTrait (C:/Users/chris/Dev/Projects/TheFantasyWorldSimulator/src/engine/traits.ts:44:25)
    at syncReputationTrait (C:/Users/chris/Dev/Projects/TheFantasyWorldSimulator/src/engine/phaseReputationTraits.ts:297:5)
    at phaseReputationTraits (C:/Users/chris/Dev/Projects/TheFantasyWorldSimulator/src/engine/phaseReputationTraits.ts:273:7)
    at runTick (C:/Users/chris/Dev/Projects/TheFantasyWorldSimulator/src/engine/orchestrator.ts:1896:18)
    at C:/Users/chris/Dev/Projects/TheFantasyWorldSimulator/src/engine/__tests__/content-layer1-integration.test.ts:240:20
    at file:///C:/Users/chris/Dev/Projects/TheFantasyWorldSimulator/node_modules/@vitest/runner/dist/index.js:145:11
    at file:///C:/Users/chris/Dev/Projects/TheFantasyWorldSimulator/node_modules/@vitest/runner/dist/index.js:915:26
    at file:///C:/Users/chris/Dev/Projects/TheFantasyWorldSimulator/node_modules/@vitest/runner/dist/index.js:1243:20
    at new Promise (<anonymous>)
    at runWithTimeout (file:///C:/Users/chris/Dev/Projects/TheFantasyWorldSimulator/node_modules/@vitest/runner/dist/index.js:1209:10)
[Orchestrator] Tick crashed, returning previous state: Error: Trait not found: trait.reputation.power.renown
    at assignTrait (C:/Users/chris/Dev/Projects/TheFantasyWorldSimulator/src/engine/traits.ts:44:25)
    at syncReputationTrait (C:/Users/chris/Dev/Projects/TheFantasyWorldSimulator/src/engine/phaseReputationTraits.ts:297:5)
    at phaseReputationTraits (C:/Users/chris/Dev/Projects/TheFantasyWorldSimulator/src/engine/phaseReputationTraits.ts:273:7)
    at runTick (C:/Users/chris/Dev/Projects/TheFantasyWorldSimulator/src/engine/orchestrator.ts:1896:18)
    at C:/Users/chris/Dev/Projects/TheFantasyWorldSimulator/src/engine/__tests__/content-layer1-integration.test.ts:240:20
    at file:///C:/Users/chris/Dev/Projects/TheFantasyWorldSimulator/node_modules/@vitest/runner/dist/index.js:145:11
    at file:///C:/Users/chris/Dev/Projects/TheFantasyWorldSimulator/node_modules/@vitest/runner/dist/index.js:915:26
    at file:///C:/Users/chris/Dev/Projects/TheFantasyWorldSimulator/node_modules/@vitest/runner/dist/index.js:1243:20
    at new Promise (<anonymous>)
    at runWithTimeout (file:///C:/Users/chris/Dev/Projects/TheFantasyWorldSimulator/node_modules/@vitest/runner/dist/index.js:1209:10)
[Orchestrator] Tick crashed, returning previous state: Error: Trait not found: trait.reputation.power.renown
    at assignTrait (C:/Users/chris/Dev/Projects/TheFantasyWorldSimulator/src/engine/traits.ts:44:25)
    at syncReputationTrait (C:/Users/chris/Dev/Projects/TheFantasyWorldSimulator/src/engine/phaseReputationTraits.ts:297:5)
    at phaseReputationTraits (C:/Users/chris/Dev/Projects/TheFantasyWorldSimulator/src/engine/phaseReputationTraits.ts:273:7)
    at runTick (C:/Users/chris/Dev/Projects/TheFantasyWorldSimulator/src/engine/orchestrator.ts:1896:18)
    at C:/Users/chris/Dev/Projects/TheFantasyWorldSimulator/src/engine/__tests__/content-layer1-integration.test.ts:240:20
    at file:///C:/Users/chris/Dev/Projects/TheFantasyWorldSimulator/node_modules/@vitest/runner/dist/index.js:145:11
    at file:///C:/Users/chris/Dev/Projects/TheFantasyWorldSimulator/node_modules/@vitest/runner/dist/index.js:915:26
    at file:///C:/Users/chris/Dev/Projects/TheFantasyWorldSimulator/node_modules/@vitest/runner/dist/index.js:1243:20
    at new Promise (<anonymous>)
    at runWithTimeout (file:///C:/Users/chris/Dev/Projects/TheFantasyWorldSimulator/node_modules/@vitest/runner/dist/index.js:1209:10)
[Orchestrator] Tick crashed, returning previous state: Error: Trait not found: trait.reputation.power.renown
    at assignTrait (C:/Users/chris/Dev/Projects/TheFantasyWorldSimulator/src/engine/traits.ts:44:25)
    at syncReputationTrait (C:/Users/chris/Dev/Projects/TheFantasyWorldSimulator/src/engine/phaseReputationTraits.ts:297:5)
    at phaseReputationTraits (C:/Users/chris/Dev/Projects/TheFantasyWorldSimulator/src/engine/phaseReputationTraits.ts:273:7)
    at runTick (C:/Users/chris/Dev/Projects/TheFantasyWorldSimulator/src/engine/orchestrator.ts:1896:18)
    at C:/Users/chris/Dev/Projects/TheFantasyWorldSimulator/src/engine/__tests__/content-layer1-integration.test.ts:240:20
    at file:///C:/Users/chris/Dev/Projects/TheFantasyWorldSimulator/node_modules/@vitest/runner/dist/index.js:145:11
    at file:///C:/Users/chris/Dev/Projects/TheFantasyWorldSimulator/node_modules/@vitest/runner/dist/index.js:915:26
    at file:///C:/Users/chris/Dev/Projects/TheFantasyWorldSimulator/node_modules/@vitest/runner/dist/index.js:1243:20
    at new Promise (<anonymous>)
    at runWithTimeout (file:///C:/Users/chris/Dev/Projects/TheFantasyWorldSimulator/node_modules/@vitest/runner/dist/index.js:1209:10)
[Orchestrator] Tick crashed, returning previous state: Error: Trait not found: trait.reputation.power.renown
    at assignTrait (C:/Users/chris/Dev/Projects/TheFantasyWorldSimulator/src/engine/traits.ts:44:25)
    at syncReputationTrait (C:/Users/chris/Dev/Projects/TheFantasyWorldSimulator/src/engine/phaseReputationTraits.ts:297:5)
    at phaseReputationTraits (C:/Users/chris/Dev/Projects/TheFantasyWorldSimulator/src/engine/phaseReputationTraits.ts:273:7)
    at runTick (C:/Users/chris/Dev/Projects/TheFantasyWorldSimulator/src/engine/orchestrator.ts:1896:18)
    at C:/Users/chris/Dev/Projects/TheFantasyWorldSimulator/src/engine/__tests__/content-layer1-integration.test.ts:240:20
    at file:///C:/Users/chris/Dev/Projects/TheFantasyWorldSimulator/node_modules/@vitest/runner/dist/index.js:145:11
    at file:///C:/Users/chris/Dev/Projects/TheFantasyWorldSimulator/node_modules/@vitest/runner/dist/index.js:915:26
    at file:///C:/Users/chris/Dev/Projects/TheFantasyWorldSimulator/node_modules/@vitest/runner/dist/index.js:1243:20
    at new Promise (<anonymous>)
    at runWithTimeout (file:///C:/Users/chris/Dev/Projects/TheFantasyWorldSimulator/node_modules/@vitest/runner/dist/index.js:1209:10)
[Orchestrator] Tick crashed, returning previous state: Error: Trait not found: trait.reputation.power.renown
    at assignTrait (C:/Users/chris/Dev/Projects/TheFantasyWorldSimulator/src/engine/traits.ts:44:25)
    at syncReputationTrait (C:/Users/chris/Dev/Projects/TheFantasyWorldSimulator/src/engine/phaseReputationTraits.ts:297:5)
    at phaseReputationTraits (C:/Users/chris/Dev/Projects/TheFantasyWorldSimulator/src/engine/phaseReputationTraits.ts:273:7)
    at runTick (C:/Users/chris/Dev/Projects/TheFantasyWorldSimulator/src/engine/orchestrator.ts:1896:18)
    at C:/Users/chris/Dev/Projects/TheFantasyWorldSimulator/src/engine/__tests__/content-layer1-integration.test.ts:240:20
    at file:///C:/Users/chris/Dev/Projects/TheFantasyWorldSimulator/node_modules/@vitest/runner/dist/index.js:145:11
    at file:///C:/Users/chris/Dev/Projects/TheFantasyWorldSimulator/node_modules/@vitest/runner/dist/index.js:915:26
    at file:///C:/Users/chris/Dev/Projects/TheFantasyWorldSimulator/node_modules/@vitest/runner/dist/index.js:1243:20
    at new Promise (<anonymous>)
    at runWithTimeout (file:///C:/Users/chris/Dev/Projects/TheFantasyWorldSimulator/node_modules/@vitest/runner/dist/index.js:1209:10)
[Orchestrator] Tick crashed, returning previous state: Error: Trait not found: trait.reputation.power.renown
    at assignTrait (C:/Users/chris/Dev/Projects/TheFantasyWorldSimulator/src/engine/traits.ts:44:25)
    at syncReputationTrait (C:/Users/chris/Dev/Projects/TheFantasyWorldSimulator/src/engine/phaseReputationTraits.ts:297:5)
    at phaseReputationTraits (C:/Users/chris/Dev/Projects/TheFantasyWorldSimulator/src/engine/phaseReputationTraits.ts:273:7)
    at runTick (C:/Users/chris/Dev/Projects/TheFantasyWorldSimulator/src/engine/orchestrator.ts:1896:18)
    at C:/Users/chris/Dev/Projects/TheFantasyWorldSimulator/src/engine/__tests__/content-layer1-integration.test.ts:240:20
    at file:///C:/Users/chris/Dev/Projects/TheFantasyWorldSimulator/node_modules/@vitest/runner/dist/index.js:145:11
    at file:///C:/Users/chris/Dev/Projects/TheFantasyWorldSimulator/node_modules/@vitest/runner/dist/index.js:915:26
    at file:///C:/Users/chris/Dev/Projects/TheFantasyWorldSimulator/node_modules/@vitest/runner/dist/index.js:1243:20
    at new Promise (<anonymous>)
    at runWithTimeout (file:///C:/Users/chris/Dev/Projects/TheFantasyWorldSimulator/node_modules/@vitest/runner/dist/index.js:1209:10)
[Orchestrator] Tick crashed, returning previous state: Error: Trait not found: trait.reputation.power.renown
    at assignTrait (C:/Users/chris/Dev/Projects/TheFantasyWorldSimulator/src/engine/traits.ts:44:25)
    at syncReputationTrait (C:/Users/chris/Dev/Projects/TheFantasyWorldSimulator/src/engine/phaseReputationTraits.ts:297:5)
    at phaseReputationTraits (C:/Users/chris/Dev/Projects/TheFantasyWorldSimulator/src/engine/phaseReputationTraits.ts:273:7)
    at runTick (C:/Users/chris/Dev/Projects/TheFantasyWorldSimulator/src/engine/orchestrator.ts:1896:18)
    at C:/Users/chris/Dev/Projects/TheFantasyWorldSimulator/src/engine/__tests__/content-layer1-integration.test.ts:240:20
    at file:///C:/Users/chris/Dev/Projects/TheFantasyWorldSimulator/node_modules/@vitest/runner/dist/index.js:145:11
    at file:///C:/Users/chris/Dev/Projects/TheFantasyWorldSimulator/node_modules/@vitest/runner/dist/index.js:915:26
    at file:///C:/Users/chris/Dev/Projects/TheFantasyWorldSimulator/node_modules/@vitest/runner/dist/index.js:1243:20
    at new Promise (<anonymous>)
    at runWithTimeout (file:///C:/Users/chris/Dev/Projects/TheFantasyWorldSimulator/node_modules/@vitest/runner/dist/index.js:1209:10)
[Orchestrator] Tick crashed, returning previous state: Error: Trait not found: trait.reputation.power.renown
    at assignTrait (C:/Users/chris/Dev/Projects/TheFantasyWorldSimulator/src/engine/traits.ts:44:25)
    at syncReputationTrait (C:/Users/chris/Dev/Projects/TheFantasyWorldSimulator/src/engine/phaseReputationTraits.ts:297:5)
    at phaseReputationTraits (C:/Users/chris/Dev/Projects/TheFantasyWorldSimulator/src/engine/phaseReputationTraits.ts:273:7)
    at runTick (C:/Users/chris/Dev/Projects/TheFantasyWorldSimulator/src/engine/orchestrator.ts:1896:18)
    at C:/Users/chris/Dev/Projects/TheFantasyWorldSimulator/src/engine/__tests__/content-layer1-integration.test.ts:240:20
    at file:///C:/Users/chris/Dev/Projects/TheFantasyWorldSimulator/node_modules/@vitest/runner/dist/index.js:145:11
    at file:///C:/Users/chris/Dev/Projects/TheFantasyWorldSimulator/node_modules/@vitest/runner/dist/index.js:915:26
    at file:///C:/Users/chris/Dev/Projects/TheFantasyWorldSimulator/node_modules/@vitest/runner/dist/index.js:1243:20
    at new Promise (<anonymous>)
    at runWithTimeout (file:///C:/Users/chris/Dev/Projects/TheFantasyWorldSimulator/node_modules/@vitest/runner/dist/index.js:1209:10)
[Orchestrator] Tick crashed, returning previous state: Error: Trait not found: trait.reputation.power.renown
    at assignTrait (C:/Users/chris/Dev/Projects/TheFantasyWorldSimulator/src/engine/traits.ts:44:25)
    at syncReputationTrait (C:/Users/chris/Dev/Projects/TheFantasyWorldSimulator/src/engine/phaseReputationTraits.ts:297:5)
    at phaseReputationTraits (C:/Users/chris/Dev/Projects/TheFantasyWorldSimulator/src/engine/phaseReputationTraits.ts:273:7)
    at runTick (C:/Users/chris/Dev/Projects/TheFantasyWorldSimulator/src/engine/orchestrator.ts:1896:18)
    at C:/Users/chris/Dev/Projects/TheFantasyWorldSimulator/src/engine/__tests__/content-layer1-integration.test.ts:240:20
    at file:///C:/Users/chris/Dev/Projects/TheFantasyWorldSimulator/node_modules/@vitest/runner/dist/index.js:145:11
    at file:///C:/Users/chris/Dev/Projects/TheFantasyWorldSimulator/node_modules/@vitest/runner/dist/index.js:915:26
    at file:///C:/Users/chris/Dev/Projects/TheFantasyWorldSimulator/node_modules/@vitest/runner/dist/index.js:1243:20
    at new Promise (<anonymous>)
    at runWithTimeout (file:///C:/Users/chris/Dev/Projects/TheFantasyWorldSimulator/node_modules/@vitest/runner/dist/index.js:1209:10)
[Orchestrator] Tick crashed, returning previous state: Error: Trait not found: trait.reputation.power.renown
    at assignTrait (C:/Users/chris/Dev/Projects/TheFantasyWorldSimulator/src/engine/traits.ts:44:25)
    at syncReputationTrait (C:/Users/chris/Dev/Projects/TheFantasyWorldSimulator/src/engine/phaseReputationTraits.ts:297:5)
    at phaseReputationTraits (C:/Users/chris/Dev/Projects/TheFantasyWorldSimulator/src/engine/phaseReputationTraits.ts:273:7)
    at runTick (C:/Users/chris/Dev/Projects/TheFantasyWorldSimulator/src/engine/orchestrator.ts:1896:18)
    at C:/Users/chris/Dev/Projects/TheFantasyWorldSimulator/src/engine/__tests__/content-layer1-integration.test.ts:240:20
    at file:///C:/Users/chris/Dev/Projects/TheFantasyWorldSimulator/node_modules/@vitest/runner/dist/index.js:145:11
    at file:///C:/Users/chris/Dev/Projects/TheFantasyWorldSimulator/node_modules/@vitest/runner/dist/index.js:915:26
    at file:///C:/Users/chris/Dev/Projects/TheFantasyWorldSimulator/node_modules/@vitest/runner/dist/index.js:1243:20
    at new Promise (<anonymous>)
    at runWithTimeout (file:///C:/Users/chris/Dev/Projects/TheFantasyWorldSimulator/node_modules/@vitest/runner/dist/index.js:1209:10)
[Orchestrator] Tick crashed, returning previous state: Error: Trait not found: trait.reputation.power.renown
    at assignTrait (C:/Users/chris/Dev/Projects/TheFantasyWorldSimulator/src/engine/traits.ts:44:25)
    at syncReputationTrait (C:/Users/chris/Dev/Projects/TheFantasyWorldSimulator/src/engine/phaseReputationTraits.ts:297:5)
    at phaseReputationTraits (C:/Users/chris/Dev/Projects/TheFantasyWorldSimulator/src/engine/phaseReputationTraits.ts:273:7)
    at runTick (C:/Users/chris/Dev/Projects/TheFantasyWorldSimulator/src/engine/orchestrator.ts:1896:18)
    at C:/Users/chris/Dev/Projects/TheFantasyWorldSimulator/src/engine/__tests__/content-layer1-integration.test.ts:240:20
    at file:///C:/Users/chris/Dev/Projects/TheFantasyWorldSimulator/node_modules/@vitest/runner/dist/index.js:145:11
    at file:///C:/Users/chris/Dev/Projects/TheFantasyWorldSimulator/node_modules/@vitest/runner/dist/index.js:915:26
    at file:///C:/Users/chris/Dev/Projects/TheFantasyWorldSimulator/node_modules/@vitest/runner/dist/index.js:1243:20
    at new Promise (<anonymous>)
    at runWithTimeout (file:///C:/Users/chris/Dev/Projects/TheFantasyWorldSimulator/node_modules/@vitest/runner/dist/index.js:1209:10)
[Orchestrator] Tick crashed, returning previous state: Error: Trait not found: trait.reputation.power.renown
    at assignTrait (C:/Users/chris/Dev/Projects/TheFantasyWorldSimulator/src/engine/traits.ts:44:25)
    at syncReputationTrait (C:/Users/chris/Dev/Projects/TheFantasyWorldSimulator/src/engine/phaseReputationTraits.ts:297:5)
    at phaseReputationTraits (C:/Users/chris/Dev/Projects/TheFantasyWorldSimulator/src/engine/phaseReputationTraits.ts:273:7)
    at runTick (C:/Users/chris/Dev/Projects/TheFantasyWorldSimulator/src/engine/orchestrator.ts:1896:18)
    at C:/Users/chris/Dev/Projects/TheFantasyWorldSimulator/src/engine/__tests__/content-layer1-integration.test.ts:240:20
    at file:///C:/Users/chris/Dev/Projects/TheFantasyWorldSimulator/node_modules/@vitest/runner/dist/index.js:145:11
    at file:///C:/Users/chris/Dev/Projects/TheFantasyWorldSimulator/node_modules/@vitest/runner/dist/index.js:915:26
    at file:///C:/Users/chris/Dev/Projects/TheFantasyWorldSimulator/node_modules/@vitest/runner/dist/index.js:1243:20
    at new Promise (<anonymous>)
    at runWithTimeout (file:///C:/Users/chris/Dev/Projects/TheFantasyWorldSimulator/node_modules/@vitest/runner/dist/index.js:1209:10)
[Orchestrator] Tick crashed, returning previous state: Error: Trait not found: trait.reputation.power.renown
    at assignTrait (C:/Users/chris/Dev/Projects/TheFantasyWorldSimulator/src/engine/traits.ts:44:25)
    at syncReputationTrait (C:/Users/chris/Dev/Projects/TheFantasyWorldSimulator/src/engine/phaseReputationTraits.ts:297:5)
    at phaseReputationTraits (C:/Users/chris/Dev/Projects/TheFantasyWorldSimulator/src/engine/phaseReputationTraits.ts:273:7)
    at runTick (C:/Users/chris/Dev/Projects/TheFantasyWorldSimulator/src/engine/orchestrator.ts:1896:18)
    at C:/Users/chris/Dev/Projects/TheFantasyWorldSimulator/src/engine/__tests__/content-layer1-integration.test.ts:240:20
    at file:///C:/Users/chris/Dev/Projects/TheFantasyWorldSimulator/node_modules/@vitest/runner/dist/index.js:145:11
    at file:///C:/Users/chris/Dev/Projects/TheFantasyWorldSimulator/node_modules/@vitest/runner/dist/index.js:915:26
    at file:///C:/Users/chris/Dev/Projects/TheFantasyWorldSimulator/node_modules/@vitest/runner/dist/index.js:1243:20
    at new Promise (<anonymous>)
    at runWithTimeout (file:///C:/Users/chris/Dev/Projects/TheFantasyWorldSimulator/node_modules/@vitest/runner/dist/index.js:1209:10)
[Orchestrator] Tick crashed, returning previous state: Error: Trait not found: trait.reputation.power.renown
    at assignTrait (C:/Users/chris/Dev/Projects/TheFantasyWorldSimulator/src/engine/traits.ts:44:25)
    at syncReputationTrait (C:/Users/chris/Dev/Projects/TheFantasyWorldSimulator/src/engine/phaseReputationTraits.ts:297:5)
    at phaseReputationTraits (C:/Users/chris/Dev/Projects/TheFantasyWorldSimulator/src/engine/phaseReputationTraits.ts:273:7)
    at runTick (C:/Users/chris/Dev/Projects/TheFantasyWorldSimulator/src/engine/orchestrator.ts:1896:18)
    at C:/Users/chris/Dev/Projects/TheFantasyWorldSimulator/src/engine/__tests__/content-layer1-integration.test.ts:240:20
    at file:///C:/Users/chris/Dev/Projects/TheFantasyWorldSimulator/node_modules/@vitest/runner/dist/index.js:145:11
    at file:///C:/Users/chris/Dev/Projects/TheFantasyWorldSimulator/node_modules/@vitest/runner/dist/index.js:915:26
    at file:///C:/Users/chris/Dev/Projects/TheFantasyWorldSimulator/node_modules/@vitest/runner/dist/index.js:1243:20
    at new Promise (<anonymous>)
    at runWithTimeout (file:///C:/Users/chris/Dev/Projects/TheFantasyWorldSimulator/node_modules/@vitest/runner/dist/index.js:1209:10)
[Orchestrator] Tick crashed, returning previous state: Error: Trait not found: trait.reputation.power.renown
    at assignTrait (C:/Users/chris/Dev/Projects/TheFantasyWorldSimulator/src/engine/traits.ts:44:25)
    at syncReputationTrait (C:/Users/chris/Dev/Projects/TheFantasyWorldSimulator/src/engine/phaseReputationTraits.ts:297:5)
    at phaseReputationTraits (C:/Users/chris/Dev/Projects/TheFantasyWorldSimulator/src/engine/phaseReputationTraits.ts:273:7)
    at runTick (C:/Users/chris/Dev/Projects/TheFantasyWorldSimulator/src/engine/orchestrator.ts:1896:18)
    at C:/Users/chris/Dev/Projects/TheFantasyWorldSimulator/src/engine/__tests__/content-layer1-integration.test.ts:240:20
    at file:///C:/Users/chris/Dev/Projects/TheFantasyWorldSimulator/node_modules/@vitest/runner/dist/index.js:145:11
    at file:///C:/Users/chris/Dev/Projects/TheFantasyWorldSimulator/node_modules/@vitest/runner/dist/index.js:915:26
    at file:///C:/Users/chris/Dev/Projects/TheFantasyWorldSimulator/node_modules/@vitest/runner/dist/index.js:1243:20
    at new Promise (<anonymous>)
    at runWithTimeout (file:///C:/Users/chris/Dev/Projects/TheFantasyWorldSimulator/node_modules/@vitest/runner/dist/index.js:1209:10)
[Orchestrator] Tick crashed, returning previous state: Error: Trait not found: trait.reputation.power.renown
    at assignTrait (C:/Users/chris/Dev/Projects/TheFantasyWorldSimulator/src/engine/traits.ts:44:25)
    at syncReputationTrait (C:/Users/chris/Dev/Projects/TheFantasyWorldSimulator/src/engine/phaseReputationTraits.ts:297:5)
    at phaseReputationTraits (C:/Users/chris/Dev/Projects/TheFantasyWorldSimulator/src/engine/phaseReputationTraits.ts:273:7)
    at runTick (C:/Users/chris/Dev/Projects/TheFantasyWorldSimulator/src/engine/orchestrator.ts:1896:18)
    at C:/Users/chris/Dev/Projects/TheFantasyWorldSimulator/src/engine/__tests__/content-layer1-integration.test.ts:240:20
    at file:///C:/Users/chris/Dev/Projects/TheFantasyWorldSimulator/node_modules/@vitest/runner/dist/index.js:145:11
    at file:///C:/Users/chris/Dev/Projects/TheFantasyWorldSimulator/node_modules/@vitest/runner/dist/index.js:915:26
    at file:///C:/Users/chris/Dev/Projects/TheFantasyWorldSimulator/node_modules/@vitest/runner/dist/index.js:1243:20
    at new Promise (<anonymous>)
    at runWithTimeout (file:///C:/Users/chris/Dev/Projects/TheFantasyWorldSimulator/node_modules/@vitest/runner/dist/index.js:1209:10)
[Orchestrator] Tick crashed, returning previous state: Error: Trait not found: trait.reputation.power.renown
    at assignTrait (C:/Users/chris/Dev/Projects/TheFantasyWorldSimulator/src/engine/traits.ts:44:25)
    at syncReputationTrait (C:/Users/chris/Dev/Projects/TheFantasyWorldSimulator/src/engine/phaseReputationTraits.ts:297:5)
    at phaseReputationTraits (C:/Users/chris/Dev/Projects/TheFantasyWorldSimulator/src/engine/phaseReputationTraits.ts:273:7)
    at runTick (C:/Users/chris/Dev/Projects/TheFantasyWorldSimulator/src/engine/orchestrator.ts:1896:18)
    at C:/Users/chris/Dev/Projects/TheFantasyWorldSimulator/src/engine/__tests__/content-layer1-integration.test.ts:240:20
    at file:///C:/Users/chris/Dev/Projects/TheFantasyWorldSimulator/node_modules/@vitest/runner/dist/index.js:145:11
    at file:///C:/Users/chris/Dev/Projects/TheFantasyWorldSimulator/node_modules/@vitest/runner/dist/index.js:915:26
    at file:///C:/Users/chris/Dev/Projects/TheFantasyWorldSimulator/node_modules/@vitest/runner/dist/index.js:1243:20
    at new Promise (<anonymous>)
    at runWithTimeout (file:///C:/Users/chris/Dev/Projects/TheFantasyWorldSimulator/node_modules/@vitest/runner/dist/index.js:1209:10)
[Orchestrator] Tick crashed, returning previous state: Error: Trait not found: trait.reputation.power.renown
    at assignTrait (C:/Users/chris/Dev/Projects/TheFantasyWorldSimulator/src/engine/traits.ts:44:25)
    at syncReputationTrait (C:/Users/chris/Dev/Projects/TheFantasyWorldSimulator/src/engine/phaseReputationTraits.ts:297:5)
    at phaseReputationTraits (C:/Users/chris/Dev/Projects/TheFantasyWorldSimulator/src/engine/phaseReputationTraits.ts:273:7)
    at runTick (C:/Users/chris/Dev/Projects/TheFantasyWorldSimulator/src/engine/orchestrator.ts:1896:18)
    at C:/Users/chris/Dev/Projects/TheFantasyWorldSimulator/src/engine/__tests__/content-layer1-integration.test.ts:240:20
    at file:///C:/Users/chris/Dev/Projects/TheFantasyWorldSimulator/node_modules/@vitest/runner/dist/index.js:145:11
    at file:///C:/Users/chris/Dev/Projects/TheFantasyWorldSimulator/node_modules/@vitest/runner/dist/index.js:915:26
    at file:///C:/Users/chris/Dev/Projects/TheFantasyWorldSimulator/node_modules/@vitest/runner/dist/index.js:1243:20
    at new Promise (<anonymous>)
    at runWithTimeout (file:///C:/Users/chris/Dev/Projects/TheFantasyWorldSimulator/node_modules/@vitest/runner/dist/index.js:1209:10)
[Orchestrator] Tick crashed, returning previous state: Error: Trait not found: trait.reputation.power.renown
    at assignTrait (C:/Users/chris/Dev/Projects/TheFantasyWorldSimulator/src/engine/traits.ts:44:25)
    at syncReputationTrait (C:/Users/chris/Dev/Projects/TheFantasyWorldSimulator/src/engine/phaseReputationTraits.ts:297:5)
    at phaseReputationTraits (C:/Users/chris/Dev/Projects/TheFantasyWorldSimulator/src/engine/phaseReputationTraits.ts:273:7)
    at runTick (C:/Users/chris/Dev/Projects/TheFantasyWorldSimulator/src/engine/orchestrator.ts:1896:18)
    at C:/Users/chris/Dev/Projects/TheFantasyWorldSimulator/src/engine/__tests__/content-layer1-integration.test.ts:240:20
    at file:///C:/Users/chris/Dev/Projects/TheFantasyWorldSimulator/node_modules/@vitest/runner/dist/index.js:145:11
    at file:///C:/Users/chris/Dev/Projects/TheFantasyWorldSimulator/node_modules/@vitest/runner/dist/index.js:915:26
    at file:///C:/Users/chris/Dev/Projects/TheFantasyWorldSimulator/node_modules/@vitest/runner/dist/index.js:1243:20
    at new Promise (<anonymous>)
    at runWithTimeout (file:///C:/Users/chris/Dev/Projects/TheFantasyWorldSimulator/node_modules/@vitest/runner/dist/index.js:1209:10)
[Orchestrator] Tick crashed, returning previous state: Error: Trait not found: trait.reputation.power.renown
    at assignTrait (C:/Users/chris/Dev/Projects/TheFantasyWorldSimulator/src/engine/traits.ts:44:25)
    at syncReputationTrait (C:/Users/chris/Dev/Projects/TheFantasyWorldSimulator/src/engine/phaseReputationTraits.ts:297:5)
    at phaseReputationTraits (C:/Users/chris/Dev/Projects/TheFantasyWorldSimulator/src/engine/phaseReputationTraits.ts:273:7)
    at runTick (C:/Users/chris/Dev/Projects/TheFantasyWorldSimulator/src/engine/orchestrator.ts:1896:18)
    at C:/Users/chris/Dev/Projects/TheFantasyWorldSimulator/src/engine/__tests__/content-layer1-integration.test.ts:240:20
    at file:///C:/Users/chris/Dev/Projects/TheFantasyWorldSimulator/node_modules/@vitest/runner/dist/index.js:145:11
    at file:///C:/Users/chris/Dev/Projects/TheFantasyWorldSimulator/node_modules/@vitest/runner/dist/index.js:915:26
    at file:///C:/Users/chris/Dev/Projects/TheFantasyWorldSimulator/node_modules/@vitest/runner/dist/index.js:1243:20
    at new Promise (<anonymous>)
    at runWithTimeout (file:///C:/Users/chris/Dev/Projects/TheFantasyWorldSimulator/node_modules/@vitest/runner/dist/index.js:1209:10)
[Orchestrator] Tick crashed, returning previous state: Error: Trait not found: trait.reputation.power.renown
    at assignTrait (C:/Users/chris/Dev/Projects/TheFantasyWorldSimulator/src/engine/traits.ts:44:25)
    at syncReputationTrait (C:/Users/chris/Dev/Projects/TheFantasyWorldSimulator/src/engine/phaseReputationTraits.ts:297:5)
    at phaseReputationTraits (C:/Users/chris/Dev/Projects/TheFantasyWorldSimulator/src/engine/phaseReputationTraits.ts:273:7)
    at runTick (C:/Users/chris/Dev/Projects/TheFantasyWorldSimulator/src/engine/orchestrator.ts:1896:18)
    at C:/Users/chris/Dev/Projects/TheFantasyWorldSimulator/src/engine/__tests__/content-layer1-integration.test.ts:240:20
    at file:///C:/Users/chris/Dev/Projects/TheFantasyWorldSimulator/node_modules/@vitest/runner/dist/index.js:145:11
    at file:///C:/Users/chris/Dev/Projects/TheFantasyWorldSimulator/node_modules/@vitest/runner/dist/index.js:915:26
    at file:///C:/Users/chris/Dev/Projects/TheFantasyWorldSimulator/node_modules/@vitest/runner/dist/index.js:1243:20
    at new Promise (<anonymous>)
    at runWithTimeout (file:///C:/Users/chris/Dev/Projects/TheFantasyWorldSimulator/node_modules/@vitest/runner/dist/index.js:1209:10)
[Orchestrator] Tick crashed, returning previous state: Error: Trait not found: trait.reputation.power.renown
    at assignTrait (C:/Users/chris/Dev/Projects/TheFantasyWorldSimulator/src/engine/traits.ts:44:25)
    at syncReputationTrait (C:/Users/chris/Dev/Projects/TheFantasyWorldSimulator/src/engine/phaseReputationTraits.ts:297:5)
    at phaseReputationTraits (C:/Users/chris/Dev/Projects/TheFantasyWorldSimulator/src/engine/phaseReputationTraits.ts:273:7)
    at runTick (C:/Users/chris/Dev/Projects/TheFantasyWorldSimulator/src/engine/orchestrator.ts:1896:18)
    at C:/Users/chris/Dev/Projects/TheFantasyWorldSimulator/src/engine/__tests__/content-layer1-integration.test.ts:240:20
    at file:///C:/Users/chris/Dev/Projects/TheFantasyWorldSimulator/node_modules/@vitest/runner/dist/index.js:145:11
    at file:///C:/Users/chris/Dev/Projects/TheFantasyWorldSimulator/node_modules/@vitest/runner/dist/index.js:915:26
    at file:///C:/Users/chris/Dev/Projects/TheFantasyWorldSimulator/node_modules/@vitest/runner/dist/index.js:1243:20
    at new Promise (<anonymous>)
    at runWithTimeout (file:///C:/Users/chris/Dev/Projects/TheFantasyWorldSimulator/node_modules/@vitest/runner/dist/index.js:1209:10)
[Orchestrator] Tick crashed, returning previous state: Error: Trait not found: trait.reputation.power.renown
    at assignTrait (C:/Users/chris/Dev/Projects/TheFantasyWorldSimulator/src/engine/traits.ts:44:25)
    at syncReputationTrait (C:/Users/chris/Dev/Projects/TheFantasyWorldSimulator/src/engine/phaseReputationTraits.ts:297:5)
    at phaseReputationTraits (C:/Users/chris/Dev/Projects/TheFantasyWorldSimulator/src/engine/phaseReputationTraits.ts:273:7)
    at runTick (C:/Users/chris/Dev/Projects/TheFantasyWorldSimulator/src/engine/orchestrator.ts:1896:18)
    at C:/Users/chris/Dev/Projects/TheFantasyWorldSimulator/src/engine/__tests__/content-layer1-integration.test.ts:240:20
    at file:///C:/Users/chris/Dev/Projects/TheFantasyWorldSimulator/node_modules/@vitest/runner/dist/index.js:145:11
    at file:///C:/Users/chris/Dev/Projects/TheFantasyWorldSimulator/node_modules/@vitest/runner/dist/index.js:915:26
    at file:///C:/Users/chris/Dev/Projects/TheFantasyWorldSimulator/node_modules/@vitest/runner/dist/index.js:1243:20
    at new Promise (<anonymous>)
    at runWithTimeout (file:///C:/Users/chris/Dev/Projects/TheFantasyWorldSimulator/node_modules/@vitest/runner/dist/index.js:1209:10)
[Orchestrator] Tick crashed, returning previous state: Error: Trait not found: trait.reputation.power.renown
    at assignTrait (C:/Users/chris/Dev/Projects/TheFantasyWorldSimulator/src/engine/traits.ts:44:25)
    at syncReputationTrait (C:/Users/chris/Dev/Projects/TheFantasyWorldSimulator/src/engine/phaseReputationTraits.ts:297:5)
    at phaseReputationTraits (C:/Users/chris/Dev/Projects/TheFantasyWorldSimulator/src/engine/phaseReputationTraits.ts:273:7)
    at runTick (C:/Users/chris/Dev/Projects/TheFantasyWorldSimulator/src/engine/orchestrator.ts:1896:18)
    at C:/Users/chris/Dev/Projects/TheFantasyWorldSimulator/src/engine/__tests__/content-layer1-integration.test.ts:240:20
    at file:///C:/Users/chris/Dev/Projects/TheFantasyWorldSimulator/node_modules/@vitest/runner/dist/index.js:145:11
    at file:///C:/Users/chris/Dev/Projects/TheFantasyWorldSimulator/node_modules/@vitest/runner/dist/index.js:915:26
    at file:///C:/Users/chris/Dev/Projects/TheFantasyWorldSimulator/node_modules/@vitest/runner/dist/index.js:1243:20
    at new Promise (<anonymous>)
    at runWithTimeout (file:///C:/Users/chris/Dev/Projects/TheFantasyWorldSimulator/node_modules/@vitest/runner/dist/index.js:1209:10)
[Orchestrator] Tick crashed, returning previous state: Error: Trait not found: trait.reputation.power.renown
    at assignTrait (C:/Users/chris/Dev/Projects/TheFantasyWorldSimulator/src/engine/traits.ts:44:25)
    at syncReputationTrait (C:/Users/chris/Dev/Projects/TheFantasyWorldSimulator/src/engine/phaseReputationTraits.ts:297:5)
    at phaseReputationTraits (C:/Users/chris/Dev/Projects/TheFantasyWorldSimulator/src/engine/phaseReputationTraits.ts:273:7)
    at runTick (C:/Users/chris/Dev/Projects/TheFantasyWorldSimulator/src/engine/orchestrator.ts:1896:18)
    at C:/Users/chris/Dev/Projects/TheFantasyWorldSimulator/src/engine/__tests__/content-layer1-integration.test.ts:240:20
    at file:///C:/Users/chris/Dev/Projects/TheFantasyWorldSimulator/node_modules/@vitest/runner/dist/index.js:145:11
    at file:///C:/Users/chris/Dev/Projects/TheFantasyWorldSimulator/node_modules/@vitest/runner/dist/index.js:915:26
    at file:///C:/Users/chris/Dev/Projects/TheFantasyWorldSimulator/node_modules/@vitest/runner/dist/index.js:1243:20
    at new Promise (<anonymous>)
    at runWithTimeout (file:///C:/Users/chris/Dev/Projects/TheFantasyWorldSimulator/node_modules/@vitest/runner/dist/index.js:1209:10)
[Orchestrator] Tick crashed, returning previous state: Error: Trait not found: trait.reputation.power.renown
    at assignTrait (C:/Users/chris/Dev/Projects/TheFantasyWorldSimulator/src/engine/traits.ts:44:25)
    at syncReputationTrait (C:/Users/chris/Dev/Projects/TheFantasyWorldSimulator/src/engine/phaseReputationTraits.ts:297:5)
    at phaseReputationTraits (C:/Users/chris/Dev/Projects/TheFantasyWorldSimulator/src/engine/phaseReputationTraits.ts:273:7)
    at runTick (C:/Users/chris/Dev/Projects/TheFantasyWorldSimulator/src/engine/orchestrator.ts:1896:18)
    at C:/Users/chris/Dev/Projects/TheFantasyWorldSimulator/src/engine/__tests__/content-layer1-integration.test.ts:240:20
    at file:///C:/Users/chris/Dev/Projects/TheFantasyWorldSimulator/node_modules/@vitest/runner/dist/index.js:145:11
    at file:///C:/Users/chris/Dev/Projects/TheFantasyWorldSimulator/node_modules/@vitest/runner/dist/index.js:915:26
    at file:///C:/Users/chris/Dev/Projects/TheFantasyWorldSimulator/node_modules/@vitest/runner/dist/index.js:1243:20
    at new Promise (<anonymous>)
    at runWithTimeout (file:///C:/Users/chris/Dev/Projects/TheFantasyWorldSimulator/node_modules/@vitest/runner/dist/index.js:1209:10)
[Orchestrator] Tick crashed, returning previous state: Error: Trait not found: trait.reputation.power.renown
    at assignTrait (C:/Users/chris/Dev/Projects/TheFantasyWorldSimulator/src/engine/traits.ts:44:25)
    at syncReputationTrait (C:/Users/chris/Dev/Projects/TheFantasyWorldSimulator/src/engine/phaseReputationTraits.ts:297:5)
    at phaseReputationTraits (C:/Users/chris/Dev/Projects/TheFantasyWorldSimulator/src/engine/phaseReputationTraits.ts:273:7)
    at runTick (C:/Users/chris/Dev/Projects/TheFantasyWorldSimulator/src/engine/orchestrator.ts:1896:18)
    at C:/Users/chris/Dev/Projects/TheFantasyWorldSimulator/src/engine/__tests__/content-layer1-integration.test.ts:240:20
    at file:///C:/Users/chris/Dev/Projects/TheFantasyWorldSimulator/node_modules/@vitest/runner/dist/index.js:145:11
    at file:///C:/Users/chris/Dev/Projects/TheFantasyWorldSimulator/node_modules/@vitest/runner/dist/index.js:915:26
    at file:///C:/Users/chris/Dev/Projects/TheFantasyWorldSimulator/node_modules/@vitest/runner/dist/index.js:1243:20
    at new Promise (<anonymous>)
    at runWithTimeout (file:///C:/Users/chris/Dev/Projects/TheFantasyWorldSimulator/node_modules/@vitest/runner/dist/index.js:1209:10)
[Orchestrator] Tick crashed, returning previous state: Error: Trait not found: trait.reputation.power.renown
    at assignTrait (C:/Users/chris/Dev/Projects/TheFantasyWorldSimulator/src/engine/traits.ts:44:25)
    at syncReputationTrait (C:/Users/chris/Dev/Projects/TheFantasyWorldSimulator/src/engine/phaseReputationTraits.ts:297:5)
    at phaseReputationTraits (C:/Users/chris/Dev/Projects/TheFantasyWorldSimulator/src/engine/phaseReputationTraits.ts:273:7)
    at runTick (C:/Users/chris/Dev/Projects/TheFantasyWorldSimulator/src/engine/orchestrator.ts:1896:18)
    at C:/Users/chris/Dev/Projects/TheFantasyWorldSimulator/src/engine/__tests__/content-layer1-integration.test.ts:240:20
    at file:///C:/Users/chris/Dev/Projects/TheFantasyWorldSimulator/node_modules/@vitest/runner/dist/index.js:145:11
    at file:///C:/Users/chris/Dev/Projects/TheFantasyWorldSimulator/node_modules/@vitest/runner/dist/index.js:915:26
    at file:///C:/Users/chris/Dev/Projects/TheFantasyWorldSimulator/node_modules/@vitest/runner/dist/index.js:1243:20
    at new Promise (<anonymous>)
    at runWithTimeout (file:///C:/Users/chris/Dev/Projects/TheFantasyWorldSimulator/node_modules/@vitest/runner/dist/index.js:1209:10)
[Orchestrator] Tick crashed, returning previous state: Error: Trait not found: trait.reputation.power.renown
    at assignTrait (C:/Users/chris/Dev/Projects/TheFantasyWorldSimulator/src/engine/traits.ts:44:25)
    at syncReputationTrait (C:/Users/chris/Dev/Projects/TheFantasyWorldSimulator/src/engine/phaseReputationTraits.ts:297:5)
    at phaseReputationTraits (C:/Users/chris/Dev/Projects/TheFantasyWorldSimulator/src/engine/phaseReputationTraits.ts:273:7)
    at runTick (C:/Users/chris/Dev/Projects/TheFantasyWorldSimulator/src/engine/orchestrator.ts:1896:18)
    at C:/Users/chris/Dev/Projects/TheFantasyWorldSimulator/src/engine/__tests__/content-layer1-integration.test.ts:240:20
    at file:///C:/Users/chris/Dev/Projects/TheFantasyWorldSimulator/node_modules/@vitest/runner/dist/index.js:145:11
    at file:///C:/Users/chris/Dev/Projects/TheFantasyWorldSimulator/node_modules/@vitest/runner/dist/index.js:915:26
    at file:///C:/Users/chris/Dev/Projects/TheFantasyWorldSimulator/node_modules/@vitest/runner/dist/index.js:1243:20
    at new Promise (<anonymous>)
    at runWithTimeout (file:///C:/Users/chris/Dev/Projects/TheFantasyWorldSimulator/node_modules/@vitest/runner/dist/index.js:1209:10)
[Orchestrator] Tick crashed, returning previous state: Error: Trait not found: trait.reputation.power.renown
    at assignTrait (C:/Users/chris/Dev/Projects/TheFantasyWorldSimulator/src/engine/traits.ts:44:25)
    at syncReputationTrait (C:/Users/chris/Dev/Projects/TheFantasyWorldSimulator/src/engine/phaseReputationTraits.ts:297:5)
    at phaseReputationTraits (C:/Users/chris/Dev/Projects/TheFantasyWorldSimulator/src/engine/phaseReputationTraits.ts:273:7)
    at runTick (C:/Users/chris/Dev/Projects/TheFantasyWorldSimulator/src/engine/orchestrator.ts:1896:18)
    at C:/Users/chris/Dev/Projects/TheFantasyWorldSimulator/src/engine/__tests__/content-layer1-integration.test.ts:240:20
    at file:///C:/Users/chris/Dev/Projects/TheFantasyWorldSimulator/node_modules/@vitest/runner/dist/index.js:145:11
    at file:///C:/Users/chris/Dev/Projects/TheFantasyWorldSimulator/node_modules/@vitest/runner/dist/index.js:915:26
    at file:///C:/Users/chris/Dev/Projects/TheFantasyWorldSimulator/node_modules/@vitest/runner/dist/index.js:1243:20
    at new Promise (<anonymous>)
    at runWithTimeout (file:///C:/Users/chris/Dev/Projects/TheFantasyWorldSimulator/node_modules/@vitest/runner/dist/index.js:1209:10)
[Orchestrator] Tick crashed, returning previous state: Error: Trait not found: trait.reputation.power.renown
    at assignTrait (C:/Users/chris/Dev/Projects/TheFantasyWorldSimulator/src/engine/traits.ts:44:25)
    at syncReputationTrait (C:/Users/chris/Dev/Projects/TheFantasyWorldSimulator/src/engine/phaseReputationTraits.ts:297:5)
    at phaseReputationTraits (C:/Users/chris/Dev/Projects/TheFantasyWorldSimulator/src/engine/phaseReputationTraits.ts:273:7)
    at runTick (C:/Users/chris/Dev/Projects/TheFantasyWorldSimulator/src/engine/orchestrator.ts:1896:18)
    at C:/Users/chris/Dev/Projects/TheFantasyWorldSimulator/src/engine/__tests__/content-layer1-integration.test.ts:240:20
    at file:///C:/Users/chris/Dev/Projects/TheFantasyWorldSimulator/node_modules/@vitest/runner/dist/index.js:145:11
    at file:///C:/Users/chris/Dev/Projects/TheFantasyWorldSimulator/node_modules/@vitest/runner/dist/index.js:915:26
    at file:///C:/Users/chris/Dev/Projects/TheFantasyWorldSimulator/node_modules/@vitest/runner/dist/index.js:1243:20
    at new Promise (<anonymous>)
    at runWithTimeout (file:///C:/Users/chris/Dev/Projects/TheFantasyWorldSimulator/node_modules/@vitest/runner/dist/index.js:1209:10)
[Orchestrator] Tick crashed, returning previous state: Error: Trait not found: trait.reputation.power.renown
    at assignTrait (C:/Users/chris/Dev/Projects/TheFantasyWorldSimulator/src/engine/traits.ts:44:25)
    at syncReputationTrait (C:/Users/chris/Dev/Projects/TheFantasyWorldSimulator/src/engine/phaseReputationTraits.ts:297:5)
    at phaseReputationTraits (C:/Users/chris/Dev/Projects/TheFantasyWorldSimulator/src/engine/phaseReputationTraits.ts:273:7)
    at runTick (C:/Users/chris/Dev/Projects/TheFantasyWorldSimulator/src/engine/orchestrator.ts:1896:18)
    at C:/Users/chris/Dev/Projects/TheFantasyWorldSimulator/src/engine/__tests__/content-layer1-integration.test.ts:240:20
    at file:///C:/Users/chris/Dev/Projects/TheFantasyWorldSimulator/node_modules/@vitest/runner/dist/index.js:145:11
    at file:///C:/Users/chris/Dev/Projects/TheFantasyWorldSimulator/node_modules/@vitest/runner/dist/index.js:915:26
    at file:///C:/Users/chris/Dev/Projects/TheFantasyWorldSimulator/node_modules/@vitest/runner/dist/index.js:1243:20
    at new Promise (<anonymous>)
    at runWithTimeout (file:///C:/Users/chris/Dev/Projects/TheFantasyWorldSimulator/node_modules/@vitest/runner/dist/index.js:1209:10)
[Orchestrator] Tick crashed, returning previous state: Error: Trait not found: trait.reputation.power.renown
    at assignTrait (C:/Users/chris/Dev/Projects/TheFantasyWorldSimulator/src/engine/traits.ts:44:25)
    at syncReputationTrait (C:/Users/chris/Dev/Projects/TheFantasyWorldSimulator/src/engine/phaseReputationTraits.ts:297:5)
    at phaseReputationTraits (C:/Users/chris/Dev/Projects/TheFantasyWorldSimulator/src/engine/phaseReputationTraits.ts:273:7)
    at runTick (C:/Users/chris/Dev/Projects/TheFantasyWorldSimulator/src/engine/orchestrator.ts:1896:18)
    at C:/Users/chris/Dev/Projects/TheFantasyWorldSimulator/src/engine/__tests__/content-layer1-integration.test.ts:240:20
    at file:///C:/Users/chris/Dev/Projects/TheFantasyWorldSimulator/node_modules/@vitest/runner/dist/index.js:145:11
    at file:///C:/Users/chris/Dev/Projects/TheFantasyWorldSimulator/node_modules/@vitest/runner/dist/index.js:915:26
    at file:///C:/Users/chris/Dev/Projects/TheFantasyWorldSimulator/node_modules/@vitest/runner/dist/index.js:1243:20
    at new Promise (<anonymous>)
    at runWithTimeout (file:///C:/Users/chris/Dev/Projects/TheFantasyWorldSimulator/node_modules/@vitest/runner/dist/index.js:1209:10)
[Orchestrator] Tick crashed, returning previous state: Error: Trait not found: trait.reputation.power.renown
    at assignTrait (C:/Users/chris/Dev/Projects/TheFantasyWorldSimulator/src/engine/traits.ts:44:25)
    at syncReputationTrait (C:/Users/chris/Dev/Projects/TheFantasyWorldSimulator/src/engine/phaseReputationTraits.ts:297:5)
    at phaseReputationTraits (C:/Users/chris/Dev/Projects/TheFantasyWorldSimulator/src/engine/phaseReputationTraits.ts:273:7)
    at runTick (C:/Users/chris/Dev/Projects/TheFantasyWorldSimulator/src/engine/orchestrator.ts:1896:18)
    at C:/Users/chris/Dev/Projects/TheFantasyWorldSimulator/src/engine/__tests__/content-layer1-integration.test.ts:240:20
    at file:///C:/Users/chris/Dev/Projects/TheFantasyWorldSimulator/node_modules/@vitest/runner/dist/index.js:145:11
    at file:///C:/Users/chris/Dev/Projects/TheFantasyWorldSimulator/node_modules/@vitest/runner/dist/index.js:915:26
    at file:///C:/Users/chris/Dev/Projects/TheFantasyWorldSimulator/node_modules/@vitest/runner/dist/index.js:1243:20
    at new Promise (<anonymous>)
    at runWithTimeout (file:///C:/Users/chris/Dev/Projects/TheFantasyWorldSimulator/node_modules/@vitest/runner/dist/index.js:1209:10)
[Orchestrator] Tick crashed, returning previous state: Error: Trait not found: trait.reputation.power.renown
    at assignTrait (C:/Users/chris/Dev/Projects/TheFantasyWorldSimulator/src/engine/traits.ts:44:25)
    at syncReputationTrait (C:/Users/chris/Dev/Projects/TheFantasyWorldSimulator/src/engine/phaseReputationTraits.ts:297:5)
    at phaseReputationTraits (C:/Users/chris/Dev/Projects/TheFantasyWorldSimulator/src/engine/phaseReputationTraits.ts:273:7)
    at runTick (C:/Users/chris/Dev/Projects/TheFantasyWorldSimulator/src/engine/orchestrator.ts:1896:18)
    at C:/Users/chris/Dev/Projects/TheFantasyWorldSimulator/src/engine/__tests__/content-layer1-integration.test.ts:240:20
    at file:///C:/Users/chris/Dev/Projects/TheFantasyWorldSimulator/node_modules/@vitest/runner/dist/index.js:145:11
    at file:///C:/Users/chris/Dev/Projects/TheFantasyWorldSimulator/node_modules/@vitest/runner/dist/index.js:915:26
    at file:///C:/Users/chris/Dev/Projects/TheFantasyWorldSimulator/node_modules/@vitest/runner/dist/index.js:1243:20
    at new Promise (<anonymous>)
    at runWithTimeout (file:///C:/Users/chris/Dev/Projects/TheFantasyWorldSimulator/node_modules/@vitest/runner/dist/index.js:1209:10)
[Orchestrator] Tick crashed, returning previous state: Error: Trait not found: trait.reputation.power.renown
    at assignTrait (C:/Users/chris/Dev/Projects/TheFantasyWorldSimulator/src/engine/traits.ts:44:25)
    at syncReputationTrait (C:/Users/chris/Dev/Projects/TheFantasyWorldSimulator/src/engine/phaseReputationTraits.ts:297:5)
    at phaseReputationTraits (C:/Users/chris/Dev/Projects/TheFantasyWorldSimulator/src/engine/phaseReputationTraits.ts:273:7)
    at runTick (C:/Users/chris/Dev/Projects/TheFantasyWorldSimulator/src/engine/orchestrator.ts:1896:18)
    at C:/Users/chris/Dev/Projects/TheFantasyWorldSimulator/src/engine/__tests__/content-layer1-integration.test.ts:240:20
    at file:///C:/Users/chris/Dev/Projects/TheFantasyWorldSimulator/node_modules/@vitest/runner/dist/index.js:145:11
    at file:///C:/Users/chris/Dev/Projects/TheFantasyWorldSimulator/node_modules/@vitest/runner/dist/index.js:915:26
    at file:///C:/Users/chris/Dev/Projects/TheFantasyWorldSimulator/node_modules/@vitest/runner/dist/index.js:1243:20
    at new Promise (<anonymous>)
    at runWithTimeout (file:///C:/Users/chris/Dev/Projects/TheFantasyWorldSimulator/node_modules/@vitest/runner/dist/index.js:1209:10)
[Orchestrator] Tick crashed, returning previous state: Error: Trait not found: trait.reputation.power.renown
    at assignTrait (C:/Users/chris/Dev/Projects/TheFantasyWorldSimulator/src/engine/traits.ts:44:25)
    at syncReputationTrait (C:/Users/chris/Dev/Projects/TheFantasyWorldSimulator/src/engine/phaseReputationTraits.ts:297:5)
    at phaseReputationTraits (C:/Users/chris/Dev/Projects/TheFantasyWorldSimulator/src/engine/phaseReputationTraits.ts:273:7)
    at runTick (C:/Users/chris/Dev/Projects/TheFantasyWorldSimulator/src/engine/orchestrator.ts:1896:18)
    at C:/Users/chris/Dev/Projects/TheFantasyWorldSimulator/src/engine/__tests__/content-layer1-integration.test.ts:240:20
    at file:///C:/Users/chris/Dev/Projects/TheFantasyWorldSimulator/node_modules/@vitest/runner/dist/index.js:145:11
    at file:///C:/Users/chris/Dev/Projects/TheFantasyWorldSimulator/node_modules/@vitest/runner/dist/index.js:915:26
    at file:///C:/Users/chris/Dev/Projects/TheFantasyWorldSimulator/node_modules/@vitest/runner/dist/index.js:1243:20
    at new Promise (<anonymous>)
    at runWithTimeout (file:///C:/Users/chris/Dev/Projects/TheFantasyWorldSimulator/node_modules/@vitest/runner/dist/index.js:1209:10)
[Orchestrator] Tick crashed, returning previous state: Error: Trait not found: trait.reputation.power.renown
    at assignTrait (C:/Users/chris/Dev/Projects/TheFantasyWorldSimulator/src/engine/traits.ts:44:25)
    at syncReputationTrait (C:/Users/chris/Dev/Projects/TheFantasyWorldSimulator/src/engine/phaseReputationTraits.ts:297:5)
    at phaseReputationTraits (C:/Users/chris/Dev/Projects/TheFantasyWorldSimulator/src/engine/phaseReputationTraits.ts:273:7)
    at runTick (C:/Users/chris/Dev/Projects/TheFantasyWorldSimulator/src/engine/orchestrator.ts:1896:18)
    at C:/Users/chris/Dev/Projects/TheFantasyWorldSimulator/src/engine/__tests__/content-layer1-integration.test.ts:240:20
    at file:///C:/Users/chris/Dev/Projects/TheFantasyWorldSimulator/node_modules/@vitest/runner/dist/index.js:145:11
    at file:///C:/Users/chris/Dev/Projects/TheFantasyWorldSimulator/node_modules/@vitest/runner/dist/index.js:915:26
    at file:///C:/Users/chris/Dev/Projects/TheFantasyWorldSimulator/node_modules/@vitest/runner/dist/index.js:1243:20
    at new Promise (<anonymous>)
    at runWithTimeout (file:///C:/Users/chris/Dev/Projects/TheFantasyWorldSimulator/node_modules/@vitest/runner/dist/index.js:1209:10)
[Orchestrator] Tick crashed, returning previous state: Error: Trait not found: trait.reputation.power.renown
    at assignTrait (C:/Users/chris/Dev/Projects/TheFantasyWorldSimulator/src/engine/traits.ts:44:25)
    at syncReputationTrait (C:/Users/chris/Dev/Projects/TheFantasyWorldSimulator/src/engine/phaseReputationTraits.ts:297:5)
    at phaseReputationTraits (C:/Users/chris/Dev/Projects/TheFantasyWorldSimulator/src/engine/phaseReputationTraits.ts:273:7)
    at runTick (C:/Users/chris/Dev/Projects/TheFantasyWorldSimulator/src/engine/orchestrator.ts:1896:18)
    at C:/Users/chris/Dev/Projects/TheFantasyWorldSimulator/src/engine/__tests__/content-layer1-integration.test.ts:240:20
    at file:///C:/Users/chris/Dev/Projects/TheFantasyWorldSimulator/node_modules/@vitest/runner/dist/index.js:145:11
    at file:///C:/Users/chris/Dev/Projects/TheFantasyWorldSimulator/node_modules/@vitest/runner/dist/index.js:915:26
    at file:///C:/Users/chris/Dev/Projects/TheFantasyWorldSimulator/node_modules/@vitest/runner/dist/index.js:1243:20
    at new Promise (<anonymous>)
    at runWithTimeout (file:///C:/Users/chris/Dev/Projects/TheFantasyWorldSimulator/node_modules/@vitest/runner/dist/index.js:1209:10)
[Orchestrator] Tick crashed, returning previous state: Error: Trait not found: trait.reputation.power.renown
    at assignTrait (C:/Users/chris/Dev/Projects/TheFantasyWorldSimulator/src/engine/traits.ts:44:25)
    at syncReputationTrait (C:/Users/chris/Dev/Projects/TheFantasyWorldSimulator/src/engine/phaseReputationTraits.ts:297:5)
    at phaseReputationTraits (C:/Users/chris/Dev/Projects/TheFantasyWorldSimulator/src/engine/phaseReputationTraits.ts:273:7)
    at runTick (C:/Users/chris/Dev/Projects/TheFantasyWorldSimulator/src/engine/orchestrator.ts:1896:18)
    at C:/Users/chris/Dev/Projects/TheFantasyWorldSimulator/src/engine/__tests__/content-layer1-integration.test.ts:240:20
    at file:///C:/Users/chris/Dev/Projects/TheFantasyWorldSimulator/node_modules/@vitest/runner/dist/index.js:145:11
    at file:///C:/Users/chris/Dev/Projects/TheFantasyWorldSimulator/node_modules/@vitest/runner/dist/index.js:915:26
    at file:///C:/Users/chris/Dev/Projects/TheFantasyWorldSimulator/node_modules/@vitest/runner/dist/index.js:1243:20
    at new Promise (<anonymous>)
    at runWithTimeout (file:///C:/Users/chris/Dev/Projects/TheFantasyWorldSimulator/node_modules/@vitest/runner/dist/index.js:1209:10)
[Orchestrator] Tick crashed, returning previous state: Error: Trait not found: trait.reputation.power.renown
    at assignTrait (C:/Users/chris/Dev/Projects/TheFantasyWorldSimulator/src/engine/traits.ts:44:25)
    at syncReputationTrait (C:/Users/chris/Dev/Projects/TheFantasyWorldSimulator/src/engine/phaseReputationTraits.ts:297:5)
    at phaseReputationTraits (C:/Users/chris/Dev/Projects/TheFantasyWorldSimulator/src/engine/phaseReputationTraits.ts:273:7)
    at runTick (C:/Users/chris/Dev/Projects/TheFantasyWorldSimulator/src/engine/orchestrator.ts:1896:18)
    at C:/Users/chris/Dev/Projects/TheFantasyWorldSimulator/src/engine/__tests__/content-layer1-integration.test.ts:240:20
    at file:///C:/Users/chris/Dev/Projects/TheFantasyWorldSimulator/node_modules/@vitest/runner/dist/index.js:145:11
    at file:///C:/Users/chris/Dev/Projects/TheFantasyWorldSimulator/node_modules/@vitest/runner/dist/index.js:915:26
    at file:///C:/Users/chris/Dev/Projects/TheFantasyWorldSimulator/node_modules/@vitest/runner/dist/index.js:1243:20
    at new Promise (<anonymous>)
    at runWithTimeout (file:///C:/Users/chris/Dev/Projects/TheFantasyWorldSimulator/node_modules/@vitest/runner/dist/index.js:1209:10)
[Orchestrator] Tick crashed, returning previous state: Error: Trait not found: trait.reputation.power.renown
    at assignTrait (C:/Users/chris/Dev/Projects/TheFantasyWorldSimulator/src/engine/traits.ts:44:25)
    at syncReputationTrait (C:/Users/chris/Dev/Projects/TheFantasyWorldSimulator/src/engine/phaseReputationTraits.ts:297:5)
    at phaseReputationTraits (C:/Users/chris/Dev/Projects/TheFantasyWorldSimulator/src/engine/phaseReputationTraits.ts:273:7)
    at runTick (C:/Users/chris/Dev/Projects/TheFantasyWorldSimulator/src/engine/orchestrator.ts:1896:18)
    at C:/Users/chris/Dev/Projects/TheFantasyWorldSimulator/src/engine/__tests__/content-layer1-integration.test.ts:240:20
    at file:///C:/Users/chris/Dev/Projects/TheFantasyWorldSimulator/node_modules/@vitest/runner/dist/index.js:145:11
    at file:///C:/Users/chris/Dev/Projects/TheFantasyWorldSimulator/node_modules/@vitest/runner/dist/index.js:915:26
    at file:///C:/Users/chris/Dev/Projects/TheFantasyWorldSimulator/node_modules/@vitest/runner/dist/index.js:1243:20
    at new Promise (<anonymous>)
    at runWithTimeout (file:///C:/Users/chris/Dev/Projects/TheFantasyWorldSimulator/node_modules/@vitest/runner/dist/index.js:1209:10)
[Orchestrator] Tick crashed, returning previous state: Error: Trait not found: trait.reputation.power.renown
    at assignTrait (C:/Users/chris/Dev/Projects/TheFantasyWorldSimulator/src/engine/traits.ts:44:25)
    at syncReputationTrait (C:/Users/chris/Dev/Projects/TheFantasyWorldSimulator/src/engine/phaseReputationTraits.ts:297:5)
    at phaseReputationTraits (C:/Users/chris/Dev/Projects/TheFantasyWorldSimulator/src/engine/phaseReputationTraits.ts:273:7)
    at runTick (C:/Users/chris/Dev/Projects/TheFantasyWorldSimulator/src/engine/orchestrator.ts:1896:18)
    at C:/Users/chris/Dev/Projects/TheFantasyWorldSimulator/src/engine/__tests__/content-layer1-integration.test.ts:240:20
    at file:///C:/Users/chris/Dev/Projects/TheFantasyWorldSimulator/node_modules/@vitest/runner/dist/index.js:145:11
    at file:///C:/Users/chris/Dev/Projects/TheFantasyWorldSimulator/node_modules/@vitest/runner/dist/index.js:915:26
    at file:///C:/Users/chris/Dev/Projects/TheFantasyWorldSimulator/node_modules/@vitest/runner/dist/index.js:1243:20
    at new Promise (<anonymous>)
    at runWithTimeout (file:///C:/Users/chris/Dev/Projects/TheFantasyWorldSimulator/node_modules/@vitest/runner/dist/index.js:1209:10)
[Orchestrator] Tick crashed, returning previous state: Error: Trait not found: trait.reputation.power.renown
    at assignTrait (C:/Users/chris/Dev/Projects/TheFantasyWorldSimulator/src/engine/traits.ts:44:25)
    at syncReputationTrait (C:/Users/chris/Dev/Projects/TheFantasyWorldSimulator/src/engine/phaseReputationTraits.ts:297:5)
    at phaseReputationTraits (C:/Users/chris/Dev/Projects/TheFantasyWorldSimulator/src/engine/phaseReputationTraits.ts:273:7)
    at runTick (C:/Users/chris/Dev/Projects/TheFantasyWorldSimulator/src/engine/orchestrator.ts:1896:18)
    at C:/Users/chris/Dev/Projects/TheFantasyWorldSimulator/src/engine/__tests__/content-layer1-integration.test.ts:240:20
    at file:///C:/Users/chris/Dev/Projects/TheFantasyWorldSimulator/node_modules/@vitest/runner/dist/index.js:145:11
    at file:///C:/Users/chris/Dev/Projects/TheFantasyWorldSimulator/node_modules/@vitest/runner/dist/index.js:915:26
    at file:///C:/Users/chris/Dev/Projects/TheFantasyWorldSimulator/node_modules/@vitest/runner/dist/index.js:1243:20
    at new Promise (<anonymous>)
    at runWithTimeout (file:///C:/Users/chris/Dev/Projects/TheFantasyWorldSimulator/node_modules/@vitest/runner/dist/index.js:1209:10)
[Orchestrator] Tick crashed, returning previous state: Error: Trait not found: trait.reputation.power.renown
    at assignTrait (C:/Users/chris/Dev/Projects/TheFantasyWorldSimulator/src/engine/traits.ts:44:25)
    at syncReputationTrait (C:/Users/chris/Dev/Projects/TheFantasyWorldSimulator/src/engine/phaseReputationTraits.ts:297:5)
    at phaseReputationTraits (C:/Users/chris/Dev/Projects/TheFantasyWorldSimulator/src/engine/phaseReputationTraits.ts:273:7)
    at runTick (C:/Users/chris/Dev/Projects/TheFantasyWorldSimulator/src/engine/orchestrator.ts:1896:18)
    at C:/Users/chris/Dev/Projects/TheFantasyWorldSimulator/src/engine/__tests__/content-layer1-integration.test.ts:240:20
    at file:///C:/Users/chris/Dev/Projects/TheFantasyWorldSimulator/node_modules/@vitest/runner/dist/index.js:145:11
    at file:///C:/Users/chris/Dev/Projects/TheFantasyWorldSimulator/node_modules/@vitest/runner/dist/index.js:915:26
    at file:///C:/Users/chris/Dev/Projects/TheFantasyWorldSimulator/node_modules/@vitest/runner/dist/index.js:1243:20
    at new Promise (<anonymous>)
    at runWithTimeout (file:///C:/Users/chris/Dev/Projects/TheFantasyWorldSimulator/node_modules/@vitest/runner/dist/index.js:1209:10)
[Orchestrator] Tick crashed, returning previous state: Error: Trait not found: trait.reputation.power.renown
    at assignTrait (C:/Users/chris/Dev/Projects/TheFantasyWorldSimulator/src/engine/traits.ts:44:25)
    at syncReputationTrait (C:/Users/chris/Dev/Projects/TheFantasyWorldSimulator/src/engine/phaseReputationTraits.ts:297:5)
    at phaseReputationTraits (C:/Users/chris/Dev/Projects/TheFantasyWorldSimulator/src/engine/phaseReputationTraits.ts:273:7)
    at runTick (C:/Users/chris/Dev/Projects/TheFantasyWorldSimulator/src/engine/orchestrator.ts:1896:18)
    at C:/Users/chris/Dev/Projects/TheFantasyWorldSimulator/src/engine/__tests__/content-layer1-integration.test.ts:240:20
    at file:///C:/Users/chris/Dev/Projects/TheFantasyWorldSimulator/node_modules/@vitest/runner/dist/index.js:145:11
    at file:///C:/Users/chris/Dev/Projects/TheFantasyWorldSimulator/node_modules/@vitest/runner/dist/index.js:915:26
    at file:///C:/Users/chris/Dev/Projects/TheFantasyWorldSimulator/node_modules/@vitest/runner/dist/index.js:1243:20
    at new Promise (<anonymous>)
    at runWithTimeout (file:///C:/Users/chris/Dev/Projects/TheFantasyWorldSimulator/node_modules/@vitest/runner/dist/index.js:1209:10)
[Orchestrator] Tick crashed, returning previous state: Error: Trait not found: trait.reputation.power.renown
    at assignTrait (C:/Users/chris/Dev/Projects/TheFantasyWorldSimulator/src/engine/traits.ts:44:25)
    at syncReputationTrait (C:/Users/chris/Dev/Projects/TheFantasyWorldSimulator/src/engine/phaseReputationTraits.ts:297:5)
    at phaseReputationTraits (C:/Users/chris/Dev/Projects/TheFantasyWorldSimulator/src/engine/phaseReputationTraits.ts:273:7)
    at runTick (C:/Users/chris/Dev/Projects/TheFantasyWorldSimulator/src/engine/orchestrator.ts:1896:18)
    at C:/Users/chris/Dev/Projects/TheFantasyWorldSimulator/src/engine/__tests__/content-layer1-integration.test.ts:240:20
    at file:///C:/Users/chris/Dev/Projects/TheFantasyWorldSimulator/node_modules/@vitest/runner/dist/index.js:145:11
    at file:///C:/Users/chris/Dev/Projects/TheFantasyWorldSimulator/node_modules/@vitest/runner/dist/index.js:915:26
    at file:///C:/Users/chris/Dev/Projects/TheFantasyWorldSimulator/node_modules/@vitest/runner/dist/index.js:1243:20
    at new Promise (<anonymous>)
    at runWithTimeout (file:///C:/Users/chris/Dev/Projects/TheFantasyWorldSimulator/node_modules/@vitest/runner/dist/index.js:1209:10)
[Orchestrator] Tick crashed, returning previous state: Error: Trait not found: trait.reputation.power.renown
    at assignTrait (C:/Users/chris/Dev/Projects/TheFantasyWorldSimulator/src/engine/traits.ts:44:25)
    at syncReputationTrait (C:/Users/chris/Dev/Projects/TheFantasyWorldSimulator/src/engine/phaseReputationTraits.ts:297:5)
    at phaseReputationTraits (C:/Users/chris/Dev/Projects/TheFantasyWorldSimulator/src/engine/phaseReputationTraits.ts:273:7)
    at runTick (C:/Users/chris/Dev/Projects/TheFantasyWorldSimulator/src/engine/orchestrator.ts:1896:18)
    at C:/Users/chris/Dev/Projects/TheFantasyWorldSimulator/src/engine/__tests__/content-layer1-integration.test.ts:240:20
    at file:///C:/Users/chris/Dev/Projects/TheFantasyWorldSimulator/node_modules/@vitest/runner/dist/index.js:145:11
    at file:///C:/Users/chris/Dev/Projects/TheFantasyWorldSimulator/node_modules/@vitest/runner/dist/index.js:915:26
    at file:///C:/Users/chris/Dev/Projects/TheFantasyWorldSimulator/node_modules/@vitest/runner/dist/index.js:1243:20
    at new Promise (<anonymous>)
    at runWithTimeout (file:///C:/Users/chris/Dev/Projects/TheFantasyWorldSimulator/node_modules/@vitest/runner/dist/index.js:1209:10)
[Orchestrator] Tick crashed, returning previous state: Error: Trait not found: trait.reputation.power.renown
    at assignTrait (C:/Users/chris/Dev/Projects/TheFantasyWorldSimulator/src/engine/traits.ts:44:25)
    at syncReputationTrait (C:/Users/chris/Dev/Projects/TheFantasyWorldSimulator/src/engine/phaseReputationTraits.ts:297:5)
    at phaseReputationTraits (C:/Users/chris/Dev/Projects/TheFantasyWorldSimulator/src/engine/phaseReputationTraits.ts:273:7)
    at runTick (C:/Users/chris/Dev/Projects/TheFantasyWorldSimulator/src/engine/orchestrator.ts:1896:18)
    at C:/Users/chris/Dev/Projects/TheFantasyWorldSimulator/src/engine/__tests__/content-layer1-integration.test.ts:240:20
    at file:///C:/Users/chris/Dev/Projects/TheFantasyWorldSimulator/node_modules/@vitest/runner/dist/index.js:145:11
    at file:///C:/Users/chris/Dev/Projects/TheFantasyWorldSimulator/node_modules/@vitest/runner/dist/index.js:915:26
    at file:///C:/Users/chris/Dev/Projects/TheFantasyWorldSimulator/node_modules/@vitest/runner/dist/index.js:1243:20
    at new Promise (<anonymous>)
    at runWithTimeout (file:///C:/Users/chris/Dev/Projects/TheFantasyWorldSimulator/node_modules/@vitest/runner/dist/index.js:1209:10)
[Orchestrator] Tick crashed, returning previous state: Error: Trait not found: trait.reputation.power.renown
    at assignTrait (C:/Users/chris/Dev/Projects/TheFantasyWorldSimulator/src/engine/traits.ts:44:25)
    at syncReputationTrait (C:/Users/chris/Dev/Projects/TheFantasyWorldSimulator/src/engine/phaseReputationTraits.ts:297:5)
    at phaseReputationTraits (C:/Users/chris/Dev/Projects/TheFantasyWorldSimulator/src/engine/phaseReputationTraits.ts:273:7)
    at runTick (C:/Users/chris/Dev/Projects/TheFantasyWorldSimulator/src/engine/orchestrator.ts:1896:18)
    at C:/Users/chris/Dev/Projects/TheFantasyWorldSimulator/src/engine/__tests__/content-layer1-integration.test.ts:240:20
    at file:///C:/Users/chris/Dev/Projects/TheFantasyWorldSimulator/node_modules/@vitest/runner/dist/index.js:145:11
    at file:///C:/Users/chris/Dev/Projects/TheFantasyWorldSimulator/node_modules/@vitest/runner/dist/index.js:915:26
    at file:///C:/Users/chris/Dev/Projects/TheFantasyWorldSimulator/node_modules/@vitest/runner/dist/index.js:1243:20
    at new Promise (<anonymous>)
    at runWithTimeout (file:///C:/Users/chris/Dev/Projects/TheFantasyWorldSimulator/node_modules/@vitest/runner/dist/index.js:1209:10)
[Orchestrator] Tick crashed, returning previous state: Error: Trait not found: trait.reputation.power.renown
    at assignTrait (C:/Users/chris/Dev/Projects/TheFantasyWorldSimulator/src/engine/traits.ts:44:25)
    at syncReputationTrait (C:/Users/chris/Dev/Projects/TheFantasyWorldSimulator/src/engine/phaseReputationTraits.ts:297:5)
    at phaseReputationTraits (C:/Users/chris/Dev/Projects/TheFantasyWorldSimulator/src/engine/phaseReputationTraits.ts:273:7)
    at runTick (C:/Users/chris/Dev/Projects/TheFantasyWorldSimulator/src/engine/orchestrator.ts:1896:18)
    at C:/Users/chris/Dev/Projects/TheFantasyWorldSimulator/src/engine/__tests__/content-layer1-integration.test.ts:240:20
    at file:///C:/Users/chris/Dev/Projects/TheFantasyWorldSimulator/node_modules/@vitest/runner/dist/index.js:145:11
    at file:///C:/Users/chris/Dev/Projects/TheFantasyWorldSimulator/node_modules/@vitest/runner/dist/index.js:915:26
    at file:///C:/Users/chris/Dev/Projects/TheFantasyWorldSimulator/node_modules/@vitest/runner/dist/index.js:1243:20
    at new Promise (<anonymous>)
    at runWithTimeout (file:///C:/Users/chris/Dev/Projects/TheFantasyWorldSimulator/node_modules/@vitest/runner/dist/index.js:1209:10)
[Orchestrator] Tick crashed, returning previous state: Error: Trait not found: trait.reputation.power.renown
    at assignTrait (C:/Users/chris/Dev/Projects/TheFantasyWorldSimulator/src/engine/traits.ts:44:25)
    at syncReputationTrait (C:/Users/chris/Dev/Projects/TheFantasyWorldSimulator/src/engine/phaseReputationTraits.ts:297:5)
    at phaseReputationTraits (C:/Users/chris/Dev/Projects/TheFantasyWorldSimulator/src/engine/phaseReputationTraits.ts:273:7)
    at runTick (C:/Users/chris/Dev/Projects/TheFantasyWorldSimulator/src/engine/orchestrator.ts:1896:18)
    at C:/Users/chris/Dev/Projects/TheFantasyWorldSimulator/src/engine/__tests__/content-layer1-integration.test.ts:240:20
    at file:///C:/Users/chris/Dev/Projects/TheFantasyWorldSimulator/node_modules/@vitest/runner/dist/index.js:145:11
    at file:///C:/Users/chris/Dev/Projects/TheFantasyWorldSimulator/node_modules/@vitest/runner/dist/index.js:915:26
    at file:///C:/Users/chris/Dev/Projects/TheFantasyWorldSimulator/node_modules/@vitest/runner/dist/index.js:1243:20
    at new Promise (<anonymous>)
    at runWithTimeout (file:///C:/Users/chris/Dev/Projects/TheFantasyWorldSimulator/node_modules/@vitest/runner/dist/index.js:1209:10)
[Orchestrator] Tick crashed, returning previous state: Error: Trait not found: trait.reputation.power.renown
    at assignTrait (C:/Users/chris/Dev/Projects/TheFantasyWorldSimulator/src/engine/traits.ts:44:25)
    at syncReputationTrait (C:/Users/chris/Dev/Projects/TheFantasyWorldSimulator/src/engine/phaseReputationTraits.ts:297:5)
    at phaseReputationTraits (C:/Users/chris/Dev/Projects/TheFantasyWorldSimulator/src/engine/phaseReputationTraits.ts:273:7)
    at runTick (C:/Users/chris/Dev/Projects/TheFantasyWorldSimulator/src/engine/orchestrator.ts:1896:18)
    at C:/Users/chris/Dev/Projects/TheFantasyWorldSimulator/src/engine/__tests__/content-layer1-integration.test.ts:240:20
    at file:///C:/Users/chris/Dev/Projects/TheFantasyWorldSimulator/node_modules/@vitest/runner/dist/index.js:145:11
    at file:///C:/Users/chris/Dev/Projects/TheFantasyWorldSimulator/node_modules/@vitest/runner/dist/index.js:915:26
    at file:///C:/Users/chris/Dev/Projects/TheFantasyWorldSimulator/node_modules/@vitest/runner/dist/index.js:1243:20
    at new Promise (<anonymous>)
    at runWithTimeout (file:///C:/Users/chris/Dev/Projects/TheFantasyWorldSimulator/node_modules/@vitest/runner/dist/index.js:1209:10)
[Orchestrator] Tick crashed, returning previous state: Error: Trait not found: trait.reputation.power.renown
    at assignTrait (C:/Users/chris/Dev/Projects/TheFantasyWorldSimulator/src/engine/traits.ts:44:25)
    at syncReputationTrait (C:/Users/chris/Dev/Projects/TheFantasyWorldSimulator/src/engine/phaseReputationTraits.ts:297:5)
    at phaseReputationTraits (C:/Users/chris/Dev/Projects/TheFantasyWorldSimulator/src/engine/phaseReputationTraits.ts:273:7)
    at runTick (C:/Users/chris/Dev/Projects/TheFantasyWorldSimulator/src/engine/orchestrator.ts:1896:18)
    at C:/Users/chris/Dev/Projects/TheFantasyWorldSimulator/src/engine/__tests__/content-layer1-integration.test.ts:240:20
    at file:///C:/Users/chris/Dev/Projects/TheFantasyWorldSimulator/node_modules/@vitest/runner/dist/index.js:145:11
    at file:///C:/Users/chris/Dev/Projects/TheFantasyWorldSimulator/node_modules/@vitest/runner/dist/index.js:915:26
    at file:///C:/Users/chris/Dev/Projects/TheFantasyWorldSimulator/node_modules/@vitest/runner/dist/index.js:1243:20
    at new Promise (<anonymous>)
    at runWithTimeout (file:///C:/Users/chris/Dev/Projects/TheFantasyWorldSimulator/node_modules/@vitest/runner/dist/index.js:1209:10)
[Orchestrator] Tick crashed, returning previous state: Error: Trait not found: trait.reputation.power.renown
    at assignTrait (C:/Users/chris/Dev/Projects/TheFantasyWorldSimulator/src/engine/traits.ts:44:25)
    at syncReputationTrait (C:/Users/chris/Dev/Projects/TheFantasyWorldSimulator/src/engine/phaseReputationTraits.ts:297:5)
    at phaseReputationTraits (C:/Users/chris/Dev/Projects/TheFantasyWorldSimulator/src/engine/phaseReputationTraits.ts:273:7)
    at runTick (C:/Users/chris/Dev/Projects/TheFantasyWorldSimulator/src/engine/orchestrator.ts:1896:18)
    at C:/Users/chris/Dev/Projects/TheFantasyWorldSimulator/src/engine/__tests__/content-layer1-integration.test.ts:240:20
    at file:///C:/Users/chris/Dev/Projects/TheFantasyWorldSimulator/node_modules/@vitest/runner/dist/index.js:145:11
    at file:///C:/Users/chris/Dev/Projects/TheFantasyWorldSimulator/node_modules/@vitest/runner/dist/index.js:915:26
    at file:///C:/Users/chris/Dev/Projects/TheFantasyWorldSimulator/node_modules/@vitest/runner/dist/index.js:1243:20
    at new Promise (<anonymous>)
    at runWithTimeout (file:///C:/Users/chris/Dev/Projects/TheFantasyWorldSimulator/node_modules/@vitest/runner/dist/index.js:1209:10)
[Orchestrator] Tick crashed, returning previous state: Error: Trait not found: trait.reputation.power.renown
    at assignTrait (C:/Users/chris/Dev/Projects/TheFantasyWorldSimulator/src/engine/traits.ts:44:25)
    at syncReputationTrait (C:/Users/chris/Dev/Projects/TheFantasyWorldSimulator/src/engine/phaseReputationTraits.ts:297:5)
    at phaseReputationTraits (C:/Users/chris/Dev/Projects/TheFantasyWorldSimulator/src/engine/phaseReputationTraits.ts:273:7)
    at runTick (C:/Users/chris/Dev/Projects/TheFantasyWorldSimulator/src/engine/orchestrator.ts:1896:18)
    at C:/Users/chris/Dev/Projects/TheFantasyWorldSimulator/src/engine/__tests__/content-layer1-integration.test.ts:240:20
    at file:///C:/Users/chris/Dev/Projects/TheFantasyWorldSimulator/node_modules/@vitest/runner/dist/index.js:145:11
    at file:///C:/Users/chris/Dev/Projects/TheFantasyWorldSimulator/node_modules/@vitest/runner/dist/index.js:915:26
    at file:///C:/Users/chris/Dev/Projects/TheFantasyWorldSimulator/node_modules/@vitest/runner/dist/index.js:1243:20
    at new Promise (<anonymous>)
    at runWithTimeout (file:///C:/Users/chris/Dev/Projects/TheFantasyWorldSimulator/node_modules/@vitest/runner/dist/index.js:1209:10)
[Orchestrator] Tick crashed, returning previous state: Error: Trait not found: trait.reputation.power.renown
    at assignTrait (C:/Users/chris/Dev/Projects/TheFantasyWorldSimulator/src/engine/traits.ts:44:25)
    at syncReputationTrait (C:/Users/chris/Dev/Projects/TheFantasyWorldSimulator/src/engine/phaseReputationTraits.ts:297:5)
    at phaseReputationTraits (C:/Users/chris/Dev/Projects/TheFantasyWorldSimulator/src/engine/phaseReputationTraits.ts:273:7)
    at runTick (C:/Users/chris/Dev/Projects/TheFantasyWorldSimulator/src/engine/orchestrator.ts:1896:18)
    at C:/Users/chris/Dev/Projects/TheFantasyWorldSimulator/src/engine/__tests__/content-layer1-integration.test.ts:240:20
    at file:///C:/Users/chris/Dev/Projects/TheFantasyWorldSimulator/node_modules/@vitest/runner/dist/index.js:145:11
    at file:///C:/Users/chris/Dev/Projects/TheFantasyWorldSimulator/node_modules/@vitest/runner/dist/index.js:915:26
    at file:///C:/Users/chris/Dev/Projects/TheFantasyWorldSimulator/node_modules/@vitest/runner/dist/index.js:1243:20
    at new Promise (<anonymous>)
    at runWithTimeout (file:///C:/Users/chris/Dev/Projects/TheFantasyWorldSimulator/node_modules/@vitest/runner/dist/index.js:1209:10)
[Orchestrator] Tick crashed, returning previous state: Error: Trait not found: trait.reputation.power.renown
    at assignTrait (C:/Users/chris/Dev/Projects/TheFantasyWorldSimulator/src/engine/traits.ts:44:25)
    at syncReputationTrait (C:/Users/chris/Dev/Projects/TheFantasyWorldSimulator/src/engine/phaseReputationTraits.ts:297:5)
    at phaseReputationTraits (C:/Users/chris/Dev/Projects/TheFantasyWorldSimulator/src/engine/phaseReputationTraits.ts:273:7)
    at runTick (C:/Users/chris/Dev/Projects/TheFantasyWorldSimulator/src/engine/orchestrator.ts:1896:18)
    at C:/Users/chris/Dev/Projects/TheFantasyWorldSimulator/src/engine/__tests__/content-layer1-integration.test.ts:240:20
    at file:///C:/Users/chris/Dev/Projects/TheFantasyWorldSimulator/node_modules/@vitest/runner/dist/index.js:145:11
    at file:///C:/Users/chris/Dev/Projects/TheFantasyWorldSimulator/node_modules/@vitest/runner/dist/index.js:915:26
    at file:///C:/Users/chris/Dev/Projects/TheFantasyWorldSimulator/node_modules/@vitest/runner/dist/index.js:1243:20
    at new Promise (<anonymous>)
    at runWithTimeout (file:///C:/Users/chris/Dev/Projects/TheFantasyWorldSimulator/node_modules/@vitest/runner/dist/index.js:1209:10)
[Orchestrator] Tick crashed, returning previous state: Error: Trait not found: trait.reputation.power.renown
    at assignTrait (C:/Users/chris/Dev/Projects/TheFantasyWorldSimulator/src/engine/traits.ts:44:25)
    at syncReputationTrait (C:/Users/chris/Dev/Projects/TheFantasyWorldSimulator/src/engine/phaseReputationTraits.ts:297:5)
    at phaseReputationTraits (C:/Users/chris/Dev/Projects/TheFantasyWorldSimulator/src/engine/phaseReputationTraits.ts:273:7)
    at runTick (C:/Users/chris/Dev/Projects/TheFantasyWorldSimulator/src/engine/orchestrator.ts:1896:18)
    at C:/Users/chris/Dev/Projects/TheFantasyWorldSimulator/src/engine/__tests__/content-layer1-integration.test.ts:240:20
    at file:///C:/Users/chris/Dev/Projects/TheFantasyWorldSimulator/node_modules/@vitest/runner/dist/index.js:145:11
    at file:///C:/Users/chris/Dev/Projects/TheFantasyWorldSimulator/node_modules/@vitest/runner/dist/index.js:915:26
    at file:///C:/Users/chris/Dev/Projects/TheFantasyWorldSimulator/node_modules/@vitest/runner/dist/index.js:1243:20
    at new Promise (<anonymous>)
    at runWithTimeout (file:///C:/Users/chris/Dev/Projects/TheFantasyWorldSimulator/node_modules/@vitest/runner/dist/index.js:1209:10)
[Orchestrator] Tick crashed, returning previous state: Error: Trait not found: trait.reputation.power.renown
    at assignTrait (C:/Users/chris/Dev/Projects/TheFantasyWorldSimulator/src/engine/traits.ts:44:25)
    at syncReputationTrait (C:/Users/chris/Dev/Projects/TheFantasyWorldSimulator/src/engine/phaseReputationTraits.ts:297:5)
    at phaseReputationTraits (C:/Users/chris/Dev/Projects/TheFantasyWorldSimulator/src/engine/phaseReputationTraits.ts:273:7)
    at runTick (C:/Users/chris/Dev/Projects/TheFantasyWorldSimulator/src/engine/orchestrator.ts:1896:18)
    at C:/Users/chris/Dev/Projects/TheFantasyWorldSimulator/src/engine/__tests__/content-layer1-integration.test.ts:240:20
    at file:///C:/Users/chris/Dev/Projects/TheFantasyWorldSimulator/node_modules/@vitest/runner/dist/index.js:145:11
    at file:///C:/Users/chris/Dev/Projects/TheFantasyWorldSimulator/node_modules/@vitest/runner/dist/index.js:915:26
    at file:///C:/Users/chris/Dev/Projects/TheFantasyWorldSimulator/node_modules/@vitest/runner/dist/index.js:1243:20
    at new Promise (<anonymous>)
    at runWithTimeout (file:///C:/Users/chris/Dev/Projects/TheFantasyWorldSimulator/node_modules/@vitest/runner/dist/index.js:1209:10)
[Orchestrator] Tick crashed, returning previous state: Error: Trait not found: trait.reputation.power.renown
    at assignTrait (C:/Users/chris/Dev/Projects/TheFantasyWorldSimulator/src/engine/traits.ts:44:25)
    at syncReputationTrait (C:/Users/chris/Dev/Projects/TheFantasyWorldSimulator/src/engine/phaseReputationTraits.ts:297:5)
    at phaseReputationTraits (C:/Users/chris/Dev/Projects/TheFantasyWorldSimulator/src/engine/phaseReputationTraits.ts:273:7)
    at runTick (C:/Users/chris/Dev/Projects/TheFantasyWorldSimulator/src/engine/orchestrator.ts:1896:18)
    at C:/Users/chris/Dev/Projects/TheFantasyWorldSimulator/src/engine/__tests__/content-layer1-integration.test.ts:240:20
    at file:///C:/Users/chris/Dev/Projects/TheFantasyWorldSimulator/node_modules/@vitest/runner/dist/index.js:145:11
    at file:///C:/Users/chris/Dev/Projects/TheFantasyWorldSimulator/node_modules/@vitest/runner/dist/index.js:915:26
    at file:///C:/Users/chris/Dev/Projects/TheFantasyWorldSimulator/node_modules/@vitest/runner/dist/index.js:1243:20
    at new Promise (<anonymous>)
    at runWithTimeout (file:///C:/Users/chris/Dev/Projects/TheFantasyWorldSimulator/node_modules/@vitest/runner/dist/index.js:1209:10)
[Orchestrator] Tick crashed, returning previous state: Error: Trait not found: trait.reputation.power.renown
    at assignTrait (C:/Users/chris/Dev/Projects/TheFantasyWorldSimulator/src/engine/traits.ts:44:25)
    at syncReputationTrait (C:/Users/chris/Dev/Projects/TheFantasyWorldSimulator/src/engine/phaseReputationTraits.ts:297:5)
    at phaseReputationTraits (C:/Users/chris/Dev/Projects/TheFantasyWorldSimulator/src/engine/phaseReputationTraits.ts:273:7)
    at runTick (C:/Users/chris/Dev/Projects/TheFantasyWorldSimulator/src/engine/orchestrator.ts:1896:18)
    at C:/Users/chris/Dev/Projects/TheFantasyWorldSimulator/src/engine/__tests__/content-layer1-integration.test.ts:240:20
    at file:///C:/Users/chris/Dev/Projects/TheFantasyWorldSimulator/node_modules/@vitest/runner/dist/index.js:145:11
    at file:///C:/Users/chris/Dev/Projects/TheFantasyWorldSimulator/node_modules/@vitest/runner/dist/index.js:915:26
    at file:///C:/Users/chris/Dev/Projects/TheFantasyWorldSimulator/node_modules/@vitest/runner/dist/index.js:1243:20
    at new Promise (<anonymous>)
    at runWithTimeout (file:///C:/Users/chris/Dev/Projects/TheFantasyWorldSimulator/node_modules/@vitest/runner/dist/index.js:1209:10)
[Orchestrator] Tick crashed, returning previous state: Error: Trait not found: trait.reputation.power.renown
    at assignTrait (C:/Users/chris/Dev/Projects/TheFantasyWorldSimulator/src/engine/traits.ts:44:25)
    at syncReputationTrait (C:/Users/chris/Dev/Projects/TheFantasyWorldSimulator/src/engine/phaseReputationTraits.ts:297:5)
    at phaseReputationTraits (C:/Users/chris/Dev/Projects/TheFantasyWorldSimulator/src/engine/phaseReputationTraits.ts:273:7)
    at runTick (C:/Users/chris/Dev/Projects/TheFantasyWorldSimulator/src/engine/orchestrator.ts:1896:18)
    at C:/Users/chris/Dev/Projects/TheFantasyWorldSimulator/src/engine/__tests__/content-layer1-integration.test.ts:240:20
    at file:///C:/Users/chris/Dev/Projects/TheFantasyWorldSimulator/node_modules/@vitest/runner/dist/index.js:145:11
    at file:///C:/Users/chris/Dev/Projects/TheFantasyWorldSimulator/node_modules/@vitest/runner/dist/index.js:915:26
    at file:///C:/Users/chris/Dev/Projects/TheFantasyWorldSimulator/node_modules/@vitest/runner/dist/index.js:1243:20
    at new Promise (<anonymous>)
    at runWithTimeout (file:///C:/Users/chris/Dev/Projects/TheFantasyWorldSimulator/node_modules/@vitest/runner/dist/index.js:1209:10)
[Orchestrator] Tick crashed, returning previous state: Error: Trait not found: trait.reputation.power.renown
    at assignTrait (C:/Users/chris/Dev/Projects/TheFantasyWorldSimulator/src/engine/traits.ts:44:25)
    at syncReputationTrait (C:/Users/chris/Dev/Projects/TheFantasyWorldSimulator/src/engine/phaseReputationTraits.ts:297:5)
    at phaseReputationTraits (C:/Users/chris/Dev/Projects/TheFantasyWorldSimulator/src/engine/phaseReputationTraits.ts:273:7)
    at runTick (C:/Users/chris/Dev/Projects/TheFantasyWorldSimulator/src/engine/orchestrator.ts:1896:18)
    at C:/Users/chris/Dev/Projects/TheFantasyWorldSimulator/src/engine/__tests__/content-layer1-integration.test.ts:240:20
    at file:///C:/Users/chris/Dev/Projects/TheFantasyWorldSimulator/node_modules/@vitest/runner/dist/index.js:145:11
    at file:///C:/Users/chris/Dev/Projects/TheFantasyWorldSimulator/node_modules/@vitest/runner/dist/index.js:915:26
    at file:///C:/Users/chris/Dev/Projects/TheFantasyWorldSimulator/node_modules/@vitest/runner/dist/index.js:1243:20
    at new Promise (<anonymous>)
    at runWithTimeout (file:///C:/Users/chris/Dev/Projects/TheFantasyWorldSimulator/node_modules/@vitest/runner/dist/index.js:1209:10)
[Orchestrator] Tick crashed, returning previous state: Error: Trait not found: trait.reputation.power.renown
    at assignTrait (C:/Users/chris/Dev/Projects/TheFantasyWorldSimulator/src/engine/traits.ts:44:25)
    at syncReputationTrait (C:/Users/chris/Dev/Projects/TheFantasyWorldSimulator/src/engine/phaseReputationTraits.ts:297:5)
    at phaseReputationTraits (C:/Users/chris/Dev/Projects/TheFantasyWorldSimulator/src/engine/phaseReputationTraits.ts:273:7)
    at runTick (C:/Users/chris/Dev/Projects/TheFantasyWorldSimulator/src/engine/orchestrator.ts:1896:18)
    at C:/Users/chris/Dev/Projects/TheFantasyWorldSimulator/src/engine/__tests__/content-layer1-integration.test.ts:240:20
    at file:///C:/Users/chris/Dev/Projects/TheFantasyWorldSimulator/node_modules/@vitest/runner/dist/index.js:145:11
    at file:///C:/Users/chris/Dev/Projects/TheFantasyWorldSimulator/node_modules/@vitest/runner/dist/index.js:915:26
    at file:///C:/Users/chris/Dev/Projects/TheFantasyWorldSimulator/node_modules/@vitest/runner/dist/index.js:1243:20
    at new Promise (<anonymous>)
    at runWithTimeout (file:///C:/Users/chris/Dev/Projects/TheFantasyWorldSimulator/node_modules/@vitest/runner/dist/index.js:1209:10)
[Orchestrator] Tick crashed, returning previous state: Error: Trait not found: trait.reputation.power.renown
    at assignTrait (C:/Users/chris/Dev/Projects/TheFantasyWorldSimulator/src/engine/traits.ts:44:25)
    at syncReputationTrait (C:/Users/chris/Dev/Projects/TheFantasyWorldSimulator/src/engine/phaseReputationTraits.ts:297:5)
    at phaseReputationTraits (C:/Users/chris/Dev/Projects/TheFantasyWorldSimulator/src/engine/phaseReputationTraits.ts:273:7)
    at runTick (C:/Users/chris/Dev/Projects/TheFantasyWorldSimulator/src/engine/orchestrator.ts:1896:18)
    at C:/Users/chris/Dev/Projects/TheFantasyWorldSimulator/src/engine/__tests__/content-layer1-integration.test.ts:240:20
    at file:///C:/Users/chris/Dev/Projects/TheFantasyWorldSimulator/node_modules/@vitest/runner/dist/index.js:145:11
    at file:///C:/Users/chris/Dev/Projects/TheFantasyWorldSimulator/node_modules/@vitest/runner/dist/index.js:915:26
    at file:///C:/Users/chris/Dev/Projects/TheFantasyWorldSimulator/node_modules/@vitest/runner/dist/index.js:1243:20
    at new Promise (<anonymous>)
    at runWithTimeout (file:///C:/Users/chris/Dev/Projects/TheFantasyWorldSimulator/node_modules/@vitest/runner/dist/index.js:1209:10)
[Orchestrator] Tick crashed, returning previous state: Error: Trait not found: trait.reputation.power.renown
    at assignTrait (C:/Users/chris/Dev/Projects/TheFantasyWorldSimulator/src/engine/traits.ts:44:25)
    at syncReputationTrait (C:/Users/chris/Dev/Projects/TheFantasyWorldSimulator/src/engine/phaseReputationTraits.ts:297:5)
    at phaseReputationTraits (C:/Users/chris/Dev/Projects/TheFantasyWorldSimulator/src/engine/phaseReputationTraits.ts:273:7)
    at runTick (C:/Users/chris/Dev/Projects/TheFantasyWorldSimulator/src/engine/orchestrator.ts:1896:18)
    at C:/Users/chris/Dev/Projects/TheFantasyWorldSimulator/src/engine/__tests__/content-layer1-integration.test.ts:240:20
    at file:///C:/Users/chris/Dev/Projects/TheFantasyWorldSimulator/node_modules/@vitest/runner/dist/index.js:145:11
    at file:///C:/Users/chris/Dev/Projects/TheFantasyWorldSimulator/node_modules/@vitest/runner/dist/index.js:915:26
    at file:///C:/Users/chris/Dev/Projects/TheFantasyWorldSimulator/node_modules/@vitest/runner/dist/index.js:1243:20
    at new Promise (<anonymous>)
    at runWithTimeout (file:///C:/Users/chris/Dev/Projects/TheFantasyWorldSimulator/node_modules/@vitest/runner/dist/index.js:1209:10)
[Orchestrator] Tick crashed, returning previous state: Error: Trait not found: trait.reputation.power.renown
    at assignTrait (C:/Users/chris/Dev/Projects/TheFantasyWorldSimulator/src/engine/traits.ts:44:25)
    at syncReputationTrait (C:/Users/chris/Dev/Projects/TheFantasyWorldSimulator/src/engine/phaseReputationTraits.ts:297:5)
    at phaseReputationTraits (C:/Users/chris/Dev/Projects/TheFantasyWorldSimulator/src/engine/phaseReputationTraits.ts:273:7)
    at runTick (C:/Users/chris/Dev/Projects/TheFantasyWorldSimulator/src/engine/orchestrator.ts:1896:18)
    at C:/Users/chris/Dev/Projects/TheFantasyWorldSimulator/src/engine/__tests__/content-layer1-integration.test.ts:240:20
    at file:///C:/Users/chris/Dev/Projects/TheFantasyWorldSimulator/node_modules/@vitest/runner/dist/index.js:145:11
    at file:///C:/Users/chris/Dev/Projects/TheFantasyWorldSimulator/node_modules/@vitest/runner/dist/index.js:915:26
    at file:///C:/Users/chris/Dev/Projects/TheFantasyWorldSimulator/node_modules/@vitest/runner/dist/index.js:1243:20
    at new Promise (<anonymous>)
    at runWithTimeout (file:///C:/Users/chris/Dev/Projects/TheFantasyWorldSimulator/node_modules/@vitest/runner/dist/index.js:1209:10)
[Orchestrator] Tick crashed, returning previous state: Error: Trait not found: trait.reputation.power.renown
    at assignTrait (C:/Users/chris/Dev/Projects/TheFantasyWorldSimulator/src/engine/traits.ts:44:25)
    at syncReputationTrait (C:/Users/chris/Dev/Projects/TheFantasyWorldSimulator/src/engine/phaseReputationTraits.ts:297:5)
    at phaseReputationTraits (C:/Users/chris/Dev/Projects/TheFantasyWorldSimulator/src/engine/phaseReputationTraits.ts:273:7)
    at runTick (C:/Users/chris/Dev/Projects/TheFantasyWorldSimulator/src/engine/orchestrator.ts:1896:18)
    at C:/Users/chris/Dev/Projects/TheFantasyWorldSimulator/src/engine/__tests__/content-layer1-integration.test.ts:240:20
    at file:///C:/Users/chris/Dev/Projects/TheFantasyWorldSimulator/node_modules/@vitest/runner/dist/index.js:145:11
    at file:///C:/Users/chris/Dev/Projects/TheFantasyWorldSimulator/node_modules/@vitest/runner/dist/index.js:915:26
    at file:///C:/Users/chris/Dev/Projects/TheFantasyWorldSimulator/node_modules/@vitest/runner/dist/index.js:1243:20
    at new Promise (<anonymous>)
    at runWithTimeout (file:///C:/Users/chris/Dev/Projects/TheFantasyWorldSimulator/node_modules/@vitest/runner/dist/index.js:1209:10)
[Orchestrator] Tick crashed, returning previous state: Error: Trait not found: trait.reputation.power.renown
    at assignTrait (C:/Users/chris/Dev/Projects/TheFantasyWorldSimulator/src/engine/traits.ts:44:25)
    at syncReputationTrait (C:/Users/chris/Dev/Projects/TheFantasyWorldSimulator/src/engine/phaseReputationTraits.ts:297:5)
    at phaseReputationTraits (C:/Users/chris/Dev/Projects/TheFantasyWorldSimulator/src/engine/phaseReputationTraits.ts:273:7)
    at runTick (C:/Users/chris/Dev/Projects/TheFantasyWorldSimulator/src/engine/orchestrator.ts:1896:18)
    at C:/Users/chris/Dev/Projects/TheFantasyWorldSimulator/src/engine/__tests__/content-layer1-integration.test.ts:240:20
    at file:///C:/Users/chris/Dev/Projects/TheFantasyWorldSimulator/node_modules/@vitest/runner/dist/index.js:145:11
    at file:///C:/Users/chris/Dev/Projects/TheFantasyWorldSimulator/node_modules/@vitest/runner/dist/index.js:915:26
    at file:///C:/Users/chris/Dev/Projects/TheFantasyWorldSimulator/node_modules/@vitest/runner/dist/index.js:1243:20
    at new Promise (<anonymous>)
    at runWithTimeout (file:///C:/Users/chris/Dev/Projects/TheFantasyWorldSimulator/node_modules/@vitest/runner/dist/index.js:1209:10)
[Orchestrator] Tick crashed, returning previous state: Error: Trait not found: trait.reputation.power.renown
    at assignTrait (C:/Users/chris/Dev/Projects/TheFantasyWorldSimulator/src/engine/traits.ts:44:25)
    at syncReputationTrait (C:/Users/chris/Dev/Projects/TheFantasyWorldSimulator/src/engine/phaseReputationTraits.ts:297:5)
    at phaseReputationTraits (C:/Users/chris/Dev/Projects/TheFantasyWorldSimulator/src/engine/phaseReputationTraits.ts:273:7)
    at runTick (C:/Users/chris/Dev/Projects/TheFantasyWorldSimulator/src/engine/orchestrator.ts:1896:18)
    at C:/Users/chris/Dev/Projects/TheFantasyWorldSimulator/src/engine/__tests__/content-layer1-integration.test.ts:240:20
    at file:///C:/Users/chris/Dev/Projects/TheFantasyWorldSimulator/node_modules/@vitest/runner/dist/index.js:145:11
    at file:///C:/Users/chris/Dev/Projects/TheFantasyWorldSimulator/node_modules/@vitest/runner/dist/index.js:915:26
    at file:///C:/Users/chris/Dev/Projects/TheFantasyWorldSimulator/node_modules/@vitest/runner/dist/index.js:1243:20
    at new Promise (<anonymous>)
    at runWithTimeout (file:///C:/Users/chris/Dev/Projects/TheFantasyWorldSimulator/node_modules/@vitest/runner/dist/index.js:1209:10)
[Orchestrator] Tick crashed, returning previous state: Error: Trait not found: trait.reputation.power.renown
    at assignTrait (C:/Users/chris/Dev/Projects/TheFantasyWorldSimulator/src/engine/traits.ts:44:25)
    at syncReputationTrait (C:/Users/chris/Dev/Projects/TheFantasyWorldSimulator/src/engine/phaseReputationTraits.ts:297:5)
    at phaseReputationTraits (C:/Users/chris/Dev/Projects/TheFantasyWorldSimulator/src/engine/phaseReputationTraits.ts:273:7)
    at runTick (C:/Users/chris/Dev/Projects/TheFantasyWorldSimulator/src/engine/orchestrator.ts:1896:18)
    at C:/Users/chris/Dev/Projects/TheFantasyWorldSimulator/src/engine/__tests__/content-layer1-integration.test.ts:240:20
    at file:///C:/Users/chris/Dev/Projects/TheFantasyWorldSimulator/node_modules/@vitest/runner/dist/index.js:145:11
    at file:///C:/Users/chris/Dev/Projects/TheFantasyWorldSimulator/node_modules/@vitest/runner/dist/index.js:915:26
    at file:///C:/Users/chris/Dev/Projects/TheFantasyWorldSimulator/node_modules/@vitest/runner/dist/index.js:1243:20
    at new Promise (<anonymous>)
    at runWithTimeout (file:///C:/Users/chris/Dev/Projects/TheFantasyWorldSimulator/node_modules/@vitest/runner/dist/index.js:1209:10)
[Orchestrator] Tick crashed, returning previous state: Error: Trait not found: trait.reputation.power.renown
    at assignTrait (C:/Users/chris/Dev/Projects/TheFantasyWorldSimulator/src/engine/traits.ts:44:25)
    at syncReputationTrait (C:/Users/chris/Dev/Projects/TheFantasyWorldSimulator/src/engine/phaseReputationTraits.ts:297:5)
    at phaseReputationTraits (C:/Users/chris/Dev/Projects/TheFantasyWorldSimulator/src/engine/phaseReputationTraits.ts:273:7)
    at runTick (C:/Users/chris/Dev/Projects/TheFantasyWorldSimulator/src/engine/orchestrator.ts:1896:18)
    at C:/Users/chris/Dev/Projects/TheFantasyWorldSimulator/src/engine/__tests__/content-layer1-integration.test.ts:240:20
    at file:///C:/Users/chris/Dev/Projects/TheFantasyWorldSimulator/node_modules/@vitest/runner/dist/index.js:145:11
    at file:///C:/Users/chris/Dev/Projects/TheFantasyWorldSimulator/node_modules/@vitest/runner/dist/index.js:915:26
    at file:///C:/Users/chris/Dev/Projects/TheFantasyWorldSimulator/node_modules/@vitest/runner/dist/index.js:1243:20
    at new Promise (<anonymous>)
    at runWithTimeout (file:///C:/Users/chris/Dev/Projects/TheFantasyWorldSimulator/node_modules/@vitest/runner/dist/index.js:1209:10)
[Orchestrator] Tick crashed, returning previous state: Error: Trait not found: trait.reputation.power.renown
    at assignTrait (C:/Users/chris/Dev/Projects/TheFantasyWorldSimulator/src/engine/traits.ts:44:25)
    at syncReputationTrait (C:/Users/chris/Dev/Projects/TheFantasyWorldSimulator/src/engine/phaseReputationTraits.ts:297:5)
    at phaseReputationTraits (C:/Users/chris/Dev/Projects/TheFantasyWorldSimulator/src/engine/phaseReputationTraits.ts:273:7)
    at runTick (C:/Users/chris/Dev/Projects/TheFantasyWorldSimulator/src/engine/orchestrator.ts:1896:18)
    at C:/Users/chris/Dev/Projects/TheFantasyWorldSimulator/src/engine/__tests__/content-layer1-integration.test.ts:240:20
    at file:///C:/Users/chris/Dev/Projects/TheFantasyWorldSimulator/node_modules/@vitest/runner/dist/index.js:145:11
    at file:///C:/Users/chris/Dev/Projects/TheFantasyWorldSimulator/node_modules/@vitest/runner/dist/index.js:915:26
    at file:///C:/Users/chris/Dev/Projects/TheFantasyWorldSimulator/node_modules/@vitest/runner/dist/index.js:1243:20
    at new Promise (<anonymous>)
    at runWithTimeout (file:///C:/Users/chris/Dev/Projects/TheFantasyWorldSimulator/node_modules/@vitest/runner/dist/index.js:1209:10)
[Orchestrator] Tick crashed, returning previous state: Error: Trait not found: trait.reputation.power.renown
    at assignTrait (C:/Users/chris/Dev/Projects/TheFantasyWorldSimulator/src/engine/traits.ts:44:25)
    at syncReputationTrait (C:/Users/chris/Dev/Projects/TheFantasyWorldSimulator/src/engine/phaseReputationTraits.ts:297:5)
    at phaseReputationTraits (C:/Users/chris/Dev/Projects/TheFantasyWorldSimulator/src/engine/phaseReputationTraits.ts:273:7)
    at runTick (C:/Users/chris/Dev/Projects/TheFantasyWorldSimulator/src/engine/orchestrator.ts:1896:18)
    at C:/Users/chris/Dev/Projects/TheFantasyWorldSimulator/src/engine/__tests__/content-layer1-integration.test.ts:240:20
    at file:///C:/Users/chris/Dev/Projects/TheFantasyWorldSimulator/node_modules/@vitest/runner/dist/index.js:145:11
    at file:///C:/Users/chris/Dev/Projects/TheFantasyWorldSimulator/node_modules/@vitest/runner/dist/index.js:915:26
    at file:///C:/Users/chris/Dev/Projects/TheFantasyWorldSimulator/node_modules/@vitest/runner/dist/index.js:1243:20
    at new Promise (<anonymous>)
    at runWithTimeout (file:///C:/Users/chris/Dev/Projects/TheFantasyWorldSimulator/node_modules/@vitest/runner/dist/index.js:1209:10)
[Orchestrator] Tick crashed, returning previous state: Error: Trait not found: trait.reputation.power.renown
    at assignTrait (C:/Users/chris/Dev/Projects/TheFantasyWorldSimulator/src/engine/traits.ts:44:25)
    at syncReputationTrait (C:/Users/chris/Dev/Projects/TheFantasyWorldSimulator/src/engine/phaseReputationTraits.ts:297:5)
    at phaseReputationTraits (C:/Users/chris/Dev/Projects/TheFantasyWorldSimulator/src/engine/phaseReputationTraits.ts:273:7)
    at runTick (C:/Users/chris/Dev/Projects/TheFantasyWorldSimulator/src/engine/orchestrator.ts:1896:18)
    at C:/Users/chris/Dev/Projects/TheFantasyWorldSimulator/src/engine/__tests__/content-layer1-integration.test.ts:240:20
    at file:///C:/Users/chris/Dev/Projects/TheFantasyWorldSimulator/node_modules/@vitest/runner/dist/index.js:145:11
    at file:///C:/Users/chris/Dev/Projects/TheFantasyWorldSimulator/node_modules/@vitest/runner/dist/index.js:915:26
    at file:///C:/Users/chris/Dev/Projects/TheFantasyWorldSimulator/node_modules/@vitest/runner/dist/index.js:1243:20
    at new Promise (<anonymous>)
    at runWithTimeout (file:///C:/Users/chris/Dev/Projects/TheFantasyWorldSimulator/node_modules/@vitest/runner/dist/index.js:1209:10)
[Orchestrator] Tick crashed, returning previous state: Error: Trait not found: trait.reputation.power.renown
    at assignTrait (C:/Users/chris/Dev/Projects/TheFantasyWorldSimulator/src/engine/traits.ts:44:25)
    at syncReputationTrait (C:/Users/chris/Dev/Projects/TheFantasyWorldSimulator/src/engine/phaseReputationTraits.ts:297:5)
    at phaseReputationTraits (C:/Users/chris/Dev/Projects/TheFantasyWorldSimulator/src/engine/phaseReputationTraits.ts:273:7)
    at runTick (C:/Users/chris/Dev/Projects/TheFantasyWorldSimulator/src/engine/orchestrator.ts:1896:18)
    at C:/Users/chris/Dev/Projects/TheFantasyWorldSimulator/src/engine/__tests__/content-layer1-integration.test.ts:240:20
    at file:///C:/Users/chris/Dev/Projects/TheFantasyWorldSimulator/node_modules/@vitest/runner/dist/index.js:145:11
    at file:///C:/Users/chris/Dev/Projects/TheFantasyWorldSimulator/node_modules/@vitest/runner/dist/index.js:915:26
    at file:///C:/Users/chris/Dev/Projects/TheFantasyWorldSimulator/node_modules/@vitest/runner/dist/index.js:1243:20
    at new Promise (<anonymous>)
    at runWithTimeout (file:///C:/Users/chris/Dev/Projects/TheFantasyWorldSimulator/node_modules/@vitest/runner/dist/index.js:1209:10)
[Orchestrator] Tick crashed, returning previous state: Error: Trait not found: trait.reputation.power.renown
    at assignTrait (C:/Users/chris/Dev/Projects/TheFantasyWorldSimulator/src/engine/traits.ts:44:25)
    at syncReputationTrait (C:/Users/chris/Dev/Projects/TheFantasyWorldSimulator/src/engine/phaseReputationTraits.ts:297:5)
    at phaseReputationTraits (C:/Users/chris/Dev/Projects/TheFantasyWorldSimulator/src/engine/phaseReputationTraits.ts:273:7)
    at runTick (C:/Users/chris/Dev/Projects/TheFantasyWorldSimulator/src/engine/orchestrator.ts:1896:18)
    at C:/Users/chris/Dev/Projects/TheFantasyWorldSimulator/src/engine/__tests__/content-layer1-integration.test.ts:240:20
    at file:///C:/Users/chris/Dev/Projects/TheFantasyWorldSimulator/node_modules/@vitest/runner/dist/index.js:145:11
    at file:///C:/Users/chris/Dev/Projects/TheFantasyWorldSimulator/node_modules/@vitest/runner/dist/index.js:915:26
    at file:///C:/Users/chris/Dev/Projects/TheFantasyWorldSimulator/node_modules/@vitest/runner/dist/index.js:1243:20
    at new Promise (<anonymous>)
    at runWithTimeout (file:///C:/Users/chris/Dev/Projects/TheFantasyWorldSimulator/node_modules/@vitest/runner/dist/index.js:1209:10)
[Orchestrator] Tick crashed, returning previous state: Error: Trait not found: trait.reputation.power.renown
    at assignTrait (C:/Users/chris/Dev/Projects/TheFantasyWorldSimulator/src/engine/traits.ts:44:25)
    at syncReputationTrait (C:/Users/chris/Dev/Projects/TheFantasyWorldSimulator/src/engine/phaseReputationTraits.ts:297:5)
    at phaseReputationTraits (C:/Users/chris/Dev/Projects/TheFantasyWorldSimulator/src/engine/phaseReputationTraits.ts:273:7)
    at runTick (C:/Users/chris/Dev/Projects/TheFantasyWorldSimulator/src/engine/orchestrator.ts:1896:18)
    at C:/Users/chris/Dev/Projects/TheFantasyWorldSimulator/src/engine/__tests__/content-layer1-integration.test.ts:240:20
    at file:///C:/Users/chris/Dev/Projects/TheFantasyWorldSimulator/node_modules/@vitest/runner/dist/index.js:145:11
    at file:///C:/Users/chris/Dev/Projects/TheFantasyWorldSimulator/node_modules/@vitest/runner/dist/index.js:915:26
    at file:///C:/Users/chris/Dev/Projects/TheFantasyWorldSimulator/node_modules/@vitest/runner/dist/index.js:1243:20
    at new Promise (<anonymous>)
    at runWithTimeout (file:///C:/Users/chris/Dev/Projects/TheFantasyWorldSimulator/node_modules/@vitest/runner/dist/index.js:1209:10)
[Orchestrator] Tick crashed, returning previous state: Error: Trait not found: trait.reputation.power.renown
    at assignTrait (C:/Users/chris/Dev/Projects/TheFantasyWorldSimulator/src/engine/traits.ts:44:25)
    at syncReputationTrait (C:/Users/chris/Dev/Projects/TheFantasyWorldSimulator/src/engine/phaseReputationTraits.ts:297:5)
    at phaseReputationTraits (C:/Users/chris/Dev/Projects/TheFantasyWorldSimulator/src/engine/phaseReputationTraits.ts:273:7)
    at runTick (C:/Users/chris/Dev/Projects/TheFantasyWorldSimulator/src/engine/orchestrator.ts:1896:18)
    at C:/Users/chris/Dev/Projects/TheFantasyWorldSimulator/src/engine/__tests__/content-layer1-integration.test.ts:240:20
    at file:///C:/Users/chris/Dev/Projects/TheFantasyWorldSimulator/node_modules/@vitest/runner/dist/index.js:145:11
    at file:///C:/Users/chris/Dev/Projects/TheFantasyWorldSimulator/node_modules/@vitest/runner/dist/index.js:915:26
    at file:///C:/Users/chris/Dev/Projects/TheFantasyWorldSimulator/node_modules/@vitest/runner/dist/index.js:1243:20
    at new Promise (<anonymous>)
    at runWithTimeout (file:///C:/Users/chris/Dev/Projects/TheFantasyWorldSimulator/node_modules/@vitest/runner/dist/index.js:1209:10)
[Orchestrator] Tick crashed, returning previous state: Error: Trait not found: trait.reputation.power.renown
    at assignTrait (C:/Users/chris/Dev/Projects/TheFantasyWorldSimulator/src/engine/traits.ts:44:25)
    at syncReputationTrait (C:/Users/chris/Dev/Projects/TheFantasyWorldSimulator/src/engine/phaseReputationTraits.ts:297:5)
    at phaseReputationTraits (C:/Users/chris/Dev/Projects/TheFantasyWorldSimulator/src/engine/phaseReputationTraits.ts:273:7)
    at runTick (C:/Users/chris/Dev/Projects/TheFantasyWorldSimulator/src/engine/orchestrator.ts:1896:18)
    at C:/Users/chris/Dev/Projects/TheFantasyWorldSimulator/src/engine/__tests__/content-layer1-integration.test.ts:240:20
    at file:///C:/Users/chris/Dev/Projects/TheFantasyWorldSimulator/node_modules/@vitest/runner/dist/index.js:145:11
    at file:///C:/Users/chris/Dev/Projects/TheFantasyWorldSimulator/node_modules/@vitest/runner/dist/index.js:915:26
    at file:///C:/Users/chris/Dev/Projects/TheFantasyWorldSimulator/node_modules/@vitest/runner/dist/index.js:1243:20
    at new Promise (<anonymous>)
    at runWithTimeout (file:///C:/Users/chris/Dev/Projects/TheFantasyWorldSimulator/node_modules/@vitest/runner/dist/index.js:1209:10)
[Orchestrator] Tick crashed, returning previous state: Error: Trait not found: trait.reputation.power.renown
    at assignTrait (C:/Users/chris/Dev/Projects/TheFantasyWorldSimulator/src/engine/traits.ts:44:25)
    at syncReputationTrait (C:/Users/chris/Dev/Projects/TheFantasyWorldSimulator/src/engine/phaseReputationTraits.ts:297:5)
    at phaseReputationTraits (C:/Users/chris/Dev/Projects/TheFantasyWorldSimulator/src/engine/phaseReputationTraits.ts:273:7)
    at runTick (C:/Users/chris/Dev/Projects/TheFantasyWorldSimulator/src/engine/orchestrator.ts:1896:18)
    at C:/Users/chris/Dev/Projects/TheFantasyWorldSimulator/src/engine/__tests__/content-layer1-integration.test.ts:240:20
    at file:///C:/Users/chris/Dev/Projects/TheFantasyWorldSimulator/node_modules/@vitest/runner/dist/index.js:145:11
    at file:///C:/Users/chris/Dev/Projects/TheFantasyWorldSimulator/node_modules/@vitest/runner/dist/index.js:915:26
    at file:///C:/Users/chris/Dev/Projects/TheFantasyWorldSimulator/node_modules/@vitest/runner/dist/index.js:1243:20
    at new Promise (<anonymous>)
    at runWithTimeout (file:///C:/Users/chris/Dev/Projects/TheFantasyWorldSimulator/node_modules/@vitest/runner/dist/index.js:1209:10)
[WorldGen] Validation errors: [ 'Ocean fraction too low: 7.4%' ]
[GraphSchema] Edge "belongs_to" source should be ["actor","location"], got "region" (edge edge_hist_territory_region_15_hist_culture_0)
[GraphSchema] Edge "belongs_to" source should be ["actor","location"], got "region" (edge edge_hist_territory_region_19_hist_culture_1)
[GraphSchema] Edge "belongs_to" source should be ["actor","location"], got "region" (edge edge_hist_territory_region_3_hist_culture_2)
[GraphSchema] Edge "belongs_to" source should be ["actor","location"], got "region" (edge edge_hist_territory_region_13_hist_culture_0)
[GraphSchema] Edge "belongs_to" source should be ["actor","location"], got "region" (edge edge_hist_territory_region_14_hist_culture_1)
[GraphSchema] Edge "belongs_to" source should be ["actor","location"], got "region" (edge edge_hist_territory_region_12_hist_culture_2)
[GraphSchema] Edge "belongs_to" source should be ["actor","location"], got "region" (edge edge_hist_territory_region_16_hist_culture_0)
[GraphSchema] Edge "belongs_to" source should be ["actor","location"], got "region" (edge edge_hist_territory_region_18_hist_culture_1)
[GraphSchema] Edge "belongs_to" source should be ["actor","location"], got "region" (edge edge_hist_territory_region_17_hist_culture_2)
[GraphSchema] Edge "belongs_to" source should be ["actor","location"], got "region" (edge edge_hist_territory_region_7_hist_culture_0)
[GraphSchema] Edge "belongs_to" source should be ["actor","location"], got "region" (edge edge_hist_territory_region_9_hist_culture_2)
[GraphSchema] Edge "belongs_to" source should be ["actor","location"], got "region" (edge edge_hist_territory_region_11_hist_culture_0)
[GraphSchema] Edge "belongs_to" source should be ["actor","location"], got "region" (edge edge_hist_territory_region_2_hist_culture_2)
[GraphSchema] Edge "belongs_to" source should be ["actor","location"], got "region" (edge edge_hist_territory_region_0_hist_culture_0)
[GraphSchema] Edge "belongs_to" source should be ["actor","location"], got "region" (edge edge_hist_territory_region_6_hist_culture_2)
[GraphSchema] Edge "belongs_to" source should be ["actor","location"], got "region" (edge edge_hist_territory_region_10_hist_culture_0)
[GraphSchema] Edge "belongs_to" source should be ["actor","location"], got "region" (edge edge_hist_territory_region_1_hist_culture_2)
[GraphSchema] Edge "belongs_to" source should be ["actor","location"], got "region" (edge edge_hist_territory_region_5_hist_culture_0)
[Orchestrator] Tick crashed, returning previous state: Error: Trait not found: trait.reputation.power.renown
    at assignTrait (C:/Users/chris/Dev/Projects/TheFantasyWorldSimulator/src/engine/traits.ts:44:25)
    at syncReputationTrait (C:/Users/chris/Dev/Projects/TheFantasyWorldSimulator/src/engine/phaseReputationTraits.ts:297:5)
    at phaseReputationTraits (C:/Users/chris/Dev/Projects/TheFantasyWorldSimulator/src/engine/phaseReputationTraits.ts:273:7)
    at runTick (C:/Users/chris/Dev/Projects/TheFantasyWorldSimulator/src/engine/orchestrator.ts:1896:18)
    at C:/Users/chris/Dev/Projects/TheFantasyWorldSimulator/src/engine/__tests__/content-layer1-integration.test.ts:255:20
    at file:///C:/Users/chris/Dev/Projects/TheFantasyWorldSimulator/node_modules/@vitest/runner/dist/index.js:145:11
    at file:///C:/Users/chris/Dev/Projects/TheFantasyWorldSimulator/node_modules/@vitest/runner/dist/index.js:915:26
    at file:///C:/Users/chris/Dev/Projects/TheFantasyWorldSimulator/node_modules/@vitest/runner/dist/index.js:1243:20
    at new Promise (<anonymous>)
    at runWithTimeout (file:///C:/Users/chris/Dev/Projects/TheFantasyWorldSimulator/node_modules/@vitest/runner/dist/index.js:1209:10)
[Orchestrator] Tick crashed, returning previous state: Error: Trait not found: trait.reputation.power.renown
    at assignTrait (C:/Users/chris/Dev/Projects/TheFantasyWorldSimulator/src/engine/traits.ts:44:25)
    at syncReputationTrait (C:/Users/chris/Dev/Projects/TheFantasyWorldSimulator/src/engine/phaseReputationTraits.ts:297:5)
    at phaseReputationTraits (C:/Users/chris/Dev/Projects/TheFantasyWorldSimulator/src/engine/phaseReputationTraits.ts:273:7)
    at runTick (C:/Users/chris/Dev/Projects/TheFantasyWorldSimulator/src/engine/orchestrator.ts:1896:18)
    at C:/Users/chris/Dev/Projects/TheFantasyWorldSimulator/src/engine/__tests__/content-layer1-integration.test.ts:255:20
    at file:///C:/Users/chris/Dev/Projects/TheFantasyWorldSimulator/node_modules/@vitest/runner/dist/index.js:145:11
    at file:///C:/Users/chris/Dev/Projects/TheFantasyWorldSimulator/node_modules/@vitest/runner/dist/index.js:915:26
    at file:///C:/Users/chris/Dev/Projects/TheFantasyWorldSimulator/node_modules/@vitest/runner/dist/index.js:1243:20
    at new Promise (<anonymous>)
    at runWithTimeout (file:///C:/Users/chris/Dev/Projects/TheFantasyWorldSimulator/node_modules/@vitest/runner/dist/index.js:1209:10)
[Orchestrator] Tick crashed, returning previous state: Error: Trait not found: trait.reputation.power.renown
    at assignTrait (C:/Users/chris/Dev/Projects/TheFantasyWorldSimulator/src/engine/traits.ts:44:25)
    at syncReputationTrait (C:/Users/chris/Dev/Projects/TheFantasyWorldSimulator/src/engine/phaseReputationTraits.ts:297:5)
    at phaseReputationTraits (C:/Users/chris/Dev/Projects/TheFantasyWorldSimulator/src/engine/phaseReputationTraits.ts:273:7)
    at runTick (C:/Users/chris/Dev/Projects/TheFantasyWorldSimulator/src/engine/orchestrator.ts:1896:18)
    at C:/Users/chris/Dev/Projects/TheFantasyWorldSimulator/src/engine/__tests__/content-layer1-integration.test.ts:255:20
    at file:///C:/Users/chris/Dev/Projects/TheFantasyWorldSimulator/node_modules/@vitest/runner/dist/index.js:145:11
    at file:///C:/Users/chris/Dev/Projects/TheFantasyWorldSimulator/node_modules/@vitest/runner/dist/index.js:915:26
    at file:///C:/Users/chris/Dev/Projects/TheFantasyWorldSimulator/node_modules/@vitest/runner/dist/index.js:1243:20
    at new Promise (<anonymous>)
    at runWithTimeout (file:///C:/Users/chris/Dev/Projects/TheFantasyWorldSimulator/node_modules/@vitest/runner/dist/index.js:1209:10)
[Orchestrator] Tick crashed, returning previous state: Error: Trait not found: trait.reputation.power.renown
    at assignTrait (C:/Users/chris/Dev/Projects/TheFantasyWorldSimulator/src/engine/traits.ts:44:25)
    at syncReputationTrait (C:/Users/chris/Dev/Projects/TheFantasyWorldSimulator/src/engine/phaseReputationTraits.ts:297:5)
    at phaseReputationTraits (C:/Users/chris/Dev/Projects/TheFantasyWorldSimulator/src/engine/phaseReputationTraits.ts:273:7)
    at runTick (C:/Users/chris/Dev/Projects/TheFantasyWorldSimulator/src/engine/orchestrator.ts:1896:18)
    at C:/Users/chris/Dev/Projects/TheFantasyWorldSimulator/src/engine/__tests__/content-layer1-integration.test.ts:255:20
    at file:///C:/Users/chris/Dev/Projects/TheFantasyWorldSimulator/node_modules/@vitest/runner/dist/index.js:145:11
    at file:///C:/Users/chris/Dev/Projects/TheFantasyWorldSimulator/node_modules/@vitest/runner/dist/index.js:915:26
    at file:///C:/Users/chris/Dev/Projects/TheFantasyWorldSimulator/node_modules/@vitest/runner/dist/index.js:1243:20
    at new Promise (<anonymous>)
    at runWithTimeout (file:///C:/Users/chris/Dev/Projects/TheFantasyWorldSimulator/node_modules/@vitest/runner/dist/index.js:1209:10)
[Orchestrator] Tick crashed, returning previous state: Error: Trait not found: trait.reputation.power.renown
    at assignTrait (C:/Users/chris/Dev/Projects/TheFantasyWorldSimulator/src/engine/traits.ts:44:25)
    at syncReputationTrait (C:/Users/chris/Dev/Projects/TheFantasyWorldSimulator/src/engine/phaseReputationTraits.ts:297:5)
    at phaseReputationTraits (C:/Users/chris/Dev/Projects/TheFantasyWorldSimulator/src/engine/phaseReputationTraits.ts:273:7)
    at runTick (C:/Users/chris/Dev/Projects/TheFantasyWorldSimulator/src/engine/orchestrator.ts:1896:18)
    at C:/Users/chris/Dev/Projects/TheFantasyWorldSimulator/src/engine/__tests__/content-layer1-integration.test.ts:255:20
    at file:///C:/Users/chris/Dev/Projects/TheFantasyWorldSimulator/node_modules/@vitest/runner/dist/index.js:145:11
    at file:///C:/Users/chris/Dev/Projects/TheFantasyWorldSimulator/node_modules/@vitest/runner/dist/index.js:915:26
    at file:///C:/Users/chris/Dev/Projects/TheFantasyWorldSimulator/node_modules/@vitest/runner/dist/index.js:1243:20
    at new Promise (<anonymous>)
    at runWithTimeout (file:///C:/Users/chris/Dev/Projects/TheFantasyWorldSimulator/node_modules/@vitest/runner/dist/index.js:1209:10)
[Orchestrator] Tick crashed, returning previous state: Error: Trait not found: trait.reputation.power.renown
    at assignTrait (C:/Users/chris/Dev/Projects/TheFantasyWorldSimulator/src/engine/traits.ts:44:25)
    at syncReputationTrait (C:/Users/chris/Dev/Projects/TheFantasyWorldSimulator/src/engine/phaseReputationTraits.ts:297:5)
    at phaseReputationTraits (C:/Users/chris/Dev/Projects/TheFantasyWorldSimulator/src/engine/phaseReputationTraits.ts:273:7)
    at runTick (C:/Users/chris/Dev/Projects/TheFantasyWorldSimulator/src/engine/orchestrator.ts:1896:18)
    at C:/Users/chris/Dev/Projects/TheFantasyWorldSimulator/src/engine/__tests__/content-layer1-integration.test.ts:255:20
    at file:///C:/Users/chris/Dev/Projects/TheFantasyWorldSimulator/node_modules/@vitest/runner/dist/index.js:145:11
    at file:///C:/Users/chris/Dev/Projects/TheFantasyWorldSimulator/node_modules/@vitest/runner/dist/index.js:915:26
    at file:///C:/Users/chris/Dev/Projects/TheFantasyWorldSimulator/node_modules/@vitest/runner/dist/index.js:1243:20
    at new Promise (<anonymous>)
    at runWithTimeout (file:///C:/Users/chris/Dev/Projects/TheFantasyWorldSimulator/node_modules/@vitest/runner/dist/index.js:1209:10)
[Orchestrator] Tick crashed, returning previous state: Error: Trait not found: trait.reputation.power.renown
    at assignTrait (C:/Users/chris/Dev/Projects/TheFantasyWorldSimulator/src/engine/traits.ts:44:25)
    at syncReputationTrait (C:/Users/chris/Dev/Projects/TheFantasyWorldSimulator/src/engine/phaseReputationTraits.ts:297:5)
    at phaseReputationTraits (C:/Users/chris/Dev/Projects/TheFantasyWorldSimulator/src/engine/phaseReputationTraits.ts:273:7)
    at runTick (C:/Users/chris/Dev/Projects/TheFantasyWorldSimulator/src/engine/orchestrator.ts:1896:18)
    at C:/Users/chris/Dev/Projects/TheFantasyWorldSimulator/src/engine/__tests__/content-layer1-integration.test.ts:255:20
    at file:///C:/Users/chris/Dev/Projects/TheFantasyWorldSimulator/node_modules/@vitest/runner/dist/index.js:145:11
    at file:///C:/Users/chris/Dev/Projects/TheFantasyWorldSimulator/node_modules/@vitest/runner/dist/index.js:915:26
    at file:///C:/Users/chris/Dev/Projects/TheFantasyWorldSimulator/node_modules/@vitest/runner/dist/index.js:1243:20
    at new Promise (<anonymous>)
    at runWithTimeout (file:///C:/Users/chris/Dev/Projects/TheFantasyWorldSimulator/node_modules/@vitest/runner/dist/index.js:1209:10)
[Orchestrator] Tick crashed, returning previous state: Error: Trait not found: trait.reputation.power.renown
    at assignTrait (C:/Users/chris/Dev/Projects/TheFantasyWorldSimulator/src/engine/traits.ts:44:25)
    at syncReputationTrait (C:/Users/chris/Dev/Projects/TheFantasyWorldSimulator/src/engine/phaseReputationTraits.ts:297:5)
    at phaseReputationTraits (C:/Users/chris/Dev/Projects/TheFantasyWorldSimulator/src/engine/phaseReputationTraits.ts:273:7)
    at runTick (C:/Users/chris/Dev/Projects/TheFantasyWorldSimulator/src/engine/orchestrator.ts:1896:18)
    at C:/Users/chris/Dev/Projects/TheFantasyWorldSimulator/src/engine/__tests__/content-layer1-integration.test.ts:255:20
    at file:///C:/Users/chris/Dev/Projects/TheFantasyWorldSimulator/node_modules/@vitest/runner/dist/index.js:145:11
    at file:///C:/Users/chris/Dev/Projects/TheFantasyWorldSimulator/node_modules/@vitest/runner/dist/index.js:915:26
    at file:///C:/Users/chris/Dev/Projects/TheFantasyWorldSimulator/node_modules/@vitest/runner/dist/index.js:1243:20
    at new Promise (<anonymous>)
    at runWithTimeout (file:///C:/Users/chris/Dev/Projects/TheFantasyWorldSimulator/node_modules/@vitest/runner/dist/index.js:1209:10)
[Orchestrator] Tick crashed, returning previous state: Error: Trait not found: trait.reputation.power.renown
    at assignTrait (C:/Users/chris/Dev/Projects/TheFantasyWorldSimulator/src/engine/traits.ts:44:25)
    at syncReputationTrait (C:/Users/chris/Dev/Projects/TheFantasyWorldSimulator/src/engine/phaseReputationTraits.ts:297:5)
    at phaseReputationTraits (C:/Users/chris/Dev/Projects/TheFantasyWorldSimulator/src/engine/phaseReputationTraits.ts:273:7)
    at runTick (C:/Users/chris/Dev/Projects/TheFantasyWorldSimulator/src/engine/orchestrator.ts:1896:18)
    at C:/Users/chris/Dev/Projects/TheFantasyWorldSimulator/src/engine/__tests__/content-layer1-integration.test.ts:255:20
    at file:///C:/Users/chris/Dev/Projects/TheFantasyWorldSimulator/node_modules/@vitest/runner/dist/index.js:145:11
    at file:///C:/Users/chris/Dev/Projects/TheFantasyWorldSimulator/node_modules/@vitest/runner/dist/index.js:915:26
    at file:///C:/Users/chris/Dev/Projects/TheFantasyWorldSimulator/node_modules/@vitest/runner/dist/index.js:1243:20
    at new Promise (<anonymous>)
    at runWithTimeout (file:///C:/Users/chris/Dev/Projects/TheFantasyWorldSimulator/node_modules/@vitest/runner/dist/index.js:1209:10)
[Orchestrator] Tick crashed, returning previous state: Error: Trait not found: trait.reputation.power.renown
    at assignTrait (C:/Users/chris/Dev/Projects/TheFantasyWorldSimulator/src/engine/traits.ts:44:25)
    at syncReputationTrait (C:/Users/chris/Dev/Projects/TheFantasyWorldSimulator/src/engine/phaseReputationTraits.ts:297:5)
    at phaseReputationTraits (C:/Users/chris/Dev/Projects/TheFantasyWorldSimulator/src/engine/phaseReputationTraits.ts:273:7)
    at runTick (C:/Users/chris/Dev/Projects/TheFantasyWorldSimulator/src/engine/orchestrator.ts:1896:18)
    at C:/Users/chris/Dev/Projects/TheFantasyWorldSimulator/src/engine/__tests__/content-layer1-integration.test.ts:255:20
    at file:///C:/Users/chris/Dev/Projects/TheFantasyWorldSimulator/node_modules/@vitest/runner/dist/index.js:145:11
    at file:///C:/Users/chris/Dev/Projects/TheFantasyWorldSimulator/node_modules/@vitest/runner/dist/index.js:915:26
    at file:///C:/Users/chris/Dev/Projects/TheFantasyWorldSimulator/node_modules/@vitest/runner/dist/index.js:1243:20
    at new Promise (<anonymous>)
    at runWithTimeout (file:///C:/Users/chris/Dev/Projects/TheFantasyWorldSimulator/node_modules/@vitest/runner/dist/index.js:1209:10)
[Orchestrator] Tick crashed, returning previous state: Error: Trait not found: trait.reputation.power.renown
    at assignTrait (C:/Users/chris/Dev/Projects/TheFantasyWorldSimulator/src/engine/traits.ts:44:25)
    at syncReputationTrait (C:/Users/chris/Dev/Projects/TheFantasyWorldSimulator/src/engine/phaseReputationTraits.ts:297:5)
    at phaseReputationTraits (C:/Users/chris/Dev/Projects/TheFantasyWorldSimulator/src/engine/phaseReputationTraits.ts:273:7)
    at runTick (C:/Users/chris/Dev/Projects/TheFantasyWorldSimulator/src/engine/orchestrator.ts:1896:18)
    at C:/Users/chris/Dev/Projects/TheFantasyWorldSimulator/src/engine/__tests__/content-layer1-integration.test.ts:255:20
    at file:///C:/Users/chris/Dev/Projects/TheFantasyWorldSimulator/node_modules/@vitest/runner/dist/index.js:145:11
    at file:///C:/Users/chris/Dev/Projects/TheFantasyWorldSimulator/node_modules/@vitest/runner/dist/index.js:915:26
    at file:///C:/Users/chris/Dev/Projects/TheFantasyWorldSimulator/node_modules/@vitest/runner/dist/index.js:1243:20
    at new Promise (<anonymous>)
    at runWithTimeout (file:///C:/Users/chris/Dev/Projects/TheFantasyWorldSimulator/node_modules/@vitest/runner/dist/index.js:1209:10)
[Orchestrator] Tick crashed, returning previous state: Error: Trait not found: trait.reputation.power.renown
    at assignTrait (C:/Users/chris/Dev/Projects/TheFantasyWorldSimulator/src/engine/traits.ts:44:25)
    at syncReputationTrait (C:/Users/chris/Dev/Projects/TheFantasyWorldSimulator/src/engine/phaseReputationTraits.ts:297:5)
    at phaseReputationTraits (C:/Users/chris/Dev/Projects/TheFantasyWorldSimulator/src/engine/phaseReputationTraits.ts:273:7)
    at runTick (C:/Users/chris/Dev/Projects/TheFantasyWorldSimulator/src/engine/orchestrator.ts:1896:18)
    at C:/Users/chris/Dev/Projects/TheFantasyWorldSimulator/src/engine/__tests__/content-layer1-integration.test.ts:255:20
    at file:///C:/Users/chris/Dev/Projects/TheFantasyWorldSimulator/node_modules/@vitest/runner/dist/index.js:145:11
    at file:///C:/Users/chris/Dev/Projects/TheFantasyWorldSimulator/node_modules/@vitest/runner/dist/index.js:915:26
    at file:///C:/Users/chris/Dev/Projects/TheFantasyWorldSimulator/node_modules/@vitest/runner/dist/index.js:1243:20
    at new Promise (<anonymous>)
    at runWithTimeout (file:///C:/Users/chris/Dev/Projects/TheFantasyWorldSimulator/node_modules/@vitest/runner/dist/index.js:1209:10)
[Orchestrator] Tick crashed, returning previous state: Error: Trait not found: trait.reputation.power.renown
    at assignTrait (C:/Users/chris/Dev/Projects/TheFantasyWorldSimulator/src/engine/traits.ts:44:25)
    at syncReputationTrait (C:/Users/chris/Dev/Projects/TheFantasyWorldSimulator/src/engine/phaseReputationTraits.ts:297:5)
    at phaseReputationTraits (C:/Users/chris/Dev/Projects/TheFantasyWorldSimulator/src/engine/phaseReputationTraits.ts:273:7)
    at runTick (C:/Users/chris/Dev/Projects/TheFantasyWorldSimulator/src/engine/orchestrator.ts:1896:18)
    at C:/Users/chris/Dev/Projects/TheFantasyWorldSimulator/src/engine/__tests__/content-layer1-integration.test.ts:255:20
    at file:///C:/Users/chris/Dev/Projects/TheFantasyWorldSimulator/node_modules/@vitest/runner/dist/index.js:145:11
    at file:///C:/Users/chris/Dev/Projects/TheFantasyWorldSimulator/node_modules/@vitest/runner/dist/index.js:915:26
    at file:///C:/Users/chris/Dev/Projects/TheFantasyWorldSimulator/node_modules/@vitest/runner/dist/index.js:1243:20
    at new Promise (<anonymous>)
    at runWithTimeout (file:///C:/Users/chris/Dev/Projects/TheFantasyWorldSimulator/node_modules/@vitest/runner/dist/index.js:1209:10)
[Orchestrator] Tick crashed, returning previous state: Error: Trait not found: trait.reputation.power.renown
    at assignTrait (C:/Users/chris/Dev/Projects/TheFantasyWorldSimulator/src/engine/traits.ts:44:25)
    at syncReputationTrait (C:/Users/chris/Dev/Projects/TheFantasyWorldSimulator/src/engine/phaseReputationTraits.ts:297:5)
    at phaseReputationTraits (C:/Users/chris/Dev/Projects/TheFantasyWorldSimulator/src/engine/phaseReputationTraits.ts:273:7)
    at runTick (C:/Users/chris/Dev/Projects/TheFantasyWorldSimulator/src/engine/orchestrator.ts:1896:18)
    at C:/Users/chris/Dev/Projects/TheFantasyWorldSimulator/src/engine/__tests__/content-layer1-integration.test.ts:255:20
    at file:///C:/Users/chris/Dev/Projects/TheFantasyWorldSimulator/node_modules/@vitest/runner/dist/index.js:145:11
    at file:///C:/Users/chris/Dev/Projects/TheFantasyWorldSimulator/node_modules/@vitest/runner/dist/index.js:915:26
    at file:///C:/Users/chris/Dev/Projects/TheFantasyWorldSimulator/node_modules/@vitest/runner/dist/index.js:1243:20
    at new Promise (<anonymous>)
    at runWithTimeout (file:///C:/Users/chris/Dev/Projects/TheFantasyWorldSimulator/node_modules/@vitest/runner/dist/index.js:1209:10)
[Orchestrator] Tick crashed, returning previous state: Error: Trait not found: trait.reputation.power.renown
    at assignTrait (C:/Users/chris/Dev/Projects/TheFantasyWorldSimulator/src/engine/traits.ts:44:25)
    at syncReputationTrait (C:/Users/chris/Dev/Projects/TheFantasyWorldSimulator/src/engine/phaseReputationTraits.ts:297:5)
    at phaseReputationTraits (C:/Users/chris/Dev/Projects/TheFantasyWorldSimulator/src/engine/phaseReputationTraits.ts:273:7)
    at runTick (C:/Users/chris/Dev/Projects/TheFantasyWorldSimulator/src/engine/orchestrator.ts:1896:18)
    at C:/Users/chris/Dev/Projects/TheFantasyWorldSimulator/src/engine/__tests__/content-layer1-integration.test.ts:255:20
    at file:///C:/Users/chris/Dev/Projects/TheFantasyWorldSimulator/node_modules/@vitest/runner/dist/index.js:145:11
    at file:///C:/Users/chris/Dev/Projects/TheFantasyWorldSimulator/node_modules/@vitest/runner/dist/index.js:915:26
    at file:///C:/Users/chris/Dev/Projects/TheFantasyWorldSimulator/node_modules/@vitest/runner/dist/index.js:1243:20
    at new Promise (<anonymous>)
    at runWithTimeout (file:///C:/Users/chris/Dev/Projects/TheFantasyWorldSimulator/node_modules/@vitest/runner/dist/index.js:1209:10)
[Orchestrator] Tick crashed, returning previous state: Error: Trait not found: trait.reputation.power.renown
    at assignTrait (C:/Users/chris/Dev/Projects/TheFantasyWorldSimulator/src/engine/traits.ts:44:25)
    at syncReputationTrait (C:/Users/chris/Dev/Projects/TheFantasyWorldSimulator/src/engine/phaseReputationTraits.ts:297:5)
    at phaseReputationTraits (C:/Users/chris/Dev/Projects/TheFantasyWorldSimulator/src/engine/phaseReputationTraits.ts:273:7)
    at runTick (C:/Users/chris/Dev/Projects/TheFantasyWorldSimulator/src/engine/orchestrator.ts:1896:18)
    at C:/Users/chris/Dev/Projects/TheFantasyWorldSimulator/src/engine/__tests__/content-layer1-integration.test.ts:255:20
    at file:///C:/Users/chris/Dev/Projects/TheFantasyWorldSimulator/node_modules/@vitest/runner/dist/index.js:145:11
    at file:///C:/Users/chris/Dev/Projects/TheFantasyWorldSimulator/node_modules/@vitest/runner/dist/index.js:915:26
    at file:///C:/Users/chris/Dev/Projects/TheFantasyWorldSimulator/node_modules/@vitest/runner/dist/index.js:1243:20
    at new Promise (<anonymous>)
    at runWithTimeout (file:///C:/Users/chris/Dev/Projects/TheFantasyWorldSimulator/node_modules/@vitest/runner/dist/index.js:1209:10)
[Orchestrator] Tick crashed, returning previous state: Error: Trait not found: trait.reputation.power.renown
    at assignTrait (C:/Users/chris/Dev/Projects/TheFantasyWorldSimulator/src/engine/traits.ts:44:25)
    at syncReputationTrait (C:/Users/chris/Dev/Projects/TheFantasyWorldSimulator/src/engine/phaseReputationTraits.ts:297:5)
    at phaseReputationTraits (C:/Users/chris/Dev/Projects/TheFantasyWorldSimulator/src/engine/phaseReputationTraits.ts:273:7)
    at runTick (C:/Users/chris/Dev/Projects/TheFantasyWorldSimulator/src/engine/orchestrator.ts:1896:18)
    at C:/Users/chris/Dev/Projects/TheFantasyWorldSimulator/src/engine/__tests__/content-layer1-integration.test.ts:255:20
    at file:///C:/Users/chris/Dev/Projects/TheFantasyWorldSimulator/node_modules/@vitest/runner/dist/index.js:145:11
    at file:///C:/Users/chris/Dev/Projects/TheFantasyWorldSimulator/node_modules/@vitest/runner/dist/index.js:915:26
    at file:///C:/Users/chris/Dev/Projects/TheFantasyWorldSimulator/node_modules/@vitest/runner/dist/index.js:1243:20
    at new Promise (<anonymous>)
    at runWithTimeout (file:///C:/Users/chris/Dev/Projects/TheFantasyWorldSimulator/node_modules/@vitest/runner/dist/index.js:1209:10)
[Orchestrator] Tick crashed, returning previous state: Error: Trait not found: trait.reputation.power.renown
    at assignTrait (C:/Users/chris/Dev/Projects/TheFantasyWorldSimulator/src/engine/traits.ts:44:25)
    at syncReputationTrait (C:/Users/chris/Dev/Projects/TheFantasyWorldSimulator/src/engine/phaseReputationTraits.ts:297:5)
    at phaseReputationTraits (C:/Users/chris/Dev/Projects/TheFantasyWorldSimulator/src/engine/phaseReputationTraits.ts:273:7)
    at runTick (C:/Users/chris/Dev/Projects/TheFantasyWorldSimulator/src/engine/orchestrator.ts:1896:18)
    at C:/Users/chris/Dev/Projects/TheFantasyWorldSimulator/src/engine/__tests__/content-layer1-integration.test.ts:255:20
    at file:///C:/Users/chris/Dev/Projects/TheFantasyWorldSimulator/node_modules/@vitest/runner/dist/index.js:145:11
    at file:///C:/Users/chris/Dev/Projects/TheFantasyWorldSimulator/node_modules/@vitest/runner/dist/index.js:915:26
    at file:///C:/Users/chris/Dev/Projects/TheFantasyWorldSimulator/node_modules/@vitest/runner/dist/index.js:1243:20
    at new Promise (<anonymous>)
    at runWithTimeout (file:///C:/Users/chris/Dev/Projects/TheFantasyWorldSimulator/node_modules/@vitest/runner/dist/index.js:1209:10)
[Orchestrator] Tick crashed, returning previous state: Error: Trait not found: trait.reputation.power.renown
    at assignTrait (C:/Users/chris/Dev/Projects/TheFantasyWorldSimulator/src/engine/traits.ts:44:25)
    at syncReputationTrait (C:/Users/chris/Dev/Projects/TheFantasyWorldSimulator/src/engine/phaseReputationTraits.ts:297:5)
    at phaseReputationTraits (C:/Users/chris/Dev/Projects/TheFantasyWorldSimulator/src/engine/phaseReputationTraits.ts:273:7)
    at runTick (C:/Users/chris/Dev/Projects/TheFantasyWorldSimulator/src/engine/orchestrator.ts:1896:18)
    at C:/Users/chris/Dev/Projects/TheFantasyWorldSimulator/src/engine/__tests__/content-layer1-integration.test.ts:255:20
    at file:///C:/Users/chris/Dev/Projects/TheFantasyWorldSimulator/node_modules/@vitest/runner/dist/index.js:145:11
    at file:///C:/Users/chris/Dev/Projects/TheFantasyWorldSimulator/node_modules/@vitest/runner/dist/index.js:915:26
    at file:///C:/Users/chris/Dev/Projects/TheFantasyWorldSimulator/node_modules/@vitest/runner/dist/index.js:1243:20
    at new Promise (<anonymous>)
    at runWithTimeout (file:///C:/Users/chris/Dev/Projects/TheFantasyWorldSimulator/node_modules/@vitest/runner/dist/index.js:1209:10)
[Orchestrator] Tick crashed, returning previous state: Error: Trait not found: trait.reputation.power.renown
    at assignTrait (C:/Users/chris/Dev/Projects/TheFantasyWorldSimulator/src/engine/traits.ts:44:25)
    at syncReputationTrait (C:/Users/chris/Dev/Projects/TheFantasyWorldSimulator/src/engine/phaseReputationTraits.ts:297:5)
    at phaseReputationTraits (C:/Users/chris/Dev/Projects/TheFantasyWorldSimulator/src/engine/phaseReputationTraits.ts:273:7)
    at runTick (C:/Users/chris/Dev/Projects/TheFantasyWorldSimulator/src/engine/orchestrator.ts:1896:18)
    at C:/Users/chris/Dev/Projects/TheFantasyWorldSimulator/src/engine/__tests__/content-layer1-integration.test.ts:255:20
    at file:///C:/Users/chris/Dev/Projects/TheFantasyWorldSimulator/node_modules/@vitest/runner/dist/index.js:145:11
    at file:///C:/Users/chris/Dev/Projects/TheFantasyWorldSimulator/node_modules/@vitest/runner/dist/index.js:915:26
    at file:///C:/Users/chris/Dev/Projects/TheFantasyWorldSimulator/node_modules/@vitest/runner/dist/index.js:1243:20
    at new Promise (<anonymous>)
    at runWithTimeout (file:///C:/Users/chris/Dev/Projects/TheFantasyWorldSimulator/node_modules/@vitest/runner/dist/index.js:1209:10)
[Orchestrator] Tick crashed, returning previous state: Error: Trait not found: trait.reputation.power.renown
    at assignTrait (C:/Users/chris/Dev/Projects/TheFantasyWorldSimulator/src/engine/traits.ts:44:25)
    at syncReputationTrait (C:/Users/chris/Dev/Projects/TheFantasyWorldSimulator/src/engine/phaseReputationTraits.ts:297:5)
    at phaseReputationTraits (C:/Users/chris/Dev/Projects/TheFantasyWorldSimulator/src/engine/phaseReputationTraits.ts:273:7)
    at runTick (C:/Users/chris/Dev/Projects/TheFantasyWorldSimulator/src/engine/orchestrator.ts:1896:18)
    at C:/Users/chris/Dev/Projects/TheFantasyWorldSimulator/src/engine/__tests__/content-layer1-integration.test.ts:255:20
    at file:///C:/Users/chris/Dev/Projects/TheFantasyWorldSimulator/node_modules/@vitest/runner/dist/index.js:145:11
    at file:///C:/Users/chris/Dev/Projects/TheFantasyWorldSimulator/node_modules/@vitest/runner/dist/index.js:915:26
    at file:///C:/Users/chris/Dev/Projects/TheFantasyWorldSimulator/node_modules/@vitest/runner/dist/index.js:1243:20
    at new Promise (<anonymous>)
    at runWithTimeout (file:///C:/Users/chris/Dev/Projects/TheFantasyWorldSimulator/node_modules/@vitest/runner/dist/index.js:1209:10)
[Orchestrator] Tick crashed, returning previous state: Error: Trait not found: trait.reputation.power.renown
    at assignTrait (C:/Users/chris/Dev/Projects/TheFantasyWorldSimulator/src/engine/traits.ts:44:25)
    at syncReputationTrait (C:/Users/chris/Dev/Projects/TheFantasyWorldSimulator/src/engine/phaseReputationTraits.ts:297:5)
    at phaseReputationTraits (C:/Users/chris/Dev/Projects/TheFantasyWorldSimulator/src/engine/phaseReputationTraits.ts:273:7)
    at runTick (C:/Users/chris/Dev/Projects/TheFantasyWorldSimulator/src/engine/orchestrator.ts:1896:18)
    at C:/Users/chris/Dev/Projects/TheFantasyWorldSimulator/src/engine/__tests__/content-layer1-integration.test.ts:255:20
    at file:///C:/Users/chris/Dev/Projects/TheFantasyWorldSimulator/node_modules/@vitest/runner/dist/index.js:145:11
    at file:///C:/Users/chris/Dev/Projects/TheFantasyWorldSimulator/node_modules/@vitest/runner/dist/index.js:915:26
    at file:///C:/Users/chris/Dev/Projects/TheFantasyWorldSimulator/node_modules/@vitest/runner/dist/index.js:1243:20
    at new Promise (<anonymous>)
    at runWithTimeout (file:///C:/Users/chris/Dev/Projects/TheFantasyWorldSimulator/node_modules/@vitest/runner/dist/index.js:1209:10)
[Orchestrator] Tick crashed, returning previous state: Error: Trait not found: trait.reputation.power.renown
    at assignTrait (C:/Users/chris/Dev/Projects/TheFantasyWorldSimulator/src/engine/traits.ts:44:25)
    at syncReputationTrait (C:/Users/chris/Dev/Projects/TheFantasyWorldSimulator/src/engine/phaseReputationTraits.ts:297:5)
    at phaseReputationTraits (C:/Users/chris/Dev/Projects/TheFantasyWorldSimulator/src/engine/phaseReputationTraits.ts:273:7)
    at runTick (C:/Users/chris/Dev/Projects/TheFantasyWorldSimulator/src/engine/orchestrator.ts:1896:18)
    at C:/Users/chris/Dev/Projects/TheFantasyWorldSimulator/src/engine/__tests__/content-layer1-integration.test.ts:255:20
    at file:///C:/Users/chris/Dev/Projects/TheFantasyWorldSimulator/node_modules/@vitest/runner/dist/index.js:145:11
    at file:///C:/Users/chris/Dev/Projects/TheFantasyWorldSimulator/node_modules/@vitest/runner/dist/index.js:915:26
    at file:///C:/Users/chris/Dev/Projects/TheFantasyWorldSimulator/node_modules/@vitest/runner/dist/index.js:1243:20
    at new Promise (<anonymous>)
    at runWithTimeout (file:///C:/Users/chris/Dev/Projects/TheFantasyWorldSimulator/node_modules/@vitest/runner/dist/index.js:1209:10)
[Orchestrator] Tick crashed, returning previous state: Error: Trait not found: trait.reputation.power.renown
    at assignTrait (C:/Users/chris/Dev/Projects/TheFantasyWorldSimulator/src/engine/traits.ts:44:25)
    at syncReputationTrait (C:/Users/chris/Dev/Projects/TheFantasyWorldSimulator/src/engine/phaseReputationTraits.ts:297:5)
    at phaseReputationTraits (C:/Users/chris/Dev/Projects/TheFantasyWorldSimulator/src/engine/phaseReputationTraits.ts:273:7)
    at runTick (C:/Users/chris/Dev/Projects/TheFantasyWorldSimulator/src/engine/orchestrator.ts:1896:18)
    at C:/Users/chris/Dev/Projects/TheFantasyWorldSimulator/src/engine/__tests__/content-layer1-integration.test.ts:255:20
    at file:///C:/Users/chris/Dev/Projects/TheFantasyWorldSimulator/node_modules/@vitest/runner/dist/index.js:145:11
    at file:///C:/Users/chris/Dev/Projects/TheFantasyWorldSimulator/node_modules/@vitest/runner/dist/index.js:915:26
    at file:///C:/Users/chris/Dev/Projects/TheFantasyWorldSimulator/node_modules/@vitest/runner/dist/index.js:1243:20
    at new Promise (<anonymous>)
    at runWithTimeout (file:///C:/Users/chris/Dev/Projects/TheFantasyWorldSimulator/node_modules/@vitest/runner/dist/index.js:1209:10)
[Orchestrator] Tick crashed, returning previous state: Error: Trait not found: trait.reputation.power.renown
    at assignTrait (C:/Users/chris/Dev/Projects/TheFantasyWorldSimulator/src/engine/traits.ts:44:25)
    at syncReputationTrait (C:/Users/chris/Dev/Projects/TheFantasyWorldSimulator/src/engine/phaseReputationTraits.ts:297:5)
    at phaseReputationTraits (C:/Users/chris/Dev/Projects/TheFantasyWorldSimulator/src/engine/phaseReputationTraits.ts:273:7)
    at runTick (C:/Users/chris/Dev/Projects/TheFantasyWorldSimulator/src/engine/orchestrator.ts:1896:18)
    at C:/Users/chris/Dev/Projects/TheFantasyWorldSimulator/src/engine/__tests__/content-layer1-integration.test.ts:255:20
    at file:///C:/Users/chris/Dev/Projects/TheFantasyWorldSimulator/node_modules/@vitest/runner/dist/index.js:145:11
    at file:///C:/Users/chris/Dev/Projects/TheFantasyWorldSimulator/node_modules/@vitest/runner/dist/index.js:915:26
    at file:///C:/Users/chris/Dev/Projects/TheFantasyWorldSimulator/node_modules/@vitest/runner/dist/index.js:1243:20
    at new Promise (<anonymous>)
    at runWithTimeout (file:///C:/Users/chris/Dev/Projects/TheFantasyWorldSimulator/node_modules/@vitest/runner/dist/index.js:1209:10)
[Orchestrator] Tick crashed, returning previous state: Error: Trait not found: trait.reputation.power.renown
    at assignTrait (C:/Users/chris/Dev/Projects/TheFantasyWorldSimulator/src/engine/traits.ts:44:25)
    at syncReputationTrait (C:/Users/chris/Dev/Projects/TheFantasyWorldSimulator/src/engine/phaseReputationTraits.ts:297:5)
    at phaseReputationTraits (C:/Users/chris/Dev/Projects/TheFantasyWorldSimulator/src/engine/phaseReputationTraits.ts:273:7)
    at runTick (C:/Users/chris/Dev/Projects/TheFantasyWorldSimulator/src/engine/orchestrator.ts:1896:18)
    at C:/Users/chris/Dev/Projects/TheFantasyWorldSimulator/src/engine/__tests__/content-layer1-integration.test.ts:255:20
    at file:///C:/Users/chris/Dev/Projects/TheFantasyWorldSimulator/node_modules/@vitest/runner/dist/index.js:145:11
    at file:///C:/Users/chris/Dev/Projects/TheFantasyWorldSimulator/node_modules/@vitest/runner/dist/index.js:915:26
    at file:///C:/Users/chris/Dev/Projects/TheFantasyWorldSimulator/node_modules/@vitest/runner/dist/index.js:1243:20
    at new Promise (<anonymous>)
    at runWithTimeout (file:///C:/Users/chris/Dev/Projects/TheFantasyWorldSimulator/node_modules/@vitest/runner/dist/index.js:1209:10)
[Orchestrator] Tick crashed, returning previous state: Error: Trait not found: trait.reputation.power.renown
    at assignTrait (C:/Users/chris/Dev/Projects/TheFantasyWorldSimulator/src/engine/traits.ts:44:25)
    at syncReputationTrait (C:/Users/chris/Dev/Projects/TheFantasyWorldSimulator/src/engine/phaseReputationTraits.ts:297:5)
    at phaseReputationTraits (C:/Users/chris/Dev/Projects/TheFantasyWorldSimulator/src/engine/phaseReputationTraits.ts:273:7)
    at runTick (C:/Users/chris/Dev/Projects/TheFantasyWorldSimulator/src/engine/orchestrator.ts:1896:18)
    at C:/Users/chris/Dev/Projects/TheFantasyWorldSimulator/src/engine/__tests__/content-layer1-integration.test.ts:255:20
    at file:///C:/Users/chris/Dev/Projects/TheFantasyWorldSimulator/node_modules/@vitest/runner/dist/index.js:145:11
    at file:///C:/Users/chris/Dev/Projects/TheFantasyWorldSimulator/node_modules/@vitest/runner/dist/index.js:915:26
    at file:///C:/Users/chris/Dev/Projects/TheFantasyWorldSimulator/node_modules/@vitest/runner/dist/index.js:1243:20
    at new Promise (<anonymous>)
    at runWithTimeout (file:///C:/Users/chris/Dev/Projects/TheFantasyWorldSimulator/node_modules/@vitest/runner/dist/index.js:1209:10)
[Orchestrator] Tick crashed, returning previous state: Error: Trait not found: trait.reputation.power.renown
    at assignTrait (C:/Users/chris/Dev/Projects/TheFantasyWorldSimulator/src/engine/traits.ts:44:25)
    at syncReputationTrait (C:/Users/chris/Dev/Projects/TheFantasyWorldSimulator/src/engine/phaseReputationTraits.ts:297:5)
    at phaseReputationTraits (C:/Users/chris/Dev/Projects/TheFantasyWorldSimulator/src/engine/phaseReputationTraits.ts:273:7)
    at runTick (C:/Users/chris/Dev/Projects/TheFantasyWorldSimulator/src/engine/orchestrator.ts:1896:18)
    at C:/Users/chris/Dev/Projects/TheFantasyWorldSimulator/src/engine/__tests__/content-layer1-integration.test.ts:255:20
    at file:///C:/Users/chris/Dev/Projects/TheFantasyWorldSimulator/node_modules/@vitest/runner/dist/index.js:145:11
    at file:///C:/Users/chris/Dev/Projects/TheFantasyWorldSimulator/node_modules/@vitest/runner/dist/index.js:915:26
    at file:///C:/Users/chris/Dev/Projects/TheFantasyWorldSimulator/node_modules/@vitest/runner/dist/index.js:1243:20
    at new Promise (<anonymous>)
    at runWithTimeout (file:///C:/Users/chris/Dev/Projects/TheFantasyWorldSimulator/node_modules/@vitest/runner/dist/index.js:1209:10)
[Orchestrator] Tick crashed, returning previous state: Error: Trait not found: trait.reputation.power.renown
    at assignTrait (C:/Users/chris/Dev/Projects/TheFantasyWorldSimulator/src/engine/traits.ts:44:25)
    at syncReputationTrait (C:/Users/chris/Dev/Projects/TheFantasyWorldSimulator/src/engine/phaseReputationTraits.ts:297:5)
    at phaseReputationTraits (C:/Users/chris/Dev/Projects/TheFantasyWorldSimulator/src/engine/phaseReputationTraits.ts:273:7)
    at runTick (C:/Users/chris/Dev/Projects/TheFantasyWorldSimulator/src/engine/orchestrator.ts:1896:18)
    at C:/Users/chris/Dev/Projects/TheFantasyWorldSimulator/src/engine/__tests__/content-layer1-integration.test.ts:255:20
    at file:///C:/Users/chris/Dev/Projects/TheFantasyWorldSimulator/node_modules/@vitest/runner/dist/index.js:145:11
    at file:///C:/Users/chris/Dev/Projects/TheFantasyWorldSimulator/node_modules/@vitest/runner/dist/index.js:915:26
    at file:///C:/Users/chris/Dev/Projects/TheFantasyWorldSimulator/node_modules/@vitest/runner/dist/index.js:1243:20
    at new Promise (<anonymous>)
    at runWithTimeout (file:///C:/Users/chris/Dev/Projects/TheFantasyWorldSimulator/node_modules/@vitest/runner/dist/index.js:1209:10)
[Orchestrator] Tick crashed, returning previous state: Error: Trait not found: trait.reputation.power.renown
    at assignTrait (C:/Users/chris/Dev/Projects/TheFantasyWorldSimulator/src/engine/traits.ts:44:25)
    at syncReputationTrait (C:/Users/chris/Dev/Projects/TheFantasyWorldSimulator/src/engine/phaseReputationTraits.ts:297:5)
    at phaseReputationTraits (C:/Users/chris/Dev/Projects/TheFantasyWorldSimulator/src/engine/phaseReputationTraits.ts:273:7)
    at runTick (C:/Users/chris/Dev/Projects/TheFantasyWorldSimulator/src/engine/orchestrator.ts:1896:18)
    at C:/Users/chris/Dev/Projects/TheFantasyWorldSimulator/src/engine/__tests__/content-layer1-integration.test.ts:255:20
    at file:///C:/Users/chris/Dev/Projects/TheFantasyWorldSimulator/node_modules/@vitest/runner/dist/index.js:145:11
    at file:///C:/Users/chris/Dev/Projects/TheFantasyWorldSimulator/node_modules/@vitest/runner/dist/index.js:915:26
    at file:///C:/Users/chris/Dev/Projects/TheFantasyWorldSimulator/node_modules/@vitest/runner/dist/index.js:1243:20
    at new Promise (<anonymous>)
    at runWithTimeout (file:///C:/Users/chris/Dev/Projects/TheFantasyWorldSimulator/node_modules/@vitest/runner/dist/index.js:1209:10)
[Orchestrator] Tick crashed, returning previous state: Error: Trait not found: trait.reputation.power.renown
    at assignTrait (C:/Users/chris/Dev/Projects/TheFantasyWorldSimulator/src/engine/traits.ts:44:25)
    at syncReputationTrait (C:/Users/chris/Dev/Projects/TheFantasyWorldSimulator/src/engine/phaseReputationTraits.ts:297:5)
    at phaseReputationTraits (C:/Users/chris/Dev/Projects/TheFantasyWorldSimulator/src/engine/phaseReputationTraits.ts:273:7)
    at runTick (C:/Users/chris/Dev/Projects/TheFantasyWorldSimulator/src/engine/orchestrator.ts:1896:18)
    at C:/Users/chris/Dev/Projects/TheFantasyWorldSimulator/src/engine/__tests__/content-layer1-integration.test.ts:255:20
    at file:///C:/Users/chris/Dev/Projects/TheFantasyWorldSimulator/node_modules/@vitest/runner/dist/index.js:145:11
    at file:///C:/Users/chris/Dev/Projects/TheFantasyWorldSimulator/node_modules/@vitest/runner/dist/index.js:915:26
    at file:///C:/Users/chris/Dev/Projects/TheFantasyWorldSimulator/node_modules/@vitest/runner/dist/index.js:1243:20
    at new Promise (<anonymous>)
    at runWithTimeout (file:///C:/Users/chris/Dev/Projects/TheFantasyWorldSimulator/node_modules/@vitest/runner/dist/index.js:1209:10)
[Orchestrator] Tick crashed, returning previous state: Error: Trait not found: trait.reputation.power.renown
    at assignTrait (C:/Users/chris/Dev/Projects/TheFantasyWorldSimulator/src/engine/traits.ts:44:25)
    at syncReputationTrait (C:/Users/chris/Dev/Projects/TheFantasyWorldSimulator/src/engine/phaseReputationTraits.ts:297:5)
    at phaseReputationTraits (C:/Users/chris/Dev/Projects/TheFantasyWorldSimulator/src/engine/phaseReputationTraits.ts:273:7)
    at runTick (C:/Users/chris/Dev/Projects/TheFantasyWorldSimulator/src/engine/orchestrator.ts:1896:18)
    at C:/Users/chris/Dev/Projects/TheFantasyWorldSimulator/src/engine/__tests__/content-layer1-integration.test.ts:255:20
    at file:///C:/Users/chris/Dev/Projects/TheFantasyWorldSimulator/node_modules/@vitest/runner/dist/index.js:145:11
    at file:///C:/Users/chris/Dev/Projects/TheFantasyWorldSimulator/node_modules/@vitest/runner/dist/index.js:915:26
    at file:///C:/Users/chris/Dev/Projects/TheFantasyWorldSimulator/node_modules/@vitest/runner/dist/index.js:1243:20
    at new Promise (<anonymous>)
    at runWithTimeout (file:///C:/Users/chris/Dev/Projects/TheFantasyWorldSimulator/node_modules/@vitest/runner/dist/index.js:1209:10)
[Orchestrator] Tick crashed, returning previous state: Error: Trait not found: trait.reputation.power.renown
    at assignTrait (C:/Users/chris/Dev/Projects/TheFantasyWorldSimulator/src/engine/traits.ts:44:25)
    at syncReputationTrait (C:/Users/chris/Dev/Projects/TheFantasyWorldSimulator/src/engine/phaseReputationTraits.ts:297:5)
    at phaseReputationTraits (C:/Users/chris/Dev/Projects/TheFantasyWorldSimulator/src/engine/phaseReputationTraits.ts:273:7)
    at runTick (C:/Users/chris/Dev/Projects/TheFantasyWorldSimulator/src/engine/orchestrator.ts:1896:18)
    at C:/Users/chris/Dev/Projects/TheFantasyWorldSimulator/src/engine/__tests__/content-layer1-integration.test.ts:255:20
    at file:///C:/Users/chris/Dev/Projects/TheFantasyWorldSimulator/node_modules/@vitest/runner/dist/index.js:145:11
    at file:///C:/Users/chris/Dev/Projects/TheFantasyWorldSimulator/node_modules/@vitest/runner/dist/index.js:915:26
    at file:///C:/Users/chris/Dev/Projects/TheFantasyWorldSimulator/node_modules/@vitest/runner/dist/index.js:1243:20
    at new Promise (<anonymous>)
    at runWithTimeout (file:///C:/Users/chris/Dev/Projects/TheFantasyWorldSimulator/node_modules/@vitest/runner/dist/index.js:1209:10)
[Orchestrator] Tick crashed, returning previous state: Error: Trait not found: trait.reputation.power.renown
    at assignTrait (C:/Users/chris/Dev/Projects/TheFantasyWorldSimulator/src/engine/traits.ts:44:25)
    at syncReputationTrait (C:/Users/chris/Dev/Projects/TheFantasyWorldSimulator/src/engine/phaseReputationTraits.ts:297:5)
    at phaseReputationTraits (C:/Users/chris/Dev/Projects/TheFantasyWorldSimulator/src/engine/phaseReputationTraits.ts:273:7)
    at runTick (C:/Users/chris/Dev/Projects/TheFantasyWorldSimulator/src/engine/orchestrator.ts:1896:18)
    at C:/Users/chris/Dev/Projects/TheFantasyWorldSimulator/src/engine/__tests__/content-layer1-integration.test.ts:255:20
    at file:///C:/Users/chris/Dev/Projects/TheFantasyWorldSimulator/node_modules/@vitest/runner/dist/index.js:145:11
    at file:///C:/Users/chris/Dev/Projects/TheFantasyWorldSimulator/node_modules/@vitest/runner/dist/index.js:915:26
    at file:///C:/Users/chris/Dev/Projects/TheFantasyWorldSimulator/node_modules/@vitest/runner/dist/index.js:1243:20
    at new Promise (<anonymous>)
    at runWithTimeout (file:///C:/Users/chris/Dev/Projects/TheFantasyWorldSimulator/node_modules/@vitest/runner/dist/index.js:1209:10)
[Orchestrator] Tick crashed, returning previous state: Error: Trait not found: trait.reputation.power.renown
    at assignTrait (C:/Users/chris/Dev/Projects/TheFantasyWorldSimulator/src/engine/traits.ts:44:25)
    at syncReputationTrait (C:/Users/chris/Dev/Projects/TheFantasyWorldSimulator/src/engine/phaseReputationTraits.ts:297:5)
    at phaseReputationTraits (C:/Users/chris/Dev/Projects/TheFantasyWorldSimulator/src/engine/phaseReputationTraits.ts:273:7)
    at runTick (C:/Users/chris/Dev/Projects/TheFantasyWorldSimulator/src/engine/orchestrator.ts:1896:18)
    at C:/Users/chris/Dev/Projects/TheFantasyWorldSimulator/src/engine/__tests__/content-layer1-integration.test.ts:255:20
    at file:///C:/Users/chris/Dev/Projects/TheFantasyWorldSimulator/node_modules/@vitest/runner/dist/index.js:145:11
    at file:///C:/Users/chris/Dev/Projects/TheFantasyWorldSimulator/node_modules/@vitest/runner/dist/index.js:915:26
    at file:///C:/Users/chris/Dev/Projects/TheFantasyWorldSimulator/node_modules/@vitest/runner/dist/index.js:1243:20
    at new Promise (<anonymous>)
    at runWithTimeout (file:///C:/Users/chris/Dev/Projects/TheFantasyWorldSimulator/node_modules/@vitest/runner/dist/index.js:1209:10)
[Orchestrator] Tick crashed, returning previous state: Error: Trait not found: trait.reputation.power.renown
    at assignTrait (C:/Users/chris/Dev/Projects/TheFantasyWorldSimulator/src/engine/traits.ts:44:25)
    at syncReputationTrait (C:/Users/chris/Dev/Projects/TheFantasyWorldSimulator/src/engine/phaseReputationTraits.ts:297:5)
    at phaseReputationTraits (C:/Users/chris/Dev/Projects/TheFantasyWorldSimulator/src/engine/phaseReputationTraits.ts:273:7)
    at runTick (C:/Users/chris/Dev/Projects/TheFantasyWorldSimulator/src/engine/orchestrator.ts:1896:18)
    at C:/Users/chris/Dev/Projects/TheFantasyWorldSimulator/src/engine/__tests__/content-layer1-integration.test.ts:255:20
    at file:///C:/Users/chris/Dev/Projects/TheFantasyWorldSimulator/node_modules/@vitest/runner/dist/index.js:145:11
    at file:///C:/Users/chris/Dev/Projects/TheFantasyWorldSimulator/node_modules/@vitest/runner/dist/index.js:915:26
    at file:///C:/Users/chris/Dev/Projects/TheFantasyWorldSimulator/node_modules/@vitest/runner/dist/index.js:1243:20
    at new Promise (<anonymous>)
    at runWithTimeout (file:///C:/Users/chris/Dev/Projects/TheFantasyWorldSimulator/node_modules/@vitest/runner/dist/index.js:1209:10)
[Orchestrator] Tick crashed, returning previous state: Error: Trait not found: trait.reputation.power.renown
    at assignTrait (C:/Users/chris/Dev/Projects/TheFantasyWorldSimulator/src/engine/traits.ts:44:25)
    at syncReputationTrait (C:/Users/chris/Dev/Projects/TheFantasyWorldSimulator/src/engine/phaseReputationTraits.ts:297:5)
    at phaseReputationTraits (C:/Users/chris/Dev/Projects/TheFantasyWorldSimulator/src/engine/phaseReputationTraits.ts:273:7)
    at runTick (C:/Users/chris/Dev/Projects/TheFantasyWorldSimulator/src/engine/orchestrator.ts:1896:18)
    at C:/Users/chris/Dev/Projects/TheFantasyWorldSimulator/src/engine/__tests__/content-layer1-integration.test.ts:255:20
    at file:///C:/Users/chris/Dev/Projects/TheFantasyWorldSimulator/node_modules/@vitest/runner/dist/index.js:145:11
    at file:///C:/Users/chris/Dev/Projects/TheFantasyWorldSimulator/node_modules/@vitest/runner/dist/index.js:915:26
    at file:///C:/Users/chris/Dev/Projects/TheFantasyWorldSimulator/node_modules/@vitest/runner/dist/index.js:1243:20
    at new Promise (<anonymous>)
    at runWithTimeout (file:///C:/Users/chris/Dev/Projects/TheFantasyWorldSimulator/node_modules/@vitest/runner/dist/index.js:1209:10)
[Orchestrator] Tick crashed, returning previous state: Error: Trait not found: trait.reputation.power.renown
    at assignTrait (C:/Users/chris/Dev/Projects/TheFantasyWorldSimulator/src/engine/traits.ts:44:25)
    at syncReputationTrait (C:/Users/chris/Dev/Projects/TheFantasyWorldSimulator/src/engine/phaseReputationTraits.ts:297:5)
    at phaseReputationTraits (C:/Users/chris/Dev/Projects/TheFantasyWorldSimulator/src/engine/phaseReputationTraits.ts:273:7)
    at runTick (C:/Users/chris/Dev/Projects/TheFantasyWorldSimulator/src/engine/orchestrator.ts:1896:18)
    at C:/Users/chris/Dev/Projects/TheFantasyWorldSimulator/src/engine/__tests__/content-layer1-integration.test.ts:255:20
    at file:///C:/Users/chris/Dev/Projects/TheFantasyWorldSimulator/node_modules/@vitest/runner/dist/index.js:145:11
    at file:///C:/Users/chris/Dev/Projects/TheFantasyWorldSimulator/node_modules/@vitest/runner/dist/index.js:915:26
    at file:///C:/Users/chris/Dev/Projects/TheFantasyWorldSimulator/node_modules/@vitest/runner/dist/index.js:1243:20
    at new Promise (<anonymous>)
    at runWithTimeout (file:///C:/Users/chris/Dev/Projects/TheFantasyWorldSimulator/node_modules/@vitest/runner/dist/index.js:1209:10)
[Orchestrator] Tick crashed, returning previous state: Error: Trait not found: trait.reputation.power.renown
    at assignTrait (C:/Users/chris/Dev/Projects/TheFantasyWorldSimulator/src/engine/traits.ts:44:25)
    at syncReputationTrait (C:/Users/chris/Dev/Projects/TheFantasyWorldSimulator/src/engine/phaseReputationTraits.ts:297:5)
    at phaseReputationTraits (C:/Users/chris/Dev/Projects/TheFantasyWorldSimulator/src/engine/phaseReputationTraits.ts:273:7)
    at runTick (C:/Users/chris/Dev/Projects/TheFantasyWorldSimulator/src/engine/orchestrator.ts:1896:18)
    at C:/Users/chris/Dev/Projects/TheFantasyWorldSimulator/src/engine/__tests__/content-layer1-integration.test.ts:255:20
    at file:///C:/Users/chris/Dev/Projects/TheFantasyWorldSimulator/node_modules/@vitest/runner/dist/index.js:145:11
    at file:///C:/Users/chris/Dev/Projects/TheFantasyWorldSimulator/node_modules/@vitest/runner/dist/index.js:915:26
    at file:///C:/Users/chris/Dev/Projects/TheFantasyWorldSimulator/node_modules/@vitest/runner/dist/index.js:1243:20
    at new Promise (<anonymous>)
    at runWithTimeout (file:///C:/Users/chris/Dev/Projects/TheFantasyWorldSimulator/node_modules/@vitest/runner/dist/index.js:1209:10)
[Orchestrator] Tick crashed, returning previous state: Error: Trait not found: trait.reputation.power.renown
    at assignTrait (C:/Users/chris/Dev/Projects/TheFantasyWorldSimulator/src/engine/traits.ts:44:25)
    at syncReputationTrait (C:/Users/chris/Dev/Projects/TheFantasyWorldSimulator/src/engine/phaseReputationTraits.ts:297:5)
    at phaseReputationTraits (C:/Users/chris/Dev/Projects/TheFantasyWorldSimulator/src/engine/phaseReputationTraits.ts:273:7)
    at runTick (C:/Users/chris/Dev/Projects/TheFantasyWorldSimulator/src/engine/orchestrator.ts:1896:18)
    at C:/Users/chris/Dev/Projects/TheFantasyWorldSimulator/src/engine/__tests__/content-layer1-integration.test.ts:255:20
    at file:///C:/Users/chris/Dev/Projects/TheFantasyWorldSimulator/node_modules/@vitest/runner/dist/index.js:145:11
    at file:///C:/Users/chris/Dev/Projects/TheFantasyWorldSimulator/node_modules/@vitest/runner/dist/index.js:915:26
    at file:///C:/Users/chris/Dev/Projects/TheFantasyWorldSimulator/node_modules/@vitest/runner/dist/index.js:1243:20
    at new Promise (<anonymous>)
    at runWithTimeout (file:///C:/Users/chris/Dev/Projects/TheFantasyWorldSimulator/node_modules/@vitest/runner/dist/index.js:1209:10)
[Orchestrator] Tick crashed, returning previous state: Error: Trait not found: trait.reputation.power.renown
    at assignTrait (C:/Users/chris/Dev/Projects/TheFantasyWorldSimulator/src/engine/traits.ts:44:25)
    at syncReputationTrait (C:/Users/chris/Dev/Projects/TheFantasyWorldSimulator/src/engine/phaseReputationTraits.ts:297:5)
    at phaseReputationTraits (C:/Users/chris/Dev/Projects/TheFantasyWorldSimulator/src/engine/phaseReputationTraits.ts:273:7)
    at runTick (C:/Users/chris/Dev/Projects/TheFantasyWorldSimulator/src/engine/orchestrator.ts:1896:18)
    at C:/Users/chris/Dev/Projects/TheFantasyWorldSimulator/src/engine/__tests__/content-layer1-integration.test.ts:255:20
    at file:///C:/Users/chris/Dev/Projects/TheFantasyWorldSimulator/node_modules/@vitest/runner/dist/index.js:145:11
    at file:///C:/Users/chris/Dev/Projects/TheFantasyWorldSimulator/node_modules/@vitest/runner/dist/index.js:915:26
    at file:///C:/Users/chris/Dev/Projects/TheFantasyWorldSimulator/node_modules/@vitest/runner/dist/index.js:1243:20
    at new Promise (<anonymous>)
    at runWithTimeout (file:///C:/Users/chris/Dev/Projects/TheFantasyWorldSimulator/node_modules/@vitest/runner/dist/index.js:1209:10)
[Orchestrator] Tick crashed, returning previous state: Error: Trait not found: trait.reputation.power.renown
    at assignTrait (C:/Users/chris/Dev/Projects/TheFantasyWorldSimulator/src/engine/traits.ts:44:25)
    at syncReputationTrait (C:/Users/chris/Dev/Projects/TheFantasyWorldSimulator/src/engine/phaseReputationTraits.ts:297:5)
    at phaseReputationTraits (C:/Users/chris/Dev/Projects/TheFantasyWorldSimulator/src/engine/phaseReputationTraits.ts:273:7)
    at runTick (C:/Users/chris/Dev/Projects/TheFantasyWorldSimulator/src/engine/orchestrator.ts:1896:18)
    at C:/Users/chris/Dev/Projects/TheFantasyWorldSimulator/src/engine/__tests__/content-layer1-integration.test.ts:255:20
    at file:///C:/Users/chris/Dev/Projects/TheFantasyWorldSimulator/node_modules/@vitest/runner/dist/index.js:145:11
    at file:///C:/Users/chris/Dev/Projects/TheFantasyWorldSimulator/node_modules/@vitest/runner/dist/index.js:915:26
    at file:///C:/Users/chris/Dev/Projects/TheFantasyWorldSimulator/node_modules/@vitest/runner/dist/index.js:1243:20
    at new Promise (<anonymous>)
    at runWithTimeout (file:///C:/Users/chris/Dev/Projects/TheFantasyWorldSimulator/node_modules/@vitest/runner/dist/index.js:1209:10)
[Orchestrator] Tick crashed, returning previous state: Error: Trait not found: trait.reputation.power.renown
    at assignTrait (C:/Users/chris/Dev/Projects/TheFantasyWorldSimulator/src/engine/traits.ts:44:25)
    at syncReputationTrait (C:/Users/chris/Dev/Projects/TheFantasyWorldSimulator/src/engine/phaseReputationTraits.ts:297:5)
    at phaseReputationTraits (C:/Users/chris/Dev/Projects/TheFantasyWorldSimulator/src/engine/phaseReputationTraits.ts:273:7)
    at runTick (C:/Users/chris/Dev/Projects/TheFantasyWorldSimulator/src/engine/orchestrator.ts:1896:18)
    at C:/Users/chris/Dev/Projects/TheFantasyWorldSimulator/src/engine/__tests__/content-layer1-integration.test.ts:255:20
    at file:///C:/Users/chris/Dev/Projects/TheFantasyWorldSimulator/node_modules/@vitest/runner/dist/index.js:145:11
    at file:///C:/Users/chris/Dev/Projects/TheFantasyWorldSimulator/node_modules/@vitest/runner/dist/index.js:915:26
    at file:///C:/Users/chris/Dev/Projects/TheFantasyWorldSimulator/node_modules/@vitest/runner/dist/index.js:1243:20
    at new Promise (<anonymous>)
    at runWithTimeout (file:///C:/Users/chris/Dev/Projects/TheFantasyWorldSimulator/node_modules/@vitest/runner/dist/index.js:1209:10)
[Orchestrator] Tick crashed, returning previous state: Error: Trait not found: trait.reputation.power.renown
    at assignTrait (C:/Users/chris/Dev/Projects/TheFantasyWorldSimulator/src/engine/traits.ts:44:25)
    at syncReputationTrait (C:/Users/chris/Dev/Projects/TheFantasyWorldSimulator/src/engine/phaseReputationTraits.ts:297:5)
    at phaseReputationTraits (C:/Users/chris/Dev/Projects/TheFantasyWorldSimulator/src/engine/phaseReputationTraits.ts:273:7)
    at runTick (C:/Users/chris/Dev/Projects/TheFantasyWorldSimulator/src/engine/orchestrator.ts:1896:18)
    at C:/Users/chris/Dev/Projects/TheFantasyWorldSimulator/src/engine/__tests__/content-layer1-integration.test.ts:255:20
    at file:///C:/Users/chris/Dev/Projects/TheFantasyWorldSimulator/node_modules/@vitest/runner/dist/index.js:145:11
    at file:///C:/Users/chris/Dev/Projects/TheFantasyWorldSimulator/node_modules/@vitest/runner/dist/index.js:915:26
    at file:///C:/Users/chris/Dev/Projects/TheFantasyWorldSimulator/node_modules/@vitest/runner/dist/index.js:1243:20
    at new Promise (<anonymous>)
    at runWithTimeout (file:///C:/Users/chris/Dev/Projects/TheFantasyWorldSimulator/node_modules/@vitest/runner/dist/index.js:1209:10)
[Orchestrator] Tick crashed, returning previous state: Error: Trait not found: trait.reputation.power.renown
    at assignTrait (C:/Users/chris/Dev/Projects/TheFantasyWorldSimulator/src/engine/traits.ts:44:25)
    at syncReputationTrait (C:/Users/chris/Dev/Projects/TheFantasyWorldSimulator/src/engine/phaseReputationTraits.ts:297:5)
    at phaseReputationTraits (C:/Users/chris/Dev/Projects/TheFantasyWorldSimulator/src/engine/phaseReputationTraits.ts:273:7)
    at runTick (C:/Users/chris/Dev/Projects/TheFantasyWorldSimulator/src/engine/orchestrator.ts:1896:18)
    at C:/Users/chris/Dev/Projects/TheFantasyWorldSimulator/src/engine/__tests__/content-layer1-integration.test.ts:255:20
    at file:///C:/Users/chris/Dev/Projects/TheFantasyWorldSimulator/node_modules/@vitest/runner/dist/index.js:145:11
    at file:///C:/Users/chris/Dev/Projects/TheFantasyWorldSimulator/node_modules/@vitest/runner/dist/index.js:915:26
    at file:///C:/Users/chris/Dev/Projects/TheFantasyWorldSimulator/node_modules/@vitest/runner/dist/index.js:1243:20
    at new Promise (<anonymous>)
    at runWithTimeout (file:///C:/Users/chris/Dev/Projects/TheFantasyWorldSimulator/node_modules/@vitest/runner/dist/index.js:1209:10)
[Orchestrator] Tick crashed, returning previous state: Error: Trait not found: trait.reputation.power.renown
    at assignTrait (C:/Users/chris/Dev/Projects/TheFantasyWorldSimulator/src/engine/traits.ts:44:25)
    at syncReputationTrait (C:/Users/chris/Dev/Projects/TheFantasyWorldSimulator/src/engine/phaseReputationTraits.ts:297:5)
    at phaseReputationTraits (C:/Users/chris/Dev/Projects/TheFantasyWorldSimulator/src/engine/phaseReputationTraits.ts:273:7)
    at runTick (C:/Users/chris/Dev/Projects/TheFantasyWorldSimulator/src/engine/orchestrator.ts:1896:18)
    at C:/Users/chris/Dev/Projects/TheFantasyWorldSimulator/src/engine/__tests__/content-layer1-integration.test.ts:255:20
    at file:///C:/Users/chris/Dev/Projects/TheFantasyWorldSimulator/node_modules/@vitest/runner/dist/index.js:145:11
    at file:///C:/Users/chris/Dev/Projects/TheFantasyWorldSimulator/node_modules/@vitest/runner/dist/index.js:915:26
    at file:///C:/Users/chris/Dev/Projects/TheFantasyWorldSimulator/node_modules/@vitest/runner/dist/index.js:1243:20
    at new Promise (<anonymous>)
    at runWithTimeout (file:///C:/Users/chris/Dev/Projects/TheFantasyWorldSimulator/node_modules/@vitest/runner/dist/index.js:1209:10)
[Orchestrator] Tick crashed, returning previous state: Error: Trait not found: trait.reputation.power.renown
    at assignTrait (C:/Users/chris/Dev/Projects/TheFantasyWorldSimulator/src/engine/traits.ts:44:25)
    at syncReputationTrait (C:/Users/chris/Dev/Projects/TheFantasyWorldSimulator/src/engine/phaseReputationTraits.ts:297:5)
    at phaseReputationTraits (C:/Users/chris/Dev/Projects/TheFantasyWorldSimulator/src/engine/phaseReputationTraits.ts:273:7)
    at runTick (C:/Users/chris/Dev/Projects/TheFantasyWorldSimulator/src/engine/orchestrator.ts:1896:18)
    at C:/Users/chris/Dev/Projects/TheFantasyWorldSimulator/src/engine/__tests__/content-layer1-integration.test.ts:255:20
    at file:///C:/Users/chris/Dev/Projects/TheFantasyWorldSimulator/node_modules/@vitest/runner/dist/index.js:145:11
    at file:///C:/Users/chris/Dev/Projects/TheFantasyWorldSimulator/node_modules/@vitest/runner/dist/index.js:915:26
    at file:///C:/Users/chris/Dev/Projects/TheFantasyWorldSimulator/node_modules/@vitest/runner/dist/index.js:1243:20
    at new Promise (<anonymous>)
    at runWithTimeout (file:///C:/Users/chris/Dev/Projects/TheFantasyWorldSimulator/node_modules/@vitest/runner/dist/index.js:1209:10)
[Orchestrator] Tick crashed, returning previous state: Error: Trait not found: trait.reputation.power.renown
    at assignTrait (C:/Users/chris/Dev/Projects/TheFantasyWorldSimulator/src/engine/traits.ts:44:25)
    at syncReputationTrait (C:/Users/chris/Dev/Projects/TheFantasyWorldSimulator/src/engine/phaseReputationTraits.ts:297:5)
    at phaseReputationTraits (C:/Users/chris/Dev/Projects/TheFantasyWorldSimulator/src/engine/phaseReputationTraits.ts:273:7)
    at runTick (C:/Users/chris/Dev/Projects/TheFantasyWorldSimulator/src/engine/orchestrator.ts:1896:18)
    at C:/Users/chris/Dev/Projects/TheFantasyWorldSimulator/src/engine/__tests__/content-layer1-integration.test.ts:255:20
    at file:///C:/Users/chris/Dev/Projects/TheFantasyWorldSimulator/node_modules/@vitest/runner/dist/index.js:145:11
    at file:///C:/Users/chris/Dev/Projects/TheFantasyWorldSimulator/node_modules/@vitest/runner/dist/index.js:915:26
    at file:///C:/Users/chris/Dev/Projects/TheFantasyWorldSimulator/node_modules/@vitest/runner/dist/index.js:1243:20
    at new Promise (<anonymous>)
    at runWithTimeout (file:///C:/Users/chris/Dev/Projects/TheFantasyWorldSimulator/node_modules/@vitest/runner/dist/index.js:1209:10)
[Orchestrator] Tick crashed, returning previous state: Error: Trait not found: trait.reputation.power.renown
    at assignTrait (C:/Users/chris/Dev/Projects/TheFantasyWorldSimulator/src/engine/traits.ts:44:25)
    at syncReputationTrait (C:/Users/chris/Dev/Projects/TheFantasyWorldSimulator/src/engine/phaseReputationTraits.ts:297:5)
    at phaseReputationTraits (C:/Users/chris/Dev/Projects/TheFantasyWorldSimulator/src/engine/phaseReputationTraits.ts:273:7)
    at runTick (C:/Users/chris/Dev/Projects/TheFantasyWorldSimulator/src/engine/orchestrator.ts:1896:18)
    at C:/Users/chris/Dev/Projects/TheFantasyWorldSimulator/src/engine/__tests__/content-layer1-integration.test.ts:255:20
    at file:///C:/Users/chris/Dev/Projects/TheFantasyWorldSimulator/node_modules/@vitest/runner/dist/index.js:145:11
    at file:///C:/Users/chris/Dev/Projects/TheFantasyWorldSimulator/node_modules/@vitest/runner/dist/index.js:915:26
    at file:///C:/Users/chris/Dev/Projects/TheFantasyWorldSimulator/node_modules/@vitest/runner/dist/index.js:1243:20
    at new Promise (<anonymous>)
    at runWithTimeout (file:///C:/Users/chris/Dev/Projects/TheFantasyWorldSimulator/node_modules/@vitest/runner/dist/index.js:1209:10)
[Orchestrator] Tick crashed, returning previous state: Error: Trait not found: trait.reputation.power.renown
    at assignTrait (C:/Users/chris/Dev/Projects/TheFantasyWorldSimulator/src/engine/traits.ts:44:25)
    at syncReputationTrait (C:/Users/chris/Dev/Projects/TheFantasyWorldSimulator/src/engine/phaseReputationTraits.ts:297:5)
    at phaseReputationTraits (C:/Users/chris/Dev/Projects/TheFantasyWorldSimulator/src/engine/phaseReputationTraits.ts:273:7)
    at runTick (C:/Users/chris/Dev/Projects/TheFantasyWorldSimulator/src/engine/orchestrator.ts:1896:18)
    at C:/Users/chris/Dev/Projects/TheFantasyWorldSimulator/src/engine/__tests__/content-layer1-integration.test.ts:255:20
    at file:///C:/Users/chris/Dev/Projects/TheFantasyWorldSimulator/node_modules/@vitest/runner/dist/index.js:145:11
    at file:///C:/Users/chris/Dev/Projects/TheFantasyWorldSimulator/node_modules/@vitest/runner/dist/index.js:915:26
    at file:///C:/Users/chris/Dev/Projects/TheFantasyWorldSimulator/node_modules/@vitest/runner/dist/index.js:1243:20
    at new Promise (<anonymous>)
    at runWithTimeout (file:///C:/Users/chris/Dev/Projects/TheFantasyWorldSimulator/node_modules/@vitest/runner/dist/index.js:1209:10)
[Orchestrator] Tick crashed, returning previous state: Error: Trait not found: trait.reputation.power.renown
    at assignTrait (C:/Users/chris/Dev/Projects/TheFantasyWorldSimulator/src/engine/traits.ts:44:25)
    at syncReputationTrait (C:/Users/chris/Dev/Projects/TheFantasyWorldSimulator/src/engine/phaseReputationTraits.ts:297:5)
    at phaseReputationTraits (C:/Users/chris/Dev/Projects/TheFantasyWorldSimulator/src/engine/phaseReputationTraits.ts:273:7)
    at runTick (C:/Users/chris/Dev/Projects/TheFantasyWorldSimulator/src/engine/orchestrator.ts:1896:18)
    at C:/Users/chris/Dev/Projects/TheFantasyWorldSimulator/src/engine/__tests__/content-layer1-integration.test.ts:255:20
    at file:///C:/Users/chris/Dev/Projects/TheFantasyWorldSimulator/node_modules/@vitest/runner/dist/index.js:145:11
    at file:///C:/Users/chris/Dev/Projects/TheFantasyWorldSimulator/node_modules/@vitest/runner/dist/index.js:915:26
    at file:///C:/Users/chris/Dev/Projects/TheFantasyWorldSimulator/node_modules/@vitest/runner/dist/index.js:1243:20
    at new Promise (<anonymous>)
    at runWithTimeout (file:///C:/Users/chris/Dev/Projects/TheFantasyWorldSimulator/node_modules/@vitest/runner/dist/index.js:1209:10)
[Orchestrator] Tick crashed, returning previous state: Error: Trait not found: trait.reputation.power.renown
    at assignTrait (C:/Users/chris/Dev/Projects/TheFantasyWorldSimulator/src/engine/traits.ts:44:25)
    at syncReputationTrait (C:/Users/chris/Dev/Projects/TheFantasyWorldSimulator/src/engine/phaseReputationTraits.ts:297:5)
    at phaseReputationTraits (C:/Users/chris/Dev/Projects/TheFantasyWorldSimulator/src/engine/phaseReputationTraits.ts:273:7)
    at runTick (C:/Users/chris/Dev/Projects/TheFantasyWorldSimulator/src/engine/orchestrator.ts:1896:18)
    at C:/Users/chris/Dev/Projects/TheFantasyWorldSimulator/src/engine/__tests__/content-layer1-integration.test.ts:255:20
    at file:///C:/Users/chris/Dev/Projects/TheFantasyWorldSimulator/node_modules/@vitest/runner/dist/index.js:145:11
    at file:///C:/Users/chris/Dev/Projects/TheFantasyWorldSimulator/node_modules/@vitest/runner/dist/index.js:915:26
    at file:///C:/Users/chris/Dev/Projects/TheFantasyWorldSimulator/node_modules/@vitest/runner/dist/index.js:1243:20
    at new Promise (<anonymous>)
    at runWithTimeout (file:///C:/Users/chris/Dev/Projects/TheFantasyWorldSimulator/node_modules/@vitest/runner/dist/index.js:1209:10)
[Orchestrator] Tick crashed, returning previous state: Error: Trait not found: trait.reputation.power.renown
    at assignTrait (C:/Users/chris/Dev/Projects/TheFantasyWorldSimulator/src/engine/traits.ts:44:25)
    at syncReputationTrait (C:/Users/chris/Dev/Projects/TheFantasyWorldSimulator/src/engine/phaseReputationTraits.ts:297:5)
    at phaseReputationTraits (C:/Users/chris/Dev/Projects/TheFantasyWorldSimulator/src/engine/phaseReputationTraits.ts:273:7)
    at runTick (C:/Users/chris/Dev/Projects/TheFantasyWorldSimulator/src/engine/orchestrator.ts:1896:18)
    at C:/Users/chris/Dev/Projects/TheFantasyWorldSimulator/src/engine/__tests__/content-layer1-integration.test.ts:255:20
    at file:///C:/Users/chris/Dev/Projects/TheFantasyWorldSimulator/node_modules/@vitest/runner/dist/index.js:145:11
    at file:///C:/Users/chris/Dev/Projects/TheFantasyWorldSimulator/node_modules/@vitest/runner/dist/index.js:915:26
    at file:///C:/Users/chris/Dev/Projects/TheFantasyWorldSimulator/node_modules/@vitest/runner/dist/index.js:1243:20
    at new Promise (<anonymous>)
    at runWithTimeout (file:///C:/Users/chris/Dev/Projects/TheFantasyWorldSimulator/node_modules/@vitest/runner/dist/index.js:1209:10)
[Orchestrator] Tick crashed, returning previous state: Error: Trait not found: trait.reputation.power.renown
    at assignTrait (C:/Users/chris/Dev/Projects/TheFantasyWorldSimulator/src/engine/traits.ts:44:25)
    at syncReputationTrait (C:/Users/chris/Dev/Projects/TheFantasyWorldSimulator/src/engine/phaseReputationTraits.ts:297:5)
    at phaseReputationTraits (C:/Users/chris/Dev/Projects/TheFantasyWorldSimulator/src/engine/phaseReputationTraits.ts:273:7)
    at runTick (C:/Users/chris/Dev/Projects/TheFantasyWorldSimulator/src/engine/orchestrator.ts:1896:18)
    at C:/Users/chris/Dev/Projects/TheFantasyWorldSimulator/src/engine/__tests__/content-layer1-integration.test.ts:255:20
    at file:///C:/Users/chris/Dev/Projects/TheFantasyWorldSimulator/node_modules/@vitest/runner/dist/index.js:145:11
    at file:///C:/Users/chris/Dev/Projects/TheFantasyWorldSimulator/node_modules/@vitest/runner/dist/index.js:915:26
    at file:///C:/Users/chris/Dev/Projects/TheFantasyWorldSimulator/node_modules/@vitest/runner/dist/index.js:1243:20
    at new Promise (<anonymous>)
    at runWithTimeout (file:///C:/Users/chris/Dev/Projects/TheFantasyWorldSimulator/node_modules/@vitest/runner/dist/index.js:1209:10)
[Orchestrator] Tick crashed, returning previous state: Error: Trait not found: trait.reputation.power.renown
    at assignTrait (C:/Users/chris/Dev/Projects/TheFantasyWorldSimulator/src/engine/traits.ts:44:25)
    at syncReputationTrait (C:/Users/chris/Dev/Projects/TheFantasyWorldSimulator/src/engine/phaseReputationTraits.ts:297:5)
    at phaseReputationTraits (C:/Users/chris/Dev/Projects/TheFantasyWorldSimulator/src/engine/phaseReputationTraits.ts:273:7)
    at runTick (C:/Users/chris/Dev/Projects/TheFantasyWorldSimulator/src/engine/orchestrator.ts:1896:18)
    at C:/Users/chris/Dev/Projects/TheFantasyWorldSimulator/src/engine/__tests__/content-layer1-integration.test.ts:255:20
    at file:///C:/Users/chris/Dev/Projects/TheFantasyWorldSimulator/node_modules/@vitest/runner/dist/index.js:145:11
    at file:///C:/Users/chris/Dev/Projects/TheFantasyWorldSimulator/node_modules/@vitest/runner/dist/index.js:915:26
    at file:///C:/Users/chris/Dev/Projects/TheFantasyWorldSimulator/node_modules/@vitest/runner/dist/index.js:1243:20
    at new Promise (<anonymous>)
    at runWithTimeout (file:///C:/Users/chris/Dev/Projects/TheFantasyWorldSimulator/node_modules/@vitest/runner/dist/index.js:1209:10)
[Orchestrator] Tick crashed, returning previous state: Error: Trait not found: trait.reputation.power.renown
    at assignTrait (C:/Users/chris/Dev/Projects/TheFantasyWorldSimulator/src/engine/traits.ts:44:25)
    at syncReputationTrait (C:/Users/chris/Dev/Projects/TheFantasyWorldSimulator/src/engine/phaseReputationTraits.ts:297:5)
    at phaseReputationTraits (C:/Users/chris/Dev/Projects/TheFantasyWorldSimulator/src/engine/phaseReputationTraits.ts:273:7)
    at runTick (C:/Users/chris/Dev/Projects/TheFantasyWorldSimulator/src/engine/orchestrator.ts:1896:18)
    at C:/Users/chris/Dev/Projects/TheFantasyWorldSimulator/src/engine/__tests__/content-layer1-integration.test.ts:255:20
    at file:///C:/Users/chris/Dev/Projects/TheFantasyWorldSimulator/node_modules/@vitest/runner/dist/index.js:145:11
    at file:///C:/Users/chris/Dev/Projects/TheFantasyWorldSimulator/node_modules/@vitest/runner/dist/index.js:915:26
    at file:///C:/Users/chris/Dev/Projects/TheFantasyWorldSimulator/node_modules/@vitest/runner/dist/index.js:1243:20
    at new Promise (<anonymous>)
    at runWithTimeout (file:///C:/Users/chris/Dev/Projects/TheFantasyWorldSimulator/node_modules/@vitest/runner/dist/index.js:1209:10)
[Orchestrator] Tick crashed, returning previous state: Error: Trait not found: trait.reputation.power.renown
    at assignTrait (C:/Users/chris/Dev/Projects/TheFantasyWorldSimulator/src/engine/traits.ts:44:25)
    at syncReputationTrait (C:/Users/chris/Dev/Projects/TheFantasyWorldSimulator/src/engine/phaseReputationTraits.ts:297:5)
    at phaseReputationTraits (C:/Users/chris/Dev/Projects/TheFantasyWorldSimulator/src/engine/phaseReputationTraits.ts:273:7)
    at runTick (C:/Users/chris/Dev/Projects/TheFantasyWorldSimulator/src/engine/orchestrator.ts:1896:18)
    at C:/Users/chris/Dev/Projects/TheFantasyWorldSimulator/src/engine/__tests__/content-layer1-integration.test.ts:255:20
    at file:///C:/Users/chris/Dev/Projects/TheFantasyWorldSimulator/node_modules/@vitest/runner/dist/index.js:145:11
    at file:///C:/Users/chris/Dev/Projects/TheFantasyWorldSimulator/node_modules/@vitest/runner/dist/index.js:915:26
    at file:///C:/Users/chris/Dev/Projects/TheFantasyWorldSimulator/node_modules/@vitest/runner/dist/index.js:1243:20
    at new Promise (<anonymous>)
    at runWithTimeout (file:///C:/Users/chris/Dev/Projects/TheFantasyWorldSimulator/node_modules/@vitest/runner/dist/index.js:1209:10)
[Orchestrator] Tick crashed, returning previous state: Error: Trait not found: trait.reputation.power.renown
    at assignTrait (C:/Users/chris/Dev/Projects/TheFantasyWorldSimulator/src/engine/traits.ts:44:25)
    at syncReputationTrait (C:/Users/chris/Dev/Projects/TheFantasyWorldSimulator/src/engine/phaseReputationTraits.ts:297:5)
    at phaseReputationTraits (C:/Users/chris/Dev/Projects/TheFantasyWorldSimulator/src/engine/phaseReputationTraits.ts:273:7)
    at runTick (C:/Users/chris/Dev/Projects/TheFantasyWorldSimulator/src/engine/orchestrator.ts:1896:18)
    at C:/Users/chris/Dev/Projects/TheFantasyWorldSimulator/src/engine/__tests__/content-layer1-integration.test.ts:255:20
    at file:///C:/Users/chris/Dev/Projects/TheFantasyWorldSimulator/node_modules/@vitest/runner/dist/index.js:145:11
    at file:///C:/Users/chris/Dev/Projects/TheFantasyWorldSimulator/node_modules/@vitest/runner/dist/index.js:915:26
    at file:///C:/Users/chris/Dev/Projects/TheFantasyWorldSimulator/node_modules/@vitest/runner/dist/index.js:1243:20
    at new Promise (<anonymous>)
    at runWithTimeout (file:///C:/Users/chris/Dev/Projects/TheFantasyWorldSimulator/node_modules/@vitest/runner/dist/index.js:1209:10)
[Orchestrator] Tick crashed, returning previous state: Error: Trait not found: trait.reputation.power.renown
    at assignTrait (C:/Users/chris/Dev/Projects/TheFantasyWorldSimulator/src/engine/traits.ts:44:25)
    at syncReputationTrait (C:/Users/chris/Dev/Projects/TheFantasyWorldSimulator/src/engine/phaseReputationTraits.ts:297:5)
    at phaseReputationTraits (C:/Users/chris/Dev/Projects/TheFantasyWorldSimulator/src/engine/phaseReputationTraits.ts:273:7)
    at runTick (C:/Users/chris/Dev/Projects/TheFantasyWorldSimulator/src/engine/orchestrator.ts:1896:18)
    at C:/Users/chris/Dev/Projects/TheFantasyWorldSimulator/src/engine/__tests__/content-layer1-integration.test.ts:255:20
    at file:///C:/Users/chris/Dev/Projects/TheFantasyWorldSimulator/node_modules/@vitest/runner/dist/index.js:145:11
    at file:///C:/Users/chris/Dev/Projects/TheFantasyWorldSimulator/node_modules/@vitest/runner/dist/index.js:915:26
    at file:///C:/Users/chris/Dev/Projects/TheFantasyWorldSimulator/node_modules/@vitest/runner/dist/index.js:1243:20
    at new Promise (<anonymous>)
    at runWithTimeout (file:///C:/Users/chris/Dev/Projects/TheFantasyWorldSimulator/node_modules/@vitest/runner/dist/index.js:1209:10)
[Orchestrator] Tick crashed, returning previous state: Error: Trait not found: trait.reputation.power.renown
    at assignTrait (C:/Users/chris/Dev/Projects/TheFantasyWorldSimulator/src/engine/traits.ts:44:25)
    at syncReputationTrait (C:/Users/chris/Dev/Projects/TheFantasyWorldSimulator/src/engine/phaseReputationTraits.ts:297:5)
    at phaseReputationTraits (C:/Users/chris/Dev/Projects/TheFantasyWorldSimulator/src/engine/phaseReputationTraits.ts:273:7)
    at runTick (C:/Users/chris/Dev/Projects/TheFantasyWorldSimulator/src/engine/orchestrator.ts:1896:18)
    at C:/Users/chris/Dev/Projects/TheFantasyWorldSimulator/src/engine/__tests__/content-layer1-integration.test.ts:255:20
    at file:///C:/Users/chris/Dev/Projects/TheFantasyWorldSimulator/node_modules/@vitest/runner/dist/index.js:145:11
    at file:///C:/Users/chris/Dev/Projects/TheFantasyWorldSimulator/node_modules/@vitest/runner/dist/index.js:915:26
    at file:///C:/Users/chris/Dev/Projects/TheFantasyWorldSimulator/node_modules/@vitest/runner/dist/index.js:1243:20
    at new Promise (<anonymous>)
    at runWithTimeout (file:///C:/Users/chris/Dev/Projects/TheFantasyWorldSimulator/node_modules/@vitest/runner/dist/index.js:1209:10)
[Orchestrator] Tick crashed, returning previous state: Error: Trait not found: trait.reputation.power.renown
    at assignTrait (C:/Users/chris/Dev/Projects/TheFantasyWorldSimulator/src/engine/traits.ts:44:25)
    at syncReputationTrait (C:/Users/chris/Dev/Projects/TheFantasyWorldSimulator/src/engine/phaseReputationTraits.ts:297:5)
    at phaseReputationTraits (C:/Users/chris/Dev/Projects/TheFantasyWorldSimulator/src/engine/phaseReputationTraits.ts:273:7)
    at runTick (C:/Users/chris/Dev/Projects/TheFantasyWorldSimulator/src/engine/orchestrator.ts:1896:18)
    at C:/Users/chris/Dev/Projects/TheFantasyWorldSimulator/src/engine/__tests__/content-layer1-integration.test.ts:255:20
    at file:///C:/Users/chris/Dev/Projects/TheFantasyWorldSimulator/node_modules/@vitest/runner/dist/index.js:145:11
    at file:///C:/Users/chris/Dev/Projects/TheFantasyWorldSimulator/node_modules/@vitest/runner/dist/index.js:915:26
    at file:///C:/Users/chris/Dev/Projects/TheFantasyWorldSimulator/node_modules/@vitest/runner/dist/index.js:1243:20
    at new Promise (<anonymous>)
    at runWithTimeout (file:///C:/Users/chris/Dev/Projects/TheFantasyWorldSimulator/node_modules/@vitest/runner/dist/index.js:1209:10)
[Orchestrator] Tick crashed, returning previous state: Error: Trait not found: trait.reputation.power.renown
    at assignTrait (C:/Users/chris/Dev/Projects/TheFantasyWorldSimulator/src/engine/traits.ts:44:25)
    at syncReputationTrait (C:/Users/chris/Dev/Projects/TheFantasyWorldSimulator/src/engine/phaseReputationTraits.ts:297:5)
    at phaseReputationTraits (C:/Users/chris/Dev/Projects/TheFantasyWorldSimulator/src/engine/phaseReputationTraits.ts:273:7)
    at runTick (C:/Users/chris/Dev/Projects/TheFantasyWorldSimulator/src/engine/orchestrator.ts:1896:18)
    at C:/Users/chris/Dev/Projects/TheFantasyWorldSimulator/src/engine/__tests__/content-layer1-integration.test.ts:255:20
    at file:///C:/Users/chris/Dev/Projects/TheFantasyWorldSimulator/node_modules/@vitest/runner/dist/index.js:145:11
    at file:///C:/Users/chris/Dev/Projects/TheFantasyWorldSimulator/node_modules/@vitest/runner/dist/index.js:915:26
    at file:///C:/Users/chris/Dev/Projects/TheFantasyWorldSimulator/node_modules/@vitest/runner/dist/index.js:1243:20
    at new Promise (<anonymous>)
    at runWithTimeout (file:///C:/Users/chris/Dev/Projects/TheFantasyWorldSimulator/node_modules/@vitest/runner/dist/index.js:1209:10)
[Orchestrator] Tick crashed, returning previous state: Error: Trait not found: trait.reputation.power.renown
    at assignTrait (C:/Users/chris/Dev/Projects/TheFantasyWorldSimulator/src/engine/traits.ts:44:25)
    at syncReputationTrait (C:/Users/chris/Dev/Projects/TheFantasyWorldSimulator/src/engine/phaseReputationTraits.ts:297:5)
    at phaseReputationTraits (C:/Users/chris/Dev/Projects/TheFantasyWorldSimulator/src/engine/phaseReputationTraits.ts:273:7)
    at runTick (C:/Users/chris/Dev/Projects/TheFantasyWorldSimulator/src/engine/orchestrator.ts:1896:18)
    at C:/Users/chris/Dev/Projects/TheFantasyWorldSimulator/src/engine/__tests__/content-layer1-integration.test.ts:255:20
    at file:///C:/Users/chris/Dev/Projects/TheFantasyWorldSimulator/node_modules/@vitest/runner/dist/index.js:145:11
    at file:///C:/Users/chris/Dev/Projects/TheFantasyWorldSimulator/node_modules/@vitest/runner/dist/index.js:915:26
    at file:///C:/Users/chris/Dev/Projects/TheFantasyWorldSimulator/node_modules/@vitest/runner/dist/index.js:1243:20
    at new Promise (<anonymous>)
    at runWithTimeout (file:///C:/Users/chris/Dev/Projects/TheFantasyWorldSimulator/node_modules/@vitest/runner/dist/index.js:1209:10)
[Orchestrator] Tick crashed, returning previous state: Error: Trait not found: trait.reputation.power.renown
    at assignTrait (C:/Users/chris/Dev/Projects/TheFantasyWorldSimulator/src/engine/traits.ts:44:25)
    at syncReputationTrait (C:/Users/chris/Dev/Projects/TheFantasyWorldSimulator/src/engine/phaseReputationTraits.ts:297:5)
    at phaseReputationTraits (C:/Users/chris/Dev/Projects/TheFantasyWorldSimulator/src/engine/phaseReputationTraits.ts:273:7)
    at runTick (C:/Users/chris/Dev/Projects/TheFantasyWorldSimulator/src/engine/orchestrator.ts:1896:18)
    at C:/Users/chris/Dev/Projects/TheFantasyWorldSimulator/src/engine/__tests__/content-layer1-integration.test.ts:255:20
    at file:///C:/Users/chris/Dev/Projects/TheFantasyWorldSimulator/node_modules/@vitest/runner/dist/index.js:145:11
    at file:///C:/Users/chris/Dev/Projects/TheFantasyWorldSimulator/node_modules/@vitest/runner/dist/index.js:915:26
    at file:///C:/Users/chris/Dev/Projects/TheFantasyWorldSimulator/node_modules/@vitest/runner/dist/index.js:1243:20
    at new Promise (<anonymous>)
    at runWithTimeout (file:///C:/Users/chris/Dev/Projects/TheFantasyWorldSimulator/node_modules/@vitest/runner/dist/index.js:1209:10)
[Orchestrator] Tick crashed, returning previous state: Error: Trait not found: trait.reputation.power.renown
    at assignTrait (C:/Users/chris/Dev/Projects/TheFantasyWorldSimulator/src/engine/traits.ts:44:25)
    at syncReputationTrait (C:/Users/chris/Dev/Projects/TheFantasyWorldSimulator/src/engine/phaseReputationTraits.ts:297:5)
    at phaseReputationTraits (C:/Users/chris/Dev/Projects/TheFantasyWorldSimulator/src/engine/phaseReputationTraits.ts:273:7)
    at runTick (C:/Users/chris/Dev/Projects/TheFantasyWorldSimulator/src/engine/orchestrator.ts:1896:18)
    at C:/Users/chris/Dev/Projects/TheFantasyWorldSimulator/src/engine/__tests__/content-layer1-integration.test.ts:255:20
    at file:///C:/Users/chris/Dev/Projects/TheFantasyWorldSimulator/node_modules/@vitest/runner/dist/index.js:145:11
    at file:///C:/Users/chris/Dev/Projects/TheFantasyWorldSimulator/node_modules/@vitest/runner/dist/index.js:915:26
    at file:///C:/Users/chris/Dev/Projects/TheFantasyWorldSimulator/node_modules/@vitest/runner/dist/index.js:1243:20
    at new Promise (<anonymous>)
    at runWithTimeout (file:///C:/Users/chris/Dev/Projects/TheFantasyWorldSimulator/node_modules/@vitest/runner/dist/index.js:1209:10)
[Orchestrator] Tick crashed, returning previous state: Error: Trait not found: trait.reputation.power.renown
    at assignTrait (C:/Users/chris/Dev/Projects/TheFantasyWorldSimulator/src/engine/traits.ts:44:25)
    at syncReputationTrait (C:/Users/chris/Dev/Projects/TheFantasyWorldSimulator/src/engine/phaseReputationTraits.ts:297:5)
    at phaseReputationTraits (C:/Users/chris/Dev/Projects/TheFantasyWorldSimulator/src/engine/phaseReputationTraits.ts:273:7)
    at runTick (C:/Users/chris/Dev/Projects/TheFantasyWorldSimulator/src/engine/orchestrator.ts:1896:18)
    at C:/Users/chris/Dev/Projects/TheFantasyWorldSimulator/src/engine/__tests__/content-layer1-integration.test.ts:255:20
    at file:///C:/Users/chris/Dev/Projects/TheFantasyWorldSimulator/node_modules/@vitest/runner/dist/index.js:145:11
    at file:///C:/Users/chris/Dev/Projects/TheFantasyWorldSimulator/node_modules/@vitest/runner/dist/index.js:915:26
    at file:///C:/Users/chris/Dev/Projects/TheFantasyWorldSimulator/node_modules/@vitest/runner/dist/index.js:1243:20
    at new Promise (<anonymous>)
    at runWithTimeout (file:///C:/Users/chris/Dev/Projects/TheFantasyWorldSimulator/node_modules/@vitest/runner/dist/index.js:1209:10)
[Orchestrator] Tick crashed, returning previous state: Error: Trait not found: trait.reputation.power.renown
    at assignTrait (C:/Users/chris/Dev/Projects/TheFantasyWorldSimulator/src/engine/traits.ts:44:25)
    at syncReputationTrait (C:/Users/chris/Dev/Projects/TheFantasyWorldSimulator/src/engine/phaseReputationTraits.ts:297:5)
    at phaseReputationTraits (C:/Users/chris/Dev/Projects/TheFantasyWorldSimulator/src/engine/phaseReputationTraits.ts:273:7)
    at runTick (C:/Users/chris/Dev/Projects/TheFantasyWorldSimulator/src/engine/orchestrator.ts:1896:18)
    at C:/Users/chris/Dev/Projects/TheFantasyWorldSimulator/src/engine/__tests__/content-layer1-integration.test.ts:255:20
    at file:///C:/Users/chris/Dev/Projects/TheFantasyWorldSimulator/node_modules/@vitest/runner/dist/index.js:145:11
    at file:///C:/Users/chris/Dev/Projects/TheFantasyWorldSimulator/node_modules/@vitest/runner/dist/index.js:915:26
    at file:///C:/Users/chris/Dev/Projects/TheFantasyWorldSimulator/node_modules/@vitest/runner/dist/index.js:1243:20
    at new Promise (<anonymous>)
    at runWithTimeout (file:///C:/Users/chris/Dev/Projects/TheFantasyWorldSimulator/node_modules/@vitest/runner/dist/index.js:1209:10)
[Orchestrator] Tick crashed, returning previous state: Error: Trait not found: trait.reputation.power.renown
    at assignTrait (C:/Users/chris/Dev/Projects/TheFantasyWorldSimulator/src/engine/traits.ts:44:25)
    at syncReputationTrait (C:/Users/chris/Dev/Projects/TheFantasyWorldSimulator/src/engine/phaseReputationTraits.ts:297:5)
    at phaseReputationTraits (C:/Users/chris/Dev/Projects/TheFantasyWorldSimulator/src/engine/phaseReputationTraits.ts:273:7)
    at runTick (C:/Users/chris/Dev/Projects/TheFantasyWorldSimulator/src/engine/orchestrator.ts:1896:18)
    at C:/Users/chris/Dev/Projects/TheFantasyWorldSimulator/src/engine/__tests__/content-layer1-integration.test.ts:255:20
    at file:///C:/Users/chris/Dev/Projects/TheFantasyWorldSimulator/node_modules/@vitest/runner/dist/index.js:145:11
    at file:///C:/Users/chris/Dev/Projects/TheFantasyWorldSimulator/node_modules/@vitest/runner/dist/index.js:915:26
    at file:///C:/Users/chris/Dev/Projects/TheFantasyWorldSimulator/node_modules/@vitest/runner/dist/index.js:1243:20
    at new Promise (<anonymous>)
    at runWithTimeout (file:///C:/Users/chris/Dev/Projects/TheFantasyWorldSimulator/node_modules/@vitest/runner/dist/index.js:1209:10)
[Orchestrator] Tick crashed, returning previous state: Error: Trait not found: trait.reputation.power.renown
    at assignTrait (C:/Users/chris/Dev/Projects/TheFantasyWorldSimulator/src/engine/traits.ts:44:25)
    at syncReputationTrait (C:/Users/chris/Dev/Projects/TheFantasyWorldSimulator/src/engine/phaseReputationTraits.ts:297:5)
    at phaseReputationTraits (C:/Users/chris/Dev/Projects/TheFantasyWorldSimulator/src/engine/phaseReputationTraits.ts:273:7)
    at runTick (C:/Users/chris/Dev/Projects/TheFantasyWorldSimulator/src/engine/orchestrator.ts:1896:18)
    at C:/Users/chris/Dev/Projects/TheFantasyWorldSimulator/src/engine/__tests__/content-layer1-integration.test.ts:255:20
    at file:///C:/Users/chris/Dev/Projects/TheFantasyWorldSimulator/node_modules/@vitest/runner/dist/index.js:145:11
    at file:///C:/Users/chris/Dev/Projects/TheFantasyWorldSimulator/node_modules/@vitest/runner/dist/index.js:915:26
    at file:///C:/Users/chris/Dev/Projects/TheFantasyWorldSimulator/node_modules/@vitest/runner/dist/index.js:1243:20
    at new Promise (<anonymous>)
    at runWithTimeout (file:///C:/Users/chris/Dev/Projects/TheFantasyWorldSimulator/node_modules/@vitest/runner/dist/index.js:1209:10)
[Orchestrator] Tick crashed, returning previous state: Error: Trait not found: trait.reputation.power.renown
    at assignTrait (C:/Users/chris/Dev/Projects/TheFantasyWorldSimulator/src/engine/traits.ts:44:25)
    at syncReputationTrait (C:/Users/chris/Dev/Projects/TheFantasyWorldSimulator/src/engine/phaseReputationTraits.ts:297:5)
    at phaseReputationTraits (C:/Users/chris/Dev/Projects/TheFantasyWorldSimulator/src/engine/phaseReputationTraits.ts:273:7)
    at runTick (C:/Users/chris/Dev/Projects/TheFantasyWorldSimulator/src/engine/orchestrator.ts:1896:18)
    at C:/Users/chris/Dev/Projects/TheFantasyWorldSimulator/src/engine/__tests__/content-layer1-integration.test.ts:255:20
    at file:///C:/Users/chris/Dev/Projects/TheFantasyWorldSimulator/node_modules/@vitest/runner/dist/index.js:145:11
    at file:///C:/Users/chris/Dev/Projects/TheFantasyWorldSimulator/node_modules/@vitest/runner/dist/index.js:915:26
    at file:///C:/Users/chris/Dev/Projects/TheFantasyWorldSimulator/node_modules/@vitest/runner/dist/index.js:1243:20
    at new Promise (<anonymous>)
    at runWithTimeout (file:///C:/Users/chris/Dev/Projects/TheFantasyWorldSimulator/node_modules/@vitest/runner/dist/index.js:1209:10)
[Orchestrator] Tick crashed, returning previous state: Error: Trait not found: trait.reputation.power.renown
    at assignTrait (C:/Users/chris/Dev/Projects/TheFantasyWorldSimulator/src/engine/traits.ts:44:25)
    at syncReputationTrait (C:/Users/chris/Dev/Projects/TheFantasyWorldSimulator/src/engine/phaseReputationTraits.ts:297:5)
    at phaseReputationTraits (C:/Users/chris/Dev/Projects/TheFantasyWorldSimulator/src/engine/phaseReputationTraits.ts:273:7)
    at runTick (C:/Users/chris/Dev/Projects/TheFantasyWorldSimulator/src/engine/orchestrator.ts:1896:18)
    at C:/Users/chris/Dev/Projects/TheFantasyWorldSimulator/src/engine/__tests__/content-layer1-integration.test.ts:255:20
    at file:///C:/Users/chris/Dev/Projects/TheFantasyWorldSimulator/node_modules/@vitest/runner/dist/index.js:145:11
    at file:///C:/Users/chris/Dev/Projects/TheFantasyWorldSimulator/node_modules/@vitest/runner/dist/index.js:915:26
    at file:///C:/Users/chris/Dev/Projects/TheFantasyWorldSimulator/node_modules/@vitest/runner/dist/index.js:1243:20
    at new Promise (<anonymous>)
    at runWithTimeout (file:///C:/Users/chris/Dev/Projects/TheFantasyWorldSimulator/node_modules/@vitest/runner/dist/index.js:1209:10)
[Orchestrator] Tick crashed, returning previous state: Error: Trait not found: trait.reputation.power.renown
    at assignTrait (C:/Users/chris/Dev/Projects/TheFantasyWorldSimulator/src/engine/traits.ts:44:25)
    at syncReputationTrait (C:/Users/chris/Dev/Projects/TheFantasyWorldSimulator/src/engine/phaseReputationTraits.ts:297:5)
    at phaseReputationTraits (C:/Users/chris/Dev/Projects/TheFantasyWorldSimulator/src/engine/phaseReputationTraits.ts:273:7)
    at runTick (C:/Users/chris/Dev/Projects/TheFantasyWorldSimulator/src/engine/orchestrator.ts:1896:18)
    at C:/Users/chris/Dev/Projects/TheFantasyWorldSimulator/src/engine/__tests__/content-layer1-integration.test.ts:255:20
    at file:///C:/Users/chris/Dev/Projects/TheFantasyWorldSimulator/node_modules/@vitest/runner/dist/index.js:145:11
    at file:///C:/Users/chris/Dev/Projects/TheFantasyWorldSimulator/node_modules/@vitest/runner/dist/index.js:915:26
    at file:///C:/Users/chris/Dev/Projects/TheFantasyWorldSimulator/node_modules/@vitest/runner/dist/index.js:1243:20
    at new Promise (<anonymous>)
    at runWithTimeout (file:///C:/Users/chris/Dev/Projects/TheFantasyWorldSimulator/node_modules/@vitest/runner/dist/index.js:1209:10)
[Orchestrator] Tick crashed, returning previous state: Error: Trait not found: trait.reputation.power.renown
    at assignTrait (C:/Users/chris/Dev/Projects/TheFantasyWorldSimulator/src/engine/traits.ts:44:25)
    at syncReputationTrait (C:/Users/chris/Dev/Projects/TheFantasyWorldSimulator/src/engine/phaseReputationTraits.ts:297:5)
    at phaseReputationTraits (C:/Users/chris/Dev/Projects/TheFantasyWorldSimulator/src/engine/phaseReputationTraits.ts:273:7)
    at runTick (C:/Users/chris/Dev/Projects/TheFantasyWorldSimulator/src/engine/orchestrator.ts:1896:18)
    at C:/Users/chris/Dev/Projects/TheFantasyWorldSimulator/src/engine/__tests__/content-layer1-integration.test.ts:255:20
    at file:///C:/Users/chris/Dev/Projects/TheFantasyWorldSimulator/node_modules/@vitest/runner/dist/index.js:145:11
    at file:///C:/Users/chris/Dev/Projects/TheFantasyWorldSimulator/node_modules/@vitest/runner/dist/index.js:915:26
    at file:///C:/Users/chris/Dev/Projects/TheFantasyWorldSimulator/node_modules/@vitest/runner/dist/index.js:1243:20
    at new Promise (<anonymous>)
    at runWithTimeout (file:///C:/Users/chris/Dev/Projects/TheFantasyWorldSimulator/node_modules/@vitest/runner/dist/index.js:1209:10)
[Orchestrator] Tick crashed, returning previous state: Error: Trait not found: trait.reputation.power.renown
    at assignTrait (C:/Users/chris/Dev/Projects/TheFantasyWorldSimulator/src/engine/traits.ts:44:25)
    at syncReputationTrait (C:/Users/chris/Dev/Projects/TheFantasyWorldSimulator/src/engine/phaseReputationTraits.ts:297:5)
    at phaseReputationTraits (C:/Users/chris/Dev/Projects/TheFantasyWorldSimulator/src/engine/phaseReputationTraits.ts:273:7)
    at runTick (C:/Users/chris/Dev/Projects/TheFantasyWorldSimulator/src/engine/orchestrator.ts:1896:18)
    at C:/Users/chris/Dev/Projects/TheFantasyWorldSimulator/src/engine/__tests__/content-layer1-integration.test.ts:255:20
    at file:///C:/Users/chris/Dev/Projects/TheFantasyWorldSimulator/node_modules/@vitest/runner/dist/index.js:145:11
    at file:///C:/Users/chris/Dev/Projects/TheFantasyWorldSimulator/node_modules/@vitest/runner/dist/index.js:915:26
    at file:///C:/Users/chris/Dev/Projects/TheFantasyWorldSimulator/node_modules/@vitest/runner/dist/index.js:1243:20
    at new Promise (<anonymous>)
    at runWithTimeout (file:///C:/Users/chris/Dev/Projects/TheFantasyWorldSimulator/node_modules/@vitest/runner/dist/index.js:1209:10)
[Orchestrator] Tick crashed, returning previous state: Error: Trait not found: trait.reputation.power.renown
    at assignTrait (C:/Users/chris/Dev/Projects/TheFantasyWorldSimulator/src/engine/traits.ts:44:25)
    at syncReputationTrait (C:/Users/chris/Dev/Projects/TheFantasyWorldSimulator/src/engine/phaseReputationTraits.ts:297:5)
    at phaseReputationTraits (C:/Users/chris/Dev/Projects/TheFantasyWorldSimulator/src/engine/phaseReputationTraits.ts:273:7)
    at runTick (C:/Users/chris/Dev/Projects/TheFantasyWorldSimulator/src/engine/orchestrator.ts:1896:18)
    at C:/Users/chris/Dev/Projects/TheFantasyWorldSimulator/src/engine/__tests__/content-layer1-integration.test.ts:255:20
    at file:///C:/Users/chris/Dev/Projects/TheFantasyWorldSimulator/node_modules/@vitest/runner/dist/index.js:145:11
    at file:///C:/Users/chris/Dev/Projects/TheFantasyWorldSimulator/node_modules/@vitest/runner/dist/index.js:915:26
    at file:///C:/Users/chris/Dev/Projects/TheFantasyWorldSimulator/node_modules/@vitest/runner/dist/index.js:1243:20
    at new Promise (<anonymous>)
    at runWithTimeout (file:///C:/Users/chris/Dev/Projects/TheFantasyWorldSimulator/node_modules/@vitest/runner/dist/index.js:1209:10)
[Orchestrator] Tick crashed, returning previous state: Error: Trait not found: trait.reputation.power.renown
    at assignTrait (C:/Users/chris/Dev/Projects/TheFantasyWorldSimulator/src/engine/traits.ts:44:25)
    at syncReputationTrait (C:/Users/chris/Dev/Projects/TheFantasyWorldSimulator/src/engine/phaseReputationTraits.ts:297:5)
    at phaseReputationTraits (C:/Users/chris/Dev/Projects/TheFantasyWorldSimulator/src/engine/phaseReputationTraits.ts:273:7)
    at runTick (C:/Users/chris/Dev/Projects/TheFantasyWorldSimulator/src/engine/orchestrator.ts:1896:18)
    at C:/Users/chris/Dev/Projects/TheFantasyWorldSimulator/src/engine/__tests__/content-layer1-integration.test.ts:255:20
    at file:///C:/Users/chris/Dev/Projects/TheFantasyWorldSimulator/node_modules/@vitest/runner/dist/index.js:145:11
    at file:///C:/Users/chris/Dev/Projects/TheFantasyWorldSimulator/node_modules/@vitest/runner/dist/index.js:915:26
    at file:///C:/Users/chris/Dev/Projects/TheFantasyWorldSimulator/node_modules/@vitest/runner/dist/index.js:1243:20
    at new Promise (<anonymous>)
    at runWithTimeout (file:///C:/Users/chris/Dev/Projects/TheFantasyWorldSimulator/node_modules/@vitest/runner/dist/index.js:1209:10)
[Orchestrator] Tick crashed, returning previous state: Error: Trait not found: trait.reputation.power.renown
    at assignTrait (C:/Users/chris/Dev/Projects/TheFantasyWorldSimulator/src/engine/traits.ts:44:25)
    at syncReputationTrait (C:/Users/chris/Dev/Projects/TheFantasyWorldSimulator/src/engine/phaseReputationTraits.ts:297:5)
    at phaseReputationTraits (C:/Users/chris/Dev/Projects/TheFantasyWorldSimulator/src/engine/phaseReputationTraits.ts:273:7)
    at runTick (C:/Users/chris/Dev/Projects/TheFantasyWorldSimulator/src/engine/orchestrator.ts:1896:18)
    at C:/Users/chris/Dev/Projects/TheFantasyWorldSimulator/src/engine/__tests__/content-layer1-integration.test.ts:255:20
    at file:///C:/Users/chris/Dev/Projects/TheFantasyWorldSimulator/node_modules/@vitest/runner/dist/index.js:145:11
    at file:///C:/Users/chris/Dev/Projects/TheFantasyWorldSimulator/node_modules/@vitest/runner/dist/index.js:915:26
    at file:///C:/Users/chris/Dev/Projects/TheFantasyWorldSimulator/node_modules/@vitest/runner/dist/index.js:1243:20
    at new Promise (<anonymous>)
    at runWithTimeout (file:///C:/Users/chris/Dev/Projects/TheFantasyWorldSimulator/node_modules/@vitest/runner/dist/index.js:1209:10)
[Orchestrator] Tick crashed, returning previous state: Error: Trait not found: trait.reputation.power.renown
    at assignTrait (C:/Users/chris/Dev/Projects/TheFantasyWorldSimulator/src/engine/traits.ts:44:25)
    at syncReputationTrait (C:/Users/chris/Dev/Projects/TheFantasyWorldSimulator/src/engine/phaseReputationTraits.ts:297:5)
    at phaseReputationTraits (C:/Users/chris/Dev/Projects/TheFantasyWorldSimulator/src/engine/phaseReputationTraits.ts:273:7)
    at runTick (C:/Users/chris/Dev/Projects/TheFantasyWorldSimulator/src/engine/orchestrator.ts:1896:18)
    at C:/Users/chris/Dev/Projects/TheFantasyWorldSimulator/src/engine/__tests__/content-layer1-integration.test.ts:255:20
    at file:///C:/Users/chris/Dev/Projects/TheFantasyWorldSimulator/node_modules/@vitest/runner/dist/index.js:145:11
    at file:///C:/Users/chris/Dev/Projects/TheFantasyWorldSimulator/node_modules/@vitest/runner/dist/index.js:915:26
    at file:///C:/Users/chris/Dev/Projects/TheFantasyWorldSimulator/node_modules/@vitest/runner/dist/index.js:1243:20
    at new Promise (<anonymous>)
    at runWithTimeout (file:///C:/Users/chris/Dev/Projects/TheFantasyWorldSimulator/node_modules/@vitest/runner/dist/index.js:1209:10)
[Orchestrator] Tick crashed, returning previous state: Error: Trait not found: trait.reputation.power.renown
    at assignTrait (C:/Users/chris/Dev/Projects/TheFantasyWorldSimulator/src/engine/traits.ts:44:25)
    at syncReputationTrait (C:/Users/chris/Dev/Projects/TheFantasyWorldSimulator/src/engine/phaseReputationTraits.ts:297:5)
    at phaseReputationTraits (C:/Users/chris/Dev/Projects/TheFantasyWorldSimulator/src/engine/phaseReputationTraits.ts:273:7)
    at runTick (C:/Users/chris/Dev/Projects/TheFantasyWorldSimulator/src/engine/orchestrator.ts:1896:18)
    at C:/Users/chris/Dev/Projects/TheFantasyWorldSimulator/src/engine/__tests__/content-layer1-integration.test.ts:255:20
    at file:///C:/Users/chris/Dev/Projects/TheFantasyWorldSimulator/node_modules/@vitest/runner/dist/index.js:145:11
    at file:///C:/Users/chris/Dev/Projects/TheFantasyWorldSimulator/node_modules/@vitest/runner/dist/index.js:915:26
    at file:///C:/Users/chris/Dev/Projects/TheFantasyWorldSimulator/node_modules/@vitest/runner/dist/index.js:1243:20
    at new Promise (<anonymous>)
    at runWithTimeout (file:///C:/Users/chris/Dev/Projects/TheFantasyWorldSimulator/node_modules/@vitest/runner/dist/index.js:1209:10)
[Orchestrator] Tick crashed, returning previous state: Error: Trait not found: trait.reputation.power.renown
    at assignTrait (C:/Users/chris/Dev/Projects/TheFantasyWorldSimulator/src/engine/traits.ts:44:25)
    at syncReputationTrait (C:/Users/chris/Dev/Projects/TheFantasyWorldSimulator/src/engine/phaseReputationTraits.ts:297:5)
    at phaseReputationTraits (C:/Users/chris/Dev/Projects/TheFantasyWorldSimulator/src/engine/phaseReputationTraits.ts:273:7)
    at runTick (C:/Users/chris/Dev/Projects/TheFantasyWorldSimulator/src/engine/orchestrator.ts:1896:18)
    at C:/Users/chris/Dev/Projects/TheFantasyWorldSimulator/src/engine/__tests__/content-layer1-integration.test.ts:255:20
    at file:///C:/Users/chris/Dev/Projects/TheFantasyWorldSimulator/node_modules/@vitest/runner/dist/index.js:145:11
    at file:///C:/Users/chris/Dev/Projects/TheFantasyWorldSimulator/node_modules/@vitest/runner/dist/index.js:915:26
    at file:///C:/Users/chris/Dev/Projects/TheFantasyWorldSimulator/node_modules/@vitest/runner/dist/index.js:1243:20
    at new Promise (<anonymous>)
    at runWithTimeout (file:///C:/Users/chris/Dev/Projects/TheFantasyWorldSimulator/node_modules/@vitest/runner/dist/index.js:1209:10)
[Orchestrator] Tick crashed, returning previous state: Error: Trait not found: trait.reputation.power.renown
    at assignTrait (C:/Users/chris/Dev/Projects/TheFantasyWorldSimulator/src/engine/traits.ts:44:25)
    at syncReputationTrait (C:/Users/chris/Dev/Projects/TheFantasyWorldSimulator/src/engine/phaseReputationTraits.ts:297:5)
    at phaseReputationTraits (C:/Users/chris/Dev/Projects/TheFantasyWorldSimulator/src/engine/phaseReputationTraits.ts:273:7)
    at runTick (C:/Users/chris/Dev/Projects/TheFantasyWorldSimulator/src/engine/orchestrator.ts:1896:18)
    at C:/Users/chris/Dev/Projects/TheFantasyWorldSimulator/src/engine/__tests__/content-layer1-integration.test.ts:255:20
    at file:///C:/Users/chris/Dev/Projects/TheFantasyWorldSimulator/node_modules/@vitest/runner/dist/index.js:145:11
    at file:///C:/Users/chris/Dev/Projects/TheFantasyWorldSimulator/node_modules/@vitest/runner/dist/index.js:915:26
    at file:///C:/Users/chris/Dev/Projects/TheFantasyWorldSimulator/node_modules/@vitest/runner/dist/index.js:1243:20
    at new Promise (<anonymous>)
    at runWithTimeout (file:///C:/Users/chris/Dev/Projects/TheFantasyWorldSimulator/node_modules/@vitest/runner/dist/index.js:1209:10)
[Orchestrator] Tick crashed, returning previous state: Error: Trait not found: trait.reputation.power.renown
    at assignTrait (C:/Users/chris/Dev/Projects/TheFantasyWorldSimulator/src/engine/traits.ts:44:25)
    at syncReputationTrait (C:/Users/chris/Dev/Projects/TheFantasyWorldSimulator/src/engine/phaseReputationTraits.ts:297:5)
    at phaseReputationTraits (C:/Users/chris/Dev/Projects/TheFantasyWorldSimulator/src/engine/phaseReputationTraits.ts:273:7)
    at runTick (C:/Users/chris/Dev/Projects/TheFantasyWorldSimulator/src/engine/orchestrator.ts:1896:18)
    at C:/Users/chris/Dev/Projects/TheFantasyWorldSimulator/src/engine/__tests__/content-layer1-integration.test.ts:255:20
    at file:///C:/Users/chris/Dev/Projects/TheFantasyWorldSimulator/node_modules/@vitest/runner/dist/index.js:145:11
    at file:///C:/Users/chris/Dev/Projects/TheFantasyWorldSimulator/node_modules/@vitest/runner/dist/index.js:915:26
    at file:///C:/Users/chris/Dev/Projects/TheFantasyWorldSimulator/node_modules/@vitest/runner/dist/index.js:1243:20
    at new Promise (<anonymous>)
    at runWithTimeout (file:///C:/Users/chris/Dev/Projects/TheFantasyWorldSimulator/node_modules/@vitest/runner/dist/index.js:1209:10)
[Orchestrator] Tick crashed, returning previous state: Error: Trait not found: trait.reputation.power.renown
    at assignTrait (C:/Users/chris/Dev/Projects/TheFantasyWorldSimulator/src/engine/traits.ts:44:25)
    at syncReputationTrait (C:/Users/chris/Dev/Projects/TheFantasyWorldSimulator/src/engine/phaseReputationTraits.ts:297:5)
    at phaseReputationTraits (C:/Users/chris/Dev/Projects/TheFantasyWorldSimulator/src/engine/phaseReputationTraits.ts:273:7)
    at runTick (C:/Users/chris/Dev/Projects/TheFantasyWorldSimulator/src/engine/orchestrator.ts:1896:18)
    at C:/Users/chris/Dev/Projects/TheFantasyWorldSimulator/src/engine/__tests__/content-layer1-integration.test.ts:255:20
    at file:///C:/Users/chris/Dev/Projects/TheFantasyWorldSimulator/node_modules/@vitest/runner/dist/index.js:145:11
    at file:///C:/Users/chris/Dev/Projects/TheFantasyWorldSimulator/node_modules/@vitest/runner/dist/index.js:915:26
    at file:///C:/Users/chris/Dev/Projects/TheFantasyWorldSimulator/node_modules/@vitest/runner/dist/index.js:1243:20
    at new Promise (<anonymous>)
    at runWithTimeout (file:///C:/Users/chris/Dev/Projects/TheFantasyWorldSimulator/node_modules/@vitest/runner/dist/index.js:1209:10)
[Orchestrator] Tick crashed, returning previous state: Error: Trait not found: trait.reputation.power.renown
    at assignTrait (C:/Users/chris/Dev/Projects/TheFantasyWorldSimulator/src/engine/traits.ts:44:25)
    at syncReputationTrait (C:/Users/chris/Dev/Projects/TheFantasyWorldSimulator/src/engine/phaseReputationTraits.ts:297:5)
    at phaseReputationTraits (C:/Users/chris/Dev/Projects/TheFantasyWorldSimulator/src/engine/phaseReputationTraits.ts:273:7)
    at runTick (C:/Users/chris/Dev/Projects/TheFantasyWorldSimulator/src/engine/orchestrator.ts:1896:18)
    at C:/Users/chris/Dev/Projects/TheFantasyWorldSimulator/src/engine/__tests__/content-layer1-integration.test.ts:255:20
    at file:///C:/Users/chris/Dev/Projects/TheFantasyWorldSimulator/node_modules/@vitest/runner/dist/index.js:145:11
    at file:///C:/Users/chris/Dev/Projects/TheFantasyWorldSimulator/node_modules/@vitest/runner/dist/index.js:915:26
    at file:///C:/Users/chris/Dev/Projects/TheFantasyWorldSimulator/node_modules/@vitest/runner/dist/index.js:1243:20
    at new Promise (<anonymous>)
    at runWithTimeout (file:///C:/Users/chris/Dev/Projects/TheFantasyWorldSimulator/node_modules/@vitest/runner/dist/index.js:1209:10)
[Orchestrator] Tick crashed, returning previous state: Error: Trait not found: trait.reputation.power.renown
    at assignTrait (C:/Users/chris/Dev/Projects/TheFantasyWorldSimulator/src/engine/traits.ts:44:25)
    at syncReputationTrait (C:/Users/chris/Dev/Projects/TheFantasyWorldSimulator/src/engine/phaseReputationTraits.ts:297:5)
    at phaseReputationTraits (C:/Users/chris/Dev/Projects/TheFantasyWorldSimulator/src/engine/phaseReputationTraits.ts:273:7)
    at runTick (C:/Users/chris/Dev/Projects/TheFantasyWorldSimulator/src/engine/orchestrator.ts:1896:18)
    at C:/Users/chris/Dev/Projects/TheFantasyWorldSimulator/src/engine/__tests__/content-layer1-integration.test.ts:255:20
    at file:///C:/Users/chris/Dev/Projects/TheFantasyWorldSimulator/node_modules/@vitest/runner/dist/index.js:145:11
    at file:///C:/Users/chris/Dev/Projects/TheFantasyWorldSimulator/node_modules/@vitest/runner/dist/index.js:915:26
    at file:///C:/Users/chris/Dev/Projects/TheFantasyWorldSimulator/node_modules/@vitest/runner/dist/index.js:1243:20
    at new Promise (<anonymous>)
    at runWithTimeout (file:///C:/Users/chris/Dev/Projects/TheFantasyWorldSimulator/node_modules/@vitest/runner/dist/index.js:1209:10)
[Orchestrator] Tick crashed, returning previous state: Error: Trait not found: trait.reputation.power.renown
    at assignTrait (C:/Users/chris/Dev/Projects/TheFantasyWorldSimulator/src/engine/traits.ts:44:25)
    at syncReputationTrait (C:/Users/chris/Dev/Projects/TheFantasyWorldSimulator/src/engine/phaseReputationTraits.ts:297:5)
    at phaseReputationTraits (C:/Users/chris/Dev/Projects/TheFantasyWorldSimulator/src/engine/phaseReputationTraits.ts:273:7)
    at runTick (C:/Users/chris/Dev/Projects/TheFantasyWorldSimulator/src/engine/orchestrator.ts:1896:18)
    at C:/Users/chris/Dev/Projects/TheFantasyWorldSimulator/src/engine/__tests__/content-layer1-integration.test.ts:255:20
    at file:///C:/Users/chris/Dev/Projects/TheFantasyWorldSimulator/node_modules/@vitest/runner/dist/index.js:145:11
    at file:///C:/Users/chris/Dev/Projects/TheFantasyWorldSimulator/node_modules/@vitest/runner/dist/index.js:915:26
    at file:///C:/Users/chris/Dev/Projects/TheFantasyWorldSimulator/node_modules/@vitest/runner/dist/index.js:1243:20
    at new Promise (<anonymous>)
    at runWithTimeout (file:///C:/Users/chris/Dev/Projects/TheFantasyWorldSimulator/node_modules/@vitest/runner/dist/index.js:1209:10)
[Orchestrator] Tick crashed, returning previous state: Error: Trait not found: trait.reputation.power.renown
    at assignTrait (C:/Users/chris/Dev/Projects/TheFantasyWorldSimulator/src/engine/traits.ts:44:25)
    at syncReputationTrait (C:/Users/chris/Dev/Projects/TheFantasyWorldSimulator/src/engine/phaseReputationTraits.ts:297:5)
    at phaseReputationTraits (C:/Users/chris/Dev/Projects/TheFantasyWorldSimulator/src/engine/phaseReputationTraits.ts:273:7)
    at runTick (C:/Users/chris/Dev/Projects/TheFantasyWorldSimulator/src/engine/orchestrator.ts:1896:18)
    at C:/Users/chris/Dev/Projects/TheFantasyWorldSimulator/src/engine/__tests__/content-layer1-integration.test.ts:255:20
    at file:///C:/Users/chris/Dev/Projects/TheFantasyWorldSimulator/node_modules/@vitest/runner/dist/index.js:145:11
    at file:///C:/Users/chris/Dev/Projects/TheFantasyWorldSimulator/node_modules/@vitest/runner/dist/index.js:915:26
    at file:///C:/Users/chris/Dev/Projects/TheFantasyWorldSimulator/node_modules/@vitest/runner/dist/index.js:1243:20
    at new Promise (<anonymous>)
    at runWithTimeout (file:///C:/Users/chris/Dev/Projects/TheFantasyWorldSimulator/node_modules/@vitest/runner/dist/index.js:1209:10)
[Orchestrator] Tick crashed, returning previous state: Error: Trait not found: trait.reputation.power.renown
    at assignTrait (C:/Users/chris/Dev/Projects/TheFantasyWorldSimulator/src/engine/traits.ts:44:25)
    at syncReputationTrait (C:/Users/chris/Dev/Projects/TheFantasyWorldSimulator/src/engine/phaseReputationTraits.ts:297:5)
    at phaseReputationTraits (C:/Users/chris/Dev/Projects/TheFantasyWorldSimulator/src/engine/phaseReputationTraits.ts:273:7)
    at runTick (C:/Users/chris/Dev/Projects/TheFantasyWorldSimulator/src/engine/orchestrator.ts:1896:18)
    at C:/Users/chris/Dev/Projects/TheFantasyWorldSimulator/src/engine/__tests__/content-layer1-integration.test.ts:255:20
    at file:///C:/Users/chris/Dev/Projects/TheFantasyWorldSimulator/node_modules/@vitest/runner/dist/index.js:145:11
    at file:///C:/Users/chris/Dev/Projects/TheFantasyWorldSimulator/node_modules/@vitest/runner/dist/index.js:915:26
    at file:///C:/Users/chris/Dev/Projects/TheFantasyWorldSimulator/node_modules/@vitest/runner/dist/index.js:1243:20
    at new Promise (<anonymous>)
    at runWithTimeout (file:///C:/Users/chris/Dev/Projects/TheFantasyWorldSimulator/node_modules/@vitest/runner/dist/index.js:1209:10)
[Orchestrator] Tick crashed, returning previous state: Error: Trait not found: trait.reputation.power.renown
    at assignTrait (C:/Users/chris/Dev/Projects/TheFantasyWorldSimulator/src/engine/traits.ts:44:25)
    at syncReputationTrait (C:/Users/chris/Dev/Projects/TheFantasyWorldSimulator/src/engine/phaseReputationTraits.ts:297:5)
    at phaseReputationTraits (C:/Users/chris/Dev/Projects/TheFantasyWorldSimulator/src/engine/phaseReputationTraits.ts:273:7)
    at runTick (C:/Users/chris/Dev/Projects/TheFantasyWorldSimulator/src/engine/orchestrator.ts:1896:18)
    at C:/Users/chris/Dev/Projects/TheFantasyWorldSimulator/src/engine/__tests__/content-layer1-integration.test.ts:255:20
    at file:///C:/Users/chris/Dev/Projects/TheFantasyWorldSimulator/node_modules/@vitest/runner/dist/index.js:145:11
    at file:///C:/Users/chris/Dev/Projects/TheFantasyWorldSimulator/node_modules/@vitest/runner/dist/index.js:915:26
    at file:///C:/Users/chris/Dev/Projects/TheFantasyWorldSimulator/node_modules/@vitest/runner/dist/index.js:1243:20
    at new Promise (<anonymous>)
    at runWithTimeout (file:///C:/Users/chris/Dev/Projects/TheFantasyWorldSimulator/node_modules/@vitest/runner/dist/index.js:1209:10)
[Orchestrator] Tick crashed, returning previous state: Error: Trait not found: trait.reputation.power.renown
    at assignTrait (C:/Users/chris/Dev/Projects/TheFantasyWorldSimulator/src/engine/traits.ts:44:25)
    at syncReputationTrait (C:/Users/chris/Dev/Projects/TheFantasyWorldSimulator/src/engine/phaseReputationTraits.ts:297:5)
    at phaseReputationTraits (C:/Users/chris/Dev/Projects/TheFantasyWorldSimulator/src/engine/phaseReputationTraits.ts:273:7)
    at runTick (C:/Users/chris/Dev/Projects/TheFantasyWorldSimulator/src/engine/orchestrator.ts:1896:18)
    at C:/Users/chris/Dev/Projects/TheFantasyWorldSimulator/src/engine/__tests__/content-layer1-integration.test.ts:255:20
    at file:///C:/Users/chris/Dev/Projects/TheFantasyWorldSimulator/node_modules/@vitest/runner/dist/index.js:145:11
    at file:///C:/Users/chris/Dev/Projects/TheFantasyWorldSimulator/node_modules/@vitest/runner/dist/index.js:915:26
    at file:///C:/Users/chris/Dev/Projects/TheFantasyWorldSimulator/node_modules/@vitest/runner/dist/index.js:1243:20
    at new Promise (<anonymous>)
    at runWithTimeout (file:///C:/Users/chris/Dev/Projects/TheFantasyWorldSimulator/node_modules/@vitest/runner/dist/index.js:1209:10)
[Orchestrator] Tick crashed, returning previous state: Error: Trait not found: trait.reputation.power.renown
    at assignTrait (C:/Users/chris/Dev/Projects/TheFantasyWorldSimulator/src/engine/traits.ts:44:25)
    at syncReputationTrait (C:/Users/chris/Dev/Projects/TheFantasyWorldSimulator/src/engine/phaseReputationTraits.ts:297:5)
    at phaseReputationTraits (C:/Users/chris/Dev/Projects/TheFantasyWorldSimulator/src/engine/phaseReputationTraits.ts:273:7)
    at runTick (C:/Users/chris/Dev/Projects/TheFantasyWorldSimulator/src/engine/orchestrator.ts:1896:18)
    at C:/Users/chris/Dev/Projects/TheFantasyWorldSimulator/src/engine/__tests__/content-layer1-integration.test.ts:255:20
    at file:///C:/Users/chris/Dev/Projects/TheFantasyWorldSimulator/node_modules/@vitest/runner/dist/index.js:145:11
    at file:///C:/Users/chris/Dev/Projects/TheFantasyWorldSimulator/node_modules/@vitest/runner/dist/index.js:915:26
    at file:///C:/Users/chris/Dev/Projects/TheFantasyWorldSimulator/node_modules/@vitest/runner/dist/index.js:1243:20
    at new Promise (<anonymous>)
    at runWithTimeout (file:///C:/Users/chris/Dev/Projects/TheFantasyWorldSimulator/node_modules/@vitest/runner/dist/index.js:1209:10)
[Orchestrator] Tick crashed, returning previous state: Error: Trait not found: trait.reputation.power.renown
    at assignTrait (C:/Users/chris/Dev/Projects/TheFantasyWorldSimulator/src/engine/traits.ts:44:25)
    at syncReputationTrait (C:/Users/chris/Dev/Projects/TheFantasyWorldSimulator/src/engine/phaseReputationTraits.ts:297:5)
    at phaseReputationTraits (C:/Users/chris/Dev/Projects/TheFantasyWorldSimulator/src/engine/phaseReputationTraits.ts:273:7)
    at runTick (C:/Users/chris/Dev/Projects/TheFantasyWorldSimulator/src/engine/orchestrator.ts:1896:18)
    at C:/Users/chris/Dev/Projects/TheFantasyWorldSimulator/src/engine/__tests__/content-layer1-integration.test.ts:255:20
    at file:///C:/Users/chris/Dev/Projects/TheFantasyWorldSimulator/node_modules/@vitest/runner/dist/index.js:145:11
    at file:///C:/Users/chris/Dev/Projects/TheFantasyWorldSimulator/node_modules/@vitest/runner/dist/index.js:915:26
    at file:///C:/Users/chris/Dev/Projects/TheFantasyWorldSimulator/node_modules/@vitest/runner/dist/index.js:1243:20
    at new Promise (<anonymous>)
    at runWithTimeout (file:///C:/Users/chris/Dev/Projects/TheFantasyWorldSimulator/node_modules/@vitest/runner/dist/index.js:1209:10)
[Orchestrator] Tick crashed, returning previous state: Error: Trait not found: trait.reputation.power.renown
    at assignTrait (C:/Users/chris/Dev/Projects/TheFantasyWorldSimulator/src/engine/traits.ts:44:25)
    at syncReputationTrait (C:/Users/chris/Dev/Projects/TheFantasyWorldSimulator/src/engine/phaseReputationTraits.ts:297:5)
    at phaseReputationTraits (C:/Users/chris/Dev/Projects/TheFantasyWorldSimulator/src/engine/phaseReputationTraits.ts:273:7)
    at runTick (C:/Users/chris/Dev/Projects/TheFantasyWorldSimulator/src/engine/orchestrator.ts:1896:18)
    at C:/Users/chris/Dev/Projects/TheFantasyWorldSimulator/src/engine/__tests__/content-layer1-integration.test.ts:255:20
    at file:///C:/Users/chris/Dev/Projects/TheFantasyWorldSimulator/node_modules/@vitest/runner/dist/index.js:145:11
    at file:///C:/Users/chris/Dev/Projects/TheFantasyWorldSimulator/node_modules/@vitest/runner/dist/index.js:915:26
    at file:///C:/Users/chris/Dev/Projects/TheFantasyWorldSimulator/node_modules/@vitest/runner/dist/index.js:1243:20
    at new Promise (<anonymous>)
    at runWithTimeout (file:///C:/Users/chris/Dev/Projects/TheFantasyWorldSimulator/node_modules/@vitest/runner/dist/index.js:1209:10)
[Orchestrator] Tick crashed, returning previous state: Error: Trait not found: trait.reputation.power.renown
    at assignTrait (C:/Users/chris/Dev/Projects/TheFantasyWorldSimulator/src/engine/traits.ts:44:25)
    at syncReputationTrait (C:/Users/chris/Dev/Projects/TheFantasyWorldSimulator/src/engine/phaseReputationTraits.ts:297:5)
    at phaseReputationTraits (C:/Users/chris/Dev/Projects/TheFantasyWorldSimulator/src/engine/phaseReputationTraits.ts:273:7)
    at runTick (C:/Users/chris/Dev/Projects/TheFantasyWorldSimulator/src/engine/orchestrator.ts:1896:18)
    at C:/Users/chris/Dev/Projects/TheFantasyWorldSimulator/src/engine/__tests__/content-layer1-integration.test.ts:255:20
    at file:///C:/Users/chris/Dev/Projects/TheFantasyWorldSimulator/node_modules/@vitest/runner/dist/index.js:145:11
    at file:///C:/Users/chris/Dev/Projects/TheFantasyWorldSimulator/node_modules/@vitest/runner/dist/index.js:915:26
    at file:///C:/Users/chris/Dev/Projects/TheFantasyWorldSimulator/node_modules/@vitest/runner/dist/index.js:1243:20
    at new Promise (<anonymous>)
    at runWithTimeout (file:///C:/Users/chris/Dev/Projects/TheFantasyWorldSimulator/node_modules/@vitest/runner/dist/index.js:1209:10)
[Orchestrator] Tick crashed, returning previous state: Error: Trait not found: trait.reputation.power.renown
    at assignTrait (C:/Users/chris/Dev/Projects/TheFantasyWorldSimulator/src/engine/traits.ts:44:25)
    at syncReputationTrait (C:/Users/chris/Dev/Projects/TheFantasyWorldSimulator/src/engine/phaseReputationTraits.ts:297:5)
    at phaseReputationTraits (C:/Users/chris/Dev/Projects/TheFantasyWorldSimulator/src/engine/phaseReputationTraits.ts:273:7)
    at runTick (C:/Users/chris/Dev/Projects/TheFantasyWorldSimulator/src/engine/orchestrator.ts:1896:18)
    at C:/Users/chris/Dev/Projects/TheFantasyWorldSimulator/src/engine/__tests__/content-layer1-integration.test.ts:255:20
    at file:///C:/Users/chris/Dev/Projects/TheFantasyWorldSimulator/node_modules/@vitest/runner/dist/index.js:145:11
    at file:///C:/Users/chris/Dev/Projects/TheFantasyWorldSimulator/node_modules/@vitest/runner/dist/index.js:915:26
    at file:///C:/Users/chris/Dev/Projects/TheFantasyWorldSimulator/node_modules/@vitest/runner/dist/index.js:1243:20
    at new Promise (<anonymous>)
    at runWithTimeout (file:///C:/Users/chris/Dev/Projects/TheFantasyWorldSimulator/node_modules/@vitest/runner/dist/index.js:1209:10)
[Orchestrator] Tick crashed, returning previous state: Error: Trait not found: trait.reputation.power.renown
    at assignTrait (C:/Users/chris/Dev/Projects/TheFantasyWorldSimulator/src/engine/traits.ts:44:25)
    at syncReputationTrait (C:/Users/chris/Dev/Projects/TheFantasyWorldSimulator/src/engine/phaseReputationTraits.ts:297:5)
    at phaseReputationTraits (C:/Users/chris/Dev/Projects/TheFantasyWorldSimulator/src/engine/phaseReputationTraits.ts:273:7)
    at runTick (C:/Users/chris/Dev/Projects/TheFantasyWorldSimulator/src/engine/orchestrator.ts:1896:18)
    at C:/Users/chris/Dev/Projects/TheFantasyWorldSimulator/src/engine/__tests__/content-layer1-integration.test.ts:255:20
    at file:///C:/Users/chris/Dev/Projects/TheFantasyWorldSimulator/node_modules/@vitest/runner/dist/index.js:145:11
    at file:///C:/Users/chris/Dev/Projects/TheFantasyWorldSimulator/node_modules/@vitest/runner/dist/index.js:915:26
    at file:///C:/Users/chris/Dev/Projects/TheFantasyWorldSimulator/node_modules/@vitest/runner/dist/index.js:1243:20
    at new Promise (<anonymous>)
    at runWithTimeout (file:///C:/Users/chris/Dev/Projects/TheFantasyWorldSimulator/node_modules/@vitest/runner/dist/index.js:1209:10)
[Orchestrator] Tick crashed, returning previous state: Error: Trait not found: trait.reputation.power.renown
    at assignTrait (C:/Users/chris/Dev/Projects/TheFantasyWorldSimulator/src/engine/traits.ts:44:25)
    at syncReputationTrait (C:/Users/chris/Dev/Projects/TheFantasyWorldSimulator/src/engine/phaseReputationTraits.ts:297:5)
    at phaseReputationTraits (C:/Users/chris/Dev/Projects/TheFantasyWorldSimulator/src/engine/phaseReputationTraits.ts:273:7)
    at runTick (C:/Users/chris/Dev/Projects/TheFantasyWorldSimulator/src/engine/orchestrator.ts:1896:18)
    at C:/Users/chris/Dev/Projects/TheFantasyWorldSimulator/src/engine/__tests__/content-layer1-integration.test.ts:255:20
    at file:///C:/Users/chris/Dev/Projects/TheFantasyWorldSimulator/node_modules/@vitest/runner/dist/index.js:145:11
    at file:///C:/Users/chris/Dev/Projects/TheFantasyWorldSimulator/node_modules/@vitest/runner/dist/index.js:915:26
    at file:///C:/Users/chris/Dev/Projects/TheFantasyWorldSimulator/node_modules/@vitest/runner/dist/index.js:1243:20
    at new Promise (<anonymous>)
    at runWithTimeout (file:///C:/Users/chris/Dev/Projects/TheFantasyWorldSimulator/node_modules/@vitest/runner/dist/index.js:1209:10)
[Orchestrator] Tick crashed, returning previous state: Error: Trait not found: trait.reputation.power.renown
    at assignTrait (C:/Users/chris/Dev/Projects/TheFantasyWorldSimulator/src/engine/traits.ts:44:25)
    at syncReputationTrait (C:/Users/chris/Dev/Projects/TheFantasyWorldSimulator/src/engine/phaseReputationTraits.ts:297:5)
    at phaseReputationTraits (C:/Users/chris/Dev/Projects/TheFantasyWorldSimulator/src/engine/phaseReputationTraits.ts:273:7)
    at runTick (C:/Users/chris/Dev/Projects/TheFantasyWorldSimulator/src/engine/orchestrator.ts:1896:18)
    at C:/Users/chris/Dev/Projects/TheFantasyWorldSimulator/src/engine/__tests__/content-layer1-integration.test.ts:255:20
    at file:///C:/Users/chris/Dev/Projects/TheFantasyWorldSimulator/node_modules/@vitest/runner/dist/index.js:145:11
    at file:///C:/Users/chris/Dev/Projects/TheFantasyWorldSimulator/node_modules/@vitest/runner/dist/index.js:915:26
    at file:///C:/Users/chris/Dev/Projects/TheFantasyWorldSimulator/node_modules/@vitest/runner/dist/index.js:1243:20
    at new Promise (<anonymous>)
    at runWithTimeout (file:///C:/Users/chris/Dev/Projects/TheFantasyWorldSimulator/node_modules/@vitest/runner/dist/index.js:1209:10)
[Orchestrator] Tick crashed, returning previous state: Error: Trait not found: trait.reputation.power.renown
    at assignTrait (C:/Users/chris/Dev/Projects/TheFantasyWorldSimulator/src/engine/traits.ts:44:25)
    at syncReputationTrait (C:/Users/chris/Dev/Projects/TheFantasyWorldSimulator/src/engine/phaseReputationTraits.ts:297:5)
    at phaseReputationTraits (C:/Users/chris/Dev/Projects/TheFantasyWorldSimulator/src/engine/phaseReputationTraits.ts:273:7)
    at runTick (C:/Users/chris/Dev/Projects/TheFantasyWorldSimulator/src/engine/orchestrator.ts:1896:18)
    at C:/Users/chris/Dev/Projects/TheFantasyWorldSimulator/src/engine/__tests__/content-layer1-integration.test.ts:255:20
    at file:///C:/Users/chris/Dev/Projects/TheFantasyWorldSimulator/node_modules/@vitest/runner/dist/index.js:145:11
    at file:///C:/Users/chris/Dev/Projects/TheFantasyWorldSimulator/node_modules/@vitest/runner/dist/index.js:915:26
    at file:///C:/Users/chris/Dev/Projects/TheFantasyWorldSimulator/node_modules/@vitest/runner/dist/index.js:1243:20
    at new Promise (<anonymous>)
    at runWithTimeout (file:///C:/Users/chris/Dev/Projects/TheFantasyWorldSimulator/node_modules/@vitest/runner/dist/index.js:1209:10)
[Orchestrator] Tick crashed, returning previous state: Error: Trait not found: trait.reputation.power.renown
    at assignTrait (C:/Users/chris/Dev/Projects/TheFantasyWorldSimulator/src/engine/traits.ts:44:25)
    at syncReputationTrait (C:/Users/chris/Dev/Projects/TheFantasyWorldSimulator/src/engine/phaseReputationTraits.ts:297:5)
    at phaseReputationTraits (C:/Users/chris/Dev/Projects/TheFantasyWorldSimulator/src/engine/phaseReputationTraits.ts:273:7)
    at runTick (C:/Users/chris/Dev/Projects/TheFantasyWorldSimulator/src/engine/orchestrator.ts:1896:18)
    at C:/Users/chris/Dev/Projects/TheFantasyWorldSimulator/src/engine/__tests__/content-layer1-integration.test.ts:255:20
    at file:///C:/Users/chris/Dev/Projects/TheFantasyWorldSimulator/node_modules/@vitest/runner/dist/index.js:145:11
    at file:///C:/Users/chris/Dev/Projects/TheFantasyWorldSimulator/node_modules/@vitest/runner/dist/index.js:915:26
    at file:///C:/Users/chris/Dev/Projects/TheFantasyWorldSimulator/node_modules/@vitest/runner/dist/index.js:1243:20
    at new Promise (<anonymous>)
    at runWithTimeout (file:///C:/Users/chris/Dev/Projects/TheFantasyWorldSimulator/node_modules/@vitest/runner/dist/index.js:1209:10)

[90mstdout[2m | src/engine/__tests__/content-layer1-integration.test.ts[2m > [22m[2mLayer 1 content integration[2m > [22m[2magent lifecycle events fire during 100-tick simulation
[22m[39m[WorldGen] Pass 'province' completed in 1.1ms
[WorldGen] Pass 'elevation' completed in 1.7ms
[WorldGen] Pass 'coastline' completed in 1.9ms
[WorldGen] Pass 'climate' completed in 1.6ms
[WorldGen] Pass 'hydrology' completed in 0.5ms
[WorldGen] Pass 'tempReassess' completed in 0.0ms
[WorldGen] Pass 'biome' completed in 0.1ms
[WorldGen] Culture terrain nudge: 42 hexes modified
[WorldGen] Pass 'cultureTerrainNudge' completed in 0.1ms
[WorldGen] Pass 'smoothing' completed in 0.6ms
[WorldGen] Pass 'validation' completed in 0.3ms

stderr | src/engine/__tests__/content-layer1-integration.test.ts > Layer 1 content integration > agent lifecycle events fire during 100-tick simulation
[WorldGen] Validation errors: [ 'Ocean fraction too low: 7.4%' ]
[GraphSchema] Edge "belongs_to" source should be ["actor","location"], got "region" (edge edge_hist_territory_region_15_hist_culture_0)
[GraphSchema] Edge "belongs_to" source should be ["actor","location"], got "region" (edge edge_hist_territory_region_19_hist_culture_1)
[GraphSchema] Edge "belongs_to" source should be ["actor","location"], got "region" (edge edge_hist_territory_region_3_hist_culture_2)
[GraphSchema] Edge "belongs_to" source should be ["actor","location"], got "region" (edge edge_hist_territory_region_13_hist_culture_0)
[GraphSchema] Edge "belongs_to" source should be ["actor","location"], got "region" (edge edge_hist_territory_region_14_hist_culture_1)
[GraphSchema] Edge "belongs_to" source should be ["actor","location"], got "region" (edge edge_hist_territory_region_12_hist_culture_2)
[GraphSchema] Edge "belongs_to" source should be ["actor","location"], got "region" (edge edge_hist_territory_region_16_hist_culture_0)
[GraphSchema] Edge "belongs_to" source should be ["actor","location"], got "region" (edge edge_hist_territory_region_18_hist_culture_1)
[GraphSchema] Edge "belongs_to" source should be ["actor","location"], got "region" (edge edge_hist_territory_region_17_hist_culture_2)
[GraphSchema] Edge "belongs_to" source should be ["actor","location"], got "region" (edge edge_hist_territory_region_7_hist_culture_0)
[GraphSchema] Edge "belongs_to" source should be ["actor","location"], got "region" (edge edge_hist_territory_region_9_hist_culture_2)
[GraphSchema] Edge "belongs_to" source should be ["actor","location"], got "region" (edge edge_hist_territory_region_11_hist_culture_0)
[GraphSchema] Edge "belongs_to" source should be ["actor","location"], got "region" (edge edge_hist_territory_region_2_hist_culture_2)
[GraphSchema] Edge "belongs_to" source should be ["actor","location"], got "region" (edge edge_hist_territory_region_0_hist_culture_0)
[GraphSchema] Edge "belongs_to" source should be ["actor","location"], got "region" (edge edge_hist_territory_region_6_hist_culture_2)
[GraphSchema] Edge "belongs_to" source should be ["actor","location"], got "region" (edge edge_hist_territory_region_10_hist_culture_0)
[GraphSchema] Edge "belongs_to" source should be ["actor","location"], got "region" (edge edge_hist_territory_region_1_hist_culture_2)
[GraphSchema] Edge "belongs_to" source should be ["actor","location"], got "region" (edge edge_hist_territory_region_5_hist_culture_0)
[Orchestrator] Tick crashed, returning previous state: Error: Trait not found: trait.reputation.power.renown
    at assignTrait (C:/Users/chris/Dev/Projects/TheFantasyWorldSimulator/src/engine/traits.ts:44:25)
    at syncReputationTrait (C:/Users/chris/Dev/Projects/TheFantasyWorldSimulator/src/engine/phaseReputationTraits.ts:297:5)
    at phaseReputationTraits (C:/Users/chris/Dev/Projects/TheFantasyWorldSimulator/src/engine/phaseReputationTraits.ts:273:7)
    at runTick (C:/Users/chris/Dev/Projects/TheFantasyWorldSimulator/src/engine/orchestrator.ts:1896:18)
    at C:/Users/chris/Dev/Projects/TheFantasyWorldSimulator/src/engine/__tests__/content-layer1-integration.test.ts:295:17
    at file:///C:/Users/chris/Dev/Projects/TheFantasyWorldSimulator/node_modules/@vitest/runner/dist/index.js:145:11
    at file:///C:/Users/chris/Dev/Projects/TheFantasyWorldSimulator/node_modules/@vitest/runner/dist/index.js:915:26
    at file:///C:/Users/chris/Dev/Projects/TheFantasyWorldSimulator/node_modules/@vitest/runner/dist/index.js:1243:20
    at new Promise (<anonymous>)
    at runWithTimeout (file:///C:/Users/chris/Dev/Projects/TheFantasyWorldSimulator/node_modules/@vitest/runner/dist/index.js:1209:10)
[Orchestrator] Tick crashed, returning previous state: Error: Trait not found: trait.reputation.power.renown
    at assignTrait (C:/Users/chris/Dev/Projects/TheFantasyWorldSimulator/src/engine/traits.ts:44:25)
    at syncReputationTrait (C:/Users/chris/Dev/Projects/TheFantasyWorldSimulator/src/engine/phaseReputationTraits.ts:297:5)
    at phaseReputationTraits (C:/Users/chris/Dev/Projects/TheFantasyWorldSimulator/src/engine/phaseReputationTraits.ts:273:7)
    at runTick (C:/Users/chris/Dev/Projects/TheFantasyWorldSimulator/src/engine/orchestrator.ts:1896:18)
    at C:/Users/chris/Dev/Projects/TheFantasyWorldSimulator/src/engine/__tests__/content-layer1-integration.test.ts:295:17
    at file:///C:/Users/chris/Dev/Projects/TheFantasyWorldSimulator/node_modules/@vitest/runner/dist/index.js:145:11
    at file:///C:/Users/chris/Dev/Projects/TheFantasyWorldSimulator/node_modules/@vitest/runner/dist/index.js:915:26
    at file:///C:/Users/chris/Dev/Projects/TheFantasyWorldSimulator/node_modules/@vitest/runner/dist/index.js:1243:20
    at new Promise (<anonymous>)
    at runWithTimeout (file:///C:/Users/chris/Dev/Projects/TheFantasyWorldSimulator/node_modules/@vitest/runner/dist/index.js:1209:10)
[Orchestrator] Tick crashed, returning previous state: Error: Trait not found: trait.reputation.power.renown
    at assignTrait (C:/Users/chris/Dev/Projects/TheFantasyWorldSimulator/src/engine/traits.ts:44:25)
    at syncReputationTrait (C:/Users/chris/Dev/Projects/TheFantasyWorldSimulator/src/engine/phaseReputationTraits.ts:297:5)
    at phaseReputationTraits (C:/Users/chris/Dev/Projects/TheFantasyWorldSimulator/src/engine/phaseReputationTraits.ts:273:7)
    at runTick (C:/Users/chris/Dev/Projects/TheFantasyWorldSimulator/src/engine/orchestrator.ts:1896:18)
    at C:/Users/chris/Dev/Projects/TheFantasyWorldSimulator/src/engine/__tests__/content-layer1-integration.test.ts:295:17
    at file:///C:/Users/chris/Dev/Projects/TheFantasyWorldSimulator/node_modules/@vitest/runner/dist/index.js:145:11
    at file:///C:/Users/chris/Dev/Projects/TheFantasyWorldSimulator/node_modules/@vitest/runner/dist/index.js:915:26
    at file:///C:/Users/chris/Dev/Projects/TheFantasyWorldSimulator/node_modules/@vitest/runner/dist/index.js:1243:20
    at new Promise (<anonymous>)
    at runWithTimeout (file:///C:/Users/chris/Dev/Projects/TheFantasyWorldSimulator/node_modules/@vitest/runner/dist/index.js:1209:10)
[Orchestrator] Tick crashed, returning previous state: Error: Trait not found: trait.reputation.power.renown
    at assignTrait (C:/Users/chris/Dev/Projects/TheFantasyWorldSimulator/src/engine/traits.ts:44:25)
    at syncReputationTrait (C:/Users/chris/Dev/Projects/TheFantasyWorldSimulator/src/engine/phaseReputationTraits.ts:297:5)
    at phaseReputationTraits (C:/Users/chris/Dev/Projects/TheFantasyWorldSimulator/src/engine/phaseReputationTraits.ts:273:7)
    at runTick (C:/Users/chris/Dev/Projects/TheFantasyWorldSimulator/src/engine/orchestrator.ts:1896:18)
    at C:/Users/chris/Dev/Projects/TheFantasyWorldSimulator/src/engine/__tests__/content-layer1-integration.test.ts:295:17
    at file:///C:/Users/chris/Dev/Projects/TheFantasyWorldSimulator/node_modules/@vitest/runner/dist/index.js:145:11
    at file:///C:/Users/chris/Dev/Projects/TheFantasyWorldSimulator/node_modules/@vitest/runner/dist/index.js:915:26
    at file:///C:/Users/chris/Dev/Projects/TheFantasyWorldSimulator/node_modules/@vitest/runner/dist/index.js:1243:20
    at new Promise (<anonymous>)
    at runWithTimeout (file:///C:/Users/chris/Dev/Projects/TheFantasyWorldSimulator/node_modules/@vitest/runner/dist/index.js:1209:10)
[Orchestrator] Tick crashed, returning previous state: Error: Trait not found: trait.reputation.power.renown
    at assignTrait (C:/Users/chris/Dev/Projects/TheFantasyWorldSimulator/src/engine/traits.ts:44:25)
    at syncReputationTrait (C:/Users/chris/Dev/Projects/TheFantasyWorldSimulator/src/engine/phaseReputationTraits.ts:297:5)
    at phaseReputationTraits (C:/Users/chris/Dev/Projects/TheFantasyWorldSimulator/src/engine/phaseReputationTraits.ts:273:7)
    at runTick (C:/Users/chris/Dev/Projects/TheFantasyWorldSimulator/src/engine/orchestrator.ts:1896:18)
    at C:/Users/chris/Dev/Projects/TheFantasyWorldSimulator/src/engine/__tests__/content-layer1-integration.test.ts:295:17
    at file:///C:/Users/chris/Dev/Projects/TheFantasyWorldSimulator/node_modules/@vitest/runner/dist/index.js:145:11
    at file:///C:/Users/chris/Dev/Projects/TheFantasyWorldSimulator/node_modules/@vitest/runner/dist/index.js:915:26
    at file:///C:/Users/chris/Dev/Projects/TheFantasyWorldSimulator/node_modules/@vitest/runner/dist/index.js:1243:20
    at new Promise (<anonymous>)
    at runWithTimeout (file:///C:/Users/chris/Dev/Projects/TheFantasyWorldSimulator/node_modules/@vitest/runner/dist/index.js:1209:10)
[Orchestrator] Tick crashed, returning previous state: Error: Trait not found: trait.reputation.power.renown
    at assignTrait (C:/Users/chris/Dev/Projects/TheFantasyWorldSimulator/src/engine/traits.ts:44:25)
    at syncReputationTrait (C:/Users/chris/Dev/Projects/TheFantasyWorldSimulator/src/engine/phaseReputationTraits.ts:297:5)
    at phaseReputationTraits (C:/Users/chris/Dev/Projects/TheFantasyWorldSimulator/src/engine/phaseReputationTraits.ts:273:7)
    at runTick (C:/Users/chris/Dev/Projects/TheFantasyWorldSimulator/src/engine/orchestrator.ts:1896:18)
    at C:/Users/chris/Dev/Projects/TheFantasyWorldSimulator/src/engine/__tests__/content-layer1-integration.test.ts:295:17
    at file:///C:/Users/chris/Dev/Projects/TheFantasyWorldSimulator/node_modules/@vitest/runner/dist/index.js:145:11
    at file:///C:/Users/chris/Dev/Projects/TheFantasyWorldSimulator/node_modules/@vitest/runner/dist/index.js:915:26
    at file:///C:/Users/chris/Dev/Projects/TheFantasyWorldSimulator/node_modules/@vitest/runner/dist/index.js:1243:20
    at new Promise (<anonymous>)
    at runWithTimeout (file:///C:/Users/chris/Dev/Projects/TheFantasyWorldSimulator/node_modules/@vitest/runner/dist/index.js:1209:10)
[Orchestrator] Tick crashed, returning previous state: Error: Trait not found: trait.reputation.power.renown
    at assignTrait (C:/Users/chris/Dev/Projects/TheFantasyWorldSimulator/src/engine/traits.ts:44:25)
    at syncReputationTrait (C:/Users/chris/Dev/Projects/TheFantasyWorldSimulator/src/engine/phaseReputationTraits.ts:297:5)
    at phaseReputationTraits (C:/Users/chris/Dev/Projects/TheFantasyWorldSimulator/src/engine/phaseReputationTraits.ts:273:7)
    at runTick (C:/Users/chris/Dev/Projects/TheFantasyWorldSimulator/src/engine/orchestrator.ts:1896:18)
    at C:/Users/chris/Dev/Projects/TheFantasyWorldSimulator/src/engine/__tests__/content-layer1-integration.test.ts:295:17
    at file:///C:/Users/chris/Dev/Projects/TheFantasyWorldSimulator/node_modules/@vitest/runner/dist/index.js:145:11
    at file:///C:/Users/chris/Dev/Projects/TheFantasyWorldSimulator/node_modules/@vitest/runner/dist/index.js:915:26
    at file:///C:/Users/chris/Dev/Projects/TheFantasyWorldSimulator/node_modules/@vitest/runner/dist/index.js:1243:20
    at new Promise (<anonymous>)
    at runWithTimeout (file:///C:/Users/chris/Dev/Projects/TheFantasyWorldSimulator/node_modules/@vitest/runner/dist/index.js:1209:10)
[Orchestrator] Tick crashed, returning previous state: Error: Trait not found: trait.reputation.power.renown
    at assignTrait (C:/Users/chris/Dev/Projects/TheFantasyWorldSimulator/src/engine/traits.ts:44:25)
    at syncReputationTrait (C:/Users/chris/Dev/Projects/TheFantasyWorldSimulator/src/engine/phaseReputationTraits.ts:297:5)
    at phaseReputationTraits (C:/Users/chris/Dev/Projects/TheFantasyWorldSimulator/src/engine/phaseReputationTraits.ts:273:7)
    at runTick (C:/Users/chris/Dev/Projects/TheFantasyWorldSimulator/src/engine/orchestrator.ts:1896:18)
    at C:/Users/chris/Dev/Projects/TheFantasyWorldSimulator/src/engine/__tests__/content-layer1-integration.test.ts:295:17
    at file:///C:/Users/chris/Dev/Projects/TheFantasyWorldSimulator/node_modules/@vitest/runner/dist/index.js:145:11
    at file:///C:/Users/chris/Dev/Projects/TheFantasyWorldSimulator/node_modules/@vitest/runner/dist/index.js:915:26
    at file:///C:/Users/chris/Dev/Projects/TheFantasyWorldSimulator/node_modules/@vitest/runner/dist/index.js:1243:20
    at new Promise (<anonymous>)
    at runWithTimeout (file:///C:/Users/chris/Dev/Projects/TheFantasyWorldSimulator/node_modules/@vitest/runner/dist/index.js:1209:10)
[Orchestrator] Tick crashed, returning previous state: Error: Trait not found: trait.reputation.power.renown
    at assignTrait (C:/Users/chris/Dev/Projects/TheFantasyWorldSimulator/src/engine/traits.ts:44:25)
    at syncReputationTrait (C:/Users/chris/Dev/Projects/TheFantasyWorldSimulator/src/engine/phaseReputationTraits.ts:297:5)
    at phaseReputationTraits (C:/Users/chris/Dev/Projects/TheFantasyWorldSimulator/src/engine/phaseReputationTraits.ts:273:7)
    at runTick (C:/Users/chris/Dev/Projects/TheFantasyWorldSimulator/src/engine/orchestrator.ts:1896:18)
    at C:/Users/chris/Dev/Projects/TheFantasyWorldSimulator/src/engine/__tests__/content-layer1-integration.test.ts:295:17
    at file:///C:/Users/chris/Dev/Projects/TheFantasyWorldSimulator/node_modules/@vitest/runner/dist/index.js:145:11
    at file:///C:/Users/chris/Dev/Projects/TheFantasyWorldSimulator/node_modules/@vitest/runner/dist/index.js:915:26
    at file:///C:/Users/chris/Dev/Projects/TheFantasyWorldSimulator/node_modules/@vitest/runner/dist/index.js:1243:20
    at new Promise (<anonymous>)
    at runWithTimeout (file:///C:/Users/chris/Dev/Projects/TheFantasyWorldSimulator/node_modules/@vitest/runner/dist/index.js:1209:10)
[Orchestrator] Tick crashed, returning previous state: Error: Trait not found: trait.reputation.power.renown
    at assignTrait (C:/Users/chris/Dev/Projects/TheFantasyWorldSimulator/src/engine/traits.ts:44:25)
    at syncReputationTrait (C:/Users/chris/Dev/Projects/TheFantasyWorldSimulator/src/engine/phaseReputationTraits.ts:297:5)
    at phaseReputationTraits (C:/Users/chris/Dev/Projects/TheFantasyWorldSimulator/src/engine/phaseReputationTraits.ts:273:7)
    at runTick (C:/Users/chris/Dev/Projects/TheFantasyWorldSimulator/src/engine/orchestrator.ts:1896:18)
    at C:/Users/chris/Dev/Projects/TheFantasyWorldSimulator/src/engine/__tests__/content-layer1-integration.test.ts:295:17
    at file:///C:/Users/chris/Dev/Projects/TheFantasyWorldSimulator/node_modules/@vitest/runner/dist/index.js:145:11
    at file:///C:/Users/chris/Dev/Projects/TheFantasyWorldSimulator/node_modules/@vitest/runner/dist/index.js:915:26
    at file:///C:/Users/chris/Dev/Projects/TheFantasyWorldSimulator/node_modules/@vitest/runner/dist/index.js:1243:20
    at new Promise (<anonymous>)
    at runWithTimeout (file:///C:/Users/chris/Dev/Projects/TheFantasyWorldSimulator/node_modules/@vitest/runner/dist/index.js:1209:10)
[Orchestrator] Tick crashed, returning previous state: Error: Trait not found: trait.reputation.power.renown
    at assignTrait (C:/Users/chris/Dev/Projects/TheFantasyWorldSimulator/src/engine/traits.ts:44:25)
    at syncReputationTrait (C:/Users/chris/Dev/Projects/TheFantasyWorldSimulator/src/engine/phaseReputationTraits.ts:297:5)
    at phaseReputationTraits (C:/Users/chris/Dev/Projects/TheFantasyWorldSimulator/src/engine/phaseReputationTraits.ts:273:7)
    at runTick (C:/Users/chris/Dev/Projects/TheFantasyWorldSimulator/src/engine/orchestrator.ts:1896:18)
    at C:/Users/chris/Dev/Projects/TheFantasyWorldSimulator/src/engine/__tests__/content-layer1-integration.test.ts:295:17
    at file:///C:/Users/chris/Dev/Projects/TheFantasyWorldSimulator/node_modules/@vitest/runner/dist/index.js:145:11
    at file:///C:/Users/chris/Dev/Projects/TheFantasyWorldSimulator/node_modules/@vitest/runner/dist/index.js:915:26
    at file:///C:/Users/chris/Dev/Projects/TheFantasyWorldSimulator/node_modules/@vitest/runner/dist/index.js:1243:20
    at new Promise (<anonymous>)
    at runWithTimeout (file:///C:/Users/chris/Dev/Projects/TheFantasyWorldSimulator/node_modules/@vitest/runner/dist/index.js:1209:10)
[Orchestrator] Tick crashed, returning previous state: Error: Trait not found: trait.reputation.power.renown
    at assignTrait (C:/Users/chris/Dev/Projects/TheFantasyWorldSimulator/src/engine/traits.ts:44:25)
    at syncReputationTrait (C:/Users/chris/Dev/Projects/TheFantasyWorldSimulator/src/engine/phaseReputationTraits.ts:297:5)
    at phaseReputationTraits (C:/Users/chris/Dev/Projects/TheFantasyWorldSimulator/src/engine/phaseReputationTraits.ts:273:7)
    at runTick (C:/Users/chris/Dev/Projects/TheFantasyWorldSimulator/src/engine/orchestrator.ts:1896:18)
    at C:/Users/chris/Dev/Projects/TheFantasyWorldSimulator/src/engine/__tests__/content-layer1-integration.test.ts:295:17
    at file:///C:/Users/chris/Dev/Projects/TheFantasyWorldSimulator/node_modules/@vitest/runner/dist/index.js:145:11
    at file:///C:/Users/chris/Dev/Projects/TheFantasyWorldSimulator/node_modules/@vitest/runner/dist/index.js:915:26
    at file:///C:/Users/chris/Dev/Projects/TheFantasyWorldSimulator/node_modules/@vitest/runner/dist/index.js:1243:20
    at new Promise (<anonymous>)
    at runWithTimeout (file:///C:/Users/chris/Dev/Projects/TheFantasyWorldSimulator/node_modules/@vitest/runner/dist/index.js:1209:10)
[Orchestrator] Tick crashed, returning previous state: Error: Trait not found: trait.reputation.power.renown
    at assignTrait (C:/Users/chris/Dev/Projects/TheFantasyWorldSimulator/src/engine/traits.ts:44:25)
    at syncReputationTrait (C:/Users/chris/Dev/Projects/TheFantasyWorldSimulator/src/engine/phaseReputationTraits.ts:297:5)
    at phaseReputationTraits (C:/Users/chris/Dev/Projects/TheFantasyWorldSimulator/src/engine/phaseReputationTraits.ts:273:7)
    at runTick (C:/Users/chris/Dev/Projects/TheFantasyWorldSimulator/src/engine/orchestrator.ts:1896:18)
    at C:/Users/chris/Dev/Projects/TheFantasyWorldSimulator/src/engine/__tests__/content-layer1-integration.test.ts:295:17
    at file:///C:/Users/chris/Dev/Projects/TheFantasyWorldSimulator/node_modules/@vitest/runner/dist/index.js:145:11
    at file:///C:/Users/chris/Dev/Projects/TheFantasyWorldSimulator/node_modules/@vitest/runner/dist/index.js:915:26
    at file:///C:/Users/chris/Dev/Projects/TheFantasyWorldSimulator/node_modules/@vitest/runner/dist/index.js:1243:20
    at new Promise (<anonymous>)
    at runWithTimeout (file:///C:/Users/chris/Dev/Projects/TheFantasyWorldSimulator/node_modules/@vitest/runner/dist/index.js:1209:10)
[Orchestrator] Tick crashed, returning previous state: Error: Trait not found: trait.reputation.power.renown
    at assignTrait (C:/Users/chris/Dev/Projects/TheFantasyWorldSimulator/src/engine/traits.ts:44:25)
    at syncReputationTrait (C:/Users/chris/Dev/Projects/TheFantasyWorldSimulator/src/engine/phaseReputationTraits.ts:297:5)
    at phaseReputationTraits (C:/Users/chris/Dev/Projects/TheFantasyWorldSimulator/src/engine/phaseReputationTraits.ts:273:7)
    at runTick (C:/Users/chris/Dev/Projects/TheFantasyWorldSimulator/src/engine/orchestrator.ts:1896:18)
    at C:/Users/chris/Dev/Projects/TheFantasyWorldSimulator/src/engine/__tests__/content-layer1-integration.test.ts:295:17
    at file:///C:/Users/chris/Dev/Projects/TheFantasyWorldSimulator/node_modules/@vitest/runner/dist/index.js:145:11
    at file:///C:/Users/chris/Dev/Projects/TheFantasyWorldSimulator/node_modules/@vitest/runner/dist/index.js:915:26
    at file:///C:/Users/chris/Dev/Projects/TheFantasyWorldSimulator/node_modules/@vitest/runner/dist/index.js:1243:20
    at new Promise (<anonymous>)
    at runWithTimeout (file:///C:/Users/chris/Dev/Projects/TheFantasyWorldSimulator/node_modules/@vitest/runner/dist/index.js:1209:10)
[Orchestrator] Tick crashed, returning previous state: Error: Trait not found: trait.reputation.power.renown
    at assignTrait (C:/Users/chris/Dev/Projects/TheFantasyWorldSimulator/src/engine/traits.ts:44:25)
    at syncReputationTrait (C:/Users/chris/Dev/Projects/TheFantasyWorldSimulator/src/engine/phaseReputationTraits.ts:297:5)
    at phaseReputationTraits (C:/Users/chris/Dev/Projects/TheFantasyWorldSimulator/src/engine/phaseReputationTraits.ts:273:7)
    at runTick (C:/Users/chris/Dev/Projects/TheFantasyWorldSimulator/src/engine/orchestrator.ts:1896:18)
    at C:/Users/chris/Dev/Projects/TheFantasyWorldSimulator/src/engine/__tests__/content-layer1-integration.test.ts:295:17
    at file:///C:/Users/chris/Dev/Projects/TheFantasyWorldSimulator/node_modules/@vitest/runner/dist/index.js:145:11
    at file:///C:/Users/chris/Dev/Projects/TheFantasyWorldSimulator/node_modules/@vitest/runner/dist/index.js:915:26
    at file:///C:/Users/chris/Dev/Projects/TheFantasyWorldSimulator/node_modules/@vitest/runner/dist/index.js:1243:20
    at new Promise (<anonymous>)
    at runWithTimeout (file:///C:/Users/chris/Dev/Projects/TheFantasyWorldSimulator/node_modules/@vitest/runner/dist/index.js:1209:10)
[Orchestrator] Tick crashed, returning previous state: Error: Trait not found: trait.reputation.power.renown
    at assignTrait (C:/Users/chris/Dev/Projects/TheFantasyWorldSimulator/src/engine/traits.ts:44:25)
    at syncReputationTrait (C:/Users/chris/Dev/Projects/TheFantasyWorldSimulator/src/engine/phaseReputationTraits.ts:297:5)
    at phaseReputationTraits (C:/Users/chris/Dev/Projects/TheFantasyWorldSimulator/src/engine/phaseReputationTraits.ts:273:7)
    at runTick (C:/Users/chris/Dev/Projects/TheFantasyWorldSimulator/src/engine/orchestrator.ts:1896:18)
    at C:/Users/chris/Dev/Projects/TheFantasyWorldSimulator/src/engine/__tests__/content-layer1-integration.test.ts:295:17
    at file:///C:/Users/chris/Dev/Projects/TheFantasyWorldSimulator/node_modules/@vitest/runner/dist/index.js:145:11
    at file:///C:/Users/chris/Dev/Projects/TheFantasyWorldSimulator/node_modules/@vitest/runner/dist/index.js:915:26
    at file:///C:/Users/chris/Dev/Projects/TheFantasyWorldSimulator/node_modules/@vitest/runner/dist/index.js:1243:20
    at new Promise (<anonymous>)
    at runWithTimeout (file:///C:/Users/chris/Dev/Projects/TheFantasyWorldSimulator/node_modules/@vitest/runner/dist/index.js:1209:10)
[Orchestrator] Tick crashed, returning previous state: Error: Trait not found: trait.reputation.power.renown
    at assignTrait (C:/Users/chris/Dev/Projects/TheFantasyWorldSimulator/src/engine/traits.ts:44:25)
    at syncReputationTrait (C:/Users/chris/Dev/Projects/TheFantasyWorldSimulator/src/engine/phaseReputationTraits.ts:297:5)
    at phaseReputationTraits (C:/Users/chris/Dev/Projects/TheFantasyWorldSimulator/src/engine/phaseReputationTraits.ts:273:7)
    at runTick (C:/Users/chris/Dev/Projects/TheFantasyWorldSimulator/src/engine/orchestrator.ts:1896:18)
    at C:/Users/chris/Dev/Projects/TheFantasyWorldSimulator/src/engine/__tests__/content-layer1-integration.test.ts:295:17
    at file:///C:/Users/chris/Dev/Projects/TheFantasyWorldSimulator/node_modules/@vitest/runner/dist/index.js:145:11
    at file:///C:/Users/chris/Dev/Projects/TheFantasyWorldSimulator/node_modules/@vitest/runner/dist/index.js:915:26
    at file:///C:/Users/chris/Dev/Projects/TheFantasyWorldSimulator/node_modules/@vitest/runner/dist/index.js:1243:20
    at new Promise (<anonymous>)
    at runWithTimeout (file:///C:/Users/chris/Dev/Projects/TheFantasyWorldSimulator/node_modules/@vitest/runner/dist/index.js:1209:10)
[Orchestrator] Tick crashed, returning previous state: Error: Trait not found: trait.reputation.power.renown
    at assignTrait (C:/Users/chris/Dev/Projects/TheFantasyWorldSimulator/src/engine/traits.ts:44:25)
    at syncReputationTrait (C:/Users/chris/Dev/Projects/TheFantasyWorldSimulator/src/engine/phaseReputationTraits.ts:297:5)
    at phaseReputationTraits (C:/Users/chris/Dev/Projects/TheFantasyWorldSimulator/src/engine/phaseReputationTraits.ts:273:7)
    at runTick (C:/Users/chris/Dev/Projects/TheFantasyWorldSimulator/src/engine/orchestrator.ts:1896:18)
    at C:/Users/chris/Dev/Projects/TheFantasyWorldSimulator/src/engine/__tests__/content-layer1-integration.test.ts:295:17
    at file:///C:/Users/chris/Dev/Projects/TheFantasyWorldSimulator/node_modules/@vitest/runner/dist/index.js:145:11
    at file:///C:/Users/chris/Dev/Projects/TheFantasyWorldSimulator/node_modules/@vitest/runner/dist/index.js:915:26
    at file:///C:/Users/chris/Dev/Projects/TheFantasyWorldSimulator/node_modules/@vitest/runner/dist/index.js:1243:20
    at new Promise (<anonymous>)
    at runWithTimeout (file:///C:/Users/chris/Dev/Projects/TheFantasyWorldSimulator/node_modules/@vitest/runner/dist/index.js:1209:10)
[Orchestrator] Tick crashed, returning previous state: Error: Trait not found: trait.reputation.power.renown
    at assignTrait (C:/Users/chris/Dev/Projects/TheFantasyWorldSimulator/src/engine/traits.ts:44:25)
    at syncReputationTrait (C:/Users/chris/Dev/Projects/TheFantasyWorldSimulator/src/engine/phaseReputationTraits.ts:297:5)
    at phaseReputationTraits (C:/Users/chris/Dev/Projects/TheFantasyWorldSimulator/src/engine/phaseReputationTraits.ts:273:7)
    at runTick (C:/Users/chris/Dev/Projects/TheFantasyWorldSimulator/src/engine/orchestrator.ts:1896:18)
    at C:/Users/chris/Dev/Projects/TheFantasyWorldSimulator/src/engine/__tests__/content-layer1-integration.test.ts:295:17
    at file:///C:/Users/chris/Dev/Projects/TheFantasyWorldSimulator/node_modules/@vitest/runner/dist/index.js:145:11
    at file:///C:/Users/chris/Dev/Projects/TheFantasyWorldSimulator/node_modules/@vitest/runner/dist/index.js:915:26
    at file:///C:/Users/chris/Dev/Projects/TheFantasyWorldSimulator/node_modules/@vitest/runner/dist/index.js:1243:20
    at new Promise (<anonymous>)
    at runWithTimeout (file:///C:/Users/chris/Dev/Projects/TheFantasyWorldSimulator/node_modules/@vitest/runner/dist/index.js:1209:10)
[Orchestrator] Tick crashed, returning previous state: Error: Trait not found: trait.reputation.power.renown
    at assignTrait (C:/Users/chris/Dev/Projects/TheFantasyWorldSimulator/src/engine/traits.ts:44:25)
    at syncReputationTrait (C:/Users/chris/Dev/Projects/TheFantasyWorldSimulator/src/engine/phaseReputationTraits.ts:297:5)
    at phaseReputationTraits (C:/Users/chris/Dev/Projects/TheFantasyWorldSimulator/src/engine/phaseReputationTraits.ts:273:7)
    at runTick (C:/Users/chris/Dev/Projects/TheFantasyWorldSimulator/src/engine/orchestrator.ts:1896:18)
    at C:/Users/chris/Dev/Projects/TheFantasyWorldSimulator/src/engine/__tests__/content-layer1-integration.test.ts:295:17
    at file:///C:/Users/chris/Dev/Projects/TheFantasyWorldSimulator/node_modules/@vitest/runner/dist/index.js:145:11
    at file:///C:/Users/chris/Dev/Projects/TheFantasyWorldSimulator/node_modules/@vitest/runner/dist/index.js:915:26
    at file:///C:/Users/chris/Dev/Projects/TheFantasyWorldSimulator/node_modules/@vitest/runner/dist/index.js:1243:20
    at new Promise (<anonymous>)
    at runWithTimeout (file:///C:/Users/chris/Dev/Projects/TheFantasyWorldSimulator/node_modules/@vitest/runner/dist/index.js:1209:10)
[Orchestrator] Tick crashed, returning previous state: Error: Trait not found: trait.reputation.power.renown
    at assignTrait (C:/Users/chris/Dev/Projects/TheFantasyWorldSimulator/src/engine/traits.ts:44:25)
    at syncReputationTrait (C:/Users/chris/Dev/Projects/TheFantasyWorldSimulator/src/engine/phaseReputationTraits.ts:297:5)
    at phaseReputationTraits (C:/Users/chris/Dev/Projects/TheFantasyWorldSimulator/src/engine/phaseReputationTraits.ts:273:7)
    at runTick (C:/Users/chris/Dev/Projects/TheFantasyWorldSimulator/src/engine/orchestrator.ts:1896:18)
    at C:/Users/chris/Dev/Projects/TheFantasyWorldSimulator/src/engine/__tests__/content-layer1-integration.test.ts:295:17
    at file:///C:/Users/chris/Dev/Projects/TheFantasyWorldSimulator/node_modules/@vitest/runner/dist/index.js:145:11
    at file:///C:/Users/chris/Dev/Projects/TheFantasyWorldSimulator/node_modules/@vitest/runner/dist/index.js:915:26
    at file:///C:/Users/chris/Dev/Projects/TheFantasyWorldSimulator/node_modules/@vitest/runner/dist/index.js:1243:20
    at new Promise (<anonymous>)
    at runWithTimeout (file:///C:/Users/chris/Dev/Projects/TheFantasyWorldSimulator/node_modules/@vitest/runner/dist/index.js:1209:10)
[Orchestrator] Tick crashed, returning previous state: Error: Trait not found: trait.reputation.power.renown
    at assignTrait (C:/Users/chris/Dev/Projects/TheFantasyWorldSimulator/src/engine/traits.ts:44:25)
    at syncReputationTrait (C:/Users/chris/Dev/Projects/TheFantasyWorldSimulator/src/engine/phaseReputationTraits.ts:297:5)
    at phaseReputationTraits (C:/Users/chris/Dev/Projects/TheFantasyWorldSimulator/src/engine/phaseReputationTraits.ts:273:7)
    at runTick (C:/Users/chris/Dev/Projects/TheFantasyWorldSimulator/src/engine/orchestrator.ts:1896:18)
    at C:/Users/chris/Dev/Projects/TheFantasyWorldSimulator/src/engine/__tests__/content-layer1-integration.test.ts:295:17
    at file:///C:/Users/chris/Dev/Projects/TheFantasyWorldSimulator/node_modules/@vitest/runner/dist/index.js:145:11
    at file:///C:/Users/chris/Dev/Projects/TheFantasyWorldSimulator/node_modules/@vitest/runner/dist/index.js:915:26
    at file:///C:/Users/chris/Dev/Projects/TheFantasyWorldSimulator/node_modules/@vitest/runner/dist/index.js:1243:20
    at new Promise (<anonymous>)
    at runWithTimeout (file:///C:/Users/chris/Dev/Projects/TheFantasyWorldSimulator/node_modules/@vitest/runner/dist/index.js:1209:10)
[Orchestrator] Tick crashed, returning previous state: Error: Trait not found: trait.reputation.power.renown
    at assignTrait (C:/Users/chris/Dev/Projects/TheFantasyWorldSimulator/src/engine/traits.ts:44:25)
    at syncReputationTrait (C:/Users/chris/Dev/Projects/TheFantasyWorldSimulator/src/engine/phaseReputationTraits.ts:297:5)
    at phaseReputationTraits (C:/Users/chris/Dev/Projects/TheFantasyWorldSimulator/src/engine/phaseReputationTraits.ts:273:7)
    at runTick (C:/Users/chris/Dev/Projects/TheFantasyWorldSimulator/src/engine/orchestrator.ts:1896:18)
    at C:/Users/chris/Dev/Projects/TheFantasyWorldSimulator/src/engine/__tests__/content-layer1-integration.test.ts:295:17
    at file:///C:/Users/chris/Dev/Projects/TheFantasyWorldSimulator/node_modules/@vitest/runner/dist/index.js:145:11
    at file:///C:/Users/chris/Dev/Projects/TheFantasyWorldSimulator/node_modules/@vitest/runner/dist/index.js:915:26
    at file:///C:/Users/chris/Dev/Projects/TheFantasyWorldSimulator/node_modules/@vitest/runner/dist/index.js:1243:20
    at new Promise (<anonymous>)
    at runWithTimeout (file:///C:/Users/chris/Dev/Projects/TheFantasyWorldSimulator/node_modules/@vitest/runner/dist/index.js:1209:10)
[Orchestrator] Tick crashed, returning previous state: Error: Trait not found: trait.reputation.power.renown
    at assignTrait (C:/Users/chris/Dev/Projects/TheFantasyWorldSimulator/src/engine/traits.ts:44:25)
    at syncReputationTrait (C:/Users/chris/Dev/Projects/TheFantasyWorldSimulator/src/engine/phaseReputationTraits.ts:297:5)
    at phaseReputationTraits (C:/Users/chris/Dev/Projects/TheFantasyWorldSimulator/src/engine/phaseReputationTraits.ts:273:7)
    at runTick (C:/Users/chris/Dev/Projects/TheFantasyWorldSimulator/src/engine/orchestrator.ts:1896:18)
    at C:/Users/chris/Dev/Projects/TheFantasyWorldSimulator/src/engine/__tests__/content-layer1-integration.test.ts:295:17
    at file:///C:/Users/chris/Dev/Projects/TheFantasyWorldSimulator/node_modules/@vitest/runner/dist/index.js:145:11
    at file:///C:/Users/chris/Dev/Projects/TheFantasyWorldSimulator/node_modules/@vitest/runner/dist/index.js:915:26
    at file:///C:/Users/chris/Dev/Projects/TheFantasyWorldSimulator/node_modules/@vitest/runner/dist/index.js:1243:20
    at new Promise (<anonymous>)
    at runWithTimeout (file:///C:/Users/chris/Dev/Projects/TheFantasyWorldSimulator/node_modules/@vitest/runner/dist/index.js:1209:10)
[Orchestrator] Tick crashed, returning previous state: Error: Trait not found: trait.reputation.power.renown
    at assignTrait (C:/Users/chris/Dev/Projects/TheFantasyWorldSimulator/src/engine/traits.ts:44:25)
    at syncReputationTrait (C:/Users/chris/Dev/Projects/TheFantasyWorldSimulator/src/engine/phaseReputationTraits.ts:297:5)
    at phaseReputationTraits (C:/Users/chris/Dev/Projects/TheFantasyWorldSimulator/src/engine/phaseReputationTraits.ts:273:7)
    at runTick (C:/Users/chris/Dev/Projects/TheFantasyWorldSimulator/src/engine/orchestrator.ts:1896:18)
    at C:/Users/chris/Dev/Projects/TheFantasyWorldSimulator/src/engine/__tests__/content-layer1-integration.test.ts:295:17
    at file:///C:/Users/chris/Dev/Projects/TheFantasyWorldSimulator/node_modules/@vitest/runner/dist/index.js:145:11
    at file:///C:/Users/chris/Dev/Projects/TheFantasyWorldSimulator/node_modules/@vitest/runner/dist/index.js:915:26
    at file:///C:/Users/chris/Dev/Projects/TheFantasyWorldSimulator/node_modules/@vitest/runner/dist/index.js:1243:20
    at new Promise (<anonymous>)
    at runWithTimeout (file:///C:/Users/chris/Dev/Projects/TheFantasyWorldSimulator/node_modules/@vitest/runner/dist/index.js:1209:10)
[Orchestrator] Tick crashed, returning previous state: Error: Trait not found: trait.reputation.power.renown
    at assignTrait (C:/Users/chris/Dev/Projects/TheFantasyWorldSimulator/src/engine/traits.ts:44:25)
    at syncReputationTrait (C:/Users/chris/Dev/Projects/TheFantasyWorldSimulator/src/engine/phaseReputationTraits.ts:297:5)
    at phaseReputationTraits (C:/Users/chris/Dev/Projects/TheFantasyWorldSimulator/src/engine/phaseReputationTraits.ts:273:7)
    at runTick (C:/Users/chris/Dev/Projects/TheFantasyWorldSimulator/src/engine/orchestrator.ts:1896:18)
    at C:/Users/chris/Dev/Projects/TheFantasyWorldSimulator/src/engine/__tests__/content-layer1-integration.test.ts:295:17
    at file:///C:/Users/chris/Dev/Projects/TheFantasyWorldSimulator/node_modules/@vitest/runner/dist/index.js:145:11
    at file:///C:/Users/chris/Dev/Projects/TheFantasyWorldSimulator/node_modules/@vitest/runner/dist/index.js:915:26
    at file:///C:/Users/chris/Dev/Projects/TheFantasyWorldSimulator/node_modules/@vitest/runner/dist/index.js:1243:20
    at new Promise (<anonymous>)
    at runWithTimeout (file:///C:/Users/chris/Dev/Projects/TheFantasyWorldSimulator/node_modules/@vitest/runner/dist/index.js:1209:10)
[Orchestrator] Tick crashed, returning previous state: Error: Trait not found: trait.reputation.power.renown
    at assignTrait (C:/Users/chris/Dev/Projects/TheFantasyWorldSimulator/src/engine/traits.ts:44:25)
    at syncReputationTrait (C:/Users/chris/Dev/Projects/TheFantasyWorldSimulator/src/engine/phaseReputationTraits.ts:297:5)
    at phaseReputationTraits (C:/Users/chris/Dev/Projects/TheFantasyWorldSimulator/src/engine/phaseReputationTraits.ts:273:7)
    at runTick (C:/Users/chris/Dev/Projects/TheFantasyWorldSimulator/src/engine/orchestrator.ts:1896:18)
    at C:/Users/chris/Dev/Projects/TheFantasyWorldSimulator/src/engine/__tests__/content-layer1-integration.test.ts:295:17
    at file:///C:/Users/chris/Dev/Projects/TheFantasyWorldSimulator/node_modules/@vitest/runner/dist/index.js:145:11
    at file:///C:/Users/chris/Dev/Projects/TheFantasyWorldSimulator/node_modules/@vitest/runner/dist/index.js:915:26
    at file:///C:/Users/chris/Dev/Projects/TheFantasyWorldSimulator/node_modules/@vitest/runner/dist/index.js:1243:20
    at new Promise (<anonymous>)
    at runWithTimeout (file:///C:/Users/chris/Dev/Projects/TheFantasyWorldSimulator/node_modules/@vitest/runner/dist/index.js:1209:10)
[Orchestrator] Tick crashed, returning previous state: Error: Trait not found: trait.reputation.power.renown
    at assignTrait (C:/Users/chris/Dev/Projects/TheFantasyWorldSimulator/src/engine/traits.ts:44:25)
    at syncReputationTrait (C:/Users/chris/Dev/Projects/TheFantasyWorldSimulator/src/engine/phaseReputationTraits.ts:297:5)
    at phaseReputationTraits (C:/Users/chris/Dev/Projects/TheFantasyWorldSimulator/src/engine/phaseReputationTraits.ts:273:7)
    at runTick (C:/Users/chris/Dev/Projects/TheFantasyWorldSimulator/src/engine/orchestrator.ts:1896:18)
    at C:/Users/chris/Dev/Projects/TheFantasyWorldSimulator/src/engine/__tests__/content-layer1-integration.test.ts:295:17
    at file:///C:/Users/chris/Dev/Projects/TheFantasyWorldSimulator/node_modules/@vitest/runner/dist/index.js:145:11
    at file:///C:/Users/chris/Dev/Projects/TheFantasyWorldSimulator/node_modules/@vitest/runner/dist/index.js:915:26
    at file:///C:/Users/chris/Dev/Projects/TheFantasyWorldSimulator/node_modules/@vitest/runner/dist/index.js:1243:20
    at new Promise (<anonymous>)
    at runWithTimeout (file:///C:/Users/chris/Dev/Projects/TheFantasyWorldSimulator/node_modules/@vitest/runner/dist/index.js:1209:10)
[Orchestrator] Tick crashed, returning previous state: Error: Trait not found: trait.reputation.power.renown
    at assignTrait (C:/Users/chris/Dev/Projects/TheFantasyWorldSimulator/src/engine/traits.ts:44:25)
    at syncReputationTrait (C:/Users/chris/Dev/Projects/TheFantasyWorldSimulator/src/engine/phaseReputationTraits.ts:297:5)
    at phaseReputationTraits (C:/Users/chris/Dev/Projects/TheFantasyWorldSimulator/src/engine/phaseReputationTraits.ts:273:7)
    at runTick (C:/Users/chris/Dev/Projects/TheFantasyWorldSimulator/src/engine/orchestrator.ts:1896:18)
    at C:/Users/chris/Dev/Projects/TheFantasyWorldSimulator/src/engine/__tests__/content-layer1-integration.test.ts:295:17
    at file:///C:/Users/chris/Dev/Projects/TheFantasyWorldSimulator/node_modules/@vitest/runner/dist/index.js:145:11
    at file:///C:/Users/chris/Dev/Projects/TheFantasyWorldSimulator/node_modules/@vitest/runner/dist/index.js:915:26
    at file:///C:/Users/chris/Dev/Projects/TheFantasyWorldSimulator/node_modules/@vitest/runner/dist/index.js:1243:20
    at new Promise (<anonymous>)
    at runWithTimeout (file:///C:/Users/chris/Dev/Projects/TheFantasyWorldSimulator/node_modules/@vitest/runner/dist/index.js:1209:10)
[Orchestrator] Tick crashed, returning previous state: Error: Trait not found: trait.reputation.power.renown
    at assignTrait (C:/Users/chris/Dev/Projects/TheFantasyWorldSimulator/src/engine/traits.ts:44:25)
    at syncReputationTrait (C:/Users/chris/Dev/Projects/TheFantasyWorldSimulator/src/engine/phaseReputationTraits.ts:297:5)
    at phaseReputationTraits (C:/Users/chris/Dev/Projects/TheFantasyWorldSimulator/src/engine/phaseReputationTraits.ts:273:7)
    at runTick (C:/Users/chris/Dev/Projects/TheFantasyWorldSimulator/src/engine/orchestrator.ts:1896:18)
    at C:/Users/chris/Dev/Projects/TheFantasyWorldSimulator/src/engine/__tests__/content-layer1-integration.test.ts:295:17
    at file:///C:/Users/chris/Dev/Projects/TheFantasyWorldSimulator/node_modules/@vitest/runner/dist/index.js:145:11
    at file:///C:/Users/chris/Dev/Projects/TheFantasyWorldSimulator/node_modules/@vitest/runner/dist/index.js:915:26
    at file:///C:/Users/chris/Dev/Projects/TheFantasyWorldSimulator/node_modules/@vitest/runner/dist/index.js:1243:20
    at new Promise (<anonymous>)
    at runWithTimeout (file:///C:/Users/chris/Dev/Projects/TheFantasyWorldSimulator/node_modules/@vitest/runner/dist/index.js:1209:10)
[Orchestrator] Tick crashed, returning previous state: Error: Trait not found: trait.reputation.power.renown
    at assignTrait (C:/Users/chris/Dev/Projects/TheFantasyWorldSimulator/src/engine/traits.ts:44:25)
    at syncReputationTrait (C:/Users/chris/Dev/Projects/TheFantasyWorldSimulator/src/engine/phaseReputationTraits.ts:297:5)
    at phaseReputationTraits (C:/Users/chris/Dev/Projects/TheFantasyWorldSimulator/src/engine/phaseReputationTraits.ts:273:7)
    at runTick (C:/Users/chris/Dev/Projects/TheFantasyWorldSimulator/src/engine/orchestrator.ts:1896:18)
    at C:/Users/chris/Dev/Projects/TheFantasyWorldSimulator/src/engine/__tests__/content-layer1-integration.test.ts:295:17
    at file:///C:/Users/chris/Dev/Projects/TheFantasyWorldSimulator/node_modules/@vitest/runner/dist/index.js:145:11
    at file:///C:/Users/chris/Dev/Projects/TheFantasyWorldSimulator/node_modules/@vitest/runner/dist/index.js:915:26
    at file:///C:/Users/chris/Dev/Projects/TheFantasyWorldSimulator/node_modules/@vitest/runner/dist/index.js:1243:20
    at new Promise (<anonymous>)
    at runWithTimeout (file:///C:/Users/chris/Dev/Projects/TheFantasyWorldSimulator/node_modules/@vitest/runner/dist/index.js:1209:10)
[Orchestrator] Tick crashed, returning previous state: Error: Trait not found: trait.reputation.power.renown
    at assignTrait (C:/Users/chris/Dev/Projects/TheFantasyWorldSimulator/src/engine/traits.ts:44:25)
    at syncReputationTrait (C:/Users/chris/Dev/Projects/TheFantasyWorldSimulator/src/engine/phaseReputationTraits.ts:297:5)
    at phaseReputationTraits (C:/Users/chris/Dev/Projects/TheFantasyWorldSimulator/src/engine/phaseReputationTraits.ts:273:7)
    at runTick (C:/Users/chris/Dev/Projects/TheFantasyWorldSimulator/src/engine/orchestrator.ts:1896:18)
    at C:/Users/chris/Dev/Projects/TheFantasyWorldSimulator/src/engine/__tests__/content-layer1-integration.test.ts:295:17
    at file:///C:/Users/chris/Dev/Projects/TheFantasyWorldSimulator/node_modules/@vitest/runner/dist/index.js:145:11
    at file:///C:/Users/chris/Dev/Projects/TheFantasyWorldSimulator/node_modules/@vitest/runner/dist/index.js:915:26
    at file:///C:/Users/chris/Dev/Projects/TheFantasyWorldSimulator/node_modules/@vitest/runner/dist/index.js:1243:20
    at new Promise (<anonymous>)
    at runWithTimeout (file:///C:/Users/chris/Dev/Projects/TheFantasyWorldSimulator/node_modules/@vitest/runner/dist/index.js:1209:10)
[Orchestrator] Tick crashed, returning previous state: Error: Trait not found: trait.reputation.power.renown
    at assignTrait (C:/Users/chris/Dev/Projects/TheFantasyWorldSimulator/src/engine/traits.ts:44:25)
    at syncReputationTrait (C:/Users/chris/Dev/Projects/TheFantasyWorldSimulator/src/engine/phaseReputationTraits.ts:297:5)
    at phaseReputationTraits (C:/Users/chris/Dev/Projects/TheFantasyWorldSimulator/src/engine/phaseReputationTraits.ts:273:7)
    at runTick (C:/Users/chris/Dev/Projects/TheFantasyWorldSimulator/src/engine/orchestrator.ts:1896:18)
    at C:/Users/chris/Dev/Projects/TheFantasyWorldSimulator/src/engine/__tests__/content-layer1-integration.test.ts:295:17
    at file:///C:/Users/chris/Dev/Projects/TheFantasyWorldSimulator/node_modules/@vitest/runner/dist/index.js:145:11
    at file:///C:/Users/chris/Dev/Projects/TheFantasyWorldSimulator/node_modules/@vitest/runner/dist/index.js:915:26
    at file:///C:/Users/chris/Dev/Projects/TheFantasyWorldSimulator/node_modules/@vitest/runner/dist/index.js:1243:20
    at new Promise (<anonymous>)
    at runWithTimeout (file:///C:/Users/chris/Dev/Projects/TheFantasyWorldSimulator/node_modules/@vitest/runner/dist/index.js:1209:10)
[Orchestrator] Tick crashed, returning previous state: Error: Trait not found: trait.reputation.power.renown
    at assignTrait (C:/Users/chris/Dev/Projects/TheFantasyWorldSimulator/src/engine/traits.ts:44:25)
    at syncReputationTrait (C:/Users/chris/Dev/Projects/TheFantasyWorldSimulator/src/engine/phaseReputationTraits.ts:297:5)
    at phaseReputationTraits (C:/Users/chris/Dev/Projects/TheFantasyWorldSimulator/src/engine/phaseReputationTraits.ts:273:7)
    at runTick (C:/Users/chris/Dev/Projects/TheFantasyWorldSimulator/src/engine/orchestrator.ts:1896:18)
    at C:/Users/chris/Dev/Projects/TheFantasyWorldSimulator/src/engine/__tests__/content-layer1-integration.test.ts:295:17
    at file:///C:/Users/chris/Dev/Projects/TheFantasyWorldSimulator/node_modules/@vitest/runner/dist/index.js:145:11
    at file:///C:/Users/chris/Dev/Projects/TheFantasyWorldSimulator/node_modules/@vitest/runner/dist/index.js:915:26
    at file:///C:/Users/chris/Dev/Projects/TheFantasyWorldSimulator/node_modules/@vitest/runner/dist/index.js:1243:20
    at new Promise (<anonymous>)
    at runWithTimeout (file:///C:/Users/chris/Dev/Projects/TheFantasyWorldSimulator/node_modules/@vitest/runner/dist/index.js:1209:10)
[Orchestrator] Tick crashed, returning previous state: Error: Trait not found: trait.reputation.power.renown
    at assignTrait (C:/Users/chris/Dev/Projects/TheFantasyWorldSimulator/src/engine/traits.ts:44:25)
    at syncReputationTrait (C:/Users/chris/Dev/Projects/TheFantasyWorldSimulator/src/engine/phaseReputationTraits.ts:297:5)
    at phaseReputationTraits (C:/Users/chris/Dev/Projects/TheFantasyWorldSimulator/src/engine/phaseReputationTraits.ts:273:7)
    at runTick (C:/Users/chris/Dev/Projects/TheFantasyWorldSimulator/src/engine/orchestrator.ts:1896:18)
    at C:/Users/chris/Dev/Projects/TheFantasyWorldSimulator/src/engine/__tests__/content-layer1-integration.test.ts:295:17
    at file:///C:/Users/chris/Dev/Projects/TheFantasyWorldSimulator/node_modules/@vitest/runner/dist/index.js:145:11
    at file:///C:/Users/chris/Dev/Projects/TheFantasyWorldSimulator/node_modules/@vitest/runner/dist/index.js:915:26
    at file:///C:/Users/chris/Dev/Projects/TheFantasyWorldSimulator/node_modules/@vitest/runner/dist/index.js:1243:20
    at new Promise (<anonymous>)
    at runWithTimeout (file:///C:/Users/chris/Dev/Projects/TheFantasyWorldSimulator/node_modules/@vitest/runner/dist/index.js:1209:10)
[Orchestrator] Tick crashed, returning previous state: Error: Trait not found: trait.reputation.power.renown
    at assignTrait (C:/Users/chris/Dev/Projects/TheFantasyWorldSimulator/src/engine/traits.ts:44:25)
    at syncReputationTrait (C:/Users/chris/Dev/Projects/TheFantasyWorldSimulator/src/engine/phaseReputationTraits.ts:297:5)
    at phaseReputationTraits (C:/Users/chris/Dev/Projects/TheFantasyWorldSimulator/src/engine/phaseReputationTraits.ts:273:7)
    at runTick (C:/Users/chris/Dev/Projects/TheFantasyWorldSimulator/src/engine/orchestrator.ts:1896:18)
    at C:/Users/chris/Dev/Projects/TheFantasyWorldSimulator/src/engine/__tests__/content-layer1-integration.test.ts:295:17
    at file:///C:/Users/chris/Dev/Projects/TheFantasyWorldSimulator/node_modules/@vitest/runner/dist/index.js:145:11
    at file:///C:/Users/chris/Dev/Projects/TheFantasyWorldSimulator/node_modules/@vitest/runner/dist/index.js:915:26
    at file:///C:/Users/chris/Dev/Projects/TheFantasyWorldSimulator/node_modules/@vitest/runner/dist/index.js:1243:20
    at new Promise (<anonymous>)
    at runWithTimeout (file:///C:/Users/chris/Dev/Projects/TheFantasyWorldSimulator/node_modules/@vitest/runner/dist/index.js:1209:10)
[Orchestrator] Tick crashed, returning previous state: Error: Trait not found: trait.reputation.power.renown
    at assignTrait (C:/Users/chris/Dev/Projects/TheFantasyWorldSimulator/src/engine/traits.ts:44:25)
    at syncReputationTrait (C:/Users/chris/Dev/Projects/TheFantasyWorldSimulator/src/engine/phaseReputationTraits.ts:297:5)
    at phaseReputationTraits (C:/Users/chris/Dev/Projects/TheFantasyWorldSimulator/src/engine/phaseReputationTraits.ts:273:7)
    at runTick (C:/Users/chris/Dev/Projects/TheFantasyWorldSimulator/src/engine/orchestrator.ts:1896:18)
    at C:/Users/chris/Dev/Projects/TheFantasyWorldSimulator/src/engine/__tests__/content-layer1-integration.test.ts:295:17
    at file:///C:/Users/chris/Dev/Projects/TheFantasyWorldSimulator/node_modules/@vitest/runner/dist/index.js:145:11
    at file:///C:/Users/chris/Dev/Projects/TheFantasyWorldSimulator/node_modules/@vitest/runner/dist/index.js:915:26
    at file:///C:/Users/chris/Dev/Projects/TheFantasyWorldSimulator/node_modules/@vitest/runner/dist/index.js:1243:20
    at new Promise (<anonymous>)
    at runWithTimeout (file:///C:/Users/chris/Dev/Projects/TheFantasyWorldSimulator/node_modules/@vitest/runner/dist/index.js:1209:10)
[Orchestrator] Tick crashed, returning previous state: Error: Trait not found: trait.reputation.power.renown
    at assignTrait (C:/Users/chris/Dev/Projects/TheFantasyWorldSimulator/src/engine/traits.ts:44:25)
    at syncReputationTrait (C:/Users/chris/Dev/Projects/TheFantasyWorldSimulator/src/engine/phaseReputationTraits.ts:297:5)
    at phaseReputationTraits (C:/Users/chris/Dev/Projects/TheFantasyWorldSimulator/src/engine/phaseReputationTraits.ts:273:7)
    at runTick (C:/Users/chris/Dev/Projects/TheFantasyWorldSimulator/src/engine/orchestrator.ts:1896:18)
    at C:/Users/chris/Dev/Projects/TheFantasyWorldSimulator/src/engine/__tests__/content-layer1-integration.test.ts:295:17
    at file:///C:/Users/chris/Dev/Projects/TheFantasyWorldSimulator/node_modules/@vitest/runner/dist/index.js:145:11
    at file:///C:/Users/chris/Dev/Projects/TheFantasyWorldSimulator/node_modules/@vitest/runner/dist/index.js:915:26
    at file:///C:/Users/chris/Dev/Projects/TheFantasyWorldSimulator/node_modules/@vitest/runner/dist/index.js:1243:20
    at new Promise (<anonymous>)
    at runWithTimeout (file:///C:/Users/chris/Dev/Projects/TheFantasyWorldSimulator/node_modules/@vitest/runner/dist/index.js:1209:10)
[Orchestrator] Tick crashed, returning previous state: Error: Trait not found: trait.reputation.power.renown
    at assignTrait (C:/Users/chris/Dev/Projects/TheFantasyWorldSimulator/src/engine/traits.ts:44:25)
    at syncReputationTrait (C:/Users/chris/Dev/Projects/TheFantasyWorldSimulator/src/engine/phaseReputationTraits.ts:297:5)
    at phaseReputationTraits (C:/Users/chris/Dev/Projects/TheFantasyWorldSimulator/src/engine/phaseReputationTraits.ts:273:7)
    at runTick (C:/Users/chris/Dev/Projects/TheFantasyWorldSimulator/src/engine/orchestrator.ts:1896:18)
    at C:/Users/chris/Dev/Projects/TheFantasyWorldSimulator/src/engine/__tests__/content-layer1-integration.test.ts:295:17
    at file:///C:/Users/chris/Dev/Projects/TheFantasyWorldSimulator/node_modules/@vitest/runner/dist/index.js:145:11
    at file:///C:/Users/chris/Dev/Projects/TheFantasyWorldSimulator/node_modules/@vitest/runner/dist/index.js:915:26
    at file:///C:/Users/chris/Dev/Projects/TheFantasyWorldSimulator/node_modules/@vitest/runner/dist/index.js:1243:20
    at new Promise (<anonymous>)
    at runWithTimeout (file:///C:/Users/chris/Dev/Projects/TheFantasyWorldSimulator/node_modules/@vitest/runner/dist/index.js:1209:10)
[Orchestrator] Tick crashed, returning previous state: Error: Trait not found: trait.reputation.power.renown
    at assignTrait (C:/Users/chris/Dev/Projects/TheFantasyWorldSimulator/src/engine/traits.ts:44:25)
    at syncReputationTrait (C:/Users/chris/Dev/Projects/TheFantasyWorldSimulator/src/engine/phaseReputationTraits.ts:297:5)
    at phaseReputationTraits (C:/Users/chris/Dev/Projects/TheFantasyWorldSimulator/src/engine/phaseReputationTraits.ts:273:7)
    at runTick (C:/Users/chris/Dev/Projects/TheFantasyWorldSimulator/src/engine/orchestrator.ts:1896:18)
    at C:/Users/chris/Dev/Projects/TheFantasyWorldSimulator/src/engine/__tests__/content-layer1-integration.test.ts:295:17
    at file:///C:/Users/chris/Dev/Projects/TheFantasyWorldSimulator/node_modules/@vitest/runner/dist/index.js:145:11
    at file:///C:/Users/chris/Dev/Projects/TheFantasyWorldSimulator/node_modules/@vitest/runner/dist/index.js:915:26
    at file:///C:/Users/chris/Dev/Projects/TheFantasyWorldSimulator/node_modules/@vitest/runner/dist/index.js:1243:20
    at new Promise (<anonymous>)
    at runWithTimeout (file:///C:/Users/chris/Dev/Projects/TheFantasyWorldSimulator/node_modules/@vitest/runner/dist/index.js:1209:10)
[Orchestrator] Tick crashed, returning previous state: Error: Trait not found: trait.reputation.power.renown
    at assignTrait (C:/Users/chris/Dev/Projects/TheFantasyWorldSimulator/src/engine/traits.ts:44:25)
    at syncReputationTrait (C:/Users/chris/Dev/Projects/TheFantasyWorldSimulator/src/engine/phaseReputationTraits.ts:297:5)
    at phaseReputationTraits (C:/Users/chris/Dev/Projects/TheFantasyWorldSimulator/src/engine/phaseReputationTraits.ts:273:7)
    at runTick (C:/Users/chris/Dev/Projects/TheFantasyWorldSimulator/src/engine/orchestrator.ts:1896:18)
    at C:/Users/chris/Dev/Projects/TheFantasyWorldSimulator/src/engine/__tests__/content-layer1-integration.test.ts:295:17
    at file:///C:/Users/chris/Dev/Projects/TheFantasyWorldSimulator/node_modules/@vitest/runner/dist/index.js:145:11
    at file:///C:/Users/chris/Dev/Projects/TheFantasyWorldSimulator/node_modules/@vitest/runner/dist/index.js:915:26
    at file:///C:/Users/chris/Dev/Projects/TheFantasyWorldSimulator/node_modules/@vitest/runner/dist/index.js:1243:20
    at new Promise (<anonymous>)
    at runWithTimeout (file:///C:/Users/chris/Dev/Projects/TheFantasyWorldSimulator/node_modules/@vitest/runner/dist/index.js:1209:10)
[Orchestrator] Tick crashed, returning previous state: Error: Trait not found: trait.reputation.power.renown
    at assignTrait (C:/Users/chris/Dev/Projects/TheFantasyWorldSimulator/src/engine/traits.ts:44:25)
    at syncReputationTrait (C:/Users/chris/Dev/Projects/TheFantasyWorldSimulator/src/engine/phaseReputationTraits.ts:297:5)
    at phaseReputationTraits (C:/Users/chris/Dev/Projects/TheFantasyWorldSimulator/src/engine/phaseReputationTraits.ts:273:7)
    at runTick (C:/Users/chris/Dev/Projects/TheFantasyWorldSimulator/src/engine/orchestrator.ts:1896:18)
    at C:/Users/chris/Dev/Projects/TheFantasyWorldSimulator/src/engine/__tests__/content-layer1-integration.test.ts:295:17
    at file:///C:/Users/chris/Dev/Projects/TheFantasyWorldSimulator/node_modules/@vitest/runner/dist/index.js:145:11
    at file:///C:/Users/chris/Dev/Projects/TheFantasyWorldSimulator/node_modules/@vitest/runner/dist/index.js:915:26
    at file:///C:/Users/chris/Dev/Projects/TheFantasyWorldSimulator/node_modules/@vitest/runner/dist/index.js:1243:20
    at new Promise (<anonymous>)
    at runWithTimeout (file:///C:/Users/chris/Dev/Projects/TheFantasyWorldSimulator/node_modules/@vitest/runner/dist/index.js:1209:10)
[Orchestrator] Tick crashed, returning previous state: Error: Trait not found: trait.reputation.power.renown
    at assignTrait (C:/Users/chris/Dev/Projects/TheFantasyWorldSimulator/src/engine/traits.ts:44:25)
    at syncReputationTrait (C:/Users/chris/Dev/Projects/TheFantasyWorldSimulator/src/engine/phaseReputationTraits.ts:297:5)
    at phaseReputationTraits (C:/Users/chris/Dev/Projects/TheFantasyWorldSimulator/src/engine/phaseReputationTraits.ts:273:7)
    at runTick (C:/Users/chris/Dev/Projects/TheFantasyWorldSimulator/src/engine/orchestrator.ts:1896:18)
    at C:/Users/chris/Dev/Projects/TheFantasyWorldSimulator/src/engine/__tests__/content-layer1-integration.test.ts:295:17
    at file:///C:/Users/chris/Dev/Projects/TheFantasyWorldSimulator/node_modules/@vitest/runner/dist/index.js:145:11
    at file:///C:/Users/chris/Dev/Projects/TheFantasyWorldSimulator/node_modules/@vitest/runner/dist/index.js:915:26
    at file:///C:/Users/chris/Dev/Projects/TheFantasyWorldSimulator/node_modules/@vitest/runner/dist/index.js:1243:20
    at new Promise (<anonymous>)
    at runWithTimeout (file:///C:/Users/chris/Dev/Projects/TheFantasyWorldSimulator/node_modules/@vitest/runner/dist/index.js:1209:10)
[Orchestrator] Tick crashed, returning previous state: Error: Trait not found: trait.reputation.power.renown
    at assignTrait (C:/Users/chris/Dev/Projects/TheFantasyWorldSimulator/src/engine/traits.ts:44:25)
    at syncReputationTrait (C:/Users/chris/Dev/Projects/TheFantasyWorldSimulator/src/engine/phaseReputationTraits.ts:297:5)
    at phaseReputationTraits (C:/Users/chris/Dev/Projects/TheFantasyWorldSimulator/src/engine/phaseReputationTraits.ts:273:7)
    at runTick (C:/Users/chris/Dev/Projects/TheFantasyWorldSimulator/src/engine/orchestrator.ts:1896:18)
    at C:/Users/chris/Dev/Projects/TheFantasyWorldSimulator/src/engine/__tests__/content-layer1-integration.test.ts:295:17
    at file:///C:/Users/chris/Dev/Projects/TheFantasyWorldSimulator/node_modules/@vitest/runner/dist/index.js:145:11
    at file:///C:/Users/chris/Dev/Projects/TheFantasyWorldSimulator/node_modules/@vitest/runner/dist/index.js:915:26
    at file:///C:/Users/chris/Dev/Projects/TheFantasyWorldSimulator/node_modules/@vitest/runner/dist/index.js:1243:20
    at new Promise (<anonymous>)
    at runWithTimeout (file:///C:/Users/chris/Dev/Projects/TheFantasyWorldSimulator/node_modules/@vitest/runner/dist/index.js:1209:10)
[Orchestrator] Tick crashed, returning previous state: Error: Trait not found: trait.reputation.power.renown
    at assignTrait (C:/Users/chris/Dev/Projects/TheFantasyWorldSimulator/src/engine/traits.ts:44:25)
    at syncReputationTrait (C:/Users/chris/Dev/Projects/TheFantasyWorldSimulator/src/engine/phaseReputationTraits.ts:297:5)
    at phaseReputationTraits (C:/Users/chris/Dev/Projects/TheFantasyWorldSimulator/src/engine/phaseReputationTraits.ts:273:7)
    at runTick (C:/Users/chris/Dev/Projects/TheFantasyWorldSimulator/src/engine/orchestrator.ts:1896:18)
    at C:/Users/chris/Dev/Projects/TheFantasyWorldSimulator/src/engine/__tests__/content-layer1-integration.test.ts:295:17
    at file:///C:/Users/chris/Dev/Projects/TheFantasyWorldSimulator/node_modules/@vitest/runner/dist/index.js:145:11
    at file:///C:/Users/chris/Dev/Projects/TheFantasyWorldSimulator/node_modules/@vitest/runner/dist/index.js:915:26
    at file:///C:/Users/chris/Dev/Projects/TheFantasyWorldSimulator/node_modules/@vitest/runner/dist/index.js:1243:20
    at new Promise (<anonymous>)
    at runWithTimeout (file:///C:/Users/chris/Dev/Projects/TheFantasyWorldSimulator/node_modules/@vitest/runner/dist/index.js:1209:10)
[Orchestrator] Tick crashed, returning previous state: Error: Trait not found: trait.reputation.power.renown
    at assignTrait (C:/Users/chris/Dev/Projects/TheFantasyWorldSimulator/src/engine/traits.ts:44:25)
    at syncReputationTrait (C:/Users/chris/Dev/Projects/TheFantasyWorldSimulator/src/engine/phaseReputationTraits.ts:297:5)
    at phaseReputationTraits (C:/Users/chris/Dev/Projects/TheFantasyWorldSimulator/src/engine/phaseReputationTraits.ts:273:7)
    at runTick (C:/Users/chris/Dev/Projects/TheFantasyWorldSimulator/src/engine/orchestrator.ts:1896:18)
    at C:/Users/chris/Dev/Projects/TheFantasyWorldSimulator/src/engine/__tests__/content-layer1-integration.test.ts:295:17
    at file:///C:/Users/chris/Dev/Projects/TheFantasyWorldSimulator/node_modules/@vitest/runner/dist/index.js:145:11
    at file:///C:/Users/chris/Dev/Projects/TheFantasyWorldSimulator/node_modules/@vitest/runner/dist/index.js:915:26
    at file:///C:/Users/chris/Dev/Projects/TheFantasyWorldSimulator/node_modules/@vitest/runner/dist/index.js:1243:20
    at new Promise (<anonymous>)
    at runWithTimeout (file:///C:/Users/chris/Dev/Projects/TheFantasyWorldSimulator/node_modules/@vitest/runner/dist/index.js:1209:10)
[Orchestrator] Tick crashed, returning previous state: Error: Trait not found: trait.reputation.power.renown
    at assignTrait (C:/Users/chris/Dev/Projects/TheFantasyWorldSimulator/src/engine/traits.ts:44:25)
    at syncReputationTrait (C:/Users/chris/Dev/Projects/TheFantasyWorldSimulator/src/engine/phaseReputationTraits.ts:297:5)
    at phaseReputationTraits (C:/Users/chris/Dev/Projects/TheFantasyWorldSimulator/src/engine/phaseReputationTraits.ts:273:7)
    at runTick (C:/Users/chris/Dev/Projects/TheFantasyWorldSimulator/src/engine/orchestrator.ts:1896:18)
    at C:/Users/chris/Dev/Projects/TheFantasyWorldSimulator/src/engine/__tests__/content-layer1-integration.test.ts:295:17
    at file:///C:/Users/chris/Dev/Projects/TheFantasyWorldSimulator/node_modules/@vitest/runner/dist/index.js:145:11
    at file:///C:/Users/chris/Dev/Projects/TheFantasyWorldSimulator/node_modules/@vitest/runner/dist/index.js:915:26
    at file:///C:/Users/chris/Dev/Projects/TheFantasyWorldSimulator/node_modules/@vitest/runner/dist/index.js:1243:20
    at new Promise (<anonymous>)
    at runWithTimeout (file:///C:/Users/chris/Dev/Projects/TheFantasyWorldSimulator/node_modules/@vitest/runner/dist/index.js:1209:10)
[Orchestrator] Tick crashed, returning previous state: Error: Trait not found: trait.reputation.power.renown
    at assignTrait (C:/Users/chris/Dev/Projects/TheFantasyWorldSimulator/src/engine/traits.ts:44:25)
    at syncReputationTrait (C:/Users/chris/Dev/Projects/TheFantasyWorldSimulator/src/engine/phaseReputationTraits.ts:297:5)
    at phaseReputationTraits (C:/Users/chris/Dev/Projects/TheFantasyWorldSimulator/src/engine/phaseReputationTraits.ts:273:7)
    at runTick (C:/Users/chris/Dev/Projects/TheFantasyWorldSimulator/src/engine/orchestrator.ts:1896:18)
    at C:/Users/chris/Dev/Projects/TheFantasyWorldSimulator/src/engine/__tests__/content-layer1-integration.test.ts:295:17
    at file:///C:/Users/chris/Dev/Projects/TheFantasyWorldSimulator/node_modules/@vitest/runner/dist/index.js:145:11
    at file:///C:/Users/chris/Dev/Projects/TheFantasyWorldSimulator/node_modules/@vitest/runner/dist/index.js:915:26
    at file:///C:/Users/chris/Dev/Projects/TheFantasyWorldSimulator/node_modules/@vitest/runner/dist/index.js:1243:20
    at new Promise (<anonymous>)
    at runWithTimeout (file:///C:/Users/chris/Dev/Projects/TheFantasyWorldSimulator/node_modules/@vitest/runner/dist/index.js:1209:10)
[Orchestrator] Tick crashed, returning previous state: Error: Trait not found: trait.reputation.power.renown
    at assignTrait (C:/Users/chris/Dev/Projects/TheFantasyWorldSimulator/src/engine/traits.ts:44:25)
    at syncReputationTrait (C:/Users/chris/Dev/Projects/TheFantasyWorldSimulator/src/engine/phaseReputationTraits.ts:297:5)
    at phaseReputationTraits (C:/Users/chris/Dev/Projects/TheFantasyWorldSimulator/src/engine/phaseReputationTraits.ts:273:7)
    at runTick (C:/Users/chris/Dev/Projects/TheFantasyWorldSimulator/src/engine/orchestrator.ts:1896:18)
    at C:/Users/chris/Dev/Projects/TheFantasyWorldSimulator/src/engine/__tests__/content-layer1-integration.test.ts:295:17
    at file:///C:/Users/chris/Dev/Projects/TheFantasyWorldSimulator/node_modules/@vitest/runner/dist/index.js:145:11
    at file:///C:/Users/chris/Dev/Projects/TheFantasyWorldSimulator/node_modules/@vitest/runner/dist/index.js:915:26
    at file:///C:/Users/chris/Dev/Projects/TheFantasyWorldSimulator/node_modules/@vitest/runner/dist/index.js:1243:20
    at new Promise (<anonymous>)
    at runWithTimeout (file:///C:/Users/chris/Dev/Projects/TheFantasyWorldSimulator/node_modules/@vitest/runner/dist/index.js:1209:10)
[Orchestrator] Tick crashed, returning previous state: Error: Trait not found: trait.reputation.power.renown
    at assignTrait (C:/Users/chris/Dev/Projects/TheFantasyWorldSimulator/src/engine/traits.ts:44:25)
    at syncReputationTrait (C:/Users/chris/Dev/Projects/TheFantasyWorldSimulator/src/engine/phaseReputationTraits.ts:297:5)
    at phaseReputationTraits (C:/Users/chris/Dev/Projects/TheFantasyWorldSimulator/src/engine/phaseReputationTraits.ts:273:7)
    at runTick (C:/Users/chris/Dev/Projects/TheFantasyWorldSimulator/src/engine/orchestrator.ts:1896:18)
    at C:/Users/chris/Dev/Projects/TheFantasyWorldSimulator/src/engine/__tests__/content-layer1-integration.test.ts:295:17
    at file:///C:/Users/chris/Dev/Projects/TheFantasyWorldSimulator/node_modules/@vitest/runner/dist/index.js:145:11
    at file:///C:/Users/chris/Dev/Projects/TheFantasyWorldSimulator/node_modules/@vitest/runner/dist/index.js:915:26
    at file:///C:/Users/chris/Dev/Projects/TheFantasyWorldSimulator/node_modules/@vitest/runner/dist/index.js:1243:20
    at new Promise (<anonymous>)
    at runWithTimeout (file:///C:/Users/chris/Dev/Projects/TheFantasyWorldSimulator/node_modules/@vitest/runner/dist/index.js:1209:10)
[Orchestrator] Tick crashed, returning previous state: Error: Trait not found: trait.reputation.power.renown
    at assignTrait (C:/Users/chris/Dev/Projects/TheFantasyWorldSimulator/src/engine/traits.ts:44:25)
    at syncReputationTrait (C:/Users/chris/Dev/Projects/TheFantasyWorldSimulator/src/engine/phaseReputationTraits.ts:297:5)
    at phaseReputationTraits (C:/Users/chris/Dev/Projects/TheFantasyWorldSimulator/src/engine/phaseReputationTraits.ts:273:7)
    at runTick (C:/Users/chris/Dev/Projects/TheFantasyWorldSimulator/src/engine/orchestrator.ts:1896:18)
    at C:/Users/chris/Dev/Projects/TheFantasyWorldSimulator/src/engine/__tests__/content-layer1-integration.test.ts:295:17
    at file:///C:/Users/chris/Dev/Projects/TheFantasyWorldSimulator/node_modules/@vitest/runner/dist/index.js:145:11
    at file:///C:/Users/chris/Dev/Projects/TheFantasyWorldSimulator/node_modules/@vitest/runner/dist/index.js:915:26
    at file:///C:/Users/chris/Dev/Projects/TheFantasyWorldSimulator/node_modules/@vitest/runner/dist/index.js:1243:20
    at new Promise (<anonymous>)
    at runWithTimeout (file:///C:/Users/chris/Dev/Projects/TheFantasyWorldSimulator/node_modules/@vitest/runner/dist/index.js:1209:10)
[Orchestrator] Tick crashed, returning previous state: Error: Trait not found: trait.reputation.power.renown
    at assignTrait (C:/Users/chris/Dev/Projects/TheFantasyWorldSimulator/src/engine/traits.ts:44:25)
    at syncReputationTrait (C:/Users/chris/Dev/Projects/TheFantasyWorldSimulator/src/engine/phaseReputationTraits.ts:297:5)
    at phaseReputationTraits (C:/Users/chris/Dev/Projects/TheFantasyWorldSimulator/src/engine/phaseReputationTraits.ts:273:7)
    at runTick (C:/Users/chris/Dev/Projects/TheFantasyWorldSimulator/src/engine/orchestrator.ts:1896:18)
    at C:/Users/chris/Dev/Projects/TheFantasyWorldSimulator/src/engine/__tests__/content-layer1-integration.test.ts:295:17
    at file:///C:/Users/chris/Dev/Projects/TheFantasyWorldSimulator/node_modules/@vitest/runner/dist/index.js:145:11
    at file:///C:/Users/chris/Dev/Projects/TheFantasyWorldSimulator/node_modules/@vitest/runner/dist/index.js:915:26
    at file:///C:/Users/chris/Dev/Projects/TheFantasyWorldSimulator/node_modules/@vitest/runner/dist/index.js:1243:20
    at new Promise (<anonymous>)
    at runWithTimeout (file:///C:/Users/chris/Dev/Projects/TheFantasyWorldSimulator/node_modules/@vitest/runner/dist/index.js:1209:10)
[Orchestrator] Tick crashed, returning previous state: Error: Trait not found: trait.reputation.power.renown
    at assignTrait (C:/Users/chris/Dev/Projects/TheFantasyWorldSimulator/src/engine/traits.ts:44:25)
    at syncReputationTrait (C:/Users/chris/Dev/Projects/TheFantasyWorldSimulator/src/engine/phaseReputationTraits.ts:297:5)
    at phaseReputationTraits (C:/Users/chris/Dev/Projects/TheFantasyWorldSimulator/src/engine/phaseReputationTraits.ts:273:7)
    at runTick (C:/Users/chris/Dev/Projects/TheFantasyWorldSimulator/src/engine/orchestrator.ts:1896:18)
    at C:/Users/chris/Dev/Projects/TheFantasyWorldSimulator/src/engine/__tests__/content-layer1-integration.test.ts:295:17
    at file:///C:/Users/chris/Dev/Projects/TheFantasyWorldSimulator/node_modules/@vitest/runner/dist/index.js:145:11
    at file:///C:/Users/chris/Dev/Projects/TheFantasyWorldSimulator/node_modules/@vitest/runner/dist/index.js:915:26
    at file:///C:/Users/chris/Dev/Projects/TheFantasyWorldSimulator/node_modules/@vitest/runner/dist/index.js:1243:20
    at new Promise (<anonymous>)
    at runWithTimeout (file:///C:/Users/chris/Dev/Projects/TheFantasyWorldSimulator/node_modules/@vitest/runner/dist/index.js:1209:10)
[Orchestrator] Tick crashed, returning previous state: Error: Trait not found: trait.reputation.power.renown
    at assignTrait (C:/Users/chris/Dev/Projects/TheFantasyWorldSimulator/src/engine/traits.ts:44:25)
    at syncReputationTrait (C:/Users/chris/Dev/Projects/TheFantasyWorldSimulator/src/engine/phaseReputationTraits.ts:297:5)
    at phaseReputationTraits (C:/Users/chris/Dev/Projects/TheFantasyWorldSimulator/src/engine/phaseReputationTraits.ts:273:7)
    at runTick (C:/Users/chris/Dev/Projects/TheFantasyWorldSimulator/src/engine/orchestrator.ts:1896:18)
    at C:/Users/chris/Dev/Projects/TheFantasyWorldSimulator/src/engine/__tests__/content-layer1-integration.test.ts:295:17
    at file:///C:/Users/chris/Dev/Projects/TheFantasyWorldSimulator/node_modules/@vitest/runner/dist/index.js:145:11
    at file:///C:/Users/chris/Dev/Projects/TheFantasyWorldSimulator/node_modules/@vitest/runner/dist/index.js:915:26
    at file:///C:/Users/chris/Dev/Projects/TheFantasyWorldSimulator/node_modules/@vitest/runner/dist/index.js:1243:20
    at new Promise (<anonymous>)
    at runWithTimeout (file:///C:/Users/chris/Dev/Projects/TheFantasyWorldSimulator/node_modules/@vitest/runner/dist/index.js:1209:10)
[Orchestrator] Tick crashed, returning previous state: Error: Trait not found: trait.reputation.power.renown
    at assignTrait (C:/Users/chris/Dev/Projects/TheFantasyWorldSimulator/src/engine/traits.ts:44:25)
    at syncReputationTrait (C:/Users/chris/Dev/Projects/TheFantasyWorldSimulator/src/engine/phaseReputationTraits.ts:297:5)
    at phaseReputationTraits (C:/Users/chris/Dev/Projects/TheFantasyWorldSimulator/src/engine/phaseReputationTraits.ts:273:7)
    at runTick (C:/Users/chris/Dev/Projects/TheFantasyWorldSimulator/src/engine/orchestrator.ts:1896:18)
    at C:/Users/chris/Dev/Projects/TheFantasyWorldSimulator/src/engine/__tests__/content-layer1-integration.test.ts:295:17
    at file:///C:/Users/chris/Dev/Projects/TheFantasyWorldSimulator/node_modules/@vitest/runner/dist/index.js:145:11
    at file:///C:/Users/chris/Dev/Projects/TheFantasyWorldSimulator/node_modules/@vitest/runner/dist/index.js:915:26
    at file:///C:/Users/chris/Dev/Projects/TheFantasyWorldSimulator/node_modules/@vitest/runner/dist/index.js:1243:20
    at new Promise (<anonymous>)
    at runWithTimeout (file:///C:/Users/chris/Dev/Projects/TheFantasyWorldSimulator/node_modules/@vitest/runner/dist/index.js:1209:10)
[Orchestrator] Tick crashed, returning previous state: Error: Trait not found: trait.reputation.power.renown
    at assignTrait (C:/Users/chris/Dev/Projects/TheFantasyWorldSimulator/src/engine/traits.ts:44:25)
    at syncReputationTrait (C:/Users/chris/Dev/Projects/TheFantasyWorldSimulator/src/engine/phaseReputationTraits.ts:297:5)
    at phaseReputationTraits (C:/Users/chris/Dev/Projects/TheFantasyWorldSimulator/src/engine/phaseReputationTraits.ts:273:7)
    at runTick (C:/Users/chris/Dev/Projects/TheFantasyWorldSimulator/src/engine/orchestrator.ts:1896:18)
    at C:/Users/chris/Dev/Projects/TheFantasyWorldSimulator/src/engine/__tests__/content-layer1-integration.test.ts:295:17
    at file:///C:/Users/chris/Dev/Projects/TheFantasyWorldSimulator/node_modules/@vitest/runner/dist/index.js:145:11
    at file:///C:/Users/chris/Dev/Projects/TheFantasyWorldSimulator/node_modules/@vitest/runner/dist/index.js:915:26
    at file:///C:/Users/chris/Dev/Projects/TheFantasyWorldSimulator/node_modules/@vitest/runner/dist/index.js:1243:20
    at new Promise (<anonymous>)
    at runWithTimeout (file:///C:/Users/chris/Dev/Projects/TheFantasyWorldSimulator/node_modules/@vitest/runner/dist/index.js:1209:10)
[Orchestrator] Tick crashed, returning previous state: Error: Trait not found: trait.reputation.power.renown
    at assignTrait (C:/Users/chris/Dev/Projects/TheFantasyWorldSimulator/src/engine/traits.ts:44:25)
    at syncReputationTrait (C:/Users/chris/Dev/Projects/TheFantasyWorldSimulator/src/engine/phaseReputationTraits.ts:297:5)
    at phaseReputationTraits (C:/Users/chris/Dev/Projects/TheFantasyWorldSimulator/src/engine/phaseReputationTraits.ts:273:7)
    at runTick (C:/Users/chris/Dev/Projects/TheFantasyWorldSimulator/src/engine/orchestrator.ts:1896:18)
    at C:/Users/chris/Dev/Projects/TheFantasyWorldSimulator/src/engine/__tests__/content-layer1-integration.test.ts:295:17
    at file:///C:/Users/chris/Dev/Projects/TheFantasyWorldSimulator/node_modules/@vitest/runner/dist/index.js:145:11
    at file:///C:/Users/chris/Dev/Projects/TheFantasyWorldSimulator/node_modules/@vitest/runner/dist/index.js:915:26
    at file:///C:/Users/chris/Dev/Projects/TheFantasyWorldSimulator/node_modules/@vitest/runner/dist/index.js:1243:20
    at new Promise (<anonymous>)
    at runWithTimeout (file:///C:/Users/chris/Dev/Projects/TheFantasyWorldSimulator/node_modules/@vitest/runner/dist/index.js:1209:10)
[Orchestrator] Tick crashed, returning previous state: Error: Trait not found: trait.reputation.power.renown
    at assignTrait (C:/Users/chris/Dev/Projects/TheFantasyWorldSimulator/src/engine/traits.ts:44:25)
    at syncReputationTrait (C:/Users/chris/Dev/Projects/TheFantasyWorldSimulator/src/engine/phaseReputationTraits.ts:297:5)
    at phaseReputationTraits (C:/Users/chris/Dev/Projects/TheFantasyWorldSimulator/src/engine/phaseReputationTraits.ts:273:7)
    at runTick (C:/Users/chris/Dev/Projects/TheFantasyWorldSimulator/src/engine/orchestrator.ts:1896:18)
    at C:/Users/chris/Dev/Projects/TheFantasyWorldSimulator/src/engine/__tests__/content-layer1-integration.test.ts:295:17
    at file:///C:/Users/chris/Dev/Projects/TheFantasyWorldSimulator/node_modules/@vitest/runner/dist/index.js:145:11
    at file:///C:/Users/chris/Dev/Projects/TheFantasyWorldSimulator/node_modules/@vitest/runner/dist/index.js:915:26
    at file:///C:/Users/chris/Dev/Projects/TheFantasyWorldSimulator/node_modules/@vitest/runner/dist/index.js:1243:20
    at new Promise (<anonymous>)
    at runWithTimeout (file:///C:/Users/chris/Dev/Projects/TheFantasyWorldSimulator/node_modules/@vitest/runner/dist/index.js:1209:10)
[Orchestrator] Tick crashed, returning previous state: Error: Trait not found: trait.reputation.power.renown
    at assignTrait (C:/Users/chris/Dev/Projects/TheFantasyWorldSimulator/src/engine/traits.ts:44:25)
    at syncReputationTrait (C:/Users/chris/Dev/Projects/TheFantasyWorldSimulator/src/engine/phaseReputationTraits.ts:297:5)
    at phaseReputationTraits (C:/Users/chris/Dev/Projects/TheFantasyWorldSimulator/src/engine/phaseReputationTraits.ts:273:7)
    at runTick (C:/Users/chris/Dev/Projects/TheFantasyWorldSimulator/src/engine/orchestrator.ts:1896:18)
    at C:/Users/chris/Dev/Projects/TheFantasyWorldSimulator/src/engine/__tests__/content-layer1-integration.test.ts:295:17
    at file:///C:/Users/chris/Dev/Projects/TheFantasyWorldSimulator/node_modules/@vitest/runner/dist/index.js:145:11
    at file:///C:/Users/chris/Dev/Projects/TheFantasyWorldSimulator/node_modules/@vitest/runner/dist/index.js:915:26
    at file:///C:/Users/chris/Dev/Projects/TheFantasyWorldSimulator/node_modules/@vitest/runner/dist/index.js:1243:20
    at new Promise (<anonymous>)
    at runWithTimeout (file:///C:/Users/chris/Dev/Projects/TheFantasyWorldSimulator/node_modules/@vitest/runner/dist/index.js:1209:10)
[Orchestrator] Tick crashed, returning previous state: Error: Trait not found: trait.reputation.power.renown
    at assignTrait (C:/Users/chris/Dev/Projects/TheFantasyWorldSimulator/src/engine/traits.ts:44:25)
    at syncReputationTrait (C:/Users/chris/Dev/Projects/TheFantasyWorldSimulator/src/engine/phaseReputationTraits.ts:297:5)
    at phaseReputationTraits (C:/Users/chris/Dev/Projects/TheFantasyWorldSimulator/src/engine/phaseReputationTraits.ts:273:7)
    at runTick (C:/Users/chris/Dev/Projects/TheFantasyWorldSimulator/src/engine/orchestrator.ts:1896:18)
    at C:/Users/chris/Dev/Projects/TheFantasyWorldSimulator/src/engine/__tests__/content-layer1-integration.test.ts:295:17
    at file:///C:/Users/chris/Dev/Projects/TheFantasyWorldSimulator/node_modules/@vitest/runner/dist/index.js:145:11
    at file:///C:/Users/chris/Dev/Projects/TheFantasyWorldSimulator/node_modules/@vitest/runner/dist/index.js:915:26
    at file:///C:/Users/chris/Dev/Projects/TheFantasyWorldSimulator/node_modules/@vitest/runner/dist/index.js:1243:20
    at new Promise (<anonymous>)
    at runWithTimeout (file:///C:/Users/chris/Dev/Projects/TheFantasyWorldSimulator/node_modules/@vitest/runner/dist/index.js:1209:10)
[Orchestrator] Tick crashed, returning previous state: Error: Trait not found: trait.reputation.power.renown
    at assignTrait (C:/Users/chris/Dev/Projects/TheFantasyWorldSimulator/src/engine/traits.ts:44:25)
    at syncReputationTrait (C:/Users/chris/Dev/Projects/TheFantasyWorldSimulator/src/engine/phaseReputationTraits.ts:297:5)
    at phaseReputationTraits (C:/Users/chris/Dev/Projects/TheFantasyWorldSimulator/src/engine/phaseReputationTraits.ts:273:7)
    at runTick (C:/Users/chris/Dev/Projects/TheFantasyWorldSimulator/src/engine/orchestrator.ts:1896:18)
    at C:/Users/chris/Dev/Projects/TheFantasyWorldSimulator/src/engine/__tests__/content-layer1-integration.test.ts:295:17
    at file:///C:/Users/chris/Dev/Projects/TheFantasyWorldSimulator/node_modules/@vitest/runner/dist/index.js:145:11
    at file:///C:/Users/chris/Dev/Projects/TheFantasyWorldSimulator/node_modules/@vitest/runner/dist/index.js:915:26
    at file:///C:/Users/chris/Dev/Projects/TheFantasyWorldSimulator/node_modules/@vitest/runner/dist/index.js:1243:20
    at new Promise (<anonymous>)
    at runWithTimeout (file:///C:/Users/chris/Dev/Projects/TheFantasyWorldSimulator/node_modules/@vitest/runner/dist/index.js:1209:10)
[Orchestrator] Tick crashed, returning previous state: Error: Trait not found: trait.reputation.power.renown
    at assignTrait (C:/Users/chris/Dev/Projects/TheFantasyWorldSimulator/src/engine/traits.ts:44:25)
    at syncReputationTrait (C:/Users/chris/Dev/Projects/TheFantasyWorldSimulator/src/engine/phaseReputationTraits.ts:297:5)
    at phaseReputationTraits (C:/Users/chris/Dev/Projects/TheFantasyWorldSimulator/src/engine/phaseReputationTraits.ts:273:7)
    at runTick (C:/Users/chris/Dev/Projects/TheFantasyWorldSimulator/src/engine/orchestrator.ts:1896:18)
    at C:/Users/chris/Dev/Projects/TheFantasyWorldSimulator/src/engine/__tests__/content-layer1-integration.test.ts:295:17
    at file:///C:/Users/chris/Dev/Projects/TheFantasyWorldSimulator/node_modules/@vitest/runner/dist/index.js:145:11
    at file:///C:/Users/chris/Dev/Projects/TheFantasyWorldSimulator/node_modules/@vitest/runner/dist/index.js:915:26
    at file:///C:/Users/chris/Dev/Projects/TheFantasyWorldSimulator/node_modules/@vitest/runner/dist/index.js:1243:20
    at new Promise (<anonymous>)
    at runWithTimeout (file:///C:/Users/chris/Dev/Projects/TheFantasyWorldSimulator/node_modules/@vitest/runner/dist/index.js:1209:10)
[Orchestrator] Tick crashed, returning previous state: Error: Trait not found: trait.reputation.power.renown
    at assignTrait (C:/Users/chris/Dev/Projects/TheFantasyWorldSimulator/src/engine/traits.ts:44:25)
    at syncReputationTrait (C:/Users/chris/Dev/Projects/TheFantasyWorldSimulator/src/engine/phaseReputationTraits.ts:297:5)
    at phaseReputationTraits (C:/Users/chris/Dev/Projects/TheFantasyWorldSimulator/src/engine/phaseReputationTraits.ts:273:7)
    at runTick (C:/Users/chris/Dev/Projects/TheFantasyWorldSimulator/src/engine/orchestrator.ts:1896:18)
    at C:/Users/chris/Dev/Projects/TheFantasyWorldSimulator/src/engine/__tests__/content-layer1-integration.test.ts:295:17
    at file:///C:/Users/chris/Dev/Projects/TheFantasyWorldSimulator/node_modules/@vitest/runner/dist/index.js:145:11
    at file:///C:/Users/chris/Dev/Projects/TheFantasyWorldSimulator/node_modules/@vitest/runner/dist/index.js:915:26
    at file:///C:/Users/chris/Dev/Projects/TheFantasyWorldSimulator/node_modules/@vitest/runner/dist/index.js:1243:20
    at new Promise (<anonymous>)
    at runWithTimeout (file:///C:/Users/chris/Dev/Projects/TheFantasyWorldSimulator/node_modules/@vitest/runner/dist/index.js:1209:10)
[Orchestrator] Tick crashed, returning previous state: Error: Trait not found: trait.reputation.power.renown
    at assignTrait (C:/Users/chris/Dev/Projects/TheFantasyWorldSimulator/src/engine/traits.ts:44:25)
    at syncReputationTrait (C:/Users/chris/Dev/Projects/TheFantasyWorldSimulator/src/engine/phaseReputationTraits.ts:297:5)
    at phaseReputationTraits (C:/Users/chris/Dev/Projects/TheFantasyWorldSimulator/src/engine/phaseReputationTraits.ts:273:7)
    at runTick (C:/Users/chris/Dev/Projects/TheFantasyWorldSimulator/src/engine/orchestrator.ts:1896:18)
    at C:/Users/chris/Dev/Projects/TheFantasyWorldSimulator/src/engine/__tests__/content-layer1-integration.test.ts:295:17
    at file:///C:/Users/chris/Dev/Projects/TheFantasyWorldSimulator/node_modules/@vitest/runner/dist/index.js:145:11
    at file:///C:/Users/chris/Dev/Projects/TheFantasyWorldSimulator/node_modules/@vitest/runner/dist/index.js:915:26
    at file:///C:/Users/chris/Dev/Projects/TheFantasyWorldSimulator/node_modules/@vitest/runner/dist/index.js:1243:20
    at new Promise (<anonymous>)
    at runWithTimeout (file:///C:/Users/chris/Dev/Projects/TheFantasyWorldSimulator/node_modules/@vitest/runner/dist/index.js:1209:10)
[Orchestrator] Tick crashed, returning previous state: Error: Trait not found: trait.reputation.power.renown
    at assignTrait (C:/Users/chris/Dev/Projects/TheFantasyWorldSimulator/src/engine/traits.ts:44:25)
    at syncReputationTrait (C:/Users/chris/Dev/Projects/TheFantasyWorldSimulator/src/engine/phaseReputationTraits.ts:297:5)
    at phaseReputationTraits (C:/Users/chris/Dev/Projects/TheFantasyWorldSimulator/src/engine/phaseReputationTraits.ts:273:7)
    at runTick (C:/Users/chris/Dev/Projects/TheFantasyWorldSimulator/src/engine/orchestrator.ts:1896:18)
    at C:/Users/chris/Dev/Projects/TheFantasyWorldSimulator/src/engine/__tests__/content-layer1-integration.test.ts:295:17
    at file:///C:/Users/chris/Dev/Projects/TheFantasyWorldSimulator/node_modules/@vitest/runner/dist/index.js:145:11
    at file:///C:/Users/chris/Dev/Projects/TheFantasyWorldSimulator/node_modules/@vitest/runner/dist/index.js:915:26
    at file:///C:/Users/chris/Dev/Projects/TheFantasyWorldSimulator/node_modules/@vitest/runner/dist/index.js:1243:20
    at new Promise (<anonymous>)
    at runWithTimeout (file:///C:/Users/chris/Dev/Projects/TheFantasyWorldSimulator/node_modules/@vitest/runner/dist/index.js:1209:10)
[Orchestrator] Tick crashed, returning previous state: Error: Trait not found: trait.reputation.power.renown
    at assignTrait (C:/Users/chris/Dev/Projects/TheFantasyWorldSimulator/src/engine/traits.ts:44:25)
    at syncReputationTrait (C:/Users/chris/Dev/Projects/TheFantasyWorldSimulator/src/engine/phaseReputationTraits.ts:297:5)
    at phaseReputationTraits (C:/Users/chris/Dev/Projects/TheFantasyWorldSimulator/src/engine/phaseReputationTraits.ts:273:7)
    at runTick (C:/Users/chris/Dev/Projects/TheFantasyWorldSimulator/src/engine/orchestrator.ts:1896:18)
    at C:/Users/chris/Dev/Projects/TheFantasyWorldSimulator/src/engine/__tests__/content-layer1-integration.test.ts:295:17
    at file:///C:/Users/chris/Dev/Projects/TheFantasyWorldSimulator/node_modules/@vitest/runner/dist/index.js:145:11
    at file:///C:/Users/chris/Dev/Projects/TheFantasyWorldSimulator/node_modules/@vitest/runner/dist/index.js:915:26
    at file:///C:/Users/chris/Dev/Projects/TheFantasyWorldSimulator/node_modules/@vitest/runner/dist/index.js:1243:20
    at new Promise (<anonymous>)
    at runWithTimeout (file:///C:/Users/chris/Dev/Projects/TheFantasyWorldSimulator/node_modules/@vitest/runner/dist/index.js:1209:10)
[Orchestrator] Tick crashed, returning previous state: Error: Trait not found: trait.reputation.power.renown
    at assignTrait (C:/Users/chris/Dev/Projects/TheFantasyWorldSimulator/src/engine/traits.ts:44:25)
    at syncReputationTrait (C:/Users/chris/Dev/Projects/TheFantasyWorldSimulator/src/engine/phaseReputationTraits.ts:297:5)
    at phaseReputationTraits (C:/Users/chris/Dev/Projects/TheFantasyWorldSimulator/src/engine/phaseReputationTraits.ts:273:7)
    at runTick (C:/Users/chris/Dev/Projects/TheFantasyWorldSimulator/src/engine/orchestrator.ts:1896:18)
    at C:/Users/chris/Dev/Projects/TheFantasyWorldSimulator/src/engine/__tests__/content-layer1-integration.test.ts:295:17
    at file:///C:/Users/chris/Dev/Projects/TheFantasyWorldSimulator/node_modules/@vitest/runner/dist/index.js:145:11
    at file:///C:/Users/chris/Dev/Projects/TheFantasyWorldSimulator/node_modules/@vitest/runner/dist/index.js:915:26
    at file:///C:/Users/chris/Dev/Projects/TheFantasyWorldSimulator/node_modules/@vitest/runner/dist/index.js:1243:20
    at new Promise (<anonymous>)
    at runWithTimeout (file:///C:/Users/chris/Dev/Projects/TheFantasyWorldSimulator/node_modules/@vitest/runner/dist/index.js:1209:10)
[Orchestrator] Tick crashed, returning previous state: Error: Trait not found: trait.reputation.power.renown
    at assignTrait (C:/Users/chris/Dev/Projects/TheFantasyWorldSimulator/src/engine/traits.ts:44:25)
    at syncReputationTrait (C:/Users/chris/Dev/Projects/TheFantasyWorldSimulator/src/engine/phaseReputationTraits.ts:297:5)
    at phaseReputationTraits (C:/Users/chris/Dev/Projects/TheFantasyWorldSimulator/src/engine/phaseReputationTraits.ts:273:7)
    at runTick (C:/Users/chris/Dev/Projects/TheFantasyWorldSimulator/src/engine/orchestrator.ts:1896:18)
    at C:/Users/chris/Dev/Projects/TheFantasyWorldSimulator/src/engine/__tests__/content-layer1-integration.test.ts:295:17
    at file:///C:/Users/chris/Dev/Projects/TheFantasyWorldSimulator/node_modules/@vitest/runner/dist/index.js:145:11
    at file:///C:/Users/chris/Dev/Projects/TheFantasyWorldSimulator/node_modules/@vitest/runner/dist/index.js:915:26
    at file:///C:/Users/chris/Dev/Projects/TheFantasyWorldSimulator/node_modules/@vitest/runner/dist/index.js:1243:20
    at new Promise (<anonymous>)
    at runWithTimeout (file:///C:/Users/chris/Dev/Projects/TheFantasyWorldSimulator/node_modules/@vitest/runner/dist/index.js:1209:10)
[Orchestrator] Tick crashed, returning previous state: Error: Trait not found: trait.reputation.power.renown
    at assignTrait (C:/Users/chris/Dev/Projects/TheFantasyWorldSimulator/src/engine/traits.ts:44:25)
    at syncReputationTrait (C:/Users/chris/Dev/Projects/TheFantasyWorldSimulator/src/engine/phaseReputationTraits.ts:297:5)
    at phaseReputationTraits (C:/Users/chris/Dev/Projects/TheFantasyWorldSimulator/src/engine/phaseReputationTraits.ts:273:7)
    at runTick (C:/Users/chris/Dev/Projects/TheFantasyWorldSimulator/src/engine/orchestrator.ts:1896:18)
    at C:/Users/chris/Dev/Projects/TheFantasyWorldSimulator/src/engine/__tests__/content-layer1-integration.test.ts:295:17
    at file:///C:/Users/chris/Dev/Projects/TheFantasyWorldSimulator/node_modules/@vitest/runner/dist/index.js:145:11
    at file:///C:/Users/chris/Dev/Projects/TheFantasyWorldSimulator/node_modules/@vitest/runner/dist/index.js:915:26
    at file:///C:/Users/chris/Dev/Projects/TheFantasyWorldSimulator/node_modules/@vitest/runner/dist/index.js:1243:20
    at new Promise (<anonymous>)
    at runWithTimeout (file:///C:/Users/chris/Dev/Projects/TheFantasyWorldSimulator/node_modules/@vitest/runner/dist/index.js:1209:10)
[Orchestrator] Tick crashed, returning previous state: Error: Trait not found: trait.reputation.power.renown
    at assignTrait (C:/Users/chris/Dev/Projects/TheFantasyWorldSimulator/src/engine/traits.ts:44:25)
    at syncReputationTrait (C:/Users/chris/Dev/Projects/TheFantasyWorldSimulator/src/engine/phaseReputationTraits.ts:297:5)
    at phaseReputationTraits (C:/Users/chris/Dev/Projects/TheFantasyWorldSimulator/src/engine/phaseReputationTraits.ts:273:7)
    at runTick (C:/Users/chris/Dev/Projects/TheFantasyWorldSimulator/src/engine/orchestrator.ts:1896:18)
    at C:/Users/chris/Dev/Projects/TheFantasyWorldSimulator/src/engine/__tests__/content-layer1-integration.test.ts:295:17
    at file:///C:/Users/chris/Dev/Projects/TheFantasyWorldSimulator/node_modules/@vitest/runner/dist/index.js:145:11
    at file:///C:/Users/chris/Dev/Projects/TheFantasyWorldSimulator/node_modules/@vitest/runner/dist/index.js:915:26
    at file:///C:/Users/chris/Dev/Projects/TheFantasyWorldSimulator/node_modules/@vitest/runner/dist/index.js:1243:20
    at new Promise (<anonymous>)
    at runWithTimeout (file:///C:/Users/chris/Dev/Projects/TheFantasyWorldSimulator/node_modules/@vitest/runner/dist/index.js:1209:10)
[Orchestrator] Tick crashed, returning previous state: Error: Trait not found: trait.reputation.power.renown
    at assignTrait (C:/Users/chris/Dev/Projects/TheFantasyWorldSimulator/src/engine/traits.ts:44:25)
    at syncReputationTrait (C:/Users/chris/Dev/Projects/TheFantasyWorldSimulator/src/engine/phaseReputationTraits.ts:297:5)
    at phaseReputationTraits (C:/Users/chris/Dev/Projects/TheFantasyWorldSimulator/src/engine/phaseReputationTraits.ts:273:7)
    at runTick (C:/Users/chris/Dev/Projects/TheFantasyWorldSimulator/src/engine/orchestrator.ts:1896:18)
    at C:/Users/chris/Dev/Projects/TheFantasyWorldSimulator/src/engine/__tests__/content-layer1-integration.test.ts:295:17
    at file:///C:/Users/chris/Dev/Projects/TheFantasyWorldSimulator/node_modules/@vitest/runner/dist/index.js:145:11
    at file:///C:/Users/chris/Dev/Projects/TheFantasyWorldSimulator/node_modules/@vitest/runner/dist/index.js:915:26
    at file:///C:/Users/chris/Dev/Projects/TheFantasyWorldSimulator/node_modules/@vitest/runner/dist/index.js:1243:20
    at new Promise (<anonymous>)
    at runWithTimeout (file:///C:/Users/chris/Dev/Projects/TheFantasyWorldSimulator/node_modules/@vitest/runner/dist/index.js:1209:10)
[Orchestrator] Tick crashed, returning previous state: Error: Trait not found: trait.reputation.power.renown
    at assignTrait (C:/Users/chris/Dev/Projects/TheFantasyWorldSimulator/src/engine/traits.ts:44:25)
    at syncReputationTrait (C:/Users/chris/Dev/Projects/TheFantasyWorldSimulator/src/engine/phaseReputationTraits.ts:297:5)
    at phaseReputationTraits (C:/Users/chris/Dev/Projects/TheFantasyWorldSimulator/src/engine/phaseReputationTraits.ts:273:7)
    at runTick (C:/Users/chris/Dev/Projects/TheFantasyWorldSimulator/src/engine/orchestrator.ts:1896:18)
    at C:/Users/chris/Dev/Projects/TheFantasyWorldSimulator/src/engine/__tests__/content-layer1-integration.test.ts:295:17
    at file:///C:/Users/chris/Dev/Projects/TheFantasyWorldSimulator/node_modules/@vitest/runner/dist/index.js:145:11
    at file:///C:/Users/chris/Dev/Projects/TheFantasyWorldSimulator/node_modules/@vitest/runner/dist/index.js:915:26
    at file:///C:/Users/chris/Dev/Projects/TheFantasyWorldSimulator/node_modules/@vitest/runner/dist/index.js:1243:20
    at new Promise (<anonymous>)
    at runWithTimeout (file:///C:/Users/chris/Dev/Projects/TheFantasyWorldSimulator/node_modules/@vitest/runner/dist/index.js:1209:10)
[Orchestrator] Tick crashed, returning previous state: Error: Trait not found: trait.reputation.power.renown
    at assignTrait (C:/Users/chris/Dev/Projects/TheFantasyWorldSimulator/src/engine/traits.ts:44:25)
    at syncReputationTrait (C:/Users/chris/Dev/Projects/TheFantasyWorldSimulator/src/engine/phaseReputationTraits.ts:297:5)
    at phaseReputationTraits (C:/Users/chris/Dev/Projects/TheFantasyWorldSimulator/src/engine/phaseReputationTraits.ts:273:7)
    at runTick (C:/Users/chris/Dev/Projects/TheFantasyWorldSimulator/src/engine/orchestrator.ts:1896:18)
    at C:/Users/chris/Dev/Projects/TheFantasyWorldSimulator/src/engine/__tests__/content-layer1-integration.test.ts:295:17
    at file:///C:/Users/chris/Dev/Projects/TheFantasyWorldSimulator/node_modules/@vitest/runner/dist/index.js:145:11
    at file:///C:/Users/chris/Dev/Projects/TheFantasyWorldSimulator/node_modules/@vitest/runner/dist/index.js:915:26
    at file:///C:/Users/chris/Dev/Projects/TheFantasyWorldSimulator/node_modules/@vitest/runner/dist/index.js:1243:20
    at new Promise (<anonymous>)
    at runWithTimeout (file:///C:/Users/chris/Dev/Projects/TheFantasyWorldSimulator/node_modules/@vitest/runner/dist/index.js:1209:10)
[Orchestrator] Tick crashed, returning previous state: Error: Trait not found: trait.reputation.power.renown
    at assignTrait (C:/Users/chris/Dev/Projects/TheFantasyWorldSimulator/src/engine/traits.ts:44:25)
    at syncReputationTrait (C:/Users/chris/Dev/Projects/TheFantasyWorldSimulator/src/engine/phaseReputationTraits.ts:297:5)
    at phaseReputationTraits (C:/Users/chris/Dev/Projects/TheFantasyWorldSimulator/src/engine/phaseReputationTraits.ts:273:7)
    at runTick (C:/Users/chris/Dev/Projects/TheFantasyWorldSimulator/src/engine/orchestrator.ts:1896:18)
    at C:/Users/chris/Dev/Projects/TheFantasyWorldSimulator/src/engine/__tests__/content-layer1-integration.test.ts:295:17
    at file:///C:/Users/chris/Dev/Projects/TheFantasyWorldSimulator/node_modules/@vitest/runner/dist/index.js:145:11
    at file:///C:/Users/chris/Dev/Projects/TheFantasyWorldSimulator/node_modules/@vitest/runner/dist/index.js:915:26
    at file:///C:/Users/chris/Dev/Projects/TheFantasyWorldSimulator/node_modules/@vitest/runner/dist/index.js:1243:20
    at new Promise (<anonymous>)
    at runWithTimeout (file:///C:/Users/chris/Dev/Projects/TheFantasyWorldSimulator/node_modules/@vitest/runner/dist/index.js:1209:10)
[Orchestrator] Tick crashed, returning previous state: Error: Trait not found: trait.reputation.power.renown
    at assignTrait (C:/Users/chris/Dev/Projects/TheFantasyWorldSimulator/src/engine/traits.ts:44:25)
    at syncReputationTrait (C:/Users/chris/Dev/Projects/TheFantasyWorldSimulator/src/engine/phaseReputationTraits.ts:297:5)
    at phaseReputationTraits (C:/Users/chris/Dev/Projects/TheFantasyWorldSimulator/src/engine/phaseReputationTraits.ts:273:7)
    at runTick (C:/Users/chris/Dev/Projects/TheFantasyWorldSimulator/src/engine/orchestrator.ts:1896:18)
    at C:/Users/chris/Dev/Projects/TheFantasyWorldSimulator/src/engine/__tests__/content-layer1-integration.test.ts:295:17
    at file:///C:/Users/chris/Dev/Projects/TheFantasyWorldSimulator/node_modules/@vitest/runner/dist/index.js:145:11
    at file:///C:/Users/chris/Dev/Projects/TheFantasyWorldSimulator/node_modules/@vitest/runner/dist/index.js:915:26
    at file:///C:/Users/chris/Dev/Projects/TheFantasyWorldSimulator/node_modules/@vitest/runner/dist/index.js:1243:20
    at new Promise (<anonymous>)
    at runWithTimeout (file:///C:/Users/chris/Dev/Projects/TheFantasyWorldSimulator/node_modules/@vitest/runner/dist/index.js:1209:10)
[Orchestrator] Tick crashed, returning previous state: Error: Trait not found: trait.reputation.power.renown
    at assignTrait (C:/Users/chris/Dev/Projects/TheFantasyWorldSimulator/src/engine/traits.ts:44:25)
    at syncReputationTrait (C:/Users/chris/Dev/Projects/TheFantasyWorldSimulator/src/engine/phaseReputationTraits.ts:297:5)
    at phaseReputationTraits (C:/Users/chris/Dev/Projects/TheFantasyWorldSimulator/src/engine/phaseReputationTraits.ts:273:7)
    at runTick (C:/Users/chris/Dev/Projects/TheFantasyWorldSimulator/src/engine/orchestrator.ts:1896:18)
    at C:/Users/chris/Dev/Projects/TheFantasyWorldSimulator/src/engine/__tests__/content-layer1-integration.test.ts:295:17
    at file:///C:/Users/chris/Dev/Projects/TheFantasyWorldSimulator/node_modules/@vitest/runner/dist/index.js:145:11
    at file:///C:/Users/chris/Dev/Projects/TheFantasyWorldSimulator/node_modules/@vitest/runner/dist/index.js:915:26
    at file:///C:/Users/chris/Dev/Projects/TheFantasyWorldSimulator/node_modules/@vitest/runner/dist/index.js:1243:20
    at new Promise (<anonymous>)
    at runWithTimeout (file:///C:/Users/chris/Dev/Projects/TheFantasyWorldSimulator/node_modules/@vitest/runner/dist/index.js:1209:10)
[Orchestrator] Tick crashed, returning previous state: Error: Trait not found: trait.reputation.power.renown
    at assignTrait (C:/Users/chris/Dev/Projects/TheFantasyWorldSimulator/src/engine/traits.ts:44:25)
    at syncReputationTrait (C:/Users/chris/Dev/Projects/TheFantasyWorldSimulator/src/engine/phaseReputationTraits.ts:297:5)
    at phaseReputationTraits (C:/Users/chris/Dev/Projects/TheFantasyWorldSimulator/src/engine/phaseReputationTraits.ts:273:7)
    at runTick (C:/Users/chris/Dev/Projects/TheFantasyWorldSimulator/src/engine/orchestrator.ts:1896:18)
    at C:/Users/chris/Dev/Projects/TheFantasyWorldSimulator/src/engine/__tests__/content-layer1-integration.test.ts:295:17
    at file:///C:/Users/chris/Dev/Projects/TheFantasyWorldSimulator/node_modules/@vitest/runner/dist/index.js:145:11
    at file:///C:/Users/chris/Dev/Projects/TheFantasyWorldSimulator/node_modules/@vitest/runner/dist/index.js:915:26
    at file:///C:/Users/chris/Dev/Projects/TheFantasyWorldSimulator/node_modules/@vitest/runner/dist/index.js:1243:20
    at new Promise (<anonymous>)
    at runWithTimeout (file:///C:/Users/chris/Dev/Projects/TheFantasyWorldSimulator/node_modules/@vitest/runner/dist/index.js:1209:10)
[Orchestrator] Tick crashed, returning previous state: Error: Trait not found: trait.reputation.power.renown
    at assignTrait (C:/Users/chris/Dev/Projects/TheFantasyWorldSimulator/src/engine/traits.ts:44:25)
    at syncReputationTrait (C:/Users/chris/Dev/Projects/TheFantasyWorldSimulator/src/engine/phaseReputationTraits.ts:297:5)
    at phaseReputationTraits (C:/Users/chris/Dev/Projects/TheFantasyWorldSimulator/src/engine/phaseReputationTraits.ts:273:7)
    at runTick (C:/Users/chris/Dev/Projects/TheFantasyWorldSimulator/src/engine/orchestrator.ts:1896:18)
    at C:/Users/chris/Dev/Projects/TheFantasyWorldSimulator/src/engine/__tests__/content-layer1-integration.test.ts:295:17
    at file:///C:/Users/chris/Dev/Projects/TheFantasyWorldSimulator/node_modules/@vitest/runner/dist/index.js:145:11
    at file:///C:/Users/chris/Dev/Projects/TheFantasyWorldSimulator/node_modules/@vitest/runner/dist/index.js:915:26
    at file:///C:/Users/chris/Dev/Projects/TheFantasyWorldSimulator/node_modules/@vitest/runner/dist/index.js:1243:20
    at new Promise (<anonymous>)
    at runWithTimeout (file:///C:/Users/chris/Dev/Projects/TheFantasyWorldSimulator/node_modules/@vitest/runner/dist/index.js:1209:10)
[Orchestrator] Tick crashed, returning previous state: Error: Trait not found: trait.reputation.power.renown
    at assignTrait (C:/Users/chris/Dev/Projects/TheFantasyWorldSimulator/src/engine/traits.ts:44:25)
    at syncReputationTrait (C:/Users/chris/Dev/Projects/TheFantasyWorldSimulator/src/engine/phaseReputationTraits.ts:297:5)
    at phaseReputationTraits (C:/Users/chris/Dev/Projects/TheFantasyWorldSimulator/src/engine/phaseReputationTraits.ts:273:7)
    at runTick (C:/Users/chris/Dev/Projects/TheFantasyWorldSimulator/src/engine/orchestrator.ts:1896:18)
    at C:/Users/chris/Dev/Projects/TheFantasyWorldSimulator/src/engine/__tests__/content-layer1-integration.test.ts:295:17
    at file:///C:/Users/chris/Dev/Projects/TheFantasyWorldSimulator/node_modules/@vitest/runner/dist/index.js:145:11
    at file:///C:/Users/chris/Dev/Projects/TheFantasyWorldSimulator/node_modules/@vitest/runner/dist/index.js:915:26
    at file:///C:/Users/chris/Dev/Projects/TheFantasyWorldSimulator/node_modules/@vitest/runner/dist/index.js:1243:20
    at new Promise (<anonymous>)
    at runWithTimeout (file:///C:/Users/chris/Dev/Projects/TheFantasyWorldSimulator/node_modules/@vitest/runner/dist/index.js:1209:10)
[Orchestrator] Tick crashed, returning previous state: Error: Trait not found: trait.reputation.power.renown
    at assignTrait (C:/Users/chris/Dev/Projects/TheFantasyWorldSimulator/src/engine/traits.ts:44:25)
    at syncReputationTrait (C:/Users/chris/Dev/Projects/TheFantasyWorldSimulator/src/engine/phaseReputationTraits.ts:297:5)
    at phaseReputationTraits (C:/Users/chris/Dev/Projects/TheFantasyWorldSimulator/src/engine/phaseReputationTraits.ts:273:7)
    at runTick (C:/Users/chris/Dev/Projects/TheFantasyWorldSimulator/src/engine/orchestrator.ts:1896:18)
    at C:/Users/chris/Dev/Projects/TheFantasyWorldSimulator/src/engine/__tests__/content-layer1-integration.test.ts:295:17
    at file:///C:/Users/chris/Dev/Projects/TheFantasyWorldSimulator/node_modules/@vitest/runner/dist/index.js:145:11
    at file:///C:/Users/chris/Dev/Projects/TheFantasyWorldSimulator/node_modules/@vitest/runner/dist/index.js:915:26
    at file:///C:/Users/chris/Dev/Projects/TheFantasyWorldSimulator/node_modules/@vitest/runner/dist/index.js:1243:20
    at new Promise (<anonymous>)
    at runWithTimeout (file:///C:/Users/chris/Dev/Projects/TheFantasyWorldSimulator/node_modules/@vitest/runner/dist/index.js:1209:10)
[Orchestrator] Tick crashed, returning previous state: Error: Trait not found: trait.reputation.power.renown
    at assignTrait (C:/Users/chris/Dev/Projects/TheFantasyWorldSimulator/src/engine/traits.ts:44:25)
    at syncReputationTrait (C:/Users/chris/Dev/Projects/TheFantasyWorldSimulator/src/engine/phaseReputationTraits.ts:297:5)
    at phaseReputationTraits (C:/Users/chris/Dev/Projects/TheFantasyWorldSimulator/src/engine/phaseReputationTraits.ts:273:7)
    at runTick (C:/Users/chris/Dev/Projects/TheFantasyWorldSimulator/src/engine/orchestrator.ts:1896:18)
    at C:/Users/chris/Dev/Projects/TheFantasyWorldSimulator/src/engine/__tests__/content-layer1-integration.test.ts:295:17
    at file:///C:/Users/chris/Dev/Projects/TheFantasyWorldSimulator/node_modules/@vitest/runner/dist/index.js:145:11
    at file:///C:/Users/chris/Dev/Projects/TheFantasyWorldSimulator/node_modules/@vitest/runner/dist/index.js:915:26
    at file:///C:/Users/chris/Dev/Projects/TheFantasyWorldSimulator/node_modules/@vitest/runner/dist/index.js:1243:20
    at new Promise (<anonymous>)
    at runWithTimeout (file:///C:/Users/chris/Dev/Projects/TheFantasyWorldSimulator/node_modules/@vitest/runner/dist/index.js:1209:10)
[Orchestrator] Tick crashed, returning previous state: Error: Trait not found: trait.reputation.power.renown
    at assignTrait (C:/Users/chris/Dev/Projects/TheFantasyWorldSimulator/src/engine/traits.ts:44:25)
    at syncReputationTrait (C:/Users/chris/Dev/Projects/TheFantasyWorldSimulator/src/engine/phaseReputationTraits.ts:297:5)
    at phaseReputationTraits (C:/Users/chris/Dev/Projects/TheFantasyWorldSimulator/src/engine/phaseReputationTraits.ts:273:7)
    at runTick (C:/Users/chris/Dev/Projects/TheFantasyWorldSimulator/src/engine/orchestrator.ts:1896:18)
    at C:/Users/chris/Dev/Projects/TheFantasyWorldSimulator/src/engine/__tests__/content-layer1-integration.test.ts:295:17
    at file:///C:/Users/chris/Dev/Projects/TheFantasyWorldSimulator/node_modules/@vitest/runner/dist/index.js:145:11
    at file:///C:/Users/chris/Dev/Projects/TheFantasyWorldSimulator/node_modules/@vitest/runner/dist/index.js:915:26
    at file:///C:/Users/chris/Dev/Projects/TheFantasyWorldSimulator/node_modules/@vitest/runner/dist/index.js:1243:20
    at new Promise (<anonymous>)
    at runWithTimeout (file:///C:/Users/chris/Dev/Projects/TheFantasyWorldSimulator/node_modules/@vitest/runner/dist/index.js:1209:10)
[Orchestrator] Tick crashed, returning previous state: Error: Trait not found: trait.reputation.power.renown
    at assignTrait (C:/Users/chris/Dev/Projects/TheFantasyWorldSimulator/src/engine/traits.ts:44:25)
    at syncReputationTrait (C:/Users/chris/Dev/Projects/TheFantasyWorldSimulator/src/engine/phaseReputationTraits.ts:297:5)
    at phaseReputationTraits (C:/Users/chris/Dev/Projects/TheFantasyWorldSimulator/src/engine/phaseReputationTraits.ts:273:7)
    at runTick (C:/Users/chris/Dev/Projects/TheFantasyWorldSimulator/src/engine/orchestrator.ts:1896:18)
    at C:/Users/chris/Dev/Projects/TheFantasyWorldSimulator/src/engine/__tests__/content-layer1-integration.test.ts:295:17
    at file:///C:/Users/chris/Dev/Projects/TheFantasyWorldSimulator/node_modules/@vitest/runner/dist/index.js:145:11
    at file:///C:/Users/chris/Dev/Projects/TheFantasyWorldSimulator/node_modules/@vitest/runner/dist/index.js:915:26
    at file:///C:/Users/chris/Dev/Projects/TheFantasyWorldSimulator/node_modules/@vitest/runner/dist/index.js:1243:20
    at new Promise (<anonymous>)
    at runWithTimeout (file:///C:/Users/chris/Dev/Projects/TheFantasyWorldSimulator/node_modules/@vitest/runner/dist/index.js:1209:10)
[Orchestrator] Tick crashed, returning previous state: Error: Trait not found: trait.reputation.power.renown
    at assignTrait (C:/Users/chris/Dev/Projects/TheFantasyWorldSimulator/src/engine/traits.ts:44:25)
    at syncReputationTrait (C:/Users/chris/Dev/Projects/TheFantasyWorldSimulator/src/engine/phaseReputationTraits.ts:297:5)
    at phaseReputationTraits (C:/Users/chris/Dev/Projects/TheFantasyWorldSimulator/src/engine/phaseReputationTraits.ts:273:7)
    at runTick (C:/Users/chris/Dev/Projects/TheFantasyWorldSimulator/src/engine/orchestrator.ts:1896:18)
    at C:/Users/chris/Dev/Projects/TheFantasyWorldSimulator/src/engine/__tests__/content-layer1-integration.test.ts:295:17
    at file:///C:/Users/chris/Dev/Projects/TheFantasyWorldSimulator/node_modules/@vitest/runner/dist/index.js:145:11
    at file:///C:/Users/chris/Dev/Projects/TheFantasyWorldSimulator/node_modules/@vitest/runner/dist/index.js:915:26
    at file:///C:/Users/chris/Dev/Projects/TheFantasyWorldSimulator/node_modules/@vitest/runner/dist/index.js:1243:20
    at new Promise (<anonymous>)
    at runWithTimeout (file:///C:/Users/chris/Dev/Projects/TheFantasyWorldSimulator/node_modules/@vitest/runner/dist/index.js:1209:10)
[Orchestrator] Tick crashed, returning previous state: Error: Trait not found: trait.reputation.power.renown
    at assignTrait (C:/Users/chris/Dev/Projects/TheFantasyWorldSimulator/src/engine/traits.ts:44:25)
    at syncReputationTrait (C:/Users/chris/Dev/Projects/TheFantasyWorldSimulator/src/engine/phaseReputationTraits.ts:297:5)
    at phaseReputationTraits (C:/Users/chris/Dev/Projects/TheFantasyWorldSimulator/src/engine/phaseReputationTraits.ts:273:7)
    at runTick (C:/Users/chris/Dev/Projects/TheFantasyWorldSimulator/src/engine/orchestrator.ts:1896:18)
    at C:/Users/chris/Dev/Projects/TheFantasyWorldSimulator/src/engine/__tests__/content-layer1-integration.test.ts:295:17
    at file:///C:/Users/chris/Dev/Projects/TheFantasyWorldSimulator/node_modules/@vitest/runner/dist/index.js:145:11
    at file:///C:/Users/chris/Dev/Projects/TheFantasyWorldSimulator/node_modules/@vitest/runner/dist/index.js:915:26
    at file:///C:/Users/chris/Dev/Projects/TheFantasyWorldSimulator/node_modules/@vitest/runner/dist/index.js:1243:20
    at new Promise (<anonymous>)
    at runWithTimeout (file:///C:/Users/chris/Dev/Projects/TheFantasyWorldSimulator/node_modules/@vitest/runner/dist/index.js:1209:10)
[Orchestrator] Tick crashed, returning previous state: Error: Trait not found: trait.reputation.power.renown
    at assignTrait (C:/Users/chris/Dev/Projects/TheFantasyWorldSimulator/src/engine/traits.ts:44:25)
    at syncReputationTrait (C:/Users/chris/Dev/Projects/TheFantasyWorldSimulator/src/engine/phaseReputationTraits.ts:297:5)
    at phaseReputationTraits (C:/Users/chris/Dev/Projects/TheFantasyWorldSimulator/src/engine/phaseReputationTraits.ts:273:7)
    at runTick (C:/Users/chris/Dev/Projects/TheFantasyWorldSimulator/src/engine/orchestrator.ts:1896:18)
    at C:/Users/chris/Dev/Projects/TheFantasyWorldSimulator/src/engine/__tests__/content-layer1-integration.test.ts:295:17
    at file:///C:/Users/chris/Dev/Projects/TheFantasyWorldSimulator/node_modules/@vitest/runner/dist/index.js:145:11
    at file:///C:/Users/chris/Dev/Projects/TheFantasyWorldSimulator/node_modules/@vitest/runner/dist/index.js:915:26
    at file:///C:/Users/chris/Dev/Projects/TheFantasyWorldSimulator/node_modules/@vitest/runner/dist/index.js:1243:20
    at new Promise (<anonymous>)
    at runWithTimeout (file:///C:/Users/chris/Dev/Projects/TheFantasyWorldSimulator/node_modules/@vitest/runner/dist/index.js:1209:10)
[Orchestrator] Tick crashed, returning previous state: Error: Trait not found: trait.reputation.power.renown
    at assignTrait (C:/Users/chris/Dev/Projects/TheFantasyWorldSimulator/src/engine/traits.ts:44:25)
    at syncReputationTrait (C:/Users/chris/Dev/Projects/TheFantasyWorldSimulator/src/engine/phaseReputationTraits.ts:297:5)
    at phaseReputationTraits (C:/Users/chris/Dev/Projects/TheFantasyWorldSimulator/src/engine/phaseReputationTraits.ts:273:7)
    at runTick (C:/Users/chris/Dev/Projects/TheFantasyWorldSimulator/src/engine/orchestrator.ts:1896:18)
    at C:/Users/chris/Dev/Projects/TheFantasyWorldSimulator/src/engine/__tests__/content-layer1-integration.test.ts:295:17
    at file:///C:/Users/chris/Dev/Projects/TheFantasyWorldSimulator/node_modules/@vitest/runner/dist/index.js:145:11
    at file:///C:/Users/chris/Dev/Projects/TheFantasyWorldSimulator/node_modules/@vitest/runner/dist/index.js:915:26
    at file:///C:/Users/chris/Dev/Projects/TheFantasyWorldSimulator/node_modules/@vitest/runner/dist/index.js:1243:20
    at new Promise (<anonymous>)
    at runWithTimeout (file:///C:/Users/chris/Dev/Projects/TheFantasyWorldSimulator/node_modules/@vitest/runner/dist/index.js:1209:10)
[Orchestrator] Tick crashed, returning previous state: Error: Trait not found: trait.reputation.power.renown
    at assignTrait (C:/Users/chris/Dev/Projects/TheFantasyWorldSimulator/src/engine/traits.ts:44:25)
    at syncReputationTrait (C:/Users/chris/Dev/Projects/TheFantasyWorldSimulator/src/engine/phaseReputationTraits.ts:297:5)
    at phaseReputationTraits (C:/Users/chris/Dev/Projects/TheFantasyWorldSimulator/src/engine/phaseReputationTraits.ts:273:7)
    at runTick (C:/Users/chris/Dev/Projects/TheFantasyWorldSimulator/src/engine/orchestrator.ts:1896:18)
    at C:/Users/chris/Dev/Projects/TheFantasyWorldSimulator/src/engine/__tests__/content-layer1-integration.test.ts:295:17
    at file:///C:/Users/chris/Dev/Projects/TheFantasyWorldSimulator/node_modules/@vitest/runner/dist/index.js:145:11
    at file:///C:/Users/chris/Dev/Projects/TheFantasyWorldSimulator/node_modules/@vitest/runner/dist/index.js:915:26
    at file:///C:/Users/chris/Dev/Projects/TheFantasyWorldSimulator/node_modules/@vitest/runner/dist/index.js:1243:20
    at new Promise (<anonymous>)
    at runWithTimeout (file:///C:/Users/chris/Dev/Projects/TheFantasyWorldSimulator/node_modules/@vitest/runner/dist/index.js:1209:10)
[Orchestrator] Tick crashed, returning previous state: Error: Trait not found: trait.reputation.power.renown
    at assignTrait (C:/Users/chris/Dev/Projects/TheFantasyWorldSimulator/src/engine/traits.ts:44:25)
    at syncReputationTrait (C:/Users/chris/Dev/Projects/TheFantasyWorldSimulator/src/engine/phaseReputationTraits.ts:297:5)
    at phaseReputationTraits (C:/Users/chris/Dev/Projects/TheFantasyWorldSimulator/src/engine/phaseReputationTraits.ts:273:7)
    at runTick (C:/Users/chris/Dev/Projects/TheFantasyWorldSimulator/src/engine/orchestrator.ts:1896:18)
    at C:/Users/chris/Dev/Projects/TheFantasyWorldSimulator/src/engine/__tests__/content-layer1-integration.test.ts:295:17
    at file:///C:/Users/chris/Dev/Projects/TheFantasyWorldSimulator/node_modules/@vitest/runner/dist/index.js:145:11
    at file:///C:/Users/chris/Dev/Projects/TheFantasyWorldSimulator/node_modules/@vitest/runner/dist/index.js:915:26
    at file:///C:/Users/chris/Dev/Projects/TheFantasyWorldSimulator/node_modules/@vitest/runner/dist/index.js:1243:20
    at new Promise (<anonymous>)
    at runWithTimeout (file:///C:/Users/chris/Dev/Projects/TheFantasyWorldSimulator/node_modules/@vitest/runner/dist/index.js:1209:10)
[Orchestrator] Tick crashed, returning previous state: Error: Trait not found: trait.reputation.power.renown
    at assignTrait (C:/Users/chris/Dev/Projects/TheFantasyWorldSimulator/src/engine/traits.ts:44:25)
    at syncReputationTrait (C:/Users/chris/Dev/Projects/TheFantasyWorldSimulator/src/engine/phaseReputationTraits.ts:297:5)
    at phaseReputationTraits (C:/Users/chris/Dev/Projects/TheFantasyWorldSimulator/src/engine/phaseReputationTraits.ts:273:7)
    at runTick (C:/Users/chris/Dev/Projects/TheFantasyWorldSimulator/src/engine/orchestrator.ts:1896:18)
    at C:/Users/chris/Dev/Projects/TheFantasyWorldSimulator/src/engine/__tests__/content-layer1-integration.test.ts:295:17
    at file:///C:/Users/chris/Dev/Projects/TheFantasyWorldSimulator/node_modules/@vitest/runner/dist/index.js:145:11
    at file:///C:/Users/chris/Dev/Projects/TheFantasyWorldSimulator/node_modules/@vitest/runner/dist/index.js:915:26
    at file:///C:/Users/chris/Dev/Projects/TheFantasyWorldSimulator/node_modules/@vitest/runner/dist/index.js:1243:20
    at new Promise (<anonymous>)
    at runWithTimeout (file:///C:/Users/chris/Dev/Projects/TheFantasyWorldSimulator/node_modules/@vitest/runner/dist/index.js:1209:10)
[Orchestrator] Tick crashed, returning previous state: Error: Trait not found: trait.reputation.power.renown
    at assignTrait (C:/Users/chris/Dev/Projects/TheFantasyWorldSimulator/src/engine/traits.ts:44:25)
    at syncReputationTrait (C:/Users/chris/Dev/Projects/TheFantasyWorldSimulator/src/engine/phaseReputationTraits.ts:297:5)
    at phaseReputationTraits (C:/Users/chris/Dev/Projects/TheFantasyWorldSimulator/src/engine/phaseReputationTraits.ts:273:7)
    at runTick (C:/Users/chris/Dev/Projects/TheFantasyWorldSimulator/src/engine/orchestrator.ts:1896:18)
    at C:/Users/chris/Dev/Projects/TheFantasyWorldSimulator/src/engine/__tests__/content-layer1-integration.test.ts:295:17
    at file:///C:/Users/chris/Dev/Projects/TheFantasyWorldSimulator/node_modules/@vitest/runner/dist/index.js:145:11
    at file:///C:/Users/chris/Dev/Projects/TheFantasyWorldSimulator/node_modules/@vitest/runner/dist/index.js:915:26
    at file:///C:/Users/chris/Dev/Projects/TheFantasyWorldSimulator/node_modules/@vitest/runner/dist/index.js:1243:20
    at new Promise (<anonymous>)
    at runWithTimeout (file:///C:/Users/chris/Dev/Projects/TheFantasyWorldSimulator/node_modules/@vitest/runner/dist/index.js:1209:10)
[Orchestrator] Tick crashed, returning previous state: Error: Trait not found: trait.reputation.power.renown
    at assignTrait (C:/Users/chris/Dev/Projects/TheFantasyWorldSimulator/src/engine/traits.ts:44:25)
    at syncReputationTrait (C:/Users/chris/Dev/Projects/TheFantasyWorldSimulator/src/engine/phaseReputationTraits.ts:297:5)
    at phaseReputationTraits (C:/Users/chris/Dev/Projects/TheFantasyWorldSimulator/src/engine/phaseReputationTraits.ts:273:7)
    at runTick (C:/Users/chris/Dev/Projects/TheFantasyWorldSimulator/src/engine/orchestrator.ts:1896:18)
    at C:/Users/chris/Dev/Projects/TheFantasyWorldSimulator/src/engine/__tests__/content-layer1-integration.test.ts:295:17
    at file:///C:/Users/chris/Dev/Projects/TheFantasyWorldSimulator/node_modules/@vitest/runner/dist/index.js:145:11
    at file:///C:/Users/chris/Dev/Projects/TheFantasyWorldSimulator/node_modules/@vitest/runner/dist/index.js:915:26
    at file:///C:/Users/chris/Dev/Projects/TheFantasyWorldSimulator/node_modules/@vitest/runner/dist/index.js:1243:20
    at new Promise (<anonymous>)
    at runWithTimeout (file:///C:/Users/chris/Dev/Projects/TheFantasyWorldSimulator/node_modules/@vitest/runner/dist/index.js:1209:10)
[Orchestrator] Tick crashed, returning previous state: Error: Trait not found: trait.reputation.power.renown
    at assignTrait (C:/Users/chris/Dev/Projects/TheFantasyWorldSimulator/src/engine/traits.ts:44:25)
    at syncReputationTrait (C:/Users/chris/Dev/Projects/TheFantasyWorldSimulator/src/engine/phaseReputationTraits.ts:297:5)
    at phaseReputationTraits (C:/Users/chris/Dev/Projects/TheFantasyWorldSimulator/src/engine/phaseReputationTraits.ts:273:7)
    at runTick (C:/Users/chris/Dev/Projects/TheFantasyWorldSimulator/src/engine/orchestrator.ts:1896:18)
    at C:/Users/chris/Dev/Projects/TheFantasyWorldSimulator/src/engine/__tests__/content-layer1-integration.test.ts:295:17
    at file:///C:/Users/chris/Dev/Projects/TheFantasyWorldSimulator/node_modules/@vitest/runner/dist/index.js:145:11
    at file:///C:/Users/chris/Dev/Projects/TheFantasyWorldSimulator/node_modules/@vitest/runner/dist/index.js:915:26
    at file:///C:/Users/chris/Dev/Projects/TheFantasyWorldSimulator/node_modules/@vitest/runner/dist/index.js:1243:20
    at new Promise (<anonymous>)
    at runWithTimeout (file:///C:/Users/chris/Dev/Projects/TheFantasyWorldSimulator/node_modules/@vitest/runner/dist/index.js:1209:10)
[Orchestrator] Tick crashed, returning previous state: Error: Trait not found: trait.reputation.power.renown
    at assignTrait (C:/Users/chris/Dev/Projects/TheFantasyWorldSimulator/src/engine/traits.ts:44:25)
    at syncReputationTrait (C:/Users/chris/Dev/Projects/TheFantasyWorldSimulator/src/engine/phaseReputationTraits.ts:297:5)
    at phaseReputationTraits (C:/Users/chris/Dev/Projects/TheFantasyWorldSimulator/src/engine/phaseReputationTraits.ts:273:7)
    at runTick (C:/Users/chris/Dev/Projects/TheFantasyWorldSimulator/src/engine/orchestrator.ts:1896:18)
    at C:/Users/chris/Dev/Projects/TheFantasyWorldSimulator/src/engine/__tests__/content-layer1-integration.test.ts:295:17
    at file:///C:/Users/chris/Dev/Projects/TheFantasyWorldSimulator/node_modules/@vitest/runner/dist/index.js:145:11
    at file:///C:/Users/chris/Dev/Projects/TheFantasyWorldSimulator/node_modules/@vitest/runner/dist/index.js:915:26
    at file:///C:/Users/chris/Dev/Projects/TheFantasyWorldSimulator/node_modules/@vitest/runner/dist/index.js:1243:20
    at new Promise (<anonymous>)
    at runWithTimeout (file:///C:/Users/chris/Dev/Projects/TheFantasyWorldSimulator/node_modules/@vitest/runner/dist/index.js:1209:10)
[Orchestrator] Tick crashed, returning previous state: Error: Trait not found: trait.reputation.power.renown
    at assignTrait (C:/Users/chris/Dev/Projects/TheFantasyWorldSimulator/src/engine/traits.ts:44:25)
    at syncReputationTrait (C:/Users/chris/Dev/Projects/TheFantasyWorldSimulator/src/engine/phaseReputationTraits.ts:297:5)
    at phaseReputationTraits (C:/Users/chris/Dev/Projects/TheFantasyWorldSimulator/src/engine/phaseReputationTraits.ts:273:7)
    at runTick (C:/Users/chris/Dev/Projects/TheFantasyWorldSimulator/src/engine/orchestrator.ts:1896:18)
    at C:/Users/chris/Dev/Projects/TheFantasyWorldSimulator/src/engine/__tests__/content-layer1-integration.test.ts:295:17
    at file:///C:/Users/chris/Dev/Projects/TheFantasyWorldSimulator/node_modules/@vitest/runner/dist/index.js:145:11
    at file:///C:/Users/chris/Dev/Projects/TheFantasyWorldSimulator/node_modules/@vitest/runner/dist/index.js:915:26
    at file:///C:/Users/chris/Dev/Projects/TheFantasyWorldSimulator/node_modules/@vitest/runner/dist/index.js:1243:20
    at new Promise (<anonymous>)
    at runWithTimeout (file:///C:/Users/chris/Dev/Projects/TheFantasyWorldSimulator/node_modules/@vitest/runner/dist/index.js:1209:10)
[Orchestrator] Tick crashed, returning previous state: Error: Trait not found: trait.reputation.power.renown
    at assignTrait (C:/Users/chris/Dev/Projects/TheFantasyWorldSimulator/src/engine/traits.ts:44:25)
    at syncReputationTrait (C:/Users/chris/Dev/Projects/TheFantasyWorldSimulator/src/engine/phaseReputationTraits.ts:297:5)
    at phaseReputationTraits (C:/Users/chris/Dev/Projects/TheFantasyWorldSimulator/src/engine/phaseReputationTraits.ts:273:7)
    at runTick (C:/Users/chris/Dev/Projects/TheFantasyWorldSimulator/src/engine/orchestrator.ts:1896:18)
    at C:/Users/chris/Dev/Projects/TheFantasyWorldSimulator/src/engine/__tests__/content-layer1-integration.test.ts:295:17
    at file:///C:/Users/chris/Dev/Projects/TheFantasyWorldSimulator/node_modules/@vitest/runner/dist/index.js:145:11
    at file:///C:/Users/chris/Dev/Projects/TheFantasyWorldSimulator/node_modules/@vitest/runner/dist/index.js:915:26
    at file:///C:/Users/chris/Dev/Projects/TheFantasyWorldSimulator/node_modules/@vitest/runner/dist/index.js:1243:20
    at new Promise (<anonymous>)
    at runWithTimeout (file:///C:/Users/chris/Dev/Projects/TheFantasyWorldSimulator/node_modules/@vitest/runner/dist/index.js:1209:10)
[Orchestrator] Tick crashed, returning previous state: Error: Trait not found: trait.reputation.power.renown
    at assignTrait (C:/Users/chris/Dev/Projects/TheFantasyWorldSimulator/src/engine/traits.ts:44:25)
    at syncReputationTrait (C:/Users/chris/Dev/Projects/TheFantasyWorldSimulator/src/engine/phaseReputationTraits.ts:297:5)
    at phaseReputationTraits (C:/Users/chris/Dev/Projects/TheFantasyWorldSimulator/src/engine/phaseReputationTraits.ts:273:7)
    at runTick (C:/Users/chris/Dev/Projects/TheFantasyWorldSimulator/src/engine/orchestrator.ts:1896:18)
    at C:/Users/chris/Dev/Projects/TheFantasyWorldSimulator/src/engine/__tests__/content-layer1-integration.test.ts:295:17
    at file:///C:/Users/chris/Dev/Projects/TheFantasyWorldSimulator/node_modules/@vitest/runner/dist/index.js:145:11
    at file:///C:/Users/chris/Dev/Projects/TheFantasyWorldSimulator/node_modules/@vitest/runner/dist/index.js:915:26
    at file:///C:/Users/chris/Dev/Projects/TheFantasyWorldSimulator/node_modules/@vitest/runner/dist/index.js:1243:20
    at new Promise (<anonymous>)
    at runWithTimeout (file:///C:/Users/chris/Dev/Projects/TheFantasyWorldSimulator/node_modules/@vitest/runner/dist/index.js:1209:10)
[Orchestrator] Tick crashed, returning previous state: Error: Trait not found: trait.reputation.power.renown
    at assignTrait (C:/Users/chris/Dev/Projects/TheFantasyWorldSimulator/src/engine/traits.ts:44:25)
    at syncReputationTrait (C:/Users/chris/Dev/Projects/TheFantasyWorldSimulator/src/engine/phaseReputationTraits.ts:297:5)
    at phaseReputationTraits (C:/Users/chris/Dev/Projects/TheFantasyWorldSimulator/src/engine/phaseReputationTraits.ts:273:7)
    at runTick (C:/Users/chris/Dev/Projects/TheFantasyWorldSimulator/src/engine/orchestrator.ts:1896:18)
    at C:/Users/chris/Dev/Projects/TheFantasyWorldSimulator/src/engine/__tests__/content-layer1-integration.test.ts:295:17
    at file:///C:/Users/chris/Dev/Projects/TheFantasyWorldSimulator/node_modules/@vitest/runner/dist/index.js:145:11
    at file:///C:/Users/chris/Dev/Projects/TheFantasyWorldSimulator/node_modules/@vitest/runner/dist/index.js:915:26
    at file:///C:/Users/chris/Dev/Projects/TheFantasyWorldSimulator/node_modules/@vitest/runner/dist/index.js:1243:20
    at new Promise (<anonymous>)
    at runWithTimeout (file:///C:/Users/chris/Dev/Projects/TheFantasyWorldSimulator/node_modules/@vitest/runner/dist/index.js:1209:10)
[Orchestrator] Tick crashed, returning previous state: Error: Trait not found: trait.reputation.power.renown
    at assignTrait (C:/Users/chris/Dev/Projects/TheFantasyWorldSimulator/src/engine/traits.ts:44:25)
    at syncReputationTrait (C:/Users/chris/Dev/Projects/TheFantasyWorldSimulator/src/engine/phaseReputationTraits.ts:297:5)
    at phaseReputationTraits (C:/Users/chris/Dev/Projects/TheFantasyWorldSimulator/src/engine/phaseReputationTraits.ts:273:7)
    at runTick (C:/Users/chris/Dev/Projects/TheFantasyWorldSimulator/src/engine/orchestrator.ts:1896:18)
    at C:/Users/chris/Dev/Projects/TheFantasyWorldSimulator/src/engine/__tests__/content-layer1-integration.test.ts:295:17
    at file:///C:/Users/chris/Dev/Projects/TheFantasyWorldSimulator/node_modules/@vitest/runner/dist/index.js:145:11
    at file:///C:/Users/chris/Dev/Projects/TheFantasyWorldSimulator/node_modules/@vitest/runner/dist/index.js:915:26
    at file:///C:/Users/chris/Dev/Projects/TheFantasyWorldSimulator/node_modules/@vitest/runner/dist/index.js:1243:20
    at new Promise (<anonymous>)
    at runWithTimeout (file:///C:/Users/chris/Dev/Projects/TheFantasyWorldSimulator/node_modules/@vitest/runner/dist/index.js:1209:10)
[Orchestrator] Tick crashed, returning previous state: Error: Trait not found: trait.reputation.power.renown
    at assignTrait (C:/Users/chris/Dev/Projects/TheFantasyWorldSimulator/src/engine/traits.ts:44:25)
    at syncReputationTrait (C:/Users/chris/Dev/Projects/TheFantasyWorldSimulator/src/engine/phaseReputationTraits.ts:297:5)
    at phaseReputationTraits (C:/Users/chris/Dev/Projects/TheFantasyWorldSimulator/src/engine/phaseReputationTraits.ts:273:7)
    at runTick (C:/Users/chris/Dev/Projects/TheFantasyWorldSimulator/src/engine/orchestrator.ts:1896:18)
    at C:/Users/chris/Dev/Projects/TheFantasyWorldSimulator/src/engine/__tests__/content-layer1-integration.test.ts:295:17
    at file:///C:/Users/chris/Dev/Projects/TheFantasyWorldSimulator/node_modules/@vitest/runner/dist/index.js:145:11
    at file:///C:/Users/chris/Dev/Projects/TheFantasyWorldSimulator/node_modules/@vitest/runner/dist/index.js:915:26
    at file:///C:/Users/chris/Dev/Projects/TheFantasyWorldSimulator/node_modules/@vitest/runner/dist/index.js:1243:20
    at new Promise (<anonymous>)
    at runWithTimeout (file:///C:/Users/chris/Dev/Projects/TheFantasyWorldSimulator/node_modules/@vitest/runner/dist/index.js:1209:10)

[90mstdout[2m | src/engine/__tests__/content-layer1-integration.test.ts[2m > [22m[2mLayer 1 content integration[2m > [22m[2mencounter progression events can fire
[22m[39m[WorldGen] Pass 'province' completed in 1.0ms
[WorldGen] Pass 'elevation' completed in 1.5ms
[WorldGen] Pass 'coastline' completed in 0.8ms
[WorldGen] Pass 'climate' completed in 1.4ms
[WorldGen] Pass 'hydrology' completed in 0.4ms
[WorldGen] Pass 'tempReassess' completed in 0.0ms
[WorldGen] Pass 'biome' completed in 0.1ms
[WorldGen] Culture terrain nudge: 42 hexes modified
[WorldGen] Pass 'cultureTerrainNudge' completed in 0.1ms
[WorldGen] Pass 'smoothing' completed in 0.6ms
[WorldGen] Pass 'validation' completed in 0.3ms

stderr | src/engine/__tests__/content-layer1-integration.test.ts > Layer 1 content integration > encounter progression events can fire
[WorldGen] Validation errors: [ 'Ocean fraction too low: 7.4%' ]
[GraphSchema] Edge "belongs_to" source should be ["actor","location"], got "region" (edge edge_hist_territory_region_15_hist_culture_0)
[GraphSchema] Edge "belongs_to" source should be ["actor","location"], got "region" (edge edge_hist_territory_region_19_hist_culture_1)
[GraphSchema] Edge "belongs_to" source should be ["actor","location"], got "region" (edge edge_hist_territory_region_3_hist_culture_2)
[GraphSchema] Edge "belongs_to" source should be ["actor","location"], got "region" (edge edge_hist_territory_region_13_hist_culture_0)
[GraphSchema] Edge "belongs_to" source should be ["actor","location"], got "region" (edge edge_hist_territory_region_14_hist_culture_1)
[GraphSchema] Edge "belongs_to" source should be ["actor","location"], got "region" (edge edge_hist_territory_region_12_hist_culture_2)
[GraphSchema] Edge "belongs_to" source should be ["actor","location"], got "region" (edge edge_hist_territory_region_16_hist_culture_0)
[GraphSchema] Edge "belongs_to" source should be ["actor","location"], got "region" (edge edge_hist_territory_region_18_hist_culture_1)
[GraphSchema] Edge "belongs_to" source should be ["actor","location"], got "region" (edge edge_hist_territory_region_17_hist_culture_2)
[GraphSchema] Edge "belongs_to" source should be ["actor","location"], got "region" (edge edge_hist_territory_region_7_hist_culture_0)
[GraphSchema] Edge "belongs_to" source should be ["actor","location"], got "region" (edge edge_hist_territory_region_9_hist_culture_2)
[GraphSchema] Edge "belongs_to" source should be ["actor","location"], got "region" (edge edge_hist_territory_region_11_hist_culture_0)
[GraphSchema] Edge "belongs_to" source should be ["actor","location"], got "region" (edge edge_hist_territory_region_2_hist_culture_2)
[GraphSchema] Edge "belongs_to" source should be ["actor","location"], got "region" (edge edge_hist_territory_region_0_hist_culture_0)
[GraphSchema] Edge "belongs_to" source should be ["actor","location"], got "region" (edge edge_hist_territory_region_6_hist_culture_2)
[GraphSchema] Edge "belongs_to" source should be ["actor","location"], got "region" (edge edge_hist_territory_region_10_hist_culture_0)
[GraphSchema] Edge "belongs_to" source should be ["actor","location"], got "region" (edge edge_hist_territory_region_1_hist_culture_2)
[GraphSchema] Edge "belongs_to" source should be ["actor","location"], got "region" (edge edge_hist_territory_region_5_hist_culture_0)
[Orchestrator] Tick crashed, returning previous state: Error: Trait not found: trait.reputation.power.renown
    at assignTrait (C:/Users/chris/Dev/Projects/TheFantasyWorldSimulator/src/engine/traits.ts:44:25)
    at syncReputationTrait (C:/Users/chris/Dev/Projects/TheFantasyWorldSimulator/src/engine/phaseReputationTraits.ts:297:5)
    at phaseReputationTraits (C:/Users/chris/Dev/Projects/TheFantasyWorldSimulator/src/engine/phaseReputationTraits.ts:273:7)
    at runTick (C:/Users/chris/Dev/Projects/TheFantasyWorldSimulator/src/engine/orchestrator.ts:1896:18)
    at C:/Users/chris/Dev/Projects/TheFantasyWorldSimulator/src/engine/__tests__/content-layer1-integration.test.ts:320:17
    at file:///C:/Users/chris/Dev/Projects/TheFantasyWorldSimulator/node_modules/@vitest/runner/dist/index.js:145:11
    at file:///C:/Users/chris/Dev/Projects/TheFantasyWorldSimulator/node_modules/@vitest/runner/dist/index.js:915:26
    at file:///C:/Users/chris/Dev/Projects/TheFantasyWorldSimulator/node_modules/@vitest/runner/dist/index.js:1243:20
    at new Promise (<anonymous>)
    at runWithTimeout (file:///C:/Users/chris/Dev/Projects/TheFantasyWorldSimulator/node_modules/@vitest/runner/dist/index.js:1209:10)
[Orchestrator] Tick crashed, returning previous state: Error: Trait not found: trait.reputation.power.renown
    at assignTrait (C:/Users/chris/Dev/Projects/TheFantasyWorldSimulator/src/engine/traits.ts:44:25)
    at syncReputationTrait (C:/Users/chris/Dev/Projects/TheFantasyWorldSimulator/src/engine/phaseReputationTraits.ts:297:5)
    at phaseReputationTraits (C:/Users/chris/Dev/Projects/TheFantasyWorldSimulator/src/engine/phaseReputationTraits.ts:273:7)
    at runTick (C:/Users/chris/Dev/Projects/TheFantasyWorldSimulator/src/engine/orchestrator.ts:1896:18)
    at C:/Users/chris/Dev/Projects/TheFantasyWorldSimulator/src/engine/__tests__/content-layer1-integration.test.ts:320:17
    at file:///C:/Users/chris/Dev/Projects/TheFantasyWorldSimulator/node_modules/@vitest/runner/dist/index.js:145:11
    at file:///C:/Users/chris/Dev/Projects/TheFantasyWorldSimulator/node_modules/@vitest/runner/dist/index.js:915:26
    at file:///C:/Users/chris/Dev/Projects/TheFantasyWorldSimulator/node_modules/@vitest/runner/dist/index.js:1243:20
    at new Promise (<anonymous>)
    at runWithTimeout (file:///C:/Users/chris/Dev/Projects/TheFantasyWorldSimulator/node_modules/@vitest/runner/dist/index.js:1209:10)
[Orchestrator] Tick crashed, returning previous state: Error: Trait not found: trait.reputation.power.renown
    at assignTrait (C:/Users/chris/Dev/Projects/TheFantasyWorldSimulator/src/engine/traits.ts:44:25)
    at syncReputationTrait (C:/Users/chris/Dev/Projects/TheFantasyWorldSimulator/src/engine/phaseReputationTraits.ts:297:5)
    at phaseReputationTraits (C:/Users/chris/Dev/Projects/TheFantasyWorldSimulator/src/engine/phaseReputationTraits.ts:273:7)
    at runTick (C:/Users/chris/Dev/Projects/TheFantasyWorldSimulator/src/engine/orchestrator.ts:1896:18)
    at C:/Users/chris/Dev/Projects/TheFantasyWorldSimulator/src/engine/__tests__/content-layer1-integration.test.ts:320:17
    at file:///C:/Users/chris/Dev/Projects/TheFantasyWorldSimulator/node_modules/@vitest/runner/dist/index.js:145:11
    at file:///C:/Users/chris/Dev/Projects/TheFantasyWorldSimulator/node_modules/@vitest/runner/dist/index.js:915:26
    at file:///C:/Users/chris/Dev/Projects/TheFantasyWorldSimulator/node_modules/@vitest/runner/dist/index.js:1243:20
    at new Promise (<anonymous>)
    at runWithTimeout (file:///C:/Users/chris/Dev/Projects/TheFantasyWorldSimulator/node_modules/@vitest/runner/dist/index.js:1209:10)
[Orchestrator] Tick crashed, returning previous state: Error: Trait not found: trait.reputation.power.renown
    at assignTrait (C:/Users/chris/Dev/Projects/TheFantasyWorldSimulator/src/engine/traits.ts:44:25)
    at syncReputationTrait (C:/Users/chris/Dev/Projects/TheFantasyWorldSimulator/src/engine/phaseReputationTraits.ts:297:5)
    at phaseReputationTraits (C:/Users/chris/Dev/Projects/TheFantasyWorldSimulator/src/engine/phaseReputationTraits.ts:273:7)
    at runTick (C:/Users/chris/Dev/Projects/TheFantasyWorldSimulator/src/engine/orchestrator.ts:1896:18)
    at C:/Users/chris/Dev/Projects/TheFantasyWorldSimulator/src/engine/__tests__/content-layer1-integration.test.ts:320:17
    at file:///C:/Users/chris/Dev/Projects/TheFantasyWorldSimulator/node_modules/@vitest/runner/dist/index.js:145:11
    at file:///C:/Users/chris/Dev/Projects/TheFantasyWorldSimulator/node_modules/@vitest/runner/dist/index.js:915:26
    at file:///C:/Users/chris/Dev/Projects/TheFantasyWorldSimulator/node_modules/@vitest/runner/dist/index.js:1243:20
    at new Promise (<anonymous>)
    at runWithTimeout (file:///C:/Users/chris/Dev/Projects/TheFantasyWorldSimulator/node_modules/@vitest/runner/dist/index.js:1209:10)
[Orchestrator] Tick crashed, returning previous state: Error: Trait not found: trait.reputation.power.renown
    at assignTrait (C:/Users/chris/Dev/Projects/TheFantasyWorldSimulator/src/engine/traits.ts:44:25)
    at syncReputationTrait (C:/Users/chris/Dev/Projects/TheFantasyWorldSimulator/src/engine/phaseReputationTraits.ts:297:5)
    at phaseReputationTraits (C:/Users/chris/Dev/Projects/TheFantasyWorldSimulator/src/engine/phaseReputationTraits.ts:273:7)
    at runTick (C:/Users/chris/Dev/Projects/TheFantasyWorldSimulator/src/engine/orchestrator.ts:1896:18)
    at C:/Users/chris/Dev/Projects/TheFantasyWorldSimulator/src/engine/__tests__/content-layer1-integration.test.ts:320:17
    at file:///C:/Users/chris/Dev/Projects/TheFantasyWorldSimulator/node_modules/@vitest/runner/dist/index.js:145:11
    at file:///C:/Users/chris/Dev/Projects/TheFantasyWorldSimulator/node_modules/@vitest/runner/dist/index.js:915:26
    at file:///C:/Users/chris/Dev/Projects/TheFantasyWorldSimulator/node_modules/@vitest/runner/dist/index.js:1243:20
    at new Promise (<anonymous>)
    at runWithTimeout (file:///C:/Users/chris/Dev/Projects/TheFantasyWorldSimulator/node_modules/@vitest/runner/dist/index.js:1209:10)
[Orchestrator] Tick crashed, returning previous state: Error: Trait not found: trait.reputation.power.renown
    at assignTrait (C:/Users/chris/Dev/Projects/TheFantasyWorldSimulator/src/engine/traits.ts:44:25)
    at syncReputationTrait (C:/Users/chris/Dev/Projects/TheFantasyWorldSimulator/src/engine/phaseReputationTraits.ts:297:5)
    at phaseReputationTraits (C:/Users/chris/Dev/Projects/TheFantasyWorldSimulator/src/engine/phaseReputationTraits.ts:273:7)
    at runTick (C:/Users/chris/Dev/Projects/TheFantasyWorldSimulator/src/engine/orchestrator.ts:1896:18)
    at C:/Users/chris/Dev/Projects/TheFantasyWorldSimulator/src/engine/__tests__/content-layer1-integration.test.ts:320:17
    at file:///C:/Users/chris/Dev/Projects/TheFantasyWorldSimulator/node_modules/@vitest/runner/dist/index.js:145:11
    at file:///C:/Users/chris/Dev/Projects/TheFantasyWorldSimulator/node_modules/@vitest/runner/dist/index.js:915:26
    at file:///C:/Users/chris/Dev/Projects/TheFantasyWorldSimulator/node_modules/@vitest/runner/dist/index.js:1243:20
    at new Promise (<anonymous>)
    at runWithTimeout (file:///C:/Users/chris/Dev/Projects/TheFantasyWorldSimulator/node_modules/@vitest/runner/dist/index.js:1209:10)
[Orchestrator] Tick crashed, returning previous state: Error: Trait not found: trait.reputation.power.renown
    at assignTrait (C:/Users/chris/Dev/Projects/TheFantasyWorldSimulator/src/engine/traits.ts:44:25)
    at syncReputationTrait (C:/Users/chris/Dev/Projects/TheFantasyWorldSimulator/src/engine/phaseReputationTraits.ts:297:5)
    at phaseReputationTraits (C:/Users/chris/Dev/Projects/TheFantasyWorldSimulator/src/engine/phaseReputationTraits.ts:273:7)
    at runTick (C:/Users/chris/Dev/Projects/TheFantasyWorldSimulator/src/engine/orchestrator.ts:1896:18)
    at C:/Users/chris/Dev/Projects/TheFantasyWorldSimulator/src/engine/__tests__/content-layer1-integration.test.ts:320:17
    at file:///C:/Users/chris/Dev/Projects/TheFantasyWorldSimulator/node_modules/@vitest/runner/dist/index.js:145:11
    at file:///C:/Users/chris/Dev/Projects/TheFantasyWorldSimulator/node_modules/@vitest/runner/dist/index.js:915:26
    at file:///C:/Users/chris/Dev/Projects/TheFantasyWorldSimulator/node_modules/@vitest/runner/dist/index.js:1243:20
    at new Promise (<anonymous>)
    at runWithTimeout (file:///C:/Users/chris/Dev/Projects/TheFantasyWorldSimulator/node_modules/@vitest/runner/dist/index.js:1209:10)
[Orchestrator] Tick crashed, returning previous state: Error: Trait not found: trait.reputation.power.renown
    at assignTrait (C:/Users/chris/Dev/Projects/TheFantasyWorldSimulator/src/engine/traits.ts:44:25)
    at syncReputationTrait (C:/Users/chris/Dev/Projects/TheFantasyWorldSimulator/src/engine/phaseReputationTraits.ts:297:5)
    at phaseReputationTraits (C:/Users/chris/Dev/Projects/TheFantasyWorldSimulator/src/engine/phaseReputationTraits.ts:273:7)
    at runTick (C:/Users/chris/Dev/Projects/TheFantasyWorldSimulator/src/engine/orchestrator.ts:1896:18)
    at C:/Users/chris/Dev/Projects/TheFantasyWorldSimulator/src/engine/__tests__/content-layer1-integration.test.ts:320:17
    at file:///C:/Users/chris/Dev/Projects/TheFantasyWorldSimulator/node_modules/@vitest/runner/dist/index.js:145:11
    at file:///C:/Users/chris/Dev/Projects/TheFantasyWorldSimulator/node_modules/@vitest/runner/dist/index.js:915:26
    at file:///C:/Users/chris/Dev/Projects/TheFantasyWorldSimulator/node_modules/@vitest/runner/dist/index.js:1243:20
    at new Promise (<anonymous>)
    at runWithTimeout (file:///C:/Users/chris/Dev/Projects/TheFantasyWorldSimulator/node_modules/@vitest/runner/dist/index.js:1209:10)
[Orchestrator] Tick crashed, returning previous state: Error: Trait not found: trait.reputation.power.renown
    at assignTrait (C:/Users/chris/Dev/Projects/TheFantasyWorldSimulator/src/engine/traits.ts:44:25)
    at syncReputationTrait (C:/Users/chris/Dev/Projects/TheFantasyWorldSimulator/src/engine/phaseReputationTraits.ts:297:5)
    at phaseReputationTraits (C:/Users/chris/Dev/Projects/TheFantasyWorldSimulator/src/engine/phaseReputationTraits.ts:273:7)
    at runTick (C:/Users/chris/Dev/Projects/TheFantasyWorldSimulator/src/engine/orchestrator.ts:1896:18)
    at C:/Users/chris/Dev/Projects/TheFantasyWorldSimulator/src/engine/__tests__/content-layer1-integration.test.ts:320:17
    at file:///C:/Users/chris/Dev/Projects/TheFantasyWorldSimulator/node_modules/@vitest/runner/dist/index.js:145:11
    at file:///C:/Users/chris/Dev/Projects/TheFantasyWorldSimulator/node_modules/@vitest/runner/dist/index.js:915:26
    at file:///C:/Users/chris/Dev/Projects/TheFantasyWorldSimulator/node_modules/@vitest/runner/dist/index.js:1243:20
    at new Promise (<anonymous>)
    at runWithTimeout (file:///C:/Users/chris/Dev/Projects/TheFantasyWorldSimulator/node_modules/@vitest/runner/dist/index.js:1209:10)
[Orchestrator] Tick crashed, returning previous state: Error: Trait not found: trait.reputation.power.renown
    at assignTrait (C:/Users/chris/Dev/Projects/TheFantasyWorldSimulator/src/engine/traits.ts:44:25)
    at syncReputationTrait (C:/Users/chris/Dev/Projects/TheFantasyWorldSimulator/src/engine/phaseReputationTraits.ts:297:5)
    at phaseReputationTraits (C:/Users/chris/Dev/Projects/TheFantasyWorldSimulator/src/engine/phaseReputationTraits.ts:273:7)
    at runTick (C:/Users/chris/Dev/Projects/TheFantasyWorldSimulator/src/engine/orchestrator.ts:1896:18)
    at C:/Users/chris/Dev/Projects/TheFantasyWorldSimulator/src/engine/__tests__/content-layer1-integration.test.ts:320:17
    at file:///C:/Users/chris/Dev/Projects/TheFantasyWorldSimulator/node_modules/@vitest/runner/dist/index.js:145:11
    at file:///C:/Users/chris/Dev/Projects/TheFantasyWorldSimulator/node_modules/@vitest/runner/dist/index.js:915:26
    at file:///C:/Users/chris/Dev/Projects/TheFantasyWorldSimulator/node_modules/@vitest/runner/dist/index.js:1243:20
    at new Promise (<anonymous>)
    at runWithTimeout (file:///C:/Users/chris/Dev/Projects/TheFantasyWorldSimulator/node_modules/@vitest/runner/dist/index.js:1209:10)
[Orchestrator] Tick crashed, returning previous state: Error: Trait not found: trait.reputation.power.renown
    at assignTrait (C:/Users/chris/Dev/Projects/TheFantasyWorldSimulator/src/engine/traits.ts:44:25)
    at syncReputationTrait (C:/Users/chris/Dev/Projects/TheFantasyWorldSimulator/src/engine/phaseReputationTraits.ts:297:5)
    at phaseReputationTraits (C:/Users/chris/Dev/Projects/TheFantasyWorldSimulator/src/engine/phaseReputationTraits.ts:273:7)
    at runTick (C:/Users/chris/Dev/Projects/TheFantasyWorldSimulator/src/engine/orchestrator.ts:1896:18)
    at C:/Users/chris/Dev/Projects/TheFantasyWorldSimulator/src/engine/__tests__/content-layer1-integration.test.ts:320:17
    at file:///C:/Users/chris/Dev/Projects/TheFantasyWorldSimulator/node_modules/@vitest/runner/dist/index.js:145:11
    at file:///C:/Users/chris/Dev/Projects/TheFantasyWorldSimulator/node_modules/@vitest/runner/dist/index.js:915:26
    at file:///C:/Users/chris/Dev/Projects/TheFantasyWorldSimulator/node_modules/@vitest/runner/dist/index.js:1243:20
    at new Promise (<anonymous>)
    at runWithTimeout (file:///C:/Users/chris/Dev/Projects/TheFantasyWorldSimulator/node_modules/@vitest/runner/dist/index.js:1209:10)
[Orchestrator] Tick crashed, returning previous state: Error: Trait not found: trait.reputation.power.renown
    at assignTrait (C:/Users/chris/Dev/Projects/TheFantasyWorldSimulator/src/engine/traits.ts:44:25)
    at syncReputationTrait (C:/Users/chris/Dev/Projects/TheFantasyWorldSimulator/src/engine/phaseReputationTraits.ts:297:5)
    at phaseReputationTraits (C:/Users/chris/Dev/Projects/TheFantasyWorldSimulator/src/engine/phaseReputationTraits.ts:273:7)
    at runTick (C:/Users/chris/Dev/Projects/TheFantasyWorldSimulator/src/engine/orchestrator.ts:1896:18)
    at C:/Users/chris/Dev/Projects/TheFantasyWorldSimulator/src/engine/__tests__/content-layer1-integration.test.ts:320:17
    at file:///C:/Users/chris/Dev/Projects/TheFantasyWorldSimulator/node_modules/@vitest/runner/dist/index.js:145:11
    at file:///C:/Users/chris/Dev/Projects/TheFantasyWorldSimulator/node_modules/@vitest/runner/dist/index.js:915:26
    at file:///C:/Users/chris/Dev/Projects/TheFantasyWorldSimulator/node_modules/@vitest/runner/dist/index.js:1243:20
    at new Promise (<anonymous>)
    at runWithTimeout (file:///C:/Users/chris/Dev/Projects/TheFantasyWorldSimulator/node_modules/@vitest/runner/dist/index.js:1209:10)
[Orchestrator] Tick crashed, returning previous state: Error: Trait not found: trait.reputation.power.renown
    at assignTrait (C:/Users/chris/Dev/Projects/TheFantasyWorldSimulator/src/engine/traits.ts:44:25)
    at syncReputationTrait (C:/Users/chris/Dev/Projects/TheFantasyWorldSimulator/src/engine/phaseReputationTraits.ts:297:5)
    at phaseReputationTraits (C:/Users/chris/Dev/Projects/TheFantasyWorldSimulator/src/engine/phaseReputationTraits.ts:273:7)
    at runTick (C:/Users/chris/Dev/Projects/TheFantasyWorldSimulator/src/engine/orchestrator.ts:1896:18)
    at C:/Users/chris/Dev/Projects/TheFantasyWorldSimulator/src/engine/__tests__/content-layer1-integration.test.ts:320:17
    at file:///C:/Users/chris/Dev/Projects/TheFantasyWorldSimulator/node_modules/@vitest/runner/dist/index.js:145:11
    at file:///C:/Users/chris/Dev/Projects/TheFantasyWorldSimulator/node_modules/@vitest/runner/dist/index.js:915:26
    at file:///C:/Users/chris/Dev/Projects/TheFantasyWorldSimulator/node_modules/@vitest/runner/dist/index.js:1243:20
    at new Promise (<anonymous>)
    at runWithTimeout (file:///C:/Users/chris/Dev/Projects/TheFantasyWorldSimulator/node_modules/@vitest/runner/dist/index.js:1209:10)
[Orchestrator] Tick crashed, returning previous state: Error: Trait not found: trait.reputation.power.renown
    at assignTrait (C:/Users/chris/Dev/Projects/TheFantasyWorldSimulator/src/engine/traits.ts:44:25)
    at syncReputationTrait (C:/Users/chris/Dev/Projects/TheFantasyWorldSimulator/src/engine/phaseReputationTraits.ts:297:5)
    at phaseReputationTraits (C:/Users/chris/Dev/Projects/TheFantasyWorldSimulator/src/engine/phaseReputationTraits.ts:273:7)
    at runTick (C:/Users/chris/Dev/Projects/TheFantasyWorldSimulator/src/engine/orchestrator.ts:1896:18)
    at C:/Users/chris/Dev/Projects/TheFantasyWorldSimulator/src/engine/__tests__/content-layer1-integration.test.ts:320:17
    at file:///C:/Users/chris/Dev/Projects/TheFantasyWorldSimulator/node_modules/@vitest/runner/dist/index.js:145:11
    at file:///C:/Users/chris/Dev/Projects/TheFantasyWorldSimulator/node_modules/@vitest/runner/dist/index.js:915:26
    at file:///C:/Users/chris/Dev/Projects/TheFantasyWorldSimulator/node_modules/@vitest/runner/dist/index.js:1243:20
    at new Promise (<anonymous>)
    at runWithTimeout (file:///C:/Users/chris/Dev/Projects/TheFantasyWorldSimulator/node_modules/@vitest/runner/dist/index.js:1209:10)
[Orchestrator] Tick crashed, returning previous state: Error: Trait not found: trait.reputation.power.renown
    at assignTrait (C:/Users/chris/Dev/Projects/TheFantasyWorldSimulator/src/engine/traits.ts:44:25)
    at syncReputationTrait (C:/Users/chris/Dev/Projects/TheFantasyWorldSimulator/src/engine/phaseReputationTraits.ts:297:5)
    at phaseReputationTraits (C:/Users/chris/Dev/Projects/TheFantasyWorldSimulator/src/engine/phaseReputationTraits.ts:273:7)
    at runTick (C:/Users/chris/Dev/Projects/TheFantasyWorldSimulator/src/engine/orchestrator.ts:1896:18)
    at C:/Users/chris/Dev/Projects/TheFantasyWorldSimulator/src/engine/__tests__/content-layer1-integration.test.ts:320:17
    at file:///C:/Users/chris/Dev/Projects/TheFantasyWorldSimulator/node_modules/@vitest/runner/dist/index.js:145:11
    at file:///C:/Users/chris/Dev/Projects/TheFantasyWorldSimulator/node_modules/@vitest/runner/dist/index.js:915:26
    at file:///C:/Users/chris/Dev/Projects/TheFantasyWorldSimulator/node_modules/@vitest/runner/dist/index.js:1243:20
    at new Promise (<anonymous>)
    at runWithTimeout (file:///C:/Users/chris/Dev/Projects/TheFantasyWorldSimulator/node_modules/@vitest/runner/dist/index.js:1209:10)
[Orchestrator] Tick crashed, returning previous state: Error: Trait not found: trait.reputation.power.renown
    at assignTrait (C:/Users/chris/Dev/Projects/TheFantasyWorldSimulator/src/engine/traits.ts:44:25)
    at syncReputationTrait (C:/Users/chris/Dev/Projects/TheFantasyWorldSimulator/src/engine/phaseReputationTraits.ts:297:5)
    at phaseReputationTraits (C:/Users/chris/Dev/Projects/TheFantasyWorldSimulator/src/engine/phaseReputationTraits.ts:273:7)
    at runTick (C:/Users/chris/Dev/Projects/TheFantasyWorldSimulator/src/engine/orchestrator.ts:1896:18)
    at C:/Users/chris/Dev/Projects/TheFantasyWorldSimulator/src/engine/__tests__/content-layer1-integration.test.ts:320:17
    at file:///C:/Users/chris/Dev/Projects/TheFantasyWorldSimulator/node_modules/@vitest/runner/dist/index.js:145:11
    at file:///C:/Users/chris/Dev/Projects/TheFantasyWorldSimulator/node_modules/@vitest/runner/dist/index.js:915:26
    at file:///C:/Users/chris/Dev/Projects/TheFantasyWorldSimulator/node_modules/@vitest/runner/dist/index.js:1243:20
    at new Promise (<anonymous>)
    at runWithTimeout (file:///C:/Users/chris/Dev/Projects/TheFantasyWorldSimulator/node_modules/@vitest/runner/dist/index.js:1209:10)
[Orchestrator] Tick crashed, returning previous state: Error: Trait not found: trait.reputation.power.renown
    at assignTrait (C:/Users/chris/Dev/Projects/TheFantasyWorldSimulator/src/engine/traits.ts:44:25)
    at syncReputationTrait (C:/Users/chris/Dev/Projects/TheFantasyWorldSimulator/src/engine/phaseReputationTraits.ts:297:5)
    at phaseReputationTraits (C:/Users/chris/Dev/Projects/TheFantasyWorldSimulator/src/engine/phaseReputationTraits.ts:273:7)
    at runTick (C:/Users/chris/Dev/Projects/TheFantasyWorldSimulator/src/engine/orchestrator.ts:1896:18)
    at C:/Users/chris/Dev/Projects/TheFantasyWorldSimulator/src/engine/__tests__/content-layer1-integration.test.ts:320:17
    at file:///C:/Users/chris/Dev/Projects/TheFantasyWorldSimulator/node_modules/@vitest/runner/dist/index.js:145:11
    at file:///C:/Users/chris/Dev/Projects/TheFantasyWorldSimulator/node_modules/@vitest/runner/dist/index.js:915:26
    at file:///C:/Users/chris/Dev/Projects/TheFantasyWorldSimulator/node_modules/@vitest/runner/dist/index.js:1243:20
    at new Promise (<anonymous>)
    at runWithTimeout (file:///C:/Users/chris/Dev/Projects/TheFantasyWorldSimulator/node_modules/@vitest/runner/dist/index.js:1209:10)
[Orchestrator] Tick crashed, returning previous state: Error: Trait not found: trait.reputation.power.renown
    at assignTrait (C:/Users/chris/Dev/Projects/TheFantasyWorldSimulator/src/engine/traits.ts:44:25)
    at syncReputationTrait (C:/Users/chris/Dev/Projects/TheFantasyWorldSimulator/src/engine/phaseReputationTraits.ts:297:5)
    at phaseReputationTraits (C:/Users/chris/Dev/Projects/TheFantasyWorldSimulator/src/engine/phaseReputationTraits.ts:273:7)
    at runTick (C:/Users/chris/Dev/Projects/TheFantasyWorldSimulator/src/engine/orchestrator.ts:1896:18)
    at C:/Users/chris/Dev/Projects/TheFantasyWorldSimulator/src/engine/__tests__/content-layer1-integration.test.ts:320:17
    at file:///C:/Users/chris/Dev/Projects/TheFantasyWorldSimulator/node_modules/@vitest/runner/dist/index.js:145:11
    at file:///C:/Users/chris/Dev/Projects/TheFantasyWorldSimulator/node_modules/@vitest/runner/dist/index.js:915:26
    at file:///C:/Users/chris/Dev/Projects/TheFantasyWorldSimulator/node_modules/@vitest/runner/dist/index.js:1243:20
    at new Promise (<anonymous>)
    at runWithTimeout (file:///C:/Users/chris/Dev/Projects/TheFantasyWorldSimulator/node_modules/@vitest/runner/dist/index.js:1209:10)
[Orchestrator] Tick crashed, returning previous state: Error: Trait not found: trait.reputation.power.renown
    at assignTrait (C:/Users/chris/Dev/Projects/TheFantasyWorldSimulator/src/engine/traits.ts:44:25)
    at syncReputationTrait (C:/Users/chris/Dev/Projects/TheFantasyWorldSimulator/src/engine/phaseReputationTraits.ts:297:5)
    at phaseReputationTraits (C:/Users/chris/Dev/Projects/TheFantasyWorldSimulator/src/engine/phaseReputationTraits.ts:273:7)
    at runTick (C:/Users/chris/Dev/Projects/TheFantasyWorldSimulator/src/engine/orchestrator.ts:1896:18)
    at C:/Users/chris/Dev/Projects/TheFantasyWorldSimulator/src/engine/__tests__/content-layer1-integration.test.ts:320:17
    at file:///C:/Users/chris/Dev/Projects/TheFantasyWorldSimulator/node_modules/@vitest/runner/dist/index.js:145:11
    at file:///C:/Users/chris/Dev/Projects/TheFantasyWorldSimulator/node_modules/@vitest/runner/dist/index.js:915:26
    at file:///C:/Users/chris/Dev/Projects/TheFantasyWorldSimulator/node_modules/@vitest/runner/dist/index.js:1243:20
    at new Promise (<anonymous>)
    at runWithTimeout (file:///C:/Users/chris/Dev/Projects/TheFantasyWorldSimulator/node_modules/@vitest/runner/dist/index.js:1209:10)
[Orchestrator] Tick crashed, returning previous state: Error: Trait not found: trait.reputation.power.renown
    at assignTrait (C:/Users/chris/Dev/Projects/TheFantasyWorldSimulator/src/engine/traits.ts:44:25)
    at syncReputationTrait (C:/Users/chris/Dev/Projects/TheFantasyWorldSimulator/src/engine/phaseReputationTraits.ts:297:5)
    at phaseReputationTraits (C:/Users/chris/Dev/Projects/TheFantasyWorldSimulator/src/engine/phaseReputationTraits.ts:273:7)
    at runTick (C:/Users/chris/Dev/Projects/TheFantasyWorldSimulator/src/engine/orchestrator.ts:1896:18)
    at C:/Users/chris/Dev/Projects/TheFantasyWorldSimulator/src/engine/__tests__/content-layer1-integration.test.ts:320:17
    at file:///C:/Users/chris/Dev/Projects/TheFantasyWorldSimulator/node_modules/@vitest/runner/dist/index.js:145:11
    at file:///C:/Users/chris/Dev/Projects/TheFantasyWorldSimulator/node_modules/@vitest/runner/dist/index.js:915:26
    at file:///C:/Users/chris/Dev/Projects/TheFantasyWorldSimulator/node_modules/@vitest/runner/dist/index.js:1243:20
    at new Promise (<anonymous>)
    at runWithTimeout (file:///C:/Users/chris/Dev/Projects/TheFantasyWorldSimulator/node_modules/@vitest/runner/dist/index.js:1209:10)
[Orchestrator] Tick crashed, returning previous state: Error: Trait not found: trait.reputation.power.renown
    at assignTrait (C:/Users/chris/Dev/Projects/TheFantasyWorldSimulator/src/engine/traits.ts:44:25)
    at syncReputationTrait (C:/Users/chris/Dev/Projects/TheFantasyWorldSimulator/src/engine/phaseReputationTraits.ts:297:5)
    at phaseReputationTraits (C:/Users/chris/Dev/Projects/TheFantasyWorldSimulator/src/engine/phaseReputationTraits.ts:273:7)
    at runTick (C:/Users/chris/Dev/Projects/TheFantasyWorldSimulator/src/engine/orchestrator.ts:1896:18)
    at C:/Users/chris/Dev/Projects/TheFantasyWorldSimulator/src/engine/__tests__/content-layer1-integration.test.ts:320:17
    at file:///C:/Users/chris/Dev/Projects/TheFantasyWorldSimulator/node_modules/@vitest/runner/dist/index.js:145:11
    at file:///C:/Users/chris/Dev/Projects/TheFantasyWorldSimulator/node_modules/@vitest/runner/dist/index.js:915:26
    at file:///C:/Users/chris/Dev/Projects/TheFantasyWorldSimulator/node_modules/@vitest/runner/dist/index.js:1243:20
    at new Promise (<anonymous>)
    at runWithTimeout (file:///C:/Users/chris/Dev/Projects/TheFantasyWorldSimulator/node_modules/@vitest/runner/dist/index.js:1209:10)
[Orchestrator] Tick crashed, returning previous state: Error: Trait not found: trait.reputation.power.renown
    at assignTrait (C:/Users/chris/Dev/Projects/TheFantasyWorldSimulator/src/engine/traits.ts:44:25)
    at syncReputationTrait (C:/Users/chris/Dev/Projects/TheFantasyWorldSimulator/src/engine/phaseReputationTraits.ts:297:5)
    at phaseReputationTraits (C:/Users/chris/Dev/Projects/TheFantasyWorldSimulator/src/engine/phaseReputationTraits.ts:273:7)
    at runTick (C:/Users/chris/Dev/Projects/TheFantasyWorldSimulator/src/engine/orchestrator.ts:1896:18)
    at C:/Users/chris/Dev/Projects/TheFantasyWorldSimulator/src/engine/__tests__/content-layer1-integration.test.ts:320:17
    at file:///C:/Users/chris/Dev/Projects/TheFantasyWorldSimulator/node_modules/@vitest/runner/dist/index.js:145:11
    at file:///C:/Users/chris/Dev/Projects/TheFantasyWorldSimulator/node_modules/@vitest/runner/dist/index.js:915:26
    at file:///C:/Users/chris/Dev/Projects/TheFantasyWorldSimulator/node_modules/@vitest/runner/dist/index.js:1243:20
    at new Promise (<anonymous>)
    at runWithTimeout (file:///C:/Users/chris/Dev/Projects/TheFantasyWorldSimulator/node_modules/@vitest/runner/dist/index.js:1209:10)
[Orchestrator] Tick crashed, returning previous state: Error: Trait not found: trait.reputation.power.renown
    at assignTrait (C:/Users/chris/Dev/Projects/TheFantasyWorldSimulator/src/engine/traits.ts:44:25)
    at syncReputationTrait (C:/Users/chris/Dev/Projects/TheFantasyWorldSimulator/src/engine/phaseReputationTraits.ts:297:5)
    at phaseReputationTraits (C:/Users/chris/Dev/Projects/TheFantasyWorldSimulator/src/engine/phaseReputationTraits.ts:273:7)
    at runTick (C:/Users/chris/Dev/Projects/TheFantasyWorldSimulator/src/engine/orchestrator.ts:1896:18)
    at C:/Users/chris/Dev/Projects/TheFantasyWorldSimulator/src/engine/__tests__/content-layer1-integration.test.ts:320:17
    at file:///C:/Users/chris/Dev/Projects/TheFantasyWorldSimulator/node_modules/@vitest/runner/dist/index.js:145:11
    at file:///C:/Users/chris/Dev/Projects/TheFantasyWorldSimulator/node_modules/@vitest/runner/dist/index.js:915:26
    at file:///C:/Users/chris/Dev/Projects/TheFantasyWorldSimulator/node_modules/@vitest/runner/dist/index.js:1243:20
    at new Promise (<anonymous>)
    at runWithTimeout (file:///C:/Users/chris/Dev/Projects/TheFantasyWorldSimulator/node_modules/@vitest/runner/dist/index.js:1209:10)
[Orchestrator] Tick crashed, returning previous state: Error: Trait not found: trait.reputation.power.renown
    at assignTrait (C:/Users/chris/Dev/Projects/TheFantasyWorldSimulator/src/engine/traits.ts:44:25)
    at syncReputationTrait (C:/Users/chris/Dev/Projects/TheFantasyWorldSimulator/src/engine/phaseReputationTraits.ts:297:5)
    at phaseReputationTraits (C:/Users/chris/Dev/Projects/TheFantasyWorldSimulator/src/engine/phaseReputationTraits.ts:273:7)
    at runTick (C:/Users/chris/Dev/Projects/TheFantasyWorldSimulator/src/engine/orchestrator.ts:1896:18)
    at C:/Users/chris/Dev/Projects/TheFantasyWorldSimulator/src/engine/__tests__/content-layer1-integration.test.ts:320:17
    at file:///C:/Users/chris/Dev/Projects/TheFantasyWorldSimulator/node_modules/@vitest/runner/dist/index.js:145:11
    at file:///C:/Users/chris/Dev/Projects/TheFantasyWorldSimulator/node_modules/@vitest/runner/dist/index.js:915:26
    at file:///C:/Users/chris/Dev/Projects/TheFantasyWorldSimulator/node_modules/@vitest/runner/dist/index.js:1243:20
    at new Promise (<anonymous>)
    at runWithTimeout (file:///C:/Users/chris/Dev/Projects/TheFantasyWorldSimulator/node_modules/@vitest/runner/dist/index.js:1209:10)
[Orchestrator] Tick crashed, returning previous state: Error: Trait not found: trait.reputation.power.renown
    at assignTrait (C:/Users/chris/Dev/Projects/TheFantasyWorldSimulator/src/engine/traits.ts:44:25)
    at syncReputationTrait (C:/Users/chris/Dev/Projects/TheFantasyWorldSimulator/src/engine/phaseReputationTraits.ts:297:5)
    at phaseReputationTraits (C:/Users/chris/Dev/Projects/TheFantasyWorldSimulator/src/engine/phaseReputationTraits.ts:273:7)
    at runTick (C:/Users/chris/Dev/Projects/TheFantasyWorldSimulator/src/engine/orchestrator.ts:1896:18)
    at C:/Users/chris/Dev/Projects/TheFantasyWorldSimulator/src/engine/__tests__/content-layer1-integration.test.ts:320:17
    at file:///C:/Users/chris/Dev/Projects/TheFantasyWorldSimulator/node_modules/@vitest/runner/dist/index.js:145:11
    at file:///C:/Users/chris/Dev/Projects/TheFantasyWorldSimulator/node_modules/@vitest/runner/dist/index.js:915:26
    at file:///C:/Users/chris/Dev/Projects/TheFantasyWorldSimulator/node_modules/@vitest/runner/dist/index.js:1243:20
    at new Promise (<anonymous>)
    at runWithTimeout (file:///C:/Users/chris/Dev/Projects/TheFantasyWorldSimulator/node_modules/@vitest/runner/dist/index.js:1209:10)
[Orchestrator] Tick crashed, returning previous state: Error: Trait not found: trait.reputation.power.renown
    at assignTrait (C:/Users/chris/Dev/Projects/TheFantasyWorldSimulator/src/engine/traits.ts:44:25)
    at syncReputationTrait (C:/Users/chris/Dev/Projects/TheFantasyWorldSimulator/src/engine/phaseReputationTraits.ts:297:5)
    at phaseReputationTraits (C:/Users/chris/Dev/Projects/TheFantasyWorldSimulator/src/engine/phaseReputationTraits.ts:273:7)
    at runTick (C:/Users/chris/Dev/Projects/TheFantasyWorldSimulator/src/engine/orchestrator.ts:1896:18)
    at C:/Users/chris/Dev/Projects/TheFantasyWorldSimulator/src/engine/__tests__/content-layer1-integration.test.ts:320:17
    at file:///C:/Users/chris/Dev/Projects/TheFantasyWorldSimulator/node_modules/@vitest/runner/dist/index.js:145:11
    at file:///C:/Users/chris/Dev/Projects/TheFantasyWorldSimulator/node_modules/@vitest/runner/dist/index.js:915:26
    at file:///C:/Users/chris/Dev/Projects/TheFantasyWorldSimulator/node_modules/@vitest/runner/dist/index.js:1243:20
    at new Promise (<anonymous>)
    at runWithTimeout (file:///C:/Users/chris/Dev/Projects/TheFantasyWorldSimulator/node_modules/@vitest/runner/dist/index.js:1209:10)
[Orchestrator] Tick crashed, returning previous state: Error: Trait not found: trait.reputation.power.renown
    at assignTrait (C:/Users/chris/Dev/Projects/TheFantasyWorldSimulator/src/engine/traits.ts:44:25)
    at syncReputationTrait (C:/Users/chris/Dev/Projects/TheFantasyWorldSimulator/src/engine/phaseReputationTraits.ts:297:5)
    at phaseReputationTraits (C:/Users/chris/Dev/Projects/TheFantasyWorldSimulator/src/engine/phaseReputationTraits.ts:273:7)
    at runTick (C:/Users/chris/Dev/Projects/TheFantasyWorldSimulator/src/engine/orchestrator.ts:1896:18)
    at C:/Users/chris/Dev/Projects/TheFantasyWorldSimulator/src/engine/__tests__/content-layer1-integration.test.ts:320:17
    at file:///C:/Users/chris/Dev/Projects/TheFantasyWorldSimulator/node_modules/@vitest/runner/dist/index.js:145:11
    at file:///C:/Users/chris/Dev/Projects/TheFantasyWorldSimulator/node_modules/@vitest/runner/dist/index.js:915:26
    at file:///C:/Users/chris/Dev/Projects/TheFantasyWorldSimulator/node_modules/@vitest/runner/dist/index.js:1243:20
    at new Promise (<anonymous>)
    at runWithTimeout (file:///C:/Users/chris/Dev/Projects/TheFantasyWorldSimulator/node_modules/@vitest/runner/dist/index.js:1209:10)
[Orchestrator] Tick crashed, returning previous state: Error: Trait not found: trait.reputation.power.renown
    at assignTrait (C:/Users/chris/Dev/Projects/TheFantasyWorldSimulator/src/engine/traits.ts:44:25)
    at syncReputationTrait (C:/Users/chris/Dev/Projects/TheFantasyWorldSimulator/src/engine/phaseReputationTraits.ts:297:5)
    at phaseReputationTraits (C:/Users/chris/Dev/Projects/TheFantasyWorldSimulator/src/engine/phaseReputationTraits.ts:273:7)
    at runTick (C:/Users/chris/Dev/Projects/TheFantasyWorldSimulator/src/engine/orchestrator.ts:1896:18)
    at C:/Users/chris/Dev/Projects/TheFantasyWorldSimulator/src/engine/__tests__/content-layer1-integration.test.ts:320:17
    at file:///C:/Users/chris/Dev/Projects/TheFantasyWorldSimulator/node_modules/@vitest/runner/dist/index.js:145:11
    at file:///C:/Users/chris/Dev/Projects/TheFantasyWorldSimulator/node_modules/@vitest/runner/dist/index.js:915:26
    at file:///C:/Users/chris/Dev/Projects/TheFantasyWorldSimulator/node_modules/@vitest/runner/dist/index.js:1243:20
    at new Promise (<anonymous>)
    at runWithTimeout (file:///C:/Users/chris/Dev/Projects/TheFantasyWorldSimulator/node_modules/@vitest/runner/dist/index.js:1209:10)
[Orchestrator] Tick crashed, returning previous state: Error: Trait not found: trait.reputation.power.renown
    at assignTrait (C:/Users/chris/Dev/Projects/TheFantasyWorldSimulator/src/engine/traits.ts:44:25)
    at syncReputationTrait (C:/Users/chris/Dev/Projects/TheFantasyWorldSimulator/src/engine/phaseReputationTraits.ts:297:5)
    at phaseReputationTraits (C:/Users/chris/Dev/Projects/TheFantasyWorldSimulator/src/engine/phaseReputationTraits.ts:273:7)
    at runTick (C:/Users/chris/Dev/Projects/TheFantasyWorldSimulator/src/engine/orchestrator.ts:1896:18)
    at C:/Users/chris/Dev/Projects/TheFantasyWorldSimulator/src/engine/__tests__/content-layer1-integration.test.ts:320:17
    at file:///C:/Users/chris/Dev/Projects/TheFantasyWorldSimulator/node_modules/@vitest/runner/dist/index.js:145:11
    at file:///C:/Users/chris/Dev/Projects/TheFantasyWorldSimulator/node_modules/@vitest/runner/dist/index.js:915:26
    at file:///C:/Users/chris/Dev/Projects/TheFantasyWorldSimulator/node_modules/@vitest/runner/dist/index.js:1243:20
    at new Promise (<anonymous>)
    at runWithTimeout (file:///C:/Users/chris/Dev/Projects/TheFantasyWorldSimulator/node_modules/@vitest/runner/dist/index.js:1209:10)
[Orchestrator] Tick crashed, returning previous state: Error: Trait not found: trait.reputation.power.renown
    at assignTrait (C:/Users/chris/Dev/Projects/TheFantasyWorldSimulator/src/engine/traits.ts:44:25)
    at syncReputationTrait (C:/Users/chris/Dev/Projects/TheFantasyWorldSimulator/src/engine/phaseReputationTraits.ts:297:5)
    at phaseReputationTraits (C:/Users/chris/Dev/Projects/TheFantasyWorldSimulator/src/engine/phaseReputationTraits.ts:273:7)
    at runTick (C:/Users/chris/Dev/Projects/TheFantasyWorldSimulator/src/engine/orchestrator.ts:1896:18)
    at C:/Users/chris/Dev/Projects/TheFantasyWorldSimulator/src/engine/__tests__/content-layer1-integration.test.ts:320:17
    at file:///C:/Users/chris/Dev/Projects/TheFantasyWorldSimulator/node_modules/@vitest/runner/dist/index.js:145:11
    at file:///C:/Users/chris/Dev/Projects/TheFantasyWorldSimulator/node_modules/@vitest/runner/dist/index.js:915:26
    at file:///C:/Users/chris/Dev/Projects/TheFantasyWorldSimulator/node_modules/@vitest/runner/dist/index.js:1243:20
    at new Promise (<anonymous>)
    at runWithTimeout (file:///C:/Users/chris/Dev/Projects/TheFantasyWorldSimulator/node_modules/@vitest/runner/dist/index.js:1209:10)
[Orchestrator] Tick crashed, returning previous state: Error: Trait not found: trait.reputation.power.renown
    at assignTrait (C:/Users/chris/Dev/Projects/TheFantasyWorldSimulator/src/engine/traits.ts:44:25)
    at syncReputationTrait (C:/Users/chris/Dev/Projects/TheFantasyWorldSimulator/src/engine/phaseReputationTraits.ts:297:5)
    at phaseReputationTraits (C:/Users/chris/Dev/Projects/TheFantasyWorldSimulator/src/engine/phaseReputationTraits.ts:273:7)
    at runTick (C:/Users/chris/Dev/Projects/TheFantasyWorldSimulator/src/engine/orchestrator.ts:1896:18)
    at C:/Users/chris/Dev/Projects/TheFantasyWorldSimulator/src/engine/__tests__/content-layer1-integration.test.ts:320:17
    at file:///C:/Users/chris/Dev/Projects/TheFantasyWorldSimulator/node_modules/@vitest/runner/dist/index.js:145:11
    at file:///C:/Users/chris/Dev/Projects/TheFantasyWorldSimulator/node_modules/@vitest/runner/dist/index.js:915:26
    at file:///C:/Users/chris/Dev/Projects/TheFantasyWorldSimulator/node_modules/@vitest/runner/dist/index.js:1243:20
    at new Promise (<anonymous>)
    at runWithTimeout (file:///C:/Users/chris/Dev/Projects/TheFantasyWorldSimulator/node_modules/@vitest/runner/dist/index.js:1209:10)
[Orchestrator] Tick crashed, returning previous state: Error: Trait not found: trait.reputation.power.renown
    at assignTrait (C:/Users/chris/Dev/Projects/TheFantasyWorldSimulator/src/engine/traits.ts:44:25)
    at syncReputationTrait (C:/Users/chris/Dev/Projects/TheFantasyWorldSimulator/src/engine/phaseReputationTraits.ts:297:5)
    at phaseReputationTraits (C:/Users/chris/Dev/Projects/TheFantasyWorldSimulator/src/engine/phaseReputationTraits.ts:273:7)
    at runTick (C:/Users/chris/Dev/Projects/TheFantasyWorldSimulator/src/engine/orchestrator.ts:1896:18)
    at C:/Users/chris/Dev/Projects/TheFantasyWorldSimulator/src/engine/__tests__/content-layer1-integration.test.ts:320:17
    at file:///C:/Users/chris/Dev/Projects/TheFantasyWorldSimulator/node_modules/@vitest/runner/dist/index.js:145:11
    at file:///C:/Users/chris/Dev/Projects/TheFantasyWorldSimulator/node_modules/@vitest/runner/dist/index.js:915:26
    at file:///C:/Users/chris/Dev/Projects/TheFantasyWorldSimulator/node_modules/@vitest/runner/dist/index.js:1243:20
    at new Promise (<anonymous>)
    at runWithTimeout (file:///C:/Users/chris/Dev/Projects/TheFantasyWorldSimulator/node_modules/@vitest/runner/dist/index.js:1209:10)
[Orchestrator] Tick crashed, returning previous state: Error: Trait not found: trait.reputation.power.renown
    at assignTrait (C:/Users/chris/Dev/Projects/TheFantasyWorldSimulator/src/engine/traits.ts:44:25)
    at syncReputationTrait (C:/Users/chris/Dev/Projects/TheFantasyWorldSimulator/src/engine/phaseReputationTraits.ts:297:5)
    at phaseReputationTraits (C:/Users/chris/Dev/Projects/TheFantasyWorldSimulator/src/engine/phaseReputationTraits.ts:273:7)
    at runTick (C:/Users/chris/Dev/Projects/TheFantasyWorldSimulator/src/engine/orchestrator.ts:1896:18)
    at C:/Users/chris/Dev/Projects/TheFantasyWorldSimulator/src/engine/__tests__/content-layer1-integration.test.ts:320:17
    at file:///C:/Users/chris/Dev/Projects/TheFantasyWorldSimulator/node_modules/@vitest/runner/dist/index.js:145:11
    at file:///C:/Users/chris/Dev/Projects/TheFantasyWorldSimulator/node_modules/@vitest/runner/dist/index.js:915:26
    at file:///C:/Users/chris/Dev/Projects/TheFantasyWorldSimulator/node_modules/@vitest/runner/dist/index.js:1243:20
    at new Promise (<anonymous>)
    at runWithTimeout (file:///C:/Users/chris/Dev/Projects/TheFantasyWorldSimulator/node_modules/@vitest/runner/dist/index.js:1209:10)
[Orchestrator] Tick crashed, returning previous state: Error: Trait not found: trait.reputation.power.renown
    at assignTrait (C:/Users/chris/Dev/Projects/TheFantasyWorldSimulator/src/engine/traits.ts:44:25)
    at syncReputationTrait (C:/Users/chris/Dev/Projects/TheFantasyWorldSimulator/src/engine/phaseReputationTraits.ts:297:5)
    at phaseReputationTraits (C:/Users/chris/Dev/Projects/TheFantasyWorldSimulator/src/engine/phaseReputationTraits.ts:273:7)
    at runTick (C:/Users/chris/Dev/Projects/TheFantasyWorldSimulator/src/engine/orchestrator.ts:1896:18)
    at C:/Users/chris/Dev/Projects/TheFantasyWorldSimulator/src/engine/__tests__/content-layer1-integration.test.ts:320:17
    at file:///C:/Users/chris/Dev/Projects/TheFantasyWorldSimulator/node_modules/@vitest/runner/dist/index.js:145:11
    at file:///C:/Users/chris/Dev/Projects/TheFantasyWorldSimulator/node_modules/@vitest/runner/dist/index.js:915:26
    at file:///C:/Users/chris/Dev/Projects/TheFantasyWorldSimulator/node_modules/@vitest/runner/dist/index.js:1243:20
    at new Promise (<anonymous>)
    at runWithTimeout (file:///C:/Users/chris/Dev/Projects/TheFantasyWorldSimulator/node_modules/@vitest/runner/dist/index.js:1209:10)
[Orchestrator] Tick crashed, returning previous state: Error: Trait not found: trait.reputation.power.renown
    at assignTrait (C:/Users/chris/Dev/Projects/TheFantasyWorldSimulator/src/engine/traits.ts:44:25)
    at syncReputationTrait (C:/Users/chris/Dev/Projects/TheFantasyWorldSimulator/src/engine/phaseReputationTraits.ts:297:5)
    at phaseReputationTraits (C:/Users/chris/Dev/Projects/TheFantasyWorldSimulator/src/engine/phaseReputationTraits.ts:273:7)
    at runTick (C:/Users/chris/Dev/Projects/TheFantasyWorldSimulator/src/engine/orchestrator.ts:1896:18)
    at C:/Users/chris/Dev/Projects/TheFantasyWorldSimulator/src/engine/__tests__/content-layer1-integration.test.ts:320:17
    at file:///C:/Users/chris/Dev/Projects/TheFantasyWorldSimulator/node_modules/@vitest/runner/dist/index.js:145:11
    at file:///C:/Users/chris/Dev/Projects/TheFantasyWorldSimulator/node_modules/@vitest/runner/dist/index.js:915:26
    at file:///C:/Users/chris/Dev/Projects/TheFantasyWorldSimulator/node_modules/@vitest/runner/dist/index.js:1243:20
    at new Promise (<anonymous>)
    at runWithTimeout (file:///C:/Users/chris/Dev/Projects/TheFantasyWorldSimulator/node_modules/@vitest/runner/dist/index.js:1209:10)
[Orchestrator] Tick crashed, returning previous state: Error: Trait not found: trait.reputation.power.renown
    at assignTrait (C:/Users/chris/Dev/Projects/TheFantasyWorldSimulator/src/engine/traits.ts:44:25)
    at syncReputationTrait (C:/Users/chris/Dev/Projects/TheFantasyWorldSimulator/src/engine/phaseReputationTraits.ts:297:5)
    at phaseReputationTraits (C:/Users/chris/Dev/Projects/TheFantasyWorldSimulator/src/engine/phaseReputationTraits.ts:273:7)
    at runTick (C:/Users/chris/Dev/Projects/TheFantasyWorldSimulator/src/engine/orchestrator.ts:1896:18)
    at C:/Users/chris/Dev/Projects/TheFantasyWorldSimulator/src/engine/__tests__/content-layer1-integration.test.ts:320:17
    at file:///C:/Users/chris/Dev/Projects/TheFantasyWorldSimulator/node_modules/@vitest/runner/dist/index.js:145:11
    at file:///C:/Users/chris/Dev/Projects/TheFantasyWorldSimulator/node_modules/@vitest/runner/dist/index.js:915:26
    at file:///C:/Users/chris/Dev/Projects/TheFantasyWorldSimulator/node_modules/@vitest/runner/dist/index.js:1243:20
    at new Promise (<anonymous>)
    at runWithTimeout (file:///C:/Users/chris/Dev/Projects/TheFantasyWorldSimulator/node_modules/@vitest/runner/dist/index.js:1209:10)
[Orchestrator] Tick crashed, returning previous state: Error: Trait not found: trait.reputation.power.renown
    at assignTrait (C:/Users/chris/Dev/Projects/TheFantasyWorldSimulator/src/engine/traits.ts:44:25)
    at syncReputationTrait (C:/Users/chris/Dev/Projects/TheFantasyWorldSimulator/src/engine/phaseReputationTraits.ts:297:5)
    at phaseReputationTraits (C:/Users/chris/Dev/Projects/TheFantasyWorldSimulator/src/engine/phaseReputationTraits.ts:273:7)
    at runTick (C:/Users/chris/Dev/Projects/TheFantasyWorldSimulator/src/engine/orchestrator.ts:1896:18)
    at C:/Users/chris/Dev/Projects/TheFantasyWorldSimulator/src/engine/__tests__/content-layer1-integration.test.ts:320:17
    at file:///C:/Users/chris/Dev/Projects/TheFantasyWorldSimulator/node_modules/@vitest/runner/dist/index.js:145:11
    at file:///C:/Users/chris/Dev/Projects/TheFantasyWorldSimulator/node_modules/@vitest/runner/dist/index.js:915:26
    at file:///C:/Users/chris/Dev/Projects/TheFantasyWorldSimulator/node_modules/@vitest/runner/dist/index.js:1243:20
    at new Promise (<anonymous>)
    at runWithTimeout (file:///C:/Users/chris/Dev/Projects/TheFantasyWorldSimulator/node_modules/@vitest/runner/dist/index.js:1209:10)
[Orchestrator] Tick crashed, returning previous state: Error: Trait not found: trait.reputation.power.renown
    at assignTrait (C:/Users/chris/Dev/Projects/TheFantasyWorldSimulator/src/engine/traits.ts:44:25)
    at syncReputationTrait (C:/Users/chris/Dev/Projects/TheFantasyWorldSimulator/src/engine/phaseReputationTraits.ts:297:5)
    at phaseReputationTraits (C:/Users/chris/Dev/Projects/TheFantasyWorldSimulator/src/engine/phaseReputationTraits.ts:273:7)
    at runTick (C:/Users/chris/Dev/Projects/TheFantasyWorldSimulator/src/engine/orchestrator.ts:1896:18)
    at C:/Users/chris/Dev/Projects/TheFantasyWorldSimulator/src/engine/__tests__/content-layer1-integration.test.ts:320:17
    at file:///C:/Users/chris/Dev/Projects/TheFantasyWorldSimulator/node_modules/@vitest/runner/dist/index.js:145:11
    at file:///C:/Users/chris/Dev/Projects/TheFantasyWorldSimulator/node_modules/@vitest/runner/dist/index.js:915:26
    at file:///C:/Users/chris/Dev/Projects/TheFantasyWorldSimulator/node_modules/@vitest/runner/dist/index.js:1243:20
    at new Promise (<anonymous>)
    at runWithTimeout (file:///C:/Users/chris/Dev/Projects/TheFantasyWorldSimulator/node_modules/@vitest/runner/dist/index.js:1209:10)
[Orchestrator] Tick crashed, returning previous state: Error: Trait not found: trait.reputation.power.renown
    at assignTrait (C:/Users/chris/Dev/Projects/TheFantasyWorldSimulator/src/engine/traits.ts:44:25)
    at syncReputationTrait (C:/Users/chris/Dev/Projects/TheFantasyWorldSimulator/src/engine/phaseReputationTraits.ts:297:5)
    at phaseReputationTraits (C:/Users/chris/Dev/Projects/TheFantasyWorldSimulator/src/engine/phaseReputationTraits.ts:273:7)
    at runTick (C:/Users/chris/Dev/Projects/TheFantasyWorldSimulator/src/engine/orchestrator.ts:1896:18)
    at C:/Users/chris/Dev/Projects/TheFantasyWorldSimulator/src/engine/__tests__/content-layer1-integration.test.ts:320:17
    at file:///C:/Users/chris/Dev/Projects/TheFantasyWorldSimulator/node_modules/@vitest/runner/dist/index.js:145:11
    at file:///C:/Users/chris/Dev/Projects/TheFantasyWorldSimulator/node_modules/@vitest/runner/dist/index.js:915:26
    at file:///C:/Users/chris/Dev/Projects/TheFantasyWorldSimulator/node_modules/@vitest/runner/dist/index.js:1243:20
    at new Promise (<anonymous>)
    at runWithTimeout (file:///C:/Users/chris/Dev/Projects/TheFantasyWorldSimulator/node_modules/@vitest/runner/dist/index.js:1209:10)
[Orchestrator] Tick crashed, returning previous state: Error: Trait not found: trait.reputation.power.renown
    at assignTrait (C:/Users/chris/Dev/Projects/TheFantasyWorldSimulator/src/engine/traits.ts:44:25)
    at syncReputationTrait (C:/Users/chris/Dev/Projects/TheFantasyWorldSimulator/src/engine/phaseReputationTraits.ts:297:5)
    at phaseReputationTraits (C:/Users/chris/Dev/Projects/TheFantasyWorldSimulator/src/engine/phaseReputationTraits.ts:273:7)
    at runTick (C:/Users/chris/Dev/Projects/TheFantasyWorldSimulator/src/engine/orchestrator.ts:1896:18)
    at C:/Users/chris/Dev/Projects/TheFantasyWorldSimulator/src/engine/__tests__/content-layer1-integration.test.ts:320:17
    at file:///C:/Users/chris/Dev/Projects/TheFantasyWorldSimulator/node_modules/@vitest/runner/dist/index.js:145:11
    at file:///C:/Users/chris/Dev/Projects/TheFantasyWorldSimulator/node_modules/@vitest/runner/dist/index.js:915:26
    at file:///C:/Users/chris/Dev/Projects/TheFantasyWorldSimulator/node_modules/@vitest/runner/dist/index.js:1243:20
    at new Promise (<anonymous>)
    at runWithTimeout (file:///C:/Users/chris/Dev/Projects/TheFantasyWorldSimulator/node_modules/@vitest/runner/dist/index.js:1209:10)
[Orchestrator] Tick crashed, returning previous state: Error: Trait not found: trait.reputation.power.renown
    at assignTrait (C:/Users/chris/Dev/Projects/TheFantasyWorldSimulator/src/engine/traits.ts:44:25)
    at syncReputationTrait (C:/Users/chris/Dev/Projects/TheFantasyWorldSimulator/src/engine/phaseReputationTraits.ts:297:5)
    at phaseReputationTraits (C:/Users/chris/Dev/Projects/TheFantasyWorldSimulator/src/engine/phaseReputationTraits.ts:273:7)
    at runTick (C:/Users/chris/Dev/Projects/TheFantasyWorldSimulator/src/engine/orchestrator.ts:1896:18)
    at C:/Users/chris/Dev/Projects/TheFantasyWorldSimulator/src/engine/__tests__/content-layer1-integration.test.ts:320:17
    at file:///C:/Users/chris/Dev/Projects/TheFantasyWorldSimulator/node_modules/@vitest/runner/dist/index.js:145:11
    at file:///C:/Users/chris/Dev/Projects/TheFantasyWorldSimulator/node_modules/@vitest/runner/dist/index.js:915:26
    at file:///C:/Users/chris/Dev/Projects/TheFantasyWorldSimulator/node_modules/@vitest/runner/dist/index.js:1243:20
    at new Promise (<anonymous>)
    at runWithTimeout (file:///C:/Users/chris/Dev/Projects/TheFantasyWorldSimulator/node_modules/@vitest/runner/dist/index.js:1209:10)
[Orchestrator] Tick crashed, returning previous state: Error: Trait not found: trait.reputation.power.renown
    at assignTrait (C:/Users/chris/Dev/Projects/TheFantasyWorldSimulator/src/engine/traits.ts:44:25)
    at syncReputationTrait (C:/Users/chris/Dev/Projects/TheFantasyWorldSimulator/src/engine/phaseReputationTraits.ts:297:5)
    at phaseReputationTraits (C:/Users/chris/Dev/Projects/TheFantasyWorldSimulator/src/engine/phaseReputationTraits.ts:273:7)
    at runTick (C:/Users/chris/Dev/Projects/TheFantasyWorldSimulator/src/engine/orchestrator.ts:1896:18)
    at C:/Users/chris/Dev/Projects/TheFantasyWorldSimulator/src/engine/__tests__/content-layer1-integration.test.ts:320:17
    at file:///C:/Users/chris/Dev/Projects/TheFantasyWorldSimulator/node_modules/@vitest/runner/dist/index.js:145:11
    at file:///C:/Users/chris/Dev/Projects/TheFantasyWorldSimulator/node_modules/@vitest/runner/dist/index.js:915:26
    at file:///C:/Users/chris/Dev/Projects/TheFantasyWorldSimulator/node_modules/@vitest/runner/dist/index.js:1243:20
    at new Promise (<anonymous>)
    at runWithTimeout (file:///C:/Users/chris/Dev/Projects/TheFantasyWorldSimulator/node_modules/@vitest/runner/dist/index.js:1209:10)
[Orchestrator] Tick crashed, returning previous state: Error: Trait not found: trait.reputation.power.renown
    at assignTrait (C:/Users/chris/Dev/Projects/TheFantasyWorldSimulator/src/engine/traits.ts:44:25)
    at syncReputationTrait (C:/Users/chris/Dev/Projects/TheFantasyWorldSimulator/src/engine/phaseReputationTraits.ts:297:5)
    at phaseReputationTraits (C:/Users/chris/Dev/Projects/TheFantasyWorldSimulator/src/engine/phaseReputationTraits.ts:273:7)
    at runTick (C:/Users/chris/Dev/Projects/TheFantasyWorldSimulator/src/engine/orchestrator.ts:1896:18)
    at C:/Users/chris/Dev/Projects/TheFantasyWorldSimulator/src/engine/__tests__/content-layer1-integration.test.ts:320:17
    at file:///C:/Users/chris/Dev/Projects/TheFantasyWorldSimulator/node_modules/@vitest/runner/dist/index.js:145:11
    at file:///C:/Users/chris/Dev/Projects/TheFantasyWorldSimulator/node_modules/@vitest/runner/dist/index.js:915:26
    at file:///C:/Users/chris/Dev/Projects/TheFantasyWorldSimulator/node_modules/@vitest/runner/dist/index.js:1243:20
    at new Promise (<anonymous>)
    at runWithTimeout (file:///C:/Users/chris/Dev/Projects/TheFantasyWorldSimulator/node_modules/@vitest/runner/dist/index.js:1209:10)
[Orchestrator] Tick crashed, returning previous state: Error: Trait not found: trait.reputation.power.renown
    at assignTrait (C:/Users/chris/Dev/Projects/TheFantasyWorldSimulator/src/engine/traits.ts:44:25)
    at syncReputationTrait (C:/Users/chris/Dev/Projects/TheFantasyWorldSimulator/src/engine/phaseReputationTraits.ts:297:5)
    at phaseReputationTraits (C:/Users/chris/Dev/Projects/TheFantasyWorldSimulator/src/engine/phaseReputationTraits.ts:273:7)
    at runTick (C:/Users/chris/Dev/Projects/TheFantasyWorldSimulator/src/engine/orchestrator.ts:1896:18)
    at C:/Users/chris/Dev/Projects/TheFantasyWorldSimulator/src/engine/__tests__/content-layer1-integration.test.ts:320:17
    at file:///C:/Users/chris/Dev/Projects/TheFantasyWorldSimulator/node_modules/@vitest/runner/dist/index.js:145:11
    at file:///C:/Users/chris/Dev/Projects/TheFantasyWorldSimulator/node_modules/@vitest/runner/dist/index.js:915:26
    at file:///C:/Users/chris/Dev/Projects/TheFantasyWorldSimulator/node_modules/@vitest/runner/dist/index.js:1243:20
    at new Promise (<anonymous>)
    at runWithTimeout (file:///C:/Users/chris/Dev/Projects/TheFantasyWorldSimulator/node_modules/@vitest/runner/dist/index.js:1209:10)
[Orchestrator] Tick crashed, returning previous state: Error: Trait not found: trait.reputation.power.renown
    at assignTrait (C:/Users/chris/Dev/Projects/TheFantasyWorldSimulator/src/engine/traits.ts:44:25)
    at syncReputationTrait (C:/Users/chris/Dev/Projects/TheFantasyWorldSimulator/src/engine/phaseReputationTraits.ts:297:5)
    at phaseReputationTraits (C:/Users/chris/Dev/Projects/TheFantasyWorldSimulator/src/engine/phaseReputationTraits.ts:273:7)
    at runTick (C:/Users/chris/Dev/Projects/TheFantasyWorldSimulator/src/engine/orchestrator.ts:1896:18)
    at C:/Users/chris/Dev/Projects/TheFantasyWorldSimulator/src/engine/__tests__/content-layer1-integration.test.ts:320:17
    at file:///C:/Users/chris/Dev/Projects/TheFantasyWorldSimulator/node_modules/@vitest/runner/dist/index.js:145:11
    at file:///C:/Users/chris/Dev/Projects/TheFantasyWorldSimulator/node_modules/@vitest/runner/dist/index.js:915:26
    at file:///C:/Users/chris/Dev/Projects/TheFantasyWorldSimulator/node_modules/@vitest/runner/dist/index.js:1243:20
    at new Promise (<anonymous>)
    at runWithTimeout (file:///C:/Users/chris/Dev/Projects/TheFantasyWorldSimulator/node_modules/@vitest/runner/dist/index.js:1209:10)
[Orchestrator] Tick crashed, returning previous state: Error: Trait not found: trait.reputation.power.renown
    at assignTrait (C:/Users/chris/Dev/Projects/TheFantasyWorldSimulator/src/engine/traits.ts:44:25)
    at syncReputationTrait (C:/Users/chris/Dev/Projects/TheFantasyWorldSimulator/src/engine/phaseReputationTraits.ts:297:5)
    at phaseReputationTraits (C:/Users/chris/Dev/Projects/TheFantasyWorldSimulator/src/engine/phaseReputationTraits.ts:273:7)
    at runTick (C:/Users/chris/Dev/Projects/TheFantasyWorldSimulator/src/engine/orchestrator.ts:1896:18)
    at C:/Users/chris/Dev/Projects/TheFantasyWorldSimulator/src/engine/__tests__/content-layer1-integration.test.ts:320:17
    at file:///C:/Users/chris/Dev/Projects/TheFantasyWorldSimulator/node_modules/@vitest/runner/dist/index.js:145:11
    at file:///C:/Users/chris/Dev/Projects/TheFantasyWorldSimulator/node_modules/@vitest/runner/dist/index.js:915:26
    at file:///C:/Users/chris/Dev/Projects/TheFantasyWorldSimulator/node_modules/@vitest/runner/dist/index.js:1243:20
    at new Promise (<anonymous>)
    at runWithTimeout (file:///C:/Users/chris/Dev/Projects/TheFantasyWorldSimulator/node_modules/@vitest/runner/dist/index.js:1209:10)
[Orchestrator] Tick crashed, returning previous state: Error: Trait not found: trait.reputation.power.renown
    at assignTrait (C:/Users/chris/Dev/Projects/TheFantasyWorldSimulator/src/engine/traits.ts:44:25)
    at syncReputationTrait (C:/Users/chris/Dev/Projects/TheFantasyWorldSimulator/src/engine/phaseReputationTraits.ts:297:5)
    at phaseReputationTraits (C:/Users/chris/Dev/Projects/TheFantasyWorldSimulator/src/engine/phaseReputationTraits.ts:273:7)
    at runTick (C:/Users/chris/Dev/Projects/TheFantasyWorldSimulator/src/engine/orchestrator.ts:1896:18)
    at C:/Users/chris/Dev/Projects/TheFantasyWorldSimulator/src/engine/__tests__/content-layer1-integration.test.ts:320:17
    at file:///C:/Users/chris/Dev/Projects/TheFantasyWorldSimulator/node_modules/@vitest/runner/dist/index.js:145:11
    at file:///C:/Users/chris/Dev/Projects/TheFantasyWorldSimulator/node_modules/@vitest/runner/dist/index.js:915:26
    at file:///C:/Users/chris/Dev/Projects/TheFantasyWorldSimulator/node_modules/@vitest/runner/dist/index.js:1243:20
    at new Promise (<anonymous>)
    at runWithTimeout (file:///C:/Users/chris/Dev/Projects/TheFantasyWorldSimulator/node_modules/@vitest/runner/dist/index.js:1209:10)
[Orchestrator] Tick crashed, returning previous state: Error: Trait not found: trait.reputation.power.renown
    at assignTrait (C:/Users/chris/Dev/Projects/TheFantasyWorldSimulator/src/engine/traits.ts:44:25)
    at syncReputationTrait (C:/Users/chris/Dev/Projects/TheFantasyWorldSimulator/src/engine/phaseReputationTraits.ts:297:5)
    at phaseReputationTraits (C:/Users/chris/Dev/Projects/TheFantasyWorldSimulator/src/engine/phaseReputationTraits.ts:273:7)
    at runTick (C:/Users/chris/Dev/Projects/TheFantasyWorldSimulator/src/engine/orchestrator.ts:1896:18)
    at C:/Users/chris/Dev/Projects/TheFantasyWorldSimulator/src/engine/__tests__/content-layer1-integration.test.ts:320:17
    at file:///C:/Users/chris/Dev/Projects/TheFantasyWorldSimulator/node_modules/@vitest/runner/dist/index.js:145:11
    at file:///C:/Users/chris/Dev/Projects/TheFantasyWorldSimulator/node_modules/@vitest/runner/dist/index.js:915:26
    at file:///C:/Users/chris/Dev/Projects/TheFantasyWorldSimulator/node_modules/@vitest/runner/dist/index.js:1243:20
    at new Promise (<anonymous>)
    at runWithTimeout (file:///C:/Users/chris/Dev/Projects/TheFantasyWorldSimulator/node_modules/@vitest/runner/dist/index.js:1209:10)
[Orchestrator] Tick crashed, returning previous state: Error: Trait not found: trait.reputation.power.renown
    at assignTrait (C:/Users/chris/Dev/Projects/TheFantasyWorldSimulator/src/engine/traits.ts:44:25)
    at syncReputationTrait (C:/Users/chris/Dev/Projects/TheFantasyWorldSimulator/src/engine/phaseReputationTraits.ts:297:5)
    at phaseReputationTraits (C:/Users/chris/Dev/Projects/TheFantasyWorldSimulator/src/engine/phaseReputationTraits.ts:273:7)
    at runTick (C:/Users/chris/Dev/Projects/TheFantasyWorldSimulator/src/engine/orchestrator.ts:1896:18)
    at C:/Users/chris/Dev/Projects/TheFantasyWorldSimulator/src/engine/__tests__/content-layer1-integration.test.ts:320:17
    at file:///C:/Users/chris/Dev/Projects/TheFantasyWorldSimulator/node_modules/@vitest/runner/dist/index.js:145:11
    at file:///C:/Users/chris/Dev/Projects/TheFantasyWorldSimulator/node_modules/@vitest/runner/dist/index.js:915:26
    at file:///C:/Users/chris/Dev/Projects/TheFantasyWorldSimulator/node_modules/@vitest/runner/dist/index.js:1243:20
    at new Promise (<anonymous>)
    at runWithTimeout (file:///C:/Users/chris/Dev/Projects/TheFantasyWorldSimulator/node_modules/@vitest/runner/dist/index.js:1209:10)
[Orchestrator] Tick crashed, returning previous state: Error: Trait not found: trait.reputation.power.renown
    at assignTrait (C:/Users/chris/Dev/Projects/TheFantasyWorldSimulator/src/engine/traits.ts:44:25)
    at syncReputationTrait (C:/Users/chris/Dev/Projects/TheFantasyWorldSimulator/src/engine/phaseReputationTraits.ts:297:5)
    at phaseReputationTraits (C:/Users/chris/Dev/Projects/TheFantasyWorldSimulator/src/engine/phaseReputationTraits.ts:273:7)
    at runTick (C:/Users/chris/Dev/Projects/TheFantasyWorldSimulator/src/engine/orchestrator.ts:1896:18)
    at C:/Users/chris/Dev/Projects/TheFantasyWorldSimulator/src/engine/__tests__/content-layer1-integration.test.ts:320:17
    at file:///C:/Users/chris/Dev/Projects/TheFantasyWorldSimulator/node_modules/@vitest/runner/dist/index.js:145:11
    at file:///C:/Users/chris/Dev/Projects/TheFantasyWorldSimulator/node_modules/@vitest/runner/dist/index.js:915:26
    at file:///C:/Users/chris/Dev/Projects/TheFantasyWorldSimulator/node_modules/@vitest/runner/dist/index.js:1243:20
    at new Promise (<anonymous>)
    at runWithTimeout (file:///C:/Users/chris/Dev/Projects/TheFantasyWorldSimulator/node_modules/@vitest/runner/dist/index.js:1209:10)
[Orchestrator] Tick crashed, returning previous state: Error: Trait not found: trait.reputation.power.renown
    at assignTrait (C:/Users/chris/Dev/Projects/TheFantasyWorldSimulator/src/engine/traits.ts:44:25)
    at syncReputationTrait (C:/Users/chris/Dev/Projects/TheFantasyWorldSimulator/src/engine/phaseReputationTraits.ts:297:5)
    at phaseReputationTraits (C:/Users/chris/Dev/Projects/TheFantasyWorldSimulator/src/engine/phaseReputationTraits.ts:273:7)
    at runTick (C:/Users/chris/Dev/Projects/TheFantasyWorldSimulator/src/engine/orchestrator.ts:1896:18)
    at C:/Users/chris/Dev/Projects/TheFantasyWorldSimulator/src/engine/__tests__/content-layer1-integration.test.ts:320:17
    at file:///C:/Users/chris/Dev/Projects/TheFantasyWorldSimulator/node_modules/@vitest/runner/dist/index.js:145:11
    at file:///C:/Users/chris/Dev/Projects/TheFantasyWorldSimulator/node_modules/@vitest/runner/dist/index.js:915:26
    at file:///C:/Users/chris/Dev/Projects/TheFantasyWorldSimulator/node_modules/@vitest/runner/dist/index.js:1243:20
    at new Promise (<anonymous>)
    at runWithTimeout (file:///C:/Users/chris/Dev/Projects/TheFantasyWorldSimulator/node_modules/@vitest/runner/dist/index.js:1209:10)
[Orchestrator] Tick crashed, returning previous state: Error: Trait not found: trait.reputation.power.renown
    at assignTrait (C:/Users/chris/Dev/Projects/TheFantasyWorldSimulator/src/engine/traits.ts:44:25)
    at syncReputationTrait (C:/Users/chris/Dev/Projects/TheFantasyWorldSimulator/src/engine/phaseReputationTraits.ts:297:5)
    at phaseReputationTraits (C:/Users/chris/Dev/Projects/TheFantasyWorldSimulator/src/engine/phaseReputationTraits.ts:273:7)
    at runTick (C:/Users/chris/Dev/Projects/TheFantasyWorldSimulator/src/engine/orchestrator.ts:1896:18)
    at C:/Users/chris/Dev/Projects/TheFantasyWorldSimulator/src/engine/__tests__/content-layer1-integration.test.ts:320:17
    at file:///C:/Users/chris/Dev/Projects/TheFantasyWorldSimulator/node_modules/@vitest/runner/dist/index.js:145:11
    at file:///C:/Users/chris/Dev/Projects/TheFantasyWorldSimulator/node_modules/@vitest/runner/dist/index.js:915:26
    at file:///C:/Users/chris/Dev/Projects/TheFantasyWorldSimulator/node_modules/@vitest/runner/dist/index.js:1243:20
    at new Promise (<anonymous>)
    at runWithTimeout (file:///C:/Users/chris/Dev/Projects/TheFantasyWorldSimulator/node_modules/@vitest/runner/dist/index.js:1209:10)
[Orchestrator] Tick crashed, returning previous state: Error: Trait not found: trait.reputation.power.renown
    at assignTrait (C:/Users/chris/Dev/Projects/TheFantasyWorldSimulator/src/engine/traits.ts:44:25)
    at syncReputationTrait (C:/Users/chris/Dev/Projects/TheFantasyWorldSimulator/src/engine/phaseReputationTraits.ts:297:5)
    at phaseReputationTraits (C:/Users/chris/Dev/Projects/TheFantasyWorldSimulator/src/engine/phaseReputationTraits.ts:273:7)
    at runTick (C:/Users/chris/Dev/Projects/TheFantasyWorldSimulator/src/engine/orchestrator.ts:1896:18)
    at C:/Users/chris/Dev/Projects/TheFantasyWorldSimulator/src/engine/__tests__/content-layer1-integration.test.ts:320:17
    at file:///C:/Users/chris/Dev/Projects/TheFantasyWorldSimulator/node_modules/@vitest/runner/dist/index.js:145:11
    at file:///C:/Users/chris/Dev/Projects/TheFantasyWorldSimulator/node_modules/@vitest/runner/dist/index.js:915:26
    at file:///C:/Users/chris/Dev/Projects/TheFantasyWorldSimulator/node_modules/@vitest/runner/dist/index.js:1243:20
    at new Promise (<anonymous>)
    at runWithTimeout (file:///C:/Users/chris/Dev/Projects/TheFantasyWorldSimulator/node_modules/@vitest/runner/dist/index.js:1209:10)
[Orchestrator] Tick crashed, returning previous state: Error: Trait not found: trait.reputation.power.renown
    at assignTrait (C:/Users/chris/Dev/Projects/TheFantasyWorldSimulator/src/engine/traits.ts:44:25)
    at syncReputationTrait (C:/Users/chris/Dev/Projects/TheFantasyWorldSimulator/src/engine/phaseReputationTraits.ts:297:5)
    at phaseReputationTraits (C:/Users/chris/Dev/Projects/TheFantasyWorldSimulator/src/engine/phaseReputationTraits.ts:273:7)
    at runTick (C:/Users/chris/Dev/Projects/TheFantasyWorldSimulator/src/engine/orchestrator.ts:1896:18)
    at C:/Users/chris/Dev/Projects/TheFantasyWorldSimulator/src/engine/__tests__/content-layer1-integration.test.ts:320:17
    at file:///C:/Users/chris/Dev/Projects/TheFantasyWorldSimulator/node_modules/@vitest/runner/dist/index.js:145:11
    at file:///C:/Users/chris/Dev/Projects/TheFantasyWorldSimulator/node_modules/@vitest/runner/dist/index.js:915:26
    at file:///C:/Users/chris/Dev/Projects/TheFantasyWorldSimulator/node_modules/@vitest/runner/dist/index.js:1243:20
    at new Promise (<anonymous>)
    at runWithTimeout (file:///C:/Users/chris/Dev/Projects/TheFantasyWorldSimulator/node_modules/@vitest/runner/dist/index.js:1209:10)
[Orchestrator] Tick crashed, returning previous state: Error: Trait not found: trait.reputation.power.renown
    at assignTrait (C:/Users/chris/Dev/Projects/TheFantasyWorldSimulator/src/engine/traits.ts:44:25)
    at syncReputationTrait (C:/Users/chris/Dev/Projects/TheFantasyWorldSimulator/src/engine/phaseReputationTraits.ts:297:5)
    at phaseReputationTraits (C:/Users/chris/Dev/Projects/TheFantasyWorldSimulator/src/engine/phaseReputationTraits.ts:273:7)
    at runTick (C:/Users/chris/Dev/Projects/TheFantasyWorldSimulator/src/engine/orchestrator.ts:1896:18)
    at C:/Users/chris/Dev/Projects/TheFantasyWorldSimulator/src/engine/__tests__/content-layer1-integration.test.ts:320:17
    at file:///C:/Users/chris/Dev/Projects/TheFantasyWorldSimulator/node_modules/@vitest/runner/dist/index.js:145:11
    at file:///C:/Users/chris/Dev/Projects/TheFantasyWorldSimulator/node_modules/@vitest/runner/dist/index.js:915:26
    at file:///C:/Users/chris/Dev/Projects/TheFantasyWorldSimulator/node_modules/@vitest/runner/dist/index.js:1243:20
    at new Promise (<anonymous>)
    at runWithTimeout (file:///C:/Users/chris/Dev/Projects/TheFantasyWorldSimulator/node_modules/@vitest/runner/dist/index.js:1209:10)
[Orchestrator] Tick crashed, returning previous state: Error: Trait not found: trait.reputation.power.renown
    at assignTrait (C:/Users/chris/Dev/Projects/TheFantasyWorldSimulator/src/engine/traits.ts:44:25)
    at syncReputationTrait (C:/Users/chris/Dev/Projects/TheFantasyWorldSimulator/src/engine/phaseReputationTraits.ts:297:5)
    at phaseReputationTraits (C:/Users/chris/Dev/Projects/TheFantasyWorldSimulator/src/engine/phaseReputationTraits.ts:273:7)
    at runTick (C:/Users/chris/Dev/Projects/TheFantasyWorldSimulator/src/engine/orchestrator.ts:1896:18)
    at C:/Users/chris/Dev/Projects/TheFantasyWorldSimulator/src/engine/__tests__/content-layer1-integration.test.ts:320:17
    at file:///C:/Users/chris/Dev/Projects/TheFantasyWorldSimulator/node_modules/@vitest/runner/dist/index.js:145:11
    at file:///C:/Users/chris/Dev/Projects/TheFantasyWorldSimulator/node_modules/@vitest/runner/dist/index.js:915:26
    at file:///C:/Users/chris/Dev/Projects/TheFantasyWorldSimulator/node_modules/@vitest/runner/dist/index.js:1243:20
    at new Promise (<anonymous>)
    at runWithTimeout (file:///C:/Users/chris/Dev/Projects/TheFantasyWorldSimulator/node_modules/@vitest/runner/dist/index.js:1209:10)
[Orchestrator] Tick crashed, returning previous state: Error: Trait not found: trait.reputation.power.renown
    at assignTrait (C:/Users/chris/Dev/Projects/TheFantasyWorldSimulator/src/engine/traits.ts:44:25)
    at syncReputationTrait (C:/Users/chris/Dev/Projects/TheFantasyWorldSimulator/src/engine/phaseReputationTraits.ts:297:5)
    at phaseReputationTraits (C:/Users/chris/Dev/Projects/TheFantasyWorldSimulator/src/engine/phaseReputationTraits.ts:273:7)
    at runTick (C:/Users/chris/Dev/Projects/TheFantasyWorldSimulator/src/engine/orchestrator.ts:1896:18)
    at C:/Users/chris/Dev/Projects/TheFantasyWorldSimulator/src/engine/__tests__/content-layer1-integration.test.ts:320:17
    at file:///C:/Users/chris/Dev/Projects/TheFantasyWorldSimulator/node_modules/@vitest/runner/dist/index.js:145:11
    at file:///C:/Users/chris/Dev/Projects/TheFantasyWorldSimulator/node_modules/@vitest/runner/dist/index.js:915:26
    at file:///C:/Users/chris/Dev/Projects/TheFantasyWorldSimulator/node_modules/@vitest/runner/dist/index.js:1243:20
    at new Promise (<anonymous>)
    at runWithTimeout (file:///C:/Users/chris/Dev/Projects/TheFantasyWorldSimulator/node_modules/@vitest/runner/dist/index.js:1209:10)
[Orchestrator] Tick crashed, returning previous state: Error: Trait not found: trait.reputation.power.renown
    at assignTrait (C:/Users/chris/Dev/Projects/TheFantasyWorldSimulator/src/engine/traits.ts:44:25)
    at syncReputationTrait (C:/Users/chris/Dev/Projects/TheFantasyWorldSimulator/src/engine/phaseReputationTraits.ts:297:5)
    at phaseReputationTraits (C:/Users/chris/Dev/Projects/TheFantasyWorldSimulator/src/engine/phaseReputationTraits.ts:273:7)
    at runTick (C:/Users/chris/Dev/Projects/TheFantasyWorldSimulator/src/engine/orchestrator.ts:1896:18)
    at C:/Users/chris/Dev/Projects/TheFantasyWorldSimulator/src/engine/__tests__/content-layer1-integration.test.ts:320:17
    at file:///C:/Users/chris/Dev/Projects/TheFantasyWorldSimulator/node_modules/@vitest/runner/dist/index.js:145:11
    at file:///C:/Users/chris/Dev/Projects/TheFantasyWorldSimulator/node_modules/@vitest/runner/dist/index.js:915:26
    at file:///C:/Users/chris/Dev/Projects/TheFantasyWorldSimulator/node_modules/@vitest/runner/dist/index.js:1243:20
    at new Promise (<anonymous>)
    at runWithTimeout (file:///C:/Users/chris/Dev/Projects/TheFantasyWorldSimulator/node_modules/@vitest/runner/dist/index.js:1209:10)
[Orchestrator] Tick crashed, returning previous state: Error: Trait not found: trait.reputation.power.renown
    at assignTrait (C:/Users/chris/Dev/Projects/TheFantasyWorldSimulator/src/engine/traits.ts:44:25)
    at syncReputationTrait (C:/Users/chris/Dev/Projects/TheFantasyWorldSimulator/src/engine/phaseReputationTraits.ts:297:5)
    at phaseReputationTraits (C:/Users/chris/Dev/Projects/TheFantasyWorldSimulator/src/engine/phaseReputationTraits.ts:273:7)
    at runTick (C:/Users/chris/Dev/Projects/TheFantasyWorldSimulator/src/engine/orchestrator.ts:1896:18)
    at C:/Users/chris/Dev/Projects/TheFantasyWorldSimulator/src/engine/__tests__/content-layer1-integration.test.ts:320:17
    at file:///C:/Users/chris/Dev/Projects/TheFantasyWorldSimulator/node_modules/@vitest/runner/dist/index.js:145:11
    at file:///C:/Users/chris/Dev/Projects/TheFantasyWorldSimulator/node_modules/@vitest/runner/dist/index.js:915:26
    at file:///C:/Users/chris/Dev/Projects/TheFantasyWorldSimulator/node_modules/@vitest/runner/dist/index.js:1243:20
    at new Promise (<anonymous>)
    at runWithTimeout (file:///C:/Users/chris/Dev/Projects/TheFantasyWorldSimulator/node_modules/@vitest/runner/dist/index.js:1209:10)
[Orchestrator] Tick crashed, returning previous state: Error: Trait not found: trait.reputation.power.renown
    at assignTrait (C:/Users/chris/Dev/Projects/TheFantasyWorldSimulator/src/engine/traits.ts:44:25)
    at syncReputationTrait (C:/Users/chris/Dev/Projects/TheFantasyWorldSimulator/src/engine/phaseReputationTraits.ts:297:5)
    at phaseReputationTraits (C:/Users/chris/Dev/Projects/TheFantasyWorldSimulator/src/engine/phaseReputationTraits.ts:273:7)
    at runTick (C:/Users/chris/Dev/Projects/TheFantasyWorldSimulator/src/engine/orchestrator.ts:1896:18)
    at C:/Users/chris/Dev/Projects/TheFantasyWorldSimulator/src/engine/__tests__/content-layer1-integration.test.ts:320:17
    at file:///C:/Users/chris/Dev/Projects/TheFantasyWorldSimulator/node_modules/@vitest/runner/dist/index.js:145:11
    at file:///C:/Users/chris/Dev/Projects/TheFantasyWorldSimulator/node_modules/@vitest/runner/dist/index.js:915:26
    at file:///C:/Users/chris/Dev/Projects/TheFantasyWorldSimulator/node_modules/@vitest/runner/dist/index.js:1243:20
    at new Promise (<anonymous>)
    at runWithTimeout (file:///C:/Users/chris/Dev/Projects/TheFantasyWorldSimulator/node_modules/@vitest/runner/dist/index.js:1209:10)
[Orchestrator] Tick crashed, returning previous state: Error: Trait not found: trait.reputation.power.renown
    at assignTrait (C:/Users/chris/Dev/Projects/TheFantasyWorldSimulator/src/engine/traits.ts:44:25)
    at syncReputationTrait (C:/Users/chris/Dev/Projects/TheFantasyWorldSimulator/src/engine/phaseReputationTraits.ts:297:5)
    at phaseReputationTraits (C:/Users/chris/Dev/Projects/TheFantasyWorldSimulator/src/engine/phaseReputationTraits.ts:273:7)
    at runTick (C:/Users/chris/Dev/Projects/TheFantasyWorldSimulator/src/engine/orchestrator.ts:1896:18)
    at C:/Users/chris/Dev/Projects/TheFantasyWorldSimulator/src/engine/__tests__/content-layer1-integration.test.ts:320:17
    at file:///C:/Users/chris/Dev/Projects/TheFantasyWorldSimulator/node_modules/@vitest/runner/dist/index.js:145:11
    at file:///C:/Users/chris/Dev/Projects/TheFantasyWorldSimulator/node_modules/@vitest/runner/dist/index.js:915:26
    at file:///C:/Users/chris/Dev/Projects/TheFantasyWorldSimulator/node_modules/@vitest/runner/dist/index.js:1243:20
    at new Promise (<anonymous>)
    at runWithTimeout (file:///C:/Users/chris/Dev/Projects/TheFantasyWorldSimulator/node_modules/@vitest/runner/dist/index.js:1209:10)
[Orchestrator] Tick crashed, returning previous state: Error: Trait not found: trait.reputation.power.renown
    at assignTrait (C:/Users/chris/Dev/Projects/TheFantasyWorldSimulator/src/engine/traits.ts:44:25)
    at syncReputationTrait (C:/Users/chris/Dev/Projects/TheFantasyWorldSimulator/src/engine/phaseReputationTraits.ts:297:5)
    at phaseReputationTraits (C:/Users/chris/Dev/Projects/TheFantasyWorldSimulator/src/engine/phaseReputationTraits.ts:273:7)
    at runTick (C:/Users/chris/Dev/Projects/TheFantasyWorldSimulator/src/engine/orchestrator.ts:1896:18)
    at C:/Users/chris/Dev/Projects/TheFantasyWorldSimulator/src/engine/__tests__/content-layer1-integration.test.ts:320:17
    at file:///C:/Users/chris/Dev/Projects/TheFantasyWorldSimulator/node_modules/@vitest/runner/dist/index.js:145:11
    at file:///C:/Users/chris/Dev/Projects/TheFantasyWorldSimulator/node_modules/@vitest/runner/dist/index.js:915:26
    at file:///C:/Users/chris/Dev/Projects/TheFantasyWorldSimulator/node_modules/@vitest/runner/dist/index.js:1243:20
    at new Promise (<anonymous>)
    at runWithTimeout (file:///C:/Users/chris/Dev/Projects/TheFantasyWorldSimulator/node_modules/@vitest/runner/dist/index.js:1209:10)
[Orchestrator] Tick crashed, returning previous state: Error: Trait not found: trait.reputation.power.renown
    at assignTrait (C:/Users/chris/Dev/Projects/TheFantasyWorldSimulator/src/engine/traits.ts:44:25)
    at syncReputationTrait (C:/Users/chris/Dev/Projects/TheFantasyWorldSimulator/src/engine/phaseReputationTraits.ts:297:5)
    at phaseReputationTraits (C:/Users/chris/Dev/Projects/TheFantasyWorldSimulator/src/engine/phaseReputationTraits.ts:273:7)
    at runTick (C:/Users/chris/Dev/Projects/TheFantasyWorldSimulator/src/engine/orchestrator.ts:1896:18)
    at C:/Users/chris/Dev/Projects/TheFantasyWorldSimulator/src/engine/__tests__/content-layer1-integration.test.ts:320:17
    at file:///C:/Users/chris/Dev/Projects/TheFantasyWorldSimulator/node_modules/@vitest/runner/dist/index.js:145:11
    at file:///C:/Users/chris/Dev/Projects/TheFantasyWorldSimulator/node_modules/@vitest/runner/dist/index.js:915:26
    at file:///C:/Users/chris/Dev/Projects/TheFantasyWorldSimulator/node_modules/@vitest/runner/dist/index.js:1243:20
    at new Promise (<anonymous>)
    at runWithTimeout (file:///C:/Users/chris/Dev/Projects/TheFantasyWorldSimulator/node_modules/@vitest/runner/dist/index.js:1209:10)
[Orchestrator] Tick crashed, returning previous state: Error: Trait not found: trait.reputation.power.renown
    at assignTrait (C:/Users/chris/Dev/Projects/TheFantasyWorldSimulator/src/engine/traits.ts:44:25)
    at syncReputationTrait (C:/Users/chris/Dev/Projects/TheFantasyWorldSimulator/src/engine/phaseReputationTraits.ts:297:5)
    at phaseReputationTraits (C:/Users/chris/Dev/Projects/TheFantasyWorldSimulator/src/engine/phaseReputationTraits.ts:273:7)
    at runTick (C:/Users/chris/Dev/Projects/TheFantasyWorldSimulator/src/engine/orchestrator.ts:1896:18)
    at C:/Users/chris/Dev/Projects/TheFantasyWorldSimulator/src/engine/__tests__/content-layer1-integration.test.ts:320:17
    at file:///C:/Users/chris/Dev/Projects/TheFantasyWorldSimulator/node_modules/@vitest/runner/dist/index.js:145:11
    at file:///C:/Users/chris/Dev/Projects/TheFantasyWorldSimulator/node_modules/@vitest/runner/dist/index.js:915:26
    at file:///C:/Users/chris/Dev/Projects/TheFantasyWorldSimulator/node_modules/@vitest/runner/dist/index.js:1243:20
    at new Promise (<anonymous>)
    at runWithTimeout (file:///C:/Users/chris/Dev/Projects/TheFantasyWorldSimulator/node_modules/@vitest/runner/dist/index.js:1209:10)
[Orchestrator] Tick crashed, returning previous state: Error: Trait not found: trait.reputation.power.renown
    at assignTrait (C:/Users/chris/Dev/Projects/TheFantasyWorldSimulator/src/engine/traits.ts:44:25)
    at syncReputationTrait (C:/Users/chris/Dev/Projects/TheFantasyWorldSimulator/src/engine/phaseReputationTraits.ts:297:5)
    at phaseReputationTraits (C:/Users/chris/Dev/Projects/TheFantasyWorldSimulator/src/engine/phaseReputationTraits.ts:273:7)
    at runTick (C:/Users/chris/Dev/Projects/TheFantasyWorldSimulator/src/engine/orchestrator.ts:1896:18)
    at C:/Users/chris/Dev/Projects/TheFantasyWorldSimulator/src/engine/__tests__/content-layer1-integration.test.ts:320:17
    at file:///C:/Users/chris/Dev/Projects/TheFantasyWorldSimulator/node_modules/@vitest/runner/dist/index.js:145:11
    at file:///C:/Users/chris/Dev/Projects/TheFantasyWorldSimulator/node_modules/@vitest/runner/dist/index.js:915:26
    at file:///C:/Users/chris/Dev/Projects/TheFantasyWorldSimulator/node_modules/@vitest/runner/dist/index.js:1243:20
    at new Promise (<anonymous>)
    at runWithTimeout (file:///C:/Users/chris/Dev/Projects/TheFantasyWorldSimulator/node_modules/@vitest/runner/dist/index.js:1209:10)
[Orchestrator] Tick crashed, returning previous state: Error: Trait not found: trait.reputation.power.renown
    at assignTrait (C:/Users/chris/Dev/Projects/TheFantasyWorldSimulator/src/engine/traits.ts:44:25)
    at syncReputationTrait (C:/Users/chris/Dev/Projects/TheFantasyWorldSimulator/src/engine/phaseReputationTraits.ts:297:5)
    at phaseReputationTraits (C:/Users/chris/Dev/Projects/TheFantasyWorldSimulator/src/engine/phaseReputationTraits.ts:273:7)
    at runTick (C:/Users/chris/Dev/Projects/TheFantasyWorldSimulator/src/engine/orchestrator.ts:1896:18)
    at C:/Users/chris/Dev/Projects/TheFantasyWorldSimulator/src/engine/__tests__/content-layer1-integration.test.ts:320:17
    at file:///C:/Users/chris/Dev/Projects/TheFantasyWorldSimulator/node_modules/@vitest/runner/dist/index.js:145:11
    at file:///C:/Users/chris/Dev/Projects/TheFantasyWorldSimulator/node_modules/@vitest/runner/dist/index.js:915:26
    at file:///C:/Users/chris/Dev/Projects/TheFantasyWorldSimulator/node_modules/@vitest/runner/dist/index.js:1243:20
    at new Promise (<anonymous>)
    at runWithTimeout (file:///C:/Users/chris/Dev/Projects/TheFantasyWorldSimulator/node_modules/@vitest/runner/dist/index.js:1209:10)
[Orchestrator] Tick crashed, returning previous state: Error: Trait not found: trait.reputation.power.renown
    at assignTrait (C:/Users/chris/Dev/Projects/TheFantasyWorldSimulator/src/engine/traits.ts:44:25)
    at syncReputationTrait (C:/Users/chris/Dev/Projects/TheFantasyWorldSimulator/src/engine/phaseReputationTraits.ts:297:5)
    at phaseReputationTraits (C:/Users/chris/Dev/Projects/TheFantasyWorldSimulator/src/engine/phaseReputationTraits.ts:273:7)
    at runTick (C:/Users/chris/Dev/Projects/TheFantasyWorldSimulator/src/engine/orchestrator.ts:1896:18)
    at C:/Users/chris/Dev/Projects/TheFantasyWorldSimulator/src/engine/__tests__/content-layer1-integration.test.ts:320:17
    at file:///C:/Users/chris/Dev/Projects/TheFantasyWorldSimulator/node_modules/@vitest/runner/dist/index.js:145:11
    at file:///C:/Users/chris/Dev/Projects/TheFantasyWorldSimulator/node_modules/@vitest/runner/dist/index.js:915:26
    at file:///C:/Users/chris/Dev/Projects/TheFantasyWorldSimulator/node_modules/@vitest/runner/dist/index.js:1243:20
    at new Promise (<anonymous>)
    at runWithTimeout (file:///C:/Users/chris/Dev/Projects/TheFantasyWorldSimulator/node_modules/@vitest/runner/dist/index.js:1209:10)
[Orchestrator] Tick crashed, returning previous state: Error: Trait not found: trait.reputation.power.renown
    at assignTrait (C:/Users/chris/Dev/Projects/TheFantasyWorldSimulator/src/engine/traits.ts:44:25)
    at syncReputationTrait (C:/Users/chris/Dev/Projects/TheFantasyWorldSimulator/src/engine/phaseReputationTraits.ts:297:5)
    at phaseReputationTraits (C:/Users/chris/Dev/Projects/TheFantasyWorldSimulator/src/engine/phaseReputationTraits.ts:273:7)
    at runTick (C:/Users/chris/Dev/Projects/TheFantasyWorldSimulator/src/engine/orchestrator.ts:1896:18)
    at C:/Users/chris/Dev/Projects/TheFantasyWorldSimulator/src/engine/__tests__/content-layer1-integration.test.ts:320:17
    at file:///C:/Users/chris/Dev/Projects/TheFantasyWorldSimulator/node_modules/@vitest/runner/dist/index.js:145:11
    at file:///C:/Users/chris/Dev/Projects/TheFantasyWorldSimulator/node_modules/@vitest/runner/dist/index.js:915:26
    at file:///C:/Users/chris/Dev/Projects/TheFantasyWorldSimulator/node_modules/@vitest/runner/dist/index.js:1243:20
    at new Promise (<anonymous>)
    at runWithTimeout (file:///C:/Users/chris/Dev/Projects/TheFantasyWorldSimulator/node_modules/@vitest/runner/dist/index.js:1209:10)
[Orchestrator] Tick crashed, returning previous state: Error: Trait not found: trait.reputation.power.renown
    at assignTrait (C:/Users/chris/Dev/Projects/TheFantasyWorldSimulator/src/engine/traits.ts:44:25)
    at syncReputationTrait (C:/Users/chris/Dev/Projects/TheFantasyWorldSimulator/src/engine/phaseReputationTraits.ts:297:5)
    at phaseReputationTraits (C:/Users/chris/Dev/Projects/TheFantasyWorldSimulator/src/engine/phaseReputationTraits.ts:273:7)
    at runTick (C:/Users/chris/Dev/Projects/TheFantasyWorldSimulator/src/engine/orchestrator.ts:1896:18)
    at C:/Users/chris/Dev/Projects/TheFantasyWorldSimulator/src/engine/__tests__/content-layer1-integration.test.ts:320:17
    at file:///C:/Users/chris/Dev/Projects/TheFantasyWorldSimulator/node_modules/@vitest/runner/dist/index.js:145:11
    at file:///C:/Users/chris/Dev/Projects/TheFantasyWorldSimulator/node_modules/@vitest/runner/dist/index.js:915:26
    at file:///C:/Users/chris/Dev/Projects/TheFantasyWorldSimulator/node_modules/@vitest/runner/dist/index.js:1243:20
    at new Promise (<anonymous>)
    at runWithTimeout (file:///C:/Users/chris/Dev/Projects/TheFantasyWorldSimulator/node_modules/@vitest/runner/dist/index.js:1209:10)
[Orchestrator] Tick crashed, returning previous state: Error: Trait not found: trait.reputation.power.renown
    at assignTrait (C:/Users/chris/Dev/Projects/TheFantasyWorldSimulator/src/engine/traits.ts:44:25)
    at syncReputationTrait (C:/Users/chris/Dev/Projects/TheFantasyWorldSimulator/src/engine/phaseReputationTraits.ts:297:5)
    at phaseReputationTraits (C:/Users/chris/Dev/Projects/TheFantasyWorldSimulator/src/engine/phaseReputationTraits.ts:273:7)
    at runTick (C:/Users/chris/Dev/Projects/TheFantasyWorldSimulator/src/engine/orchestrator.ts:1896:18)
    at C:/Users/chris/Dev/Projects/TheFantasyWorldSimulator/src/engine/__tests__/content-layer1-integration.test.ts:320:17
    at file:///C:/Users/chris/Dev/Projects/TheFantasyWorldSimulator/node_modules/@vitest/runner/dist/index.js:145:11
    at file:///C:/Users/chris/Dev/Projects/TheFantasyWorldSimulator/node_modules/@vitest/runner/dist/index.js:915:26
    at file:///C:/Users/chris/Dev/Projects/TheFantasyWorldSimulator/node_modules/@vitest/runner/dist/index.js:1243:20
    at new Promise (<anonymous>)
    at runWithTimeout (file:///C:/Users/chris/Dev/Projects/TheFantasyWorldSimulator/node_modules/@vitest/runner/dist/index.js:1209:10)
[Orchestrator] Tick crashed, returning previous state: Error: Trait not found: trait.reputation.power.renown
    at assignTrait (C:/Users/chris/Dev/Projects/TheFantasyWorldSimulator/src/engine/traits.ts:44:25)
    at syncReputationTrait (C:/Users/chris/Dev/Projects/TheFantasyWorldSimulator/src/engine/phaseReputationTraits.ts:297:5)
    at phaseReputationTraits (C:/Users/chris/Dev/Projects/TheFantasyWorldSimulator/src/engine/phaseReputationTraits.ts:273:7)
    at runTick (C:/Users/chris/Dev/Projects/TheFantasyWorldSimulator/src/engine/orchestrator.ts:1896:18)
    at C:/Users/chris/Dev/Projects/TheFantasyWorldSimulator/src/engine/__tests__/content-layer1-integration.test.ts:320:17
    at file:///C:/Users/chris/Dev/Projects/TheFantasyWorldSimulator/node_modules/@vitest/runner/dist/index.js:145:11
    at file:///C:/Users/chris/Dev/Projects/TheFantasyWorldSimulator/node_modules/@vitest/runner/dist/index.js:915:26
    at file:///C:/Users/chris/Dev/Projects/TheFantasyWorldSimulator/node_modules/@vitest/runner/dist/index.js:1243:20
    at new Promise (<anonymous>)
    at runWithTimeout (file:///C:/Users/chris/Dev/Projects/TheFantasyWorldSimulator/node_modules/@vitest/runner/dist/index.js:1209:10)
[Orchestrator] Tick crashed, returning previous state: Error: Trait not found: trait.reputation.power.renown
    at assignTrait (C:/Users/chris/Dev/Projects/TheFantasyWorldSimulator/src/engine/traits.ts:44:25)
    at syncReputationTrait (C:/Users/chris/Dev/Projects/TheFantasyWorldSimulator/src/engine/phaseReputationTraits.ts:297:5)
    at phaseReputationTraits (C:/Users/chris/Dev/Projects/TheFantasyWorldSimulator/src/engine/phaseReputationTraits.ts:273:7)
    at runTick (C:/Users/chris/Dev/Projects/TheFantasyWorldSimulator/src/engine/orchestrator.ts:1896:18)
    at C:/Users/chris/Dev/Projects/TheFantasyWorldSimulator/src/engine/__tests__/content-layer1-integration.test.ts:320:17
    at file:///C:/Users/chris/Dev/Projects/TheFantasyWorldSimulator/node_modules/@vitest/runner/dist/index.js:145:11
    at file:///C:/Users/chris/Dev/Projects/TheFantasyWorldSimulator/node_modules/@vitest/runner/dist/index.js:915:26
    at file:///C:/Users/chris/Dev/Projects/TheFantasyWorldSimulator/node_modules/@vitest/runner/dist/index.js:1243:20
    at new Promise (<anonymous>)
    at runWithTimeout (file:///C:/Users/chris/Dev/Projects/TheFantasyWorldSimulator/node_modules/@vitest/runner/dist/index.js:1209:10)
[Orchestrator] Tick crashed, returning previous state: Error: Trait not found: trait.reputation.power.renown
    at assignTrait (C:/Users/chris/Dev/Projects/TheFantasyWorldSimulator/src/engine/traits.ts:44:25)
    at syncReputationTrait (C:/Users/chris/Dev/Projects/TheFantasyWorldSimulator/src/engine/phaseReputationTraits.ts:297:5)
    at phaseReputationTraits (C:/Users/chris/Dev/Projects/TheFantasyWorldSimulator/src/engine/phaseReputationTraits.ts:273:7)
    at runTick (C:/Users/chris/Dev/Projects/TheFantasyWorldSimulator/src/engine/orchestrator.ts:1896:18)
    at C:/Users/chris/Dev/Projects/TheFantasyWorldSimulator/src/engine/__tests__/content-layer1-integration.test.ts:320:17
    at file:///C:/Users/chris/Dev/Projects/TheFantasyWorldSimulator/node_modules/@vitest/runner/dist/index.js:145:11
    at file:///C:/Users/chris/Dev/Projects/TheFantasyWorldSimulator/node_modules/@vitest/runner/dist/index.js:915:26
    at file:///C:/Users/chris/Dev/Projects/TheFantasyWorldSimulator/node_modules/@vitest/runner/dist/index.js:1243:20
    at new Promise (<anonymous>)
    at runWithTimeout (file:///C:/Users/chris/Dev/Projects/TheFantasyWorldSimulator/node_modules/@vitest/runner/dist/index.js:1209:10)
[Orchestrator] Tick crashed, returning previous state: Error: Trait not found: trait.reputation.power.renown
    at assignTrait (C:/Users/chris/Dev/Projects/TheFantasyWorldSimulator/src/engine/traits.ts:44:25)
    at syncReputationTrait (C:/Users/chris/Dev/Projects/TheFantasyWorldSimulator/src/engine/phaseReputationTraits.ts:297:5)
    at phaseReputationTraits (C:/Users/chris/Dev/Projects/TheFantasyWorldSimulator/src/engine/phaseReputationTraits.ts:273:7)
    at runTick (C:/Users/chris/Dev/Projects/TheFantasyWorldSimulator/src/engine/orchestrator.ts:1896:18)
    at C:/Users/chris/Dev/Projects/TheFantasyWorldSimulator/src/engine/__tests__/content-layer1-integration.test.ts:320:17
    at file:///C:/Users/chris/Dev/Projects/TheFantasyWorldSimulator/node_modules/@vitest/runner/dist/index.js:145:11
    at file:///C:/Users/chris/Dev/Projects/TheFantasyWorldSimulator/node_modules/@vitest/runner/dist/index.js:915:26
    at file:///C:/Users/chris/Dev/Projects/TheFantasyWorldSimulator/node_modules/@vitest/runner/dist/index.js:1243:20
    at new Promise (<anonymous>)
    at runWithTimeout (file:///C:/Users/chris/Dev/Projects/TheFantasyWorldSimulator/node_modules/@vitest/runner/dist/index.js:1209:10)
[Orchestrator] Tick crashed, returning previous state: Error: Trait not found: trait.reputation.power.renown
    at assignTrait (C:/Users/chris/Dev/Projects/TheFantasyWorldSimulator/src/engine/traits.ts:44:25)
    at syncReputationTrait (C:/Users/chris/Dev/Projects/TheFantasyWorldSimulator/src/engine/phaseReputationTraits.ts:297:5)
    at phaseReputationTraits (C:/Users/chris/Dev/Projects/TheFantasyWorldSimulator/src/engine/phaseReputationTraits.ts:273:7)
    at runTick (C:/Users/chris/Dev/Projects/TheFantasyWorldSimulator/src/engine/orchestrator.ts:1896:18)
    at C:/Users/chris/Dev/Projects/TheFantasyWorldSimulator/src/engine/__tests__/content-layer1-integration.test.ts:320:17
    at file:///C:/Users/chris/Dev/Projects/TheFantasyWorldSimulator/node_modules/@vitest/runner/dist/index.js:145:11
    at file:///C:/Users/chris/Dev/Projects/TheFantasyWorldSimulator/node_modules/@vitest/runner/dist/index.js:915:26
    at file:///C:/Users/chris/Dev/Projects/TheFantasyWorldSimulator/node_modules/@vitest/runner/dist/index.js:1243:20
    at new Promise (<anonymous>)
    at runWithTimeout (file:///C:/Users/chris/Dev/Projects/TheFantasyWorldSimulator/node_modules/@vitest/runner/dist/index.js:1209:10)
[Orchestrator] Tick crashed, returning previous state: Error: Trait not found: trait.reputation.power.renown
    at assignTrait (C:/Users/chris/Dev/Projects/TheFantasyWorldSimulator/src/engine/traits.ts:44:25)
    at syncReputationTrait (C:/Users/chris/Dev/Projects/TheFantasyWorldSimulator/src/engine/phaseReputationTraits.ts:297:5)
    at phaseReputationTraits (C:/Users/chris/Dev/Projects/TheFantasyWorldSimulator/src/engine/phaseReputationTraits.ts:273:7)
    at runTick (C:/Users/chris/Dev/Projects/TheFantasyWorldSimulator/src/engine/orchestrator.ts:1896:18)
    at C:/Users/chris/Dev/Projects/TheFantasyWorldSimulator/src/engine/__tests__/content-layer1-integration.test.ts:320:17
    at file:///C:/Users/chris/Dev/Projects/TheFantasyWorldSimulator/node_modules/@vitest/runner/dist/index.js:145:11
    at file:///C:/Users/chris/Dev/Projects/TheFantasyWorldSimulator/node_modules/@vitest/runner/dist/index.js:915:26
    at file:///C:/Users/chris/Dev/Projects/TheFantasyWorldSimulator/node_modules/@vitest/runner/dist/index.js:1243:20
    at new Promise (<anonymous>)
    at runWithTimeout (file:///C:/Users/chris/Dev/Projects/TheFantasyWorldSimulator/node_modules/@vitest/runner/dist/index.js:1209:10)
[Orchestrator] Tick crashed, returning previous state: Error: Trait not found: trait.reputation.power.renown
    at assignTrait (C:/Users/chris/Dev/Projects/TheFantasyWorldSimulator/src/engine/traits.ts:44:25)
    at syncReputationTrait (C:/Users/chris/Dev/Projects/TheFantasyWorldSimulator/src/engine/phaseReputationTraits.ts:297:5)
    at phaseReputationTraits (C:/Users/chris/Dev/Projects/TheFantasyWorldSimulator/src/engine/phaseReputationTraits.ts:273:7)
    at runTick (C:/Users/chris/Dev/Projects/TheFantasyWorldSimulator/src/engine/orchestrator.ts:1896:18)
    at C:/Users/chris/Dev/Projects/TheFantasyWorldSimulator/src/engine/__tests__/content-layer1-integration.test.ts:320:17
    at file:///C:/Users/chris/Dev/Projects/TheFantasyWorldSimulator/node_modules/@vitest/runner/dist/index.js:145:11
    at file:///C:/Users/chris/Dev/Projects/TheFantasyWorldSimulator/node_modules/@vitest/runner/dist/index.js:915:26
    at file:///C:/Users/chris/Dev/Projects/TheFantasyWorldSimulator/node_modules/@vitest/runner/dist/index.js:1243:20
    at new Promise (<anonymous>)
    at runWithTimeout (file:///C:/Users/chris/Dev/Projects/TheFantasyWorldSimulator/node_modules/@vitest/runner/dist/index.js:1209:10)
[Orchestrator] Tick crashed, returning previous state: Error: Trait not found: trait.reputation.power.renown
    at assignTrait (C:/Users/chris/Dev/Projects/TheFantasyWorldSimulator/src/engine/traits.ts:44:25)
    at syncReputationTrait (C:/Users/chris/Dev/Projects/TheFantasyWorldSimulator/src/engine/phaseReputationTraits.ts:297:5)
    at phaseReputationTraits (C:/Users/chris/Dev/Projects/TheFantasyWorldSimulator/src/engine/phaseReputationTraits.ts:273:7)
    at runTick (C:/Users/chris/Dev/Projects/TheFantasyWorldSimulator/src/engine/orchestrator.ts:1896:18)
    at C:/Users/chris/Dev/Projects/TheFantasyWorldSimulator/src/engine/__tests__/content-layer1-integration.test.ts:320:17
    at file:///C:/Users/chris/Dev/Projects/TheFantasyWorldSimulator/node_modules/@vitest/runner/dist/index.js:145:11
    at file:///C:/Users/chris/Dev/Projects/TheFantasyWorldSimulator/node_modules/@vitest/runner/dist/index.js:915:26
    at file:///C:/Users/chris/Dev/Projects/TheFantasyWorldSimulator/node_modules/@vitest/runner/dist/index.js:1243:20
    at new Promise (<anonymous>)
    at runWithTimeout (file:///C:/Users/chris/Dev/Projects/TheFantasyWorldSimulator/node_modules/@vitest/runner/dist/index.js:1209:10)
[Orchestrator] Tick crashed, returning previous state: Error: Trait not found: trait.reputation.power.renown
    at assignTrait (C:/Users/chris/Dev/Projects/TheFantasyWorldSimulator/src/engine/traits.ts:44:25)
    at syncReputationTrait (C:/Users/chris/Dev/Projects/TheFantasyWorldSimulator/src/engine/phaseReputationTraits.ts:297:5)
    at phaseReputationTraits (C:/Users/chris/Dev/Projects/TheFantasyWorldSimulator/src/engine/phaseReputationTraits.ts:273:7)
    at runTick (C:/Users/chris/Dev/Projects/TheFantasyWorldSimulator/src/engine/orchestrator.ts:1896:18)
    at C:/Users/chris/Dev/Projects/TheFantasyWorldSimulator/src/engine/__tests__/content-layer1-integration.test.ts:320:17
    at file:///C:/Users/chris/Dev/Projects/TheFantasyWorldSimulator/node_modules/@vitest/runner/dist/index.js:145:11
    at file:///C:/Users/chris/Dev/Projects/TheFantasyWorldSimulator/node_modules/@vitest/runner/dist/index.js:915:26
    at file:///C:/Users/chris/Dev/Projects/TheFantasyWorldSimulator/node_modules/@vitest/runner/dist/index.js:1243:20
    at new Promise (<anonymous>)
    at runWithTimeout (file:///C:/Users/chris/Dev/Projects/TheFantasyWorldSimulator/node_modules/@vitest/runner/dist/index.js:1209:10)
[Orchestrator] Tick crashed, returning previous state: Error: Trait not found: trait.reputation.power.renown
    at assignTrait (C:/Users/chris/Dev/Projects/TheFantasyWorldSimulator/src/engine/traits.ts:44:25)
    at syncReputationTrait (C:/Users/chris/Dev/Projects/TheFantasyWorldSimulator/src/engine/phaseReputationTraits.ts:297:5)
    at phaseReputationTraits (C:/Users/chris/Dev/Projects/TheFantasyWorldSimulator/src/engine/phaseReputationTraits.ts:273:7)
    at runTick (C:/Users/chris/Dev/Projects/TheFantasyWorldSimulator/src/engine/orchestrator.ts:1896:18)
    at C:/Users/chris/Dev/Projects/TheFantasyWorldSimulator/src/engine/__tests__/content-layer1-integration.test.ts:320:17
    at file:///C:/Users/chris/Dev/Projects/TheFantasyWorldSimulator/node_modules/@vitest/runner/dist/index.js:145:11
    at file:///C:/Users/chris/Dev/Projects/TheFantasyWorldSimulator/node_modules/@vitest/runner/dist/index.js:915:26
    at file:///C:/Users/chris/Dev/Projects/TheFantasyWorldSimulator/node_modules/@vitest/runner/dist/index.js:1243:20
    at new Promise (<anonymous>)
    at runWithTimeout (file:///C:/Users/chris/Dev/Projects/TheFantasyWorldSimulator/node_modules/@vitest/runner/dist/index.js:1209:10)
[Orchestrator] Tick crashed, returning previous state: Error: Trait not found: trait.reputation.power.renown
    at assignTrait (C:/Users/chris/Dev/Projects/TheFantasyWorldSimulator/src/engine/traits.ts:44:25)
    at syncReputationTrait (C:/Users/chris/Dev/Projects/TheFantasyWorldSimulator/src/engine/phaseReputationTraits.ts:297:5)
    at phaseReputationTraits (C:/Users/chris/Dev/Projects/TheFantasyWorldSimulator/src/engine/phaseReputationTraits.ts:273:7)
    at runTick (C:/Users/chris/Dev/Projects/TheFantasyWorldSimulator/src/engine/orchestrator.ts:1896:18)
    at C:/Users/chris/Dev/Projects/TheFantasyWorldSimulator/src/engine/__tests__/content-layer1-integration.test.ts:320:17
    at file:///C:/Users/chris/Dev/Projects/TheFantasyWorldSimulator/node_modules/@vitest/runner/dist/index.js:145:11
    at file:///C:/Users/chris/Dev/Projects/TheFantasyWorldSimulator/node_modules/@vitest/runner/dist/index.js:915:26
    at file:///C:/Users/chris/Dev/Projects/TheFantasyWorldSimulator/node_modules/@vitest/runner/dist/index.js:1243:20
    at new Promise (<anonymous>)
    at runWithTimeout (file:///C:/Users/chris/Dev/Projects/TheFantasyWorldSimulator/node_modules/@vitest/runner/dist/index.js:1209:10)
[Orchestrator] Tick crashed, returning previous state: Error: Trait not found: trait.reputation.power.renown
    at assignTrait (C:/Users/chris/Dev/Projects/TheFantasyWorldSimulator/src/engine/traits.ts:44:25)
    at syncReputationTrait (C:/Users/chris/Dev/Projects/TheFantasyWorldSimulator/src/engine/phaseReputationTraits.ts:297:5)
    at phaseReputationTraits (C:/Users/chris/Dev/Projects/TheFantasyWorldSimulator/src/engine/phaseReputationTraits.ts:273:7)
    at runTick (C:/Users/chris/Dev/Projects/TheFantasyWorldSimulator/src/engine/orchestrator.ts:1896:18)
    at C:/Users/chris/Dev/Projects/TheFantasyWorldSimulator/src/engine/__tests__/content-layer1-integration.test.ts:320:17
    at file:///C:/Users/chris/Dev/Projects/TheFantasyWorldSimulator/node_modules/@vitest/runner/dist/index.js:145:11
    at file:///C:/Users/chris/Dev/Projects/TheFantasyWorldSimulator/node_modules/@vitest/runner/dist/index.js:915:26
    at file:///C:/Users/chris/Dev/Projects/TheFantasyWorldSimulator/node_modules/@vitest/runner/dist/index.js:1243:20
    at new Promise (<anonymous>)
    at runWithTimeout (file:///C:/Users/chris/Dev/Projects/TheFantasyWorldSimulator/node_modules/@vitest/runner/dist/index.js:1209:10)
[Orchestrator] Tick crashed, returning previous state: Error: Trait not found: trait.reputation.power.renown
    at assignTrait (C:/Users/chris/Dev/Projects/TheFantasyWorldSimulator/src/engine/traits.ts:44:25)
    at syncReputationTrait (C:/Users/chris/Dev/Projects/TheFantasyWorldSimulator/src/engine/phaseReputationTraits.ts:297:5)
    at phaseReputationTraits (C:/Users/chris/Dev/Projects/TheFantasyWorldSimulator/src/engine/phaseReputationTraits.ts:273:7)
    at runTick (C:/Users/chris/Dev/Projects/TheFantasyWorldSimulator/src/engine/orchestrator.ts:1896:18)
    at C:/Users/chris/Dev/Projects/TheFantasyWorldSimulator/src/engine/__tests__/content-layer1-integration.test.ts:320:17
    at file:///C:/Users/chris/Dev/Projects/TheFantasyWorldSimulator/node_modules/@vitest/runner/dist/index.js:145:11
    at file:///C:/Users/chris/Dev/Projects/TheFantasyWorldSimulator/node_modules/@vitest/runner/dist/index.js:915:26
    at file:///C:/Users/chris/Dev/Projects/TheFantasyWorldSimulator/node_modules/@vitest/runner/dist/index.js:1243:20
    at new Promise (<anonymous>)
    at runWithTimeout (file:///C:/Users/chris/Dev/Projects/TheFantasyWorldSimulator/node_modules/@vitest/runner/dist/index.js:1209:10)
[Orchestrator] Tick crashed, returning previous state: Error: Trait not found: trait.reputation.power.renown
    at assignTrait (C:/Users/chris/Dev/Projects/TheFantasyWorldSimulator/src/engine/traits.ts:44:25)
    at syncReputationTrait (C:/Users/chris/Dev/Projects/TheFantasyWorldSimulator/src/engine/phaseReputationTraits.ts:297:5)
    at phaseReputationTraits (C:/Users/chris/Dev/Projects/TheFantasyWorldSimulator/src/engine/phaseReputationTraits.ts:273:7)
    at runTick (C:/Users/chris/Dev/Projects/TheFantasyWorldSimulator/src/engine/orchestrator.ts:1896:18)
    at C:/Users/chris/Dev/Projects/TheFantasyWorldSimulator/src/engine/__tests__/content-layer1-integration.test.ts:320:17
    at file:///C:/Users/chris/Dev/Projects/TheFantasyWorldSimulator/node_modules/@vitest/runner/dist/index.js:145:11
    at file:///C:/Users/chris/Dev/Projects/TheFantasyWorldSimulator/node_modules/@vitest/runner/dist/index.js:915:26
    at file:///C:/Users/chris/Dev/Projects/TheFantasyWorldSimulator/node_modules/@vitest/runner/dist/index.js:1243:20
    at new Promise (<anonymous>)
    at runWithTimeout (file:///C:/Users/chris/Dev/Projects/TheFantasyWorldSimulator/node_modules/@vitest/runner/dist/index.js:1209:10)
[Orchestrator] Tick crashed, returning previous state: Error: Trait not found: trait.reputation.power.renown
    at assignTrait (C:/Users/chris/Dev/Projects/TheFantasyWorldSimulator/src/engine/traits.ts:44:25)
    at syncReputationTrait (C:/Users/chris/Dev/Projects/TheFantasyWorldSimulator/src/engine/phaseReputationTraits.ts:297:5)
    at phaseReputationTraits (C:/Users/chris/Dev/Projects/TheFantasyWorldSimulator/src/engine/phaseReputationTraits.ts:273:7)
    at runTick (C:/Users/chris/Dev/Projects/TheFantasyWorldSimulator/src/engine/orchestrator.ts:1896:18)
    at C:/Users/chris/Dev/Projects/TheFantasyWorldSimulator/src/engine/__tests__/content-layer1-integration.test.ts:320:17
    at file:///C:/Users/chris/Dev/Projects/TheFantasyWorldSimulator/node_modules/@vitest/runner/dist/index.js:145:11
    at file:///C:/Users/chris/Dev/Projects/TheFantasyWorldSimulator/node_modules/@vitest/runner/dist/index.js:915:26
    at file:///C:/Users/chris/Dev/Projects/TheFantasyWorldSimulator/node_modules/@vitest/runner/dist/index.js:1243:20
    at new Promise (<anonymous>)
    at runWithTimeout (file:///C:/Users/chris/Dev/Projects/TheFantasyWorldSimulator/node_modules/@vitest/runner/dist/index.js:1209:10)
[Orchestrator] Tick crashed, returning previous state: Error: Trait not found: trait.reputation.power.renown
    at assignTrait (C:/Users/chris/Dev/Projects/TheFantasyWorldSimulator/src/engine/traits.ts:44:25)
    at syncReputationTrait (C:/Users/chris/Dev/Projects/TheFantasyWorldSimulator/src/engine/phaseReputationTraits.ts:297:5)
    at phaseReputationTraits (C:/Users/chris/Dev/Projects/TheFantasyWorldSimulator/src/engine/phaseReputationTraits.ts:273:7)
    at runTick (C:/Users/chris/Dev/Projects/TheFantasyWorldSimulator/src/engine/orchestrator.ts:1896:18)
    at C:/Users/chris/Dev/Projects/TheFantasyWorldSimulator/src/engine/__tests__/content-layer1-integration.test.ts:320:17
    at file:///C:/Users/chris/Dev/Projects/TheFantasyWorldSimulator/node_modules/@vitest/runner/dist/index.js:145:11
    at file:///C:/Users/chris/Dev/Projects/TheFantasyWorldSimulator/node_modules/@vitest/runner/dist/index.js:915:26
    at file:///C:/Users/chris/Dev/Projects/TheFantasyWorldSimulator/node_modules/@vitest/runner/dist/index.js:1243:20
    at new Promise (<anonymous>)
    at runWithTimeout (file:///C:/Users/chris/Dev/Projects/TheFantasyWorldSimulator/node_modules/@vitest/runner/dist/index.js:1209:10)
[Orchestrator] Tick crashed, returning previous state: Error: Trait not found: trait.reputation.power.renown
    at assignTrait (C:/Users/chris/Dev/Projects/TheFantasyWorldSimulator/src/engine/traits.ts:44:25)
    at syncReputationTrait (C:/Users/chris/Dev/Projects/TheFantasyWorldSimulator/src/engine/phaseReputationTraits.ts:297:5)
    at phaseReputationTraits (C:/Users/chris/Dev/Projects/TheFantasyWorldSimulator/src/engine/phaseReputationTraits.ts:273:7)
    at runTick (C:/Users/chris/Dev/Projects/TheFantasyWorldSimulator/src/engine/orchestrator.ts:1896:18)
    at C:/Users/chris/Dev/Projects/TheFantasyWorldSimulator/src/engine/__tests__/content-layer1-integration.test.ts:320:17
    at file:///C:/Users/chris/Dev/Projects/TheFantasyWorldSimulator/node_modules/@vitest/runner/dist/index.js:145:11
    at file:///C:/Users/chris/Dev/Projects/TheFantasyWorldSimulator/node_modules/@vitest/runner/dist/index.js:915:26
    at file:///C:/Users/chris/Dev/Projects/TheFantasyWorldSimulator/node_modules/@vitest/runner/dist/index.js:1243:20
    at new Promise (<anonymous>)
    at runWithTimeout (file:///C:/Users/chris/Dev/Projects/TheFantasyWorldSimulator/node_modules/@vitest/runner/dist/index.js:1209:10)
[Orchestrator] Tick crashed, returning previous state: Error: Trait not found: trait.reputation.power.renown
    at assignTrait (C:/Users/chris/Dev/Projects/TheFantasyWorldSimulator/src/engine/traits.ts:44:25)
    at syncReputationTrait (C:/Users/chris/Dev/Projects/TheFantasyWorldSimulator/src/engine/phaseReputationTraits.ts:297:5)
    at phaseReputationTraits (C:/Users/chris/Dev/Projects/TheFantasyWorldSimulator/src/engine/phaseReputationTraits.ts:273:7)
    at runTick (C:/Users/chris/Dev/Projects/TheFantasyWorldSimulator/src/engine/orchestrator.ts:1896:18)
    at C:/Users/chris/Dev/Projects/TheFantasyWorldSimulator/src/engine/__tests__/content-layer1-integration.test.ts:320:17
    at file:///C:/Users/chris/Dev/Projects/TheFantasyWorldSimulator/node_modules/@vitest/runner/dist/index.js:145:11
    at file:///C:/Users/chris/Dev/Projects/TheFantasyWorldSimulator/node_modules/@vitest/runner/dist/index.js:915:26
    at file:///C:/Users/chris/Dev/Projects/TheFantasyWorldSimulator/node_modules/@vitest/runner/dist/index.js:1243:20
    at new Promise (<anonymous>)
    at runWithTimeout (file:///C:/Users/chris/Dev/Projects/TheFantasyWorldSimulator/node_modules/@vitest/runner/dist/index.js:1209:10)
[Orchestrator] Tick crashed, returning previous state: Error: Trait not found: trait.reputation.power.renown
    at assignTrait (C:/Users/chris/Dev/Projects/TheFantasyWorldSimulator/src/engine/traits.ts:44:25)
    at syncReputationTrait (C:/Users/chris/Dev/Projects/TheFantasyWorldSimulator/src/engine/phaseReputationTraits.ts:297:5)
    at phaseReputationTraits (C:/Users/chris/Dev/Projects/TheFantasyWorldSimulator/src/engine/phaseReputationTraits.ts:273:7)
    at runTick (C:/Users/chris/Dev/Projects/TheFantasyWorldSimulator/src/engine/orchestrator.ts:1896:18)
    at C:/Users/chris/Dev/Projects/TheFantasyWorldSimulator/src/engine/__tests__/content-layer1-integration.test.ts:320:17
    at file:///C:/Users/chris/Dev/Projects/TheFantasyWorldSimulator/node_modules/@vitest/runner/dist/index.js:145:11
    at file:///C:/Users/chris/Dev/Projects/TheFantasyWorldSimulator/node_modules/@vitest/runner/dist/index.js:915:26
    at file:///C:/Users/chris/Dev/Projects/TheFantasyWorldSimulator/node_modules/@vitest/runner/dist/index.js:1243:20
    at new Promise (<anonymous>)
    at runWithTimeout (file:///C:/Users/chris/Dev/Projects/TheFantasyWorldSimulator/node_modules/@vitest/runner/dist/index.js:1209:10)
[Orchestrator] Tick crashed, returning previous state: Error: Trait not found: trait.reputation.power.renown
    at assignTrait (C:/Users/chris/Dev/Projects/TheFantasyWorldSimulator/src/engine/traits.ts:44:25)
    at syncReputationTrait (C:/Users/chris/Dev/Projects/TheFantasyWorldSimulator/src/engine/phaseReputationTraits.ts:297:5)
    at phaseReputationTraits (C:/Users/chris/Dev/Projects/TheFantasyWorldSimulator/src/engine/phaseReputationTraits.ts:273:7)
    at runTick (C:/Users/chris/Dev/Projects/TheFantasyWorldSimulator/src/engine/orchestrator.ts:1896:18)
    at C:/Users/chris/Dev/Projects/TheFantasyWorldSimulator/src/engine/__tests__/content-layer1-integration.test.ts:320:17
    at file:///C:/Users/chris/Dev/Projects/TheFantasyWorldSimulator/node_modules/@vitest/runner/dist/index.js:145:11
    at file:///C:/Users/chris/Dev/Projects/TheFantasyWorldSimulator/node_modules/@vitest/runner/dist/index.js:915:26
    at file:///C:/Users/chris/Dev/Projects/TheFantasyWorldSimulator/node_modules/@vitest/runner/dist/index.js:1243:20
    at new Promise (<anonymous>)
    at runWithTimeout (file:///C:/Users/chris/Dev/Projects/TheFantasyWorldSimulator/node_modules/@vitest/runner/dist/index.js:1209:10)
[Orchestrator] Tick crashed, returning previous state: Error: Trait not found: trait.reputation.power.renown
    at assignTrait (C:/Users/chris/Dev/Projects/TheFantasyWorldSimulator/src/engine/traits.ts:44:25)
    at syncReputationTrait (C:/Users/chris/Dev/Projects/TheFantasyWorldSimulator/src/engine/phaseReputationTraits.ts:297:5)
    at phaseReputationTraits (C:/Users/chris/Dev/Projects/TheFantasyWorldSimulator/src/engine/phaseReputationTraits.ts:273:7)
    at runTick (C:/Users/chris/Dev/Projects/TheFantasyWorldSimulator/src/engine/orchestrator.ts:1896:18)
    at C:/Users/chris/Dev/Projects/TheFantasyWorldSimulator/src/engine/__tests__/content-layer1-integration.test.ts:320:17
    at file:///C:/Users/chris/Dev/Projects/TheFantasyWorldSimulator/node_modules/@vitest/runner/dist/index.js:145:11
    at file:///C:/Users/chris/Dev/Projects/TheFantasyWorldSimulator/node_modules/@vitest/runner/dist/index.js:915:26
    at file:///C:/Users/chris/Dev/Projects/TheFantasyWorldSimulator/node_modules/@vitest/runner/dist/index.js:1243:20
    at new Promise (<anonymous>)
    at runWithTimeout (file:///C:/Users/chris/Dev/Projects/TheFantasyWorldSimulator/node_modules/@vitest/runner/dist/index.js:1209:10)
[Orchestrator] Tick crashed, returning previous state: Error: Trait not found: trait.reputation.power.renown
    at assignTrait (C:/Users/chris/Dev/Projects/TheFantasyWorldSimulator/src/engine/traits.ts:44:25)
    at syncReputationTrait (C:/Users/chris/Dev/Projects/TheFantasyWorldSimulator/src/engine/phaseReputationTraits.ts:297:5)
    at phaseReputationTraits (C:/Users/chris/Dev/Projects/TheFantasyWorldSimulator/src/engine/phaseReputationTraits.ts:273:7)
    at runTick (C:/Users/chris/Dev/Projects/TheFantasyWorldSimulator/src/engine/orchestrator.ts:1896:18)
    at C:/Users/chris/Dev/Projects/TheFantasyWorldSimulator/src/engine/__tests__/content-layer1-integration.test.ts:320:17
    at file:///C:/Users/chris/Dev/Projects/TheFantasyWorldSimulator/node_modules/@vitest/runner/dist/index.js:145:11
    at file:///C:/Users/chris/Dev/Projects/TheFantasyWorldSimulator/node_modules/@vitest/runner/dist/index.js:915:26
    at file:///C:/Users/chris/Dev/Projects/TheFantasyWorldSimulator/node_modules/@vitest/runner/dist/index.js:1243:20
    at new Promise (<anonymous>)
    at runWithTimeout (file:///C:/Users/chris/Dev/Projects/TheFantasyWorldSimulator/node_modules/@vitest/runner/dist/index.js:1209:10)
[Orchestrator] Tick crashed, returning previous state: Error: Trait not found: trait.reputation.power.renown
    at assignTrait (C:/Users/chris/Dev/Projects/TheFantasyWorldSimulator/src/engine/traits.ts:44:25)
    at syncReputationTrait (C:/Users/chris/Dev/Projects/TheFantasyWorldSimulator/src/engine/phaseReputationTraits.ts:297:5)
    at phaseReputationTraits (C:/Users/chris/Dev/Projects/TheFantasyWorldSimulator/src/engine/phaseReputationTraits.ts:273:7)
    at runTick (C:/Users/chris/Dev/Projects/TheFantasyWorldSimulator/src/engine/orchestrator.ts:1896:18)
    at C:/Users/chris/Dev/Projects/TheFantasyWorldSimulator/src/engine/__tests__/content-layer1-integration.test.ts:320:17
    at file:///C:/Users/chris/Dev/Projects/TheFantasyWorldSimulator/node_modules/@vitest/runner/dist/index.js:145:11
    at file:///C:/Users/chris/Dev/Projects/TheFantasyWorldSimulator/node_modules/@vitest/runner/dist/index.js:915:26
    at file:///C:/Users/chris/Dev/Projects/TheFantasyWorldSimulator/node_modules/@vitest/runner/dist/index.js:1243:20
    at new Promise (<anonymous>)
    at runWithTimeout (file:///C:/Users/chris/Dev/Projects/TheFantasyWorldSimulator/node_modules/@vitest/runner/dist/index.js:1209:10)
[Orchestrator] Tick crashed, returning previous state: Error: Trait not found: trait.reputation.power.renown
    at assignTrait (C:/Users/chris/Dev/Projects/TheFantasyWorldSimulator/src/engine/traits.ts:44:25)
    at syncReputationTrait (C:/Users/chris/Dev/Projects/TheFantasyWorldSimulator/src/engine/phaseReputationTraits.ts:297:5)
    at phaseReputationTraits (C:/Users/chris/Dev/Projects/TheFantasyWorldSimulator/src/engine/phaseReputationTraits.ts:273:7)
    at runTick (C:/Users/chris/Dev/Projects/TheFantasyWorldSimulator/src/engine/orchestrator.ts:1896:18)
    at C:/Users/chris/Dev/Projects/TheFantasyWorldSimulator/src/engine/__tests__/content-layer1-integration.test.ts:320:17
    at file:///C:/Users/chris/Dev/Projects/TheFantasyWorldSimulator/node_modules/@vitest/runner/dist/index.js:145:11
    at file:///C:/Users/chris/Dev/Projects/TheFantasyWorldSimulator/node_modules/@vitest/runner/dist/index.js:915:26
    at file:///C:/Users/chris/Dev/Projects/TheFantasyWorldSimulator/node_modules/@vitest/runner/dist/index.js:1243:20
    at new Promise (<anonymous>)
    at runWithTimeout (file:///C:/Users/chris/Dev/Projects/TheFantasyWorldSimulator/node_modules/@vitest/runner/dist/index.js:1209:10)
[Orchestrator] Tick crashed, returning previous state: Error: Trait not found: trait.reputation.power.renown
    at assignTrait (C:/Users/chris/Dev/Projects/TheFantasyWorldSimulator/src/engine/traits.ts:44:25)
    at syncReputationTrait (C:/Users/chris/Dev/Projects/TheFantasyWorldSimulator/src/engine/phaseReputationTraits.ts:297:5)
    at phaseReputationTraits (C:/Users/chris/Dev/Projects/TheFantasyWorldSimulator/src/engine/phaseReputationTraits.ts:273:7)
    at runTick (C:/Users/chris/Dev/Projects/TheFantasyWorldSimulator/src/engine/orchestrator.ts:1896:18)
    at C:/Users/chris/Dev/Projects/TheFantasyWorldSimulator/src/engine/__tests__/content-layer1-integration.test.ts:320:17
    at file:///C:/Users/chris/Dev/Projects/TheFantasyWorldSimulator/node_modules/@vitest/runner/dist/index.js:145:11
    at file:///C:/Users/chris/Dev/Projects/TheFantasyWorldSimulator/node_modules/@vitest/runner/dist/index.js:915:26
    at file:///C:/Users/chris/Dev/Projects/TheFantasyWorldSimulator/node_modules/@vitest/runner/dist/index.js:1243:20
    at new Promise (<anonymous>)
    at runWithTimeout (file:///C:/Users/chris/Dev/Projects/TheFantasyWorldSimulator/node_modules/@vitest/runner/dist/index.js:1209:10)
[Orchestrator] Tick crashed, returning previous state: Error: Trait not found: trait.reputation.power.renown
    at assignTrait (C:/Users/chris/Dev/Projects/TheFantasyWorldSimulator/src/engine/traits.ts:44:25)
    at syncReputationTrait (C:/Users/chris/Dev/Projects/TheFantasyWorldSimulator/src/engine/phaseReputationTraits.ts:297:5)
    at phaseReputationTraits (C:/Users/chris/Dev/Projects/TheFantasyWorldSimulator/src/engine/phaseReputationTraits.ts:273:7)
    at runTick (C:/Users/chris/Dev/Projects/TheFantasyWorldSimulator/src/engine/orchestrator.ts:1896:18)
    at C:/Users/chris/Dev/Projects/TheFantasyWorldSimulator/src/engine/__tests__/content-layer1-integration.test.ts:320:17
    at file:///C:/Users/chris/Dev/Projects/TheFantasyWorldSimulator/node_modules/@vitest/runner/dist/index.js:145:11
    at file:///C:/Users/chris/Dev/Projects/TheFantasyWorldSimulator/node_modules/@vitest/runner/dist/index.js:915:26
    at file:///C:/Users/chris/Dev/Projects/TheFantasyWorldSimulator/node_modules/@vitest/runner/dist/index.js:1243:20
    at new Promise (<anonymous>)
    at runWithTimeout (file:///C:/Users/chris/Dev/Projects/TheFantasyWorldSimulator/node_modules/@vitest/runner/dist/index.js:1209:10)
[Orchestrator] Tick crashed, returning previous state: Error: Trait not found: trait.reputation.power.renown
    at assignTrait (C:/Users/chris/Dev/Projects/TheFantasyWorldSimulator/src/engine/traits.ts:44:25)
    at syncReputationTrait (C:/Users/chris/Dev/Projects/TheFantasyWorldSimulator/src/engine/phaseReputationTraits.ts:297:5)
    at phaseReputationTraits (C:/Users/chris/Dev/Projects/TheFantasyWorldSimulator/src/engine/phaseReputationTraits.ts:273:7)
    at runTick (C:/Users/chris/Dev/Projects/TheFantasyWorldSimulator/src/engine/orchestrator.ts:1896:18)
    at C:/Users/chris/Dev/Projects/TheFantasyWorldSimulator/src/engine/__tests__/content-layer1-integration.test.ts:320:17
    at file:///C:/Users/chris/Dev/Projects/TheFantasyWorldSimulator/node_modules/@vitest/runner/dist/index.js:145:11
    at file:///C:/Users/chris/Dev/Projects/TheFantasyWorldSimulator/node_modules/@vitest/runner/dist/index.js:915:26
    at file:///C:/Users/chris/Dev/Projects/TheFantasyWorldSimulator/node_modules/@vitest/runner/dist/index.js:1243:20
    at new Promise (<anonymous>)
    at runWithTimeout (file:///C:/Users/chris/Dev/Projects/TheFantasyWorldSimulator/node_modules/@vitest/runner/dist/index.js:1209:10)
[Orchestrator] Tick crashed, returning previous state: Error: Trait not found: trait.reputation.power.renown
    at assignTrait (C:/Users/chris/Dev/Projects/TheFantasyWorldSimulator/src/engine/traits.ts:44:25)
    at syncReputationTrait (C:/Users/chris/Dev/Projects/TheFantasyWorldSimulator/src/engine/phaseReputationTraits.ts:297:5)
    at phaseReputationTraits (C:/Users/chris/Dev/Projects/TheFantasyWorldSimulator/src/engine/phaseReputationTraits.ts:273:7)
    at runTick (C:/Users/chris/Dev/Projects/TheFantasyWorldSimulator/src/engine/orchestrator.ts:1896:18)
    at C:/Users/chris/Dev/Projects/TheFantasyWorldSimulator/src/engine/__tests__/content-layer1-integration.test.ts:320:17
    at file:///C:/Users/chris/Dev/Projects/TheFantasyWorldSimulator/node_modules/@vitest/runner/dist/index.js:145:11
    at file:///C:/Users/chris/Dev/Projects/TheFantasyWorldSimulator/node_modules/@vitest/runner/dist/index.js:915:26
    at file:///C:/Users/chris/Dev/Projects/TheFantasyWorldSimulator/node_modules/@vitest/runner/dist/index.js:1243:20
    at new Promise (<anonymous>)
    at runWithTimeout (file:///C:/Users/chris/Dev/Projects/TheFantasyWorldSimulator/node_modules/@vitest/runner/dist/index.js:1209:10)
[Orchestrator] Tick crashed, returning previous state: Error: Trait not found: trait.reputation.power.renown
    at assignTrait (C:/Users/chris/Dev/Projects/TheFantasyWorldSimulator/src/engine/traits.ts:44:25)
    at syncReputationTrait (C:/Users/chris/Dev/Projects/TheFantasyWorldSimulator/src/engine/phaseReputationTraits.ts:297:5)
    at phaseReputationTraits (C:/Users/chris/Dev/Projects/TheFantasyWorldSimulator/src/engine/phaseReputationTraits.ts:273:7)
    at runTick (C:/Users/chris/Dev/Projects/TheFantasyWorldSimulator/src/engine/orchestrator.ts:1896:18)
    at C:/Users/chris/Dev/Projects/TheFantasyWorldSimulator/src/engine/__tests__/content-layer1-integration.test.ts:320:17
    at file:///C:/Users/chris/Dev/Projects/TheFantasyWorldSimulator/node_modules/@vitest/runner/dist/index.js:145:11
    at file:///C:/Users/chris/Dev/Projects/TheFantasyWorldSimulator/node_modules/@vitest/runner/dist/index.js:915:26
    at file:///C:/Users/chris/Dev/Projects/TheFantasyWorldSimulator/node_modules/@vitest/runner/dist/index.js:1243:20
    at new Promise (<anonymous>)
    at runWithTimeout (file:///C:/Users/chris/Dev/Projects/TheFantasyWorldSimulator/node_modules/@vitest/runner/dist/index.js:1209:10)
[Orchestrator] Tick crashed, returning previous state: Error: Trait not found: trait.reputation.power.renown
    at assignTrait (C:/Users/chris/Dev/Projects/TheFantasyWorldSimulator/src/engine/traits.ts:44:25)
    at syncReputationTrait (C:/Users/chris/Dev/Projects/TheFantasyWorldSimulator/src/engine/phaseReputationTraits.ts:297:5)
    at phaseReputationTraits (C:/Users/chris/Dev/Projects/TheFantasyWorldSimulator/src/engine/phaseReputationTraits.ts:273:7)
    at runTick (C:/Users/chris/Dev/Projects/TheFantasyWorldSimulator/src/engine/orchestrator.ts:1896:18)
    at C:/Users/chris/Dev/Projects/TheFantasyWorldSimulator/src/engine/__tests__/content-layer1-integration.test.ts:320:17
    at file:///C:/Users/chris/Dev/Projects/TheFantasyWorldSimulator/node_modules/@vitest/runner/dist/index.js:145:11
    at file:///C:/Users/chris/Dev/Projects/TheFantasyWorldSimulator/node_modules/@vitest/runner/dist/index.js:915:26
    at file:///C:/Users/chris/Dev/Projects/TheFantasyWorldSimulator/node_modules/@vitest/runner/dist/index.js:1243:20
    at new Promise (<anonymous>)
    at runWithTimeout (file:///C:/Users/chris/Dev/Projects/TheFantasyWorldSimulator/node_modules/@vitest/runner/dist/index.js:1209:10)

 [31m❯[39m src/engine/__tests__/content-layer1-integration.test.ts [2m([22m[2m14 tests[22m[2m | [22m[31m3 failed[39m[2m)[22m[33m 150241[2mms[22m[39m
     [32m✓[39m encounter templates are accessible and non-empty[32m 1[2mms[22m[39m
     [32m✓[39m all encounter templates have required structure[32m 12[2mms[22m[39m
     [32m✓[39m routine templates exist for narrative events[32m 0[2mms[22m[39m
     [32m✓[39m lifecycle templates exist for agent events[32m 0[2mms[22m[39m
     [32m✓[39m doom vocabulary is accessible[32m 0[2mms[22m[39m
[31m     [31m×[31m 100-tick simulation runs without errors[39m[33m 54923[2mms[22m[39m
[31m     [31m×[31m simulation produces narrative variety across 100 ticks[39m[33m 10218[2mms[22m[39m
     [33m[2m✓[22m[39m simulation accumulates chronicle entries over 100 ticks [33m 10471[2mms[22m[39m
     [33m[2m✓[22m[39m doom clock advances correctly over 100 ticks [33m 10255[2mms[22m[39m
     [33m[2m✓[22m[39m mandate state updates correctly over 100 ticks [33m 10119[2mms[22m[39m
[31m     [31m×[31m different seeds produce different narratives[39m[33m 13380[2mms[22m[39m
     [33m[2m✓[22m[39m same seed produces deterministic results [33m 20225[2mms[22m[39m
     [33m[2m✓[22m[39m agent lifecycle events fire during 100-tick simulation [33m 10363[2mms[22m[39m
     [33m[2m✓[22m[39m encounter progression events can fire [33m 10272[2mms[22m[39m

⎯⎯⎯⎯⎯⎯ Failed Tests 103 ⎯⎯⎯⎯⎯⎯

 FAIL  src/audio/__tests__/terrainSoundKey.test.ts > terrainToSoundKey > maps every TerrainType to a valid sound key
AssertionError: plateau → "plateau" is not a valid sound key: expected false to be true // Object.is equality

- Expected
+ Received

- true
+ false

 ❯ src/audio/__tests__/terrainSoundKey.test.ts:27:91
     25|     for (const terrain of ALL_TERRAIN_TYPES) {
     26|       const key = terrainToSoundKey(terrain);
     27|       expect(VALID_SOUND_KEYS.has(key), `${terrain} → "${key}" is not …
       |                                                                                           ^
     28|     }
     29|   });

⎯⎯⎯⎯⎯⎯⎯⎯⎯⎯⎯⎯⎯⎯⎯⎯⎯⎯⎯⎯⎯⎯[1/103]⎯

 FAIL  src/data/__tests__/encounter-reward-wiring.test.ts > encounter reward pool wiring > reward pools on final steps have same recipe on both onSuccess and onFailure
AssertionError: expected undefined to be defined
 ❯ src/data/__tests__/encounter-reward-wiring.test.ts:41:27
     39|       const failurePool = finalStep.onFailure.rewardPool;
     40| 
     41|       expect(failurePool).toBeDefined();
       |                           ^
     42|       expect(successPool!.categoryWeights).toEqual(failurePool!.catego…
     43|     }

⎯⎯⎯⎯⎯⎯⎯⎯⎯⎯⎯⎯⎯⎯⎯⎯⎯⎯⎯⎯⎯⎯[2/103]⎯

 FAIL  src/data/__tests__/encounter-reward-wiring.test.ts > encounter reward pool wiring > non-reward types (hire/lead/build) do not have rewardPool
AssertionError: expected { categoryWeights: { …(2) }, …(1) } to be undefined

- Expected: 
undefined

+ Received: 
{
  "categoryWeights": {
    "condition": 0.4,
    "possession": 0.6,
  },
  "tagFilters": [
    "#ancient",
  ],
}

 ❯ src/data/__tests__/encounter-reward-wiring.test.ts:51:43
     49|     for (const template of nonReward) {
     50|       for (const step of template.steps) {
     51|         expect(step.onSuccess.rewardPool).toBeUndefined();
       |                                           ^
     52|         expect(step.onFailure.rewardPool).toBeUndefined();
     53|       }

⎯⎯⎯⎯⎯⎯⎯⎯⎯⎯⎯⎯⎯⎯⎯⎯⎯⎯⎯⎯⎯⎯[3/103]⎯

 FAIL  src/data/__tests__/influence-content.test.ts > influence-content > exports tier names with valid tier labels
AssertionError: expected undefined to be defined
 ❯ src/data/__tests__/influence-content.test.ts:20:47
     18|     expect(Object.keys(TIER_NAMES).length).toBeGreaterThan(0);
     19|     expect(TIER_NAMES[0]).toBe('Unaware');
     20|     expect(TIER_NAMES[TIER_NAMES.length - 1]).toBeDefined();
       |                                               ^
     21|   });
     22| 

⎯⎯⎯⎯⎯⎯⎯⎯⎯⎯⎯⎯⎯⎯⎯⎯⎯⎯⎯⎯⎯⎯[4/103]⎯

 FAIL  src/data/__tests__/movement-content.test.ts > movement-content > TERRAIN_TAXES > river terrain tax is Infinity
AssertionError: expected 1 to be Infinity // Object.is equality

- Expected
+ Received

- Infinity
+ 1

 ❯ src/data/__tests__/movement-content.test.ts:191:35
    189| 
    190|     it('river terrain tax is Infinity', () => {
    191|       expect(TERRAIN_TAXES.river).toBe(Infinity);
       |                                   ^
    192|     });
    193| 

⎯⎯⎯⎯⎯⎯⎯⎯⎯⎯⎯⎯⎯⎯⎯⎯⎯⎯⎯⎯⎯⎯[5/103]⎯

 FAIL  src/data/__tests__/unified-action-templates.test.ts > UNIFIED_ACTION_TEMPLATES > every template has at least 1 motivation OR is a divine/NPC template
TypeError: Cannot read properties of undefined (reading 'length')
 ❯ src/data/__tests__/unified-action-templates.test.ts:125:30
    123|     for (const t of UNIFIED_ACTION_TEMPLATES) {
    124|       if (t.scale !== 'cosmic' && !t.id.startsWith('npc_')) {
    125|         expect(t.motivations.length).toBeGreaterThan(0);
       |                              ^
    126|       }
    127|     }

⎯⎯⎯⎯⎯⎯⎯⎯⎯⎯⎯⎯⎯⎯⎯⎯⎯⎯⎯⎯⎯⎯[6/103]⎯

 FAIL  src/utils/__tests__/portraitCompositor.test.ts > portraitCompositor > createPortraitCache > clear allows fresh composition after clearing
AssertionError: expected null not to be null // Object.is equality
 ❯ src/utils/__tests__/portraitCompositor.test.ts:112:27
    110|       const result2 = await cache.getComposed('origin.ancient-scholar'…
    111|       // After clear, a new canvas is created — should NOT be the same…
    112|       expect(result1).not.toBe(result2);
       |                           ^
    113|     });
    114|   });

⎯⎯⎯⎯⎯⎯⎯⎯⎯⎯⎯⎯⎯⎯⎯⎯⎯⎯⎯⎯⎯⎯[7/103]⎯

 FAIL  src/utils/__tests__/portraitCompositor.test.ts > portraitCompositor > composePortrait > returns an HTMLCanvasElement (mock) on success
AssertionError: expected null not to be null
 ❯ src/utils/__tests__/portraitCompositor.test.ts:119:26
    117|     it('returns an HTMLCanvasElement (mock) on success', async () => {
    118|       const result = await composePortrait('origin.ancient-scholar', '…
    119|       expect(result).not.toBeNull();
       |                          ^
    120|       expect(result).toBeDefined();
    121|     });

⎯⎯⎯⎯⎯⎯⎯⎯⎯⎯⎯⎯⎯⎯⎯⎯⎯⎯⎯⎯⎯⎯[8/103]⎯

 FAIL  src/utils/__tests__/portraitCompositor.test.ts > portraitCompositor > composePortrait > accepts custom width and height
AssertionError: expected null not to be null
 ❯ src/utils/__tests__/portraitCompositor.test.ts:131:26
    129|     it('accepts custom width and height', async () => {
    130|       const result = await composePortrait('origin.ancient-scholar', '…
    131|       expect(result).not.toBeNull();
       |                          ^
    132|     });
    133| 

⎯⎯⎯⎯⎯⎯⎯⎯⎯⎯⎯⎯⎯⎯⎯⎯⎯⎯⎯⎯⎯⎯[9/103]⎯

 FAIL  src/utils/__tests__/portraitCompositor.test.ts > portraitCompositor > composePortrait > works with all sphere types
AssertionError: expected null not to be null
 ❯ src/utils/__tests__/portraitCompositor.test.ts:138:28
    136|       for (const sphere of spheres) {
    137|         const result = await composePortrait('origin.ancient-scholar',…
    138|         expect(result).not.toBeNull();
       |                            ^
    139|       }
    140|     });

⎯⎯⎯⎯⎯⎯⎯⎯⎯⎯⎯⎯⎯⎯⎯⎯⎯⎯⎯⎯⎯[10/103]⎯

 FAIL  src/utils/__tests__/portraitCompositor.test.ts > portraitCompositor > composePortraitCircular > returns an HTMLCanvasElement (mock) on success
AssertionError: expected null not to be null
 ❯ src/utils/__tests__/portraitCompositor.test.ts:146:26
    144|     it('returns an HTMLCanvasElement (mock) on success', async () => {
    145|       const result = await composePortraitCircular('origin.ancient-sch…
    146|       expect(result).not.toBeNull();
       |                          ^
    147|       expect(result).toBeDefined();
    148|     });

⎯⎯⎯⎯⎯⎯⎯⎯⎯⎯⎯⎯⎯⎯⎯⎯⎯⎯⎯⎯⎯[11/103]⎯

 FAIL  src/utils/__tests__/portraitCompositor.test.ts > portraitCompositor > composePortraitCircular > uses arc + clip for circular masking
AssertionError: expected "vi.fn()" to be called at least once
 ❯ src/utils/__tests__/portraitCompositor.test.ts:153:27
    151|       vi.clearAllMocks();
    152|       await composePortraitCircular('origin.ancient-scholar', 'mind');
    153|       expect(mockCtx.arc).toHaveBeenCalled();
       |                           ^
    154|       expect(mockCtx.clip).toHaveBeenCalled();
    155|     });

⎯⎯⎯⎯⎯⎯⎯⎯⎯⎯⎯⎯⎯⎯⎯⎯⎯⎯⎯⎯⎯[12/103]⎯

 FAIL  src/utils/__tests__/portraitCompositor.test.ts > portraitCompositor > composePortraitCircular > accepts custom diameter
AssertionError: expected null not to be null
 ❯ src/utils/__tests__/portraitCompositor.test.ts:159:26
    157|     it('accepts custom diameter', async () => {
    158|       const result = await composePortraitCircular('origin.ancient-sch…
    159|       expect(result).not.toBeNull();
       |                          ^
    160|     });
    161|   });

⎯⎯⎯⎯⎯⎯⎯⎯⎯⎯⎯⎯⎯⎯⎯⎯⎯⎯⎯⎯⎯[13/103]⎯

 FAIL  src/engine/__tests__/actionNarrative-integration.test.ts > Action Narrative System — full flow > agenda → effects → decay → overlay → feedback
 FAIL  src/engine/__tests__/actionNarrative-integration.test.ts > Action Narrative System — full flow > expired influences are filtered from overlay
 FAIL  src/engine/__tests__/actionNarrative-integration.test.ts > Action Narrative System — full flow > multiple agendas can be tested sequentially
 FAIL  src/engine/__tests__/actionNarrative-integration.test.ts > Action Narrative System — full flow > decay parameters vary by intervention type
TypeError: Cannot read properties of undefined (reading 'charAt')
 ❯ formatSphereName src/engine/mandateGenerator.ts:74:17
     72| 
     73| function formatSphereName(sphere: SphereName): string {
     74|   return sphere.charAt(0).toUpperCase() + sphere.slice(1);
       |                 ^
     75| }
     76| 
 ❯ src/engine/mandateGenerator.ts:137:53
 ❯ generateRememberedMandate src/engine/mandateGenerator.ts:133:53
 ❯ initializeGameState src/engine/gameInit.ts:270:22
 ❯ src/engine/__tests__/actionNarrative-integration.test.ts:40:20

⎯⎯⎯⎯⎯⎯⎯⎯⎯⎯⎯⎯⎯⎯⎯⎯⎯⎯⎯⎯⎯[14/103]⎯

 FAIL  src/engine/__tests__/content-layer1-integration.test.ts > Layer 1 content integration > 100-tick simulation runs without errors
Error: Test timed out in 30000ms.
If this is a long-running test, pass a timeout value as the last argument or configure it globally with "testTimeout".
 ❯ src/engine/__tests__/content-layer1-integration.test.ts:90:3
     88|   });
     89| 
     90|   it('100-tick simulation runs without errors', () => {
       |   ^
     91|     const { state: initialState } = initializeGameState(
     92|       testArchetype,

⎯⎯⎯⎯⎯⎯⎯⎯⎯⎯⎯⎯⎯⎯⎯⎯⎯⎯⎯⎯⎯[15/103]⎯

 FAIL  src/engine/__tests__/content-layer1-integration.test.ts > Layer 1 content integration > simulation produces narrative variety across 100 ticks
AssertionError: expected 0 to be greater than 0
 ❯ src/engine/__tests__/content-layer1-integration.test.ts:127:32
    125| 
    126|     // Should produce multiple event types, not just one
    127|     expect(allEventTypes.size).toBeGreaterThan(0);
       |                                ^
    128|   }, 30000);
    129| 

⎯⎯⎯⎯⎯⎯⎯⎯⎯⎯⎯⎯⎯⎯⎯⎯⎯⎯⎯⎯⎯[16/103]⎯

 FAIL  src/engine/__tests__/content-layer1-integration.test.ts > Layer 1 content integration > different seeds produce different narratives
AssertionError: expected '' not to be '' // Object.is equality
 ❯ src/engine/__tests__/content-layer1-integration.test.ts:225:26
    223|     const events42 = allEvents42.join('|');
    224|     const events7 = allEvents7.join('|');
    225|     expect(events42).not.toBe(events7);
       |                          ^
    226|   }, 30000);
    227| 

⎯⎯⎯⎯⎯⎯⎯⎯⎯⎯⎯⎯⎯⎯⎯⎯⎯⎯⎯⎯⎯[17/103]⎯

 FAIL  src/engine/__tests__/contestation-integration.test.ts > contestation integration > uncontested actions at same location resolve normally alongside contested ones
AssertionError: expected 'success_at_cost' to be 'success' // Object.is equality

Expected: "success"
Received: "success_at_cost"

 ❯ src/engine/__tests__/contestation-integration.test.ts:369:33
    367|     // Trade should succeed independently (low roll, easy difficulty)
    368|     const tradeResult = result.unifiedActions!.find(a => a.templateId …
    369|     expect(tradeResult.outcome).toBe('success');
       |                                 ^
    370|   });
    371| 

⎯⎯⎯⎯⎯⎯⎯⎯⎯⎯⎯⎯⎯⎯⎯⎯⎯⎯⎯⎯⎯[18/103]⎯

 FAIL  src/engine/__tests__/familiarity-integration.test.ts > familiarity integration > initializes familiarity map in GameState
 FAIL  src/engine/__tests__/familiarity-integration.test.ts > familiarity integration > game starts with empty familiarity map (no initial threads)
 FAIL  src/engine/__tests__/familiarity-integration.test.ts > familiarity integration > threaded retinue member has correct familiarity
 FAIL  src/engine/__tests__/familiarity-integration.test.ts > familiarity integration > proximity phase increases familiarity for agents in avatar hex
 FAIL  src/engine/__tests__/familiarity-integration.test.ts > familiarity integration > familiarity gain emits trace
 FAIL  src/engine/__tests__/familiarity-integration.test.ts > familiarity integration > familiarity threshold crossing emits levelChanged flag
 FAIL  src/engine/__tests__/familiarity-integration.test.ts > familiarity integration > agents in avatar hex gain proximity familiarity
TypeError: Cannot read properties of undefined (reading 'charAt')
 ❯ formatSphereName src/engine/mandateGenerator.ts:74:17
     72| 
     73| function formatSphereName(sphere: SphereName): string {
     74|   return sphere.charAt(0).toUpperCase() + sphere.slice(1);
       |                 ^
     75| }
     76| 
 ❯ src/engine/mandateGenerator.ts:137:53
 ❯ generateRememberedMandate src/engine/mandateGenerator.ts:133:53
 ❯ initializeGameState src/engine/gameInit.ts:270:22
 ❯ src/engine/__tests__/familiarity-integration.test.ts:26:20

⎯⎯⎯⎯⎯⎯⎯⎯⎯⎯⎯⎯⎯⎯⎯⎯⎯⎯⎯⎯⎯[19/103]⎯

 FAIL  src/engine/__tests__/gameState.test.ts > GameState types > exports DEFAULT_DOOM_TICKS constant
AssertionError: expected 200 to be 20000 // Object.is equality

- Expected
+ Received

- 20000
+ 200

 ❯ src/engine/__tests__/gameState.test.ts:24:32
     22| 
     23|   it('exports DEFAULT_DOOM_TICKS constant', () => {
     24|     expect(DEFAULT_DOOM_TICKS).toBe(20_000);
       |                                ^
     25|   });
     26| 

⎯⎯⎯⎯⎯⎯⎯⎯⎯⎯⎯⎯⎯⎯⎯⎯⎯⎯⎯⎯⎯[20/103]⎯

 FAIL  src/engine/__tests__/interventionEffects-integration.test.ts > intervention effects — full integration > dream intervention → divine influence stored → decays to zero
 FAIL  src/engine/__tests__/interventionEffects-integration.test.ts > intervention effects — full integration > coincidence boosts sphere influence at actor location
 FAIL  src/engine/__tests__/interventionEffects-integration.test.ts > intervention effects — full integration > intervention emits intervention_effect trace
 FAIL  src/engine/__tests__/interventionEffects-integration.test.ts > intervention effects — full integration > all 8 intervention types produce valid results
 FAIL  src/engine/__tests__/interventionEffects-integration.test.ts > intervention effects — full integration > multiple interventions on same actor accumulate in influence list
 FAIL  src/engine/__tests__/interventionEffects-integration.test.ts > intervention effects — full integration > intervention with nonexistent target returns failure
 FAIL  src/engine/__tests__/interventionEffects-integration.test.ts > intervention effects — full integration > inspiration intervention creates personality boost and trait
 FAIL  src/engine/__tests__/interventionEffects-integration.test.ts > intervention effects — full integration > intimidate intervention applies strategy override
 FAIL  src/engine/__tests__/interventionEffects-integration.test.ts > intervention effects — full integration > afflict_bless creates condition trait
 FAIL  src/engine/__tests__/interventionEffects-integration.test.ts > intervention effects — full integration > deceive intervention applies deceived condition and value drift
TypeError: Cannot read properties of undefined (reading 'charAt')
 ❯ formatSphereName src/engine/mandateGenerator.ts:74:17
     72| 
     73| function formatSphereName(sphere: SphereName): string {
     74|   return sphere.charAt(0).toUpperCase() + sphere.slice(1);
       |                 ^
     75| }
     76| 
 ❯ src/engine/mandateGenerator.ts:137:53
 ❯ generateRememberedMandate src/engine/mandateGenerator.ts:133:53
 ❯ initializeGameState src/engine/gameInit.ts:270:22
 ❯ src/engine/__tests__/interventionEffects-integration.test.ts:38:37

⎯⎯⎯⎯⎯⎯⎯⎯⎯⎯⎯⎯⎯⎯⎯⎯⎯⎯⎯⎯⎯[21/103]⎯

 FAIL  src/engine/__tests__/npcSeeding.test.ts > seedNpcsAtLocations > handles temple subtypes (maps temple → temple roster)
AssertionError: expected false to be true // Object.is equality

- Expected
+ Received

- true
+ false

 ❯ src/engine/__tests__/npcSeeding.test.ts:277:65
    275|     for (const id of result.npcIds) {
    276|       const node = graph.getNode(id)!;
    277|       expect(validRoles.has(node.properties.npcRole as string)).toBe(t…
       |                                                                 ^
    278|     }
    279|   });

⎯⎯⎯⎯⎯⎯⎯⎯⎯⎯⎯⎯⎯⎯⎯⎯⎯⎯⎯⎯⎯[22/103]⎯

 FAIL  src/engine/__tests__/orchestrator.test.ts > Orchestrator > runTick accumulates recent events
AssertionError: expected 0 to be greater than 0
 ❯ src/engine/__tests__/orchestrator.test.ts:288:39
    286|       state = runTick(state);
    287|     }
    288|     expect(state.recentEvents.length).toBeGreaterThan(0);
       |                                       ^
    289|     expect(state.recentEvents.length).toBeLessThanOrEqual(100);
    290|   });

⎯⎯⎯⎯⎯⎯⎯⎯⎯⎯⎯⎯⎯⎯⎯⎯⎯⎯⎯⎯⎯[23/103]⎯

 FAIL  src/engine/__tests__/orchestrator.test.ts > Orchestrator > multi-tick simulation reaches doom expiry
AssertionError: expected 'playing' to be 'twilight' // Object.is equality

Expected: "twilight"
Received: "playing"

 ❯ src/engine/__tests__/orchestrator.test.ts:298:25
    296|       state = runTick(state);
    297|     }
    298|     expect(state.phase).toBe('twilight');
       |                         ^
    299|   });
    300| 

⎯⎯⎯⎯⎯⎯⎯⎯⎯⎯⎯⎯⎯⎯⎯⎯⎯⎯⎯⎯⎯[24/103]⎯

 FAIL  src/engine/__tests__/orchestrator.test.ts > Full game loop integration > runs a complete cycle: play → doom expires → twilight → harvest → transition → new cycle
AssertionError: expected 'playing' to be 'twilight' // Object.is equality

Expected: "twilight"
Received: "playing"

 ❯ src/engine/__tests__/orchestrator.test.ts:521:25
    519| 
    520|     // Should have transitioned to twilight
    521|     expect(state.phase).toBe('twilight');
       |                         ^
    522|     expect(ticksPlayed).toBeLessThanOrEqual(35); // doom should expire…
    523| 

⎯⎯⎯⎯⎯⎯⎯⎯⎯⎯⎯⎯⎯⎯⎯⎯⎯⎯⎯⎯⎯[25/103]⎯

 FAIL  src/engine/__tests__/phaseAgentDecision.gateDutySupport.test.ts > phaseAgentDecision Gate Duty support bundle > starts Gate Duty as a unified action and binds a reuse-first support bundle
AssertionError: expected [] to have a length of 1 but got +0

- Expected
+ Received

- 1
+ 0

 ❯ src/engine/__tests__/phaseAgentDecision.gateDutySupport.test.ts:200:35
    198|     const result = phaseAgentDecision(state, encounterCache, {} as nev…
    199| 
    200|     expect(result.unifiedActions).toHaveLength(1);
       |                                   ^
    201|     expect(result.unifiedActions?.[0]?.templateId).toBe('cg.quest.gate…
    202|     expect(result.unifiedActions?.[0]?.supportBindings?.map(binding =>…

⎯⎯⎯⎯⎯⎯⎯⎯⎯⎯⎯⎯⎯⎯⎯⎯⎯⎯⎯⎯⎯[26/103]⎯

 FAIL  src/engine/__tests__/phaseAgentDecision.unified.test.ts > phaseAgentDecision unified encounter routing > starts migrated encounter templates as unified actions instead of legacy encounter progress
AssertionError: expected [] to have a length of 1 but got +0

- Expected
+ Received

- 1
+ 0

 ❯ src/engine/__tests__/phaseAgentDecision.unified.test.ts:188:35
    186|     const result = phaseAgentDecision(state, encounterCache, {} as any…
    187| 
    188|     expect(result.unifiedActions).toHaveLength(1);
       |                                   ^
    189|     expect(result.unifiedActions?.[0]?.templateId).toBe('encounter.mar…
    190|     expect(result.encounterProgress).toHaveLength(0);

⎯⎯⎯⎯⎯⎯⎯⎯⎯⎯⎯⎯⎯⎯⎯⎯⎯⎯⎯⎯⎯[27/103]⎯

 FAIL  src/engine/__tests__/progressive-disclosure-integration.test.ts > progressive disclosure integration > full flow: init → stranger → proximity gain → recognised → card shows archetype
 FAIL  src/engine/__tests__/progressive-disclosure-integration.test.ts > progressive disclosure integration > scry action grants 0.15 familiarity
 FAIL  src/engine/__tests__/progressive-disclosure-integration.test.ts > progressive disclosure integration > word scales produce no numeric values in UI data
 FAIL  src/engine/__tests__/progressive-disclosure-integration.test.ts > progressive disclosure integration > all 9 reaches have valid word scales
 FAIL  src/engine/__tests__/progressive-disclosure-integration.test.ts > progressive disclosure integration > knowledge level thresholds progress correctly
 FAIL  src/engine/__tests__/progressive-disclosure-integration.test.ts > progressive disclosure integration > archetype is revealed at recognised+ but not at stranger
 FAIL  src/engine/__tests__/progressive-disclosure-integration.test.ts > progressive disclosure integration > domain visibility increases with knowledge level
 FAIL  src/engine/__tests__/progressive-disclosure-integration.test.ts > progressive disclosure integration > game starts with no threads (alpha — ascendant begins alone)
TypeError: Cannot read properties of undefined (reading 'charAt')
 ❯ formatSphereName src/engine/mandateGenerator.ts:74:17
     72| 
     73| function formatSphereName(sphere: SphereName): string {
     74|   return sphere.charAt(0).toUpperCase() + sphere.slice(1);
       |                 ^
     75| }
     76| 
 ❯ src/engine/mandateGenerator.ts:137:53
 ❯ generateRememberedMandate src/engine/mandateGenerator.ts:133:53
 ❯ initializeGameState src/engine/gameInit.ts:270:22
 ❯ src/engine/__tests__/progressive-disclosure-integration.test.ts:34:20

⎯⎯⎯⎯⎯⎯⎯⎯⎯⎯⎯⎯⎯⎯⎯⎯⎯⎯⎯⎯⎯[28/103]⎯

 FAIL  src/engine/__tests__/revelationGate.test.ts > Gate 7: Layer Revelation > filters out templates for unrevealed layers
TypeError: Cannot read properties of undefined (reading 'terrain')
 ❯ getTargetActionSlots src/engine/targetActions.ts:117:79
    115|     // Hex targets are built by buildHexTargetContext which always set…
    116|     // Location targets (specific locations) never set properties.terr…
    117|     const isHexTarget = target.nodeType === 'location' && !!target.pro…
       |                                                                               ^
    118|     const nodeTypeMatches = (categories as readonly string[]).includes…
    119|       || (target.nodeType === 'location' && (categories as readonly st…
 ❯ src/engine/__tests__/revelationGate.test.ts:80:19

⎯⎯⎯⎯⎯⎯⎯⎯⎯⎯⎯⎯⎯⎯⎯⎯⎯⎯⎯⎯⎯[29/103]⎯

 FAIL  src/engine/__tests__/revelationGate.test.ts > Gate 7: Layer Revelation > allows templates for revealed layers
TypeError: Cannot read properties of undefined (reading 'terrain')
 ❯ getTargetActionSlots src/engine/targetActions.ts:117:79
    115|     // Hex targets are built by buildHexTargetContext which always set…
    116|     // Location targets (specific locations) never set properties.terr…
    117|     const isHexTarget = target.nodeType === 'location' && !!target.pro…
       |                                                                               ^
    118|     const nodeTypeMatches = (categories as readonly string[]).includes…
    119|       || (target.nodeType === 'location' && (categories as readonly st…
 ❯ src/engine/__tests__/revelationGate.test.ts:104:19

⎯⎯⎯⎯⎯⎯⎯⎯⎯⎯⎯⎯⎯⎯⎯⎯⎯⎯⎯⎯⎯[30/103]⎯

 FAIL  src/engine/__tests__/revelationGate.test.ts > Gate 7: Layer Revelation > bypasses revelation gate for Create actions (crudType: create)
TypeError: Cannot read properties of undefined (reading 'terrain')
 ❯ getTargetActionSlots src/engine/targetActions.ts:117:79
    115|     // Hex targets are built by buildHexTargetContext which always set…
    116|     // Location targets (specific locations) never set properties.terr…
    117|     const isHexTarget = target.nodeType === 'location' && !!target.pro…
       |                                                                               ^
    118|     const nodeTypeMatches = (categories as readonly string[]).includes…
    119|       || (target.nodeType === 'location' && (categories as readonly st…
 ❯ src/engine/__tests__/revelationGate.test.ts:127:19

⎯⎯⎯⎯⎯⎯⎯⎯⎯⎯⎯⎯⎯⎯⎯⎯⎯⎯⎯⎯⎯[31/103]⎯

 FAIL  src/engine/__tests__/revelationGate.test.ts > Gate 7: Layer Revelation > bypasses revelation gate when bypassRevelationGate is true
TypeError: Cannot read properties of undefined (reading 'terrain')
 ❯ getTargetActionSlots src/engine/targetActions.ts:117:79
    115|     // Hex targets are built by buildHexTargetContext which always set…
    116|     // Location targets (specific locations) never set properties.terr…
    117|     const isHexTarget = target.nodeType === 'location' && !!target.pro…
       |                                                                               ^
    118|     const nodeTypeMatches = (categories as readonly string[]).includes…
    119|       || (target.nodeType === 'location' && (categories as readonly st…
 ❯ src/engine/__tests__/revelationGate.test.ts:150:19

⎯⎯⎯⎯⎯⎯⎯⎯⎯⎯⎯⎯⎯⎯⎯⎯⎯⎯⎯⎯⎯[32/103]⎯

 FAIL  src/engine/__tests__/revelationGate.test.ts > Gate 7: Layer Revelation > backward compat: templates without narrativeLayer are not gated
TypeError: Cannot read properties of undefined (reading 'terrain')
 ❯ getTargetActionSlots src/engine/targetActions.ts:117:79
    115|     // Hex targets are built by buildHexTargetContext which always set…
    116|     // Location targets (specific locations) never set properties.terr…
    117|     const isHexTarget = target.nodeType === 'location' && !!target.pro…
       |                                                                               ^
    118|     const nodeTypeMatches = (categories as readonly string[]).includes…
    119|       || (target.nodeType === 'location' && (categories as readonly st…
 ❯ src/engine/__tests__/revelationGate.test.ts:171:19

⎯⎯⎯⎯⎯⎯⎯⎯⎯⎯⎯⎯⎯⎯⎯⎯⎯⎯⎯⎯⎯[33/103]⎯

 FAIL  src/engine/__tests__/revelationGate.test.ts > Gate 7: Layer Revelation > fail-soft: missing hexRevelation map filters layer-gated non-Create templates
TypeError: Cannot read properties of undefined (reading 'terrain')
 ❯ getTargetActionSlots src/engine/targetActions.ts:117:79
    115|     // Hex targets are built by buildHexTargetContext which always set…
    116|     // Location targets (specific locations) never set properties.terr…
    117|     const isHexTarget = target.nodeType === 'location' && !!target.pro…
       |                                                                               ^
    118|     const nodeTypeMatches = (categories as readonly string[]).includes…
    119|       || (target.nodeType === 'location' && (categories as readonly st…
 ❯ src/engine/__tests__/revelationGate.test.ts:189:19

⎯⎯⎯⎯⎯⎯⎯⎯⎯⎯⎯⎯⎯⎯⎯⎯⎯⎯⎯⎯⎯[34/103]⎯

 FAIL  src/engine/__tests__/revelationGate.test.ts > Gate 7: Layer Revelation > fail-soft: missing hex entry in revelation map treats layers as unrevealed
TypeError: Cannot read properties of undefined (reading 'terrain')
 ❯ getTargetActionSlots src/engine/targetActions.ts:117:79
    115|     // Hex targets are built by buildHexTargetContext which always set…
    116|     // Location targets (specific locations) never set properties.terr…
    117|     const isHexTarget = target.nodeType === 'location' && !!target.pro…
       |                                                                               ^
    118|     const nodeTypeMatches = (categories as readonly string[]).includes…
    119|       || (target.nodeType === 'location' && (categories as readonly st…
 ❯ src/engine/__tests__/revelationGate.test.ts:210:19

⎯⎯⎯⎯⎯⎯⎯⎯⎯⎯⎯⎯⎯⎯⎯⎯⎯⎯⎯⎯⎯[35/103]⎯

 FAIL  src/engine/__tests__/revelationGate.test.ts > Gate 7: Layer Revelation > land layer auto-reveals do not gate land templates when revealed
TypeError: Cannot read properties of undefined (reading 'terrain')
 ❯ getTargetActionSlots src/engine/targetActions.ts:117:79
    115|     // Hex targets are built by buildHexTargetContext which always set…
    116|     // Location targets (specific locations) never set properties.terr…
    117|     const isHexTarget = target.nodeType === 'location' && !!target.pro…
       |                                                                               ^
    118|     const nodeTypeMatches = (categories as readonly string[]).includes…
    119|       || (target.nodeType === 'location' && (categories as readonly st…
 ❯ src/engine/__tests__/revelationGate.test.ts:261:19

⎯⎯⎯⎯⎯⎯⎯⎯⎯⎯⎯⎯⎯⎯⎯⎯⎯⎯⎯⎯⎯[36/103]⎯

 FAIL  src/engine/__tests__/seedAttachments.test.ts > seedAttachments > ind_2 — scholar/mystic > has_trait starter_revelation with correct modifiers from condition node
AssertionError: expected {} to match object { star: 0.15, eye: 0.1 }

- Expected
+ Received

- {
-   "eye": 0.1,
-   "star": 0.15,
- }
+ {}

 ❯ src/engine/__tests__/seedAttachments.test.ts:105:42
    103|       const edge = graph.getEdge('seed.ind_2.has_trait.starter_revelat…
    104|       expect(edge).toBeTruthy();
    105|       expect(edge?.properties.modifiers).toMatchObject({ star: 0.15, e…
       |                                          ^
    106|       expect(edge?.properties.ticksRemaining).toBe(15);
    107|     });

⎯⎯⎯⎯⎯⎯⎯⎯⎯⎯⎯⎯⎯⎯⎯⎯⎯⎯⎯⎯⎯[37/103]⎯

 FAIL  src/engine/__tests__/seedAttachments.test.ts > seedAttachments > ind_3 — plague-touched traveler > has_trait starter_plague_touched with correct ticksRemaining
AssertionError: expected {} to match object { flesh: -0.1 }

- Expected
+ Received

- {
-   "flesh": -0.1,
- }
+ {}

 ❯ src/engine/__tests__/seedAttachments.test.ts:127:42
    125|       expect(edge?.properties.ticksRemaining).toBe(25);
    126|       expect(edge?.properties.totalTicks).toBe(40);
    127|       expect(edge?.properties.modifiers).toMatchObject({ flesh: -0.10 …
       |                                          ^
    128|     });
    129|   });

⎯⎯⎯⎯⎯⎯⎯⎯⎯⎯⎯⎯⎯⎯⎯⎯⎯⎯⎯⎯⎯[38/103]⎯

 FAIL  src/engine/__tests__/sublocation-integration.test.ts > Integration Test 1: Full pipeline (arrival → creation → selection → placement) > full pipeline: agent arrives at city → selects sublocation → gets encounter candidates → UI data shows sublocation grouping
AssertionError: expected [ { …(4) }, { …(4) }, { …(4) }, …(2) ] to have a length of 3 but got 5

- Expected
+ Received

- 3
+ 5

 ❯ src/engine/__tests__/sublocation-integration.test.ts:166:26
    164|     // 'city' maps to: market-district, temple-quarter, barracks via S…
    165|     const sublocations = ensureSublocations(graph, cityLocationId, 42);
    166|     expect(sublocations).toHaveLength(3);
       |                          ^
    167|     expect(sublocations.every(s => s.type === 'location')).toBe(true);
    168| 

⎯⎯⎯⎯⎯⎯⎯⎯⎯⎯⎯⎯⎯⎯⎯⎯⎯⎯⎯⎯⎯[39/103]⎯

 FAIL  src/engine/__tests__/tickHealth-integration.test.ts > tick health integration > 200 ticks all report healthy with empty crash log
Error: Test timed out in 5000ms.
If this is a long-running test, pass a timeout value as the last argument or configure it globally with "testTimeout".
 ❯ src/engine/__tests__/tickHealth-integration.test.ts:147:3
    145|   });
    146| 
    147|   it('200 ticks all report healthy with empty crash log', () => {
       |   ^
    148|     let state = createTestGameState();
    149| 

⎯⎯⎯⎯⎯⎯⎯⎯⎯⎯⎯⎯⎯⎯⎯⎯⎯⎯⎯⎯⎯[40/103]⎯

 FAIL  src/engine/__tests__/tickHealth-integration.test.ts > tick health integration > state cleanup: encounterNotifications are trimmed over time
AssertionError: expected { id: 'old-notif', …(11) } to be undefined

- Expected: 
undefined

+ Received: 
{
  "agentId": "a1",
  "agentName": "A",
  "autoResolveTick": null,
  "choices": [],
  "courtPosition": null,
  "createdTick": 1,
  "encounterId": "e1",
  "encounterName": "E",
  "id": "old-notif",
  "prose": "",
  "resolved": false,
  "viewed": false,
}

 ❯ src/engine/__tests__/tickHealth-integration.test.ts:200:52
    198|     // Old notification (createdTick=1) should be trimmed
    199|     const notifs = state.encounterNotifications ?? [];
    200|     expect(notifs.find(n => n.id === 'old-notif')).toBeUndefined();
       |                                                    ^
    201|   });
    202| 

⎯⎯⎯⎯⎯⎯⎯⎯⎯⎯⎯⎯⎯⎯⎯⎯⎯⎯⎯⎯⎯[41/103]⎯

 FAIL  src/engine/__tests__/tickHealth-integration.test.ts > tick health integration > state cleanup: resolved unifiedActions get completedAtTick stamped and pruned
AssertionError: expected undefined to be defined
 ❯ src/engine/__tests__/tickHealth-integration.test.ts:236:38
    234|     state = runTick(state);
    235|     const stamped = state.unifiedActions.find(a => a.actionId === 'tes…
    236|     expect(stamped?.completedAtTick).toBeDefined();
       |                                      ^
    237| 
    238|     // Run 110 more ticks — resolved action should be pruned

⎯⎯⎯⎯⎯⎯⎯⎯⎯⎯⎯⎯⎯⎯⎯⎯⎯⎯⎯⎯⎯[42/103]⎯

 FAIL  src/engine/__tests__/traceBuffer-integration.test.ts > trace buffer integration > traces contain all required base fields
AssertionError: expected undefined to be truthy

- Expected: 
true

+ Received: 
undefined

 ❯ src/engine/__tests__/traceBuffer-integration.test.ts:189:30
    187|       expect(trace.tick).toBeGreaterThanOrEqual(0);
    188|       expect(trace.timestamp).toBeGreaterThan(0);
    189|       expect(trace.category).toBeTruthy();
       |                              ^
    190|       expect(typeof trace.category).toBe('string');
    191|       expect(trace.summary).toBeTruthy();

⎯⎯⎯⎯⎯⎯⎯⎯⎯⎯⎯⎯⎯⎯⎯⎯⎯⎯⎯⎯⎯[43/103]⎯

 FAIL  src/engine/__tests__/traceBuffer-integration.test.ts > trace buffer integration > buffer does not exceed BUFFER_SIZE (500)
Error: Test timed out in 5000ms.
If this is a long-running test, pass a timeout value as the last argument or configure it globally with "testTimeout".
 ❯ src/engine/__tests__/traceBuffer-integration.test.ts:216:3
    214|   });
    215| 
    216|   it('buffer does not exceed BUFFER_SIZE (500)', () => {
       |   ^
    217|     // Run enough ticks to potentially overflow the buffer
    218|     for (let i = 0; i < 200; i++) {

⎯⎯⎯⎯⎯⎯⎯⎯⎯⎯⎯⎯⎯⎯⎯⎯⎯⎯⎯⎯⎯[44/103]⎯

 FAIL  src/engine/__tests__/traceBuffer-orchestrator.test.ts > orchestrator tick_summary trace > tick_summary has human-readable summary
TypeError: Cannot read properties of undefined (reading 'summary')
 ❯ src/engine/__tests__/traceBuffer-orchestrator.test.ts:166:18
    164|     const trace = getTraces().find(t => t.category === 'tick_summary')…
    165|     // Summary should mention tick number and event count, not just ra…
    166|     expect(trace.summary).toMatch(/tick|events|agents/i);
       |                  ^
    167|   });
    168| 

⎯⎯⎯⎯⎯⎯⎯⎯⎯⎯⎯⎯⎯⎯⎯⎯⎯⎯⎯⎯⎯[45/103]⎯

 FAIL  src/engine/__tests__/traceBuffer-orchestrator.test.ts > orchestrator tick_summary trace > tick_summary includes event counts per phase
TypeError: Cannot read properties of undefined (reading 'phaseEventCounts')
 ❯ src/engine/__tests__/traceBuffer-orchestrator.test.ts:183:18
    181| 
    182|     const trace = getTraces().find(t => t.category === 'tick_summary')…
    183|     expect(trace.phaseEventCounts).toBeDefined();
       |                  ^
    184|     expect(typeof trace.phaseEventCounts).toBe('object');
    185|   });

⎯⎯⎯⎯⎯⎯⎯⎯⎯⎯⎯⎯⎯⎯⎯⎯⎯⎯⎯⎯⎯[46/103]⎯

 FAIL  src/engine/__tests__/traceBuffer-orchestrator.test.ts > orchestrator tick_summary trace > tick_summary includes essence and mandate data
TypeError: Cannot read properties of undefined (reading 'essenceTotal')
 ❯ src/engine/__tests__/traceBuffer-orchestrator.test.ts:192:18
    190| 
    191|     const trace = getTraces().find(t => t.category === 'tick_summary')…
    192|     expect(trace.essenceTotal).toBeGreaterThanOrEqual(0);
       |                  ^
    193|     expect(trace.mandateProgress).toBeGreaterThanOrEqual(0);
    194|   });

⎯⎯⎯⎯⎯⎯⎯⎯⎯⎯⎯⎯⎯⎯⎯⎯⎯⎯⎯⎯⎯[47/103]⎯

 FAIL  src/engine/__tests__/unifiedIdleSelection.test.ts > phaseIdleSelection > creates unified actions for idle actors when roll < ACTION_ATTEMPT_CHANCE
AssertionError: expected 0 to be greater than 0
 ❯ src/engine/__tests__/unifiedIdleSelection.test.ts:155:43
    153|     // Should have created at least one unified action
    154|     // (May not create for ALL actors if selection pipeline fails for …
    155|     expect(result.unifiedActions!.length).toBeGreaterThan(0);
       |                                           ^
    156| 
    157|     // Actions should be for actors in the state

⎯⎯⎯⎯⎯⎯⎯⎯⎯⎯⎯⎯⎯⎯⎯⎯⎯⎯⎯⎯⎯[48/103]⎯

 FAIL  src/engine/__tests__/unifiedPipeline-integration.test.ts > Unified Pipeline End-to-End > idle agents pick up actions over multiple ticks
AssertionError: expected 0 to be greater than 0
 ❯ src/engine/__tests__/unifiedPipeline-integration.test.ts:161:41
    159| 
    160|     // At least one action should have been created
    161|     expect(state.unifiedActions.length).toBeGreaterThan(0);
       |                                         ^
    162| 
    163|     // All actions should have valid structure

⎯⎯⎯⎯⎯⎯⎯⎯⎯⎯⎯⎯⎯⎯⎯⎯⎯⎯⎯⎯⎯[49/103]⎯

 FAIL  src/engine/__tests__/unifiedPipeline-integration.test.ts > Unified Pipeline End-to-End > actions resolve over time
AssertionError: expected 0 to be greater than 0
 ❯ src/engine/__tests__/unifiedPipeline-integration.test.ts:185:29
    183|     // Some actions should have resolved
    184|     const resolved = state.unifiedActions.filter(a => a.resolved);
    185|     expect(resolved.length).toBeGreaterThan(0);
       |                             ^
    186| 
    187|     // Resolved actions should have outcomes

⎯⎯⎯⎯⎯⎯⎯⎯⎯⎯⎯⎯⎯⎯⎯⎯⎯⎯⎯⎯⎯[50/103]⎯

 FAIL  src/engine/__tests__/unifiedPipeline-integration.test.ts > Unified Pipeline End-to-End > state.unifiedActions accumulates actions across ticks
AssertionError: expected 0 to be greater than 1
 ❯ src/engine/__tests__/unifiedPipeline-integration.test.ts:217:24
    215| 
    216|     // Actions should accumulate (idle agents keep picking new ones)
    217|     expect(maxActions).toBeGreaterThan(1);
       |                        ^
    218|   });
    219| 

⎯⎯⎯⎯⎯⎯⎯⎯⎯⎯⎯⎯⎯⎯⎯⎯⎯⎯⎯⎯⎯[51/103]⎯

 FAIL  src/engine/__tests__/visibility-integration.test.ts > visibility integration > visibility state transitions from visible to remembered when avatar moves away
AssertionError: expected 'visible' to be 'remembered' // Object.is equality

Expected: "remembered"
Received: "visible"

 ❯ src/engine/__tests__/visibility-integration.test.ts:171:30
    169|     const gs2 = runTick(gs1);
    170|     const afterMove = gs2.visibilityMap.get(initialVisibleKey);
    171|     expect(afterMove?.state).toBe('remembered'); // Should transition …
       |                              ^
    172|     expect(afterMove?.snapshot).toBeDefined(); // Should have snapshot
    173|   });

⎯⎯⎯⎯⎯⎯⎯⎯⎯⎯⎯⎯⎯⎯⎯⎯⎯⎯⎯⎯⎯[52/103]⎯

 FAIL  src/components/HexMap/__tests__/HexTile.test.tsx > hex tile image rendering > image href points to correct terrain tile
AssertionError: expected null to be '/hex-tiles/dense-forest.png' // Object.is equality

- Expected: 
"/hex-tiles/dense-forest.png"

+ Received: 
null

 ❯ src/components/HexMap/__tests__/HexTile.test.tsx:98:41
     96|     const { container } = renderTile({ tile });
     97|     const image = container.querySelector('image');
     98|     expect(image?.getAttribute('href')).toBe('/hex-tiles/dense-forest.…
       |                                         ^
     99|   });
    100| 

⎯⎯⎯⎯⎯⎯⎯⎯⎯⎯⎯⎯⎯⎯⎯⎯⎯⎯⎯⎯⎯[53/103]⎯

 FAIL  src/components/Remembrance/__tests__/RemembranceFlow.test.tsx > RemembranceFlow > transitions from stirring to origin on double-click (focus then confirm)
TestingLibraryElementError: Unable to find an element with the text: You remember.... This could be because the text is broken up by multiple elements. In this case, you can provide a function for your text matcher to make your matcher more flexible.

Ignored nodes: comments, script, style
<body>
  <div>
    <div
      class="h-screen relative overflow-hidden"
      style="background: rgb(10, 10, 15);"
    >
      <p
        class="absolute left-0 right-0 text-center transition-all duration-700"
        style="top: 5vh; color: rgba(160, 140, 180, 0.45); font-style: italic; font-family: Georgia, \"Times New Roman\", serif; font-size: 1.5rem; letter-spacing: 0.06em; opacity: 0.35; z-index: 20; pointer-events: none;"
      >
        Click again to choose. Or reach for another.
      </p>
      <div
        class="absolute inset-0 transition-all duration-1000"
        data-testid="stirring-stirring.tangled-light"
        style="background-image: url(\"/assets/remembrance/stirring/tangled-light.jpg\"); background-size: cover; background-position: center center; opacity: 0.8; transform: scale(1); mask-image: radial-gradient(95% 90%, black 30%, transparent 90%); -webkit-mask-image: radial-gradient(95% 90%, black 30%, transparent 90%); filter: none;"
      />
      <div
        class="absolute bottom-0 left-0 right-0 flex flex-col items-center transition-all duration-700"
        style="padding: 0px 8vw 5vh; background: linear-gradient(to top, rgba(10, 10, 15, 0.95) 0%, rgba(10, 10, 15, 0.8) 30%, rgba(10, 10, 15, 0.4) 60%, transparent 100%); z-index: 10; opacity: 1;"
      >
        <span
          style="font-family: \"Palatino Linotype\", \"Book Antiqua\", Palatino, serif; font-size: 1.5rem; letter-spacing: 0.16em; text-transform: uppercase; color: rgba(255, 255, 255, 0.2); margin-bottom: 16px;"
        >
          Tangled Light
        </span>
        <p
          style="font-family: Georgia, \"Times New Roman\", serif; font-style: italic; font-size: 1.1rem; color: rgba(160, 140, 130, 0.25); letter-spacing: 0.06em;"
        >
          Click the image to choose
        </p>
      </div>
      <button
        aria-label="Previous image"
        class="absolute cursor-pointer"
        style="left: 2vw; top: 50%; transform: translateY(-50%); background: none; border: medium; padding: 2rem 1.5rem; z-index: 20; color: rgba(160, 140, 180, 0.3); font-size: 9rem; font-family: \"Palatino Linotype\", \"Book Antiqua\", Palatino, serif; line-height: 1; transition: color 0.3s ease;"
        type="button"
      >
        ‹
      </button>
      <button
        aria-label="Next image"
        class="absolute cursor-pointer"
        style="right: 2vw; top: 50%; transform: translateY(-50%); background: none; border: medium; padding: 2rem 1.5rem; z-index: 20; color: rgba(160, 140, 180, 0.3); font-size: 9rem; font-family: \"Palatino Linotype\", \"Book Antiqua\", Palatino, serif; line-height: 1; transition: color 0.3s ease;"
        type="button"
      >
        ›
      </button>
    </div>
  </div>
</body>
 ❯ Object.getElementError node_modules/@testing-library/dom/dist/config.js:37:19
 ❯ node_modules/@testing-library/dom/dist/query-helpers.js:76:38
 ❯ node_modules/@testing-library/dom/dist/query-helpers.js:52:17
 ❯ node_modules/@testing-library/dom/dist/query-helpers.js:95:19
 ❯ src/components/Remembrance/__tests__/RemembranceFlow.test.tsx:54:19
     52|     });
     53| 
     54|     expect(screen.getByText('You remember...')).toBeInTheDocument();
       |                   ^
     55|   });
     56| 

⎯⎯⎯⎯⎯⎯⎯⎯⎯⎯⎯⎯⎯⎯⎯⎯⎯⎯⎯⎯⎯[54/103]⎯

 FAIL  src/components/Remembrance/__tests__/RemembranceFlow.test.tsx > RemembranceFlow > shows origin fragments after stirring selection
TestingLibraryElementError: Unable to find an element by: [data-testid="/^origin-origin\./"]

Ignored nodes: comments, script, style
<body>
  <div>
    <div
      class="h-screen relative overflow-hidden"
      style="background: rgb(10, 10, 15);"
    >
      <p
        class="absolute left-0 right-0 text-center transition-all duration-700"
        style="top: 5vh; color: rgba(160, 140, 180, 0.45); font-style: italic; font-family: Georgia, \"Times New Roman\", serif; font-size: 1.5rem; letter-spacing: 0.06em; opacity: 0.35; z-index: 20; pointer-events: none;"
      >
        Click again to choose. Or reach for another.
      </p>
      <div
        class="absolute inset-0 transition-all duration-1000"
        data-testid="stirring-stirring.tangled-light"
        style="background-image: url(\"/assets/remembrance/stirring/tangled-light.jpg\"); background-size: cover; background-position: center center; opacity: 0.8; transform: scale(1); mask-image: radial-gradient(95% 90%, black 30%, transparent 90%); -webkit-mask-image: radial-gradient(95% 90%, black 30%, transparent 90%); filter: none;"
      />
      <div
        class="absolute bottom-0 left-0 right-0 flex flex-col items-center transition-all duration-700"
        style="padding: 0px 8vw 5vh; background: linear-gradient(to top, rgba(10, 10, 15, 0.95) 0%, rgba(10, 10, 15, 0.8) 30%, rgba(10, 10, 15, 0.4) 60%, transparent 100%); z-index: 10; opacity: 1;"
      >
        <span
          style="font-family: \"Palatino Linotype\", \"Book Antiqua\", Palatino, serif; font-size: 1.5rem; letter-spacing: 0.16em; text-transform: uppercase; color: rgba(255, 255, 255, 0.2); margin-bottom: 16px;"
        >
          Tangled Light
        </span>
        <p
          style="font-family: Georgia, \"Times New Roman\", serif; font-style: italic; font-size: 1.1rem; color: rgba(160, 140, 130, 0.25); letter-spacing: 0.06em;"
        >
          Click the image to choose
        </p>
      </div>
      <button
        aria-label="Previous image"
        class="absolute cursor-pointer"
        style="left: 2vw; top: 50%; transform: translateY(-50%); background: none; border: medium; padding: 2rem 1.5rem; z-index: 20; color: rgba(160, 140, 180, 0.3); font-size: 9rem; font-family: \"Palatino Linotype\", \"Book Antiqua\", Palatino, serif; line-height: 1; transition: color 0.3s ease;"
        type="button"
      >
        ‹
      </button>
      <button
        aria-label="Next image"
        class="absolute cursor-pointer"
        style="right: 2vw; top: 50%; transform: translateY(-50%); background: none; border: medium; padding: 2rem 1.5rem; z-index: 20; color: rgba(160, 140, 180, 0.3); font-size: 9rem; font-family: \"Palatino Linotype\", \"Book Antiqua\", Palatino, serif; line-height: 1; transition: color 0.3s ease;"
        type="button"
      >
        ›
      </button>
    </div>
  </div>
</body>
 ❯ Object.getElementError node_modules/@testing-library/dom/dist/config.js:37:19
 ❯ node_modules/@testing-library/dom/dist/query-helpers.js:76:38
 ❯ node_modules/@testing-library/dom/dist/query-helpers.js:109:15
 ❯ src/components/Remembrance/__tests__/RemembranceFlow.test.tsx:75:30
     73|     });
     74| 
     75|     const fragments = screen.getAllByTestId(/^origin-origin\./);
       |                              ^
     76|     expect(fragments.length).toBeGreaterThanOrEqual(1);
     77|     expect(fragments.length).toBeLessThanOrEqual(3);

⎯⎯⎯⎯⎯⎯⎯⎯⎯⎯⎯⎯⎯⎯⎯⎯⎯⎯⎯⎯⎯[55/103]⎯

 FAIL  src/components/Game/__tests__/AgentInfoCard.test.tsx > AgentInfoCard > shows all 9 domains at intimate level
 FAIL  src/components/Game/__tests__/AgentInfoCard.test.tsx > AgentInfoCard > shows cooperation strategy at intimate level
 FAIL  src/components/Game/__tests__/AgentInfoCard.test.tsx > AgentInfoCard > shows reputation word at intimate level
 FAIL  src/components/Game/__tests__/AgentInfoCard.test.tsx > AgentInfoCard > shows all traits at intimate level
 FAIL  src/components/Game/__tests__/AgentInfoCard.test.tsx > AgentInfoCard > shows backstory paragraph at intimate level
 FAIL  src/components/Game/__tests__/AgentInfoCard.test.tsx > AgentInfoCard > shows all bonds at intimate level
 FAIL  src/components/Game/__tests__/AgentInfoCard.test.tsx > AgentInfoCard > shows correct knowledge level label for different levels
 FAIL  src/components/Game/__tests__/AgentInfoCard.test.tsx > AgentInfoCard > shows multiple values formatted correctly
TypeError: Cannot read properties of undefined (reading 'slice')
 ❯ tintDark src/components/icons/ReachIcon.tsx:10:26
      8| /** Returns a darkened background color at ~15% brightness of the sour…
      9| function tintDark(hex: string): string {
     10|   const n = parseInt(hex.slice(1), 16);
       |                          ^
     11|   const r = ((n >> 16) & 0xff) * 0.15;
     12|   const g = ((n >> 8) & 0xff) * 0.15;
 ❯ generateReachIconSvg src/components/icons/ReachIcon.tsx:22:14
 ❯ src/components/icons/ReachIcon.tsx:51:35
 ❯ mountMemo node_modules/react-dom/cjs/react-dom-client.development.js:8777:23
 ❯ Object.useMemo node_modules/react-dom/cjs/react-dom-client.development.js:26216:18
 ❯ process.env.NODE_ENV.exports.useMemo node_modules/react/cjs/react.development.js:1251:34
 ❯ ReachIcon2 src/components/icons/ReachIcon.tsx:51:21
 ❯ Object.react_stack_bottom_frame node_modules/react-dom/cjs/react-dom-client.development.js:25904:20
 ❯ renderWithHooks node_modules/react-dom/cjs/react-dom-client.development.js:7662:22
 ❯ updateFunctionComponent node_modules/react-dom/cjs/react-dom-client.development.js:10166:19

⎯⎯⎯⎯⎯⎯⎯⎯⎯⎯⎯⎯⎯⎯⎯⎯⎯⎯⎯⎯⎯[56/103]⎯

 FAIL  src/components/Game/__tests__/AgentProfileModal.test.tsx > AgentProfileModal > clicking Prowess tab shows prowess section with domain descriptors at known level
TestingLibraryElementError: Unable to find an element with the text: /Fearsome/. This could be because the text is broken up by multiple elements. In this case, you can provide a function for your text matcher to make your matcher more flexible.

Ignored nodes: comments, script, style
<body>
  <div />
  <div
    aria-modal="true"
    class=""
    role="dialog"
    style="position: fixed; inset: 0px; background-color: rgba(0, 0, 0, 0.6); z-index: 60; display: flex; align-items: flex-start; justify-content: center; padding-top: 5vh;"
  >
    <div
      style="background: linear-gradient(180deg, var(--bg-deep), var(--bg-abyss)); border: 1px solid var(--border-gold); border-radius: 12px; box-shadow: 0 8px 32px rgba(0, 0, 0, 0.6), 0 0 1px var(--border-gold-strong); max-width: 960px; width: 90%; max-height: 75vh; display: flex; flex-direction: column;"
    >
      <div
        class="border-b p-6 pb-4 relative"
        style="border-color: var(--border-subtle);"
      >
        <div
          class="absolute top-4 right-4"
        >
          <button
            aria-label="Close profile for Kael the Scorned"
            style="position: relative; display: inline-flex; align-items: center; justify-content: center; width: 28px; height: 28px; padding: 0px; font-size: 14px; border-radius: 50%; cursor: pointer; opacity: 1; transition: background-color var(--anim-fast) ease, border-color var(--anim-fast) ease, color var(--anim-fast) ease; background-color: rgba(10, 10, 14, 0.6); border: medium; color: var(--text-tertiary);"
          >
            <span
              style="display: flex; align-items: center; justify-content: center;"
            >
              <span>
                ✕
              </span>
            </span>
          </button>
        </div>
        <div
          class="flex gap-4 mb-3"
        >
          <div
            class="rounded overflow-hidden flex-shrink-0"
            data-testid="portrait-silhouette"
            style="width: 120px; min-width: 120px; height: 160px; background: linear-gradient(135deg, rgba(120, 53, 15, 0.4) 0%, rgba(30, 27, 46, 0.8) 100%);"
          />
          <div
            class="flex-1"
          >
            <div
              class="flex items-baseline gap-2 mb-1"
            >
              <h1
                class="text-2xl font-bold"
                style="color: var(--text-primary); font-family: var(--font-display);"
              >
                Kael the Scorned
              </h1>
            </div>
            <span
              style="display: inline-block; cursor: inherit;"
            >
              <div
                class="inline-block px-2 py-0.5 rounded text-xs mb-2 underline decoration-dotted cursor-help"
                style="background-color: var(--border-subtle); color: var(--accent-gold);"
              >
                known
              </div>
            </span>
            <div
              class="space-y-1"
            >
              <p
                class="text-sm"
                style="color: var(--text-secondary);"
              >
                Is at 
                Ashvale
              </p>
            </div>
          </div>
        </div>
        <div
          class="flex gap-2 items-center pt-2"
        >
          <span
            class="text-xs"
            style="color: var(--accent-gold);"
          >
            Attuned to
          </span>
          <div
            class="w-2 h-2 rounded-full"
            style="background-color: rgb(212, 165, 116);"
          />
          <span
            style="display: inline-block; cursor: inherit;"
          >
            <span
              class="text-xs capitalize underline decoration-dotted cursor-help"
              style="color: var(--text-secondary);"
            >
              iron
            </span>
          </span>
        </div>
      </div>
      <div
        class="flex-1 overflow-y-auto p-6"
      >
        <div
          class="flex gap-1 border-b border-stone-700 mb-3"
        >
          <button
            aria-selected="false"
            class="px-3 py-2 text-sm font-medium transition-colors text-stone-400 hover:text-stone-200"
            role="tab"
          >
            Overview
          </button>
          <button
            aria-selected="true"
            class="px-3 py-2 text-sm font-medium transition-colors border-b-2 border-amber-500 text-amber-200"
            role="tab"
          >
            Prowess
          </button>
          <button
            aria-selected="false"
            class="px-3 py-2 text-sm font-medium transition-colors text-stone-400 hover:text-stone-200"
            role="tab"
          >
            Attachments
          </button>
          <button
            aria-selected="false"
            class="px-3 py-2 text-sm font-medium transition-colors text-stone-400 hover:text-stone-200"
            role="tab"
          >
            Bonds
          </button>
          <button
            aria-selected="false"
            class="px-3 py-2 text-sm font-medium transition-colors text-stone-400 hover:text-stone-200"
            role="tab"
          >
            Journey
          </button>
          <button
            aria-selected="false"
            class="px-3 py-2 text-sm font-medium transition-colors text-stone-400 hover:text-stone-200"
           ...
 ❯ Object.getElementError node_modules/@testing-library/dom/dist/config.js:37:19
 ❯ node_modules/@testing-library/dom/dist/query-helpers.js:76:38
 ❯ node_modules/@testing-library/dom/dist/query-helpers.js:52:17
 ❯ node_modules/@testing-library/dom/dist/query-helpers.js:95:19
 ❯ src/components/Game/__tests__/AgentProfileModal.test.tsx:196:19
    194|     render(<AgentProfileModal card={knownCard} profile={undefined} onC…
    195|     clickTab('Prowess');
    196|     expect(screen.getByText(/Fearsome/)).toBeTruthy();
       |                   ^
    197|     expect(screen.getByText(/Shrewd/)).toBeTruthy();
    198|   });

⎯⎯⎯⎯⎯⎯⎯⎯⎯⎯⎯⎯⎯⎯⎯⎯⎯⎯⎯⎯⎯[57/103]⎯

 FAIL  src/components/Game/__tests__/AgentProfileModal.test.tsx > AgentProfileModal > renders possessions section in Prowess tab at intimate level
TestingLibraryElementError: Unable to find an element by: [data-testid="modal-possessions"]

Ignored nodes: comments, script, style
<body>
  <div />
  <div
    aria-modal="true"
    class=""
    role="dialog"
    style="position: fixed; inset: 0px; background-color: rgba(0, 0, 0, 0.6); z-index: 60; display: flex; align-items: flex-start; justify-content: center; padding-top: 5vh;"
  >
    <div
      style="background: linear-gradient(180deg, var(--bg-deep), var(--bg-abyss)); border: 1px solid var(--border-gold); border-radius: 12px; box-shadow: 0 8px 32px rgba(0, 0, 0, 0.6), 0 0 1px var(--border-gold-strong); max-width: 960px; width: 90%; max-height: 75vh; display: flex; flex-direction: column;"
    >
      <div
        class="border-b p-6 pb-4 relative"
        style="border-color: var(--border-subtle);"
      >
        <div
          class="absolute top-4 right-4"
        >
          <button
            aria-label="Close profile for Kael the Scorned"
            style="position: relative; display: inline-flex; align-items: center; justify-content: center; width: 28px; height: 28px; padding: 0px; font-size: 14px; border-radius: 50%; cursor: pointer; opacity: 1; transition: background-color var(--anim-fast) ease, border-color var(--anim-fast) ease, color var(--anim-fast) ease; background-color: rgba(10, 10, 14, 0.6); border: medium; color: var(--text-tertiary);"
          >
            <span
              style="display: flex; align-items: center; justify-content: center;"
            >
              <span>
                ✕
              </span>
            </span>
          </button>
        </div>
        <div
          class="flex gap-4 mb-3"
        >
          <div
            class="rounded overflow-hidden flex-shrink-0"
            data-testid="portrait-silhouette"
            style="width: 120px; min-width: 120px; height: 160px; background: linear-gradient(135deg, rgba(120, 53, 15, 0.4) 0%, rgba(30, 27, 46, 0.8) 100%);"
          />
          <div
            class="flex-1"
          >
            <div
              class="flex items-baseline gap-2 mb-1"
            >
              <h1
                class="text-2xl font-bold"
                style="color: var(--text-primary); font-family: var(--font-display);"
              >
                Kael the Scorned
              </h1>
            </div>
            <span
              style="display: inline-block; cursor: inherit;"
            >
              <div
                class="inline-block px-2 py-0.5 rounded text-xs mb-2 underline decoration-dotted cursor-help"
                style="background-color: var(--border-subtle); color: var(--accent-gold);"
              >
                intimate
              </div>
            </span>
            <div
              class="space-y-1"
            >
              <p
                class="text-sm"
                style="color: var(--text-secondary);"
              >
                Is at 
                Ashvale
              </p>
            </div>
          </div>
        </div>
        <div
          class="flex gap-2 items-center pt-2"
        >
          <span
            class="text-xs"
            style="color: var(--accent-gold);"
          >
            Attuned to
          </span>
          <div
            class="w-2 h-2 rounded-full"
            style="background-color: rgb(212, 165, 116);"
          />
          <span
            style="display: inline-block; cursor: inherit;"
          >
            <span
              class="text-xs capitalize underline decoration-dotted cursor-help"
              style="color: var(--text-secondary);"
            >
              iron
            </span>
          </span>
        </div>
      </div>
      <div
        class="flex-1 overflow-y-auto p-6"
      >
        <div
          class="flex gap-1 border-b border-stone-700 mb-3"
        >
          <button
            aria-selected="false"
            class="px-3 py-2 text-sm font-medium transition-colors text-stone-400 hover:text-stone-200"
            role="tab"
          >
            Overview
          </button>
          <button
            aria-selected="true"
            class="px-3 py-2 text-sm font-medium transition-colors border-b-2 border-amber-500 text-amber-200"
            role="tab"
          >
            Prowess
          </button>
          <button
            aria-selected="false"
            class="px-3 py-2 text-sm font-medium transition-colors text-stone-400 hover:text-stone-200"
            role="tab"
          >
            Attachments
          </button>
          <button
            aria-selected="false"
            class="px-3 py-2 text-sm font-medium transition-colors text-stone-400 hover:text-stone-200"
            role="tab"
          >
            Bonds
          </button>
          <button
            aria-selected="false"
            class="px-3 py-2 text-sm font-medium transition-colors text-stone-400 hover:text-stone-200"
            role="tab"
          >
            Journey
          </button>
          <button
            aria-selected="false"
            class="px-3 py-2 text-sm font-medium transition-colors text-stone-400 hover:text-stone-200"
        ...
 ❯ Object.getElementError node_modules/@testing-library/dom/dist/config.js:37:19
 ❯ node_modules/@testing-library/dom/dist/query-helpers.js:76:38
 ❯ node_modules/@testing-library/dom/dist/query-helpers.js:52:17
 ❯ node_modules/@testing-library/dom/dist/query-helpers.js:95:19
 ❯ src/components/Game/__tests__/AgentProfileModal.test.tsx:293:19
    291|     render(<AgentProfileModal card={cardWithPossessions} profile={inti…
    292|     clickTab('Prowess');
    293|     expect(screen.getByTestId('modal-possessions')).toBeTruthy();
       |                   ^
    294|     expect(screen.getByText(/Ashenmane's Fang/)).toBeTruthy();
    295|     expect(screen.getByText('Won in a border raid.')).toBeTruthy();

⎯⎯⎯⎯⎯⎯⎯⎯⎯⎯⎯⎯⎯⎯⎯⎯⎯⎯⎯⎯⎯[58/103]⎯

 FAIL  src/components/Game/__tests__/AgentProfileModal.test.tsx > AgentProfileModal > opens attachment detail overlay when vignette is clicked in Prowess tab
TestingLibraryElementError: Unable to find an element by: [data-testid="modal-possessions"]

Ignored nodes: comments, script, style
<body>
  <div />
  <div
    aria-modal="true"
    class=""
    role="dialog"
    style="position: fixed; inset: 0px; background-color: rgba(0, 0, 0, 0.6); z-index: 60; display: flex; align-items: flex-start; justify-content: center; padding-top: 5vh;"
  >
    <div
      style="background: linear-gradient(180deg, var(--bg-deep), var(--bg-abyss)); border: 1px solid var(--border-gold); border-radius: 12px; box-shadow: 0 8px 32px rgba(0, 0, 0, 0.6), 0 0 1px var(--border-gold-strong); max-width: 960px; width: 90%; max-height: 75vh; display: flex; flex-direction: column;"
    >
      <div
        class="border-b p-6 pb-4 relative"
        style="border-color: var(--border-subtle);"
      >
        <div
          class="absolute top-4 right-4"
        >
          <button
            aria-label="Close profile for Kael the Scorned"
            style="position: relative; display: inline-flex; align-items: center; justify-content: center; width: 28px; height: 28px; padding: 0px; font-size: 14px; border-radius: 50%; cursor: pointer; opacity: 1; transition: background-color var(--anim-fast) ease, border-color var(--anim-fast) ease, color var(--anim-fast) ease; background-color: rgba(10, 10, 14, 0.6); border: medium; color: var(--text-tertiary);"
          >
            <span
              style="display: flex; align-items: center; justify-content: center;"
            >
              <span>
                ✕
              </span>
            </span>
          </button>
        </div>
        <div
          class="flex gap-4 mb-3"
        >
          <div
            class="rounded overflow-hidden flex-shrink-0"
            data-testid="portrait-silhouette"
            style="width: 120px; min-width: 120px; height: 160px; background: linear-gradient(135deg, rgba(120, 53, 15, 0.4) 0%, rgba(30, 27, 46, 0.8) 100%);"
          />
          <div
            class="flex-1"
          >
            <div
              class="flex items-baseline gap-2 mb-1"
            >
              <h1
                class="text-2xl font-bold"
                style="color: var(--text-primary); font-family: var(--font-display);"
              >
                Kael the Scorned
              </h1>
            </div>
            <span
              style="display: inline-block; cursor: inherit;"
            >
              <div
                class="inline-block px-2 py-0.5 rounded text-xs mb-2 underline decoration-dotted cursor-help"
                style="background-color: var(--border-subtle); color: var(--accent-gold);"
              >
                intimate
              </div>
            </span>
            <div
              class="space-y-1"
            >
              <p
                class="text-sm"
                style="color: var(--text-secondary);"
              >
                Is at 
                Ashvale
              </p>
            </div>
          </div>
        </div>
        <div
          class="flex gap-2 items-center pt-2"
        >
          <span
            class="text-xs"
            style="color: var(--accent-gold);"
          >
            Attuned to
          </span>
          <div
            class="w-2 h-2 rounded-full"
            style="background-color: rgb(212, 165, 116);"
          />
          <span
            style="display: inline-block; cursor: inherit;"
          >
            <span
              class="text-xs capitalize underline decoration-dotted cursor-help"
              style="color: var(--text-secondary);"
            >
              iron
            </span>
          </span>
        </div>
      </div>
      <div
        class="flex-1 overflow-y-auto p-6"
      >
        <div
          class="flex gap-1 border-b border-stone-700 mb-3"
        >
          <button
            aria-selected="false"
            class="px-3 py-2 text-sm font-medium transition-colors text-stone-400 hover:text-stone-200"
            role="tab"
          >
            Overview
          </button>
          <button
            aria-selected="true"
            class="px-3 py-2 text-sm font-medium transition-colors border-b-2 border-amber-500 text-amber-200"
            role="tab"
          >
            Prowess
          </button>
          <button
            aria-selected="false"
            class="px-3 py-2 text-sm font-medium transition-colors text-stone-400 hover:text-stone-200"
            role="tab"
          >
            Attachments
          </button>
          <button
            aria-selected="false"
            class="px-3 py-2 text-sm font-medium transition-colors text-stone-400 hover:text-stone-200"
            role="tab"
          >
            Bonds
          </button>
          <button
            aria-selected="false"
            class="px-3 py-2 text-sm font-medium transition-colors text-stone-400 hover:text-stone-200"
            role="tab"
          >
            Journey
          </button>
          <button
            aria-selected="false"
            class="px-3 py-2 text-sm font-medium transition-colors text-stone-400 hover:text-stone-200"
        ...
 ❯ Object.getElementError node_modules/@testing-library/dom/dist/config.js:37:19
 ❯ node_modules/@testing-library/dom/dist/query-helpers.js:76:38
 ❯ node_modules/@testing-library/dom/dist/query-helpers.js:52:17
 ❯ node_modules/@testing-library/dom/dist/query-helpers.js:95:19
 ❯ src/components/Game/__tests__/AgentProfileModal.test.tsx:352:39
    350|     render(<AgentProfileModal card={cardWithPossessions} profile={inti…
    351|     clickTab('Prowess');
    352|     const possessionsSection = screen.getByTestId('modal-possessions');
       |                                       ^
    353|     const vignette = possessionsSection.querySelector('[role="button"]…
    354|     expect(vignette).toBeTruthy();

⎯⎯⎯⎯⎯⎯⎯⎯⎯⎯⎯⎯⎯⎯⎯⎯⎯⎯⎯⎯⎯[59/103]⎯

 FAIL  src/components/Game/__tests__/GameView-interaction.test.tsx > GameView > renders the ascendant info
TestingLibraryElementError: Unable to find an element with the text: The Just One. This could be because the text is broken up by multiple elements. In this case, you can provide a function for your text matcher to make your matcher more flexible.

Ignored nodes: comments, script, style
<body>
  <div>
    <div
      class="h-screen flex flex-col overflow-hidden relative grain"
      style="background-color: var(--bg-abyss);"
    >
      <div
        class="w-full flex items-center relative z-30 flex-shrink-0"
        style="background: linear-gradient(180deg, rgba(17, 17, 20, 0.98), rgba(10, 10, 14, 0.95)); border-bottom: 1px solid rgba(var(--accent-gold-rgb, 212,175,55), 0.3); min-height: var(--topbar-height); padding-top: 4px; padding-bottom: 4px; padding-left: var(--topbar-padding-x); padding-right: var(--topbar-padding-x); gap: var(--topbar-gap);"
      >
        <div
          class="flex items-center flex-1 min-w-0"
          style="gap: var(--topbar-gap);"
        >
          <span
            style="display: inline-block; cursor: inherit;"
          >
            <button
              class="flex items-center gap-2 pr-2 rounded transition-colors hover:bg-[var(--bg-raised)]"
              style="background: transparent; border: medium; cursor: pointer; padding: 0.25rem 0.5rem 0.25rem 0px;"
            >
              <div
                style="width: 3px; align-self: stretch; background-color: rgb(255, 107, 107); border-radius: 0.125rem; box-shadow: 0 0 8px #ff6b6b60; flex-shrink: 0;"
              />
              <div
                class="text-left"
              >
                <div
                  class="flex items-center gap-1.5"
                >
                  <div
                    class="flex-shrink-0 flex items-center justify-center"
                    style="width: 28px; height: 28px;"
                  >
                    <span
                      aria-label="force"
                    >
                      <span
                        style="display: inline-block;"
                      >
                        <svg
                          height="20"
                          viewBox="0 0 20 20"
                          width="20"
                          xmlns="http://www.w3.org/2000/svg"
                        >
                          <circle
                            cx="10"
                            cy="10"
                            fill="#261010"
                            r="9"
                            stroke="#ff6b6b"
                            stroke-width="1.5"
                          />
                          <line
                            stroke="#ff6b6b"
                            stroke-linecap="round"
                            stroke-width="2"
                            x1="6.085"
                            x2="13.915"
                            y1="10"
                            y2="10"
                          />
                          <line
                            stroke="#ff6b6b"
                            stroke-linecap="round"
                            stroke-width="2"
                            x1="10"
                            x2="10"
                            y1="6.085"
                            y2="13.915"
                          />
                          <line
                            stroke="#ff6b6b"
                            stroke-linecap="round"
                            stroke-width="2"
                            x1="7.2595"
                            x2="12.7405"
                            y1="7.2595"
                            y2="12.7405"
                          />
                        </svg>
                      </span>
                    </span>
                  </div>
                  <span
                    class="topbar-compact-hide"
                    style="font-family: var(--font-display); font-size: var(--text-base); font-weight: 700; color: var(--text-primary); letter-spacing: 0.04em;"
                  >
                    The Divine Witness
                  </span>
                </div>
              </div>
            </button>
          </span>
          <div
            class="w-px self-stretch"
            style="background: var(--border-subtle);"
          />
          <span
            style="display: inline-block; cursor: inherit;"
          >
            <button
              aria-label="Play simulation"
              style="position: relative; display: inline-flex; align-items: center; justify-content: center; width: 28px; height: 28px; padding: 0px; font-size: 14px; border-radius: 4px; cursor: pointer; opacity: 1; transition: background-color var(--anim-fast) ease, border-color var(--anim-fast) ease, color var(--anim-fast) ease; background-color: transparent; border: 1px solid var(--border-subtle); color: var(--text-muted);"
            >
              <span
                style="display: flex; align-items: center; justify-content: center;"
              >
                <span>
                  ⏵
                </span>
              </span>
            </button>
          </span>
          <div
            class="w-px self-stretch"
            style="background: var(--border-subtle);"
          />
          <div
            class="flex items-center flex-wrap gap-1.5 min-w-0"
          >
            <span
              style="display: inline-block; cursor: inherit;"
            [...
 ❯ Object.getElementError node_modules/@testing-library/dom/dist/config.js:37:19
 ❯ node_modules/@testing-library/dom/dist/query-helpers.js:76:38
 ❯ node_modules/@testing-library/dom/dist/query-helpers.js:52:17
 ❯ node_modules/@testing-library/dom/dist/query-helpers.js:95:19
 ❯ src/components/Game/__tests__/GameView-interaction.test.tsx:114:19
    112|       />
    113|     );
    114|     expect(screen.getByText('The Just One')).toBeInTheDocument();
       |                   ^
    115|     expect(screen.getByText(/The Divine Witness/)).toBeInTheDocument();
    116|   });

⎯⎯⎯⎯⎯⎯⎯⎯⎯⎯⎯⎯⎯⎯⎯⎯⎯⎯⎯⎯⎯[60/103]⎯

 FAIL  src/components/Game/__tests__/GameView-interaction.test.tsx > GameView > renders simulation controls with tick info
TestingLibraryElementError: Found multiple elements with the text: /Time|Tick|spring|summer|autumn|winter/i

Here are the matching elements:

Ignored nodes: comments, script, style
<span
  class="capitalize font-semibold"
  style="font-size: var(--text-xs); color: var(--text-primary);"
>
  spring
</span>

Ignored nodes: comments, script, style
<span
  class="font-mono"
  style="font-size: var(--text-xs); color: var(--text-tertiary);"
>
  Tick
</span>

(If this is intentional, then use the `*AllBy*` variant of the query (like `queryAllByText`, `getAllByText`, or `findAllByText`)).

Ignored nodes: comments, script, style
<body>
  <div>
    <div
      class="h-screen flex flex-col overflow-hidden relative grain"
      style="background-color: var(--bg-abyss);"
    >
      <div
        class="w-full flex items-center relative z-30 flex-shrink-0"
        style="background: linear-gradient(180deg, rgba(17, 17, 20, 0.98), rgba(10, 10, 14, 0.95)); border-bottom: 1px solid rgba(var(--accent-gold-rgb, 212,175,55), 0.3); min-height: var(--topbar-height); padding-top: 4px; padding-bottom: 4px; padding-left: var(--topbar-padding-x); padding-right: var(--topbar-padding-x); gap: var(--topbar-gap);"
      >
        <div
          class="flex items-center flex-1 min-w-0"
          style="gap: var(--topbar-gap);"
        >
          <span
            style="display: inline-block; cursor: inherit;"
          >
            <button
              class="flex items-center gap-2 pr-2 rounded transition-colors hover:bg-[var(--bg-raised)]"
              style="background: transparent; border: medium; cursor: pointer; padding: 0.25rem 0.5rem 0.25rem 0px;"
            >
              <div
                style="width: 3px; align-self: stretch; background-color: rgb(255, 107, 107); border-radius: 0.125rem; box-shadow: 0 0 8px #ff6b6b60; flex-shrink: 0;"
              />
              <div
                class="text-left"
              >
                <div
                  class="flex items-center gap-1.5"
                >
                  <div
                    class="flex-shrink-0 flex items-center justify-center"
                    style="width: 28px; height: 28px;"
                  >
                    <span
                      aria-label="force"
                    >
                      <span
                        style="display: inline-block;"
                      >
                        <svg
                          height="20"
                          viewBox="0 0 20 20"
                          width="20"
                          xmlns="http://www.w3.org/2000/svg"
                        >
                          <circle
                            cx="10"
                            cy="10"
                            fill="#261010"
                            r="9"
                            stroke="#ff6b6b"
                            stroke-width="1.5"
                          />
                          <line
                            stroke="#ff6b6b"
                            stroke-linecap="round"
                            stroke-width="2"
                            x1="6.085"
                            x2="13.915"
                            y1="10"
                            y2="10"
                          />
                          <line
                            stroke="#ff6b6b"
                            stroke-linecap="round"
                            stroke-width="2"
                            x1="10"
                            x2="10"
                            y1="6.085"
                            y2="13.915"
                          />
                          <line
                            stroke="#ff6b6b"
                            stroke-linecap="round"
                            stroke-width="2"
                            x1="7.2595"
                            x2="12.7405"
                            y1="7.2595"
                            y2="12.7405"
                          />
                        </svg>
                      </span>
                    </span>
                  </div>
                  <span
                    class="topbar-compact-hide"
                    style="font-family: var(--font-display); font-size: var(--text-base); font-weight: 700; color: var(--text-primary); letter-spacing: 0.04em;"
                  >
                    The Divine Witness
                  </span>
                </div>
              </div>
            </button>
          </span>
          <div
            class="w-px self-stretch"
            style="background: var(--border-subtle);"
          />
          <span
            style="display: inline-block; cursor: inherit;"
          >
            <button
              aria-label="Play simulation"
              style="position: relative; display: inline-flex; align-items: center; justify-content: center; width: 28px; height: 28px; padding: 0px; font-size: 14px; border-radius: 4px; cursor: pointer; opacity: 1; transition: background-color var(--anim-fast) ease, border-color var(--anim-fast) ease, color var(--anim-fast) ease; background-color: transparent; border: 1px solid var(--border-subtle); color: var(--text-muted);"
            >
              <span
                style="display: flex; align-items: center; justify-content: center;"
              >
                <span>
                  ⏵
                </span>
              </span>
            </button>
          </span>
          <div
            class="w-px self-stretch"
            style="background: var(--border-subtle);"
          />
          <div
            class="flex items-center flex-wrap gap-1.5 min-w-0"
          >
            <span
              style="display: inline-block; cursor: inherit;"
            [...
 ❯ Object.getElementError node_modules/@testing-library/dom/dist/config.js:37:19
 ❯ getElementError node_modules/@testing-library/dom/dist/query-helpers.js:20:35
 ❯ getMultipleElementsFoundError node_modules/@testing-library/dom/dist/query-helpers.js:23:10
 ❯ node_modules/@testing-library/dom/dist/query-helpers.js:55:13
 ❯ node_modules/@testing-library/dom/dist/query-helpers.js:95:19
 ❯ src/components/Game/__tests__/GameView-interaction.test.tsx:131:34
    129|                        screen.queryByText(/Tick:/) ||
    130|                        screen.queryByText(/Spring|Summer|Autumn|Winter…
    131|     expect(timeControl || screen.getByText(/Time|Tick|spring|summer|au…
       |                                  ^
    132|   });
    133| 

⎯⎯⎯⎯⎯⎯⎯⎯⎯⎯⎯⎯⎯⎯⎯⎯⎯⎯⎯⎯⎯[61/103]⎯

 FAIL  src/components/Game/__tests__/GameView-interaction.test.tsx > GameView > renders doom bar at top
TestingLibraryElementError: Unable to find an element with the text: ◈. This could be because the text is broken up by multiple elements. In this case, you can provide a function for your text matcher to make your matcher more flexible.

Ignored nodes: comments, script, style
<body>
  <div>
    <div
      class="h-screen flex flex-col overflow-hidden relative grain"
      style="background-color: var(--bg-abyss);"
    >
      <div
        class="w-full flex items-center relative z-30 flex-shrink-0"
        style="background: linear-gradient(180deg, rgba(17, 17, 20, 0.98), rgba(10, 10, 14, 0.95)); border-bottom: 1px solid rgba(var(--accent-gold-rgb, 212,175,55), 0.3); min-height: var(--topbar-height); padding-top: 4px; padding-bottom: 4px; padding-left: var(--topbar-padding-x); padding-right: var(--topbar-padding-x); gap: var(--topbar-gap);"
      >
        <div
          class="flex items-center flex-1 min-w-0"
          style="gap: var(--topbar-gap);"
        >
          <span
            style="display: inline-block; cursor: inherit;"
          >
            <button
              class="flex items-center gap-2 pr-2 rounded transition-colors hover:bg-[var(--bg-raised)]"
              style="background: transparent; border: medium; cursor: pointer; padding: 0.25rem 0.5rem 0.25rem 0px;"
            >
              <div
                style="width: 3px; align-self: stretch; background-color: rgb(255, 107, 107); border-radius: 0.125rem; box-shadow: 0 0 8px #ff6b6b60; flex-shrink: 0;"
              />
              <div
                class="text-left"
              >
                <div
                  class="flex items-center gap-1.5"
                >
                  <div
                    class="flex-shrink-0 flex items-center justify-center"
                    style="width: 28px; height: 28px;"
                  >
                    <span
                      aria-label="force"
                    >
                      <span
                        style="display: inline-block;"
                      >
                        <svg
                          height="20"
                          viewBox="0 0 20 20"
                          width="20"
                          xmlns="http://www.w3.org/2000/svg"
                        >
                          <circle
                            cx="10"
                            cy="10"
                            fill="#261010"
                            r="9"
                            stroke="#ff6b6b"
                            stroke-width="1.5"
                          />
                          <line
                            stroke="#ff6b6b"
                            stroke-linecap="round"
                            stroke-width="2"
                            x1="6.085"
                            x2="13.915"
                            y1="10"
                            y2="10"
                          />
                          <line
                            stroke="#ff6b6b"
                            stroke-linecap="round"
                            stroke-width="2"
                            x1="10"
                            x2="10"
                            y1="6.085"
                            y2="13.915"
                          />
                          <line
                            stroke="#ff6b6b"
                            stroke-linecap="round"
                            stroke-width="2"
                            x1="7.2595"
                            x2="12.7405"
                            y1="7.2595"
                            y2="12.7405"
                          />
                        </svg>
                      </span>
                    </span>
                  </div>
                  <span
                    class="topbar-compact-hide"
                    style="font-family: var(--font-display); font-size: var(--text-base); font-weight: 700; color: var(--text-primary); letter-spacing: 0.04em;"
                  >
                    The Divine Witness
                  </span>
                </div>
              </div>
            </button>
          </span>
          <div
            class="w-px self-stretch"
            style="background: var(--border-subtle);"
          />
          <span
            style="display: inline-block; cursor: inherit;"
          >
            <button
              aria-label="Play simulation"
              style="position: relative; display: inline-flex; align-items: center; justify-content: center; width: 28px; height: 28px; padding: 0px; font-size: 14px; border-radius: 4px; cursor: pointer; opacity: 1; transition: background-color var(--anim-fast) ease, border-color var(--anim-fast) ease, color var(--anim-fast) ease; background-color: transparent; border: 1px solid var(--border-subtle); color: var(--text-muted);"
            >
              <span
                style="display: flex; align-items: center; justify-content: center;"
              >
                <span>
                  ⏵
                </span>
              </span>
            </button>
          </span>
          <div
            class="w-px self-stretch"
            style="background: var(--border-subtle);"
          />
          <div
            class="flex items-center flex-wrap gap-1.5 min-w-0"
          >
            <span
              style="display: inline-block; cursor: inherit;"
            [...
 ❯ Object.getElementError node_modules/@testing-library/dom/dist/config.js:37:19
 ❯ node_modules/@testing-library/dom/dist/query-helpers.js:76:38
 ❯ node_modules/@testing-library/dom/dist/query-helpers.js:109:15
 ❯ src/components/Game/__tests__/GameView-interaction.test.tsx:144:19
    142|     );
    143|     // DoomBar now shows a glyph (◈ for breach) — may appear multiple …
    144|     expect(screen.getAllByText('◈').length).toBeGreaterThan(0);
       |                   ^
    145|   });
    146| 

⎯⎯⎯⎯⎯⎯⎯⎯⎯⎯⎯⎯⎯⎯⎯⎯⎯⎯⎯⎯⎯[62/103]⎯

 FAIL  src/components/Game/__tests__/useAgentInteraction-effects.test.tsx > target_action feedback pipeline > calls playCastSound via useInterventionAudio on target_action click
 FAIL  src/components/Game/__tests__/useAgentInteraction-effects.test.tsx > target_action feedback pipeline > pushes sphere-colored toast to onPushToast on target_action dispatch
 FAIL  src/components/Game/__tests__/useAgentInteraction-effects.test.tsx > target_action feedback pipeline > pushes narrative event to recentEvents with isInterventionBeat=true after dispatch
Error: [vitest] No "getTargetActionSlots" export is defined on the "../../../engine/targetActions" mock. Did you forget to return it from "vi.mock"?
If you need to partially mock a module, you can use "importOriginal" helper inside:

vi.mock(import("../../../engine/targetActions"), async (importOriginal) => {
  const actual = await importOriginal()
  return {
    ...actual,
    // your mocked methods
  }
})

 ❯ src/components/Game/hooks/useAgentInteraction.ts:147:9
    145|     const actorCtx = buildActorTargetContext(selectedAgentId, gameStat…
    146|     const targetSlots = actorCtx
    147|       ? getTargetActionSlots({
       |         ^
    148|           target: actorCtx,
    149|           templates: THREAD_CREATION_TEMPLATES,
 ❯ updateMemo node_modules/react-dom/cjs/react-dom-client.development.js:8795:19
 ❯ Object.useMemo node_modules/react-dom/cjs/react-dom-client.development.js:26484:18
 ❯ process.env.NODE_ENV.exports.useMemo node_modules/react/cjs/react.development.js:1251:34
 ❯ Module.useAgentInteraction src/components/Game/hooks/useAgentInteraction.ts:129:22
 ❯ src/components/Game/__tests__/useAgentInteraction-effects.test.tsx:285:7
 ❯ TestComponent node_modules/@testing-library/react/dist/pure.js:330:27
 ❯ Object.react_stack_bottom_frame node_modules/react-dom/cjs/react-dom-client.development.js:25904:20

⎯⎯⎯⎯⎯⎯⎯⎯⎯⎯⎯⎯⎯⎯⎯⎯⎯⎯⎯⎯⎯[63/103]⎯

 FAIL  src/engine/__tests__/contracts/encounter-liveness.contract.test.ts > Pipeline Liveness: encounter initiation → completion → rewards > at least one encounter completes within 50 ticks on a seeded world
AssertionError: expected 0 to be greater than 0
 ❯ src/engine/__tests__/contracts/encounter-liveness.contract.test.ts:164:34
    162|     // Check that encounters were initiated (upstream health)
    163|     const allEncounters = state.encounterProgress;
    164|     expect(allEncounters.length).toBeGreaterThan(
       |                                  ^
    165|       0,
    166|       `No encounters were initiated in ${LIVENESS_TICK_COUNT} ticks — …

⎯⎯⎯⎯⎯⎯⎯⎯⎯⎯⎯⎯⎯⎯⎯⎯⎯⎯⎯⎯⎯[64/103]⎯

 FAIL  src/engine/__tests__/contracts/encounter-liveness.contract.test.ts > Pipeline Liveness: encounter initiation → completion → rewards > pipeline liveness holds across multiple seeds
AssertionError: expected 0 to be greater than or equal to 3
 ❯ src/engine/__tests__/contracts/encounter-liveness.contract.test.ts:235:34
    233|     // (accounts for edge-case seeds where topology blocks agent movem…
    234|     const seedsWithCompletions = results.filter((r) => r.completed > 0…
    235|     expect(seedsWithCompletions).toBeGreaterThanOrEqual(
       |                                  ^
    236|       3,
    237|       `Only ${seedsWithCompletions}/4 seeds produced completed encount…

⎯⎯⎯⎯⎯⎯⎯⎯⎯⎯⎯⎯⎯⎯⎯⎯⎯⎯⎯⎯⎯[65/103]⎯

 FAIL  src/engine/__tests__/contracts/mutation-observability.contract.test.ts > Mutation Observability — runTick Version Bumps > runTick without runtime still works (backward compatibility)
AssertionError: expected +0 to be 1 // Object.is equality

- Expected
+ Received

- 1
+ 0

 ❯ src/engine/__tests__/contracts/mutation-observability.contract.test.ts:175:23
    173|     // Should not throw — legacy path with module globals
    174|     const next = runTick(state);
    175|     expect(next.tick).toBe(state.tick + 1);
       |                       ^
    176|   });
    177| });

⎯⎯⎯⎯⎯⎯⎯⎯⎯⎯⎯⎯⎯⎯⎯⎯⎯⎯⎯⎯⎯[66/103]⎯

 FAIL  src/engine/__tests__/contracts/rewardPipeline.contract.test.ts > reward pipeline contract > empty pool when no matching templates exist
AssertionError: expected 6 to be +0 // Object.is equality

- Expected
+ Received

- 0
+ 6

 ❯ src/engine/__tests__/contracts/rewardPipeline.contract.test.ts:162:25
    160| 
    161|     const pool = assembleRewardPool(graph, resolved);
    162|     expect(pool.length).toBe(0);
       |                         ^
    163| 
    164|     const drawn = drawFromPool(pool, 0.5);

⎯⎯⎯⎯⎯⎯⎯⎯⎯⎯⎯⎯⎯⎯⎯⎯⎯⎯⎯⎯⎯[67/103]⎯

 FAIL  src/components/HexMapV2/scene/__tests__/AgentSpriteMesh.test.ts > avatar visual treatment > pulse ring visibility tracks portrait tier visibility
AssertionError: expected true to be false // Object.is equality

- Expected
+ Received

- false
+ true

 ❯ src/components/HexMapV2/scene/__tests__/AgentSpriteMesh.test.ts:330:44
    328| 
    329|     updateZoomVisibility(result, 'full-world');
    330|     expect(entry.pulseRingSprite!.visible).toBe(false);
       |                                            ^
    331|   });
    332| 

⎯⎯⎯⎯⎯⎯⎯⎯⎯⎯⎯⎯⎯⎯⎯⎯⎯⎯⎯⎯⎯[68/103]⎯

 FAIL  src/components/Game/chronicle/__tests__/cards.test.tsx > SoulCard > renders name and location
TestingLibraryElementError: Unable to find an element with the text: The Forge. This could be because the text is broken up by multiple elements. In this case, you can provide a function for your text matcher to make your matcher more flexible.

Ignored nodes: comments, script, style
<body>
  <div>
    <div
      aria-label="Soul: Kael"
      role="button"
      style="background: var(--bg-raised); border-width: 1px 1px 1px 3px; border-style: solid; border-color: rgb(176, 176, 176) rgb(176, 176, 176) rgb(176, 176, 176) rgb(255, 0, 0); border-image: none; border-radius: 6px; padding: 8px 12px; cursor: pointer; transition: border-color 0.2s ease; margin: 8px 0px;"
      tabindex="0"
    >
      <div
        style="display: flex; align-items: center; gap: 8px;"
      >
        <span
          style="font-family: var(--font-display); color: var(--text-primary); font-size: 0.9rem; font-weight: 600; text-decoration: underline; text-decoration-color: var(--border-subtle); text-underline-offset: 3px;"
        >
          Kael
        </span>
      </div>
      <p
        style="font-family: var(--font-prose); color: var(--text-secondary); font-size: var(--text-xs); font-style: italic; line-height: 1.6; margin: 3px 0px 0px;"
      >
        test
      </p>
      <div
        style="font-size: var(--text-xs); color: var(--text-tertiary); margin-top: 3px;"
      >
        In The Forge
      </div>
    </div>
  </div>
</body>
 ❯ Object.getElementError node_modules/@testing-library/dom/dist/config.js:37:19
 ❯ node_modules/@testing-library/dom/dist/query-helpers.js:76:38
 ❯ node_modules/@testing-library/dom/dist/query-helpers.js:52:17
 ❯ node_modules/@testing-library/dom/dist/query-helpers.js:95:19
 ❯ src/components/Game/chronicle/__tests__/cards.test.tsx:184:19
    182|     );
    183|     expect(screen.getByText('Kael')).toBeTruthy();
    184|     expect(screen.getByText('The Forge')).toBeTruthy();
       |                   ^
    185|   });
    186| 

⎯⎯⎯⎯⎯⎯⎯⎯⎯⎯⎯⎯⎯⎯⎯⎯⎯⎯⎯⎯⎯[69/103]⎯


[2m Test Files [22m [1m[31m37 failed[39m[22m[2m | [22m[1m[32m555 passed[39m[22m[2m | [22m[33m4 skipped[39m[90m (596)[39m
[2m      Tests [22m [1m[31m103 failed[39m[22m[2m | [22m[1m[32m8862 passed[39m[22m[2m | [22m[33m5 skipped[39m[2m | [22m[90m25 todo[39m[90m (8995)[39m
[2m   Start at [22m 21:18:21
[2m   Duration [22m 154.16s[2m (transform 112.56s, setup 60.62s, import 184.31s, tests 255.70s, environment 68.79s)[22m

