
> app@0.0.0 test
> vitest run

